开始执行.......
0.186: [GC pause (G1 Evacuation Pause) (young), 0.0062316 secs]
   [Parallel Time: 4.9 ms, GC Workers: 18]
      [GC Worker Start (ms): Min: 186.1, Avg: 187.3, Max: 190.0, Diff: 3.9]
      [Ext Root Scanning (ms): Min: 0.0, Avg: 0.2, Max: 0.5, Diff: 0.5, Sum: 3.5]
      [Update RS (ms): Min: 0.0, Avg: 0.0, Max: 0.0, Diff: 0.0, Sum: 0.0]
         [Processed Buffers: Min: 0, Avg: 0.0, Max: 0, Diff: 0, Sum: 0]
      [Scan RS (ms): Min: 0.0, Avg: 0.0, Max: 0.0, Diff: 0.0, Sum: 0.2]
      [Code Root Scanning (ms): Min: 0.0, Avg: 0.0, Max: 0.1, Diff: 0.1, Sum: 0.1]
      [Object Copy (ms): Min: 0.0, Avg: 2.7, Max: 4.0, Diff: 4.0, Sum: 48.0]
      [Termination (ms): Min: 0.0, Avg: 0.4, Max: 0.6, Diff: 0.6, Sum: 7.2]
         [Termination Attempts: Min: 1, Avg: 1.0, Max: 1, Diff: 0, Sum: 18]
      [GC Worker Other (ms): Min: 0.0, Avg: 0.0, Max: 0.0, Diff: 0.0, Sum: 0.5]
      [GC Worker Total (ms): Min: 0.7, Avg: 3.3, Max: 4.6, Diff: 3.9, Sum: 59.5]
      [GC Worker End (ms): Min: 190.6, Avg: 190.7, Max: 190.7, Diff: 0.0]
   [Code Root Fixup: 0.0 ms]
   [Code Root Purge: 0.0 ms]
   [Clear CT: 0.2 ms]
   [Other: 1.1 ms]
      [Choose CSet: 0.0 ms]
      [Ref Proc: 0.4 ms]
      [Ref Enq: 0.0 ms]
      [Redirty Cards: 0.2 ms]
      [Humongous Register: 0.1 ms]
      [Humongous Reclaim: 0.0 ms]
      [Free CSet: 0.1 ms]
   [Eden: 51.0M(51.0M)->0.0B(44.0M) Survivors: 0.0B->7168.0K Heap: 65.9M(1024.0M)->25.5M(1024.0M)]
 [Times: user=0.03 sys=0.03, real=0.01 secs] 
0.215: [GC pause (G1 Evacuation Pause) (young), 0.0075522 secs]
   [Parallel Time: 6.4 ms, GC Workers: 18]
      [GC Worker Start (ms): Min: 215.0, Avg: 215.3, Max: 215.5, Diff: 0.4]
      [Ext Root Scanning (ms): Min: 0.0, Avg: 0.2, Max: 0.4, Diff: 0.4, Sum: 2.8]
      [Update RS (ms): Min: 0.4, Avg: 0.5, Max: 0.7, Diff: 0.2, Sum: 9.6]
         [Processed Buffers: Min: 1, Avg: 1.7, Max: 2, Diff: 1, Sum: 31]
      [Scan RS (ms): Min: 0.0, Avg: 0.0, Max: 0.0, Diff: 0.0, Sum: 0.1]
      [Code Root Scanning (ms): Min: 0.0, Avg: 0.0, Max: 0.0, Diff: 0.0, Sum: 0.0]
      [Object Copy (ms): Min: 4.6, Avg: 4.9, Max: 5.3, Diff: 0.8, Sum: 88.2]
      [Termination (ms): Min: 0.0, Avg: 0.4, Max: 0.6, Diff: 0.6, Sum: 6.7]
         [Termination Attempts: Min: 1, Avg: 1.0, Max: 1, Diff: 0, Sum: 18]
      [GC Worker Other (ms): Min: 0.0, Avg: 0.0, Max: 0.0, Diff: 0.0, Sum: 0.2]
      [GC Worker Total (ms): Min: 5.8, Avg: 6.0, Max: 6.2, Diff: 0.4, Sum: 107.6]
      [GC Worker End (ms): Min: 221.2, Avg: 221.3, Max: 221.3, Diff: 0.0]
   [Code Root Fixup: 0.0 ms]
   [Code Root Purge: 0.0 ms]
   [Clear CT: 0.3 ms]
   [Other: 0.9 ms]
      [Choose CSet: 0.0 ms]
      [Ref Proc: 0.2 ms]
      [Ref Enq: 0.0 ms]
      [Redirty Cards: 0.3 ms]
      [Humongous Register: 0.0 ms]
      [Humongous Reclaim: 0.0 ms]
      [Free CSet: 0.1 ms]
   [Eden: 44.0M(44.0M)->0.0B(44.0M) Survivors: 7168.0K->7168.0K Heap: 84.1M(1024.0M)->49.4M(1024.0M)]
 [Times: user=0.06 sys=0.04, real=0.01 secs] 
0.244: [GC pause (G1 Evacuation Pause) (young), 0.0064770 secs]
   [Parallel Time: 5.2 ms, GC Workers: 18]
      [GC Worker Start (ms): Min: 243.9, Avg: 244.2, Max: 244.4, Diff: 0.5]
      [Ext Root Scanning (ms): Min: 0.0, Avg: 0.1, Max: 0.3, Diff: 0.3, Sum: 1.5]
      [Update RS (ms): Min: 0.3, Avg: 0.5, Max: 0.7, Diff: 0.4, Sum: 8.2]
         [Processed Buffers: Min: 1, Avg: 1.5, Max: 2, Diff: 1, Sum: 27]
      [Scan RS (ms): Min: 0.0, Avg: 0.0, Max: 0.0, Diff: 0.0, Sum: 0.2]
      [Code Root Scanning (ms): Min: 0.0, Avg: 0.0, Max: 0.0, Diff: 0.0, Sum: 0.0]
      [Object Copy (ms): Min: 3.4, Avg: 3.7, Max: 4.2, Diff: 0.7, Sum: 67.3]
      [Termination (ms): Min: 0.0, Avg: 0.3, Max: 0.6, Diff: 0.6, Sum: 5.4]
         [Termination Attempts: Min: 1, Avg: 1.0, Max: 1, Diff: 0, Sum: 18]
      [GC Worker Other (ms): Min: 0.0, Avg: 0.0, Max: 0.0, Diff: 0.0, Sum: 0.3]
      [GC Worker Total (ms): Min: 4.4, Avg: 4.6, Max: 4.9, Diff: 0.5, Sum: 82.9]
      [GC Worker End (ms): Min: 248.8, Avg: 248.8, Max: 248.8, Diff: 0.0]
   [Code Root Fixup: 0.0 ms]
   [Code Root Purge: 0.0 ms]
   [Clear CT: 0.3 ms]
   [Other: 1.0 ms]
      [Choose CSet: 0.0 ms]
      [Ref Proc: 0.3 ms]
      [Ref Enq: 0.0 ms]
      [Redirty Cards: 0.3 ms]
      [Humongous Register: 0.1 ms]
      [Humongous Reclaim: 0.0 ms]
      [Free CSet: 0.1 ms]
   [Eden: 44.0M(44.0M)->0.0B(59.0M) Survivors: 7168.0K->7168.0K Heap: 108.0M(1024.0M)->69.2M(1024.0M)]
 [Times: user=0.05 sys=0.03, real=0.01 secs] 
0.285: [GC pause (G1 Evacuation Pause) (young), 0.0062720 secs]
   [Parallel Time: 5.1 ms, GC Workers: 18]
      [GC Worker Start (ms): Min: 284.9, Avg: 285.1, Max: 285.3, Diff: 0.5]
      [Ext Root Scanning (ms): Min: 0.0, Avg: 0.1, Max: 0.4, Diff: 0.4, Sum: 2.3]
      [Update RS (ms): Min: 0.3, Avg: 0.5, Max: 0.7, Diff: 0.4, Sum: 9.4]
         [Processed Buffers: Min: 1, Avg: 1.6, Max: 3, Diff: 2, Sum: 29]
      [Scan RS (ms): Min: 0.0, Avg: 0.0, Max: 0.0, Diff: 0.0, Sum: 0.3]
      [Code Root Scanning (ms): Min: 0.0, Avg: 0.0, Max: 0.0, Diff: 0.0, Sum: 0.0]
      [Object Copy (ms): Min: 3.3, Avg: 3.6, Max: 4.0, Diff: 0.7, Sum: 64.8]
      [Termination (ms): Min: 0.0, Avg: 0.3, Max: 0.4, Diff: 0.4, Sum: 4.7]
         [Termination Attempts: Min: 1, Avg: 1.0, Max: 1, Diff: 0, Sum: 18]
      [GC Worker Other (ms): Min: 0.0, Avg: 0.0, Max: 0.0, Diff: 0.0, Sum: 0.3]
      [GC Worker Total (ms): Min: 4.4, Avg: 4.5, Max: 4.8, Diff: 0.4, Sum: 81.7]
      [GC Worker End (ms): Min: 289.7, Avg: 289.7, Max: 289.7, Diff: 0.0]
   [Code Root Fixup: 0.0 ms]
   [Code Root Purge: 0.0 ms]
   [Clear CT: 0.3 ms]
   [Other: 0.9 ms]
      [Choose CSet: 0.0 ms]
      [Ref Proc: 0.3 ms]
      [Ref Enq: 0.0 ms]
      [Redirty Cards: 0.2 ms]
      [Humongous Register: 0.1 ms]
      [Humongous Reclaim: 0.0 ms]
      [Free CSet: 0.1 ms]
   [Eden: 59.0M(59.0M)->0.0B(99.0M) Survivors: 7168.0K->9216.0K Heap: 148.5M(1024.0M)->98.0M(1024.0M)]
 [Times: user=0.04 sys=0.04, real=0.01 secs] 
0.342: [GC pause (G1 Evacuation Pause) (young), 0.0091328 secs]
   [Parallel Time: 7.7 ms, GC Workers: 18]
      [GC Worker Start (ms): Min: 342.3, Avg: 342.6, Max: 342.8, Diff: 0.5]
      [Ext Root Scanning (ms): Min: 0.0, Avg: 0.1, Max: 0.3, Diff: 0.3, Sum: 1.8]
      [Update RS (ms): Min: 0.3, Avg: 0.4, Max: 0.6, Diff: 0.4, Sum: 7.6]
         [Processed Buffers: Min: 1, Avg: 1.4, Max: 3, Diff: 2, Sum: 25]
      [Scan RS (ms): Min: 0.0, Avg: 0.0, Max: 0.1, Diff: 0.1, Sum: 0.3]
      [Code Root Scanning (ms): Min: 0.0, Avg: 0.0, Max: 0.0, Diff: 0.0, Sum: 0.0]
      [Object Copy (ms): Min: 6.0, Avg: 6.3, Max: 6.6, Diff: 0.6, Sum: 112.9]
      [Termination (ms): Min: 0.0, Avg: 0.2, Max: 0.4, Diff: 0.4, Sum: 4.3]
         [Termination Attempts: Min: 1, Avg: 1.0, Max: 1, Diff: 0, Sum: 18]
      [GC Worker Other (ms): Min: 0.0, Avg: 0.0, Max: 0.1, Diff: 0.0, Sum: 0.4]
      [GC Worker Total (ms): Min: 6.9, Avg: 7.1, Max: 7.4, Diff: 0.5, Sum: 127.3]
      [GC Worker End (ms): Min: 349.7, Avg: 349.7, Max: 349.7, Diff: 0.0]
   [Code Root Fixup: 0.0 ms]
   [Code Root Purge: 0.0 ms]
   [Clear CT: 0.2 ms]
   [Other: 1.3 ms]
      [Choose CSet: 0.0 ms]
      [Ref Proc: 0.3 ms]
      [Ref Enq: 0.0 ms]
      [Redirty Cards: 0.3 ms]
      [Humongous Register: 0.1 ms]
      [Humongous Reclaim: 0.1 ms]
      [Free CSet: 0.1 ms]
   [Eden: 99.0M(99.0M)->0.0B(101.0M) Survivors: 9216.0K->14.0M Heap: 214.9M(1024.0M)->135.8M(1024.0M)]
 [Times: user=0.05 sys=0.08, real=0.01 secs] 
0.404: [GC pause (G1 Evacuation Pause) (young), 0.0104101 secs]
   [Parallel Time: 8.9 ms, GC Workers: 18]
      [GC Worker Start (ms): Min: 404.2, Avg: 404.5, Max: 404.7, Diff: 0.5]
      [Ext Root Scanning (ms): Min: 0.0, Avg: 0.1, Max: 0.4, Diff: 0.4, Sum: 2.4]
      [Update RS (ms): Min: 0.5, Avg: 0.6, Max: 0.7, Diff: 0.1, Sum: 11.2]
         [Processed Buffers: Min: 1, Avg: 2.1, Max: 3, Diff: 2, Sum: 37]
      [Scan RS (ms): Min: 0.0, Avg: 0.0, Max: 0.1, Diff: 0.0, Sum: 0.2]
      [Code Root Scanning (ms): Min: 0.0, Avg: 0.0, Max: 0.0, Diff: 0.0, Sum: 0.0]
      [Object Copy (ms): Min: 7.2, Avg: 7.4, Max: 7.6, Diff: 0.5, Sum: 133.1]
      [Termination (ms): Min: 0.0, Avg: 0.3, Max: 0.5, Diff: 0.5, Sum: 4.6]
         [Termination Attempts: Min: 1, Avg: 1.1, Max: 2, Diff: 1, Sum: 19]
      [GC Worker Other (ms): Min: 0.0, Avg: 0.0, Max: 0.0, Diff: 0.0, Sum: 0.3]
      [GC Worker Total (ms): Min: 8.2, Avg: 8.4, Max: 8.7, Diff: 0.5, Sum: 152.0]
      [GC Worker End (ms): Min: 412.9, Avg: 412.9, Max: 412.9, Diff: 0.0]
   [Code Root Fixup: 0.0 ms]
   [Code Root Purge: 0.0 ms]
   [Clear CT: 0.2 ms]
   [Other: 1.3 ms]
      [Choose CSet: 0.0 ms]
      [Ref Proc: 0.3 ms]
      [Ref Enq: 0.0 ms]
      [Redirty Cards: 0.3 ms]
      [Humongous Register: 0.2 ms]
      [Humongous Reclaim: 0.1 ms]
      [Free CSet: 0.1 ms]
   [Eden: 101.0M(101.0M)->0.0B(344.0M) Survivors: 14.0M->15.0M Heap: 269.2M(1024.0M)->173.6M(1024.0M)]
 [Times: user=0.09 sys=0.06, real=0.01 secs] 
0.651: [GC pause (G1 Evacuation Pause) (young), 0.0205398 secs]
   [Parallel Time: 18.5 ms, GC Workers: 18]
      [GC Worker Start (ms): Min: 651.0, Avg: 651.2, Max: 651.4, Diff: 0.4]
      [Ext Root Scanning (ms): Min: 0.0, Avg: 0.2, Max: 0.4, Diff: 0.4, Sum: 3.0]
      [Update RS (ms): Min: 0.6, Avg: 0.8, Max: 0.9, Diff: 0.3, Sum: 14.5]
         [Processed Buffers: Min: 1, Avg: 2.2, Max: 3, Diff: 2, Sum: 40]
      [Scan RS (ms): Min: 0.0, Avg: 0.1, Max: 0.2, Diff: 0.2, Sum: 1.0]
      [Code Root Scanning (ms): Min: 0.0, Avg: 0.0, Max: 0.0, Diff: 0.0, Sum: 0.0]
      [Object Copy (ms): Min: 16.5, Avg: 16.8, Max: 17.1, Diff: 0.6, Sum: 301.5]
      [Termination (ms): Min: 0.0, Avg: 0.3, Max: 0.5, Diff: 0.5, Sum: 4.7]
         [Termination Attempts: Min: 1, Avg: 1.1, Max: 2, Diff: 1, Sum: 19]
      [GC Worker Other (ms): Min: 0.0, Avg: 0.0, Max: 0.1, Diff: 0.1, Sum: 0.6]
      [GC Worker Total (ms): Min: 17.9, Avg: 18.1, Max: 18.3, Diff: 0.4, Sum: 325.5]
      [GC Worker End (ms): Min: 669.3, Avg: 669.3, Max: 669.3, Diff: 0.1]
   [Code Root Fixup: 0.0 ms]
   [Code Root Purge: 0.0 ms]
   [Clear CT: 0.4 ms]
   [Other: 1.6 ms]
      [Choose CSet: 0.0 ms]
      [Ref Proc: 0.3 ms]
      [Ref Enq: 0.0 ms]
      [Redirty Cards: 0.2 ms]
      [Humongous Register: 0.2 ms]
      [Humongous Reclaim: 0.2 ms]
      [Free CSet: 0.4 ms]
   [Eden: 344.0M(344.0M)->0.0B(114.0M) Survivors: 15.0M->45.0M Heap: 608.6M(1024.0M)->281.5M(1024.0M)]
 [Times: user=0.14 sys=0.19, real=0.02 secs] 
0.722: [GC pause (G1 Evacuation Pause) (young), 0.0197273 secs]
   [Parallel Time: 18.2 ms, GC Workers: 18]
      [GC Worker Start (ms): Min: 722.3, Avg: 722.6, Max: 722.8, Diff: 0.4]
      [Ext Root Scanning (ms): Min: 0.0, Avg: 0.2, Max: 0.3, Diff: 0.3, Sum: 2.8]
      [Update RS (ms): Min: 0.4, Avg: 0.6, Max: 0.8, Diff: 0.4, Sum: 10.2]
         [Processed Buffers: Min: 0, Avg: 1.7, Max: 3, Diff: 3, Sum: 30]
      [Scan RS (ms): Min: 0.0, Avg: 0.0, Max: 0.1, Diff: 0.1, Sum: 0.6]
      [Code Root Scanning (ms): Min: 0.0, Avg: 0.0, Max: 0.0, Diff: 0.0, Sum: 0.0]
      [Object Copy (ms): Min: 16.4, Avg: 16.7, Max: 17.1, Diff: 0.6, Sum: 300.9]
      [Termination (ms): Min: 0.0, Avg: 0.2, Max: 0.4, Diff: 0.4, Sum: 3.8]
         [Termination Attempts: Min: 1, Avg: 1.2, Max: 2, Diff: 1, Sum: 22]
      [GC Worker Other (ms): Min: 0.0, Avg: 0.0, Max: 0.1, Diff: 0.0, Sum: 0.5]
      [GC Worker Total (ms): Min: 17.5, Avg: 17.7, Max: 17.9, Diff: 0.4, Sum: 318.9]
      [GC Worker End (ms): Min: 740.3, Avg: 740.3, Max: 740.3, Diff: 0.0]
   [Code Root Fixup: 0.0 ms]
   [Code Root Purge: 0.0 ms]
   [Clear CT: 0.2 ms]
   [Other: 1.3 ms]
      [Choose CSet: 0.0 ms]
      [Ref Proc: 0.3 ms]
      [Ref Enq: 0.0 ms]
      [Redirty Cards: 0.3 ms]
      [Humongous Register: 0.2 ms]
      [Humongous Reclaim: 0.1 ms]
      [Free CSet: 0.2 ms]
   [Eden: 114.0M(114.0M)->0.0B(285.0M) Survivors: 45.0M->20.0M Heap: 427.7M(1024.0M)->313.9M(1024.0M)]
 [Times: user=0.25 sys=0.07, real=0.02 secs] 
0.880: [GC pause (G1 Evacuation Pause) (young), 0.0273408 secs]
   [Parallel Time: 25.4 ms, GC Workers: 18]
      [GC Worker Start (ms): Min: 879.9, Avg: 880.1, Max: 880.3, Diff: 0.5]
      [Ext Root Scanning (ms): Min: 0.0, Avg: 0.1, Max: 0.4, Diff: 0.4, Sum: 2.2]
      [Update RS (ms): Min: 0.5, Avg: 0.7, Max: 0.8, Diff: 0.3, Sum: 12.7]
         [Processed Buffers: Min: 0, Avg: 2.1, Max: 3, Diff: 3, Sum: 37]
      [Scan RS (ms): Min: 0.0, Avg: 0.1, Max: 0.2, Diff: 0.2, Sum: 1.2]
      [Code Root Scanning (ms): Min: 0.0, Avg: 0.0, Max: 0.0, Diff: 0.0, Sum: 0.0]
      [Object Copy (ms): Min: 22.8, Avg: 23.3, Max: 24.0, Diff: 1.2, Sum: 419.9]
      [Termination (ms): Min: 0.0, Avg: 0.7, Max: 1.3, Diff: 1.3, Sum: 12.1]
         [Termination Attempts: Min: 1, Avg: 1.8, Max: 3, Diff: 2, Sum: 33]
      [GC Worker Other (ms): Min: 0.0, Avg: 0.0, Max: 0.1, Diff: 0.1, Sum: 0.7]
      [GC Worker Total (ms): Min: 24.7, Avg: 24.9, Max: 25.2, Diff: 0.5, Sum: 448.9]
      [GC Worker End (ms): Min: 905.0, Avg: 905.1, Max: 905.1, Diff: 0.1]
   [Code Root Fixup: 0.0 ms]
   [Code Root Purge: 0.0 ms]
   [Clear CT: 0.3 ms]
   [Other: 1.6 ms]
      [Choose CSet: 0.0 ms]
      [Ref Proc: 0.3 ms]
      [Ref Enq: 0.0 ms]
      [Redirty Cards: 0.3 ms]
      [Humongous Register: 0.2 ms]
      [Humongous Reclaim: 0.3 ms]
      [Free CSet: 0.4 ms]
   [Eden: 285.0M(285.0M)->0.0B(255.0M) Survivors: 20.0M->39.0M Heap: 675.0M(1024.0M)->391.5M(1024.0M)]
 [Times: user=0.32 sys=0.12, real=0.03 secs] 
0.967: [GC pause (G1 Humongous Allocation) (young) (initial-mark), 0.0291811 secs]
   [Parallel Time: 27.4 ms, GC Workers: 18]
      [GC Worker Start (ms): Min: 967.4, Avg: 967.7, Max: 968.0, Diff: 0.6]
      [Ext Root Scanning (ms): Min: 0.0, Avg: 0.3, Max: 0.6, Diff: 0.6, Sum: 5.8]
      [Update RS (ms): Min: 0.7, Avg: 0.8, Max: 1.0, Diff: 0.3, Sum: 14.8]
         [Processed Buffers: Min: 1, Avg: 2.4, Max: 3, Diff: 2, Sum: 44]
      [Scan RS (ms): Min: 0.0, Avg: 0.0, Max: 0.1, Diff: 0.1, Sum: 0.9]
      [Code Root Scanning (ms): Min: 0.0, Avg: 0.0, Max: 0.0, Diff: 0.0, Sum: 0.0]
      [Object Copy (ms): Min: 25.1, Avg: 25.4, Max: 25.7, Diff: 0.6, Sum: 457.3]
      [Termination (ms): Min: 0.0, Avg: 0.2, Max: 0.5, Diff: 0.5, Sum: 4.3]
         [Termination Attempts: Min: 1, Avg: 1.0, Max: 1, Diff: 0, Sum: 18]
      [GC Worker Other (ms): Min: 0.0, Avg: 0.0, Max: 0.1, Diff: 0.0, Sum: 0.5]
      [GC Worker Total (ms): Min: 26.6, Avg: 26.9, Max: 27.2, Diff: 0.6, Sum: 483.5]
      [GC Worker End (ms): Min: 994.6, Avg: 994.6, Max: 994.6, Diff: 0.0]
   [Code Root Fixup: 0.0 ms]
   [Code Root Purge: 0.0 ms]
   [Clear CT: 0.2 ms]
   [Other: 1.5 ms]
      [Choose CSet: 0.0 ms]
      [Ref Proc: 0.3 ms]
      [Ref Enq: 0.0 ms]
      [Redirty Cards: 0.2 ms]
      [Humongous Register: 0.2 ms]
      [Humongous Reclaim: 0.2 ms]
      [Free CSet: 0.2 ms]
   [Eden: 151.0M(255.0M)->0.0B(336.0M) Survivors: 39.0M->37.0M Heap: 579.1M(1024.0M)->437.4M(1024.0M)]
 [Times: user=0.39 sys=0.08, real=0.03 secs] 
0.996: [GC concurrent-root-region-scan-start]
0.997: [GC concurrent-root-region-scan-end, 0.0002863 secs]
0.997: [GC concurrent-mark-start]
1.003: [GC concurrent-mark-end, 0.0065032 secs]
1.003: [GC remark 1.003: [Finalize Marking, 0.0004966 secs] 1.004: [GC ref-proc, 0.0004177 secs] 1.004: [Unloading, 0.0011982 secs], 0.0031729 secs]
 [Times: user=0.03 sys=0.00, real=0.00 secs] 
1.007: [GC cleanup 458M->440M(1024M), 0.0020431 secs]
 [Times: user=0.02 sys=0.00, real=0.00 secs] 
1.009: [GC concurrent-cleanup-start]
1.009: [GC concurrent-cleanup-end, 0.0000581 secs]
1.152: [GC pause (G1 Evacuation Pause) (young) (to-space exhausted), 0.0217915 secs]
   [Parallel Time: 18.4 ms, GC Workers: 18]
      [GC Worker Start (ms): Min: 1152.5, Avg: 1152.8, Max: 1153.0, Diff: 0.5]
      [Ext Root Scanning (ms): Min: 0.0, Avg: 0.1, Max: 0.4, Diff: 0.4, Sum: 2.1]
      [Update RS (ms): Min: 0.9, Avg: 1.1, Max: 1.2, Diff: 0.3, Sum: 20.2]
         [Processed Buffers: Min: 1, Avg: 3.1, Max: 4, Diff: 3, Sum: 55]
      [Scan RS (ms): Min: 0.0, Avg: 0.1, Max: 0.2, Diff: 0.2, Sum: 1.2]
      [Code Root Scanning (ms): Min: 0.0, Avg: 0.0, Max: 0.0, Diff: 0.0, Sum: 0.0]
      [Object Copy (ms): Min: 16.4, Avg: 16.5, Max: 16.6, Diff: 0.2, Sum: 297.1]
      [Termination (ms): Min: 0.0, Avg: 0.1, Max: 0.1, Diff: 0.1, Sum: 1.7]
         [Termination Attempts: Min: 1, Avg: 1.3, Max: 2, Diff: 1, Sum: 24]
      [GC Worker Other (ms): Min: 0.0, Avg: 0.0, Max: 0.1, Diff: 0.0, Sum: 0.5]
      [GC Worker Total (ms): Min: 17.7, Avg: 17.9, Max: 18.2, Diff: 0.5, Sum: 322.7]
      [GC Worker End (ms): Min: 1170.7, Avg: 1170.7, Max: 1170.7, Diff: 0.1]
   [Code Root Fixup: 0.0 ms]
   [Code Root Purge: 0.0 ms]
   [Clear CT: 0.4 ms]
   [Other: 3.0 ms]
      [Evacuation Failure: 1.4 ms]
      [Choose CSet: 0.0 ms]
      [Ref Proc: 0.3 ms]
      [Ref Enq: 0.0 ms]
      [Redirty Cards: 0.3 ms]
      [Humongous Register: 0.2 ms]
      [Humongous Reclaim: 0.3 ms]
      [Free CSet: 0.4 ms]
   [Eden: 336.0M(336.0M)->0.0B(4096.0K) Survivors: 37.0M->47.0M Heap: 834.1M(1024.0M)->602.8M(1024.0M)]
 [Times: user=0.24 sys=0.11, real=0.02 secs] 
1.176: [GC pause (G1 Evacuation Pause) (mixed), 0.0193004 secs]
   [Parallel Time: 17.9 ms, GC Workers: 18]
      [GC Worker Start (ms): Min: 1176.0, Avg: 1176.3, Max: 1176.4, Diff: 0.4]
      [Ext Root Scanning (ms): Min: 0.0, Avg: 0.1, Max: 0.4, Diff: 0.4, Sum: 2.4]
      [Update RS (ms): Min: 0.4, Avg: 0.4, Max: 0.5, Diff: 0.1, Sum: 8.1]
         [Processed Buffers: Min: 1, Avg: 2.2, Max: 4, Diff: 3, Sum: 40]
      [Scan RS (ms): Min: 0.0, Avg: 0.0, Max: 0.1, Diff: 0.1, Sum: 0.8]
      [Code Root Scanning (ms): Min: 0.0, Avg: 0.0, Max: 0.0, Diff: 0.0, Sum: 0.0]
      [Object Copy (ms): Min: 16.2, Avg: 16.5, Max: 16.8, Diff: 0.6, Sum: 297.3]
      [Termination (ms): Min: 0.0, Avg: 0.3, Max: 0.6, Diff: 0.6, Sum: 5.6]
         [Termination Attempts: Min: 1, Avg: 1.0, Max: 1, Diff: 0, Sum: 18]
      [GC Worker Other (ms): Min: 0.0, Avg: 0.0, Max: 0.1, Diff: 0.0, Sum: 0.4]
      [GC Worker Total (ms): Min: 17.3, Avg: 17.5, Max: 17.7, Diff: 0.4, Sum: 314.7]
      [GC Worker End (ms): Min: 1193.7, Avg: 1193.8, Max: 1193.8, Diff: 0.0]
   [Code Root Fixup: 0.0 ms]
   [Code Root Purge: 0.0 ms]
   [Clear CT: 0.2 ms]
   [Other: 1.1 ms]
      [Choose CSet: 0.1 ms]
      [Ref Proc: 0.3 ms]
      [Ref Enq: 0.0 ms]
      [Redirty Cards: 0.2 ms]
      [Humongous Register: 0.1 ms]
      [Humongous Reclaim: 0.0 ms]
      [Free CSet: 0.3 ms]
   [Eden: 4096.0K(4096.0K)->0.0B(260.0M) Survivors: 47.0M->2048.0K Heap: 609.3M(1024.0M)->532.1M(1024.0M)]
 [Times: user=0.25 sys=0.06, real=0.02 secs] 
1.196: [GC pause (G1 Humongous Allocation) (young) (initial-mark), 0.0023070 secs]
   [Parallel Time: 1.2 ms, GC Workers: 18]
      [GC Worker Start (ms): Min: 1196.5, Avg: 1196.7, Max: 1196.8, Diff: 0.2]
      [Ext Root Scanning (ms): Min: 0.1, Avg: 0.2, Max: 0.3, Diff: 0.2, Sum: 3.7]
      [Update RS (ms): Min: 0.1, Avg: 0.3, Max: 0.7, Diff: 0.6, Sum: 4.8]
         [Processed Buffers: Min: 0, Avg: 1.1, Max: 2, Diff: 2, Sum: 20]
      [Scan RS (ms): Min: 0.0, Avg: 0.0, Max: 0.0, Diff: 0.0, Sum: 0.1]
      [Code Root Scanning (ms): Min: 0.0, Avg: 0.0, Max: 0.0, Diff: 0.0, Sum: 0.0]
      [Object Copy (ms): Min: 0.0, Avg: 0.2, Max: 0.6, Diff: 0.6, Sum: 3.3]
      [Termination (ms): Min: 0.0, Avg: 0.2, Max: 0.5, Diff: 0.5, Sum: 4.5]
         [Termination Attempts: Min: 1, Avg: 1.4, Max: 3, Diff: 2, Sum: 26]
      [GC Worker Other (ms): Min: 0.0, Avg: 0.0, Max: 0.0, Diff: 0.0, Sum: 0.2]
      [GC Worker Total (ms): Min: 0.8, Avg: 0.9, Max: 1.1, Diff: 0.2, Sum: 16.6]
      [GC Worker End (ms): Min: 1197.6, Avg: 1197.6, Max: 1197.6, Diff: 0.0]
   [Code Root Fixup: 0.0 ms]
   [Code Root Purge: 0.0 ms]
   [Clear CT: 0.2 ms]
   [Other: 0.9 ms]
      [Choose CSet: 0.0 ms]
      [Ref Proc: 0.3 ms]
      [Ref Enq: 0.0 ms]
      [Redirty Cards: 0.2 ms]
      [Humongous Register: 0.1 ms]
      [Humongous Reclaim: 0.0 ms]
      [Free CSet: 0.0 ms]
   [Eden: 3072.0K(260.0M)->0.0B(266.0M) Survivors: 2048.0K->2048.0K Heap: 534.8M(1024.0M)->531.8M(1024.0M)]
 [Times: user=0.02 sys=0.00, real=0.00 secs] 
1.199: [GC concurrent-root-region-scan-start]
1.199: [GC concurrent-root-region-scan-end, 0.0001402 secs]
1.199: [GC concurrent-mark-start]
1.201: [GC concurrent-mark-end, 0.0018696 secs]
1.201: [GC remark 1.201: [Finalize Marking, 0.0003033 secs] 1.201: [GC ref-proc, 0.0004081 secs] 1.202: [Unloading, 0.0008672 secs], 0.0026037 secs]
 [Times: user=0.03 sys=0.00, real=0.00 secs] 
1.204: [GC cleanup 540M->536M(1024M), 0.0016789 secs]
 [Times: user=0.01 sys=0.00, real=0.00 secs] 
1.205: [GC concurrent-cleanup-start]
1.205: [GC concurrent-cleanup-end, 0.0000277 secs]
1.349: [GC pause (G1 Evacuation Pause) (young), 0.0223303 secs]
   [Parallel Time: 20.4 ms, GC Workers: 18]
      [GC Worker Start (ms): Min: 1349.3, Avg: 1349.5, Max: 1349.8, Diff: 0.5]
      [Ext Root Scanning (ms): Min: 0.0, Avg: 0.1, Max: 0.4, Diff: 0.3, Sum: 2.0]
      [Update RS (ms): Min: 0.7, Avg: 1.0, Max: 1.1, Diff: 0.3, Sum: 17.6]
         [Processed Buffers: Min: 1, Avg: 2.9, Max: 4, Diff: 3, Sum: 53]
      [Scan RS (ms): Min: 0.0, Avg: 0.1, Max: 0.1, Diff: 0.1, Sum: 0.9]
      [Code Root Scanning (ms): Min: 0.0, Avg: 0.0, Max: 0.0, Diff: 0.0, Sum: 0.0]
      [Object Copy (ms): Min: 18.1, Avg: 18.3, Max: 18.7, Diff: 0.6, Sum: 329.8]
      [Termination (ms): Min: 0.0, Avg: 0.3, Max: 0.6, Diff: 0.6, Sum: 5.6]
         [Termination Attempts: Min: 1, Avg: 1.0, Max: 1, Diff: 0, Sum: 18]
      [GC Worker Other (ms): Min: 0.0, Avg: 0.0, Max: 0.1, Diff: 0.1, Sum: 0.7]
      [GC Worker Total (ms): Min: 19.6, Avg: 19.8, Max: 20.1, Diff: 0.5, Sum: 356.7]
      [GC Worker End (ms): Min: 1369.3, Avg: 1369.4, Max: 1369.4, Diff: 0.1]
   [Code Root Fixup: 0.0 ms]
   [Code Root Purge: 0.0 ms]
   [Clear CT: 0.3 ms]
   [Other: 1.7 ms]
      [Choose CSet: 0.0 ms]
      [Ref Proc: 0.3 ms]
      [Ref Enq: 0.0 ms]
      [Redirty Cards: 0.3 ms]
      [Humongous Register: 0.3 ms]
      [Humongous Reclaim: 0.3 ms]
      [Free CSet: 0.4 ms]
   [Eden: 266.0M(266.0M)->0.0B(17.0M) Survivors: 2048.0K->34.0M Heap: 855.9M(1024.0M)->607.1M(1024.0M)]
 [Times: user=0.27 sys=0.08, real=0.03 secs] 
1.382: [GC pause (G1 Evacuation Pause) (mixed), 0.0182473 secs]
   [Parallel Time: 16.6 ms, GC Workers: 18]
      [GC Worker Start (ms): Min: 1382.3, Avg: 1382.6, Max: 1382.8, Diff: 0.5]
      [Ext Root Scanning (ms): Min: 0.0, Avg: 0.1, Max: 0.4, Diff: 0.4, Sum: 2.5]
      [Update RS (ms): Min: 0.7, Avg: 0.9, Max: 1.0, Diff: 0.3, Sum: 15.9]
         [Processed Buffers: Min: 0, Avg: 2.7, Max: 4, Diff: 4, Sum: 48]
      [Scan RS (ms): Min: 0.0, Avg: 0.1, Max: 0.2, Diff: 0.2, Sum: 1.0]
      [Code Root Scanning (ms): Min: 0.0, Avg: 0.0, Max: 0.0, Diff: 0.0, Sum: 0.0]
      [Object Copy (ms): Min: 13.2, Avg: 13.7, Max: 15.0, Diff: 1.8, Sum: 247.2]
      [Termination (ms): Min: 0.0, Avg: 1.2, Max: 1.7, Diff: 1.7, Sum: 22.0]
         [Termination Attempts: Min: 1, Avg: 1.0, Max: 1, Diff: 0, Sum: 18]
      [GC Worker Other (ms): Min: 0.0, Avg: 0.0, Max: 0.0, Diff: 0.0, Sum: 0.3]
      [GC Worker Total (ms): Min: 15.8, Avg: 16.0, Max: 16.3, Diff: 0.5, Sum: 288.9]
      [GC Worker End (ms): Min: 1398.6, Avg: 1398.6, Max: 1398.7, Diff: 0.0]
   [Code Root Fixup: 0.0 ms]
   [Code Root Purge: 0.0 ms]
   [Clear CT: 0.2 ms]
   [Other: 1.4 ms]
      [Choose CSet: 0.1 ms]
      [Ref Proc: 0.3 ms]
      [Ref Enq: 0.0 ms]
      [Redirty Cards: 0.3 ms]
      [Humongous Register: 0.2 ms]
      [Humongous Reclaim: 0.1 ms]
      [Free CSet: 0.3 ms]
   [Eden: 17.0M(17.0M)->0.0B(46.0M) Survivors: 34.0M->5120.0K Heap: 631.0M(1024.0M)->517.3M(1024.0M)]
 [Times: user=0.17 sys=0.13, real=0.02 secs] 
1.422: [GC pause (G1 Evacuation Pause) (mixed), 0.0158225 secs]
   [Parallel Time: 14.2 ms, GC Workers: 18]
      [GC Worker Start (ms): Min: 1422.8, Avg: 1423.0, Max: 1423.2, Diff: 0.4]
      [Ext Root Scanning (ms): Min: 0.0, Avg: 0.1, Max: 0.3, Diff: 0.3, Sum: 1.7]
      [Update RS (ms): Min: 1.1, Avg: 1.3, Max: 1.4, Diff: 0.3, Sum: 22.6]
         [Processed Buffers: Min: 1, Avg: 3.7, Max: 5, Diff: 4, Sum: 67]
      [Scan RS (ms): Min: 0.0, Avg: 0.1, Max: 0.2, Diff: 0.2, Sum: 1.1]
      [Code Root Scanning (ms): Min: 0.0, Avg: 0.0, Max: 0.0, Diff: 0.0, Sum: 0.0]
      [Object Copy (ms): Min: 11.1, Avg: 11.7, Max: 12.3, Diff: 1.2, Sum: 211.1]
      [Termination (ms): Min: 0.0, Avg: 0.5, Max: 1.2, Diff: 1.2, Sum: 9.9]
         [Termination Attempts: Min: 1, Avg: 1.0, Max: 1, Diff: 0, Sum: 18]
      [GC Worker Other (ms): Min: 0.0, Avg: 0.0, Max: 0.0, Diff: 0.0, Sum: 0.3]
      [GC Worker Total (ms): Min: 13.5, Avg: 13.7, Max: 13.9, Diff: 0.4, Sum: 246.7]
      [GC Worker End (ms): Min: 1436.7, Avg: 1436.7, Max: 1436.7, Diff: 0.0]
   [Code Root Fixup: 0.0 ms]
   [Code Root Purge: 0.0 ms]
   [Clear CT: 0.3 ms]
   [Other: 1.4 ms]
      [Choose CSet: 0.1 ms]
      [Ref Proc: 0.3 ms]
      [Ref Enq: 0.0 ms]
      [Redirty Cards: 0.3 ms]
      [Humongous Register: 0.2 ms]
      [Humongous Reclaim: 0.1 ms]
      [Free CSet: 0.3 ms]
   [Eden: 46.0M(46.0M)->0.0B(44.0M) Survivors: 5120.0K->7168.0K Heap: 581.2M(1024.0M)->458.7M(1024.0M)]
 [Times: user=0.18 sys=0.07, real=0.01 secs] 
1.460: [GC pause (G1 Evacuation Pause) (mixed), 0.0102823 secs]
   [Parallel Time: 8.9 ms, GC Workers: 18]
      [GC Worker Start (ms): Min: 1459.9, Avg: 1460.2, Max: 1460.4, Diff: 0.4]
      [Ext Root Scanning (ms): Min: 0.0, Avg: 0.1, Max: 0.4, Diff: 0.4, Sum: 1.8]
      [Update RS (ms): Min: 1.0, Avg: 1.2, Max: 1.4, Diff: 0.4, Sum: 22.3]
         [Processed Buffers: Min: 2, Avg: 3.7, Max: 4, Diff: 2, Sum: 67]
      [Scan RS (ms): Min: 0.0, Avg: 0.0, Max: 0.1, Diff: 0.1, Sum: 0.3]
      [Code Root Scanning (ms): Min: 0.0, Avg: 0.0, Max: 0.0, Diff: 0.0, Sum: 0.0]
      [Object Copy (ms): Min: 5.8, Avg: 6.2, Max: 7.0, Diff: 1.2, Sum: 112.2]
      [Termination (ms): Min: 0.0, Avg: 0.8, Max: 1.2, Diff: 1.2, Sum: 14.5]
         [Termination Attempts: Min: 1, Avg: 1.0, Max: 1, Diff: 0, Sum: 18]
      [GC Worker Other (ms): Min: 0.0, Avg: 0.0, Max: 0.0, Diff: 0.0, Sum: 0.3]
      [GC Worker Total (ms): Min: 8.3, Avg: 8.4, Max: 8.7, Diff: 0.4, Sum: 151.4]
      [GC Worker End (ms): Min: 1468.6, Avg: 1468.6, Max: 1468.6, Diff: 0.0]
   [Code Root Fixup: 0.0 ms]
   [Code Root Purge: 0.0 ms]
   [Clear CT: 0.2 ms]
   [Other: 1.1 ms]
      [Choose CSet: 0.0 ms]
      [Ref Proc: 0.3 ms]
      [Ref Enq: 0.0 ms]
      [Redirty Cards: 0.3 ms]
      [Humongous Register: 0.2 ms]
      [Humongous Reclaim: 0.1 ms]
      [Free CSet: 0.1 ms]
   [Eden: 44.0M(44.0M)->0.0B(309.0M) Survivors: 7168.0K->7168.0K Heap: 512.4M(1024.0M)->468.1M(1024.0M)]
 [Times: user=0.08 sys=0.07, real=0.02 secs] 
1.471: [GC pause (G1 Humongous Allocation) (young) (initial-mark), 0.0037107 secs]
   [Parallel Time: 2.6 ms, GC Workers: 18]
      [GC Worker Start (ms): Min: 1470.9, Avg: 1471.1, Max: 1471.3, Diff: 0.3]
      [Ext Root Scanning (ms): Min: 0.0, Avg: 0.2, Max: 0.4, Diff: 0.3, Sum: 2.8]
      [Update RS (ms): Min: 0.0, Avg: 0.3, Max: 1.0, Diff: 1.0, Sum: 6.0]
         [Processed Buffers: Min: 0, Avg: 0.8, Max: 3, Diff: 3, Sum: 14]
      [Scan RS (ms): Min: 0.0, Avg: 0.0, Max: 0.0, Diff: 0.0, Sum: 0.1]
      [Code Root Scanning (ms): Min: 0.0, Avg: 0.0, Max: 0.0, Diff: 0.0, Sum: 0.0]
      [Object Copy (ms): Min: 0.6, Avg: 1.5, Max: 2.0, Diff: 1.4, Sum: 26.8]
      [Termination (ms): Min: 0.0, Avg: 0.3, Max: 0.5, Diff: 0.5, Sum: 4.6]
         [Termination Attempts: Min: 1, Avg: 1.2, Max: 3, Diff: 2, Sum: 22]
      [GC Worker Other (ms): Min: 0.0, Avg: 0.0, Max: 0.0, Diff: 0.0, Sum: 0.3]
      [GC Worker Total (ms): Min: 2.1, Avg: 2.3, Max: 2.4, Diff: 0.3, Sum: 40.6]
      [GC Worker End (ms): Min: 1473.4, Avg: 1473.4, Max: 1473.4, Diff: 0.0]
   [Code Root Fixup: 0.0 ms]
   [Code Root Purge: 0.0 ms]
   [Clear CT: 0.3 ms]
   [Other: 0.9 ms]
      [Choose CSet: 0.0 ms]
      [Ref Proc: 0.3 ms]
      [Ref Enq: 0.0 ms]
      [Redirty Cards: 0.2 ms]
      [Humongous Register: 0.2 ms]
      [Humongous Reclaim: 0.0 ms]
      [Free CSet: 0.0 ms]
   [Eden: 1024.0K(309.0M)->0.0B(271.0M) Survivors: 7168.0K->8192.0K Heap: 469.1M(1024.0M)->468.9M(1024.0M)]
 [Times: user=0.04 sys=0.00, real=0.00 secs] 
1.474: [GC concurrent-root-region-scan-start]
1.475: [GC concurrent-root-region-scan-end, 0.0002327 secs]
1.475: [GC concurrent-mark-start]
1.479: [GC concurrent-mark-end, 0.0039804 secs]
1.479: [GC remark 1.479: [Finalize Marking, 0.0004693 secs] 1.479: [GC ref-proc, 0.0004349 secs] 1.480: [Unloading, 0.0012504 secs], 0.0032705 secs]
 [Times: user=0.04 sys=0.00, real=0.01 secs] 
1.482: [GC cleanup 482M->476M(1024M), 0.0018911 secs]
 [Times: user=0.01 sys=0.00, real=0.00 secs] 
1.484: [GC concurrent-cleanup-start]
1.484: [GC concurrent-cleanup-end, 0.0000413 secs]
1.581: [GC pause (G1 Evacuation Pause) (young), 0.0268474 secs]
   [Parallel Time: 24.8 ms, GC Workers: 18]
      [GC Worker Start (ms): Min: 1581.8, Avg: 1582.0, Max: 1582.2, Diff: 0.4]
      [Ext Root Scanning (ms): Min: 0.0, Avg: 0.2, Max: 0.3, Diff: 0.3, Sum: 2.8]
      [Update RS (ms): Min: 1.5, Avg: 1.6, Max: 1.7, Diff: 0.2, Sum: 28.3]
         [Processed Buffers: Min: 2, Avg: 4.8, Max: 6, Diff: 4, Sum: 87]
      [Scan RS (ms): Min: 0.0, Avg: 0.1, Max: 0.2, Diff: 0.2, Sum: 1.2]
      [Code Root Scanning (ms): Min: 0.0, Avg: 0.0, Max: 0.0, Diff: 0.0, Sum: 0.0]
      [Object Copy (ms): Min: 21.9, Avg: 22.2, Max: 22.4, Diff: 0.5, Sum: 398.9]
      [Termination (ms): Min: 0.0, Avg: 0.4, Max: 0.7, Diff: 0.7, Sum: 8.0]
         [Termination Attempts: Min: 1, Avg: 1.0, Max: 1, Diff: 0, Sum: 18]
      [GC Worker Other (ms): Min: 0.0, Avg: 0.0, Max: 0.1, Diff: 0.1, Sum: 0.8]
      [GC Worker Total (ms): Min: 24.3, Avg: 24.4, Max: 24.6, Diff: 0.3, Sum: 440.0]
      [GC Worker End (ms): Min: 1606.4, Avg: 1606.5, Max: 1606.5, Diff: 0.1]
   [Code Root Fixup: 0.0 ms]
   [Code Root Purge: 0.0 ms]
   [Clear CT: 0.4 ms]
   [Other: 1.7 ms]
      [Choose CSet: 0.0 ms]
      [Ref Proc: 0.4 ms]
      [Ref Enq: 0.0 ms]
      [Redirty Cards: 0.2 ms]
      [Humongous Register: 0.3 ms]
      [Humongous Reclaim: 0.3 ms]
      [Free CSet: 0.3 ms]
   [Eden: 271.0M(271.0M)->0.0B(16.0M) Survivors: 8192.0K->35.0M Heap: 797.6M(1024.0M)->534.9M(1024.0M)]
 [Times: user=0.40 sys=0.04, real=0.02 secs] 
1.616: [GC pause (G1 Evacuation Pause) (mixed), 0.0242577 secs]
   [Parallel Time: 22.5 ms, GC Workers: 18]
      [GC Worker Start (ms): Min: 1616.2, Avg: 1616.3, Max: 1616.5, Diff: 0.3]
      [Ext Root Scanning (ms): Min: 0.0, Avg: 0.2, Max: 0.4, Diff: 0.3, Sum: 3.4]
      [Update RS (ms): Min: 0.8, Avg: 1.0, Max: 1.1, Diff: 0.2, Sum: 18.0]
         [Processed Buffers: Min: 3, Avg: 4.0, Max: 6, Diff: 3, Sum: 72]
      [Scan RS (ms): Min: 0.0, Avg: 0.1, Max: 0.7, Diff: 0.6, Sum: 1.6]
      [Code Root Scanning (ms): Min: 0.0, Avg: 0.0, Max: 0.2, Diff: 0.2, Sum: 0.2]
      [Object Copy (ms): Min: 19.2, Avg: 20.1, Max: 20.5, Diff: 1.3, Sum: 361.6]
      [Termination (ms): Min: 0.0, Avg: 0.7, Max: 1.2, Diff: 1.2, Sum: 12.8]
         [Termination Attempts: Min: 1, Avg: 1.0, Max: 1, Diff: 0, Sum: 18]
      [GC Worker Other (ms): Min: 0.0, Avg: 0.0, Max: 0.0, Diff: 0.0, Sum: 0.3]
      [GC Worker Total (ms): Min: 22.0, Avg: 22.1, Max: 22.3, Diff: 0.3, Sum: 397.9]
      [GC Worker End (ms): Min: 1638.4, Avg: 1638.4, Max: 1638.5, Diff: 0.0]
   [Code Root Fixup: 0.0 ms]
   [Code Root Purge: 0.0 ms]
   [Clear CT: 0.3 ms]
   [Other: 1.4 ms]
      [Choose CSet: 0.1 ms]
      [Ref Proc: 0.4 ms]
      [Ref Enq: 0.0 ms]
      [Redirty Cards: 0.3 ms]
      [Humongous Register: 0.2 ms]
      [Humongous Reclaim: 0.0 ms]
      [Free CSet: 0.3 ms]
   [Eden: 16.0M(16.0M)->0.0B(45.0M) Survivors: 35.0M->6144.0K Heap: 557.8M(1024.0M)->467.7M(1024.0M)]
 [Times: user=0.23 sys=0.17, real=0.03 secs] 
1.663: [GC pause (G1 Evacuation Pause) (mixed), 0.0125410 secs]
   [Parallel Time: 11.0 ms, GC Workers: 18]
      [GC Worker Start (ms): Min: 1663.6, Avg: 1663.8, Max: 1663.9, Diff: 0.4]
      [Ext Root Scanning (ms): Min: 0.0, Avg: 0.1, Max: 0.3, Diff: 0.3, Sum: 1.7]
      [Update RS (ms): Min: 1.6, Avg: 1.8, Max: 2.1, Diff: 0.4, Sum: 32.9]
         [Processed Buffers: Min: 4, Avg: 5.1, Max: 6, Diff: 2, Sum: 91]
      [Scan RS (ms): Min: 0.0, Avg: 0.0, Max: 0.1, Diff: 0.1, Sum: 0.4]
      [Code Root Scanning (ms): Min: 0.0, Avg: 0.0, Max: 0.0, Diff: 0.0, Sum: 0.0]
      [Object Copy (ms): Min: 6.0, Avg: 7.1, Max: 8.7, Diff: 2.7, Sum: 128.6]
      [Termination (ms): Min: 0.0, Avg: 1.5, Max: 2.4, Diff: 2.4, Sum: 26.8]
         [Termination Attempts: Min: 1, Avg: 1.2, Max: 2, Diff: 1, Sum: 21]
      [GC Worker Other (ms): Min: 0.0, Avg: 0.0, Max: 0.0, Diff: 0.0, Sum: 0.3]
      [GC Worker Total (ms): Min: 10.4, Avg: 10.6, Max: 10.8, Diff: 0.4, Sum: 190.7]
      [GC Worker End (ms): Min: 1674.3, Avg: 1674.4, Max: 1674.4, Diff: 0.0]
   [Code Root Fixup: 0.0 ms]
   [Code Root Purge: 0.0 ms]
   [Clear CT: 0.3 ms]
   [Other: 1.3 ms]
      [Choose CSet: 0.0 ms]
      [Ref Proc: 0.4 ms]
      [Ref Enq: 0.0 ms]
      [Redirty Cards: 0.3 ms]
      [Humongous Register: 0.2 ms]
      [Humongous Reclaim: 0.1 ms]
      [Free CSet: 0.1 ms]
   [Eden: 45.0M(45.0M)->0.0B(270.0M) Survivors: 6144.0K->7168.0K Heap: 527.4M(1024.0M)->476.8M(1024.0M)]
 [Times: user=0.11 sys=0.09, real=0.01 secs] 
1.676: [GC pause (G1 Humongous Allocation) (young) (initial-mark), 0.0033283 secs]
   [Parallel Time: 2.1 ms, GC Workers: 18]
      [GC Worker Start (ms): Min: 1676.5, Avg: 1676.7, Max: 1676.8, Diff: 0.4]
      [Ext Root Scanning (ms): Min: 0.0, Avg: 0.2, Max: 0.4, Diff: 0.3, Sum: 3.2]
      [Update RS (ms): Min: 0.0, Avg: 0.2, Max: 1.0, Diff: 1.0, Sum: 4.4]
         [Processed Buffers: Min: 0, Avg: 0.9, Max: 2, Diff: 2, Sum: 16]
      [Scan RS (ms): Min: 0.0, Avg: 0.0, Max: 0.0, Diff: 0.0, Sum: 0.1]
      [Code Root Scanning (ms): Min: 0.0, Avg: 0.0, Max: 0.0, Diff: 0.0, Sum: 0.0]
      [Object Copy (ms): Min: 0.4, Avg: 1.0, Max: 1.4, Diff: 1.0, Sum: 17.7]
      [Termination (ms): Min: 0.0, Avg: 0.2, Max: 0.5, Diff: 0.5, Sum: 4.2]
         [Termination Attempts: Min: 1, Avg: 2.1, Max: 5, Diff: 4, Sum: 37]
      [GC Worker Other (ms): Min: 0.0, Avg: 0.0, Max: 0.0, Diff: 0.0, Sum: 0.3]
      [GC Worker Total (ms): Min: 1.5, Avg: 1.7, Max: 1.9, Diff: 0.4, Sum: 29.9]
      [GC Worker End (ms): Min: 1678.3, Avg: 1678.3, Max: 1678.3, Diff: 0.0]
   [Code Root Fixup: 0.0 ms]
   [Code Root Purge: 0.0 ms]
   [Clear CT: 0.3 ms]
   [Other: 1.0 ms]
      [Choose CSet: 0.0 ms]
      [Ref Proc: 0.3 ms]
      [Ref Enq: 0.0 ms]
      [Redirty Cards: 0.2 ms]
      [Humongous Register: 0.2 ms]
      [Humongous Reclaim: 0.0 ms]
      [Free CSet: 0.0 ms]
   [Eden: 1024.0K(270.0M)->0.0B(278.0M) Survivors: 7168.0K->8192.0K Heap: 477.5M(1024.0M)->477.2M(1024.0M)]
 [Times: user=0.03 sys=0.00, real=0.00 secs] 
1.680: [GC concurrent-root-region-scan-start]
1.680: [GC concurrent-root-region-scan-end, 0.0002015 secs]
1.680: [GC concurrent-mark-start]
1.682: [GC concurrent-mark-end, 0.0024171 secs]
1.682: [GC remark 1.682: [Finalize Marking, 0.0004744 secs] 1.683: [GC ref-proc, 0.0004088 secs] 1.683: [Unloading, 0.0009760 secs], 0.0028516 secs]
 [Times: user=0.03 sys=0.00, real=0.00 secs] 
1.685: [GC cleanup 485M->482M(1024M), 0.0017587 secs]
 [Times: user=0.02 sys=0.00, real=0.00 secs] 
1.687: [GC concurrent-cleanup-start]
1.687: [GC concurrent-cleanup-end, 0.0000313 secs]
1.813: [GC pause (G1 Evacuation Pause) (young), 0.0288595 secs]
   [Parallel Time: 26.8 ms, GC Workers: 18]
      [GC Worker Start (ms): Min: 1813.6, Avg: 1813.8, Max: 1814.0, Diff: 0.4]
      [Ext Root Scanning (ms): Min: 0.0, Avg: 0.1, Max: 0.3, Diff: 0.3, Sum: 1.8]
      [Update RS (ms): Min: 1.9, Avg: 2.1, Max: 2.2, Diff: 0.4, Sum: 38.1]
         [Processed Buffers: Min: 4, Avg: 6.4, Max: 8, Diff: 4, Sum: 115]
      [Scan RS (ms): Min: 0.0, Avg: 0.1, Max: 0.2, Diff: 0.2, Sum: 1.2]
      [Code Root Scanning (ms): Min: 0.0, Avg: 0.0, Max: 0.0, Diff: 0.0, Sum: 0.0]
      [Object Copy (ms): Min: 23.3, Avg: 23.6, Max: 24.0, Diff: 0.7, Sum: 425.4]
      [Termination (ms): Min: 0.0, Avg: 0.4, Max: 0.8, Diff: 0.8, Sum: 7.3]
         [Termination Attempts: Min: 1, Avg: 1.0, Max: 1, Diff: 0, Sum: 18]
      [GC Worker Other (ms): Min: 0.0, Avg: 0.0, Max: 0.1, Diff: 0.1, Sum: 0.9]
      [GC Worker Total (ms): Min: 26.2, Avg: 26.4, Max: 26.6, Diff: 0.4, Sum: 474.7]
      [GC Worker End (ms): Min: 1840.2, Avg: 1840.2, Max: 1840.3, Diff: 0.1]
   [Code Root Fixup: 0.0 ms]
   [Code Root Purge: 0.0 ms]
   [Clear CT: 0.4 ms]
   [Other: 1.7 ms]
      [Choose CSet: 0.0 ms]
      [Ref Proc: 0.2 ms]
      [Ref Enq: 0.0 ms]
      [Redirty Cards: 0.2 ms]
      [Humongous Register: 0.5 ms]
      [Humongous Reclaim: 0.3 ms]
      [Free CSet: 0.4 ms]
   [Eden: 278.0M(278.0M)->0.0B(15.0M) Survivors: 8192.0K->36.0M Heap: 821.8M(1024.0M)->542.7M(1024.0M)]
 [Times: user=0.43 sys=0.05, real=0.03 secs] 
1.848: [GC pause (G1 Evacuation Pause) (mixed), 0.0288069 secs]
   [Parallel Time: 27.1 ms, GC Workers: 18]
      [GC Worker Start (ms): Min: 1848.1, Avg: 1848.3, Max: 1848.5, Diff: 0.4]
      [Ext Root Scanning (ms): Min: 0.0, Avg: 0.1, Max: 0.3, Diff: 0.3, Sum: 2.7]
      [Update RS (ms): Min: 0.5, Avg: 0.7, Max: 0.9, Diff: 0.3, Sum: 12.4]
         [Processed Buffers: Min: 2, Avg: 2.6, Max: 4, Diff: 2, Sum: 47]
      [Scan RS (ms): Min: 0.0, Avg: 0.1, Max: 0.2, Diff: 0.2, Sum: 1.3]
      [Code Root Scanning (ms): Min: 0.0, Avg: 0.0, Max: 0.0, Diff: 0.0, Sum: 0.0]
      [Object Copy (ms): Min: 23.8, Avg: 24.6, Max: 25.7, Diff: 1.9, Sum: 442.0]
      [Termination (ms): Min: 0.0, Avg: 1.1, Max: 1.9, Diff: 1.9, Sum: 20.4]
         [Termination Attempts: Min: 1, Avg: 1.2, Max: 3, Diff: 2, Sum: 21]
      [GC Worker Other (ms): Min: 0.0, Avg: 0.0, Max: 0.1, Diff: 0.1, Sum: 0.5]
      [GC Worker Total (ms): Min: 26.4, Avg: 26.6, Max: 26.8, Diff: 0.4, Sum: 479.3]
      [GC Worker End (ms): Min: 1874.9, Avg: 1874.9, Max: 1874.9, Diff: 0.0]
   [Code Root Fixup: 0.0 ms]
   [Code Root Purge: 0.0 ms]
   [Clear CT: 0.2 ms]
   [Other: 1.5 ms]
      [Choose CSet: 0.1 ms]
      [Ref Proc: 0.4 ms]
      [Ref Enq: 0.0 ms]
      [Redirty Cards: 0.3 ms]
      [Humongous Register: 0.2 ms]
      [Humongous Reclaim: 0.0 ms]
      [Free CSet: 0.3 ms]
   [Eden: 15.0M(15.0M)->0.0B(45.0M) Survivors: 36.0M->6144.0K Heap: 561.1M(1024.0M)->473.9M(1024.0M)]
 [Times: user=0.17 sys=0.31, real=0.03 secs] 
1.896: [GC pause (G1 Evacuation Pause) (mixed), 0.0123690 secs]
   [Parallel Time: 11.1 ms, GC Workers: 18]
      [GC Worker Start (ms): Min: 1896.0, Avg: 1896.2, Max: 1896.3, Diff: 0.4]
      [Ext Root Scanning (ms): Min: 0.0, Avg: 0.1, Max: 0.3, Diff: 0.3, Sum: 2.6]
      [Update RS (ms): Min: 1.9, Avg: 2.0, Max: 2.2, Diff: 0.3, Sum: 36.5]
         [Processed Buffers: Min: 5, Avg: 6.5, Max: 7, Diff: 2, Sum: 117]
      [Scan RS (ms): Min: 0.0, Avg: 0.0, Max: 0.1, Diff: 0.1, Sum: 0.3]
      [Code Root Scanning (ms): Min: 0.0, Avg: 0.0, Max: 0.0, Diff: 0.0, Sum: 0.0]
      [Object Copy (ms): Min: 6.5, Avg: 7.1, Max: 8.3, Diff: 1.7, Sum: 127.6]
      [Termination (ms): Min: 0.0, Avg: 1.3, Max: 1.7, Diff: 1.7, Sum: 22.8]
         [Termination Attempts: Min: 1, Avg: 1.0, Max: 1, Diff: 0, Sum: 18]
      [GC Worker Other (ms): Min: 0.0, Avg: 0.0, Max: 0.0, Diff: 0.0, Sum: 0.4]
      [GC Worker Total (ms): Min: 10.4, Avg: 10.6, Max: 10.8, Diff: 0.4, Sum: 190.3]
      [GC Worker End (ms): Min: 1906.7, Avg: 1906.7, Max: 1906.8, Diff: 0.0]
   [Code Root Fixup: 0.0 ms]
   [Code Root Purge: 0.0 ms]
   [Clear CT: 0.2 ms]
   [Other: 1.1 ms]
      [Choose CSet: 0.0 ms]
      [Ref Proc: 0.3 ms]
      [Ref Enq: 0.0 ms]
      [Redirty Cards: 0.2 ms]
      [Humongous Register: 0.2 ms]
      [Humongous Reclaim: 0.1 ms]
      [Free CSet: 0.1 ms]
   [Eden: 45.0M(45.0M)->0.0B(282.0M) Survivors: 6144.0K->7168.0K Heap: 531.2M(1024.0M)->479.0M(1024.0M)]
 [Times: user=0.11 sys=0.08, real=0.01 secs] 
1.909: [GC pause (G1 Humongous Allocation) (young) (initial-mark), 0.0032646 secs]
   [Parallel Time: 2.1 ms, GC Workers: 18]
      [GC Worker Start (ms): Min: 1909.0, Avg: 1909.1, Max: 1909.2, Diff: 0.2]
      [Ext Root Scanning (ms): Min: 0.1, Avg: 0.2, Max: 0.3, Diff: 0.2, Sum: 3.8]
      [Update RS (ms): Min: 0.0, Avg: 0.2, Max: 1.2, Diff: 1.1, Sum: 4.2]
         [Processed Buffers: Min: 0, Avg: 1.1, Max: 2, Diff: 2, Sum: 19]
      [Scan RS (ms): Min: 0.0, Avg: 0.0, Max: 0.0, Diff: 0.0, Sum: 0.1]
      [Code Root Scanning (ms): Min: 0.0, Avg: 0.0, Max: 0.0, Diff: 0.0, Sum: 0.0]
      [Object Copy (ms): Min: 0.3, Avg: 1.2, Max: 1.5, Diff: 1.2, Sum: 21.9]
      [Termination (ms): Min: 0.0, Avg: 0.2, Max: 0.4, Diff: 0.4, Sum: 3.9]
         [Termination Attempts: Min: 1, Avg: 1.2, Max: 2, Diff: 1, Sum: 22]
      [GC Worker Other (ms): Min: 0.0, Avg: 0.0, Max: 0.0, Diff: 0.0, Sum: 0.2]
      [GC Worker Total (ms): Min: 1.8, Avg: 1.9, Max: 2.0, Diff: 0.2, Sum: 34.1]
      [GC Worker End (ms): Min: 1910.9, Avg: 1911.0, Max: 1911.0, Diff: 0.0]
   [Code Root Fixup: 0.0 ms]
   [Code Root Purge: 0.0 ms]
   [Clear CT: 0.3 ms]
   [Other: 0.9 ms]
      [Choose CSet: 0.0 ms]
      [Ref Proc: 0.2 ms]
      [Ref Enq: 0.0 ms]
      [Redirty Cards: 0.2 ms]
      [Humongous Register: 0.2 ms]
      [Humongous Reclaim: 0.0 ms]
      [Free CSet: 0.0 ms]
   [Eden: 3072.0K(282.0M)->0.0B(287.0M) Survivors: 7168.0K->9216.0K Heap: 481.4M(1024.0M)->480.2M(1024.0M)]
 [Times: user=0.04 sys=0.00, real=0.01 secs] 
1.912: [GC concurrent-root-region-scan-start]
1.912: [GC concurrent-root-region-scan-end, 0.0001541 secs]
1.912: [GC concurrent-mark-start]
1.916: [GC concurrent-mark-end, 0.0036634 secs]
1.916: [GC remark 1.916: [Finalize Marking, 0.0004534 secs] 1.917: [GC ref-proc, 0.0004322 secs] 1.917: [Unloading, 0.0009865 secs], 0.0028190 secs]
 [Times: user=0.03 sys=0.00, real=0.00 secs] 
1.919: [GC cleanup 496M->492M(1024M), 0.0017589 secs]
 [Times: user=0.01 sys=0.01, real=0.01 secs] 
1.921: [GC concurrent-cleanup-start]
1.921: [GC concurrent-cleanup-end, 0.0000361 secs]
2.043: [GC pause (G1 Evacuation Pause) (young) (to-space exhausted), 0.0241356 secs]
   [Parallel Time: 21.7 ms, GC Workers: 18]
      [GC Worker Start (ms): Min: 2043.1, Avg: 2043.4, Max: 2043.5, Diff: 0.4]
      [Ext Root Scanning (ms): Min: 0.0, Avg: 0.2, Max: 0.4, Diff: 0.4, Sum: 2.8]
      [Update RS (ms): Min: 2.2, Avg: 2.3, Max: 2.3, Diff: 0.1, Sum: 40.8]
         [Processed Buffers: Min: 4, Avg: 6.6, Max: 8, Diff: 4, Sum: 119]
      [Scan RS (ms): Min: 0.0, Avg: 0.0, Max: 0.1, Diff: 0.1, Sum: 0.8]
      [Code Root Scanning (ms): Min: 0.0, Avg: 0.0, Max: 0.0, Diff: 0.0, Sum: 0.0]
      [Object Copy (ms): Min: 18.7, Avg: 18.7, Max: 18.8, Diff: 0.1, Sum: 337.3]
      [Termination (ms): Min: 0.0, Avg: 0.1, Max: 0.1, Diff: 0.1, Sum: 1.4]
         [Termination Attempts: Min: 1, Avg: 1.7, Max: 3, Diff: 2, Sum: 31]
      [GC Worker Other (ms): Min: 0.0, Avg: 0.0, Max: 0.1, Diff: 0.1, Sum: 0.7]
      [GC Worker Total (ms): Min: 21.1, Avg: 21.3, Max: 21.5, Diff: 0.4, Sum: 383.9]
      [GC Worker End (ms): Min: 2064.7, Avg: 2064.7, Max: 2064.7, Diff: 0.1]
   [Code Root Fixup: 0.0 ms]
   [Code Root Purge: 0.0 ms]
   [Clear CT: 0.3 ms]
   [Other: 2.1 ms]
      [Evacuation Failure: 0.6 ms]
      [Choose CSet: 0.0 ms]
      [Ref Proc: 0.3 ms]
      [Ref Enq: 0.0 ms]
      [Redirty Cards: 0.2 ms]
      [Humongous Register: 0.3 ms]
      [Humongous Reclaim: 0.4 ms]
      [Free CSet: 0.2 ms]
   [Eden: 287.0M(287.0M)->0.0B(14.0M) Survivors: 9216.0K->37.0M Heap: 854.1M(1024.0M)->684.2M(1024.0M)]
 [Times: user=0.34 sys=0.04, real=0.02 secs] 
2.072: [GC pause (G1 Evacuation Pause) (mixed), 0.0239945 secs]
   [Parallel Time: 22.4 ms, GC Workers: 18]
      [GC Worker Start (ms): Min: 2072.1, Avg: 2072.3, Max: 2072.5, Diff: 0.4]
      [Ext Root Scanning (ms): Min: 0.0, Avg: 0.1, Max: 0.3, Diff: 0.3, Sum: 2.5]
      [Update RS (ms): Min: 0.1, Avg: 0.4, Max: 0.6, Diff: 0.4, Sum: 6.8]
         [Processed Buffers: Min: 1, Avg: 1.9, Max: 4, Diff: 3, Sum: 34]
      [Scan RS (ms): Min: 0.0, Avg: 0.1, Max: 0.3, Diff: 0.2, Sum: 1.2]
      [Code Root Scanning (ms): Min: 0.0, Avg: 0.0, Max: 0.0, Diff: 0.0, Sum: 0.0]
      [Object Copy (ms): Min: 20.3, Avg: 20.7, Max: 21.2, Diff: 1.0, Sum: 372.6]
      [Termination (ms): Min: 0.0, Avg: 0.7, Max: 1.0, Diff: 1.0, Sum: 12.9]
         [Termination Attempts: Min: 1, Avg: 1.0, Max: 1, Diff: 0, Sum: 18]
      [GC Worker Other (ms): Min: 0.0, Avg: 0.0, Max: 0.0, Diff: 0.0, Sum: 0.3]
      [GC Worker Total (ms): Min: 21.8, Avg: 22.0, Max: 22.2, Diff: 0.4, Sum: 396.3]
      [GC Worker End (ms): Min: 2094.3, Avg: 2094.3, Max: 2094.3, Diff: 0.0]
   [Code Root Fixup: 0.0 ms]
   [Code Root Purge: 0.0 ms]
   [Clear CT: 0.3 ms]
   [Other: 1.3 ms]
      [Choose CSet: 0.1 ms]
      [Ref Proc: 0.3 ms]
      [Ref Enq: 0.0 ms]
      [Redirty Cards: 0.2 ms]
      [Humongous Register: 0.2 ms]
      [Humongous Reclaim: 0.0 ms]
      [Free CSet: 0.3 ms]
   [Eden: 14.0M(14.0M)->0.0B(47.0M) Survivors: 37.0M->4096.0K Heap: 700.0M(1024.0M)->611.6M(1024.0M)]
 [Times: user=0.17 sys=0.24, real=0.02 secs] 
2.114: [GC pause (G1 Evacuation Pause) (mixed), 0.0145962 secs]
   [Parallel Time: 13.2 ms, GC Workers: 18]
      [GC Worker Start (ms): Min: 2114.2, Avg: 2114.4, Max: 2114.5, Diff: 0.4]
      [Ext Root Scanning (ms): Min: 0.0, Avg: 0.1, Max: 0.3, Diff: 0.3, Sum: 2.3]
      [Update RS (ms): Min: 1.7, Avg: 1.9, Max: 2.1, Diff: 0.4, Sum: 34.4]
         [Processed Buffers: Min: 5, Avg: 6.0, Max: 8, Diff: 3, Sum: 108]
      [Scan RS (ms): Min: 0.0, Avg: 0.0, Max: 0.1, Diff: 0.1, Sum: 0.5]
      [Code Root Scanning (ms): Min: 0.0, Avg: 0.0, Max: 0.0, Diff: 0.0, Sum: 0.0]
      [Object Copy (ms): Min: 8.5, Avg: 9.2, Max: 10.5, Diff: 1.9, Sum: 165.3]
      [Termination (ms): Min: 0.0, Avg: 1.4, Max: 1.9, Diff: 1.9, Sum: 25.1]
         [Termination Attempts: Min: 1, Avg: 1.1, Max: 2, Diff: 1, Sum: 19]
      [GC Worker Other (ms): Min: 0.0, Avg: 0.0, Max: 0.0, Diff: 0.0, Sum: 0.4]
      [GC Worker Total (ms): Min: 12.5, Avg: 12.7, Max: 12.9, Diff: 0.3, Sum: 228.0]
      [GC Worker End (ms): Min: 2127.0, Avg: 2127.0, Max: 2127.1, Diff: 0.0]
   [Code Root Fixup: 0.0 ms]
   [Code Root Purge: 0.0 ms]
   [Clear CT: 0.2 ms]
   [Other: 1.2 ms]
      [Choose CSet: 0.0 ms]
      [Ref Proc: 0.3 ms]
      [Ref Enq: 0.0 ms]
      [Redirty Cards: 0.3 ms]
      [Humongous Register: 0.2 ms]
      [Humongous Reclaim: 0.1 ms]
      [Free CSet: 0.2 ms]
   [Eden: 47.0M(47.0M)->0.0B(189.0M) Survivors: 4096.0K->7168.0K Heap: 669.7M(1024.0M)->607.9M(1024.0M)]
 [Times: user=0.15 sys=0.09, real=0.01 secs] 
2.132: [GC pause (G1 Humongous Allocation) (young) (initial-mark), 0.0050578 secs]
   [Parallel Time: 3.9 ms, GC Workers: 18]
      [GC Worker Start (ms): Min: 2132.8, Avg: 2133.1, Max: 2133.4, Diff: 0.6]
      [Ext Root Scanning (ms): Min: 0.0, Avg: 0.3, Max: 0.6, Diff: 0.6, Sum: 6.1]
      [Update RS (ms): Min: 0.0, Avg: 0.3, Max: 1.4, Diff: 1.4, Sum: 5.8]
         [Processed Buffers: Min: 0, Avg: 1.0, Max: 2, Diff: 2, Sum: 18]
      [Scan RS (ms): Min: 0.0, Avg: 0.0, Max: 0.0, Diff: 0.0, Sum: 0.2]
      [Code Root Scanning (ms): Min: 0.0, Avg: 0.0, Max: 0.0, Diff: 0.0, Sum: 0.0]
      [Object Copy (ms): Min: 0.9, Avg: 2.3, Max: 2.8, Diff: 1.9, Sum: 40.6]
      [Termination (ms): Min: 0.0, Avg: 0.4, Max: 0.8, Diff: 0.7, Sum: 7.4]
         [Termination Attempts: Min: 1, Avg: 1.1, Max: 2, Diff: 1, Sum: 20]
      [GC Worker Other (ms): Min: 0.0, Avg: 0.0, Max: 0.0, Diff: 0.0, Sum: 0.3]
      [GC Worker Total (ms): Min: 3.1, Avg: 3.3, Max: 3.7, Diff: 0.6, Sum: 60.3]
      [GC Worker End (ms): Min: 2136.4, Avg: 2136.4, Max: 2136.5, Diff: 0.0]
   [Code Root Fixup: 0.0 ms]
   [Code Root Purge: 0.0 ms]
   [Clear CT: 0.2 ms]
   [Other: 1.0 ms]
      [Choose CSet: 0.0 ms]
      [Ref Proc: 0.3 ms]
      [Ref Enq: 0.0 ms]
      [Redirty Cards: 0.2 ms]
      [Humongous Register: 0.2 ms]
      [Humongous Reclaim: 0.0 ms]
      [Free CSet: 0.1 ms]
   [Eden: 14.0M(189.0M)->0.0B(198.0M) Survivors: 7168.0K->11.0M Heap: 621.8M(1024.0M)->609.7M(1024.0M)]
 [Times: user=0.06 sys=0.00, real=0.00 secs] 
2.138: [GC concurrent-root-region-scan-start]
2.138: [GC concurrent-root-region-scan-end, 0.0001652 secs]
2.138: [GC concurrent-mark-start]
2.140: [GC concurrent-mark-end, 0.0024597 secs]
2.140: [GC remark 2.140: [Finalize Marking, 0.0002675 secs] 2.141: [GC ref-proc, 0.0004208 secs] 2.141: [Unloading, 0.0009825 secs], 0.0027116 secs]
 [Times: user=0.02 sys=0.00, real=0.00 secs] 
2.143: [GC cleanup 618M->612M(1024M), 0.0019357 secs]
 [Times: user=0.02 sys=0.00, real=0.00 secs] 
2.145: [GC concurrent-cleanup-start]
2.145: [GC concurrent-cleanup-end, 0.0000382 secs]
2.232: [GC pause (G1 Evacuation Pause) (young), 0.0229868 secs]
   [Parallel Time: 21.2 ms, GC Workers: 18]
      [GC Worker Start (ms): Min: 2232.6, Avg: 2232.8, Max: 2233.0, Diff: 0.4]
      [Ext Root Scanning (ms): Min: 0.0, Avg: 0.1, Max: 0.3, Diff: 0.3, Sum: 2.7]
      [Update RS (ms): Min: 2.6, Avg: 2.7, Max: 2.8, Diff: 0.3, Sum: 48.1]
         [Processed Buffers: Min: 7, Avg: 7.8, Max: 9, Diff: 2, Sum: 140]
      [Scan RS (ms): Min: 0.0, Avg: 0.1, Max: 0.2, Diff: 0.2, Sum: 1.0]
      [Code Root Scanning (ms): Min: 0.0, Avg: 0.0, Max: 0.0, Diff: 0.0, Sum: 0.0]
      [Object Copy (ms): Min: 17.0, Avg: 17.6, Max: 17.9, Diff: 0.9, Sum: 316.9]
      [Termination (ms): Min: 0.0, Avg: 0.3, Max: 0.6, Diff: 0.6, Sum: 4.8]
         [Termination Attempts: Min: 1, Avg: 1.0, Max: 1, Diff: 0, Sum: 18]
      [GC Worker Other (ms): Min: 0.0, Avg: 0.0, Max: 0.1, Diff: 0.1, Sum: 0.7]
      [GC Worker Total (ms): Min: 20.6, Avg: 20.8, Max: 21.0, Diff: 0.4, Sum: 374.1]
      [GC Worker End (ms): Min: 2253.5, Avg: 2253.6, Max: 2253.6, Diff: 0.0]
   [Code Root Fixup: 0.0 ms]
   [Code Root Purge: 0.0 ms]
   [Clear CT: 0.3 ms]
   [Other: 1.6 ms]
      [Choose CSet: 0.0 ms]
      [Ref Proc: 0.3 ms]
      [Ref Enq: 0.0 ms]
      [Redirty Cards: 0.3 ms]
      [Humongous Register: 0.3 ms]
      [Humongous Reclaim: 0.3 ms]
      [Free CSet: 0.3 ms]
   [Eden: 198.0M(198.0M)->0.0B(24.0M) Survivors: 11.0M->27.0M Heap: 864.2M(1024.0M)->649.8M(1024.0M)]
 [Times: user=0.30 sys=0.07, real=0.02 secs] 
2.268: [GC pause (G1 Evacuation Pause) (mixed), 0.0220973 secs]
   [Parallel Time: 20.4 ms, GC Workers: 18]
      [GC Worker Start (ms): Min: 2268.2, Avg: 2268.4, Max: 2268.6, Diff: 0.4]
      [Ext Root Scanning (ms): Min: 0.0, Avg: 0.1, Max: 0.4, Diff: 0.3, Sum: 2.5]
      [Update RS (ms): Min: 0.8, Avg: 1.0, Max: 1.1, Diff: 0.3, Sum: 17.5]
         [Processed Buffers: Min: 2, Avg: 3.2, Max: 5, Diff: 3, Sum: 57]
      [Scan RS (ms): Min: 0.0, Avg: 0.0, Max: 0.1, Diff: 0.1, Sum: 0.8]
      [Code Root Scanning (ms): Min: 0.0, Avg: 0.0, Max: 0.0, Diff: 0.0, Sum: 0.0]
      [Object Copy (ms): Min: 15.6, Avg: 16.8, Max: 18.8, Diff: 3.2, Sum: 301.6]
      [Termination (ms): Min: 0.0, Avg: 2.0, Max: 3.1, Diff: 3.1, Sum: 36.0]
         [Termination Attempts: Min: 1, Avg: 1.1, Max: 3, Diff: 2, Sum: 20]
      [GC Worker Other (ms): Min: 0.0, Avg: 0.0, Max: 0.0, Diff: 0.0, Sum: 0.3]
      [GC Worker Total (ms): Min: 19.8, Avg: 19.9, Max: 20.1, Diff: 0.4, Sum: 358.7]
      [GC Worker End (ms): Min: 2288.3, Avg: 2288.3, Max: 2288.4, Diff: 0.0]
   [Code Root Fixup: 0.0 ms]
   [Code Root Purge: 0.0 ms]
   [Clear CT: 0.2 ms]
   [Other: 1.4 ms]
      [Choose CSet: 0.1 ms]
      [Ref Proc: 0.3 ms]
      [Ref Enq: 0.0 ms]
      [Redirty Cards: 0.2 ms]
      [Humongous Register: 0.3 ms]
      [Humongous Reclaim: 0.1 ms]
      [Free CSet: 0.3 ms]
   [Eden: 24.0M(24.0M)->0.0B(44.0M) Survivors: 27.0M->7168.0K Heap: 678.7M(1024.0M)->563.4M(1024.0M)]
 [Times: user=0.13 sys=0.22, real=0.03 secs] 
2.310: [GC pause (G1 Evacuation Pause) (mixed), 0.0194141 secs]
   [Parallel Time: 17.8 ms, GC Workers: 18]
      [GC Worker Start (ms): Min: 2310.9, Avg: 2311.2, Max: 2311.4, Diff: 0.5]
      [Ext Root Scanning (ms): Min: 0.0, Avg: 0.1, Max: 0.3, Diff: 0.3, Sum: 2.1]
      [Update RS (ms): Min: 2.6, Avg: 2.7, Max: 2.8, Diff: 0.2, Sum: 49.4]
         [Processed Buffers: Min: 8, Avg: 8.8, Max: 10, Diff: 2, Sum: 159]
      [Scan RS (ms): Min: 0.0, Avg: 0.1, Max: 0.2, Diff: 0.2, Sum: 1.4]
      [Code Root Scanning (ms): Min: 0.0, Avg: 0.0, Max: 0.0, Diff: 0.0, Sum: 0.0]
      [Object Copy (ms): Min: 12.5, Avg: 13.2, Max: 14.3, Diff: 1.8, Sum: 236.8]
      [Termination (ms): Min: 0.0, Avg: 1.1, Max: 1.7, Diff: 1.7, Sum: 20.4]
         [Termination Attempts: Min: 1, Avg: 1.1, Max: 2, Diff: 1, Sum: 19]
      [GC Worker Other (ms): Min: 0.0, Avg: 0.0, Max: 0.0, Diff: 0.0, Sum: 0.4]
      [GC Worker Total (ms): Min: 17.0, Avg: 17.2, Max: 17.5, Diff: 0.5, Sum: 310.5]
      [GC Worker End (ms): Min: 2328.4, Avg: 2328.4, Max: 2328.4, Diff: 0.0]
   [Code Root Fixup: 0.0 ms]
   [Code Root Purge: 0.0 ms]
   [Clear CT: 0.3 ms]
   [Other: 1.4 ms]
      [Choose CSet: 0.1 ms]
      [Ref Proc: 0.3 ms]
      [Ref Enq: 0.0 ms]
      [Redirty Cards: 0.2 ms]
      [Humongous Register: 0.2 ms]
      [Humongous Reclaim: 0.1 ms]
      [Free CSet: 0.3 ms]
   [Eden: 44.0M(44.0M)->0.0B(44.0M) Survivors: 7168.0K->7168.0K Heap: 624.8M(1024.0M)->502.3M(1024.0M)]
 [Times: user=0.21 sys=0.11, real=0.02 secs] 
2.347: [GC pause (G1 Evacuation Pause) (mixed), 0.0171742 secs]
   [Parallel Time: 15.7 ms, GC Workers: 18]
      [GC Worker Start (ms): Min: 2347.3, Avg: 2347.4, Max: 2347.6, Diff: 0.3]
      [Ext Root Scanning (ms): Min: 0.0, Avg: 0.2, Max: 0.3, Diff: 0.3, Sum: 3.5]
      [Update RS (ms): Min: 1.8, Avg: 2.0, Max: 2.1, Diff: 0.3, Sum: 35.6]
         [Processed Buffers: Min: 5, Avg: 6.3, Max: 8, Diff: 3, Sum: 113]
      [Scan RS (ms): Min: 0.0, Avg: 0.0, Max: 0.3, Diff: 0.3, Sum: 0.8]
      [Code Root Scanning (ms): Min: 0.0, Avg: 0.0, Max: 0.0, Diff: 0.0, Sum: 0.0]
      [Object Copy (ms): Min: 11.2, Avg: 11.8, Max: 13.2, Diff: 2.0, Sum: 212.8]
      [Termination (ms): Min: 0.0, Avg: 1.3, Max: 1.8, Diff: 1.8, Sum: 23.3]
         [Termination Attempts: Min: 1, Avg: 1.0, Max: 1, Diff: 0, Sum: 18]
      [GC Worker Other (ms): Min: 0.0, Avg: 0.0, Max: 0.0, Diff: 0.0, Sum: 0.3]
      [GC Worker Total (ms): Min: 15.2, Avg: 15.4, Max: 15.5, Diff: 0.3, Sum: 276.4]
      [GC Worker End (ms): Min: 2362.8, Avg: 2362.8, Max: 2362.8, Diff: 0.0]
   [Code Root Fixup: 0.0 ms]
   [Code Root Purge: 0.0 ms]
   [Clear CT: 0.2 ms]
   [Other: 1.2 ms]
      [Choose CSet: 0.0 ms]
      [Ref Proc: 0.3 ms]
      [Ref Enq: 0.0 ms]
      [Redirty Cards: 0.2 ms]
      [Humongous Register: 0.2 ms]
      [Humongous Reclaim: 0.1 ms]
      [Free CSet: 0.2 ms]
   [Eden: 44.0M(44.0M)->0.0B(306.0M) Survivors: 7168.0K->7168.0K Heap: 557.9M(1024.0M)->478.0M(1024.0M)]
 [Times: user=0.17 sys=0.11, real=0.02 secs] 
2.365: [GC pause (G1 Humongous Allocation) (young) (initial-mark), 0.0032660 secs]
   [Parallel Time: 2.1 ms, GC Workers: 18]
      [GC Worker Start (ms): Min: 2365.0, Avg: 2365.1, Max: 2365.3, Diff: 0.3]
      [Ext Root Scanning (ms): Min: 0.1, Avg: 0.2, Max: 0.3, Diff: 0.3, Sum: 3.3]
      [Update RS (ms): Min: 0.0, Avg: 0.4, Max: 1.4, Diff: 1.4, Sum: 6.4]
         [Processed Buffers: Min: 0, Avg: 1.1, Max: 2, Diff: 2, Sum: 19]
      [Scan RS (ms): Min: 0.0, Avg: 0.0, Max: 0.0, Diff: 0.0, Sum: 0.1]
      [Code Root Scanning (ms): Min: 0.0, Avg: 0.0, Max: 0.0, Diff: 0.0, Sum: 0.0]
      [Object Copy (ms): Min: 0.0, Avg: 0.8, Max: 1.2, Diff: 1.2, Sum: 14.0]
      [Termination (ms): Min: 0.0, Avg: 0.4, Max: 0.8, Diff: 0.7, Sum: 7.4]
         [Termination Attempts: Min: 1, Avg: 2.0, Max: 3, Diff: 2, Sum: 36]
      [GC Worker Other (ms): Min: 0.0, Avg: 0.0, Max: 0.0, Diff: 0.0, Sum: 0.3]
      [GC Worker Total (ms): Min: 1.6, Avg: 1.8, Max: 1.9, Diff: 0.3, Sum: 31.6]
      [GC Worker End (ms): Min: 2366.9, Avg: 2366.9, Max: 2366.9, Diff: 0.0]
   [Code Root Fixup: 0.0 ms]
   [Code Root Purge: 0.0 ms]
   [Clear CT: 0.2 ms]
   [Other: 1.0 ms]
      [Choose CSet: 0.0 ms]
      [Ref Proc: 0.4 ms]
      [Ref Enq: 0.0 ms]
      [Redirty Cards: 0.2 ms]
      [Humongous Register: 0.2 ms]
      [Humongous Reclaim: 0.0 ms]
      [Free CSet: 0.0 ms]
   [Eden: 1024.0K(306.0M)->0.0B(320.0M) Survivors: 7168.0K->7168.0K Heap: 478.6M(1024.0M)->477.3M(1024.0M)]
 [Times: user=0.04 sys=0.00, real=0.00 secs] 
2.368: [GC concurrent-root-region-scan-start]
2.368: [GC concurrent-root-region-scan-end, 0.0002093 secs]
2.368: [GC concurrent-mark-start]
2.372: [GC concurrent-mark-end, 0.0033978 secs]
2.372: [GC remark 2.372: [Finalize Marking, 0.0003490 secs] 2.372: [GC ref-proc, 0.0004256 secs] 2.373: [Unloading, 0.0010583 secs], 0.0027277 secs]
 [Times: user=0.02 sys=0.00, real=0.00 secs] 
2.375: [GC cleanup 489M->488M(1024M), 0.0017187 secs]
 [Times: user=0.02 sys=0.00, real=0.00 secs] 
2.376: [GC concurrent-cleanup-start]
2.376: [GC concurrent-cleanup-end, 0.0000278 secs]
2.534: [GC pause (G1 Evacuation Pause) (young) (to-space exhausted), 0.0161970 secs]
   [Parallel Time: 13.8 ms, GC Workers: 18]
      [GC Worker Start (ms): Min: 2534.6, Avg: 2534.8, Max: 2535.0, Diff: 0.4]
      [Ext Root Scanning (ms): Min: 0.0, Avg: 0.1, Max: 0.4, Diff: 0.4, Sum: 2.7]
      [Update RS (ms): Min: 2.7, Avg: 2.8, Max: 2.9, Diff: 0.2, Sum: 50.6]
         [Processed Buffers: Min: 6, Avg: 8.2, Max: 9, Diff: 3, Sum: 148]
      [Scan RS (ms): Min: 0.0, Avg: 0.1, Max: 0.2, Diff: 0.2, Sum: 1.1]
      [Code Root Scanning (ms): Min: 0.0, Avg: 0.0, Max: 0.0, Diff: 0.0, Sum: 0.0]
      [Object Copy (ms): Min: 10.3, Avg: 10.3, Max: 10.4, Diff: 0.1, Sum: 185.7]
      [Termination (ms): Min: 0.0, Avg: 0.1, Max: 0.1, Diff: 0.1, Sum: 1.0]
         [Termination Attempts: Min: 1, Avg: 1.6, Max: 2, Diff: 1, Sum: 28]
      [GC Worker Other (ms): Min: 0.0, Avg: 0.0, Max: 0.1, Diff: 0.1, Sum: 0.6]
      [GC Worker Total (ms): Min: 13.3, Avg: 13.4, Max: 13.6, Diff: 0.4, Sum: 241.7]
      [GC Worker End (ms): Min: 2548.2, Avg: 2548.3, Max: 2548.3, Diff: 0.1]
   [Code Root Fixup: 0.0 ms]
   [Code Root Purge: 0.0 ms]
   [Clear CT: 0.3 ms]
   [Other: 2.1 ms]
      [Evacuation Failure: 0.7 ms]
      [Choose CSet: 0.0 ms]
      [Ref Proc: 0.3 ms]
      [Ref Enq: 0.0 ms]
      [Redirty Cards: 0.2 ms]
      [Humongous Register: 0.3 ms]
      [Humongous Reclaim: 0.3 ms]
      [Free CSet: 0.2 ms]
   [Eden: 320.0M(320.0M)->0.0B(24.0M) Survivors: 7168.0K->27.0M Heap: 884.0M(1024.0M)->728.1M(1024.0M)]
 [Times: user=0.11 sys=0.14, real=0.02 secs] 
2.560: [GC pause (G1 Evacuation Pause) (mixed), 0.0211988 secs]
   [Parallel Time: 19.6 ms, GC Workers: 18]
      [GC Worker Start (ms): Min: 2560.5, Avg: 2560.7, Max: 2560.9, Diff: 0.4]
      [Ext Root Scanning (ms): Min: 0.0, Avg: 0.1, Max: 0.2, Diff: 0.2, Sum: 1.5]
      [Update RS (ms): Min: 0.9, Avg: 1.0, Max: 1.2, Diff: 0.2, Sum: 18.7]
         [Processed Buffers: Min: 3, Avg: 4.2, Max: 6, Diff: 3, Sum: 76]
      [Scan RS (ms): Min: 0.0, Avg: 0.1, Max: 0.2, Diff: 0.2, Sum: 1.3]
      [Code Root Scanning (ms): Min: 0.0, Avg: 0.0, Max: 0.0, Diff: 0.0, Sum: 0.0]
      [Object Copy (ms): Min: 17.2, Avg: 17.4, Max: 18.0, Diff: 0.8, Sum: 313.4]
      [Termination (ms): Min: 0.0, Avg: 0.6, Max: 0.8, Diff: 0.8, Sum: 10.7]
         [Termination Attempts: Min: 1, Avg: 1.0, Max: 1, Diff: 0, Sum: 18]
      [GC Worker Other (ms): Min: 0.0, Avg: 0.0, Max: 0.0, Diff: 0.0, Sum: 0.3]
      [GC Worker Total (ms): Min: 19.0, Avg: 19.2, Max: 19.4, Diff: 0.4, Sum: 346.0]
      [GC Worker End (ms): Min: 2580.0, Avg: 2580.0, Max: 2580.0, Diff: 0.0]
   [Code Root Fixup: 0.0 ms]
   [Code Root Purge: 0.0 ms]
   [Clear CT: 0.3 ms]
   [Other: 1.3 ms]
      [Choose CSet: 0.1 ms]
      [Ref Proc: 0.3 ms]
      [Ref Enq: 0.0 ms]
      [Redirty Cards: 0.2 ms]
      [Humongous Register: 0.2 ms]
      [Humongous Reclaim: 0.1 ms]
      [Free CSet: 0.3 ms]
   [Eden: 24.0M(24.0M)->0.0B(44.0M) Survivors: 27.0M->7168.0K Heap: 758.5M(1024.0M)->661.5M(1024.0M)]
 [Times: user=0.19 sys=0.15, real=0.02 secs] 
2.600: [GC pause (G1 Evacuation Pause) (mixed), 0.0126797 secs]
   [Parallel Time: 11.3 ms, GC Workers: 18]
      [GC Worker Start (ms): Min: 2600.1, Avg: 2600.3, Max: 2600.4, Diff: 0.3]
      [Ext Root Scanning (ms): Min: 0.1, Avg: 0.2, Max: 0.3, Diff: 0.2, Sum: 3.0]
      [Update RS (ms): Min: 2.9, Avg: 3.1, Max: 3.2, Diff: 0.4, Sum: 55.3]
         [Processed Buffers: Min: 8, Avg: 9.2, Max: 10, Diff: 2, Sum: 165]
      [Scan RS (ms): Min: 0.0, Avg: 0.0, Max: 0.1, Diff: 0.1, Sum: 0.4]
      [Code Root Scanning (ms): Min: 0.0, Avg: 0.0, Max: 0.0, Diff: 0.0, Sum: 0.0]
      [Object Copy (ms): Min: 7.3, Avg: 7.5, Max: 7.7, Diff: 0.4, Sum: 135.7]
      [Termination (ms): Min: 0.0, Avg: 0.1, Max: 0.2, Diff: 0.2, Sum: 2.7]
         [Termination Attempts: Min: 1, Avg: 1.1, Max: 2, Diff: 1, Sum: 19]
      [GC Worker Other (ms): Min: 0.0, Avg: 0.0, Max: 0.1, Diff: 0.0, Sum: 0.5]
      [GC Worker Total (ms): Min: 10.9, Avg: 11.0, Max: 11.1, Diff: 0.2, Sum: 197.6]
      [GC Worker End (ms): Min: 2611.2, Avg: 2611.3, Max: 2611.3, Diff: 0.0]
   [Code Root Fixup: 0.0 ms]
   [Code Root Purge: 0.0 ms]
   [Clear CT: 0.2 ms]
   [Other: 1.1 ms]
      [Choose CSet: 0.0 ms]
      [Ref Proc: 0.3 ms]
      [Ref Enq: 0.0 ms]
      [Redirty Cards: 0.3 ms]
      [Humongous Register: 0.2 ms]
      [Humongous Reclaim: 0.1 ms]
      [Free CSet: 0.1 ms]
   [Eden: 44.0M(44.0M)->0.0B(146.0M) Survivors: 7168.0K->7168.0K Heap: 723.7M(1024.0M)->678.2M(1024.0M)]
 [Times: user=0.17 sys=0.03, real=0.01 secs] 
2.613: [GC pause (G1 Humongous Allocation) (young) (initial-mark), 0.0037354 secs]
   [Parallel Time: 2.7 ms, GC Workers: 18]
      [GC Worker Start (ms): Min: 2613.5, Avg: 2613.7, Max: 2613.8, Diff: 0.3]
      [Ext Root Scanning (ms): Min: 0.1, Avg: 0.2, Max: 0.4, Diff: 0.3, Sum: 3.3]
      [Update RS (ms): Min: 0.1, Avg: 0.4, Max: 1.7, Diff: 1.7, Sum: 6.6]
         [Processed Buffers: Min: 0, Avg: 1.1, Max: 3, Diff: 3, Sum: 19]
      [Scan RS (ms): Min: 0.0, Avg: 0.0, Max: 0.0, Diff: 0.0, Sum: 0.1]
      [Code Root Scanning (ms): Min: 0.0, Avg: 0.0, Max: 0.0, Diff: 0.0, Sum: 0.0]
      [Object Copy (ms): Min: 0.0, Avg: 1.2, Max: 1.8, Diff: 1.8, Sum: 21.9]
      [Termination (ms): Min: 0.1, Avg: 0.5, Max: 1.0, Diff: 0.9, Sum: 8.3]
         [Termination Attempts: Min: 1, Avg: 2.2, Max: 6, Diff: 5, Sum: 40]
      [GC Worker Other (ms): Min: 0.0, Avg: 0.0, Max: 0.0, Diff: 0.0, Sum: 0.3]
      [GC Worker Total (ms): Min: 2.1, Avg: 2.3, Max: 2.4, Diff: 0.3, Sum: 40.5]
      [GC Worker End (ms): Min: 2615.9, Avg: 2615.9, Max: 2616.0, Diff: 0.0]
   [Code Root Fixup: 0.0 ms]
   [Code Root Purge: 0.0 ms]
   [Clear CT: 0.2 ms]
   [Other: 0.8 ms]
      [Choose CSet: 0.0 ms]
      [Ref Proc: 0.2 ms]
      [Ref Enq: 0.0 ms]
      [Redirty Cards: 0.2 ms]
      [Humongous Register: 0.2 ms]
      [Humongous Reclaim: 0.0 ms]
      [Free CSet: 0.0 ms]
   [Eden: 2048.0K(146.0M)->0.0B(152.0M) Survivors: 7168.0K->7168.0K Heap: 679.5M(1024.0M)->678.2M(1024.0M)]
 [Times: user=0.05 sys=0.00, real=0.00 secs] 
2.617: [GC concurrent-root-region-scan-start]
2.617: [GC concurrent-root-region-scan-end, 0.0001544 secs]
2.617: [GC concurrent-mark-start]
2.620: [GC concurrent-mark-end, 0.0026472 secs]
2.620: [GC remark 2.620: [Finalize Marking, 0.0003448 secs] 2.620: [GC ref-proc, 0.0004314 secs] 2.621: [Unloading, 0.0010363 secs], 0.0030358 secs]
 [Times: user=0.02 sys=0.01, real=0.00 secs] 
2.623: [GC cleanup 691M->685M(1024M), 0.0020249 secs]
 [Times: user=0.02 sys=0.00, real=0.00 secs] 
2.625: [GC concurrent-cleanup-start]
2.625: [GC concurrent-cleanup-end, 0.0000399 secs]
2.698: [GC pause (G1 Evacuation Pause) (young), 0.0237310 secs]
   [Parallel Time: 22.1 ms, GC Workers: 18]
      [GC Worker Start (ms): Min: 2698.0, Avg: 2698.3, Max: 2698.6, Diff: 0.6]
      [Ext Root Scanning (ms): Min: 0.0, Avg: 0.1, Max: 0.4, Diff: 0.4, Sum: 2.1]
      [Update RS (ms): Min: 3.2, Avg: 3.5, Max: 3.8, Diff: 0.6, Sum: 63.4]
         [Processed Buffers: Min: 6, Avg: 9.7, Max: 12, Diff: 6, Sum: 175]
      [Scan RS (ms): Min: 0.0, Avg: 0.0, Max: 0.1, Diff: 0.1, Sum: 0.8]
      [Code Root Scanning (ms): Min: 0.0, Avg: 0.0, Max: 0.0, Diff: 0.0, Sum: 0.0]
      [Object Copy (ms): Min: 16.1, Avg: 16.6, Max: 17.9, Diff: 1.7, Sum: 299.6]
      [Termination (ms): Min: 0.0, Avg: 1.2, Max: 1.6, Diff: 1.6, Sum: 20.7]
         [Termination Attempts: Min: 1, Avg: 1.0, Max: 1, Diff: 0, Sum: 18]
      [GC Worker Other (ms): Min: 0.0, Avg: 0.0, Max: 0.1, Diff: 0.1, Sum: 0.6]
      [GC Worker Total (ms): Min: 21.3, Avg: 21.5, Max: 21.8, Diff: 0.6, Sum: 387.3]
      [GC Worker End (ms): Min: 2719.8, Avg: 2719.8, Max: 2719.9, Diff: 0.0]
   [Code Root Fixup: 0.0 ms]
   [Code Root Purge: 0.0 ms]
   [Clear CT: 0.3 ms]
   [Other: 1.4 ms]
      [Choose CSet: 0.0 ms]
      [Ref Proc: 0.3 ms]
      [Ref Enq: 0.0 ms]
      [Redirty Cards: 0.2 ms]
      [Humongous Register: 0.3 ms]
      [Humongous Reclaim: 0.2 ms]
      [Free CSet: 0.2 ms]
   [Eden: 152.0M(152.0M)->0.0B(31.0M) Survivors: 7168.0K->20.0M Heap: 868.9M(1024.0M)->725.4M(1024.0M)]
 [Times: user=0.24 sys=0.14, real=0.03 secs] 
2.733: [GC pause (G1 Evacuation Pause) (mixed), 0.0140424 secs]
   [Parallel Time: 12.4 ms, GC Workers: 18]
      [GC Worker Start (ms): Min: 2733.9, Avg: 2734.1, Max: 2734.3, Diff: 0.4]
      [Ext Root Scanning (ms): Min: 0.0, Avg: 0.1, Max: 0.3, Diff: 0.3, Sum: 2.6]
      [Update RS (ms): Min: 1.8, Avg: 1.9, Max: 2.0, Diff: 0.2, Sum: 34.8]
         [Processed Buffers: Min: 5, Avg: 6.5, Max: 9, Diff: 4, Sum: 117]
      [Scan RS (ms): Min: 0.0, Avg: 0.0, Max: 0.1, Diff: 0.1, Sum: 0.5]
      [Code Root Scanning (ms): Min: 0.0, Avg: 0.0, Max: 0.0, Diff: 0.0, Sum: 0.0]
      [Object Copy (ms): Min: 8.7, Avg: 9.2, Max: 9.9, Diff: 1.2, Sum: 165.6]
      [Termination (ms): Min: 0.0, Avg: 0.7, Max: 1.1, Diff: 1.1, Sum: 11.8]
         [Termination Attempts: Min: 1, Avg: 1.1, Max: 2, Diff: 1, Sum: 19]
      [GC Worker Other (ms): Min: 0.0, Avg: 0.0, Max: 0.0, Diff: 0.0, Sum: 0.3]
      [GC Worker Total (ms): Min: 11.8, Avg: 12.0, Max: 12.2, Diff: 0.4, Sum: 215.6]
      [GC Worker End (ms): Min: 2746.1, Avg: 2746.1, Max: 2746.1, Diff: 0.0]
   [Code Root Fixup: 0.0 ms]
   [Code Root Purge: 0.0 ms]
   [Clear CT: 0.2 ms]
   [Other: 1.4 ms]
      [Choose CSet: 0.1 ms]
      [Ref Proc: 0.3 ms]
      [Ref Enq: 0.0 ms]
      [Redirty Cards: 0.3 ms]
      [Humongous Register: 0.2 ms]
      [Humongous Reclaim: 0.1 ms]
      [Free CSet: 0.3 ms]
   [Eden: 31.0M(31.0M)->0.0B(44.0M) Survivors: 20.0M->7168.0K Heap: 769.3M(1024.0M)->637.7M(1024.0M)]
 [Times: user=0.16 sys=0.06, real=0.01 secs] 
2.764: [GC pause (G1 Evacuation Pause) (mixed), 0.0160520 secs]
   [Parallel Time: 14.4 ms, GC Workers: 18]
      [GC Worker Start (ms): Min: 2764.8, Avg: 2765.0, Max: 2765.1, Diff: 0.3]
      [Ext Root Scanning (ms): Min: 0.0, Avg: 0.2, Max: 0.3, Diff: 0.3, Sum: 2.9]
      [Update RS (ms): Min: 2.0, Avg: 2.1, Max: 2.2, Diff: 0.2, Sum: 37.1]
         [Processed Buffers: Min: 6, Avg: 7.0, Max: 9, Diff: 3, Sum: 126]
      [Scan RS (ms): Min: 0.0, Avg: 0.0, Max: 0.1, Diff: 0.1, Sum: 0.8]
      [Code Root Scanning (ms): Min: 0.0, Avg: 0.0, Max: 0.0, Diff: 0.0, Sum: 0.0]
      [Object Copy (ms): Min: 11.2, Avg: 11.4, Max: 11.7, Diff: 0.6, Sum: 205.0]
      [Termination (ms): Min: 0.0, Avg: 0.3, Max: 0.4, Diff: 0.4, Sum: 5.4]
         [Termination Attempts: Min: 1, Avg: 1.1, Max: 2, Diff: 1, Sum: 19]
      [GC Worker Other (ms): Min: 0.0, Avg: 0.0, Max: 0.0, Diff: 0.0, Sum: 0.3]
      [GC Worker Total (ms): Min: 13.8, Avg: 14.0, Max: 14.2, Diff: 0.3, Sum: 251.6]
      [GC Worker End (ms): Min: 2779.0, Avg: 2779.0, Max: 2779.0, Diff: 0.0]
   [Code Root Fixup: 0.0 ms]
   [Code Root Purge: 0.0 ms]
   [Clear CT: 0.2 ms]
   [Other: 1.4 ms]
      [Choose CSet: 0.1 ms]
      [Ref Proc: 0.3 ms]
      [Ref Enq: 0.0 ms]
      [Redirty Cards: 0.3 ms]
      [Humongous Register: 0.3 ms]
      [Humongous Reclaim: 0.1 ms]
      [Free CSet: 0.3 ms]
   [Eden: 44.0M(44.0M)->0.0B(44.0M) Survivors: 7168.0K->7168.0K Heap: 695.3M(1024.0M)->570.7M(1024.0M)]
 [Times: user=0.16 sys=0.09, real=0.02 secs] 
2.806: [GC pause (G1 Evacuation Pause) (mixed), 0.0202756 secs]
   [Parallel Time: 18.5 ms, GC Workers: 18]
      [GC Worker Start (ms): Min: 2806.9, Avg: 2807.1, Max: 2807.2, Diff: 0.3]
      [Ext Root Scanning (ms): Min: 0.0, Avg: 0.1, Max: 0.3, Diff: 0.3, Sum: 2.5]
      [Update RS (ms): Min: 1.5, Avg: 1.7, Max: 1.8, Diff: 0.3, Sum: 30.0]
         [Processed Buffers: Min: 4, Avg: 5.6, Max: 7, Diff: 3, Sum: 101]
      [Scan RS (ms): Min: 0.0, Avg: 0.1, Max: 0.1, Diff: 0.1, Sum: 1.0]
      [Code Root Scanning (ms): Min: 0.0, Avg: 0.0, Max: 0.0, Diff: 0.0, Sum: 0.0]
      [Object Copy (ms): Min: 14.0, Avg: 14.9, Max: 16.2, Diff: 2.2, Sum: 268.0]
      [Termination (ms): Min: 0.0, Avg: 1.2, Max: 2.1, Diff: 2.1, Sum: 22.1]
         [Termination Attempts: Min: 1, Avg: 1.0, Max: 1, Diff: 0, Sum: 18]
      [GC Worker Other (ms): Min: 0.0, Avg: 0.0, Max: 0.0, Diff: 0.0, Sum: 0.4]
      [GC Worker Total (ms): Min: 17.9, Avg: 18.0, Max: 18.2, Diff: 0.4, Sum: 324.1]
      [GC Worker End (ms): Min: 2825.1, Avg: 2825.1, Max: 2825.1, Diff: 0.0]
   [Code Root Fixup: 0.0 ms]
   [Code Root Purge: 0.0 ms]
   [Clear CT: 0.3 ms]
   [Other: 1.5 ms]
      [Choose CSet: 0.1 ms]
      [Ref Proc: 0.4 ms]
      [Ref Enq: 0.0 ms]
      [Redirty Cards: 0.3 ms]
      [Humongous Register: 0.3 ms]
      [Humongous Reclaim: 0.1 ms]
      [Free CSet: 0.3 ms]
   [Eden: 44.0M(44.0M)->0.0B(44.0M) Survivors: 7168.0K->7168.0K Heap: 624.8M(1024.0M)->508.9M(1024.0M)]
 [Times: user=0.16 sys=0.17, real=0.02 secs] 
2.851: [GC pause (G1 Evacuation Pause) (mixed), 0.0148853 secs]
   [Parallel Time: 13.5 ms, GC Workers: 18]
      [GC Worker Start (ms): Min: 2851.4, Avg: 2851.7, Max: 2852.0, Diff: 0.6]
      [Ext Root Scanning (ms): Min: 0.0, Avg: 0.1, Max: 0.4, Diff: 0.4, Sum: 2.1]
      [Update RS (ms): Min: 1.5, Avg: 1.8, Max: 1.9, Diff: 0.4, Sum: 31.6]
         [Processed Buffers: Min: 5, Avg: 6.2, Max: 7, Diff: 2, Sum: 111]
      [Scan RS (ms): Min: 0.0, Avg: 0.0, Max: 0.1, Diff: 0.1, Sum: 0.6]
      [Code Root Scanning (ms): Min: 0.0, Avg: 0.0, Max: 0.0, Diff: 0.0, Sum: 0.0]
      [Object Copy (ms): Min: 9.1, Avg: 9.6, Max: 10.8, Diff: 1.8, Sum: 173.4]
      [Termination (ms): Min: 0.0, Avg: 1.3, Max: 1.8, Diff: 1.8, Sum: 23.1]
         [Termination Attempts: Min: 1, Avg: 1.0, Max: 1, Diff: 0, Sum: 18]
      [GC Worker Other (ms): Min: 0.0, Avg: 0.0, Max: 0.1, Diff: 0.1, Sum: 0.5]
      [GC Worker Total (ms): Min: 12.6, Avg: 12.8, Max: 13.2, Diff: 0.6, Sum: 231.3]
      [GC Worker End (ms): Min: 2864.6, Avg: 2864.6, Max: 2864.6, Diff: 0.0]
   [Code Root Fixup: 0.0 ms]
   [Code Root Purge: 0.0 ms]
   [Clear CT: 0.2 ms]
   [Other: 1.2 ms]
      [Choose CSet: 0.0 ms]
      [Ref Proc: 0.3 ms]
      [Ref Enq: 0.0 ms]
      [Redirty Cards: 0.2 ms]
      [Humongous Register: 0.2 ms]
      [Humongous Reclaim: 0.1 ms]
      [Free CSet: 0.2 ms]
   [Eden: 44.0M(44.0M)->0.0B(289.0M) Survivors: 7168.0K->7168.0K Heap: 564.3M(1024.0M)->498.5M(1024.0M)]
 [Times: user=0.19 sys=0.04, real=0.01 secs] 
2.867: [GC pause (G1 Humongous Allocation) (young) (initial-mark), 0.0038100 secs]
   [Parallel Time: 2.6 ms, GC Workers: 18]
      [GC Worker Start (ms): Min: 2867.7, Avg: 2867.9, Max: 2868.1, Diff: 0.4]
      [Ext Root Scanning (ms): Min: 0.0, Avg: 0.2, Max: 0.5, Diff: 0.5, Sum: 4.2]
      [Update RS (ms): Min: 0.0, Avg: 0.1, Max: 0.6, Diff: 0.6, Sum: 2.7]
         [Processed Buffers: Min: 0, Avg: 1.0, Max: 3, Diff: 3, Sum: 18]
      [Scan RS (ms): Min: 0.0, Avg: 0.0, Max: 0.0, Diff: 0.0, Sum: 0.1]
      [Code Root Scanning (ms): Min: 0.0, Avg: 0.0, Max: 0.0, Diff: 0.0, Sum: 0.0]
      [Object Copy (ms): Min: 1.1, Avg: 1.5, Max: 1.7, Diff: 0.7, Sum: 26.4]
      [Termination (ms): Min: 0.0, Avg: 0.3, Max: 0.6, Diff: 0.6, Sum: 4.8]
         [Termination Attempts: Min: 1, Avg: 1.0, Max: 1, Diff: 0, Sum: 18]
      [GC Worker Other (ms): Min: 0.0, Avg: 0.0, Max: 0.0, Diff: 0.0, Sum: 0.2]
      [GC Worker Total (ms): Min: 2.0, Avg: 2.1, Max: 2.4, Diff: 0.4, Sum: 38.5]
      [GC Worker End (ms): Min: 2870.0, Avg: 2870.1, Max: 2870.1, Diff: 0.0]
   [Code Root Fixup: 0.0 ms]
   [Code Root Purge: 0.0 ms]
   [Clear CT: 0.2 ms]
   [Other: 1.0 ms]
      [Choose CSet: 0.0 ms]
      [Ref Proc: 0.3 ms]
      [Ref Enq: 0.0 ms]
      [Redirty Cards: 0.2 ms]
      [Humongous Register: 0.2 ms]
      [Humongous Reclaim: 0.0 ms]
      [Free CSet: 0.0 ms]
   [Eden: 3072.0K(289.0M)->0.0B(272.0M) Survivors: 7168.0K->8192.0K Heap: 500.8M(1024.0M)->499.3M(1024.0M)]
 [Times: user=0.04 sys=0.00, real=0.01 secs] 
2.871: [GC concurrent-root-region-scan-start]
2.871: [GC concurrent-root-region-scan-end, 0.0001887 secs]
2.871: [GC concurrent-mark-start]
2.874: [GC concurrent-mark-end, 0.0026525 secs]
2.874: [GC remark 2.874: [Finalize Marking, 0.0003362 secs] 2.875: [GC ref-proc, 0.0004279 secs] 2.875: [Unloading, 0.0010000 secs], 0.0027696 secs]
 [Times: user=0.02 sys=0.01, real=0.00 secs] 
2.877: [GC cleanup 509M->505M(1024M), 0.0018468 secs]
 [Times: user=0.02 sys=0.00, real=0.00 secs] 
2.879: [GC concurrent-cleanup-start]
2.879: [GC concurrent-cleanup-end, 0.0000319 secs]
3.028: [GC pause (G1 Evacuation Pause) (young), 0.0324602 secs]
   [Parallel Time: 30.2 ms, GC Workers: 18]
      [GC Worker Start (ms): Min: 3028.9, Avg: 3029.2, Max: 3029.4, Diff: 0.6]
      [Ext Root Scanning (ms): Min: 0.0, Avg: 0.1, Max: 0.4, Diff: 0.4, Sum: 2.4]
      [Update RS (ms): Min: 3.4, Avg: 3.6, Max: 3.7, Diff: 0.3, Sum: 65.1]
         [Processed Buffers: Min: 8, Avg: 11.0, Max: 13, Diff: 5, Sum: 198]
      [Scan RS (ms): Min: 0.0, Avg: 0.0, Max: 0.2, Diff: 0.1, Sum: 0.7]
      [Code Root Scanning (ms): Min: 0.0, Avg: 0.0, Max: 0.0, Diff: 0.0, Sum: 0.0]
      [Object Copy (ms): Min: 25.1, Avg: 25.4, Max: 26.0, Diff: 0.9, Sum: 458.0]
      [Termination (ms): Min: 0.0, Avg: 0.5, Max: 0.8, Diff: 0.8, Sum: 8.5]
         [Termination Attempts: Min: 1, Avg: 1.1, Max: 2, Diff: 1, Sum: 19]
      [GC Worker Other (ms): Min: 0.0, Avg: 0.0, Max: 0.1, Diff: 0.1, Sum: 0.5]
      [GC Worker Total (ms): Min: 29.5, Avg: 29.7, Max: 30.0, Diff: 0.6, Sum: 535.3]
      [GC Worker End (ms): Min: 3058.9, Avg: 3058.9, Max: 3058.9, Diff: 0.1]
   [Code Root Fixup: 0.0 ms]
   [Code Root Purge: 0.0 ms]
   [Clear CT: 0.4 ms]
   [Other: 1.9 ms]
      [Choose CSet: 0.0 ms]
      [Ref Proc: 0.3 ms]
      [Ref Enq: 0.0 ms]
      [Redirty Cards: 0.2 ms]
      [Humongous Register: 0.5 ms]
      [Humongous Reclaim: 0.3 ms]
      [Free CSet: 0.4 ms]
   [Eden: 272.0M(272.0M)->0.0B(16.0M) Survivors: 8192.0K->35.0M Heap: 830.9M(1024.0M)->560.2M(1024.0M)]
 [Times: user=0.46 sys=0.07, real=0.04 secs] 
3.067: [GC pause (G1 Evacuation Pause) (mixed), 0.0221072 secs]
   [Parallel Time: 20.5 ms, GC Workers: 18]
      [GC Worker Start (ms): Min: 3067.8, Avg: 3068.0, Max: 3068.2, Diff: 0.4]
      [Ext Root Scanning (ms): Min: 0.0, Avg: 0.1, Max: 0.3, Diff: 0.3, Sum: 2.5]
      [Update RS (ms): Min: 1.0, Avg: 1.1, Max: 1.2, Diff: 0.2, Sum: 19.9]
         [Processed Buffers: Min: 3, Avg: 4.1, Max: 7, Diff: 4, Sum: 73]
      [Scan RS (ms): Min: 0.0, Avg: 0.1, Max: 0.1, Diff: 0.1, Sum: 1.1]
      [Code Root Scanning (ms): Min: 0.0, Avg: 0.0, Max: 0.0, Diff: 0.0, Sum: 0.0]
      [Object Copy (ms): Min: 18.1, Avg: 18.3, Max: 18.6, Diff: 0.5, Sum: 329.3]
      [Termination (ms): Min: 0.0, Avg: 0.4, Max: 0.6, Diff: 0.6, Sum: 6.5]
         [Termination Attempts: Min: 1, Avg: 1.2, Max: 2, Diff: 1, Sum: 22]
      [GC Worker Other (ms): Min: 0.0, Avg: 0.0, Max: 0.0, Diff: 0.0, Sum: 0.3]
      [GC Worker Total (ms): Min: 19.8, Avg: 20.0, Max: 20.2, Diff: 0.4, Sum: 359.6]
      [GC Worker End (ms): Min: 3087.9, Avg: 3087.9, Max: 3088.0, Diff: 0.0]
   [Code Root Fixup: 0.0 ms]
   [Code Root Purge: 0.0 ms]
   [Clear CT: 0.2 ms]
   [Other: 1.4 ms]
      [Choose CSet: 0.1 ms]
      [Ref Proc: 0.3 ms]
      [Ref Enq: 0.0 ms]
      [Redirty Cards: 0.3 ms]
      [Humongous Register: 0.2 ms]
      [Humongous Reclaim: 0.1 ms]
      [Free CSet: 0.3 ms]
   [Eden: 16.0M(16.0M)->0.0B(45.0M) Survivors: 35.0M->6144.0K Heap: 583.0M(1024.0M)->491.1M(1024.0M)]
 [Times: user=0.26 sys=0.10, real=0.02 secs] 
3.108: [GC pause (G1 Evacuation Pause) (mixed), 0.0122016 secs]
   [Parallel Time: 10.7 ms, GC Workers: 18]
      [GC Worker Start (ms): Min: 3108.2, Avg: 3108.4, Max: 3108.6, Diff: 0.4]
      [Ext Root Scanning (ms): Min: 0.0, Avg: 0.1, Max: 0.3, Diff: 0.3, Sum: 2.3]
      [Update RS (ms): Min: 1.9, Avg: 2.2, Max: 2.4, Diff: 0.5, Sum: 38.9]
         [Processed Buffers: Min: 6, Avg: 6.7, Max: 8, Diff: 2, Sum: 120]
      [Scan RS (ms): Min: 0.0, Avg: 0.0, Max: 0.1, Diff: 0.1, Sum: 0.3]
      [Code Root Scanning (ms): Min: 0.0, Avg: 0.0, Max: 0.0, Diff: 0.0, Sum: 0.0]
      [Object Copy (ms): Min: 6.2, Avg: 6.6, Max: 7.8, Diff: 1.6, Sum: 118.4]
      [Termination (ms): Min: 0.0, Avg: 1.3, Max: 1.6, Diff: 1.6, Sum: 22.6]
         [Termination Attempts: Min: 1, Avg: 1.0, Max: 1, Diff: 0, Sum: 18]
      [GC Worker Other (ms): Min: 0.0, Avg: 0.0, Max: 0.1, Diff: 0.0, Sum: 0.4]
      [GC Worker Total (ms): Min: 10.0, Avg: 10.2, Max: 10.4, Diff: 0.4, Sum: 183.0]
      [GC Worker End (ms): Min: 3118.5, Avg: 3118.6, Max: 3118.6, Diff: 0.0]
   [Code Root Fixup: 0.0 ms]
   [Code Root Purge: 0.0 ms]
   [Clear CT: 0.2 ms]
   [Other: 1.3 ms]
      [Choose CSet: 0.0 ms]
      [Ref Proc: 0.4 ms]
      [Ref Enq: 0.0 ms]
      [Redirty Cards: 0.3 ms]
      [Humongous Register: 0.2 ms]
      [Humongous Reclaim: 0.1 ms]
      [Free CSet: 0.1 ms]
   [Eden: 45.0M(45.0M)->0.0B(275.0M) Survivors: 6144.0K->7168.0K Heap: 548.7M(1024.0M)->498.7M(1024.0M)]
 [Times: user=0.16 sys=0.03, real=0.02 secs] 
3.121: [GC pause (G1 Humongous Allocation) (young) (initial-mark), 0.0043517 secs]
   [Parallel Time: 3.1 ms, GC Workers: 18]
      [GC Worker Start (ms): Min: 3121.7, Avg: 3121.9, Max: 3122.1, Diff: 0.4]
      [Ext Root Scanning (ms): Min: 0.1, Avg: 0.2, Max: 0.4, Diff: 0.3, Sum: 3.4]
      [Update RS (ms): Min: 0.0, Avg: 0.2, Max: 0.3, Diff: 0.3, Sum: 3.0]
         [Processed Buffers: Min: 0, Avg: 0.9, Max: 1, Diff: 1, Sum: 17]
      [Scan RS (ms): Min: 0.0, Avg: 0.0, Max: 0.0, Diff: 0.0, Sum: 0.1]
      [Code Root Scanning (ms): Min: 0.0, Avg: 0.0, Max: 0.0, Diff: 0.0, Sum: 0.0]
      [Object Copy (ms): Min: 1.6, Avg: 1.9, Max: 2.3, Diff: 0.7, Sum: 33.6]
      [Termination (ms): Min: 0.0, Avg: 0.3, Max: 0.6, Diff: 0.6, Sum: 5.8]
         [Termination Attempts: Min: 1, Avg: 1.0, Max: 1, Diff: 0, Sum: 18]
      [GC Worker Other (ms): Min: 0.0, Avg: 0.0, Max: 0.0, Diff: 0.0, Sum: 0.3]
      [GC Worker Total (ms): Min: 2.4, Avg: 2.6, Max: 2.8, Diff: 0.4, Sum: 46.1]
      [GC Worker End (ms): Min: 3124.5, Avg: 3124.5, Max: 3124.5, Diff: 0.0]
   [Code Root Fixup: 0.0 ms]
   [Code Root Purge: 0.0 ms]
   [Clear CT: 0.2 ms]
   [Other: 1.0 ms]
      [Choose CSet: 0.0 ms]
      [Ref Proc: 0.3 ms]
      [Ref Enq: 0.0 ms]
      [Redirty Cards: 0.2 ms]
      [Humongous Register: 0.2 ms]
      [Humongous Reclaim: 0.0 ms]
      [Free CSet: 0.0 ms]
   [Eden: 4096.0K(275.0M)->0.0B(250.0M) Survivors: 7168.0K->8192.0K Heap: 502.5M(1024.0M)->498.3M(1024.0M)]
 [Times: user=0.04 sys=0.00, real=0.00 secs] 
3.126: [GC concurrent-root-region-scan-start]
3.126: [GC concurrent-root-region-scan-end, 0.0002214 secs]
3.126: [GC concurrent-mark-start]
3.128: [GC concurrent-mark-end, 0.0023264 secs]
3.129: [GC remark 3.129: [Finalize Marking, 0.0003631 secs] 3.129: [GC ref-proc, 0.0004097 secs] 3.129: [Unloading, 0.0008696 secs], 0.0027348 secs]
 [Times: user=0.03 sys=0.00, real=0.01 secs] 
3.131: [GC cleanup 508M->507M(1024M), 0.0021253 secs]
 [Times: user=0.02 sys=0.00, real=0.00 secs] 
3.134: [GC concurrent-cleanup-start]
3.134: [GC concurrent-cleanup-end, 0.0000446 secs]
3.232: [GC pause (G1 Evacuation Pause) (young), 0.0331136 secs]
   [Parallel Time: 31.3 ms, GC Workers: 18]
      [GC Worker Start (ms): Min: 3232.0, Avg: 3232.2, Max: 3232.4, Diff: 0.4]
      [Ext Root Scanning (ms): Min: 0.0, Avg: 0.2, Max: 0.4, Diff: 0.4, Sum: 3.1]
      [Update RS (ms): Min: 4.7, Avg: 4.9, Max: 5.0, Diff: 0.2, Sum: 87.6]
         [Processed Buffers: Min: 13, Avg: 14.2, Max: 17, Diff: 4, Sum: 255]
      [Scan RS (ms): Min: 0.0, Avg: 0.0, Max: 0.1, Diff: 0.1, Sum: 0.7]
      [Code Root Scanning (ms): Min: 0.0, Avg: 0.0, Max: 0.0, Diff: 0.0, Sum: 0.0]
      [Object Copy (ms): Min: 24.8, Avg: 25.0, Max: 25.7, Diff: 1.0, Sum: 450.8]
      [Termination (ms): Min: 0.0, Avg: 0.7, Max: 1.0, Diff: 1.0, Sum: 11.9]
         [Termination Attempts: Min: 1, Avg: 1.1, Max: 2, Diff: 1, Sum: 20]
      [GC Worker Other (ms): Min: 0.0, Avg: 0.0, Max: 0.1, Diff: 0.0, Sum: 0.6]
      [GC Worker Total (ms): Min: 30.6, Avg: 30.8, Max: 31.0, Diff: 0.4, Sum: 554.7]
      [GC Worker End (ms): Min: 3263.0, Avg: 3263.0, Max: 3263.1, Diff: 0.0]
   [Code Root Fixup: 0.0 ms]
   [Code Root Purge: 0.0 ms]
   [Clear CT: 0.3 ms]
   [Other: 1.6 ms]
      [Choose CSet: 0.0 ms]
      [Ref Proc: 0.2 ms]
      [Ref Enq: 0.0 ms]
      [Redirty Cards: 0.3 ms]
      [Humongous Register: 0.3 ms]
      [Humongous Reclaim: 0.3 ms]
      [Free CSet: 0.3 ms]
   [Eden: 250.0M(250.0M)->0.0B(18.0M) Survivors: 8192.0K->33.0M Heap: 809.9M(1024.0M)->562.4M(1024.0M)]
 [Times: user=0.42 sys=0.13, real=0.03 secs] 
3.270: [GC pause (G1 Evacuation Pause) (mixed), 0.0238101 secs]
   [Parallel Time: 21.9 ms, GC Workers: 18]
      [GC Worker Start (ms): Min: 3270.4, Avg: 3270.7, Max: 3270.9, Diff: 0.5]
      [Ext Root Scanning (ms): Min: 0.0, Avg: 0.2, Max: 0.4, Diff: 0.4, Sum: 3.0]
      [Update RS (ms): Min: 0.4, Avg: 0.6, Max: 0.7, Diff: 0.3, Sum: 10.0]
         [Processed Buffers: Min: 1, Avg: 2.6, Max: 5, Diff: 4, Sum: 47]
      [Scan RS (ms): Min: 0.0, Avg: 0.1, Max: 0.3, Diff: 0.3, Sum: 1.4]
      [Code Root Scanning (ms): Min: 0.0, Avg: 0.0, Max: 0.1, Diff: 0.1, Sum: 0.1]
      [Object Copy (ms): Min: 18.8, Avg: 19.6, Max: 20.6, Diff: 1.7, Sum: 352.1]
      [Termination (ms): Min: 0.0, Avg: 1.0, Max: 1.7, Diff: 1.7, Sum: 18.4]
         [Termination Attempts: Min: 1, Avg: 1.0, Max: 1, Diff: 0, Sum: 18]
      [GC Worker Other (ms): Min: 0.0, Avg: 0.1, Max: 0.1, Diff: 0.1, Sum: 1.1]
      [GC Worker Total (ms): Min: 21.2, Avg: 21.5, Max: 21.7, Diff: 0.4, Sum: 386.1]
      [GC Worker End (ms): Min: 3292.1, Avg: 3292.1, Max: 3292.2, Diff: 0.1]
   [Code Root Fixup: 0.0 ms]
   [Code Root Purge: 0.0 ms]
   [Clear CT: 0.3 ms]
   [Other: 1.6 ms]
      [Choose CSet: 0.1 ms]
      [Ref Proc: 0.5 ms]
      [Ref Enq: 0.0 ms]
      [Redirty Cards: 0.3 ms]
      [Humongous Register: 0.2 ms]
      [Humongous Reclaim: 0.0 ms]
      [Free CSet: 0.3 ms]
   [Eden: 18.0M(18.0M)->0.0B(44.0M) Survivors: 33.0M->7168.0K Heap: 584.0M(1024.0M)->494.9M(1024.0M)]
 [Times: user=0.29 sys=0.08, real=0.02 secs] 
3.312: [GC pause (G1 Evacuation Pause) (mixed), 0.0140151 secs]
   [Parallel Time: 12.7 ms, GC Workers: 18]
      [GC Worker Start (ms): Min: 3311.7, Avg: 3311.9, Max: 3312.1, Diff: 0.4]
      [Ext Root Scanning (ms): Min: 0.0, Avg: 0.2, Max: 0.4, Diff: 0.4, Sum: 3.0]
      [Update RS (ms): Min: 2.3, Avg: 2.5, Max: 2.7, Diff: 0.4, Sum: 45.5]
         [Processed Buffers: Min: 7, Avg: 7.5, Max: 9, Diff: 2, Sum: 135]
      [Scan RS (ms): Min: 0.0, Avg: 0.0, Max: 0.1, Diff: 0.1, Sum: 0.5]
      [Code Root Scanning (ms): Min: 0.0, Avg: 0.0, Max: 0.0, Diff: 0.0, Sum: 0.0]
      [Object Copy (ms): Min: 8.7, Avg: 9.2, Max: 9.4, Diff: 0.7, Sum: 166.5]
      [Termination (ms): Min: 0.0, Avg: 0.3, Max: 0.6, Diff: 0.6, Sum: 4.7]
         [Termination Attempts: Min: 1, Avg: 1.0, Max: 1, Diff: 0, Sum: 18]
      [GC Worker Other (ms): Min: 0.0, Avg: 0.0, Max: 0.0, Diff: 0.0, Sum: 0.4]
      [GC Worker Total (ms): Min: 12.1, Avg: 12.3, Max: 12.4, Diff: 0.4, Sum: 220.7]
      [GC Worker End (ms): Min: 3324.1, Avg: 3324.2, Max: 3324.2, Diff: 0.0]
   [Code Root Fixup: 0.0 ms]
   [Code Root Purge: 0.0 ms]
   [Clear CT: 0.2 ms]
   [Other: 1.1 ms]
      [Choose CSet: 0.0 ms]
      [Ref Proc: 0.3 ms]
      [Ref Enq: 0.0 ms]
      [Redirty Cards: 0.3 ms]
      [Humongous Register: 0.1 ms]
      [Humongous Reclaim: 0.1 ms]
      [Free CSet: 0.2 ms]
   [Eden: 44.0M(44.0M)->0.0B(269.0M) Survivors: 7168.0K->7168.0K Heap: 553.4M(1024.0M)->485.2M(1024.0M)]
 [Times: user=0.20 sys=0.02, real=0.01 secs] 
3.326: [GC pause (G1 Humongous Allocation) (young) (initial-mark), 0.0035213 secs]
   [Parallel Time: 2.4 ms, GC Workers: 18]
      [GC Worker Start (ms): Min: 3326.2, Avg: 3326.3, Max: 3326.4, Diff: 0.2]
      [Ext Root Scanning (ms): Min: 0.1, Avg: 0.2, Max: 0.3, Diff: 0.2, Sum: 3.7]
      [Update RS (ms): Min: 0.1, Avg: 0.3, Max: 1.4, Diff: 1.3, Sum: 5.9]
         [Processed Buffers: Min: 0, Avg: 1.1, Max: 2, Diff: 2, Sum: 19]
      [Scan RS (ms): Min: 0.0, Avg: 0.0, Max: 0.0, Diff: 0.0, Sum: 0.1]
      [Code Root Scanning (ms): Min: 0.0, Avg: 0.0, Max: 0.0, Diff: 0.0, Sum: 0.0]
      [Object Copy (ms): Min: 0.0, Avg: 1.1, Max: 1.7, Diff: 1.7, Sum: 20.2]
      [Termination (ms): Min: 0.0, Avg: 0.4, Max: 0.7, Diff: 0.7, Sum: 6.6]
         [Termination Attempts: Min: 1, Avg: 1.0, Max: 1, Diff: 0, Sum: 18]
      [GC Worker Other (ms): Min: 0.0, Avg: 0.0, Max: 0.0, Diff: 0.0, Sum: 0.2]
      [GC Worker Total (ms): Min: 2.0, Avg: 2.0, Max: 2.1, Diff: 0.2, Sum: 36.7]
      [GC Worker End (ms): Min: 3328.4, Avg: 3328.4, Max: 3328.4, Diff: 0.0]
   [Code Root Fixup: 0.0 ms]
   [Code Root Purge: 0.0 ms]
   [Clear CT: 0.2 ms]
   [Other: 0.9 ms]
      [Choose CSet: 0.0 ms]
      [Ref Proc: 0.3 ms]
      [Ref Enq: 0.0 ms]
      [Redirty Cards: 0.2 ms]
      [Humongous Register: 0.2 ms]
      [Humongous Reclaim: 0.0 ms]
      [Free CSet: 0.0 ms]
   [Eden: 1024.0K(269.0M)->0.0B(270.0M) Survivors: 7168.0K->7168.0K Heap: 485.8M(1024.0M)->485.1M(1024.0M)]
 [Times: user=0.04 sys=0.00, real=0.00 secs] 
3.330: [GC concurrent-root-region-scan-start]
3.330: [GC concurrent-root-region-scan-end, 0.0001515 secs]
3.330: [GC concurrent-mark-start]
3.332: [GC concurrent-mark-end, 0.0023908 secs]
3.332: [GC remark 3.332: [Finalize Marking, 0.0004120 secs] 3.333: [GC ref-proc, 0.0004215 secs] 3.333: [Unloading, 0.0009612 secs], 0.0027420 secs]
 [Times: user=0.02 sys=0.00, real=0.00 secs] 
3.335: [GC cleanup 494M->492M(1024M), 0.0018068 secs]
 [Times: user=0.01 sys=0.00, real=0.00 secs] 
3.337: [GC concurrent-cleanup-start]
3.337: [GC concurrent-cleanup-end, 0.0000220 secs]
3.440: [GC pause (G1 Evacuation Pause) (young), 0.0355591 secs]
   [Parallel Time: 32.7 ms, GC Workers: 18]
      [GC Worker Start (ms): Min: 3440.5, Avg: 3441.1, Max: 3441.6, Diff: 1.1]
      [Ext Root Scanning (ms): Min: 0.3, Avg: 0.8, Max: 1.5, Diff: 1.2, Sum: 14.6]
      [Update RS (ms): Min: 4.9, Avg: 5.1, Max: 5.3, Diff: 0.4, Sum: 92.3]
         [Processed Buffers: Min: 13, Avg: 14.7, Max: 17, Diff: 4, Sum: 265]
      [Scan RS (ms): Min: 0.0, Avg: 0.1, Max: 0.2, Diff: 0.1, Sum: 1.6]
      [Code Root Scanning (ms): Min: 0.0, Avg: 0.0, Max: 0.0, Diff: 0.0, Sum: 0.0]
      [Object Copy (ms): Min: 24.0, Avg: 24.6, Max: 25.9, Diff: 1.9, Sum: 442.5]
      [Termination (ms): Min: 0.0, Avg: 1.2, Max: 1.8, Diff: 1.8, Sum: 21.6]
         [Termination Attempts: Min: 1, Avg: 1.1, Max: 2, Diff: 1, Sum: 19]
      [GC Worker Other (ms): Min: 0.0, Avg: 0.1, Max: 0.1, Diff: 0.1, Sum: 1.2]
      [GC Worker Total (ms): Min: 31.4, Avg: 31.9, Max: 32.5, Diff: 1.1, Sum: 573.8]
      [GC Worker End (ms): Min: 3473.0, Avg: 3473.0, Max: 3473.1, Diff: 0.1]
   [Code Root Fixup: 0.0 ms]
   [Code Root Purge: 0.0 ms]
   [Clear CT: 0.3 ms]
   [Other: 2.5 ms]
      [Choose CSet: 0.0 ms]
      [Ref Proc: 0.3 ms]
      [Ref Enq: 0.0 ms]
      [Redirty Cards: 0.3 ms]
      [Humongous Register: 0.4 ms]
      [Humongous Reclaim: 0.9 ms]
      [Free CSet: 0.5 ms]
   [Eden: 270.0M(270.0M)->0.0B(16.0M) Survivors: 7168.0K->35.0M Heap: 821.4M(1024.0M)->558.3M(1024.0M)]
 [Times: user=0.47 sys=0.10, real=0.03 secs] 
3.481: [GC pause (G1 Evacuation Pause) (mixed), 0.0229623 secs]
   [Parallel Time: 21.2 ms, GC Workers: 18]
      [GC Worker Start (ms): Min: 3481.8, Avg: 3482.0, Max: 3482.2, Diff: 0.4]
      [Ext Root Scanning (ms): Min: 0.0, Avg: 0.2, Max: 0.3, Diff: 0.3, Sum: 2.7]
      [Update RS (ms): Min: 0.5, Avg: 0.6, Max: 0.7, Diff: 0.2, Sum: 10.1]
         [Processed Buffers: Min: 2, Avg: 2.4, Max: 4, Diff: 2, Sum: 44]
      [Scan RS (ms): Min: 0.2, Avg: 0.3, Max: 0.5, Diff: 0.4, Sum: 5.8]
      [Code Root Scanning (ms): Min: 0.0, Avg: 0.0, Max: 0.0, Diff: 0.0, Sum: 0.0]
      [Object Copy (ms): Min: 19.1, Avg: 19.4, Max: 19.7, Diff: 0.6, Sum: 348.8]
      [Termination (ms): Min: 0.0, Avg: 0.3, Max: 0.6, Diff: 0.6, Sum: 5.8]
         [Termination Attempts: Min: 1, Avg: 1.0, Max: 1, Diff: 0, Sum: 18]
      [GC Worker Other (ms): Min: 0.0, Avg: 0.0, Max: 0.0, Diff: 0.0, Sum: 0.3]
      [GC Worker Total (ms): Min: 20.5, Avg: 20.8, Max: 20.9, Diff: 0.4, Sum: 373.6]
      [GC Worker End (ms): Min: 3502.7, Avg: 3502.7, Max: 3502.7, Diff: 0.0]
   [Code Root Fixup: 0.0 ms]
   [Code Root Purge: 0.0 ms]
   [Clear CT: 0.3 ms]
   [Other: 1.5 ms]
      [Choose CSet: 0.1 ms]
      [Ref Proc: 0.3 ms]
      [Ref Enq: 0.0 ms]
      [Redirty Cards: 0.3 ms]
      [Humongous Register: 0.2 ms]
      [Humongous Reclaim: 0.1 ms]
      [Free CSet: 0.5 ms]
   [Eden: 16.0M(16.0M)->0.0B(46.0M) Survivors: 35.0M->5120.0K Heap: 577.5M(1024.0M)->494.7M(1024.0M)]
 [Times: user=0.29 sys=0.07, real=0.02 secs] 
3.521: [GC pause (G1 Evacuation Pause) (mixed), 0.0104450 secs]
   [Parallel Time: 9.0 ms, GC Workers: 18]
      [GC Worker Start (ms): Min: 3521.3, Avg: 3521.4, Max: 3521.6, Diff: 0.3]
      [Ext Root Scanning (ms): Min: 0.0, Avg: 0.2, Max: 0.3, Diff: 0.3, Sum: 3.4]
      [Update RS (ms): Min: 1.1, Avg: 1.5, Max: 1.7, Diff: 0.6, Sum: 26.8]
         [Processed Buffers: Min: 4, Avg: 4.6, Max: 6, Diff: 2, Sum: 83]
      [Scan RS (ms): Min: 0.0, Avg: 0.0, Max: 0.1, Diff: 0.1, Sum: 0.4]
      [Code Root Scanning (ms): Min: 0.0, Avg: 0.0, Max: 0.0, Diff: 0.0, Sum: 0.0]
      [Object Copy (ms): Min: 6.2, Avg: 6.7, Max: 7.1, Diff: 0.9, Sum: 121.2]
      [Termination (ms): Min: 0.0, Avg: 0.3, Max: 0.7, Diff: 0.7, Sum: 5.3]
         [Termination Attempts: Min: 1, Avg: 1.0, Max: 1, Diff: 0, Sum: 18]
      [GC Worker Other (ms): Min: 0.0, Avg: 0.0, Max: 0.0, Diff: 0.0, Sum: 0.3]
      [GC Worker Total (ms): Min: 8.6, Avg: 8.7, Max: 8.9, Diff: 0.3, Sum: 157.5]
      [GC Worker End (ms): Min: 3530.2, Avg: 3530.2, Max: 3530.2, Diff: 0.0]
   [Code Root Fixup: 0.0 ms]
   [Code Root Purge: 0.0 ms]
   [Clear CT: 0.2 ms]
   [Other: 1.2 ms]
      [Choose CSet: 0.0 ms]
      [Ref Proc: 0.3 ms]
      [Ref Enq: 0.0 ms]
      [Redirty Cards: 0.3 ms]
      [Humongous Register: 0.2 ms]
      [Humongous Reclaim: 0.1 ms]
      [Free CSet: 0.1 ms]
   [Eden: 46.0M(46.0M)->0.0B(258.0M) Survivors: 5120.0K->7168.0K Heap: 548.6M(1024.0M)->509.2M(1024.0M)]
 [Times: user=0.15 sys=0.00, real=0.01 secs] 
3.532: [GC pause (G1 Humongous Allocation) (young) (initial-mark), 0.0033651 secs]
   [Parallel Time: 2.1 ms, GC Workers: 18]
      [GC Worker Start (ms): Min: 3532.2, Avg: 3532.4, Max: 3532.5, Diff: 0.3]
      [Ext Root Scanning (ms): Min: 0.1, Avg: 0.2, Max: 0.3, Diff: 0.3, Sum: 3.5]
      [Update RS (ms): Min: 0.1, Avg: 0.2, Max: 1.1, Diff: 1.1, Sum: 3.9]
         [Processed Buffers: Min: 0, Avg: 0.8, Max: 2, Diff: 2, Sum: 15]
      [Scan RS (ms): Min: 0.0, Avg: 0.0, Max: 0.0, Diff: 0.0, Sum: 0.1]
      [Code Root Scanning (ms): Min: 0.0, Avg: 0.0, Max: 0.0, Diff: 0.0, Sum: 0.0]
      [Object Copy (ms): Min: 0.0, Avg: 0.9, Max: 1.3, Diff: 1.3, Sum: 17.0]
      [Termination (ms): Min: 0.1, Avg: 0.4, Max: 0.7, Diff: 0.6, Sum: 8.0]
         [Termination Attempts: Min: 1, Avg: 1.4, Max: 2, Diff: 1, Sum: 26]
      [GC Worker Other (ms): Min: 0.0, Avg: 0.0, Max: 0.0, Diff: 0.0, Sum: 0.2]
      [GC Worker Total (ms): Min: 1.7, Avg: 1.8, Max: 2.0, Diff: 0.3, Sum: 32.7]
      [GC Worker End (ms): Min: 3534.2, Avg: 3534.2, Max: 3534.2, Diff: 0.0]
   [Code Root Fixup: 0.0 ms]
   [Code Root Purge: 0.0 ms]
   [Clear CT: 0.2 ms]
   [Other: 1.0 ms]
      [Choose CSet: 0.0 ms]
      [Ref Proc: 0.3 ms]
      [Ref Enq: 0.0 ms]
      [Redirty Cards: 0.2 ms]
      [Humongous Register: 0.2 ms]
      [Humongous Reclaim: 0.0 ms]
      [Free CSet: 0.0 ms]
   [Eden: 1024.0K(258.0M)->0.0B(274.0M) Survivors: 7168.0K->7168.0K Heap: 510.0M(1024.0M)->508.5M(1024.0M)]
 [Times: user=0.03 sys=0.01, real=0.00 secs] 
3.535: [GC concurrent-root-region-scan-start]
3.536: [GC concurrent-root-region-scan-end, 0.0004141 secs]
3.536: [GC concurrent-mark-start]
3.539: [GC concurrent-mark-end, 0.0032692 secs]
3.539: [GC remark 3.539: [Finalize Marking, 0.0003560 secs] 3.540: [GC ref-proc, 0.0004296 secs] 3.540: [Unloading, 0.0026987 secs], 0.0051135 secs]
 [Times: user=0.01 sys=0.06, real=0.01 secs] 
3.544: [GC cleanup 520M->518M(1024M), 0.0016940 secs]
 [Times: user=0.01 sys=0.00, real=0.00 secs] 
3.546: [GC concurrent-cleanup-start]
3.546: [GC concurrent-cleanup-end, 0.0000418 secs]
3.644: [GC pause (G1 Evacuation Pause) (young), 0.0344243 secs]
   [Parallel Time: 32.5 ms, GC Workers: 18]
      [GC Worker Start (ms): Min: 3644.7, Avg: 3645.0, Max: 3645.3, Diff: 0.6]
      [Ext Root Scanning (ms): Min: 0.0, Avg: 0.2, Max: 0.5, Diff: 0.5, Sum: 3.7]
      [Update RS (ms): Min: 6.6, Avg: 6.7, Max: 6.8, Diff: 0.3, Sum: 120.4]
         [Processed Buffers: Min: 17, Avg: 18.8, Max: 21, Diff: 4, Sum: 338]
      [Scan RS (ms): Min: 0.0, Avg: 0.1, Max: 0.1, Diff: 0.1, Sum: 1.2]
      [Code Root Scanning (ms): Min: 0.0, Avg: 0.0, Max: 0.0, Diff: 0.0, Sum: 0.0]
      [Object Copy (ms): Min: 24.1, Avg: 24.4, Max: 25.0, Diff: 0.9, Sum: 439.1]
      [Termination (ms): Min: 0.0, Avg: 0.5, Max: 0.8, Diff: 0.8, Sum: 9.3]
         [Termination Attempts: Min: 1, Avg: 1.1, Max: 2, Diff: 1, Sum: 19]
      [GC Worker Other (ms): Min: 0.0, Avg: 0.0, Max: 0.1, Diff: 0.1, Sum: 0.7]
      [GC Worker Total (ms): Min: 31.6, Avg: 31.9, Max: 32.2, Diff: 0.6, Sum: 574.5]
      [GC Worker End (ms): Min: 3676.9, Avg: 3676.9, Max: 3676.9, Diff: 0.1]
   [Code Root Fixup: 0.0 ms]
   [Code Root Purge: 0.0 ms]
   [Clear CT: 0.3 ms]
   [Other: 1.7 ms]
      [Choose CSet: 0.0 ms]
      [Ref Proc: 0.3 ms]
      [Ref Enq: 0.0 ms]
      [Redirty Cards: 0.3 ms]
      [Humongous Register: 0.3 ms]
      [Humongous Reclaim: 0.3 ms]
      [Free CSet: 0.4 ms]
   [Eden: 274.0M(274.0M)->0.0B(15.0M) Survivors: 7168.0K->36.0M Heap: 840.2M(1024.0M)->585.3M(1024.0M)]
 [Times: user=0.47 sys=0.09, real=0.03 secs] 
3.684: [GC pause (G1 Evacuation Pause) (mixed), 0.0213336 secs]
   [Parallel Time: 19.5 ms, GC Workers: 18]
      [GC Worker Start (ms): Min: 3684.2, Avg: 3684.4, Max: 3684.6, Diff: 0.4]
      [Ext Root Scanning (ms): Min: 0.0, Avg: 0.2, Max: 0.3, Diff: 0.3, Sum: 2.7]
      [Update RS (ms): Min: 0.4, Avg: 0.4, Max: 0.5, Diff: 0.1, Sum: 7.7]
         [Processed Buffers: Min: 1, Avg: 2.1, Max: 4, Diff: 3, Sum: 38]
      [Scan RS (ms): Min: 0.0, Avg: 0.1, Max: 0.3, Diff: 0.3, Sum: 1.8]
      [Code Root Scanning (ms): Min: 0.0, Avg: 0.0, Max: 0.0, Diff: 0.0, Sum: 0.0]
      [Object Copy (ms): Min: 17.7, Avg: 18.0, Max: 18.3, Diff: 0.6, Sum: 324.1]
      [Termination (ms): Min: 0.0, Avg: 0.3, Max: 0.6, Diff: 0.6, Sum: 5.4]
         [Termination Attempts: Min: 1, Avg: 1.0, Max: 1, Diff: 0, Sum: 18]
      [GC Worker Other (ms): Min: 0.0, Avg: 0.0, Max: 0.1, Diff: 0.1, Sum: 0.6]
      [GC Worker Total (ms): Min: 18.8, Avg: 19.0, Max: 19.2, Diff: 0.4, Sum: 342.4]
      [GC Worker End (ms): Min: 3703.4, Avg: 3703.4, Max: 3703.5, Diff: 0.0]
   [Code Root Fixup: 0.0 ms]
   [Code Root Purge: 0.0 ms]
   [Clear CT: 0.4 ms]
   [Other: 1.4 ms]
      [Choose CSet: 0.1 ms]
      [Ref Proc: 0.3 ms]
      [Ref Enq: 0.0 ms]
      [Redirty Cards: 0.2 ms]
      [Humongous Register: 0.2 ms]
      [Humongous Reclaim: 0.0 ms]
      [Free CSet: 0.4 ms]
   [Eden: 15.0M(15.0M)->0.0B(46.0M) Survivors: 36.0M->5120.0K Heap: 602.6M(1024.0M)->515.6M(1024.0M)]
 [Times: user=0.31 sys=0.03, real=0.02 secs] 
3.723: [GC pause (G1 Evacuation Pause) (mixed), 0.0166931 secs]
   [Parallel Time: 15.2 ms, GC Workers: 18]
      [GC Worker Start (ms): Min: 3723.2, Avg: 3723.3, Max: 3723.5, Diff: 0.2]
      [Ext Root Scanning (ms): Min: 0.1, Avg: 0.2, Max: 0.3, Diff: 0.2, Sum: 3.5]
      [Update RS (ms): Min: 2.2, Avg: 2.4, Max: 2.6, Diff: 0.4, Sum: 43.1]
         [Processed Buffers: Min: 7, Avg: 7.4, Max: 9, Diff: 2, Sum: 134]
      [Scan RS (ms): Min: 0.0, Avg: 0.0, Max: 0.1, Diff: 0.1, Sum: 0.6]
      [Code Root Scanning (ms): Min: 0.0, Avg: 0.0, Max: 0.0, Diff: 0.0, Sum: 0.0]
      [Object Copy (ms): Min: 10.4, Avg: 10.8, Max: 12.0, Diff: 1.6, Sum: 193.6]
      [Termination (ms): Min: 0.0, Avg: 1.4, Max: 1.5, Diff: 1.5, Sum: 24.6]
         [Termination Attempts: Min: 1, Avg: 1.0, Max: 1, Diff: 0, Sum: 18]
      [GC Worker Other (ms): Min: 0.0, Avg: 0.0, Max: 0.1, Diff: 0.0, Sum: 0.4]
      [GC Worker Total (ms): Min: 14.6, Avg: 14.8, Max: 14.9, Diff: 0.3, Sum: 265.8]
      [GC Worker End (ms): Min: 3738.1, Avg: 3738.1, Max: 3738.1, Diff: 0.0]
   [Code Root Fixup: 0.0 ms]
   [Code Root Purge: 0.0 ms]
   [Clear CT: 0.2 ms]
   [Other: 1.3 ms]
      [Choose CSet: 0.0 ms]
      [Ref Proc: 0.2 ms]
      [Ref Enq: 0.0 ms]
      [Redirty Cards: 0.3 ms]
      [Humongous Register: 0.2 ms]
      [Humongous Reclaim: 0.1 ms]
      [Free CSet: 0.2 ms]
   [Eden: 46.0M(46.0M)->0.0B(269.0M) Survivors: 5120.0K->7168.0K Heap: 576.0M(1024.0M)->508.8M(1024.0M)]
 [Times: user=0.26 sys=0.01, real=0.01 secs] 
3.741: [GC pause (G1 Humongous Allocation) (young) (initial-mark), 0.0039306 secs]
   [Parallel Time: 2.8 ms, GC Workers: 18]
      [GC Worker Start (ms): Min: 3741.3, Avg: 3741.5, Max: 3741.6, Diff: 0.3]
      [Ext Root Scanning (ms): Min: 0.0, Avg: 0.2, Max: 0.3, Diff: 0.3, Sum: 3.0]
      [Update RS (ms): Min: 0.1, Avg: 0.3, Max: 1.8, Diff: 1.7, Sum: 5.9]
         [Processed Buffers: Min: 0, Avg: 1.1, Max: 2, Diff: 2, Sum: 19]
      [Scan RS (ms): Min: 0.0, Avg: 0.0, Max: 0.0, Diff: 0.0, Sum: 0.1]
      [Code Root Scanning (ms): Min: 0.0, Avg: 0.0, Max: 0.0, Diff: 0.0, Sum: 0.0]
      [Object Copy (ms): Min: 0.0, Avg: 1.6, Max: 2.0, Diff: 2.0, Sum: 28.5]
      [Termination (ms): Min: 0.0, Avg: 0.3, Max: 0.6, Diff: 0.6, Sum: 6.2]
         [Termination Attempts: Min: 1, Avg: 1.0, Max: 1, Diff: 0, Sum: 18]
      [GC Worker Other (ms): Min: 0.0, Avg: 0.0, Max: 0.0, Diff: 0.0, Sum: 0.3]
      [GC Worker Total (ms): Min: 2.3, Avg: 2.4, Max: 2.6, Diff: 0.3, Sum: 44.0]
      [GC Worker End (ms): Min: 3743.9, Avg: 3743.9, Max: 3743.9, Diff: 0.0]
   [Code Root Fixup: 0.0 ms]
   [Code Root Purge: 0.0 ms]
   [Clear CT: 0.2 ms]
   [Other: 0.9 ms]
      [Choose CSet: 0.0 ms]
      [Ref Proc: 0.3 ms]
      [Ref Enq: 0.0 ms]
      [Redirty Cards: 0.2 ms]
      [Humongous Register: 0.2 ms]
      [Humongous Reclaim: 0.0 ms]
      [Free CSet: 0.0 ms]
   [Eden: 4096.0K(269.0M)->0.0B(240.0M) Survivors: 7168.0K->9216.0K Heap: 512.0M(1024.0M)->510.4M(1024.0M)]
 [Times: user=0.04 sys=0.00, real=0.00 secs] 
3.745: [GC concurrent-root-region-scan-start]
3.745: [GC concurrent-root-region-scan-end, 0.0001020 secs]
3.745: [GC concurrent-mark-start]
3.747: [GC concurrent-mark-end, 0.0022780 secs]
3.747: [GC remark 3.748: [Finalize Marking, 0.0004270 secs] 3.748: [GC ref-proc, 0.0004086 secs] 3.748: [Unloading, 0.0009240 secs], 0.0026323 secs]
 [Times: user=0.02 sys=0.00, real=0.01 secs] 
3.750: [GC cleanup 519M->516M(1024M), 0.0017016 secs]
 [Times: user=0.01 sys=0.00, real=0.00 secs] 
3.752: [GC concurrent-cleanup-start]
3.752: [GC concurrent-cleanup-end, 0.0000229 secs]
3.846: [GC pause (G1 Evacuation Pause) (young), 0.0327213 secs]
   [Parallel Time: 30.8 ms, GC Workers: 18]
      [GC Worker Start (ms): Min: 3846.1, Avg: 3846.3, Max: 3846.5, Diff: 0.4]
      [Ext Root Scanning (ms): Min: 0.0, Avg: 0.1, Max: 0.3, Diff: 0.3, Sum: 2.7]
      [Update RS (ms): Min: 7.5, Avg: 7.6, Max: 7.7, Diff: 0.2, Sum: 136.0]
         [Processed Buffers: Min: 20, Avg: 21.9, Max: 25, Diff: 5, Sum: 395]
      [Scan RS (ms): Min: 0.0, Avg: 0.1, Max: 0.4, Diff: 0.4, Sum: 1.4]
      [Code Root Scanning (ms): Min: 0.0, Avg: 0.0, Max: 0.0, Diff: 0.0, Sum: 0.0]
      [Object Copy (ms): Min: 22.2, Avg: 22.4, Max: 22.7, Diff: 0.5, Sum: 403.4]
      [Termination (ms): Min: 0.0, Avg: 0.3, Max: 0.5, Diff: 0.5, Sum: 5.1]
         [Termination Attempts: Min: 1, Avg: 1.1, Max: 2, Diff: 1, Sum: 20]
      [GC Worker Other (ms): Min: 0.0, Avg: 0.0, Max: 0.1, Diff: 0.1, Sum: 0.7]
      [GC Worker Total (ms): Min: 30.3, Avg: 30.5, Max: 30.7, Diff: 0.4, Sum: 549.2]
      [GC Worker End (ms): Min: 3876.8, Avg: 3876.8, Max: 3876.8, Diff: 0.1]
   [Code Root Fixup: 0.0 ms]
   [Code Root Purge: 0.0 ms]
   [Clear CT: 0.2 ms]
   [Other: 1.7 ms]
      [Choose CSet: 0.0 ms]
      [Ref Proc: 0.3 ms]
      [Ref Enq: 0.0 ms]
      [Redirty Cards: 0.3 ms]
      [Humongous Register: 0.3 ms]
      [Humongous Reclaim: 0.3 ms]
      [Free CSet: 0.3 ms]
   [Eden: 240.0M(240.0M)->0.0B(19.0M) Survivors: 9216.0K->32.0M Heap: 814.5M(1024.0M)->575.1M(1024.0M)]
 [Times: user=0.52 sys=0.01, real=0.03 secs] 
3.886: [GC pause (G1 Evacuation Pause) (mixed), 0.0203075 secs]
   [Parallel Time: 18.4 ms, GC Workers: 18]
      [GC Worker Start (ms): Min: 3886.2, Avg: 3886.5, Max: 3886.7, Diff: 0.5]
      [Ext Root Scanning (ms): Min: 0.0, Avg: 0.1, Max: 0.4, Diff: 0.4, Sum: 1.9]
      [Update RS (ms): Min: 0.3, Avg: 0.5, Max: 0.6, Diff: 0.2, Sum: 8.2]
         [Processed Buffers: Min: 1, Avg: 2.1, Max: 3, Diff: 2, Sum: 37]
      [Scan RS (ms): Min: 0.0, Avg: 0.1, Max: 0.4, Diff: 0.4, Sum: 1.8]
      [Code Root Scanning (ms): Min: 0.0, Avg: 0.0, Max: 0.0, Diff: 0.0, Sum: 0.0]
      [Object Copy (ms): Min: 16.2, Avg: 16.5, Max: 17.3, Diff: 1.1, Sum: 296.8]
      [Termination (ms): Min: 0.0, Avg: 0.7, Max: 1.0, Diff: 1.0, Sum: 13.2]
         [Termination Attempts: Min: 1, Avg: 1.1, Max: 2, Diff: 1, Sum: 20]
      [GC Worker Other (ms): Min: 0.0, Avg: 0.0, Max: 0.1, Diff: 0.1, Sum: 0.7]
      [GC Worker Total (ms): Min: 17.7, Avg: 17.9, Max: 18.2, Diff: 0.5, Sum: 322.5]
      [GC Worker End (ms): Min: 3904.4, Avg: 3904.5, Max: 3904.5, Diff: 0.0]
   [Code Root Fixup: 0.0 ms]
   [Code Root Purge: 0.0 ms]
   [Clear CT: 0.2 ms]
   [Other: 1.6 ms]
      [Choose CSet: 0.1 ms]
      [Ref Proc: 0.3 ms]
      [Ref Enq: 0.0 ms]
      [Redirty Cards: 0.3 ms]
      [Humongous Register: 0.3 ms]
      [Humongous Reclaim: 0.1 ms]
      [Free CSet: 0.4 ms]
   [Eden: 19.0M(19.0M)->0.0B(45.0M) Survivors: 32.0M->6144.0K Heap: 596.7M(1024.0M)->498.5M(1024.0M)]
 [Times: user=0.30 sys=0.02, real=0.02 secs] 
3.925: [GC pause (G1 Evacuation Pause) (mixed), 0.0135472 secs]
   [Parallel Time: 12.0 ms, GC Workers: 18]
      [GC Worker Start (ms): Min: 3925.4, Avg: 3928.8, Max: 3933.4, Diff: 8.0]
      [Ext Root Scanning (ms): Min: 0.0, Avg: 0.2, Max: 0.4, Diff: 0.4, Sum: 3.5]
      [Update RS (ms): Min: 0.0, Avg: 2.1, Max: 8.8, Diff: 8.8, Sum: 38.5]
         [Processed Buffers: Min: 0, Avg: 6.9, Max: 17, Diff: 17, Sum: 125]
      [Scan RS (ms): Min: 0.0, Avg: 0.0, Max: 0.1, Diff: 0.1, Sum: 0.8]
      [Code Root Scanning (ms): Min: 0.0, Avg: 0.0, Max: 0.0, Diff: 0.0, Sum: 0.0]
      [Object Copy (ms): Min: 2.1, Avg: 5.7, Max: 8.3, Diff: 6.1, Sum: 102.7]
      [Termination (ms): Min: 0.0, Avg: 0.2, Max: 0.4, Diff: 0.4, Sum: 3.8]
         [Termination Attempts: Min: 1, Avg: 1.1, Max: 2, Diff: 1, Sum: 19]
      [GC Worker Other (ms): Min: 0.0, Avg: 0.0, Max: 0.1, Diff: 0.1, Sum: 0.7]
      [GC Worker Total (ms): Min: 3.7, Avg: 8.3, Max: 11.8, Diff: 8.0, Sum: 150.1]
      [GC Worker End (ms): Min: 3937.1, Avg: 3937.1, Max: 3937.1, Diff: 0.0]
   [Code Root Fixup: 0.0 ms]
   [Code Root Purge: 0.0 ms]
   [Clear CT: 0.2 ms]
   [Other: 1.3 ms]
      [Choose CSet: 0.0 ms]
      [Ref Proc: 0.3 ms]
      [Ref Enq: 0.0 ms]
      [Redirty Cards: 0.3 ms]
      [Humongous Register: 0.2 ms]
      [Humongous Reclaim: 0.1 ms]
      [Free CSet: 0.2 ms]
   [Eden: 45.0M(45.0M)->0.0B(260.0M) Survivors: 6144.0K->7168.0K Heap: 556.6M(1024.0M)->492.5M(1024.0M)]
 [Times: user=0.14 sys=0.00, real=0.01 secs] 
3.941: [GC pause (G1 Humongous Allocation) (young) (initial-mark), 0.0045310 secs]
   [Parallel Time: 3.4 ms, GC Workers: 18]
      [GC Worker Start (ms): Min: 3941.1, Avg: 3941.2, Max: 3941.3, Diff: 0.1]
      [Ext Root Scanning (ms): Min: 0.2, Avg: 0.2, Max: 0.3, Diff: 0.1, Sum: 4.4]
      [Update RS (ms): Min: 0.0, Avg: 0.3, Max: 1.0, Diff: 0.9, Sum: 5.1]
         [Processed Buffers: Min: 0, Avg: 0.9, Max: 2, Diff: 2, Sum: 16]
      [Scan RS (ms): Min: 0.0, Avg: 0.0, Max: 0.0, Diff: 0.0, Sum: 0.1]
      [Code Root Scanning (ms): Min: 0.0, Avg: 0.0, Max: 0.0, Diff: 0.0, Sum: 0.0]
      [Object Copy (ms): Min: 1.3, Avg: 2.2, Max: 2.8, Diff: 1.4, Sum: 39.9]
      [Termination (ms): Min: 0.0, Avg: 0.3, Max: 0.7, Diff: 0.7, Sum: 5.5]
         [Termination Attempts: Min: 1, Avg: 1.1, Max: 2, Diff: 1, Sum: 19]
      [GC Worker Other (ms): Min: 0.0, Avg: 0.0, Max: 0.0, Diff: 0.0, Sum: 0.2]
      [GC Worker Total (ms): Min: 3.0, Avg: 3.1, Max: 3.1, Diff: 0.1, Sum: 55.2]
      [GC Worker End (ms): Min: 3944.3, Avg: 3944.3, Max: 3944.3, Diff: 0.0]
   [Code Root Fixup: 0.0 ms]
   [Code Root Purge: 0.0 ms]
   [Clear CT: 0.2 ms]
   [Other: 0.9 ms]
      [Choose CSet: 0.0 ms]
      [Ref Proc: 0.3 ms]
      [Ref Enq: 0.0 ms]
      [Redirty Cards: 0.2 ms]
      [Humongous Register: 0.2 ms]
      [Humongous Reclaim: 0.0 ms]
      [Free CSet: 0.0 ms]
   [Eden: 8192.0K(260.0M)->0.0B(245.0M) Survivors: 7168.0K->11.0M Heap: 500.1M(1024.0M)->496.4M(1024.0M)]
 [Times: user=0.06 sys=0.01, real=0.00 secs] 
3.946: [GC concurrent-root-region-scan-start]
3.946: [GC concurrent-root-region-scan-end, 0.0001120 secs]
3.946: [GC concurrent-mark-start]
3.948: [GC concurrent-mark-end, 0.0022571 secs]
3.948: [GC remark 3.948: [Finalize Marking, 0.0003914 secs] 3.948: [GC ref-proc, 0.0004142 secs] 3.949: [Unloading, 0.0009697 secs], 0.0025935 secs]
 [Times: user=0.01 sys=0.01, real=0.01 secs] 
3.951: [GC cleanup 506M->501M(1024M), 0.0016383 secs]
 [Times: user=0.02 sys=0.00, real=0.00 secs] 
3.952: [GC concurrent-cleanup-start]
3.953: [GC concurrent-cleanup-end, 0.0000533 secs]
4.043: [GC pause (G1 Evacuation Pause) (young), 0.0329600 secs]
   [Parallel Time: 31.0 ms, GC Workers: 18]
      [GC Worker Start (ms): Min: 4043.3, Avg: 4043.5, Max: 4043.6, Diff: 0.3]
      [Ext Root Scanning (ms): Min: 0.0, Avg: 0.2, Max: 0.3, Diff: 0.3, Sum: 3.1]
      [Update RS (ms): Min: 7.2, Avg: 7.3, Max: 7.5, Diff: 0.3, Sum: 131.6]
         [Processed Buffers: Min: 20, Avg: 22.7, Max: 28, Diff: 8, Sum: 408]
      [Scan RS (ms): Min: 0.0, Avg: 0.1, Max: 0.2, Diff: 0.2, Sum: 1.4]
      [Code Root Scanning (ms): Min: 0.0, Avg: 0.0, Max: 0.0, Diff: 0.0, Sum: 0.0]
      [Object Copy (ms): Min: 22.1, Avg: 22.6, Max: 22.9, Diff: 0.9, Sum: 406.2]
      [Termination (ms): Min: 0.0, Avg: 0.3, Max: 0.6, Diff: 0.6, Sum: 6.2]
         [Termination Attempts: Min: 1, Avg: 1.0, Max: 1, Diff: 0, Sum: 18]
      [GC Worker Other (ms): Min: 0.0, Avg: 0.0, Max: 0.1, Diff: 0.1, Sum: 0.6]
      [GC Worker Total (ms): Min: 30.4, Avg: 30.5, Max: 30.7, Diff: 0.4, Sum: 549.1]
      [GC Worker End (ms): Min: 4074.0, Avg: 4074.0, Max: 4074.1, Diff: 0.1]
   [Code Root Fixup: 0.0 ms]
   [Code Root Purge: 0.0 ms]
   [Clear CT: 0.3 ms]
   [Other: 1.6 ms]
      [Choose CSet: 0.0 ms]
      [Ref Proc: 0.3 ms]
      [Ref Enq: 0.0 ms]
      [Redirty Cards: 0.2 ms]
      [Humongous Register: 0.3 ms]
      [Humongous Reclaim: 0.3 ms]
      [Free CSet: 0.3 ms]
   [Eden: 245.0M(245.0M)->0.0B(19.0M) Survivors: 11.0M->32.0M Heap: 807.5M(1024.0M)->565.6M(1024.0M)]
 [Times: user=0.52 sys=0.02, real=0.03 secs] 
4.084: [GC pause (G1 Evacuation Pause) (mixed), 0.0221187 secs]
   [Parallel Time: 20.3 ms, GC Workers: 18]
      [GC Worker Start (ms): Min: 4084.1, Avg: 4084.3, Max: 4084.5, Diff: 0.4]
      [Ext Root Scanning (ms): Min: 0.0, Avg: 0.1, Max: 0.3, Diff: 0.3, Sum: 2.3]
      [Update RS (ms): Min: 0.8, Avg: 1.0, Max: 1.2, Diff: 0.4, Sum: 18.2]
         [Processed Buffers: Min: 2, Avg: 3.6, Max: 5, Diff: 3, Sum: 64]
      [Scan RS (ms): Min: 0.0, Avg: 0.1, Max: 0.2, Diff: 0.1, Sum: 1.0]
      [Code Root Scanning (ms): Min: 0.0, Avg: 0.0, Max: 0.0, Diff: 0.0, Sum: 0.0]
      [Object Copy (ms): Min: 18.3, Avg: 18.5, Max: 18.7, Diff: 0.4, Sum: 332.5]
      [Termination (ms): Min: 0.0, Avg: 0.1, Max: 0.2, Diff: 0.2, Sum: 2.0]
         [Termination Attempts: Min: 1, Avg: 1.6, Max: 3, Diff: 2, Sum: 29]
      [GC Worker Other (ms): Min: 0.0, Avg: 0.0, Max: 0.1, Diff: 0.0, Sum: 0.4]
      [GC Worker Total (ms): Min: 19.6, Avg: 19.8, Max: 20.0, Diff: 0.5, Sum: 356.4]
      [GC Worker End (ms): Min: 4104.1, Avg: 4104.1, Max: 4104.1, Diff: 0.0]
   [Code Root Fixup: 0.0 ms]
   [Code Root Purge: 0.0 ms]
   [Clear CT: 0.3 ms]
   [Other: 1.5 ms]
      [Choose CSet: 0.1 ms]
      [Ref Proc: 0.3 ms]
      [Ref Enq: 0.0 ms]
      [Redirty Cards: 0.3 ms]
      [Humongous Register: 0.3 ms]
      [Humongous Reclaim: 0.1 ms]
      [Free CSet: 0.4 ms]
   [Eden: 19.0M(19.0M)->0.0B(45.0M) Survivors: 32.0M->6144.0K Heap: 590.2M(1024.0M)->500.4M(1024.0M)]
 [Times: user=0.32 sys=0.03, real=0.02 secs] 
4.122: [GC pause (G1 Evacuation Pause) (mixed), 0.0125023 secs]
   [Parallel Time: 11.2 ms, GC Workers: 18]
      [GC Worker Start (ms): Min: 4122.7, Avg: 4122.8, Max: 4123.0, Diff: 0.3]
      [Ext Root Scanning (ms): Min: 0.0, Avg: 0.2, Max: 0.3, Diff: 0.3, Sum: 3.1]
      [Update RS (ms): Min: 1.5, Avg: 1.6, Max: 1.8, Diff: 0.3, Sum: 29.7]
         [Processed Buffers: Min: 4, Avg: 5.3, Max: 7, Diff: 3, Sum: 96]
      [Scan RS (ms): Min: 0.0, Avg: 0.0, Max: 0.1, Diff: 0.1, Sum: 0.7]
      [Code Root Scanning (ms): Min: 0.0, Avg: 0.0, Max: 0.0, Diff: 0.0, Sum: 0.0]
      [Object Copy (ms): Min: 8.2, Avg: 8.5, Max: 9.0, Diff: 0.8, Sum: 153.2]
      [Termination (ms): Min: 0.0, Avg: 0.3, Max: 0.6, Diff: 0.6, Sum: 6.2]
         [Termination Attempts: Min: 1, Avg: 1.1, Max: 2, Diff: 1, Sum: 19]
      [GC Worker Other (ms): Min: 0.0, Avg: 0.0, Max: 0.0, Diff: 0.0, Sum: 0.4]
      [GC Worker Total (ms): Min: 10.6, Avg: 10.7, Max: 10.9, Diff: 0.3, Sum: 193.3]
      [GC Worker End (ms): Min: 4133.6, Avg: 4133.6, Max: 4133.6, Diff: 0.0]
   [Code Root Fixup: 0.0 ms]
   [Code Root Purge: 0.0 ms]
   [Clear CT: 0.2 ms]
   [Other: 1.1 ms]
      [Choose CSet: 0.0 ms]
      [Ref Proc: 0.2 ms]
      [Ref Enq: 0.0 ms]
      [Redirty Cards: 0.2 ms]
      [Humongous Register: 0.2 ms]
      [Humongous Reclaim: 0.1 ms]
      [Free CSet: 0.1 ms]
   [Eden: 45.0M(45.0M)->0.0B(249.0M) Survivors: 6144.0K->7168.0K Heap: 555.0M(1024.0M)->501.8M(1024.0M)]
 [Times: user=0.17 sys=0.02, real=0.01 secs] 
4.136: [GC pause (G1 Humongous Allocation) (young) (initial-mark), 0.0037546 secs]
   [Parallel Time: 2.5 ms, GC Workers: 18]
      [GC Worker Start (ms): Min: 4136.7, Avg: 4136.9, Max: 4137.1, Diff: 0.4]
      [Ext Root Scanning (ms): Min: 0.0, Avg: 0.2, Max: 0.4, Diff: 0.4, Sum: 3.2]
      [Update RS (ms): Min: 0.1, Avg: 0.2, Max: 0.4, Diff: 0.4, Sum: 3.3]
         [Processed Buffers: Min: 0, Avg: 1.0, Max: 2, Diff: 2, Sum: 18]
      [Scan RS (ms): Min: 0.0, Avg: 0.0, Max: 0.0, Diff: 0.0, Sum: 0.1]
      [Code Root Scanning (ms): Min: 0.0, Avg: 0.0, Max: 0.0, Diff: 0.0, Sum: 0.0]
      [Object Copy (ms): Min: 1.2, Avg: 1.5, Max: 1.7, Diff: 0.5, Sum: 27.4]
      [Termination (ms): Min: 0.0, Avg: 0.2, Max: 0.3, Diff: 0.3, Sum: 2.9]
         [Termination Attempts: Min: 1, Avg: 1.0, Max: 1, Diff: 0, Sum: 18]
      [GC Worker Other (ms): Min: 0.0, Avg: 0.0, Max: 0.0, Diff: 0.0, Sum: 0.3]
      [GC Worker Total (ms): Min: 1.9, Avg: 2.1, Max: 2.3, Diff: 0.4, Sum: 37.1]
      [GC Worker End (ms): Min: 4139.0, Avg: 4139.0, Max: 4139.0, Diff: 0.0]
   [Code Root Fixup: 0.0 ms]
   [Code Root Purge: 0.0 ms]
   [Clear CT: 0.3 ms]
   [Other: 0.9 ms]
      [Choose CSet: 0.0 ms]
      [Ref Proc: 0.2 ms]
      [Ref Enq: 0.0 ms]
      [Redirty Cards: 0.2 ms]
      [Humongous Register: 0.2 ms]
      [Humongous Reclaim: 0.0 ms]
      [Free CSet: 0.0 ms]
   [Eden: 3072.0K(249.0M)->0.0B(257.0M) Survivors: 7168.0K->9216.0K Heap: 504.7M(1024.0M)->502.8M(1024.0M)]
 [Times: user=0.04 sys=0.00, real=0.01 secs] 
4.140: [GC concurrent-root-region-scan-start]
4.140: [GC concurrent-root-region-scan-end, 0.0001815 secs]
4.140: [GC concurrent-mark-start]
4.143: [GC concurrent-mark-end, 0.0022983 secs]
4.143: [GC remark 4.143: [Finalize Marking, 0.0006141 secs] 4.144: [GC ref-proc, 0.0004258 secs] 4.144: [Unloading, 0.0009899 secs], 0.0028421 secs]
 [Times: user=0.02 sys=0.00, real=0.00 secs] 
4.146: [GC cleanup 514M->513M(1024M), 0.0016713 secs]
 [Times: user=0.02 sys=0.00, real=0.00 secs] 
4.148: [GC concurrent-cleanup-start]
4.148: [GC concurrent-cleanup-end, 0.0000189 secs]
4.244: [GC pause (G1 Evacuation Pause) (young), 0.0331316 secs]
   [Parallel Time: 31.2 ms, GC Workers: 18]
      [GC Worker Start (ms): Min: 4243.9, Avg: 4244.1, Max: 4244.3, Diff: 0.4]
      [Ext Root Scanning (ms): Min: 0.0, Avg: 0.2, Max: 0.4, Diff: 0.4, Sum: 2.8]
      [Update RS (ms): Min: 7.5, Avg: 7.6, Max: 7.7, Diff: 0.3, Sum: 137.3]
         [Processed Buffers: Min: 19, Avg: 22.2, Max: 26, Diff: 7, Sum: 399]
      [Scan RS (ms): Min: 0.0, Avg: 0.1, Max: 0.1, Diff: 0.1, Sum: 1.0]
      [Code Root Scanning (ms): Min: 0.0, Avg: 0.0, Max: 0.0, Diff: 0.0, Sum: 0.0]
      [Object Copy (ms): Min: 22.1, Avg: 22.5, Max: 22.9, Diff: 0.8, Sum: 405.8]
      [Termination (ms): Min: 0.0, Avg: 0.3, Max: 0.7, Diff: 0.7, Sum: 5.6]
         [Termination Attempts: Min: 1, Avg: 1.1, Max: 2, Diff: 1, Sum: 19]
      [GC Worker Other (ms): Min: 0.0, Avg: 0.0, Max: 0.1, Diff: 0.1, Sum: 0.6]
      [GC Worker Total (ms): Min: 30.6, Avg: 30.7, Max: 31.0, Diff: 0.4, Sum: 553.2]
      [GC Worker End (ms): Min: 4274.8, Avg: 4274.8, Max: 4274.9, Diff: 0.1]
   [Code Root Fixup: 0.0 ms]
   [Code Root Purge: 0.0 ms]
   [Clear CT: 0.3 ms]
   [Other: 1.7 ms]
      [Choose CSet: 0.0 ms]
      [Ref Proc: 0.3 ms]
      [Ref Enq: 0.0 ms]
      [Redirty Cards: 0.3 ms]
      [Humongous Register: 0.3 ms]
      [Humongous Reclaim: 0.3 ms]
      [Free CSet: 0.3 ms]
   [Eden: 257.0M(257.0M)->0.0B(17.0M) Survivors: 9216.0K->34.0M Heap: 837.3M(1024.0M)->575.6M(1024.0M)]
 [Times: user=0.52 sys=0.02, real=0.03 secs] 
4.283: [GC pause (G1 Evacuation Pause) (mixed), 0.0228479 secs]
   [Parallel Time: 20.9 ms, GC Workers: 18]
      [GC Worker Start (ms): Min: 4283.1, Avg: 4283.3, Max: 4283.5, Diff: 0.3]
      [Ext Root Scanning (ms): Min: 0.0, Avg: 0.2, Max: 0.4, Diff: 0.3, Sum: 2.8]
      [Update RS (ms): Min: 0.3, Avg: 0.5, Max: 0.5, Diff: 0.2, Sum: 8.4]
         [Processed Buffers: Min: 1, Avg: 2.2, Max: 6, Diff: 5, Sum: 39]
      [Scan RS (ms): Min: 0.0, Avg: 0.1, Max: 0.5, Diff: 0.5, Sum: 1.5]
      [Code Root Scanning (ms): Min: 0.0, Avg: 0.0, Max: 0.0, Diff: 0.0, Sum: 0.0]
      [Object Copy (ms): Min: 18.4, Avg: 18.9, Max: 19.6, Diff: 1.2, Sum: 340.3]
      [Termination (ms): Min: 0.0, Avg: 0.7, Max: 0.9, Diff: 0.9, Sum: 12.6]
         [Termination Attempts: Min: 1, Avg: 1.0, Max: 1, Diff: 0, Sum: 18]
      [GC Worker Other (ms): Min: 0.0, Avg: 0.1, Max: 0.2, Diff: 0.2, Sum: 1.8]
      [GC Worker Total (ms): Min: 20.2, Avg: 20.4, Max: 20.7, Diff: 0.4, Sum: 367.6]
      [GC Worker End (ms): Min: 4303.7, Avg: 4303.8, Max: 4303.8, Diff: 0.1]
   [Code Root Fixup: 0.0 ms]
   [Code Root Purge: 0.0 ms]
   [Clear CT: 0.3 ms]
   [Other: 1.6 ms]
      [Choose CSet: 0.1 ms]
      [Ref Proc: 0.4 ms]
      [Ref Enq: 0.0 ms]
      [Redirty Cards: 0.3 ms]
      [Humongous Register: 0.3 ms]
      [Humongous Reclaim: 0.1 ms]
      [Free CSet: 0.4 ms]
   [Eden: 17.0M(17.0M)->0.0B(44.0M) Survivors: 34.0M->7168.0K Heap: 595.1M(1024.0M)->505.3M(1024.0M)]
 [Times: user=0.31 sys=0.04, real=0.02 secs] 
4.322: [GC pause (G1 Evacuation Pause) (mixed), 0.0115474 secs]
   [Parallel Time: 10.2 ms, GC Workers: 18]
      [GC Worker Start (ms): Min: 4322.3, Avg: 4322.5, Max: 4322.6, Diff: 0.4]
      [Ext Root Scanning (ms): Min: 0.0, Avg: 0.1, Max: 0.3, Diff: 0.3, Sum: 2.6]
      [Update RS (ms): Min: 1.3, Avg: 1.5, Max: 1.7, Diff: 0.4, Sum: 27.2]
         [Processed Buffers: Min: 4, Avg: 4.9, Max: 6, Diff: 2, Sum: 88]
      [Scan RS (ms): Min: 0.0, Avg: 0.1, Max: 0.2, Diff: 0.2, Sum: 1.0]
      [Code Root Scanning (ms): Min: 0.0, Avg: 0.0, Max: 0.0, Diff: 0.0, Sum: 0.0]
      [Object Copy (ms): Min: 7.5, Avg: 7.8, Max: 8.2, Diff: 0.8, Sum: 140.5]
      [Termination (ms): Min: 0.0, Avg: 0.3, Max: 0.5, Diff: 0.5, Sum: 5.7]
         [Termination Attempts: Min: 1, Avg: 1.2, Max: 2, Diff: 1, Sum: 21]
      [GC Worker Other (ms): Min: 0.0, Avg: 0.0, Max: 0.0, Diff: 0.0, Sum: 0.4]
      [GC Worker Total (ms): Min: 9.7, Avg: 9.9, Max: 10.1, Diff: 0.4, Sum: 177.4]
      [GC Worker End (ms): Min: 4332.3, Avg: 4332.3, Max: 4332.3, Diff: 0.0]
   [Code Root Fixup: 0.0 ms]
   [Code Root Purge: 0.0 ms]
   [Clear CT: 0.2 ms]
   [Other: 1.1 ms]
      [Choose CSet: 0.0 ms]
      [Ref Proc: 0.2 ms]
      [Ref Enq: 0.0 ms]
      [Redirty Cards: 0.2 ms]
      [Humongous Register: 0.3 ms]
      [Humongous Reclaim: 0.1 ms]
      [Free CSet: 0.2 ms]
   [Eden: 44.0M(44.0M)->0.0B(219.0M) Survivors: 7168.0K->7168.0K Heap: 557.9M(1024.0M)->502.7M(1024.0M)]
 [Times: user=0.17 sys=0.00, real=0.01 secs] 
4.334: [GC pause (G1 Humongous Allocation) (young) (initial-mark), 0.0034460 secs]
   [Parallel Time: 2.2 ms, GC Workers: 18]
      [GC Worker Start (ms): Min: 4334.1, Avg: 4334.2, Max: 4334.4, Diff: 0.2]
      [Ext Root Scanning (ms): Min: 0.1, Avg: 0.2, Max: 0.3, Diff: 0.2, Sum: 3.7]
      [Update RS (ms): Min: 0.1, Avg: 0.3, Max: 1.1, Diff: 1.1, Sum: 4.8]
         [Processed Buffers: Min: 0, Avg: 1.0, Max: 2, Diff: 2, Sum: 18]
      [Scan RS (ms): Min: 0.0, Avg: 0.0, Max: 0.0, Diff: 0.0, Sum: 0.1]
      [Code Root Scanning (ms): Min: 0.0, Avg: 0.0, Max: 0.0, Diff: 0.0, Sum: 0.0]
      [Object Copy (ms): Min: 0.5, Avg: 1.3, Max: 1.6, Diff: 1.1, Sum: 22.7]
      [Termination (ms): Min: 0.0, Avg: 0.2, Max: 0.5, Diff: 0.5, Sum: 3.8]
         [Termination Attempts: Min: 1, Avg: 1.0, Max: 1, Diff: 0, Sum: 18]
      [GC Worker Other (ms): Min: 0.0, Avg: 0.0, Max: 0.0, Diff: 0.0, Sum: 0.3]
      [GC Worker Total (ms): Min: 1.8, Avg: 2.0, Max: 2.1, Diff: 0.2, Sum: 35.3]
      [GC Worker End (ms): Min: 4336.2, Avg: 4336.2, Max: 4336.2, Diff: 0.0]
   [Code Root Fixup: 0.0 ms]
   [Code Root Purge: 0.0 ms]
   [Clear CT: 0.3 ms]
   [Other: 0.9 ms]
      [Choose CSet: 0.0 ms]
      [Ref Proc: 0.3 ms]
      [Ref Enq: 0.0 ms]
      [Redirty Cards: 0.2 ms]
      [Humongous Register: 0.2 ms]
      [Humongous Reclaim: 0.0 ms]
      [Free CSet: 0.0 ms]
   [Eden: 1024.0K(219.0M)->0.0B(275.0M) Survivors: 7168.0K->8192.0K Heap: 503.0M(1024.0M)->502.9M(1024.0M)]
 [Times: user=0.03 sys=0.01, real=0.00 secs] 
4.337: [GC concurrent-root-region-scan-start]
4.338: [GC concurrent-root-region-scan-end, 0.0001850 secs]
4.338: [GC concurrent-mark-start]
4.340: [GC concurrent-mark-end, 0.0023144 secs]
4.340: [GC remark 4.340: [Finalize Marking, 0.0003392 secs] 4.340: [GC ref-proc, 0.0004206 secs] 4.341: [Unloading, 0.0009719 secs], 0.0025195 secs]
 [Times: user=0.01 sys=0.00, real=0.00 secs] 
4.343: [GC cleanup 513M->511M(1024M), 0.0017591 secs]
 [Times: user=0.02 sys=0.00, real=0.00 secs] 
4.344: [GC concurrent-cleanup-start]
4.344: [GC concurrent-cleanup-end, 0.0000258 secs]
4.445: [GC pause (G1 Evacuation Pause) (young) (to-space exhausted), 0.0334911 secs]
   [Parallel Time: 31.2 ms, GC Workers: 18]
      [GC Worker Start (ms): Min: 4445.2, Avg: 4445.4, Max: 4445.6, Diff: 0.3]
      [Ext Root Scanning (ms): Min: 0.0, Avg: 0.2, Max: 0.3, Diff: 0.3, Sum: 3.1]
      [Update RS (ms): Min: 6.9, Avg: 7.1, Max: 7.2, Diff: 0.3, Sum: 127.3]
         [Processed Buffers: Min: 17, Avg: 20.3, Max: 24, Diff: 7, Sum: 365]
      [Scan RS (ms): Min: 0.0, Avg: 0.1, Max: 0.1, Diff: 0.1, Sum: 1.2]
      [Code Root Scanning (ms): Min: 0.0, Avg: 0.0, Max: 0.0, Diff: 0.0, Sum: 0.0]
      [Object Copy (ms): Min: 22.7, Avg: 23.0, Max: 23.6, Diff: 0.8, Sum: 414.1]
      [Termination (ms): Min: 0.0, Avg: 0.5, Max: 0.6, Diff: 0.6, Sum: 8.8]
         [Termination Attempts: Min: 1, Avg: 1.0, Max: 1, Diff: 0, Sum: 18]
      [GC Worker Other (ms): Min: 0.0, Avg: 0.0, Max: 0.1, Diff: 0.1, Sum: 0.7]
      [GC Worker Total (ms): Min: 30.7, Avg: 30.8, Max: 31.0, Diff: 0.4, Sum: 555.3]
      [GC Worker End (ms): Min: 4476.2, Avg: 4476.2, Max: 4476.3, Diff: 0.1]
   [Code Root Fixup: 0.0 ms]
   [Code Root Purge: 0.0 ms]
   [Clear CT: 0.4 ms]
   [Other: 1.9 ms]
      [Evacuation Failure: 0.3 ms]
      [Choose CSet: 0.0 ms]
      [Ref Proc: 0.3 ms]
      [Ref Enq: 0.0 ms]
      [Redirty Cards: 0.2 ms]
      [Humongous Register: 0.3 ms]
      [Humongous Reclaim: 0.3 ms]
      [Free CSet: 0.4 ms]
   [Eden: 275.0M(275.0M)->0.0B(15.0M) Survivors: 8192.0K->36.0M Heap: 844.0M(1024.0M)->585.1M(1024.0M)]
 [Times: user=0.53 sys=0.02, real=0.03 secs] 
4.484: [GC pause (G1 Evacuation Pause) (mixed), 0.0204919 secs]
   [Parallel Time: 18.7 ms, GC Workers: 18]
      [GC Worker Start (ms): Min: 4484.0, Avg: 4484.2, Max: 4484.4, Diff: 0.4]
      [Ext Root Scanning (ms): Min: 0.0, Avg: 0.2, Max: 0.3, Diff: 0.3, Sum: 3.0]
      [Update RS (ms): Min: 0.4, Avg: 0.5, Max: 0.7, Diff: 0.3, Sum: 9.0]
         [Processed Buffers: Min: 1, Avg: 2.6, Max: 5, Diff: 4, Sum: 47]
      [Scan RS (ms): Min: 0.0, Avg: 0.1, Max: 0.5, Diff: 0.5, Sum: 1.9]
      [Code Root Scanning (ms): Min: 0.0, Avg: 0.0, Max: 0.1, Diff: 0.1, Sum: 0.1]
      [Object Copy (ms): Min: 16.9, Avg: 17.3, Max: 17.6, Diff: 0.6, Sum: 312.0]
      [Termination (ms): Min: 0.0, Avg: 0.2, Max: 0.4, Diff: 0.4, Sum: 3.0]
         [Termination Attempts: Min: 1, Avg: 1.0, Max: 1, Diff: 0, Sum: 18]
      [GC Worker Other (ms): Min: 0.0, Avg: 0.0, Max: 0.0, Diff: 0.0, Sum: 0.3]
      [GC Worker Total (ms): Min: 18.1, Avg: 18.3, Max: 18.5, Diff: 0.3, Sum: 329.3]
      [GC Worker End (ms): Min: 4502.5, Avg: 4502.5, Max: 4502.5, Diff: 0.0]
   [Code Root Fixup: 0.0 ms]
   [Code Root Purge: 0.0 ms]
   [Clear CT: 0.4 ms]
   [Other: 1.4 ms]
      [Choose CSet: 0.1 ms]
      [Ref Proc: 0.3 ms]
      [Ref Enq: 0.0 ms]
      [Redirty Cards: 0.2 ms]
      [Humongous Register: 0.2 ms]
      [Humongous Reclaim: 0.1 ms]
      [Free CSet: 0.4 ms]
   [Eden: 15.0M(15.0M)->0.0B(46.0M) Survivors: 36.0M->5120.0K Heap: 603.4M(1024.0M)->514.1M(1024.0M)]
 [Times: user=0.30 sys=0.03, real=0.02 secs] 
4.520: [GC pause (G1 Evacuation Pause) (mixed), 0.0120237 secs]
   [Parallel Time: 10.7 ms, GC Workers: 18]
      [GC Worker Start (ms): Min: 4520.7, Avg: 4520.8, Max: 4520.9, Diff: 0.2]
      [Ext Root Scanning (ms): Min: 0.1, Avg: 0.2, Max: 0.3, Diff: 0.2, Sum: 3.7]
      [Update RS (ms): Min: 1.5, Avg: 1.7, Max: 1.8, Diff: 0.3, Sum: 30.2]
         [Processed Buffers: Min: 4, Avg: 5.3, Max: 7, Diff: 3, Sum: 95]
      [Scan RS (ms): Min: 0.0, Avg: 0.0, Max: 0.1, Diff: 0.1, Sum: 0.4]
      [Code Root Scanning (ms): Min: 0.0, Avg: 0.0, Max: 0.0, Diff: 0.0, Sum: 0.0]
      [Object Copy (ms): Min: 7.7, Avg: 8.1, Max: 8.5, Diff: 0.8, Sum: 145.8]
      [Termination (ms): Min: 0.0, Avg: 0.3, Max: 0.7, Diff: 0.7, Sum: 5.1]
         [Termination Attempts: Min: 1, Avg: 1.0, Max: 1, Diff: 0, Sum: 18]
      [GC Worker Other (ms): Min: 0.0, Avg: 0.0, Max: 0.0, Diff: 0.0, Sum: 0.4]
      [GC Worker Total (ms): Min: 10.2, Avg: 10.3, Max: 10.5, Diff: 0.3, Sum: 185.6]
      [GC Worker End (ms): Min: 4531.1, Avg: 4531.1, Max: 4531.2, Diff: 0.0]
   [Code Root Fixup: 0.0 ms]
   [Code Root Purge: 0.0 ms]
   [Clear CT: 0.2 ms]
   [Other: 1.1 ms]
      [Choose CSet: 0.1 ms]
      [Ref Proc: 0.3 ms]
      [Ref Enq: 0.0 ms]
      [Redirty Cards: 0.3 ms]
      [Humongous Register: 0.1 ms]
      [Humongous Reclaim: 0.1 ms]
      [Free CSet: 0.2 ms]
   [Eden: 46.0M(46.0M)->0.0B(262.0M) Survivors: 5120.0K->7168.0K Heap: 569.6M(1024.0M)->514.4M(1024.0M)]
 [Times: user=0.17 sys=0.01, real=0.01 secs] 
4.533: [GC pause (G1 Humongous Allocation) (young) (initial-mark), 0.0038017 secs]
   [Parallel Time: 2.7 ms, GC Workers: 18]
      [GC Worker Start (ms): Min: 4533.5, Avg: 4533.6, Max: 4533.8, Diff: 0.3]
      [Ext Root Scanning (ms): Min: 0.0, Avg: 0.2, Max: 0.3, Diff: 0.3, Sum: 3.3]
      [Update RS (ms): Min: 0.1, Avg: 0.2, Max: 0.6, Diff: 0.5, Sum: 3.3]
         [Processed Buffers: Min: 0, Avg: 1.0, Max: 2, Diff: 2, Sum: 18]
      [Scan RS (ms): Min: 0.0, Avg: 0.0, Max: 0.0, Diff: 0.0, Sum: 0.1]
      [Code Root Scanning (ms): Min: 0.0, Avg: 0.0, Max: 0.0, Diff: 0.0, Sum: 0.0]
      [Object Copy (ms): Min: 1.2, Avg: 1.7, Max: 2.0, Diff: 0.7, Sum: 30.2]
      [Termination (ms): Min: 0.0, Avg: 0.2, Max: 0.5, Diff: 0.5, Sum: 4.3]
         [Termination Attempts: Min: 1, Avg: 1.0, Max: 1, Diff: 0, Sum: 18]
      [GC Worker Other (ms): Min: 0.0, Avg: 0.0, Max: 0.0, Diff: 0.0, Sum: 0.3]
      [GC Worker Total (ms): Min: 2.1, Avg: 2.3, Max: 2.5, Diff: 0.3, Sum: 41.4]
      [GC Worker End (ms): Min: 4535.9, Avg: 4535.9, Max: 4535.9, Diff: 0.0]
   [Code Root Fixup: 0.0 ms]
   [Code Root Purge: 0.0 ms]
   [Clear CT: 0.2 ms]
   [Other: 0.9 ms]
      [Choose CSet: 0.0 ms]
      [Ref Proc: 0.2 ms]
      [Ref Enq: 0.0 ms]
      [Redirty Cards: 0.2 ms]
      [Humongous Register: 0.2 ms]
      [Humongous Reclaim: 0.0 ms]
      [Free CSet: 0.0 ms]
   [Eden: 3072.0K(262.0M)->0.0B(252.0M) Survivors: 7168.0K->9216.0K Heap: 516.6M(1024.0M)->516.2M(1024.0M)]
 [Times: user=0.04 sys=0.00, real=0.00 secs] 
4.537: [GC concurrent-root-region-scan-start]
4.537: [GC concurrent-root-region-scan-end, 0.0002262 secs]
4.537: [GC concurrent-mark-start]
4.539: [GC concurrent-mark-end, 0.0019542 secs]
4.539: [GC remark 4.539: [Finalize Marking, 0.0003808 secs] 4.540: [GC ref-proc, 0.0004172 secs] 4.540: [Unloading, 0.0010078 secs], 0.0026563 secs]
 [Times: user=0.02 sys=0.01, real=0.01 secs] 
4.542: [GC cleanup 524M->516M(1024M), 0.0018043 secs]
 [Times: user=0.01 sys=0.00, real=0.00 secs] 
4.544: [GC concurrent-cleanup-start]
4.544: [GC concurrent-cleanup-end, 0.0000425 secs]
4.637: [GC pause (G1 Evacuation Pause) (young), 0.0374572 secs]
   [Parallel Time: 35.4 ms, GC Workers: 18]
      [GC Worker Start (ms): Min: 4637.0, Avg: 4637.4, Max: 4637.7, Diff: 0.7]
      [Ext Root Scanning (ms): Min: 0.0, Avg: 0.2, Max: 0.5, Diff: 0.5, Sum: 3.6]
      [Update RS (ms): Min: 12.4, Avg: 12.6, Max: 12.8, Diff: 0.5, Sum: 226.3]
         [Processed Buffers: Min: 24, Avg: 29.2, Max: 37, Diff: 13, Sum: 525]
      [Scan RS (ms): Min: 0.0, Avg: 0.1, Max: 0.4, Diff: 0.4, Sum: 1.5]
      [Code Root Scanning (ms): Min: 0.0, Avg: 0.0, Max: 0.0, Diff: 0.0, Sum: 0.0]
      [Object Copy (ms): Min: 21.2, Avg: 21.7, Max: 22.1, Diff: 0.9, Sum: 390.9]
      [Termination (ms): Min: 0.0, Avg: 0.2, Max: 0.4, Diff: 0.4, Sum: 4.0]
         [Termination Attempts: Min: 1, Avg: 1.0, Max: 1, Diff: 0, Sum: 18]
      [GC Worker Other (ms): Min: 0.0, Avg: 0.1, Max: 0.1, Diff: 0.1, Sum: 0.9]
      [GC Worker Total (ms): Min: 34.5, Avg: 34.8, Max: 35.2, Diff: 0.7, Sum: 627.3]
      [GC Worker End (ms): Min: 4672.2, Avg: 4672.2, Max: 4672.3, Diff: 0.1]
   [Code Root Fixup: 0.0 ms]
   [Code Root Purge: 0.0 ms]
   [Clear CT: 0.3 ms]
   [Other: 1.7 ms]
      [Choose CSet: 0.0 ms]
      [Ref Proc: 0.3 ms]
      [Ref Enq: 0.0 ms]
      [Redirty Cards: 0.3 ms]
      [Humongous Register: 0.3 ms]
      [Humongous Reclaim: 0.3 ms]
      [Free CSet: 0.3 ms]
   [Eden: 252.0M(252.0M)->0.0B(18.0M) Survivors: 9216.0K->33.0M Heap: 823.9M(1024.0M)->579.1M(1024.0M)]
 [Times: user=0.60 sys=0.02, real=0.04 secs] 
4.679: [GC pause (G1 Evacuation Pause) (mixed), 0.0204917 secs]
   [Parallel Time: 18.7 ms, GC Workers: 18]
      [GC Worker Start (ms): Min: 4679.8, Avg: 4680.0, Max: 4680.1, Diff: 0.4]
      [Ext Root Scanning (ms): Min: 0.0, Avg: 0.2, Max: 0.4, Diff: 0.4, Sum: 2.9]
      [Update RS (ms): Min: 0.1, Avg: 0.4, Max: 0.7, Diff: 0.6, Sum: 8.0]
         [Processed Buffers: Min: 1, Avg: 1.9, Max: 3, Diff: 2, Sum: 35]
      [Scan RS (ms): Min: 0.0, Avg: 0.1, Max: 0.3, Diff: 0.3, Sum: 1.3]
      [Code Root Scanning (ms): Min: 0.0, Avg: 0.0, Max: 0.0, Diff: 0.0, Sum: 0.0]
      [Object Copy (ms): Min: 16.8, Avg: 17.3, Max: 17.7, Diff: 0.8, Sum: 310.7]
      [Termination (ms): Min: 0.0, Avg: 0.3, Max: 0.6, Diff: 0.6, Sum: 5.2]
         [Termination Attempts: Min: 1, Avg: 1.0, Max: 1, Diff: 0, Sum: 18]
      [GC Worker Other (ms): Min: 0.0, Avg: 0.0, Max: 0.0, Diff: 0.0, Sum: 0.5]
      [GC Worker Total (ms): Min: 18.1, Avg: 18.3, Max: 18.5, Diff: 0.4, Sum: 328.6]
      [GC Worker End (ms): Min: 4698.2, Avg: 4698.2, Max: 4698.2, Diff: 0.0]
   [Code Root Fixup: 0.0 ms]
   [Code Root Purge: 0.0 ms]
   [Clear CT: 0.3 ms]
   [Other: 1.5 ms]
      [Choose CSet: 0.1 ms]
      [Ref Proc: 0.3 ms]
      [Ref Enq: 0.0 ms]
      [Redirty Cards: 0.3 ms]
      [Humongous Register: 0.3 ms]
      [Humongous Reclaim: 0.1 ms]
      [Free CSet: 0.4 ms]
   [Eden: 18.0M(18.0M)->0.0B(45.0M) Survivors: 33.0M->6144.0K Heap: 599.1M(1024.0M)->506.7M(1024.0M)]
 [Times: user=0.31 sys=0.01, real=0.03 secs] 
4.718: [GC pause (G1 Evacuation Pause) (mixed), 0.0145107 secs]
   [Parallel Time: 12.8 ms, GC Workers: 18]
      [GC Worker Start (ms): Min: 4718.3, Avg: 4718.5, Max: 4718.8, Diff: 0.4]
      [Ext Root Scanning (ms): Min: 0.0, Avg: 0.2, Max: 0.4, Diff: 0.4, Sum: 3.3]
      [Update RS (ms): Min: 2.4, Avg: 2.6, Max: 2.9, Diff: 0.4, Sum: 47.3]
         [Processed Buffers: Min: 7, Avg: 7.9, Max: 10, Diff: 3, Sum: 142]
      [Scan RS (ms): Min: 0.0, Avg: 0.1, Max: 0.4, Diff: 0.4, Sum: 1.0]
      [Code Root Scanning (ms): Min: 0.0, Avg: 0.0, Max: 0.1, Diff: 0.1, Sum: 0.1]
      [Object Copy (ms): Min: 8.9, Avg: 9.2, Max: 9.5, Diff: 0.6, Sum: 166.0]
      [Termination (ms): Min: 0.0, Avg: 0.2, Max: 0.5, Diff: 0.5, Sum: 4.4]
         [Termination Attempts: Min: 1, Avg: 1.0, Max: 1, Diff: 0, Sum: 18]
      [GC Worker Other (ms): Min: 0.0, Avg: 0.0, Max: 0.0, Diff: 0.0, Sum: 0.3]
      [GC Worker Total (ms): Min: 12.1, Avg: 12.4, Max: 12.6, Diff: 0.4, Sum: 222.5]
      [GC Worker End (ms): Min: 4730.9, Avg: 4730.9, Max: 4730.9, Diff: 0.0]
   [Code Root Fixup: 0.0 ms]
   [Code Root Purge: 0.0 ms]
   [Clear CT: 0.2 ms]
   [Other: 1.5 ms]
      [Choose CSet: 0.0 ms]
      [Ref Proc: 0.4 ms]
      [Ref Enq: 0.0 ms]
      [Redirty Cards: 0.3 ms]
      [Humongous Register: 0.3 ms]
      [Humongous Reclaim: 0.1 ms]
      [Free CSet: 0.2 ms]
   [Eden: 45.0M(45.0M)->0.0B(262.0M) Survivors: 6144.0K->7168.0K Heap: 567.1M(1024.0M)->504.2M(1024.0M)]
 [Times: user=0.22 sys=0.00, real=0.02 secs] 
4.733: [GC pause (G1 Humongous Allocation) (young) (initial-mark), 0.0034775 secs]
   [Parallel Time: 2.4 ms, GC Workers: 18]
      [GC Worker Start (ms): Min: 4733.3, Avg: 4733.5, Max: 4733.7, Diff: 0.3]
      [Ext Root Scanning (ms): Min: 0.0, Avg: 0.2, Max: 0.4, Diff: 0.3, Sum: 3.5]
      [Update RS (ms): Min: 0.1, Avg: 0.6, Max: 1.4, Diff: 1.4, Sum: 10.3]
         [Processed Buffers: Min: 0, Avg: 1.1, Max: 2, Diff: 2, Sum: 19]
      [Scan RS (ms): Min: 0.0, Avg: 0.0, Max: 0.0, Diff: 0.0, Sum: 0.1]
      [Code Root Scanning (ms): Min: 0.0, Avg: 0.0, Max: 0.0, Diff: 0.0, Sum: 0.0]
      [Object Copy (ms): Min: 0.0, Avg: 1.1, Max: 1.7, Diff: 1.7, Sum: 19.2]
      [Termination (ms): Min: 0.0, Avg: 0.2, Max: 0.4, Diff: 0.4, Sum: 3.9]
         [Termination Attempts: Min: 1, Avg: 1.0, Max: 1, Diff: 0, Sum: 18]
      [GC Worker Other (ms): Min: 0.0, Avg: 0.0, Max: 0.0, Diff: 0.0, Sum: 0.3]
      [GC Worker Total (ms): Min: 1.9, Avg: 2.1, Max: 2.2, Diff: 0.3, Sum: 37.3]
      [GC Worker End (ms): Min: 4735.6, Avg: 4735.6, Max: 4735.6, Diff: 0.0]
   [Code Root Fixup: 0.0 ms]
   [Code Root Purge: 0.0 ms]
   [Clear CT: 0.2 ms]
   [Other: 0.8 ms]
      [Choose CSet: 0.0 ms]
      [Ref Proc: 0.4 ms]
      [Ref Enq: 0.0 ms]
      [Redirty Cards: 0.2 ms]
      [Humongous Register: 0.1 ms]
      [Humongous Reclaim: 0.0 ms]
      [Free CSet: 0.0 ms]
   [Eden: 2048.0K(262.0M)->0.0B(277.0M) Survivors: 7168.0K->7168.0K Heap: 505.5M(1024.0M)->503.7M(1024.0M)]
 [Times: user=0.03 sys=0.00, real=0.00 secs] 
4.737: [GC concurrent-root-region-scan-start]
4.737: [GC concurrent-root-region-scan-end, 0.0001443 secs]
4.737: [GC concurrent-mark-start]
4.739: [GC concurrent-mark-end, 0.0021062 secs]
4.739: [GC remark 4.739: [Finalize Marking, 0.0003779 secs] 4.740: [GC ref-proc, 0.0004143 secs] 4.740: [Unloading, 0.0009220 secs], 0.0024588 secs]
 [Times: user=0.02 sys=0.01, real=0.01 secs] 
4.742: [GC cleanup 512M->508M(1024M), 0.0016059 secs]
 [Times: user=0.02 sys=0.00, real=0.00 secs] 
4.743: [GC concurrent-cleanup-start]
4.743: [GC concurrent-cleanup-end, 0.0000268 secs]
4.851: [GC pause (G1 Evacuation Pause) (young) (to-space exhausted), 0.0275006 secs]
   [Parallel Time: 24.8 ms, GC Workers: 18]
      [GC Worker Start (ms): Min: 4851.6, Avg: 4851.8, Max: 4851.9, Diff: 0.3]
      [Ext Root Scanning (ms): Min: 0.1, Avg: 0.2, Max: 0.3, Diff: 0.3, Sum: 3.6]
      [Update RS (ms): Min: 8.0, Avg: 8.2, Max: 8.4, Diff: 0.4, Sum: 147.2]
         [Processed Buffers: Min: 21, Avg: 23.6, Max: 27, Diff: 6, Sum: 425]
      [Scan RS (ms): Min: 0.0, Avg: 0.1, Max: 0.4, Diff: 0.3, Sum: 2.2]
      [Code Root Scanning (ms): Min: 0.0, Avg: 0.0, Max: 0.0, Diff: 0.0, Sum: 0.0]
      [Object Copy (ms): Min: 15.5, Avg: 15.9, Max: 16.0, Diff: 0.5, Sum: 286.3]
      [Termination (ms): Min: 0.0, Avg: 0.0, Max: 0.0, Diff: 0.0, Sum: 0.3]
         [Termination Attempts: Min: 1, Avg: 2.2, Max: 4, Diff: 3, Sum: 40]
      [GC Worker Other (ms): Min: 0.0, Avg: 0.1, Max: 0.1, Diff: 0.1, Sum: 1.1]
      [GC Worker Total (ms): Min: 24.3, Avg: 24.5, Max: 24.6, Diff: 0.3, Sum: 440.7]
      [GC Worker End (ms): Min: 4876.2, Avg: 4876.2, Max: 4876.3, Diff: 0.1]
   [Code Root Fixup: 0.0 ms]
   [Code Root Purge: 0.0 ms]
   [Clear CT: 0.4 ms]
   [Other: 2.4 ms]
      [Evacuation Failure: 0.7 ms]
      [Choose CSet: 0.0 ms]
      [Ref Proc: 0.3 ms]
      [Ref Enq: 0.0 ms]
      [Redirty Cards: 0.2 ms]
      [Humongous Register: 0.4 ms]
      [Humongous Reclaim: 0.4 ms]
      [Free CSet: 0.2 ms]
   [Eden: 277.0M(277.0M)->0.0B(15.0M) Survivors: 7168.0K->36.0M Heap: 859.9M(1024.0M)->710.6M(1024.0M)]
 [Times: user=0.43 sys=0.01, real=0.02 secs] 
4.883: [GC pause (G1 Evacuation Pause) (mixed), 0.0216206 secs]
   [Parallel Time: 20.0 ms, GC Workers: 18]
      [GC Worker Start (ms): Min: 4883.9, Avg: 4884.2, Max: 4884.4, Diff: 0.5]
      [Ext Root Scanning (ms): Min: 0.0, Avg: 0.1, Max: 0.3, Diff: 0.3, Sum: 1.8]
      [Update RS (ms): Min: 0.4, Avg: 0.5, Max: 0.6, Diff: 0.3, Sum: 9.5]
         [Processed Buffers: Min: 1, Avg: 2.9, Max: 7, Diff: 6, Sum: 53]
      [Scan RS (ms): Min: 0.0, Avg: 0.1, Max: 0.4, Diff: 0.4, Sum: 2.0]
      [Code Root Scanning (ms): Min: 0.0, Avg: 0.0, Max: 0.0, Diff: 0.0, Sum: 0.0]
      [Object Copy (ms): Min: 17.8, Avg: 18.2, Max: 18.7, Diff: 0.9, Sum: 327.5]
      [Termination (ms): Min: 0.0, Avg: 0.5, Max: 0.9, Diff: 0.9, Sum: 8.9]
         [Termination Attempts: Min: 1, Avg: 1.0, Max: 1, Diff: 0, Sum: 18]
      [GC Worker Other (ms): Min: 0.0, Avg: 0.0, Max: 0.1, Diff: 0.1, Sum: 0.5]
      [GC Worker Total (ms): Min: 19.2, Avg: 19.5, Max: 19.7, Diff: 0.5, Sum: 350.2]
      [GC Worker End (ms): Min: 4903.6, Avg: 4903.7, Max: 4903.7, Diff: 0.0]
   [Code Root Fixup: 0.0 ms]
   [Code Root Purge: 0.0 ms]
   [Clear CT: 0.2 ms]
   [Other: 1.4 ms]
      [Choose CSet: 0.1 ms]
      [Ref Proc: 0.2 ms]
      [Ref Enq: 0.0 ms]
      [Redirty Cards: 0.3 ms]
      [Humongous Register: 0.3 ms]
      [Humongous Reclaim: 0.1 ms]
      [Free CSet: 0.4 ms]
   [Eden: 15.0M(15.0M)->0.0B(44.0M) Survivors: 36.0M->7168.0K Heap: 728.1M(1024.0M)->643.9M(1024.0M)]
 [Times: user=0.33 sys=0.02, real=0.02 secs] 
4.921: [GC pause (G1 Evacuation Pause) (mixed), 0.0104208 secs]
   [Parallel Time: 9.1 ms, GC Workers: 18]
      [GC Worker Start (ms): Min: 4921.3, Avg: 4921.5, Max: 4921.6, Diff: 0.3]
      [Ext Root Scanning (ms): Min: 0.0, Avg: 0.1, Max: 0.3, Diff: 0.3, Sum: 2.5]
      [Update RS (ms): Min: 1.3, Avg: 1.5, Max: 1.7, Diff: 0.4, Sum: 26.7]
         [Processed Buffers: Min: 4, Avg: 4.8, Max: 6, Diff: 2, Sum: 86]
      [Scan RS (ms): Min: 0.0, Avg: 0.0, Max: 0.1, Diff: 0.1, Sum: 0.4]
      [Code Root Scanning (ms): Min: 0.0, Avg: 0.0, Max: 0.0, Diff: 0.0, Sum: 0.0]
      [Object Copy (ms): Min: 6.2, Avg: 6.6, Max: 7.0, Diff: 0.8, Sum: 118.5]
      [Termination (ms): Min: 0.0, Avg: 0.4, Max: 0.8, Diff: 0.8, Sum: 7.4]
         [Termination Attempts: Min: 1, Avg: 1.2, Max: 3, Diff: 2, Sum: 21]
      [GC Worker Other (ms): Min: 0.0, Avg: 0.0, Max: 0.1, Diff: 0.0, Sum: 0.5]
      [GC Worker Total (ms): Min: 8.5, Avg: 8.7, Max: 8.9, Diff: 0.3, Sum: 156.0]
      [GC Worker End (ms): Min: 4930.2, Avg: 4930.2, Max: 4930.2, Diff: 0.0]
   [Code Root Fixup: 0.0 ms]
   [Code Root Purge: 0.0 ms]
   [Clear CT: 0.2 ms]
   [Other: 1.1 ms]
      [Choose CSet: 0.0 ms]
      [Ref Proc: 0.2 ms]
      [Ref Enq: 0.0 ms]
      [Redirty Cards: 0.3 ms]
      [Humongous Register: 0.3 ms]
      [Humongous Reclaim: 0.1 ms]
      [Free CSet: 0.1 ms]
   [Eden: 44.0M(44.0M)->0.0B(157.0M) Survivors: 7168.0K->7168.0K Heap: 696.2M(1024.0M)->651.6M(1024.0M)]
 [Times: user=0.16 sys=0.00, real=0.01 secs] 
4.933: [GC pause (G1 Humongous Allocation) (young) (initial-mark), 0.0043824 secs]
   [Parallel Time: 3.1 ms, GC Workers: 18]
      [GC Worker Start (ms): Min: 4933.5, Avg: 4933.7, Max: 4933.9, Diff: 0.4]
      [Ext Root Scanning (ms): Min: 0.0, Avg: 0.2, Max: 0.5, Diff: 0.5, Sum: 4.3]
      [Update RS (ms): Min: 0.0, Avg: 0.2, Max: 0.8, Diff: 0.8, Sum: 3.1]
         [Processed Buffers: Min: 0, Avg: 1.1, Max: 3, Diff: 3, Sum: 19]
      [Scan RS (ms): Min: 0.0, Avg: 0.0, Max: 0.0, Diff: 0.0, Sum: 0.1]
      [Code Root Scanning (ms): Min: 0.0, Avg: 0.0, Max: 0.0, Diff: 0.0, Sum: 0.0]
      [Object Copy (ms): Min: 1.3, Avg: 1.9, Max: 2.3, Diff: 1.0, Sum: 34.5]
      [Termination (ms): Min: 0.0, Avg: 0.3, Max: 0.7, Diff: 0.7, Sum: 6.1]
         [Termination Attempts: Min: 1, Avg: 1.0, Max: 1, Diff: 0, Sum: 18]
      [GC Worker Other (ms): Min: 0.0, Avg: 0.0, Max: 0.0, Diff: 0.0, Sum: 0.2]
      [GC Worker Total (ms): Min: 2.5, Avg: 2.7, Max: 2.9, Diff: 0.4, Sum: 48.4]
      [GC Worker End (ms): Min: 4936.4, Avg: 4936.4, Max: 4936.4, Diff: 0.0]
   [Code Root Fixup: 0.0 ms]
   [Code Root Purge: 0.0 ms]
   [Clear CT: 0.2 ms]
   [Other: 1.0 ms]
      [Choose CSet: 0.0 ms]
      [Ref Proc: 0.3 ms]
      [Ref Enq: 0.0 ms]
      [Redirty Cards: 0.2 ms]
      [Humongous Register: 0.2 ms]
      [Humongous Reclaim: 0.0 ms]
      [Free CSet: 0.0 ms]
   [Eden: 5120.0K(157.0M)->0.0B(151.0M) Survivors: 7168.0K->9216.0K Heap: 656.5M(1024.0M)->652.4M(1024.0M)]
 [Times: user=0.05 sys=0.00, real=0.00 secs] 
4.938: [GC concurrent-root-region-scan-start]
4.938: [GC concurrent-root-region-scan-end, 0.0001594 secs]
4.938: [GC concurrent-mark-start]
4.940: [GC concurrent-mark-end, 0.0024944 secs]
4.940: [GC remark 4.940: [Finalize Marking, 0.0004249 secs] 4.941: [GC ref-proc, 0.0004169 secs] 4.941: [Unloading, 0.0009038 secs], 0.0026247 secs]
 [Times: user=0.03 sys=0.00, real=0.00 secs] 
4.943: [GC cleanup 665M->653M(1024M), 0.0016517 secs]
 [Times: user=0.01 sys=0.00, real=0.00 secs] 
4.945: [GC concurrent-cleanup-start]
4.945: [GC concurrent-cleanup-end, 0.0000444 secs]
4.997: [GC pause (G1 Evacuation Pause) (young), 0.0248063 secs]
   [Parallel Time: 23.0 ms, GC Workers: 18]
      [GC Worker Start (ms): Min: 4997.6, Avg: 4997.7, Max: 4997.9, Diff: 0.3]
      [Ext Root Scanning (ms): Min: 0.0, Avg: 0.2, Max: 0.4, Diff: 0.3, Sum: 3.2]
      [Update RS (ms): Min: 5.9, Avg: 6.0, Max: 6.1, Diff: 0.2, Sum: 108.5]
         [Processed Buffers: Min: 16, Avg: 17.8, Max: 20, Diff: 4, Sum: 320]
      [Scan RS (ms): Min: 0.0, Avg: 0.0, Max: 0.1, Diff: 0.1, Sum: 0.6]
      [Code Root Scanning (ms): Min: 0.0, Avg: 0.0, Max: 0.0, Diff: 0.0, Sum: 0.0]
      [Object Copy (ms): Min: 15.7, Avg: 16.0, Max: 16.4, Diff: 0.7, Sum: 288.7]
      [Termination (ms): Min: 0.0, Avg: 0.3, Max: 0.6, Diff: 0.6, Sum: 6.0]
         [Termination Attempts: Min: 1, Avg: 1.0, Max: 1, Diff: 0, Sum: 18]
      [GC Worker Other (ms): Min: 0.0, Avg: 0.0, Max: 0.1, Diff: 0.1, Sum: 0.6]
      [GC Worker Total (ms): Min: 22.5, Avg: 22.6, Max: 22.8, Diff: 0.3, Sum: 407.6]
      [GC Worker End (ms): Min: 5020.4, Avg: 5020.4, Max: 5020.4, Diff: 0.1]
   [Code Root Fixup: 0.0 ms]
   [Code Root Purge: 0.0 ms]
   [Clear CT: 0.3 ms]
   [Other: 1.5 ms]
      [Choose CSet: 0.0 ms]
      [Ref Proc: 0.3 ms]
      [Ref Enq: 0.0 ms]
      [Redirty Cards: 0.3 ms]
      [Humongous Register: 0.3 ms]
      [Humongous Reclaim: 0.3 ms]
      [Free CSet: 0.2 ms]
   [Eden: 151.0M(151.0M)->0.0B(31.0M) Survivors: 9216.0K->20.0M Heap: 829.8M(1024.0M)->680.6M(1024.0M)]
 [Times: user=0.37 sys=0.02, real=0.03 secs] 
5.035: [GC pause (G1 Evacuation Pause) (mixed), 0.0138909 secs]
   [Parallel Time: 12.0 ms, GC Workers: 18]
      [GC Worker Start (ms): Min: 5035.2, Avg: 5035.4, Max: 5035.6, Diff: 0.5]
      [Ext Root Scanning (ms): Min: 0.0, Avg: 0.1, Max: 0.3, Diff: 0.3, Sum: 2.0]
      [Update RS (ms): Min: 1.2, Avg: 1.5, Max: 2.2, Diff: 1.0, Sum: 26.7]
         [Processed Buffers: Min: 1, Avg: 4.6, Max: 6, Diff: 5, Sum: 83]
      [Scan RS (ms): Min: 0.0, Avg: 0.0, Max: 0.1, Diff: 0.1, Sum: 0.9]
      [Code Root Scanning (ms): Min: 0.0, Avg: 0.0, Max: 0.0, Diff: 0.0, Sum: 0.0]
      [Object Copy (ms): Min: 8.8, Avg: 9.6, Max: 10.1, Diff: 1.3, Sum: 173.3]
      [Termination (ms): Min: 0.0, Avg: 0.3, Max: 0.4, Diff: 0.4, Sum: 4.6]
         [Termination Attempts: Min: 1, Avg: 1.2, Max: 2, Diff: 1, Sum: 21]
      [GC Worker Other (ms): Min: 0.0, Avg: 0.0, Max: 0.0, Diff: 0.0, Sum: 0.4]
      [GC Worker Total (ms): Min: 11.3, Avg: 11.6, Max: 11.8, Diff: 0.5, Sum: 208.0]
      [GC Worker End (ms): Min: 5046.9, Avg: 5046.9, Max: 5046.9, Diff: 0.0]
   [Code Root Fixup: 0.0 ms]
   [Code Root Purge: 0.0 ms]
   [Clear CT: 0.3 ms]
   [Other: 1.6 ms]
      [Choose CSet: 0.1 ms]
      [Ref Proc: 0.4 ms]
      [Ref Enq: 0.0 ms]
      [Redirty Cards: 0.3 ms]
      [Humongous Register: 0.3 ms]
      [Humongous Reclaim: 0.1 ms]
      [Free CSet: 0.4 ms]
   [Eden: 31.0M(31.0M)->0.0B(44.0M) Survivors: 20.0M->7168.0K Heap: 719.6M(1024.0M)->593.2M(1024.0M)]
 [Times: user=0.17 sys=0.01, real=0.01 secs] 
5.064: [GC pause (G1 Evacuation Pause) (mixed), 0.0188698 secs]
   [Parallel Time: 17.1 ms, GC Workers: 18]
      [GC Worker Start (ms): Min: 5064.3, Avg: 5064.5, Max: 5064.8, Diff: 0.5]
      [Ext Root Scanning (ms): Min: 0.0, Avg: 0.1, Max: 0.3, Diff: 0.3, Sum: 2.1]
      [Update RS (ms): Min: 1.8, Avg: 2.1, Max: 2.2, Diff: 0.4, Sum: 37.3]
         [Processed Buffers: Min: 0, Avg: 6.5, Max: 9, Diff: 9, Sum: 117]
      [Scan RS (ms): Min: 0.0, Avg: 0.0, Max: 0.1, Diff: 0.1, Sum: 0.8]
      [Code Root Scanning (ms): Min: 0.0, Avg: 0.0, Max: 0.0, Diff: 0.0, Sum: 0.0]
      [Object Copy (ms): Min: 13.7, Avg: 14.0, Max: 14.5, Diff: 0.8, Sum: 252.7]
      [Termination (ms): Min: 0.0, Avg: 0.4, Max: 0.8, Diff: 0.8, Sum: 7.7]
         [Termination Attempts: Min: 1, Avg: 1.0, Max: 1, Diff: 0, Sum: 18]
      [GC Worker Other (ms): Min: 0.0, Avg: 0.0, Max: 0.0, Diff: 0.0, Sum: 0.3]
      [GC Worker Total (ms): Min: 16.5, Avg: 16.7, Max: 17.0, Diff: 0.5, Sum: 301.0]
      [GC Worker End (ms): Min: 5081.2, Avg: 5081.2, Max: 5081.2, Diff: 0.0]
   [Code Root Fixup: 0.0 ms]
   [Code Root Purge: 0.0 ms]
   [Clear CT: 0.3 ms]
   [Other: 1.5 ms]
      [Choose CSet: 0.1 ms]
      [Ref Proc: 0.3 ms]
      [Ref Enq: 0.0 ms]
      [Redirty Cards: 0.3 ms]
      [Humongous Register: 0.3 ms]
      [Humongous Reclaim: 0.1 ms]
      [Free CSet: 0.4 ms]
   [Eden: 44.0M(44.0M)->0.0B(44.0M) Survivors: 7168.0K->7168.0K Heap: 649.3M(1024.0M)->537.1M(1024.0M)]
 [Times: user=0.25 sys=0.01, real=0.02 secs] 
5.099: [GC pause (G1 Evacuation Pause) (mixed), 0.0184152 secs]
   [Parallel Time: 16.7 ms, GC Workers: 18]
      [GC Worker Start (ms): Min: 5099.7, Avg: 5099.9, Max: 5100.1, Diff: 0.4]
      [Ext Root Scanning (ms): Min: 0.0, Avg: 0.2, Max: 0.4, Diff: 0.4, Sum: 3.1]
      [Update RS (ms): Min: 2.0, Avg: 2.2, Max: 2.4, Diff: 0.4, Sum: 39.2]
         [Processed Buffers: Min: 6, Avg: 6.8, Max: 8, Diff: 2, Sum: 123]
      [Scan RS (ms): Min: 0.0, Avg: 0.1, Max: 0.1, Diff: 0.1, Sum: 1.0]
      [Code Root Scanning (ms): Min: 0.0, Avg: 0.0, Max: 0.0, Diff: 0.0, Sum: 0.0]
      [Object Copy (ms): Min: 13.4, Avg: 13.6, Max: 13.9, Diff: 0.5, Sum: 245.3]
      [Termination (ms): Min: 0.0, Avg: 0.2, Max: 0.3, Diff: 0.3, Sum: 3.1]
         [Termination Attempts: Min: 1, Avg: 1.1, Max: 2, Diff: 1, Sum: 20]
      [GC Worker Other (ms): Min: 0.0, Avg: 0.0, Max: 0.0, Diff: 0.0, Sum: 0.3]
      [GC Worker Total (ms): Min: 16.0, Avg: 16.2, Max: 16.4, Diff: 0.4, Sum: 292.1]
      [GC Worker End (ms): Min: 5116.1, Avg: 5116.1, Max: 5116.2, Diff: 0.0]
   [Code Root Fixup: 0.0 ms]
   [Code Root Purge: 0.0 ms]
   [Clear CT: 0.2 ms]
   [Other: 1.5 ms]
      [Choose CSet: 0.1 ms]
      [Ref Proc: 0.3 ms]
      [Ref Enq: 0.0 ms]
      [Redirty Cards: 0.3 ms]
      [Humongous Register: 0.3 ms]
      [Humongous Reclaim: 0.1 ms]
      [Free CSet: 0.3 ms]
   [Eden: 44.0M(44.0M)->0.0B(262.0M) Survivors: 7168.0K->7168.0K Heap: 594.1M(1024.0M)->510.7M(1024.0M)]
 [Times: user=0.27 sys=0.02, real=0.02 secs] 
5.119: [GC pause (G1 Humongous Allocation) (young) (initial-mark), 0.0039273 secs]
   [Parallel Time: 2.7 ms, GC Workers: 18]
      [GC Worker Start (ms): Min: 5119.4, Avg: 5119.5, Max: 5119.6, Diff: 0.2]
      [Ext Root Scanning (ms): Min: 0.1, Avg: 0.2, Max: 0.3, Diff: 0.2, Sum: 3.8]
      [Update RS (ms): Min: 0.1, Avg: 0.8, Max: 2.1, Diff: 2.0, Sum: 14.8]
         [Processed Buffers: Min: 0, Avg: 1.1, Max: 4, Diff: 4, Sum: 19]
      [Scan RS (ms): Min: 0.0, Avg: 0.0, Max: 0.0, Diff: 0.0, Sum: 0.1]
      [Code Root Scanning (ms): Min: 0.0, Avg: 0.0, Max: 0.0, Diff: 0.0, Sum: 0.0]
      [Object Copy (ms): Min: 0.0, Avg: 1.1, Max: 2.0, Diff: 2.0, Sum: 20.1]
      [Termination (ms): Min: 0.0, Avg: 0.2, Max: 0.5, Diff: 0.5, Sum: 4.1]
         [Termination Attempts: Min: 1, Avg: 1.0, Max: 1, Diff: 0, Sum: 18]
      [GC Worker Other (ms): Min: 0.0, Avg: 0.0, Max: 0.0, Diff: 0.0, Sum: 0.2]
      [GC Worker Total (ms): Min: 2.3, Avg: 2.4, Max: 2.5, Diff: 0.2, Sum: 43.0]
      [GC Worker End (ms): Min: 5121.9, Avg: 5121.9, Max: 5121.9, Diff: 0.0]
   [Code Root Fixup: 0.0 ms]
   [Code Root Purge: 0.0 ms]
   [Clear CT: 0.3 ms]
   [Other: 1.0 ms]
      [Choose CSet: 0.0 ms]
      [Ref Proc: 0.3 ms]
      [Ref Enq: 0.0 ms]
      [Redirty Cards: 0.2 ms]
      [Humongous Register: 0.2 ms]
      [Humongous Reclaim: 0.0 ms]
      [Free CSet: 0.0 ms]
   [Eden: 4096.0K(262.0M)->0.0B(236.0M) Survivors: 7168.0K->9216.0K Heap: 514.7M(1024.0M)->512.2M(1024.0M)]
 [Times: user=0.04 sys=0.00, real=0.01 secs] 
5.123: [GC concurrent-root-region-scan-start]
5.123: [GC concurrent-root-region-scan-end, 0.0001828 secs]
5.123: [GC concurrent-mark-start]
5.126: [GC concurrent-mark-end, 0.0022268 secs]
5.126: [GC remark 5.126: [Finalize Marking, 0.0005015 secs] 5.126: [GC ref-proc, 0.0004111 secs] 5.127: [Unloading, 0.0010500 secs], 0.0028441 secs]
 [Times: user=0.03 sys=0.00, real=0.00 secs] 
5.129: [GC cleanup 522M->516M(1024M), 0.0016096 secs]
 [Times: user=0.01 sys=0.00, real=0.01 secs] 
5.130: [GC concurrent-cleanup-start]
5.130: [GC concurrent-cleanup-end, 0.0000311 secs]
5.217: [GC pause (G1 Evacuation Pause) (young), 0.0336187 secs]
   [Parallel Time: 31.6 ms, GC Workers: 18]
      [GC Worker Start (ms): Min: 5216.9, Avg: 5217.2, Max: 5217.3, Diff: 0.4]
      [Ext Root Scanning (ms): Min: 0.0, Avg: 0.2, Max: 0.4, Diff: 0.4, Sum: 2.9]
      [Update RS (ms): Min: 8.5, Avg: 8.7, Max: 8.9, Diff: 0.4, Sum: 157.0]
         [Processed Buffers: Min: 23, Avg: 27.2, Max: 33, Diff: 10, Sum: 490]
      [Scan RS (ms): Min: 0.0, Avg: 0.1, Max: 0.2, Diff: 0.2, Sum: 1.6]
      [Code Root Scanning (ms): Min: 0.0, Avg: 0.0, Max: 0.0, Diff: 0.0, Sum: 0.0]
      [Object Copy (ms): Min: 21.3, Avg: 21.8, Max: 22.2, Diff: 0.9, Sum: 393.0]
      [Termination (ms): Min: 0.0, Avg: 0.4, Max: 0.6, Diff: 0.6, Sum: 6.6]
         [Termination Attempts: Min: 1, Avg: 1.0, Max: 1, Diff: 0, Sum: 18]
      [GC Worker Other (ms): Min: 0.0, Avg: 0.0, Max: 0.1, Diff: 0.1, Sum: 0.8]
      [GC Worker Total (ms): Min: 31.0, Avg: 31.2, Max: 31.4, Diff: 0.4, Sum: 561.9]
      [GC Worker End (ms): Min: 5248.3, Avg: 5248.4, Max: 5248.4, Diff: 0.1]
   [Code Root Fixup: 0.0 ms]
   [Code Root Purge: 0.0 ms]
   [Clear CT: 0.3 ms]
   [Other: 1.7 ms]
      [Choose CSet: 0.0 ms]
      [Ref Proc: 0.3 ms]
      [Ref Enq: 0.0 ms]
      [Redirty Cards: 0.3 ms]
      [Humongous Register: 0.3 ms]
      [Humongous Reclaim: 0.3 ms]
      [Free CSet: 0.3 ms]
   [Eden: 236.0M(236.0M)->0.0B(20.0M) Survivors: 9216.0K->31.0M Heap: 802.0M(1024.0M)->566.9M(1024.0M)]
 [Times: user=0.54 sys=0.01, real=0.04 secs] 
5.258: [GC pause (G1 Evacuation Pause) (mixed), 0.0228624 secs]
   [Parallel Time: 21.2 ms, GC Workers: 18]
      [GC Worker Start (ms): Min: 5258.3, Avg: 5258.4, Max: 5258.6, Diff: 0.4]
      [Ext Root Scanning (ms): Min: 0.0, Avg: 0.1, Max: 0.3, Diff: 0.3, Sum: 2.7]
      [Update RS (ms): Min: 0.7, Avg: 0.8, Max: 0.9, Diff: 0.2, Sum: 14.8]
         [Processed Buffers: Min: 2, Avg: 3.3, Max: 5, Diff: 3, Sum: 59]
      [Scan RS (ms): Min: 0.0, Avg: 0.1, Max: 0.2, Diff: 0.1, Sum: 1.5]
      [Code Root Scanning (ms): Min: 0.0, Avg: 0.0, Max: 0.0, Diff: 0.0, Sum: 0.0]
      [Object Copy (ms): Min: 18.9, Avg: 19.3, Max: 19.7, Diff: 0.9, Sum: 346.8]
      [Termination (ms): Min: 0.0, Avg: 0.4, Max: 0.8, Diff: 0.8, Sum: 7.5]
         [Termination Attempts: Min: 1, Avg: 1.1, Max: 2, Diff: 1, Sum: 19]
      [GC Worker Other (ms): Min: 0.0, Avg: 0.0, Max: 0.1, Diff: 0.1, Sum: 0.4]
      [GC Worker Total (ms): Min: 20.5, Avg: 20.8, Max: 20.9, Diff: 0.4, Sum: 373.8]
      [GC Worker End (ms): Min: 5279.2, Avg: 5279.2, Max: 5279.2, Diff: 0.0]
   [Code Root Fixup: 0.0 ms]
   [Code Root Purge: 0.0 ms]
   [Clear CT: 0.3 ms]
   [Other: 1.4 ms]
      [Choose CSet: 0.1 ms]
      [Ref Proc: 0.2 ms]
      [Ref Enq: 0.0 ms]
      [Redirty Cards: 0.3 ms]
      [Humongous Register: 0.3 ms]
      [Humongous Reclaim: 0.1 ms]
      [Free CSet: 0.3 ms]
   [Eden: 20.0M(20.0M)->0.0B(44.0M) Survivors: 31.0M->7168.0K Heap: 591.8M(1024.0M)->504.6M(1024.0M)]
 [Times: user=0.35 sys=0.01, real=0.03 secs] 
5.296: [GC pause (G1 Evacuation Pause) (mixed), 0.0136868 secs]
   [Parallel Time: 12.2 ms, GC Workers: 18]
      [GC Worker Start (ms): Min: 5296.4, Avg: 5296.6, Max: 5296.7, Diff: 0.3]
      [Ext Root Scanning (ms): Min: 0.1, Avg: 0.2, Max: 0.4, Diff: 0.3, Sum: 3.4]
      [Update RS (ms): Min: 1.1, Avg: 1.3, Max: 1.5, Diff: 0.4, Sum: 23.8]
         [Processed Buffers: Min: 4, Avg: 4.5, Max: 6, Diff: 2, Sum: 81]
      [Scan RS (ms): Min: 0.0, Avg: 0.0, Max: 0.1, Diff: 0.1, Sum: 0.4]
      [Code Root Scanning (ms): Min: 0.0, Avg: 0.0, Max: 0.0, Diff: 0.0, Sum: 0.0]
      [Object Copy (ms): Min: 7.0, Avg: 7.6, Max: 10.0, Diff: 3.0, Sum: 137.7]
      [Termination (ms): Min: 0.0, Avg: 2.6, Max: 3.1, Diff: 3.1, Sum: 46.2]
         [Termination Attempts: Min: 1, Avg: 1.2, Max: 2, Diff: 1, Sum: 21]
      [GC Worker Other (ms): Min: 0.0, Avg: 0.0, Max: 0.0, Diff: 0.0, Sum: 0.5]
      [GC Worker Total (ms): Min: 11.6, Avg: 11.8, Max: 12.0, Diff: 0.3, Sum: 211.9]
      [GC Worker End (ms): Min: 5308.4, Avg: 5308.4, Max: 5308.4, Diff: 0.0]
   [Code Root Fixup: 0.0 ms]
   [Code Root Purge: 0.0 ms]
   [Clear CT: 0.2 ms]
   [Other: 1.2 ms]
      [Choose CSet: 0.0 ms]
      [Ref Proc: 0.3 ms]
      [Ref Enq: 0.0 ms]
      [Redirty Cards: 0.3 ms]
      [Humongous Register: 0.2 ms]
      [Humongous Reclaim: 0.1 ms]
      [Free CSet: 0.1 ms]
   [Eden: 44.0M(44.0M)->0.0B(246.0M) Survivors: 7168.0K->7168.0K Heap: 556.2M(1024.0M)->512.1M(1024.0M)]
 [Times: user=0.20 sys=0.00, real=0.02 secs] 
5.311: [GC pause (G1 Humongous Allocation) (young) (initial-mark), 0.0033429 secs]
   [Parallel Time: 2.2 ms, GC Workers: 18]
      [GC Worker Start (ms): Min: 5311.0, Avg: 5311.2, Max: 5311.3, Diff: 0.3]
      [Ext Root Scanning (ms): Min: 0.0, Avg: 0.2, Max: 0.4, Diff: 0.3, Sum: 3.2]
      [Update RS (ms): Min: 0.1, Avg: 0.2, Max: 1.1, Diff: 1.0, Sum: 3.2]
         [Processed Buffers: Min: 0, Avg: 1.1, Max: 2, Diff: 2, Sum: 19]
      [Scan RS (ms): Min: 0.0, Avg: 0.0, Max: 0.0, Diff: 0.0, Sum: 0.1]
      [Code Root Scanning (ms): Min: 0.0, Avg: 0.0, Max: 0.0, Diff: 0.0, Sum: 0.0]
      [Object Copy (ms): Min: 0.1, Avg: 1.2, Max: 1.6, Diff: 1.4, Sum: 22.4]
      [Termination (ms): Min: 0.0, Avg: 0.2, Max: 0.5, Diff: 0.5, Sum: 4.0]
         [Termination Attempts: Min: 1, Avg: 1.0, Max: 1, Diff: 0, Sum: 18]
      [GC Worker Other (ms): Min: 0.0, Avg: 0.0, Max: 0.0, Diff: 0.0, Sum: 0.3]
      [GC Worker Total (ms): Min: 1.7, Avg: 1.8, Max: 2.0, Diff: 0.3, Sum: 33.2]
      [GC Worker End (ms): Min: 5313.0, Avg: 5313.0, Max: 5313.0, Diff: 0.0]
   [Code Root Fixup: 0.0 ms]
   [Code Root Purge: 0.0 ms]
   [Clear CT: 0.2 ms]
   [Other: 0.9 ms]
      [Choose CSet: 0.0 ms]
      [Ref Proc: 0.3 ms]
      [Ref Enq: 0.0 ms]
      [Redirty Cards: 0.2 ms]
      [Humongous Register: 0.2 ms]
      [Humongous Reclaim: 0.0 ms]
      [Free CSet: 0.0 ms]
   [Eden: 3072.0K(246.0M)->0.0B(261.0M) Survivors: 7168.0K->8192.0K Heap: 514.9M(1024.0M)->512.4M(1024.0M)]
 [Times: user=0.04 sys=0.00, real=0.00 secs] 
5.314: [GC concurrent-root-region-scan-start]
5.314: [GC concurrent-root-region-scan-end, 0.0001685 secs]
5.314: [GC concurrent-mark-start]
5.316: [GC concurrent-mark-end, 0.0021684 secs]
5.317: [GC remark 5.317: [Finalize Marking, 0.0003183 secs] 5.317: [GC ref-proc, 0.0004104 secs] 5.317: [Unloading, 0.0008500 secs], 0.0023574 secs]
 [Times: user=0.02 sys=0.00, real=0.00 secs] 
5.319: [GC cleanup 522M->521M(1024M), 0.0016712 secs]
 [Times: user=0.02 sys=0.00, real=0.01 secs] 
5.321: [GC concurrent-cleanup-start]
5.321: [GC concurrent-cleanup-end, 0.0000228 secs]
5.416: [GC pause (G1 Evacuation Pause) (young), 0.0351825 secs]
   [Parallel Time: 33.2 ms, GC Workers: 18]
      [GC Worker Start (ms): Min: 5416.0, Avg: 5416.2, Max: 5416.4, Diff: 0.4]
      [Ext Root Scanning (ms): Min: 0.0, Avg: 0.2, Max: 0.3, Diff: 0.3, Sum: 2.9]
      [Update RS (ms): Min: 8.4, Avg: 8.5, Max: 8.6, Diff: 0.2, Sum: 152.9]
         [Processed Buffers: Min: 22, Avg: 26.7, Max: 34, Diff: 12, Sum: 481]
      [Scan RS (ms): Min: 0.0, Avg: 0.1, Max: 0.1, Diff: 0.1, Sum: 1.1]
      [Code Root Scanning (ms): Min: 0.0, Avg: 0.0, Max: 0.0, Diff: 0.0, Sum: 0.0]
      [Object Copy (ms): Min: 23.1, Avg: 23.6, Max: 24.0, Diff: 0.9, Sum: 425.7]
      [Termination (ms): Min: 0.0, Avg: 0.5, Max: 1.0, Diff: 1.0, Sum: 8.2]
         [Termination Attempts: Min: 1, Avg: 1.0, Max: 1, Diff: 0, Sum: 18]
      [GC Worker Other (ms): Min: 0.0, Avg: 0.0, Max: 0.1, Diff: 0.1, Sum: 0.7]
      [GC Worker Total (ms): Min: 32.7, Avg: 32.9, Max: 33.1, Diff: 0.4, Sum: 591.5]
      [GC Worker End (ms): Min: 5449.0, Avg: 5449.0, Max: 5449.1, Diff: 0.1]
   [Code Root Fixup: 0.0 ms]
   [Code Root Purge: 0.0 ms]
   [Clear CT: 0.3 ms]
   [Other: 1.7 ms]
      [Choose CSet: 0.0 ms]
      [Ref Proc: 0.3 ms]
      [Ref Enq: 0.0 ms]
      [Redirty Cards: 0.3 ms]
      [Humongous Register: 0.3 ms]
      [Humongous Reclaim: 0.3 ms]
      [Free CSet: 0.3 ms]
   [Eden: 261.0M(261.0M)->0.0B(17.0M) Survivors: 8192.0K->34.0M Heap: 831.1M(1024.0M)->585.6M(1024.0M)]
 [Times: user=0.57 sys=0.02, real=0.04 secs] 
5.458: [GC pause (G1 Evacuation Pause) (mixed), 0.0229851 secs]
   [Parallel Time: 21.3 ms, GC Workers: 18]
      [GC Worker Start (ms): Min: 5458.1, Avg: 5458.2, Max: 5458.4, Diff: 0.3]
      [Ext Root Scanning (ms): Min: 0.0, Avg: 0.2, Max: 0.3, Diff: 0.3, Sum: 3.0]
      [Update RS (ms): Min: 1.0, Avg: 1.1, Max: 1.3, Diff: 0.3, Sum: 20.5]
         [Processed Buffers: Min: 3, Avg: 4.1, Max: 7, Diff: 4, Sum: 73]
      [Scan RS (ms): Min: 0.0, Avg: 0.1, Max: 0.2, Diff: 0.2, Sum: 1.1]
      [Code Root Scanning (ms): Min: 0.0, Avg: 0.0, Max: 0.0, Diff: 0.0, Sum: 0.0]
      [Object Copy (ms): Min: 18.2, Avg: 18.6, Max: 19.4, Diff: 1.2, Sum: 334.3]
      [Termination (ms): Min: 0.0, Avg: 1.0, Max: 1.3, Diff: 1.3, Sum: 17.1]
         [Termination Attempts: Min: 1, Avg: 1.0, Max: 1, Diff: 0, Sum: 18]
      [GC Worker Other (ms): Min: 0.0, Avg: 0.0, Max: 0.0, Diff: 0.0, Sum: 0.3]
      [GC Worker Total (ms): Min: 20.8, Avg: 20.9, Max: 21.1, Diff: 0.3, Sum: 376.4]
      [GC Worker End (ms): Min: 5479.1, Avg: 5479.2, Max: 5479.2, Diff: 0.0]
   [Code Root Fixup: 0.0 ms]
   [Code Root Purge: 0.0 ms]
   [Clear CT: 0.3 ms]
   [Other: 1.4 ms]
      [Choose CSet: 0.1 ms]
      [Ref Proc: 0.3 ms]
      [Ref Enq: 0.0 ms]
      [Redirty Cards: 0.2 ms]
      [Humongous Register: 0.3 ms]
      [Humongous Reclaim: 0.1 ms]
      [Free CSet: 0.3 ms]
   [Eden: 17.0M(17.0M)->0.0B(46.0M) Survivors: 34.0M->5120.0K Heap: 609.5M(1024.0M)->520.2M(1024.0M)]
 [Times: user=0.35 sys=0.01, real=0.03 secs] 
5.498: [GC pause (G1 Evacuation Pause) (mixed), 0.0129276 secs]
   [Parallel Time: 11.5 ms, GC Workers: 18]
      [GC Worker Start (ms): Min: 5498.4, Avg: 5498.6, Max: 5498.7, Diff: 0.3]
      [Ext Root Scanning (ms): Min: 0.0, Avg: 0.1, Max: 0.3, Diff: 0.3, Sum: 2.6]
      [Update RS (ms): Min: 1.7, Avg: 1.9, Max: 2.1, Diff: 0.4, Sum: 34.1]
         [Processed Buffers: Min: 4, Avg: 6.1, Max: 8, Diff: 4, Sum: 109]
      [Scan RS (ms): Min: 0.0, Avg: 0.0, Max: 0.1, Diff: 0.1, Sum: 0.9]
      [Code Root Scanning (ms): Min: 0.0, Avg: 0.0, Max: 0.0, Diff: 0.0, Sum: 0.0]
      [Object Copy (ms): Min: 8.3, Avg: 8.5, Max: 9.0, Diff: 0.7, Sum: 153.7]
      [Termination (ms): Min: 0.0, Avg: 0.3, Max: 0.6, Diff: 0.6, Sum: 5.3]
         [Termination Attempts: Min: 1, Avg: 1.0, Max: 1, Diff: 0, Sum: 18]
      [GC Worker Other (ms): Min: 0.0, Avg: 0.0, Max: 0.1, Diff: 0.1, Sum: 0.7]
      [GC Worker Total (ms): Min: 10.8, Avg: 11.0, Max: 11.2, Diff: 0.3, Sum: 197.4]
      [GC Worker End (ms): Min: 5509.5, Avg: 5509.5, Max: 5509.5, Diff: 0.0]
   [Code Root Fixup: 0.0 ms]
   [Code Root Purge: 0.0 ms]
   [Clear CT: 0.2 ms]
   [Other: 1.2 ms]
      [Choose CSet: 0.0 ms]
      [Ref Proc: 0.3 ms]
      [Ref Enq: 0.0 ms]
      [Redirty Cards: 0.2 ms]
      [Humongous Register: 0.3 ms]
      [Humongous Reclaim: 0.1 ms]
      [Free CSet: 0.2 ms]
   [Eden: 46.0M(46.0M)->0.0B(252.0M) Survivors: 5120.0K->7168.0K Heap: 577.5M(1024.0M)->519.9M(1024.0M)]
 [Times: user=0.20 sys=0.01, real=0.02 secs] 
5.511: [GC pause (G1 Humongous Allocation) (young) (initial-mark), 0.0034398 secs]
   [Parallel Time: 2.2 ms, GC Workers: 18]
      [GC Worker Start (ms): Min: 5511.8, Avg: 5512.0, Max: 5512.1, Diff: 0.3]
      [Ext Root Scanning (ms): Min: 0.0, Avg: 0.1, Max: 0.3, Diff: 0.3, Sum: 2.4]
      [Update RS (ms): Min: 0.1, Avg: 0.2, Max: 0.9, Diff: 0.8, Sum: 4.2]
         [Processed Buffers: Min: 0, Avg: 1.1, Max: 2, Diff: 2, Sum: 19]
      [Scan RS (ms): Min: 0.0, Avg: 0.0, Max: 0.0, Diff: 0.0, Sum: 0.1]
      [Code Root Scanning (ms): Min: 0.0, Avg: 0.0, Max: 0.0, Diff: 0.0, Sum: 0.0]
      [Object Copy (ms): Min: 0.5, Avg: 1.2, Max: 1.6, Diff: 1.1, Sum: 22.2]
      [Termination (ms): Min: 0.0, Avg: 0.2, Max: 0.4, Diff: 0.4, Sum: 4.0]
         [Termination Attempts: Min: 1, Avg: 1.2, Max: 2, Diff: 1, Sum: 21]
      [GC Worker Other (ms): Min: 0.0, Avg: 0.0, Max: 0.1, Diff: 0.1, Sum: 0.4]
      [GC Worker Total (ms): Min: 1.7, Avg: 1.8, Max: 2.0, Diff: 0.3, Sum: 33.3]
      [GC Worker End (ms): Min: 5513.8, Avg: 5513.8, Max: 5513.8, Diff: 0.0]
   [Code Root Fixup: 0.0 ms]
   [Code Root Purge: 0.0 ms]
   [Clear CT: 0.3 ms]
   [Other: 1.0 ms]
      [Choose CSet: 0.0 ms]
      [Ref Proc: 0.3 ms]
      [Ref Enq: 0.0 ms]
      [Redirty Cards: 0.2 ms]
      [Humongous Register: 0.2 ms]
      [Humongous Reclaim: 0.0 ms]
      [Free CSet: 0.0 ms]
   [Eden: 1024.0K(252.0M)->0.0B(253.0M) Survivors: 7168.0K->8192.0K Heap: 520.7M(1024.0M)->520.0M(1024.0M)]
 [Times: user=0.03 sys=0.00, real=0.00 secs] 
5.515: [GC concurrent-root-region-scan-start]
5.515: [GC concurrent-root-region-scan-end, 0.0001428 secs]
5.515: [GC concurrent-mark-start]
5.517: [GC concurrent-mark-end, 0.0022974 secs]
5.518: [GC remark 5.518: [Finalize Marking, 0.0004728 secs] 5.518: [GC ref-proc, 0.0004186 secs] 5.519: [Unloading, 0.0008683 secs], 0.0026681 secs]
 [Times: user=0.02 sys=0.00, real=0.01 secs] 
5.520: [GC cleanup 530M->527M(1024M), 0.0015871 secs]
 [Times: user=0.02 sys=0.00, real=0.00 secs] 
5.522: [GC concurrent-cleanup-start]
5.522: [GC concurrent-cleanup-end, 0.0000245 secs]
5.617: [GC pause (G1 Evacuation Pause) (young) (to-space exhausted), 0.0378669 secs]
   [Parallel Time: 35.4 ms, GC Workers: 18]
      [GC Worker Start (ms): Min: 5617.1, Avg: 5617.3, Max: 5617.5, Diff: 0.3]
      [Ext Root Scanning (ms): Min: 0.0, Avg: 0.2, Max: 0.3, Diff: 0.3, Sum: 3.3]
      [Update RS (ms): Min: 12.3, Avg: 12.5, Max: 12.6, Diff: 0.3, Sum: 225.1]
         [Processed Buffers: Min: 30, Avg: 36.6, Max: 43, Diff: 13, Sum: 658]
      [Scan RS (ms): Min: 0.0, Avg: 0.1, Max: 0.1, Diff: 0.1, Sum: 0.9]
      [Code Root Scanning (ms): Min: 0.0, Avg: 0.0, Max: 0.0, Diff: 0.0, Sum: 0.0]
      [Object Copy (ms): Min: 18.3, Avg: 18.7, Max: 22.5, Diff: 4.2, Sum: 336.1]
      [Termination (ms): Min: 0.0, Avg: 3.7, Max: 4.0, Diff: 4.0, Sum: 67.2]
         [Termination Attempts: Min: 1, Avg: 1.0, Max: 1, Diff: 0, Sum: 18]
      [GC Worker Other (ms): Min: 0.0, Avg: 0.0, Max: 0.1, Diff: 0.1, Sum: 0.6]
      [GC Worker Total (ms): Min: 35.0, Avg: 35.2, Max: 35.3, Diff: 0.3, Sum: 633.3]
      [GC Worker End (ms): Min: 5652.4, Avg: 5652.5, Max: 5652.5, Diff: 0.1]
   [Code Root Fixup: 0.0 ms]
   [Code Root Purge: 0.0 ms]
   [Clear CT: 0.3 ms]
   [Other: 2.1 ms]
      [Evacuation Failure: 0.4 ms]
      [Choose CSet: 0.0 ms]
      [Ref Proc: 0.3 ms]
      [Ref Enq: 0.0 ms]
      [Redirty Cards: 0.2 ms]
      [Humongous Register: 0.3 ms]
      [Humongous Reclaim: 0.4 ms]
      [Free CSet: 0.3 ms]
   [Eden: 253.0M(253.0M)->0.0B(18.0M) Survivors: 8192.0K->33.0M Heap: 850.5M(1024.0M)->653.1M(1024.0M)]
 [Times: user=0.62 sys=0.01, real=0.04 secs] 
5.662: [GC pause (G1 Evacuation Pause) (mixed), 0.0206910 secs]
   [Parallel Time: 18.9 ms, GC Workers: 18]
      [GC Worker Start (ms): Min: 5662.5, Avg: 5662.8, Max: 5663.0, Diff: 0.5]
      [Ext Root Scanning (ms): Min: 0.0, Avg: 0.2, Max: 0.4, Diff: 0.4, Sum: 2.7]
      [Update RS (ms): Min: 0.9, Avg: 1.0, Max: 1.1, Diff: 0.2, Sum: 18.6]
         [Processed Buffers: Min: 3, Avg: 4.5, Max: 7, Diff: 4, Sum: 81]
      [Scan RS (ms): Min: 0.0, Avg: 0.1, Max: 0.2, Diff: 0.2, Sum: 1.4]
      [Code Root Scanning (ms): Min: 0.0, Avg: 0.0, Max: 0.0, Diff: 0.0, Sum: 0.0]
      [Object Copy (ms): Min: 16.7, Avg: 16.9, Max: 17.2, Diff: 0.5, Sum: 304.8]
      [Termination (ms): Min: 0.0, Avg: 0.3, Max: 0.5, Diff: 0.5, Sum: 4.6]
         [Termination Attempts: Min: 1, Avg: 1.1, Max: 2, Diff: 1, Sum: 19]
      [GC Worker Other (ms): Min: 0.0, Avg: 0.0, Max: 0.0, Diff: 0.0, Sum: 0.5]
      [GC Worker Total (ms): Min: 18.3, Avg: 18.5, Max: 18.7, Diff: 0.5, Sum: 332.7]
      [GC Worker End (ms): Min: 5681.2, Avg: 5681.2, Max: 5681.3, Diff: 0.0]
   [Code Root Fixup: 0.0 ms]
   [Code Root Purge: 0.0 ms]
   [Clear CT: 0.3 ms]
   [Other: 1.5 ms]
      [Choose CSet: 0.1 ms]
      [Ref Proc: 0.3 ms]
      [Ref Enq: 0.0 ms]
      [Redirty Cards: 0.3 ms]
      [Humongous Register: 0.3 ms]
      [Humongous Reclaim: 0.1 ms]
      [Free CSet: 0.3 ms]
   [Eden: 18.0M(18.0M)->0.0B(44.0M) Survivors: 33.0M->7168.0K Heap: 677.4M(1024.0M)->582.5M(1024.0M)]
 [Times: user=0.26 sys=0.08, real=0.02 secs] 
5.698: [GC pause (G1 Evacuation Pause) (mixed), 0.0133495 secs]
   [Parallel Time: 11.8 ms, GC Workers: 18]
      [GC Worker Start (ms): Min: 5698.7, Avg: 5699.0, Max: 5699.1, Diff: 0.4]
      [Ext Root Scanning (ms): Min: 0.0, Avg: 0.1, Max: 0.4, Diff: 0.4, Sum: 2.7]
      [Update RS (ms): Min: 1.0, Avg: 1.1, Max: 1.2, Diff: 0.2, Sum: 19.0]
         [Processed Buffers: Min: 3, Avg: 4.2, Max: 6, Diff: 3, Sum: 75]
      [Scan RS (ms): Min: 0.0, Avg: 0.1, Max: 0.3, Diff: 0.3, Sum: 1.1]
      [Code Root Scanning (ms): Min: 0.0, Avg: 0.0, Max: 0.1, Diff: 0.1, Sum: 0.1]
      [Object Copy (ms): Min: 9.5, Avg: 9.8, Max: 10.1, Diff: 0.6, Sum: 176.4]
      [Termination (ms): Min: 0.0, Avg: 0.2, Max: 0.6, Diff: 0.6, Sum: 4.0]
         [Termination Attempts: Min: 1, Avg: 1.0, Max: 1, Diff: 0, Sum: 18]
      [GC Worker Other (ms): Min: 0.0, Avg: 0.0, Max: 0.0, Diff: 0.0, Sum: 0.4]
      [GC Worker Total (ms): Min: 11.1, Avg: 11.3, Max: 11.5, Diff: 0.4, Sum: 203.7]
      [GC Worker End (ms): Min: 5710.3, Avg: 5710.3, Max: 5710.4, Diff: 0.1]
   [Code Root Fixup: 0.0 ms]
   [Code Root Purge: 0.0 ms]
   [Clear CT: 0.2 ms]
   [Other: 1.3 ms]
      [Choose CSet: 0.0 ms]
      [Ref Proc: 0.3 ms]
      [Ref Enq: 0.0 ms]
      [Redirty Cards: 0.3 ms]
      [Humongous Register: 0.3 ms]
      [Humongous Reclaim: 0.1 ms]
      [Free CSet: 0.2 ms]
   [Eden: 44.0M(44.0M)->0.0B(207.0M) Survivors: 7168.0K->7168.0K Heap: 633.4M(1024.0M)->583.0M(1024.0M)]
 [Times: user=0.15 sys=0.06, real=0.02 secs] 
5.712: [GC pause (G1 Humongous Allocation) (young) (initial-mark), 0.0035725 secs]
   [Parallel Time: 2.6 ms, GC Workers: 18]
      [GC Worker Start (ms): Min: 5712.7, Avg: 5712.9, Max: 5713.0, Diff: 0.3]
      [Ext Root Scanning (ms): Min: 0.1, Avg: 0.2, Max: 0.3, Diff: 0.3, Sum: 3.3]
      [Update RS (ms): Min: 0.1, Avg: 0.5, Max: 1.6, Diff: 1.5, Sum: 9.5]
         [Processed Buffers: Min: 0, Avg: 1.1, Max: 2, Diff: 2, Sum: 19]
      [Scan RS (ms): Min: 0.0, Avg: 0.0, Max: 0.0, Diff: 0.0, Sum: 0.1]
      [Code Root Scanning (ms): Min: 0.0, Avg: 0.0, Max: 0.0, Diff: 0.0, Sum: 0.0]
      [Object Copy (ms): Min: 0.0, Avg: 1.2, Max: 1.9, Diff: 1.8, Sum: 22.4]
      [Termination (ms): Min: 0.0, Avg: 0.2, Max: 0.5, Diff: 0.5, Sum: 3.8]
         [Termination Attempts: Min: 1, Avg: 1.0, Max: 1, Diff: 0, Sum: 18]
      [GC Worker Other (ms): Min: 0.0, Avg: 0.0, Max: 0.0, Diff: 0.0, Sum: 0.3]
      [GC Worker Total (ms): Min: 2.1, Avg: 2.2, Max: 2.4, Diff: 0.3, Sum: 39.5]
      [GC Worker End (ms): Min: 5715.0, Avg: 5715.1, Max: 5715.1, Diff: 0.0]
   [Code Root Fixup: 0.0 ms]
   [Code Root Purge: 0.0 ms]
   [Clear CT: 0.2 ms]
   [Other: 0.8 ms]
      [Choose CSet: 0.0 ms]
      [Ref Proc: 0.2 ms]
      [Ref Enq: 0.0 ms]
      [Redirty Cards: 0.2 ms]
      [Humongous Register: 0.1 ms]
      [Humongous Reclaim: 0.0 ms]
      [Free CSet: 0.0 ms]
   [Eden: 2048.0K(207.0M)->0.0B(208.0M) Survivors: 7168.0K->8192.0K Heap: 584.4M(1024.0M)->583.9M(1024.0M)]
 [Times: user=0.04 sys=0.00, real=0.00 secs] 
5.716: [GC concurrent-root-region-scan-start]
5.716: [GC concurrent-root-region-scan-end, 0.0001618 secs]
5.716: [GC concurrent-mark-start]
5.718: [GC concurrent-mark-end, 0.0018422 secs]
5.718: [GC remark 5.718: [Finalize Marking, 0.0003846 secs] 5.719: [GC ref-proc, 0.0004144 secs] 5.719: [Unloading, 0.0008789 secs], 0.0024211 secs]
 [Times: user=0.02 sys=0.00, real=0.01 secs] 
5.721: [GC cleanup 592M->582M(1024M), 0.0016895 secs]
 [Times: user=0.02 sys=0.00, real=0.00 secs] 
5.723: [GC concurrent-cleanup-start]
5.723: [GC concurrent-cleanup-end, 0.0000451 secs]
5.804: [GC pause (G1 Evacuation Pause) (young), 0.0305995 secs]
   [Parallel Time: 28.7 ms, GC Workers: 18]
      [GC Worker Start (ms): Min: 5804.2, Avg: 5804.4, Max: 5804.6, Diff: 0.4]
      [Ext Root Scanning (ms): Min: 0.0, Avg: 0.1, Max: 0.3, Diff: 0.3, Sum: 2.7]
      [Update RS (ms): Min: 8.9, Avg: 9.0, Max: 9.3, Diff: 0.4, Sum: 162.9]
         [Processed Buffers: Min: 27, Avg: 28.2, Max: 30, Diff: 3, Sum: 508]
      [Scan RS (ms): Min: 0.0, Avg: 0.1, Max: 0.3, Diff: 0.3, Sum: 1.5]
      [Code Root Scanning (ms): Min: 0.0, Avg: 0.0, Max: 0.0, Diff: 0.0, Sum: 0.0]
      [Object Copy (ms): Min: 17.8, Avg: 18.5, Max: 19.0, Diff: 1.1, Sum: 333.0]
      [Termination (ms): Min: 0.0, Avg: 0.4, Max: 0.6, Diff: 0.6, Sum: 6.7]
         [Termination Attempts: Min: 1, Avg: 1.0, Max: 1, Diff: 0, Sum: 18]
      [GC Worker Other (ms): Min: 0.0, Avg: 0.0, Max: 0.1, Diff: 0.1, Sum: 0.9]
      [GC Worker Total (ms): Min: 28.0, Avg: 28.2, Max: 28.4, Diff: 0.4, Sum: 507.6]
      [GC Worker End (ms): Min: 5832.6, Avg: 5832.6, Max: 5832.7, Diff: 0.1]
   [Code Root Fixup: 0.0 ms]
   [Code Root Purge: 0.0 ms]
   [Clear CT: 0.3 ms]
   [Other: 1.7 ms]
      [Choose CSet: 0.0 ms]
      [Ref Proc: 0.3 ms]
      [Ref Enq: 0.0 ms]
      [Redirty Cards: 0.3 ms]
      [Humongous Register: 0.3 ms]
      [Humongous Reclaim: 0.3 ms]
      [Free CSet: 0.3 ms]
   [Eden: 208.0M(208.0M)->0.0B(24.0M) Survivors: 8192.0K->27.0M Heap: 844.2M(1024.0M)->635.7M(1024.0M)]
 [Times: user=0.48 sys=0.03, real=0.03 secs] 
5.843: [GC pause (G1 Evacuation Pause) (mixed), 0.0166587 secs]
   [Parallel Time: 14.8 ms, GC Workers: 18]
      [GC Worker Start (ms): Min: 5843.2, Avg: 5843.4, Max: 5843.6, Diff: 0.4]
      [Ext Root Scanning (ms): Min: 0.0, Avg: 0.1, Max: 0.4, Diff: 0.4, Sum: 2.5]
      [Update RS (ms): Min: 0.5, Avg: 0.6, Max: 0.7, Diff: 0.3, Sum: 10.0]
         [Processed Buffers: Min: 2, Avg: 2.3, Max: 4, Diff: 2, Sum: 42]
      [Scan RS (ms): Min: 0.0, Avg: 0.1, Max: 0.1, Diff: 0.1, Sum: 1.0]
      [Code Root Scanning (ms): Min: 0.0, Avg: 0.0, Max: 0.0, Diff: 0.0, Sum: 0.0]
      [Object Copy (ms): Min: 13.0, Avg: 13.4, Max: 13.7, Diff: 0.7, Sum: 240.3]
      [Termination (ms): Min: 0.0, Avg: 0.3, Max: 0.6, Diff: 0.6, Sum: 5.8]
         [Termination Attempts: Min: 1, Avg: 1.0, Max: 1, Diff: 0, Sum: 18]
      [GC Worker Other (ms): Min: 0.0, Avg: 0.0, Max: 0.1, Diff: 0.1, Sum: 0.5]
      [GC Worker Total (ms): Min: 14.3, Avg: 14.5, Max: 14.7, Diff: 0.4, Sum: 260.2]
      [GC Worker End (ms): Min: 5857.9, Avg: 5857.9, Max: 5857.9, Diff: 0.0]
   [Code Root Fixup: 0.0 ms]
   [Code Root Purge: 0.0 ms]
   [Clear CT: 0.3 ms]
   [Other: 1.6 ms]
      [Choose CSet: 0.1 ms]
      [Ref Proc: 0.4 ms]
      [Ref Enq: 0.0 ms]
      [Redirty Cards: 0.3 ms]
      [Humongous Register: 0.3 ms]
      [Humongous Reclaim: 0.1 ms]
      [Free CSet: 0.3 ms]
   [Eden: 24.0M(24.0M)->0.0B(44.0M) Survivors: 27.0M->7168.0K Heap: 662.6M(1024.0M)->553.9M(1024.0M)]
 [Times: user=0.24 sys=0.02, real=0.01 secs] 
5.876: [GC pause (G1 Evacuation Pause) (mixed), 0.0227548 secs]
   [Parallel Time: 21.0 ms, GC Workers: 18]
      [GC Worker Start (ms): Min: 5876.5, Avg: 5876.7, Max: 5876.9, Diff: 0.4]
      [Ext Root Scanning (ms): Min: 0.0, Avg: 0.2, Max: 0.4, Diff: 0.4, Sum: 2.9]
      [Update RS (ms): Min: 1.7, Avg: 1.9, Max: 2.1, Diff: 0.4, Sum: 34.7]
         [Processed Buffers: Min: 5, Avg: 6.3, Max: 9, Diff: 4, Sum: 113]
      [Scan RS (ms): Min: 0.0, Avg: 0.1, Max: 0.5, Diff: 0.5, Sum: 1.4]
      [Code Root Scanning (ms): Min: 0.0, Avg: 0.0, Max: 0.0, Diff: 0.0, Sum: 0.0]
      [Object Copy (ms): Min: 17.5, Avg: 17.9, Max: 18.3, Diff: 0.8, Sum: 321.7]
      [Termination (ms): Min: 0.0, Avg: 0.4, Max: 0.8, Diff: 0.8, Sum: 6.6]
         [Termination Attempts: Min: 1, Avg: 1.3, Max: 4, Diff: 3, Sum: 24]
      [GC Worker Other (ms): Min: 0.0, Avg: 0.0, Max: 0.1, Diff: 0.0, Sum: 0.4]
      [GC Worker Total (ms): Min: 20.2, Avg: 20.4, Max: 20.6, Diff: 0.4, Sum: 367.7]
      [GC Worker End (ms): Min: 5897.1, Avg: 5897.1, Max: 5897.1, Diff: 0.0]
   [Code Root Fixup: 0.0 ms]
   [Code Root Purge: 0.0 ms]
   [Clear CT: 0.3 ms]
   [Other: 1.5 ms]
      [Choose CSet: 0.1 ms]
      [Ref Proc: 0.3 ms]
      [Ref Enq: 0.0 ms]
      [Redirty Cards: 0.3 ms]
      [Humongous Register: 0.3 ms]
      [Humongous Reclaim: 0.1 ms]
      [Free CSet: 0.3 ms]
   [Eden: 44.0M(44.0M)->0.0B(44.0M) Survivors: 7168.0K->7168.0K Heap: 609.7M(1024.0M)->509.6M(1024.0M)]
 [Times: user=0.34 sys=0.01, real=0.02 secs] 
5.914: [GC pause (G1 Evacuation Pause) (mixed), 0.0168160 secs]
   [Parallel Time: 15.3 ms, GC Workers: 18]
      [GC Worker Start (ms): Min: 5914.7, Avg: 5914.9, Max: 5915.1, Diff: 0.4]
      [Ext Root Scanning (ms): Min: 0.0, Avg: 0.2, Max: 0.4, Diff: 0.4, Sum: 3.0]
      [Update RS (ms): Min: 1.2, Avg: 2.1, Max: 14.8, Diff: 13.6, Sum: 37.5]
         [Processed Buffers: Min: 3, Avg: 4.4, Max: 6, Diff: 3, Sum: 79]
      [Scan RS (ms): Min: 0.0, Avg: 0.0, Max: 0.1, Diff: 0.1, Sum: 0.2]
      [Code Root Scanning (ms): Min: 0.0, Avg: 0.0, Max: 0.0, Diff: 0.0, Sum: 0.0]
      [Object Copy (ms): Min: 0.0, Avg: 6.6, Max: 7.5, Diff: 7.5, Sum: 118.8]
      [Termination (ms): Min: 0.0, Avg: 6.1, Max: 6.9, Diff: 6.9, Sum: 109.6]
         [Termination Attempts: Min: 1, Avg: 1.0, Max: 1, Diff: 0, Sum: 18]
      [GC Worker Other (ms): Min: 0.0, Avg: 0.0, Max: 0.0, Diff: 0.0, Sum: 0.3]
      [GC Worker Total (ms): Min: 14.8, Avg: 15.0, Max: 15.2, Diff: 0.4, Sum: 269.5]
      [GC Worker End (ms): Min: 5929.9, Avg: 5929.9, Max: 5929.9, Diff: 0.0]
   [Code Root Fixup: 0.0 ms]
   [Code Root Purge: 0.0 ms]
   [Clear CT: 0.2 ms]
   [Other: 1.3 ms]
      [Choose CSet: 0.0 ms]
      [Ref Proc: 0.4 ms]
      [Ref Enq: 0.0 ms]
      [Redirty Cards: 0.3 ms]
      [Humongous Register: 0.3 ms]
      [Humongous Reclaim: 0.1 ms]
      [Free CSet: 0.1 ms]
   [Eden: 44.0M(44.0M)->0.0B(259.0M) Survivors: 7168.0K->7168.0K Heap: 561.0M(1024.0M)->518.7M(1024.0M)]
 [Times: user=0.24 sys=0.03, real=0.02 secs] 
5.931: [GC pause (G1 Humongous Allocation) (young) (initial-mark), 0.0039618 secs]
   [Parallel Time: 2.6 ms, GC Workers: 18]
      [GC Worker Start (ms): Min: 5931.9, Avg: 5932.1, Max: 5932.3, Diff: 0.4]
      [Ext Root Scanning (ms): Min: 0.0, Avg: 0.2, Max: 0.4, Diff: 0.4, Sum: 4.0]
      [Update RS (ms): Min: 0.0, Avg: 0.2, Max: 0.7, Diff: 0.7, Sum: 3.2]
         [Processed Buffers: Min: 0, Avg: 0.9, Max: 2, Diff: 2, Sum: 16]
      [Scan RS (ms): Min: 0.0, Avg: 0.0, Max: 0.0, Diff: 0.0, Sum: 0.1]
      [Code Root Scanning (ms): Min: 0.0, Avg: 0.0, Max: 0.0, Diff: 0.0, Sum: 0.0]
      [Object Copy (ms): Min: 0.6, Avg: 1.4, Max: 1.8, Diff: 1.2, Sum: 24.3]
      [Termination (ms): Min: 0.0, Avg: 0.4, Max: 0.8, Diff: 0.8, Sum: 7.6]
         [Termination Attempts: Min: 1, Avg: 1.0, Max: 1, Diff: 0, Sum: 18]
      [GC Worker Other (ms): Min: 0.0, Avg: 0.0, Max: 0.0, Diff: 0.0, Sum: 0.2]
      [GC Worker Total (ms): Min: 2.0, Avg: 2.2, Max: 2.4, Diff: 0.4, Sum: 39.4]
      [GC Worker End (ms): Min: 5934.3, Avg: 5934.3, Max: 5934.3, Diff: 0.0]
   [Code Root Fixup: 0.0 ms]
   [Code Root Purge: 0.0 ms]
   [Clear CT: 0.3 ms]
   [Other: 1.0 ms]
      [Choose CSet: 0.0 ms]
      [Ref Proc: 0.3 ms]
      [Ref Enq: 0.0 ms]
      [Redirty Cards: 0.2 ms]
      [Humongous Register: 0.3 ms]
      [Humongous Reclaim: 0.0 ms]
      [Free CSet: 0.0 ms]
   [Eden: 1024.0K(259.0M)->0.0B(270.0M) Survivors: 7168.0K->8192.0K Heap: 519.6M(1024.0M)->519.0M(1024.0M)]
 [Times: user=0.04 sys=0.01, real=0.00 secs] 
5.936: [GC concurrent-root-region-scan-start]
5.936: [GC concurrent-root-region-scan-end, 0.0001434 secs]
5.936: [GC concurrent-mark-start]
5.938: [GC concurrent-mark-end, 0.0023784 secs]
5.938: [GC remark 5.938: [Finalize Marking, 0.0004048 secs] 5.939: [GC ref-proc, 0.0004240 secs] 5.939: [Unloading, 0.0009446 secs], 0.0025356 secs]
 [Times: user=0.02 sys=0.00, real=0.01 secs] 
5.941: [GC cleanup 529M->525M(1024M), 0.0016840 secs]
 [Times: user=0.01 sys=0.00, real=0.00 secs] 
5.943: [GC concurrent-cleanup-start]
5.943: [GC concurrent-cleanup-end, 0.0000269 secs]
6.048: [GC pause (G1 Evacuation Pause) (young) (to-space exhausted), 0.0330504 secs]
   [Parallel Time: 30.8 ms, GC Workers: 18]
      [GC Worker Start (ms): Min: 6048.9, Avg: 6049.0, Max: 6049.2, Diff: 0.3]
      [Ext Root Scanning (ms): Min: 0.0, Avg: 0.2, Max: 0.3, Diff: 0.3, Sum: 3.0]
      [Update RS (ms): Min: 10.3, Avg: 10.5, Max: 10.7, Diff: 0.4, Sum: 189.0]
         [Processed Buffers: Min: 28, Avg: 30.7, Max: 35, Diff: 7, Sum: 552]
      [Scan RS (ms): Min: 0.0, Avg: 0.1, Max: 0.2, Diff: 0.2, Sum: 1.6]
      [Code Root Scanning (ms): Min: 0.0, Avg: 0.0, Max: 0.0, Diff: 0.0, Sum: 0.0]
      [Object Copy (ms): Min: 19.2, Avg: 19.5, Max: 19.8, Diff: 0.5, Sum: 351.1]
      [Termination (ms): Min: 0.0, Avg: 0.1, Max: 0.2, Diff: 0.2, Sum: 1.7]
         [Termination Attempts: Min: 1, Avg: 1.0, Max: 1, Diff: 0, Sum: 18]
      [GC Worker Other (ms): Min: 0.0, Avg: 0.0, Max: 0.1, Diff: 0.1, Sum: 0.7]
      [GC Worker Total (ms): Min: 30.2, Avg: 30.4, Max: 30.6, Diff: 0.4, Sum: 547.1]
      [GC Worker End (ms): Min: 6079.4, Avg: 6079.4, Max: 6079.5, Diff: 0.0]
   [Code Root Fixup: 0.0 ms]
   [Code Root Purge: 0.0 ms]
   [Clear CT: 0.3 ms]
   [Other: 2.0 ms]
      [Evacuation Failure: 0.4 ms]
      [Choose CSet: 0.0 ms]
      [Ref Proc: 0.3 ms]
      [Ref Enq: 0.0 ms]
      [Redirty Cards: 0.2 ms]
      [Humongous Register: 0.3 ms]
      [Humongous Reclaim: 0.3 ms]
      [Free CSet: 0.3 ms]
   [Eden: 270.0M(270.0M)->0.0B(16.0M) Survivors: 8192.0K->35.0M Heap: 852.3M(1024.0M)->646.3M(1024.0M)]
 [Times: user=0.54 sys=0.01, real=0.04 secs] 
6.087: [GC pause (G1 Evacuation Pause) (mixed), 0.0218645 secs]
   [Parallel Time: 20.1 ms, GC Workers: 18]
      [GC Worker Start (ms): Min: 6088.0, Avg: 6088.2, Max: 6088.5, Diff: 0.6]
      [Ext Root Scanning (ms): Min: 0.0, Avg: 0.2, Max: 0.4, Diff: 0.4, Sum: 2.8]
      [Update RS (ms): Min: 0.6, Avg: 0.9, Max: 1.0, Diff: 0.3, Sum: 15.8]
         [Processed Buffers: Min: 2, Avg: 3.8, Max: 6, Diff: 4, Sum: 68]
      [Scan RS (ms): Min: 0.0, Avg: 0.1, Max: 0.2, Diff: 0.2, Sum: 1.4]
      [Code Root Scanning (ms): Min: 0.0, Avg: 0.0, Max: 0.0, Diff: 0.0, Sum: 0.0]
      [Object Copy (ms): Min: 18.0, Avg: 18.1, Max: 18.5, Diff: 0.6, Sum: 325.1]
      [Termination (ms): Min: 0.0, Avg: 0.5, Max: 0.6, Diff: 0.6, Sum: 9.5]
         [Termination Attempts: Min: 1, Avg: 2.3, Max: 6, Diff: 5, Sum: 41]
      [GC Worker Other (ms): Min: 0.0, Avg: 0.0, Max: 0.0, Diff: 0.0, Sum: 0.3]
      [GC Worker Total (ms): Min: 19.4, Avg: 19.7, Max: 20.0, Diff: 0.6, Sum: 355.0]
      [GC Worker End (ms): Min: 6107.9, Avg: 6107.9, Max: 6108.0, Diff: 0.0]
   [Code Root Fixup: 0.0 ms]
   [Code Root Purge: 0.0 ms]
   [Clear CT: 0.3 ms]
   [Other: 1.5 ms]
      [Choose CSet: 0.1 ms]
      [Ref Proc: 0.2 ms]
      [Ref Enq: 0.0 ms]
      [Redirty Cards: 0.3 ms]
      [Humongous Register: 0.3 ms]
      [Humongous Reclaim: 0.1 ms]
      [Free CSet: 0.4 ms]
   [Eden: 16.0M(16.0M)->0.0B(45.0M) Survivors: 35.0M->6144.0K Heap: 667.1M(1024.0M)->577.5M(1024.0M)]
 [Times: user=0.28 sys=0.08, real=0.02 secs] 
6.127: [GC pause (G1 Evacuation Pause) (mixed), 0.0153887 secs]
   [Parallel Time: 13.8 ms, GC Workers: 18]
      [GC Worker Start (ms): Min: 6127.6, Avg: 6127.8, Max: 6128.0, Diff: 0.4]
      [Ext Root Scanning (ms): Min: 0.0, Avg: 0.2, Max: 0.4, Diff: 0.4, Sum: 3.0]
      [Update RS (ms): Min: 1.7, Avg: 1.9, Max: 2.1, Diff: 0.4, Sum: 33.9]
         [Processed Buffers: Min: 5, Avg: 5.8, Max: 7, Diff: 2, Sum: 104]
      [Scan RS (ms): Min: 0.0, Avg: 0.0, Max: 0.2, Diff: 0.2, Sum: 0.8]
      [Code Root Scanning (ms): Min: 0.0, Avg: 0.0, Max: 0.0, Diff: 0.0, Sum: 0.0]
      [Object Copy (ms): Min: 10.5, Avg: 10.9, Max: 11.2, Diff: 0.7, Sum: 196.4]
      [Termination (ms): Min: 0.0, Avg: 0.3, Max: 0.6, Diff: 0.6, Sum: 6.1]
         [Termination Attempts: Min: 1, Avg: 1.2, Max: 2, Diff: 1, Sum: 21]
      [GC Worker Other (ms): Min: 0.0, Avg: 0.0, Max: 0.1, Diff: 0.0, Sum: 0.5]
      [GC Worker Total (ms): Min: 13.2, Avg: 13.4, Max: 13.6, Diff: 0.4, Sum: 240.7]
      [GC Worker End (ms): Min: 6141.2, Avg: 6141.2, Max: 6141.2, Diff: 0.0]
   [Code Root Fixup: 0.0 ms]
   [Code Root Purge: 0.0 ms]
   [Clear CT: 0.2 ms]
   [Other: 1.3 ms]
      [Choose CSet: 0.0 ms]
      [Ref Proc: 0.3 ms]
      [Ref Enq: 0.0 ms]
      [Redirty Cards: 0.2 ms]
      [Humongous Register: 0.3 ms]
      [Humongous Reclaim: 0.1 ms]
      [Free CSet: 0.2 ms]
   [Eden: 45.0M(45.0M)->0.0B(223.0M) Survivors: 6144.0K->7168.0K Heap: 633.1M(1024.0M)->570.6M(1024.0M)]
 [Times: user=0.20 sys=0.04, real=0.02 secs] 
6.145: [GC pause (G1 Humongous Allocation) (young) (initial-mark), 0.0040440 secs]
   [Parallel Time: 2.8 ms, GC Workers: 18]
      [GC Worker Start (ms): Min: 6145.1, Avg: 6145.3, Max: 6145.5, Diff: 0.4]
      [Ext Root Scanning (ms): Min: 0.0, Avg: 0.2, Max: 0.4, Diff: 0.4, Sum: 3.2]
      [Update RS (ms): Min: 0.1, Avg: 0.3, Max: 1.0, Diff: 0.9, Sum: 5.1]
         [Processed Buffers: Min: 0, Avg: 1.0, Max: 3, Diff: 3, Sum: 18]
      [Scan RS (ms): Min: 0.0, Avg: 0.0, Max: 0.0, Diff: 0.0, Sum: 0.1]
      [Code Root Scanning (ms): Min: 0.0, Avg: 0.0, Max: 0.0, Diff: 0.0, Sum: 0.0]
      [Object Copy (ms): Min: 0.8, Avg: 1.6, Max: 2.1, Diff: 1.3, Sum: 28.5]
      [Termination (ms): Min: 0.0, Avg: 0.3, Max: 0.6, Diff: 0.6, Sum: 5.8]
         [Termination Attempts: Min: 1, Avg: 1.0, Max: 1, Diff: 0, Sum: 18]
      [GC Worker Other (ms): Min: 0.0, Avg: 0.0, Max: 0.0, Diff: 0.0, Sum: 0.3]
      [GC Worker Total (ms): Min: 2.2, Avg: 2.4, Max: 2.6, Diff: 0.3, Sum: 43.0]
      [GC Worker End (ms): Min: 6147.7, Avg: 6147.7, Max: 6147.7, Diff: 0.0]
   [Code Root Fixup: 0.0 ms]
   [Code Root Purge: 0.0 ms]
   [Clear CT: 0.3 ms]
   [Other: 1.0 ms]
      [Choose CSet: 0.0 ms]
      [Ref Proc: 0.2 ms]
      [Ref Enq: 0.0 ms]
      [Redirty Cards: 0.2 ms]
      [Humongous Register: 0.2 ms]
      [Humongous Reclaim: 0.0 ms]
      [Free CSet: 0.0 ms]
   [Eden: 5120.0K(223.0M)->0.0B(219.0M) Survivors: 7168.0K->9216.0K Heap: 575.6M(1024.0M)->572.0M(1024.0M)]
 [Times: user=0.05 sys=0.00, real=0.00 secs] 
6.149: [GC concurrent-root-region-scan-start]
6.149: [GC concurrent-root-region-scan-end, 0.0001830 secs]
6.149: [GC concurrent-mark-start]
6.151: [GC concurrent-mark-end, 0.0014566 secs]
6.151: [GC remark 6.151: [Finalize Marking, 0.0004114 secs] 6.151: [GC ref-proc, 0.0004118 secs] 6.152: [Unloading, 0.0009539 secs], 0.0026061 secs]
 [Times: user=0.03 sys=0.00, real=0.00 secs] 
6.153: [GC cleanup 579M->573M(1024M), 0.0016758 secs]
 [Times: user=0.01 sys=0.00, real=0.00 secs] 
6.155: [GC concurrent-cleanup-start]
6.155: [GC concurrent-cleanup-end, 0.0000385 secs]
6.239: [GC pause (G1 Evacuation Pause) (young), 0.0349472 secs]
   [Parallel Time: 33.0 ms, GC Workers: 18]
      [GC Worker Start (ms): Min: 6239.3, Avg: 6239.5, Max: 6239.7, Diff: 0.4]
      [Ext Root Scanning (ms): Min: 0.0, Avg: 0.2, Max: 0.4, Diff: 0.4, Sum: 2.7]
      [Update RS (ms): Min: 8.2, Avg: 9.7, Max: 32.3, Diff: 24.1, Sum: 175.1]
         [Processed Buffers: Min: 23, Avg: 26.1, Max: 33, Diff: 10, Sum: 470]
      [Scan RS (ms): Min: 0.0, Avg: 0.0, Max: 0.1, Diff: 0.1, Sum: 0.9]
      [Code Root Scanning (ms): Min: 0.0, Avg: 0.0, Max: 0.0, Diff: 0.0, Sum: 0.0]
      [Object Copy (ms): Min: 0.2, Avg: 20.6, Max: 22.1, Diff: 21.9, Sum: 370.5]
      [Termination (ms): Min: 0.0, Avg: 2.2, Max: 2.7, Diff: 2.7, Sum: 39.1]
         [Termination Attempts: Min: 1, Avg: 1.0, Max: 1, Diff: 0, Sum: 18]
      [GC Worker Other (ms): Min: 0.0, Avg: 0.0, Max: 0.1, Diff: 0.0, Sum: 0.5]
      [GC Worker Total (ms): Min: 32.6, Avg: 32.7, Max: 32.9, Diff: 0.3, Sum: 588.8]
      [GC Worker End (ms): Min: 6272.2, Avg: 6272.3, Max: 6272.3, Diff: 0.0]
   [Code Root Fixup: 0.0 ms]
   [Code Root Purge: 0.0 ms]
   [Clear CT: 0.3 ms]
   [Other: 1.7 ms]
      [Choose CSet: 0.0 ms]
      [Ref Proc: 0.3 ms]
      [Ref Enq: 0.0 ms]
      [Redirty Cards: 0.3 ms]
      [Humongous Register: 0.3 ms]
      [Humongous Reclaim: 0.3 ms]
      [Free CSet: 0.3 ms]
   [Eden: 219.0M(219.0M)->0.0B(22.0M) Survivors: 9216.0K->29.0M Heap: 842.3M(1024.0M)->622.0M(1024.0M)]
 [Times: user=0.50 sys=0.09, real=0.04 secs] 
6.283: [GC pause (G1 Evacuation Pause) (mixed), 0.0188820 secs]
   [Parallel Time: 17.0 ms, GC Workers: 18]
      [GC Worker Start (ms): Min: 6283.4, Avg: 6283.6, Max: 6283.8, Diff: 0.4]
      [Ext Root Scanning (ms): Min: 0.0, Avg: 0.1, Max: 0.3, Diff: 0.3, Sum: 2.6]
      [Update RS (ms): Min: 0.6, Avg: 0.8, Max: 0.9, Diff: 0.2, Sum: 14.1]
         [Processed Buffers: Min: 2, Avg: 2.9, Max: 5, Diff: 3, Sum: 53]
      [Scan RS (ms): Min: 0.0, Avg: 0.1, Max: 0.3, Diff: 0.3, Sum: 1.2]
      [Code Root Scanning (ms): Min: 0.0, Avg: 0.0, Max: 0.0, Diff: 0.0, Sum: 0.0]
      [Object Copy (ms): Min: 15.0, Avg: 15.3, Max: 15.4, Diff: 0.5, Sum: 275.2]
      [Termination (ms): Min: 0.0, Avg: 0.2, Max: 0.3, Diff: 0.3, Sum: 3.1]
         [Termination Attempts: Min: 1, Avg: 1.1, Max: 2, Diff: 1, Sum: 20]
      [GC Worker Other (ms): Min: 0.0, Avg: 0.0, Max: 0.0, Diff: 0.0, Sum: 0.3]
      [GC Worker Total (ms): Min: 16.3, Avg: 16.5, Max: 16.7, Diff: 0.4, Sum: 296.5]
      [GC Worker End (ms): Min: 6300.0, Avg: 6300.0, Max: 6300.1, Diff: 0.0]
   [Code Root Fixup: 0.0 ms]
   [Code Root Purge: 0.0 ms]
   [Clear CT: 0.3 ms]
   [Other: 1.6 ms]
      [Choose CSet: 0.1 ms]
      [Ref Proc: 0.3 ms]
      [Ref Enq: 0.0 ms]
      [Redirty Cards: 0.3 ms]
      [Humongous Register: 0.3 ms]
      [Humongous Reclaim: 0.1 ms]
      [Free CSet: 0.4 ms]
   [Eden: 22.0M(22.0M)->0.0B(44.0M) Survivors: 29.0M->7168.0K Heap: 648.5M(1024.0M)->538.5M(1024.0M)]
 [Times: user=0.23 sys=0.07, real=0.02 secs] 
6.321: [GC pause (G1 Evacuation Pause) (mixed), 0.0181951 secs]
   [Parallel Time: 16.6 ms, GC Workers: 18]
      [GC Worker Start (ms): Min: 6321.4, Avg: 6321.6, Max: 6321.8, Diff: 0.4]
      [Ext Root Scanning (ms): Min: 0.0, Avg: 0.2, Max: 0.4, Diff: 0.4, Sum: 3.1]
      [Update RS (ms): Min: 1.3, Avg: 1.4, Max: 1.5, Diff: 0.2, Sum: 25.6]
         [Processed Buffers: Min: 4, Avg: 5.1, Max: 6, Diff: 2, Sum: 91]
      [Scan RS (ms): Min: 0.0, Avg: 0.1, Max: 0.1, Diff: 0.1, Sum: 0.9]
      [Code Root Scanning (ms): Min: 0.0, Avg: 0.0, Max: 0.0, Diff: 0.0, Sum: 0.0]
      [Object Copy (ms): Min: 13.9, Avg: 14.1, Max: 14.4, Diff: 0.6, Sum: 254.2]
      [Termination (ms): Min: 0.0, Avg: 0.3, Max: 0.5, Diff: 0.5, Sum: 5.5]
         [Termination Attempts: Min: 1, Avg: 1.1, Max: 2, Diff: 1, Sum: 20]
      [GC Worker Other (ms): Min: 0.0, Avg: 0.0, Max: 0.0, Diff: 0.0, Sum: 0.4]
      [GC Worker Total (ms): Min: 15.9, Avg: 16.1, Max: 16.3, Diff: 0.4, Sum: 289.7]
      [GC Worker End (ms): Min: 6337.7, Avg: 6337.7, Max: 6337.7, Diff: 0.0]
   [Code Root Fixup: 0.0 ms]
   [Code Root Purge: 0.0 ms]
   [Clear CT: 0.2 ms]
   [Other: 1.4 ms]
      [Choose CSet: 0.1 ms]
      [Ref Proc: 0.3 ms]
      [Ref Enq: 0.0 ms]
      [Redirty Cards: 0.2 ms]
      [Humongous Register: 0.3 ms]
      [Humongous Reclaim: 0.1 ms]
      [Free CSet: 0.3 ms]
   [Eden: 44.0M(44.0M)->0.0B(285.0M) Survivors: 7168.0K->7168.0K Heap: 591.4M(1024.0M)->495.7M(1024.0M)]
 [Times: user=0.22 sys=0.07, real=0.01 secs] 
6.341: [GC pause (G1 Humongous Allocation) (young) (initial-mark), 0.0041179 secs]
   [Parallel Time: 2.9 ms, GC Workers: 18]
      [GC Worker Start (ms): Min: 6341.6, Avg: 6341.8, Max: 6341.9, Diff: 0.3]
      [Ext Root Scanning (ms): Min: 0.0, Avg: 0.2, Max: 0.3, Diff: 0.3, Sum: 2.7]
      [Update RS (ms): Min: 0.1, Avg: 0.2, Max: 0.8, Diff: 0.8, Sum: 4.3]
         [Processed Buffers: Min: 0, Avg: 1.1, Max: 2, Diff: 2, Sum: 19]
      [Scan RS (ms): Min: 0.0, Avg: 0.0, Max: 0.0, Diff: 0.0, Sum: 0.1]
      [Code Root Scanning (ms): Min: 0.0, Avg: 0.0, Max: 0.0, Diff: 0.0, Sum: 0.0]
      [Object Copy (ms): Min: 1.5, Avg: 1.9, Max: 2.2, Diff: 0.7, Sum: 33.9]
      [Termination (ms): Min: 0.0, Avg: 0.3, Max: 0.5, Diff: 0.4, Sum: 4.6]
         [Termination Attempts: Min: 1, Avg: 1.0, Max: 1, Diff: 0, Sum: 18]
      [GC Worker Other (ms): Min: 0.0, Avg: 0.0, Max: 0.0, Diff: 0.0, Sum: 0.3]
      [GC Worker Total (ms): Min: 2.4, Avg: 2.5, Max: 2.7, Diff: 0.3, Sum: 45.9]
      [GC Worker End (ms): Min: 6344.3, Avg: 6344.4, Max: 6344.4, Diff: 0.0]
   [Code Root Fixup: 0.0 ms]
   [Code Root Purge: 0.0 ms]
   [Clear CT: 0.3 ms]
   [Other: 0.9 ms]
      [Choose CSet: 0.0 ms]
      [Ref Proc: 0.3 ms]
      [Ref Enq: 0.0 ms]
      [Redirty Cards: 0.2 ms]
      [Humongous Register: 0.2 ms]
      [Humongous Reclaim: 0.0 ms]
      [Free CSet: 0.0 ms]
   [Eden: 6144.0K(285.0M)->0.0B(278.0M) Survivors: 7168.0K->9216.0K Heap: 501.4M(1024.0M)->496.9M(1024.0M)]
 [Times: user=0.05 sys=0.00, real=0.00 secs] 
6.346: [GC concurrent-root-region-scan-start]
6.346: [GC concurrent-root-region-scan-end, 0.0001737 secs]
6.346: [GC concurrent-mark-start]
6.348: [GC concurrent-mark-end, 0.0017720 secs]
6.348: [GC remark 6.348: [Finalize Marking, 0.0004509 secs] 6.348: [GC ref-proc, 0.0004116 secs] 6.349: [Unloading, 0.0010226 secs], 0.0028055 secs]
 [Times: user=0.02 sys=0.00, real=0.01 secs] 
6.351: [GC cleanup 504M->499M(1024M), 0.0018540 secs]
 [Times: user=0.02 sys=0.00, real=0.00 secs] 
6.352: [GC concurrent-cleanup-start]
6.352: [GC concurrent-cleanup-end, 0.0000273 secs]
6.468: [GC pause (G1 Evacuation Pause) (young) (to-space exhausted), 0.0371697 secs]
   [Parallel Time: 34.7 ms, GC Workers: 18]
      [GC Worker Start (ms): Min: 6468.6, Avg: 6468.7, Max: 6468.9, Diff: 0.3]
      [Ext Root Scanning (ms): Min: 0.1, Avg: 0.2, Max: 0.4, Diff: 0.3, Sum: 3.5]
      [Update RS (ms): Min: 12.5, Avg: 12.7, Max: 12.8, Diff: 0.3, Sum: 228.0]
         [Processed Buffers: Min: 33, Avg: 37.0, Max: 43, Diff: 10, Sum: 666]
      [Scan RS (ms): Min: 0.0, Avg: 0.0, Max: 0.1, Diff: 0.1, Sum: 0.8]
      [Code Root Scanning (ms): Min: 0.0, Avg: 0.0, Max: 0.0, Diff: 0.0, Sum: 0.0]
      [Object Copy (ms): Min: 21.0, Avg: 21.3, Max: 21.5, Diff: 0.4, Sum: 382.7]
      [Termination (ms): Min: 0.0, Avg: 0.1, Max: 0.2, Diff: 0.2, Sum: 2.5]
         [Termination Attempts: Min: 1, Avg: 1.0, Max: 1, Diff: 0, Sum: 18]
      [GC Worker Other (ms): Min: 0.0, Avg: 0.0, Max: 0.1, Diff: 0.1, Sum: 0.7]
      [GC Worker Total (ms): Min: 34.2, Avg: 34.3, Max: 34.5, Diff: 0.3, Sum: 618.2]
      [GC Worker End (ms): Min: 6503.1, Avg: 6503.1, Max: 6503.1, Diff: 0.1]
   [Code Root Fixup: 0.0 ms]
   [Code Root Purge: 0.0 ms]
   [Clear CT: 0.4 ms]
   [Other: 2.1 ms]
      [Evacuation Failure: 0.4 ms]
      [Choose CSet: 0.0 ms]
      [Ref Proc: 0.4 ms]
      [Ref Enq: 0.0 ms]
      [Redirty Cards: 0.2 ms]
      [Humongous Register: 0.3 ms]
      [Humongous Reclaim: 0.4 ms]
      [Free CSet: 0.3 ms]
   [Eden: 278.0M(278.0M)->0.0B(15.0M) Survivors: 9216.0K->36.0M Heap: 851.8M(1024.0M)->623.8M(1024.0M)]
 [Times: user=0.55 sys=0.07, real=0.04 secs] 
6.511: [GC pause (G1 Evacuation Pause) (mixed), 0.0258835 secs]
   [Parallel Time: 23.9 ms, GC Workers: 18]
      [GC Worker Start (ms): Min: 6511.5, Avg: 6511.6, Max: 6511.8, Diff: 0.3]
      [Ext Root Scanning (ms): Min: 0.1, Avg: 0.2, Max: 0.4, Diff: 0.3, Sum: 4.1]
      [Update RS (ms): Min: 0.2, Avg: 0.4, Max: 0.4, Diff: 0.2, Sum: 6.5]
         [Processed Buffers: Min: 1, Avg: 2.6, Max: 5, Diff: 4, Sum: 47]
      [Scan RS (ms): Min: 0.0, Avg: 0.1, Max: 0.3, Diff: 0.2, Sum: 1.9]
      [Code Root Scanning (ms): Min: 0.0, Avg: 0.0, Max: 0.1, Diff: 0.1, Sum: 0.2]
      [Object Copy (ms): Min: 15.9, Avg: 16.6, Max: 22.8, Diff: 6.8, Sum: 299.3]
      [Termination (ms): Min: 0.0, Avg: 6.1, Max: 6.7, Diff: 6.7, Sum: 110.0]
         [Termination Attempts: Min: 1, Avg: 1.0, Max: 1, Diff: 0, Sum: 18]
      [GC Worker Other (ms): Min: 0.0, Avg: 0.0, Max: 0.0, Diff: 0.0, Sum: 0.4]
      [GC Worker Total (ms): Min: 23.3, Avg: 23.5, Max: 23.6, Diff: 0.3, Sum: 422.3]
      [GC Worker End (ms): Min: 6535.1, Avg: 6535.1, Max: 6535.1, Diff: 0.0]
   [Code Root Fixup: 0.0 ms]
   [Code Root Purge: 0.0 ms]
   [Clear CT: 0.3 ms]
   [Other: 1.7 ms]
      [Choose CSet: 0.2 ms]
      [Ref Proc: 0.2 ms]
      [Ref Enq: 0.0 ms]
      [Redirty Cards: 0.3 ms]
      [Humongous Register: 0.5 ms]
      [Humongous Reclaim: 0.1 ms]
      [Free CSet: 0.4 ms]
   [Eden: 15.0M(15.0M)->0.0B(47.0M) Survivors: 36.0M->4096.0K Heap: 640.9M(1024.0M)->551.9M(1024.0M)]
 [Times: user=0.36 sys=0.06, real=0.02 secs] 
6.564: [GC pause (G1 Evacuation Pause) (mixed), 0.0109897 secs]
   [Parallel Time: 9.7 ms, GC Workers: 18]
      [GC Worker Start (ms): Min: 6564.5, Avg: 6564.7, Max: 6564.9, Diff: 0.4]
      [Ext Root Scanning (ms): Min: 0.0, Avg: 0.2, Max: 0.4, Diff: 0.4, Sum: 2.8]
      [Update RS (ms): Min: 1.5, Avg: 1.8, Max: 2.0, Diff: 0.5, Sum: 32.1]
         [Processed Buffers: Min: 4, Avg: 5.3, Max: 6, Diff: 2, Sum: 96]
      [Scan RS (ms): Min: 0.0, Avg: 0.0, Max: 0.1, Diff: 0.1, Sum: 0.4]
      [Code Root Scanning (ms): Min: 0.0, Avg: 0.0, Max: 0.0, Diff: 0.0, Sum: 0.0]
      [Object Copy (ms): Min: 6.4, Avg: 6.9, Max: 7.4, Diff: 1.0, Sum: 124.4]
      [Termination (ms): Min: 0.0, Avg: 0.3, Max: 0.8, Diff: 0.8, Sum: 6.0]
         [Termination Attempts: Min: 1, Avg: 1.0, Max: 1, Diff: 0, Sum: 18]
      [GC Worker Other (ms): Min: 0.0, Avg: 0.0, Max: 0.1, Diff: 0.0, Sum: 0.4]
      [GC Worker Total (ms): Min: 9.1, Avg: 9.2, Max: 9.4, Diff: 0.4, Sum: 166.1]
      [GC Worker End (ms): Min: 6573.9, Avg: 6573.9, Max: 6573.9, Diff: 0.0]
   [Code Root Fixup: 0.0 ms]
   [Code Root Purge: 0.0 ms]
   [Clear CT: 0.2 ms]
   [Other: 1.1 ms]
      [Choose CSet: 0.0 ms]
      [Ref Proc: 0.3 ms]
      [Ref Enq: 0.0 ms]
      [Redirty Cards: 0.3 ms]
      [Humongous Register: 0.1 ms]
      [Humongous Reclaim: 0.1 ms]
      [Free CSet: 0.1 ms]
   [Eden: 47.0M(47.0M)->0.0B(239.0M) Survivors: 4096.0K->7168.0K Heap: 608.4M(1024.0M)->551.9M(1024.0M)]
 [Times: user=0.14 sys=0.03, real=0.01 secs] 
6.576: [GC pause (G1 Humongous Allocation) (young) (initial-mark), 0.0041756 secs]
   [Parallel Time: 2.8 ms, GC Workers: 18]
      [GC Worker Start (ms): Min: 6576.4, Avg: 6576.6, Max: 6576.8, Diff: 0.5]
      [Ext Root Scanning (ms): Min: 0.0, Avg: 0.3, Max: 0.5, Diff: 0.5, Sum: 5.5]
      [Update RS (ms): Min: 0.0, Avg: 0.1, Max: 0.8, Diff: 0.8, Sum: 2.0]
         [Processed Buffers: Min: 0, Avg: 1.0, Max: 4, Diff: 4, Sum: 18]
      [Scan RS (ms): Min: 0.0, Avg: 0.0, Max: 0.0, Diff: 0.0, Sum: 0.1]
      [Code Root Scanning (ms): Min: 0.0, Avg: 0.0, Max: 0.0, Diff: 0.0, Sum: 0.0]
      [Object Copy (ms): Min: 1.1, Avg: 1.8, Max: 2.1, Diff: 1.0, Sum: 32.8]
      [Termination (ms): Min: 0.0, Avg: 0.2, Max: 0.5, Diff: 0.5, Sum: 4.0]
         [Termination Attempts: Min: 1, Avg: 1.0, Max: 1, Diff: 0, Sum: 18]
      [GC Worker Other (ms): Min: 0.0, Avg: 0.0, Max: 0.0, Diff: 0.0, Sum: 0.2]
      [GC Worker Total (ms): Min: 2.3, Avg: 2.5, Max: 2.7, Diff: 0.5, Sum: 44.5]
      [GC Worker End (ms): Min: 6579.1, Avg: 6579.1, Max: 6579.1, Diff: 0.0]
   [Code Root Fixup: 0.0 ms]
   [Code Root Purge: 0.0 ms]
   [Clear CT: 0.2 ms]
   [Other: 1.1 ms]
      [Choose CSet: 0.0 ms]
      [Ref Proc: 0.4 ms]
      [Ref Enq: 0.0 ms]
      [Redirty Cards: 0.2 ms]
      [Humongous Register: 0.2 ms]
      [Humongous Reclaim: 0.0 ms]
      [Free CSet: 0.0 ms]
   [Eden: 3072.0K(239.0M)->0.0B(230.0M) Survivors: 7168.0K->8192.0K Heap: 554.6M(1024.0M)->552.0M(1024.0M)]
 [Times: user=0.04 sys=0.00, real=0.01 secs] 
6.580: [GC concurrent-root-region-scan-start]
6.581: [GC concurrent-root-region-scan-end, 0.0001908 secs]
6.581: [GC concurrent-mark-start]
6.582: [GC concurrent-mark-end, 0.0016150 secs]
6.582: [GC remark 6.582: [Finalize Marking, 0.0004745 secs] 6.583: [GC ref-proc, 0.0004168 secs] 6.583: [Unloading, 0.0009301 secs], 0.0026540 secs]
 [Times: user=0.02 sys=0.00, real=0.00 secs] 
6.585: [GC cleanup 559M->552M(1024M), 0.0016302 secs]
 [Times: user=0.01 sys=0.01, real=0.00 secs] 
6.587: [GC concurrent-cleanup-start]
6.587: [GC concurrent-cleanup-end, 0.0000344 secs]
6.701: [GC pause (G1 Evacuation Pause) (young), 0.0345596 secs]
   [Parallel Time: 32.6 ms, GC Workers: 18]
      [GC Worker Start (ms): Min: 6701.9, Avg: 6702.3, Max: 6702.6, Diff: 0.7]
      [Ext Root Scanning (ms): Min: 0.0, Avg: 0.2, Max: 0.5, Diff: 0.5, Sum: 3.4]
      [Update RS (ms): Min: 10.9, Avg: 11.1, Max: 11.3, Diff: 0.4, Sum: 200.7]
         [Processed Buffers: Min: 19, Avg: 24.4, Max: 32, Diff: 13, Sum: 440]
      [Scan RS (ms): Min: 0.0, Avg: 0.0, Max: 0.1, Diff: 0.1, Sum: 0.8]
      [Code Root Scanning (ms): Min: 0.0, Avg: 0.0, Max: 0.0, Diff: 0.0, Sum: 0.0]
      [Object Copy (ms): Min: 19.8, Avg: 20.2, Max: 20.6, Diff: 0.8, Sum: 362.7]
      [Termination (ms): Min: 0.0, Avg: 0.4, Max: 0.8, Diff: 0.8, Sum: 7.9]
         [Termination Attempts: Min: 1, Avg: 1.0, Max: 1, Diff: 0, Sum: 18]
      [GC Worker Other (ms): Min: 0.0, Avg: 0.0, Max: 0.1, Diff: 0.1, Sum: 0.8]
      [GC Worker Total (ms): Min: 31.7, Avg: 32.0, Max: 32.4, Diff: 0.7, Sum: 576.2]
      [GC Worker End (ms): Min: 6734.3, Avg: 6734.3, Max: 6734.3, Diff: 0.1]
   [Code Root Fixup: 0.0 ms]
   [Code Root Purge: 0.0 ms]
   [Clear CT: 0.3 ms]
   [Other: 1.7 ms]
      [Choose CSet: 0.0 ms]
      [Ref Proc: 0.2 ms]
      [Ref Enq: 0.0 ms]
      [Redirty Cards: 0.3 ms]
      [Humongous Register: 0.3 ms]
      [Humongous Reclaim: 0.3 ms]
      [Free CSet: 0.3 ms]
   [Eden: 230.0M(230.0M)->0.0B(21.0M) Survivors: 8192.0K->30.0M Heap: 828.3M(1024.0M)->606.3M(1024.0M)]
 [Times: user=0.51 sys=0.06, real=0.03 secs] 
6.743: [GC pause (G1 Evacuation Pause) (mixed), 0.0178313 secs]
   [Parallel Time: 15.9 ms, GC Workers: 18]
      [GC Worker Start (ms): Min: 6743.7, Avg: 6744.0, Max: 6744.2, Diff: 0.5]
      [Ext Root Scanning (ms): Min: 0.0, Avg: 0.2, Max: 0.4, Diff: 0.4, Sum: 3.0]
      [Update RS (ms): Min: 1.0, Avg: 1.2, Max: 1.4, Diff: 0.4, Sum: 21.1]
         [Processed Buffers: Min: 3, Avg: 3.7, Max: 4, Diff: 1, Sum: 67]
      [Scan RS (ms): Min: 0.0, Avg: 0.0, Max: 0.1, Diff: 0.1, Sum: 0.9]
      [Code Root Scanning (ms): Min: 0.0, Avg: 0.0, Max: 0.0, Diff: 0.0, Sum: 0.0]
      [Object Copy (ms): Min: 13.4, Avg: 13.7, Max: 14.0, Diff: 0.6, Sum: 246.0]
      [Termination (ms): Min: 0.0, Avg: 0.3, Max: 0.5, Diff: 0.5, Sum: 5.1]
         [Termination Attempts: Min: 1, Avg: 1.0, Max: 1, Diff: 0, Sum: 18]
      [GC Worker Other (ms): Min: 0.0, Avg: 0.0, Max: 0.1, Diff: 0.1, Sum: 0.4]
      [GC Worker Total (ms): Min: 15.1, Avg: 15.4, Max: 15.6, Diff: 0.5, Sum: 276.6]
      [GC Worker End (ms): Min: 6759.4, Avg: 6759.4, Max: 6759.4, Diff: 0.0]
   [Code Root Fixup: 0.0 ms]
   [Code Root Purge: 0.0 ms]
   [Clear CT: 0.3 ms]
   [Other: 1.6 ms]
      [Choose CSet: 0.1 ms]
      [Ref Proc: 0.4 ms]
      [Ref Enq: 0.0 ms]
      [Redirty Cards: 0.3 ms]
      [Humongous Register: 0.2 ms]
      [Humongous Reclaim: 0.1 ms]
      [Free CSet: 0.4 ms]
   [Eden: 21.0M(21.0M)->0.0B(44.0M) Survivors: 30.0M->7168.0K Heap: 633.3M(1024.0M)->526.5M(1024.0M)]
 [Times: user=0.24 sys=0.04, real=0.02 secs] 
6.780: [GC pause (G1 Evacuation Pause) (mixed), 0.0198117 secs]
   [Parallel Time: 18.1 ms, GC Workers: 18]
      [GC Worker Start (ms): Min: 6780.1, Avg: 6780.4, Max: 6780.5, Diff: 0.4]
      [Ext Root Scanning (ms): Min: 0.0, Avg: 0.2, Max: 0.4, Diff: 0.4, Sum: 3.0]
      [Update RS (ms): Min: 2.2, Avg: 2.2, Max: 2.3, Diff: 0.1, Sum: 40.4]
         [Processed Buffers: Min: 5, Avg: 6.8, Max: 9, Diff: 4, Sum: 122]
      [Scan RS (ms): Min: 0.0, Avg: 0.1, Max: 0.2, Diff: 0.2, Sum: 1.3]
      [Code Root Scanning (ms): Min: 0.0, Avg: 0.0, Max: 0.0, Diff: 0.0, Sum: 0.0]
      [Object Copy (ms): Min: 14.7, Avg: 14.9, Max: 15.2, Diff: 0.5, Sum: 268.7]
      [Termination (ms): Min: 0.0, Avg: 0.3, Max: 0.5, Diff: 0.5, Sum: 4.9]
         [Termination Attempts: Min: 1, Avg: 1.1, Max: 2, Diff: 1, Sum: 19]
      [GC Worker Other (ms): Min: 0.0, Avg: 0.0, Max: 0.0, Diff: 0.0, Sum: 0.4]
      [GC Worker Total (ms): Min: 17.5, Avg: 17.7, Max: 17.9, Diff: 0.4, Sum: 318.8]
      [GC Worker End (ms): Min: 6798.1, Avg: 6798.1, Max: 6798.1, Diff: 0.0]
   [Code Root Fixup: 0.0 ms]
   [Code Root Purge: 0.0 ms]
   [Clear CT: 0.3 ms]
   [Other: 1.4 ms]
      [Choose CSet: 0.1 ms]
      [Ref Proc: 0.3 ms]
      [Ref Enq: 0.0 ms]
      [Redirty Cards: 0.3 ms]
      [Humongous Register: 0.2 ms]
      [Humongous Reclaim: 0.1 ms]
      [Free CSet: 0.3 ms]
   [Eden: 44.0M(44.0M)->0.0B(276.0M) Survivors: 7168.0K->7168.0K Heap: 583.5M(1024.0M)->491.4M(1024.0M)]
 [Times: user=0.26 sys=0.05, real=0.02 secs] 
6.801: [GC pause (G1 Humongous Allocation) (young) (initial-mark), 0.0040117 secs]
   [Parallel Time: 2.6 ms, GC Workers: 18]
      [GC Worker Start (ms): Min: 6800.9, Avg: 6801.0, Max: 6801.2, Diff: 0.3]
      [Ext Root Scanning (ms): Min: 0.0, Avg: 0.2, Max: 0.3, Diff: 0.3, Sum: 3.4]
      [Update RS (ms): Min: 0.1, Avg: 0.3, Max: 1.3, Diff: 1.2, Sum: 4.6]
         [Processed Buffers: Min: 1, Avg: 1.1, Max: 2, Diff: 1, Sum: 19]
      [Scan RS (ms): Min: 0.0, Avg: 0.0, Max: 0.0, Diff: 0.0, Sum: 0.1]
      [Code Root Scanning (ms): Min: 0.0, Avg: 0.0, Max: 0.0, Diff: 0.0, Sum: 0.0]
      [Object Copy (ms): Min: 0.6, Avg: 1.5, Max: 1.9, Diff: 1.2, Sum: 26.3]
      [Termination (ms): Min: 0.0, Avg: 0.3, Max: 0.7, Diff: 0.7, Sum: 5.3]
         [Termination Attempts: Min: 1, Avg: 1.1, Max: 2, Diff: 1, Sum: 19]
      [GC Worker Other (ms): Min: 0.0, Avg: 0.0, Max: 0.0, Diff: 0.0, Sum: 0.3]
      [GC Worker Total (ms): Min: 2.1, Avg: 2.2, Max: 2.4, Diff: 0.3, Sum: 39.9]
      [GC Worker End (ms): Min: 6803.2, Avg: 6803.3, Max: 6803.3, Diff: 0.0]
   [Code Root Fixup: 0.0 ms]
   [Code Root Purge: 0.0 ms]
   [Clear CT: 0.2 ms]
   [Other: 1.2 ms]
      [Choose CSet: 0.0 ms]
      [Ref Proc: 0.2 ms]
      [Ref Enq: 0.0 ms]
      [Redirty Cards: 0.2 ms]
      [Humongous Register: 0.2 ms]
      [Humongous Reclaim: 0.0 ms]
      [Free CSet: 0.0 ms]
   [Eden: 3072.0K(276.0M)->0.0B(277.0M) Survivors: 7168.0K->8192.0K Heap: 493.8M(1024.0M)->491.6M(1024.0M)]
 [Times: user=0.04 sys=0.00, real=0.00 secs] 
6.805: [GC concurrent-root-region-scan-start]
6.805: [GC concurrent-root-region-scan-end, 0.0001896 secs]
6.805: [GC concurrent-mark-start]
6.806: [GC concurrent-mark-end, 0.0015336 secs]
6.807: [GC remark 6.807: [Finalize Marking, 0.0004197 secs] 6.807: [GC ref-proc, 0.0004292 secs] 6.807: [Unloading, 0.0009458 secs], 0.0026356 secs]
 [Times: user=0.02 sys=0.00, real=0.00 secs] 
6.809: [GC cleanup 499M->499M(1024M), 0.0038302 secs]
 [Times: user=0.02 sys=0.00, real=0.01 secs] 
6.931: [GC pause (G1 Evacuation Pause) (young) (to-space exhausted), 0.0415322 secs]
   [Parallel Time: 38.7 ms, GC Workers: 18]
      [GC Worker Start (ms): Min: 6931.2, Avg: 6931.5, Max: 6931.6, Diff: 0.5]
      [Ext Root Scanning (ms): Min: 0.2, Avg: 0.4, Max: 0.7, Diff: 0.5, Sum: 6.5]
      [Update RS (ms): Min: 13.5, Avg: 13.7, Max: 13.9, Diff: 0.4, Sum: 246.6]
         [Processed Buffers: Min: 28, Avg: 33.4, Max: 41, Diff: 13, Sum: 602]
      [Scan RS (ms): Min: 0.0, Avg: 0.1, Max: 0.3, Diff: 0.3, Sum: 1.3]
      [Code Root Scanning (ms): Min: 0.0, Avg: 0.0, Max: 0.0, Diff: 0.0, Sum: 0.0]
      [Object Copy (ms): Min: 23.3, Avg: 23.8, Max: 24.0, Diff: 0.6, Sum: 427.8]
      [Termination (ms): Min: 0.0, Avg: 0.2, Max: 0.3, Diff: 0.3, Sum: 3.7]
         [Termination Attempts: Min: 1, Avg: 1.1, Max: 2, Diff: 1, Sum: 20]
      [GC Worker Other (ms): Min: 0.0, Avg: 0.0, Max: 0.1, Diff: 0.1, Sum: 0.8]
      [GC Worker Total (ms): Min: 38.0, Avg: 38.2, Max: 38.5, Diff: 0.5, Sum: 686.8]
      [GC Worker End (ms): Min: 6969.6, Avg: 6969.6, Max: 6969.7, Diff: 0.1]
   [Code Root Fixup: 0.0 ms]
   [Code Root Purge: 0.0 ms]
   [Clear CT: 0.4 ms]
   [Other: 2.4 ms]
      [Evacuation Failure: 0.4 ms]
      [Choose CSet: 0.0 ms]
      [Ref Proc: 0.3 ms]
      [Ref Enq: 0.0 ms]
      [Redirty Cards: 0.2 ms]
      [Humongous Register: 0.3 ms]
      [Humongous Reclaim: 0.5 ms]
      [Free CSet: 0.5 ms]
   [Eden: 277.0M(277.0M)->0.0B(15.0M) Survivors: 8192.0K->36.0M Heap: 841.7M(1024.0M)->607.9M(1024.0M)]
 [Times: user=0.62 sys=0.06, real=0.04 secs] 
6.978: [GC pause (G1 Evacuation Pause) (mixed), 0.0229603 secs]
   [Parallel Time: 21.1 ms, GC Workers: 18]
      [GC Worker Start (ms): Min: 6978.6, Avg: 6978.9, Max: 6979.1, Diff: 0.5]
      [Ext Root Scanning (ms): Min: 0.0, Avg: 0.2, Max: 0.4, Diff: 0.4, Sum: 2.9]
      [Update RS (ms): Min: 0.8, Avg: 1.0, Max: 1.2, Diff: 0.4, Sum: 17.8]
         [Processed Buffers: Min: 3, Avg: 4.3, Max: 9, Diff: 6, Sum: 78]
      [Scan RS (ms): Min: 0.0, Avg: 0.1, Max: 0.3, Diff: 0.3, Sum: 2.0]
      [Code Root Scanning (ms): Min: 0.0, Avg: 0.0, Max: 0.1, Diff: 0.1, Sum: 0.1]
      [Object Copy (ms): Min: 18.7, Avg: 19.0, Max: 19.3, Diff: 0.6, Sum: 342.4]
      [Termination (ms): Min: 0.0, Avg: 0.3, Max: 0.5, Diff: 0.5, Sum: 4.8]
         [Termination Attempts: Min: 1, Avg: 1.0, Max: 1, Diff: 0, Sum: 18]
      [GC Worker Other (ms): Min: 0.0, Avg: 0.0, Max: 0.1, Diff: 0.1, Sum: 0.5]
      [GC Worker Total (ms): Min: 20.4, Avg: 20.6, Max: 20.9, Diff: 0.5, Sum: 370.6]
      [GC Worker End (ms): Min: 6999.5, Avg: 6999.5, Max: 6999.5, Diff: 0.0]
   [Code Root Fixup: 0.0 ms]
   [Code Root Purge: 0.0 ms]
   [Clear CT: 0.2 ms]
   [Other: 1.6 ms]
      [Choose CSet: 0.1 ms]
      [Ref Proc: 0.3 ms]
      [Ref Enq: 0.0 ms]
      [Redirty Cards: 0.3 ms]
      [Humongous Register: 0.3 ms]
      [Humongous Reclaim: 0.1 ms]
      [Free CSet: 0.5 ms]
   [Eden: 15.0M(15.0M)->0.0B(46.0M) Survivors: 36.0M->5120.0K Heap: 628.6M(1024.0M)->543.5M(1024.0M)]
 [Times: user=0.31 sys=0.05, real=0.03 secs] 
7.018: [GC pause (G1 Evacuation Pause) (mixed), 0.0119155 secs]
   [Parallel Time: 10.4 ms, GC Workers: 18]
      [GC Worker Start (ms): Min: 7017.9, Avg: 7018.1, Max: 7018.2, Diff: 0.3]
      [Ext Root Scanning (ms): Min: 0.1, Avg: 0.2, Max: 0.4, Diff: 0.3, Sum: 3.1]
      [Update RS (ms): Min: 1.8, Avg: 2.0, Max: 2.1, Diff: 0.3, Sum: 35.8]
         [Processed Buffers: Min: 5, Avg: 6.3, Max: 8, Diff: 3, Sum: 113]
      [Scan RS (ms): Min: 0.0, Avg: 0.0, Max: 0.1, Diff: 0.1, Sum: 0.5]
      [Code Root Scanning (ms): Min: 0.0, Avg: 0.0, Max: 0.0, Diff: 0.0, Sum: 0.0]
      [Object Copy (ms): Min: 6.6, Avg: 7.0, Max: 7.7, Diff: 1.2, Sum: 126.0]
      [Termination (ms): Min: 0.0, Avg: 0.8, Max: 1.1, Diff: 1.1, Sum: 14.1]
         [Termination Attempts: Min: 1, Avg: 1.0, Max: 1, Diff: 0, Sum: 18]
      [GC Worker Other (ms): Min: 0.0, Avg: 0.0, Max: 0.0, Diff: 0.0, Sum: 0.4]
      [GC Worker Total (ms): Min: 9.9, Avg: 10.0, Max: 10.2, Diff: 0.3, Sum: 179.9]
      [GC Worker End (ms): Min: 7028.1, Avg: 7028.1, Max: 7028.1, Diff: 0.0]
   [Code Root Fixup: 0.0 ms]
   [Code Root Purge: 0.0 ms]
   [Clear CT: 0.2 ms]
   [Other: 1.3 ms]
      [Choose CSet: 0.0 ms]
      [Ref Proc: 0.3 ms]
      [Ref Enq: 0.0 ms]
      [Redirty Cards: 0.3 ms]
      [Humongous Register: 0.3 ms]
      [Humongous Reclaim: 0.1 ms]
      [Free CSet: 0.1 ms]
   [Eden: 46.0M(46.0M)->0.0B(227.0M) Survivors: 5120.0K->7168.0K Heap: 601.2M(1024.0M)->549.5M(1024.0M)]
 [Times: user=0.17 sys=0.01, real=0.01 secs] 
7.031: [GC pause (G1 Humongous Allocation) (young) (initial-mark), 0.0038949 secs]
   [Parallel Time: 2.7 ms, GC Workers: 18]
      [GC Worker Start (ms): Min: 7031.9, Avg: 7032.0, Max: 7032.2, Diff: 0.3]
      [Ext Root Scanning (ms): Min: 0.0, Avg: 0.2, Max: 0.3, Diff: 0.3, Sum: 3.1]
      [Update RS (ms): Min: 0.0, Avg: 0.3, Max: 0.9, Diff: 0.9, Sum: 4.6]
         [Processed Buffers: Min: 0, Avg: 1.1, Max: 3, Diff: 3, Sum: 19]
      [Scan RS (ms): Min: 0.0, Avg: 0.0, Max: 0.0, Diff: 0.0, Sum: 0.1]
      [Code Root Scanning (ms): Min: 0.0, Avg: 0.0, Max: 0.0, Diff: 0.0, Sum: 0.0]
      [Object Copy (ms): Min: 0.9, Avg: 1.7, Max: 2.0, Diff: 1.2, Sum: 29.8]
      [Termination (ms): Min: 0.0, Avg: 0.3, Max: 0.6, Diff: 0.6, Sum: 5.1]
         [Termination Attempts: Min: 1, Avg: 1.0, Max: 1, Diff: 0, Sum: 18]
      [GC Worker Other (ms): Min: 0.0, Avg: 0.0, Max: 0.0, Diff: 0.0, Sum: 0.3]
      [GC Worker Total (ms): Min: 2.3, Avg: 2.4, Max: 2.5, Diff: 0.3, Sum: 43.0]
      [GC Worker End (ms): Min: 7034.4, Avg: 7034.4, Max: 7034.5, Diff: 0.0]
   [Code Root Fixup: 0.0 ms]
   [Code Root Purge: 0.0 ms]
   [Clear CT: 0.3 ms]
   [Other: 0.9 ms]
      [Choose CSet: 0.0 ms]
      [Ref Proc: 0.2 ms]
      [Ref Enq: 0.0 ms]
      [Redirty Cards: 0.2 ms]
      [Humongous Register: 0.2 ms]
      [Humongous Reclaim: 0.0 ms]
      [Free CSet: 0.0 ms]
   [Eden: 7168.0K(227.0M)->0.0B(234.0M) Survivors: 7168.0K->9216.0K Heap: 556.5M(1024.0M)->550.9M(1024.0M)]
 [Times: user=0.04 sys=0.00, real=0.00 secs] 
7.036: [GC concurrent-root-region-scan-start]
7.036: [GC concurrent-root-region-scan-end, 0.0002628 secs]
7.036: [GC concurrent-mark-start]
7.037: [GC concurrent-mark-end, 0.0015077 secs]
7.038: [GC remark 7.038: [Finalize Marking, 0.0003584 secs] 7.038: [GC ref-proc, 0.0004100 secs] 7.038: [Unloading, 0.0011490 secs], 0.0027697 secs]
 [Times: user=0.01 sys=0.02, real=0.01 secs] 
7.040: [GC cleanup 558M->549M(1024M), 0.0016644 secs]
 [Times: user=0.01 sys=0.00, real=0.00 secs] 
7.042: [GC concurrent-cleanup-start]
7.042: [GC concurrent-cleanup-end, 0.0000396 secs]
7.128: [GC pause (G1 Evacuation Pause) (young), 0.0358494 secs]
   [Parallel Time: 33.7 ms, GC Workers: 18]
      [GC Worker Start (ms): Min: 7128.5, Avg: 7128.6, Max: 7128.8, Diff: 0.4]
      [Ext Root Scanning (ms): Min: 0.0, Avg: 0.2, Max: 0.3, Diff: 0.3, Sum: 3.2]
      [Update RS (ms): Min: 10.7, Avg: 10.9, Max: 11.1, Diff: 0.5, Sum: 196.3]
         [Processed Buffers: Min: 19, Avg: 24.1, Max: 31, Diff: 12, Sum: 434]
      [Scan RS (ms): Min: 0.0, Avg: 0.1, Max: 0.3, Diff: 0.3, Sum: 1.2]
      [Code Root Scanning (ms): Min: 0.0, Avg: 0.0, Max: 0.0, Diff: 0.0, Sum: 0.0]
      [Object Copy (ms): Min: 21.2, Avg: 21.8, Max: 22.2, Diff: 1.0, Sum: 391.7]
      [Termination (ms): Min: 0.0, Avg: 0.3, Max: 0.6, Diff: 0.6, Sum: 4.8]
         [Termination Attempts: Min: 1, Avg: 1.0, Max: 1, Diff: 0, Sum: 18]
      [GC Worker Other (ms): Min: 0.0, Avg: 0.0, Max: 0.1, Diff: 0.1, Sum: 0.7]
      [GC Worker Total (ms): Min: 33.0, Avg: 33.2, Max: 33.4, Diff: 0.4, Sum: 597.9]
      [GC Worker End (ms): Min: 7161.8, Avg: 7161.9, Max: 7161.9, Diff: 0.0]
   [Code Root Fixup: 0.0 ms]
   [Code Root Purge: 0.0 ms]
   [Clear CT: 0.3 ms]
   [Other: 1.9 ms]
      [Choose CSet: 0.0 ms]
      [Ref Proc: 0.3 ms]
      [Ref Enq: 0.0 ms]
      [Redirty Cards: 0.3 ms]
      [Humongous Register: 0.4 ms]
      [Humongous Reclaim: 0.4 ms]
      [Free CSet: 0.3 ms]
   [Eden: 234.0M(234.0M)->0.0B(20.0M) Survivors: 9216.0K->31.0M Heap: 828.9M(1024.0M)->590.2M(1024.0M)]
 [Times: user=0.56 sys=0.02, real=0.04 secs] 
7.172: [GC pause (G1 Evacuation Pause) (mixed), 0.0202757 secs]
   [Parallel Time: 18.5 ms, GC Workers: 18]
      [GC Worker Start (ms): Min: 7172.2, Avg: 7172.4, Max: 7172.7, Diff: 0.4]
      [Ext Root Scanning (ms): Min: 0.0, Avg: 0.1, Max: 0.3, Diff: 0.3, Sum: 2.4]
      [Update RS (ms): Min: 1.0, Avg: 1.1, Max: 1.3, Diff: 0.2, Sum: 20.6]
         [Processed Buffers: Min: 3, Avg: 3.9, Max: 6, Diff: 3, Sum: 71]
      [Scan RS (ms): Min: 0.0, Avg: 0.1, Max: 0.3, Diff: 0.3, Sum: 1.1]
      [Code Root Scanning (ms): Min: 0.0, Avg: 0.0, Max: 0.0, Diff: 0.0, Sum: 0.0]
      [Object Copy (ms): Min: 16.0, Avg: 16.2, Max: 16.7, Diff: 0.7, Sum: 292.4]
      [Termination (ms): Min: 0.0, Avg: 0.4, Max: 0.6, Diff: 0.6, Sum: 7.6]
         [Termination Attempts: Min: 1, Avg: 1.0, Max: 1, Diff: 0, Sum: 18]
      [GC Worker Other (ms): Min: 0.0, Avg: 0.0, Max: 0.0, Diff: 0.0, Sum: 0.4]
      [GC Worker Total (ms): Min: 17.8, Avg: 18.0, Max: 18.3, Diff: 0.5, Sum: 324.6]
      [GC Worker End (ms): Min: 7190.5, Avg: 7190.5, Max: 7190.5, Diff: 0.0]
   [Code Root Fixup: 0.0 ms]
   [Code Root Purge: 0.0 ms]
   [Clear CT: 0.3 ms]
   [Other: 1.5 ms]
      [Choose CSet: 0.1 ms]
      [Ref Proc: 0.3 ms]
      [Ref Enq: 0.0 ms]
      [Redirty Cards: 0.2 ms]
      [Humongous Register: 0.3 ms]
      [Humongous Reclaim: 0.1 ms]
      [Free CSet: 0.4 ms]
   [Eden: 20.0M(20.0M)->0.0B(44.0M) Survivors: 31.0M->7168.0K Heap: 616.7M(1024.0M)->514.6M(1024.0M)]
 [Times: user=0.30 sys=0.03, real=0.02 secs] 
7.207: [GC pause (G1 Evacuation Pause) (mixed), 0.0158350 secs]
   [Parallel Time: 14.2 ms, GC Workers: 18]
      [GC Worker Start (ms): Min: 7207.7, Avg: 7208.0, Max: 7208.2, Diff: 0.5]
      [Ext Root Scanning (ms): Min: 0.0, Avg: 0.1, Max: 0.4, Diff: 0.4, Sum: 2.6]
      [Update RS (ms): Min: 1.3, Avg: 1.5, Max: 1.6, Diff: 0.3, Sum: 26.4]
         [Processed Buffers: Min: 4, Avg: 4.9, Max: 6, Diff: 2, Sum: 89]
      [Scan RS (ms): Min: 0.0, Avg: 0.0, Max: 0.2, Diff: 0.2, Sum: 0.8]
      [Code Root Scanning (ms): Min: 0.0, Avg: 0.0, Max: 0.0, Diff: 0.0, Sum: 0.0]
      [Object Copy (ms): Min: 11.6, Avg: 11.8, Max: 12.1, Diff: 0.5, Sum: 212.5]
      [Termination (ms): Min: 0.0, Avg: 0.2, Max: 0.4, Diff: 0.4, Sum: 4.5]
         [Termination Attempts: Min: 1, Avg: 1.1, Max: 2, Diff: 1, Sum: 19]
      [GC Worker Other (ms): Min: 0.0, Avg: 0.0, Max: 0.1, Diff: 0.0, Sum: 0.6]
      [GC Worker Total (ms): Min: 13.5, Avg: 13.7, Max: 14.0, Diff: 0.5, Sum: 247.4]
      [GC Worker End (ms): Min: 7221.7, Avg: 7221.7, Max: 7221.7, Diff: 0.0]
   [Code Root Fixup: 0.0 ms]
   [Code Root Purge: 0.0 ms]
   [Clear CT: 0.2 ms]
   [Other: 1.4 ms]
      [Choose CSet: 0.1 ms]
      [Ref Proc: 0.3 ms]
      [Ref Enq: 0.0 ms]
      [Redirty Cards: 0.3 ms]
      [Humongous Register: 0.2 ms]
      [Humongous Reclaim: 0.1 ms]
      [Free CSet: 0.3 ms]
   [Eden: 44.0M(44.0M)->0.0B(284.0M) Survivors: 7168.0K->7168.0K Heap: 567.2M(1024.0M)->494.6M(1024.0M)]
 [Times: user=0.23 sys=0.00, real=0.02 secs] 
7.224: [GC pause (G1 Humongous Allocation) (young) (initial-mark), 0.0036175 secs]
   [Parallel Time: 2.5 ms, GC Workers: 18]
      [GC Worker Start (ms): Min: 7224.7, Avg: 7224.8, Max: 7224.9, Diff: 0.2]
      [Ext Root Scanning (ms): Min: 0.1, Avg: 0.2, Max: 0.3, Diff: 0.2, Sum: 3.6]
      [Update RS (ms): Min: 0.1, Avg: 0.3, Max: 1.4, Diff: 1.3, Sum: 5.4]
         [Processed Buffers: Min: 0, Avg: 1.1, Max: 3, Diff: 3, Sum: 19]
      [Scan RS (ms): Min: 0.0, Avg: 0.0, Max: 0.0, Diff: 0.0, Sum: 0.1]
      [Code Root Scanning (ms): Min: 0.0, Avg: 0.0, Max: 0.0, Diff: 0.0, Sum: 0.0]
      [Object Copy (ms): Min: 0.0, Avg: 1.2, Max: 1.8, Diff: 1.8, Sum: 21.5]
      [Termination (ms): Min: 0.0, Avg: 0.4, Max: 1.0, Diff: 0.9, Sum: 7.8]
         [Termination Attempts: Min: 1, Avg: 1.9, Max: 4, Diff: 3, Sum: 35]
      [GC Worker Other (ms): Min: 0.0, Avg: 0.0, Max: 0.0, Diff: 0.0, Sum: 0.3]
      [GC Worker Total (ms): Min: 2.0, Avg: 2.1, Max: 2.3, Diff: 0.2, Sum: 38.6]
      [GC Worker End (ms): Min: 7226.9, Avg: 7226.9, Max: 7227.0, Diff: 0.0]
   [Code Root Fixup: 0.0 ms]
   [Code Root Purge: 0.0 ms]
   [Clear CT: 0.2 ms]
   [Other: 0.9 ms]
      [Choose CSet: 0.0 ms]
      [Ref Proc: 0.3 ms]
      [Ref Enq: 0.0 ms]
      [Redirty Cards: 0.2 ms]
      [Humongous Register: 0.2 ms]
      [Humongous Reclaim: 0.0 ms]
      [Free CSet: 0.0 ms]
   [Eden: 3072.0K(284.0M)->0.0B(298.0M) Survivors: 7168.0K->8192.0K Heap: 496.8M(1024.0M)->495.1M(1024.0M)]
 [Times: user=0.04 sys=0.00, real=0.00 secs] 
7.228: [GC concurrent-root-region-scan-start]
7.228: [GC concurrent-root-region-scan-end, 0.0002326 secs]
7.228: [GC concurrent-mark-start]
7.230: [GC concurrent-mark-end, 0.0015516 secs]
7.230: [GC remark 7.230: [Finalize Marking, 0.0004499 secs] 7.231: [GC ref-proc, 0.0004182 secs] 7.231: [Unloading, 0.0009738 secs], 0.0026146 secs]
 [Times: user=0.01 sys=0.00, real=0.00 secs] 
7.233: [GC cleanup 502M->499M(1024M), 0.0016752 secs]
 [Times: user=0.02 sys=0.00, real=0.00 secs] 
7.235: [GC concurrent-cleanup-start]
7.235: [GC concurrent-cleanup-end, 0.0000286 secs]
7.347: [GC pause (G1 Evacuation Pause) (young) (to-space exhausted), 0.0352156 secs]
   [Parallel Time: 32.6 ms, GC Workers: 18]
      [GC Worker Start (ms): Min: 7347.5, Avg: 7347.7, Max: 7347.9, Diff: 0.3]
      [Ext Root Scanning (ms): Min: 0.1, Avg: 0.2, Max: 0.4, Diff: 0.3, Sum: 4.1]
      [Update RS (ms): Min: 13.7, Avg: 13.9, Max: 14.0, Diff: 0.3, Sum: 249.4]
         [Processed Buffers: Min: 26, Avg: 32.5, Max: 39, Diff: 13, Sum: 585]
      [Scan RS (ms): Min: 0.0, Avg: 0.1, Max: 0.2, Diff: 0.2, Sum: 1.4]
      [Code Root Scanning (ms): Min: 0.0, Avg: 0.0, Max: 0.0, Diff: 0.0, Sum: 0.0]
      [Object Copy (ms): Min: 17.6, Avg: 18.0, Max: 18.1, Diff: 0.5, Sum: 323.6]
      [Termination (ms): Min: 0.0, Avg: 0.1, Max: 0.1, Diff: 0.1, Sum: 1.1]
         [Termination Attempts: Min: 1, Avg: 1.3, Max: 2, Diff: 1, Sum: 23]
      [GC Worker Other (ms): Min: 0.0, Avg: 0.1, Max: 0.1, Diff: 0.1, Sum: 1.0]
      [GC Worker Total (ms): Min: 32.1, Avg: 32.3, Max: 32.4, Diff: 0.4, Sum: 580.5]
      [GC Worker End (ms): Min: 7380.0, Avg: 7380.0, Max: 7380.0, Diff: 0.1]
   [Code Root Fixup: 0.0 ms]
   [Code Root Purge: 0.0 ms]
   [Clear CT: 0.4 ms]
   [Other: 2.2 ms]
      [Evacuation Failure: 0.5 ms]
      [Choose CSet: 0.0 ms]
      [Ref Proc: 0.3 ms]
      [Ref Enq: 0.0 ms]
      [Redirty Cards: 0.2 ms]
      [Humongous Register: 0.3 ms]
      [Humongous Reclaim: 0.4 ms]
      [Free CSet: 0.3 ms]
   [Eden: 298.0M(298.0M)->0.0B(12.0M) Survivors: 8192.0K->39.0M Heap: 861.6M(1024.0M)->668.2M(1024.0M)]
 [Times: user=0.55 sys=0.04, real=0.04 secs] 
7.387: [GC pause (G1 Evacuation Pause) (mixed), 0.0221954 secs]
   [Parallel Time: 20.5 ms, GC Workers: 18]
      [GC Worker Start (ms): Min: 7388.0, Avg: 7388.1, Max: 7388.3, Diff: 0.4]
      [Ext Root Scanning (ms): Min: 0.0, Avg: 0.2, Max: 0.4, Diff: 0.4, Sum: 3.7]
      [Update RS (ms): Min: 0.7, Avg: 0.8, Max: 0.9, Diff: 0.2, Sum: 14.7]
         [Processed Buffers: Min: 2, Avg: 4.0, Max: 10, Diff: 8, Sum: 72]
      [Scan RS (ms): Min: 0.0, Avg: 0.2, Max: 1.0, Diff: 1.0, Sum: 3.3]
      [Code Root Scanning (ms): Min: 0.0, Avg: 0.0, Max: 0.4, Diff: 0.4, Sum: 0.4]
      [Object Copy (ms): Min: 17.3, Avg: 18.4, Max: 18.9, Diff: 1.5, Sum: 330.6]
      [Termination (ms): Min: 0.0, Avg: 0.4, Max: 0.7, Diff: 0.7, Sum: 6.6]
         [Termination Attempts: Min: 1, Avg: 1.0, Max: 1, Diff: 0, Sum: 18]
      [GC Worker Other (ms): Min: 0.0, Avg: 0.0, Max: 0.0, Diff: 0.0, Sum: 0.3]
      [GC Worker Total (ms): Min: 19.8, Avg: 20.0, Max: 20.2, Diff: 0.4, Sum: 359.6]
      [GC Worker End (ms): Min: 7408.1, Avg: 7408.1, Max: 7408.1, Diff: 0.0]
   [Code Root Fixup: 0.0 ms]
   [Code Root Purge: 0.0 ms]
   [Clear CT: 0.3 ms]
   [Other: 1.5 ms]
      [Choose CSet: 0.1 ms]
      [Ref Proc: 0.3 ms]
      [Ref Enq: 0.0 ms]
      [Redirty Cards: 0.2 ms]
      [Humongous Register: 0.3 ms]
      [Humongous Reclaim: 0.1 ms]
      [Free CSet: 0.4 ms]
   [Eden: 12.0M(12.0M)->0.0B(47.0M) Survivors: 39.0M->4096.0K Heap: 685.1M(1024.0M)->599.7M(1024.0M)]
 [Times: user=0.30 sys=0.02, real=0.03 secs] 
7.427: [GC pause (G1 Evacuation Pause) (mixed), 0.0117211 secs]
   [Parallel Time: 10.3 ms, GC Workers: 18]
      [GC Worker Start (ms): Min: 7427.5, Avg: 7427.8, Max: 7427.9, Diff: 0.4]
      [Ext Root Scanning (ms): Min: 0.0, Avg: 0.2, Max: 0.3, Diff: 0.3, Sum: 2.7]
      [Update RS (ms): Min: 1.9, Avg: 2.1, Max: 2.3, Diff: 0.4, Sum: 38.0]
         [Processed Buffers: Min: 6, Avg: 6.4, Max: 8, Diff: 2, Sum: 116]
      [Scan RS (ms): Min: 0.0, Avg: 0.0, Max: 0.1, Diff: 0.1, Sum: 0.6]
      [Code Root Scanning (ms): Min: 0.0, Avg: 0.0, Max: 0.0, Diff: 0.0, Sum: 0.0]
      [Object Copy (ms): Min: 6.7, Avg: 7.2, Max: 7.5, Diff: 0.8, Sum: 129.0]
      [Termination (ms): Min: 0.0, Avg: 0.3, Max: 0.7, Diff: 0.7, Sum: 5.5]
         [Termination Attempts: Min: 1, Avg: 1.1, Max: 2, Diff: 1, Sum: 19]
      [GC Worker Other (ms): Min: 0.0, Avg: 0.0, Max: 0.0, Diff: 0.0, Sum: 0.4]
      [GC Worker Total (ms): Min: 9.6, Avg: 9.8, Max: 10.0, Diff: 0.4, Sum: 176.2]
      [GC Worker End (ms): Min: 7437.5, Avg: 7437.5, Max: 7437.6, Diff: 0.0]
   [Code Root Fixup: 0.0 ms]
   [Code Root Purge: 0.0 ms]
   [Clear CT: 0.2 ms]
   [Other: 1.2 ms]
      [Choose CSet: 0.0 ms]
      [Ref Proc: 0.3 ms]
      [Ref Enq: 0.0 ms]
      [Redirty Cards: 0.3 ms]
      [Humongous Register: 0.1 ms]
      [Humongous Reclaim: 0.1 ms]
      [Free CSet: 0.1 ms]
   [Eden: 47.0M(47.0M)->0.0B(208.0M) Survivors: 4096.0K->7168.0K Heap: 658.7M(1024.0M)->602.2M(1024.0M)]
 [Times: user=0.17 sys=0.01, real=0.01 secs] 
7.440: [GC pause (G1 Humongous Allocation) (young) (initial-mark), 0.0041341 secs]
   [Parallel Time: 2.9 ms, GC Workers: 18]
      [GC Worker Start (ms): Min: 7440.2, Avg: 7440.4, Max: 7440.5, Diff: 0.3]
      [Ext Root Scanning (ms): Min: 0.1, Avg: 0.2, Max: 0.3, Diff: 0.3, Sum: 3.4]
      [Update RS (ms): Min: 0.0, Avg: 0.3, Max: 0.7, Diff: 0.7, Sum: 5.4]
         [Processed Buffers: Min: 0, Avg: 1.1, Max: 2, Diff: 2, Sum: 19]
      [Scan RS (ms): Min: 0.0, Avg: 0.0, Max: 0.0, Diff: 0.0, Sum: 0.1]
      [Code Root Scanning (ms): Min: 0.0, Avg: 0.0, Max: 0.0, Diff: 0.0, Sum: 0.0]
      [Object Copy (ms): Min: 1.3, Avg: 1.8, Max: 2.2, Diff: 0.9, Sum: 32.9]
      [Termination (ms): Min: 0.0, Avg: 0.2, Max: 0.3, Diff: 0.3, Sum: 2.9]
         [Termination Attempts: Min: 1, Avg: 1.0, Max: 1, Diff: 0, Sum: 18]
      [GC Worker Other (ms): Min: 0.0, Avg: 0.0, Max: 0.0, Diff: 0.0, Sum: 0.3]
      [GC Worker Total (ms): Min: 2.4, Avg: 2.5, Max: 2.7, Diff: 0.3, Sum: 45.0]
      [GC Worker End (ms): Min: 7442.9, Avg: 7442.9, Max: 7442.9, Diff: 0.0]
   [Code Root Fixup: 0.0 ms]
   [Code Root Purge: 0.0 ms]
   [Clear CT: 0.2 ms]
   [Other: 1.0 ms]
      [Choose CSet: 0.0 ms]
      [Ref Proc: 0.3 ms]
      [Ref Enq: 0.0 ms]
      [Redirty Cards: 0.2 ms]
      [Humongous Register: 0.2 ms]
      [Humongous Reclaim: 0.0 ms]
      [Free CSet: 0.0 ms]
   [Eden: 3072.0K(208.0M)->0.0B(204.0M) Survivors: 7168.0K->8192.0K Heap: 604.4M(1024.0M)->603.2M(1024.0M)]
 [Times: user=0.05 sys=0.00, real=0.00 secs] 
7.444: [GC concurrent-root-region-scan-start]
7.444: [GC concurrent-root-region-scan-end, 0.0001369 secs]
7.444: [GC concurrent-mark-start]
7.446: [GC concurrent-mark-end, 0.0015452 secs]
7.446: [GC remark 7.446: [Finalize Marking, 0.0003939 secs] 7.446: [GC ref-proc, 0.0004345 secs] 7.447: [Unloading, 0.0009673 secs], 0.0026063 secs]
 [Times: user=0.02 sys=0.00, real=0.00 secs] 
7.449: [GC cleanup 610M->598M(1024M), 0.0017877 secs]
 [Times: user=0.01 sys=0.00, real=0.01 secs] 
7.450: [GC concurrent-cleanup-start]
7.451: [GC concurrent-cleanup-end, 0.0000469 secs]
7.526: [GC pause (G1 Evacuation Pause) (young), 0.0268628 secs]
   [Parallel Time: 25.1 ms, GC Workers: 18]
      [GC Worker Start (ms): Min: 7526.4, Avg: 7526.6, Max: 7526.8, Diff: 0.4]
      [Ext Root Scanning (ms): Min: 0.0, Avg: 0.1, Max: 0.3, Diff: 0.3, Sum: 2.7]
      [Update RS (ms): Min: 7.1, Avg: 7.3, Max: 7.4, Diff: 0.3, Sum: 130.8]
         [Processed Buffers: Min: 19, Avg: 21.4, Max: 23, Diff: 4, Sum: 386]
      [Scan RS (ms): Min: 0.0, Avg: 0.0, Max: 0.1, Diff: 0.1, Sum: 0.9]
      [Code Root Scanning (ms): Min: 0.0, Avg: 0.0, Max: 0.0, Diff: 0.0, Sum: 0.0]
      [Object Copy (ms): Min: 16.3, Avg: 16.7, Max: 17.2, Diff: 0.8, Sum: 301.1]
      [Termination (ms): Min: 0.0, Avg: 0.4, Max: 0.9, Diff: 0.9, Sum: 6.5]
         [Termination Attempts: Min: 1, Avg: 1.0, Max: 1, Diff: 0, Sum: 18]
      [GC Worker Other (ms): Min: 0.0, Avg: 0.0, Max: 0.1, Diff: 0.1, Sum: 0.7]
      [GC Worker Total (ms): Min: 24.4, Avg: 24.6, Max: 24.8, Diff: 0.4, Sum: 442.8]
      [GC Worker End (ms): Min: 7551.1, Avg: 7551.2, Max: 7551.2, Diff: 0.1]
   [Code Root Fixup: 0.0 ms]
   [Code Root Purge: 0.0 ms]
   [Clear CT: 0.2 ms]
   [Other: 1.5 ms]
      [Choose CSet: 0.0 ms]
      [Ref Proc: 0.3 ms]
      [Ref Enq: 0.0 ms]
      [Redirty Cards: 0.3 ms]
      [Humongous Register: 0.3 ms]
      [Humongous Reclaim: 0.3 ms]
      [Free CSet: 0.3 ms]
   [Eden: 204.0M(204.0M)->0.0B(24.0M) Survivors: 8192.0K->27.0M Heap: 841.9M(1024.0M)->646.5M(1024.0M)]
 [Times: user=0.43 sys=0.01, real=0.03 secs] 
7.562: [GC pause (G1 Evacuation Pause) (mixed), 0.0148086 secs]
   [Parallel Time: 13.1 ms, GC Workers: 18]
      [GC Worker Start (ms): Min: 7562.3, Avg: 7562.6, Max: 7562.8, Diff: 0.4]
      [Ext Root Scanning (ms): Min: 0.0, Avg: 0.1, Max: 0.2, Diff: 0.2, Sum: 1.2]
      [Update RS (ms): Min: 0.3, Avg: 0.7, Max: 0.9, Diff: 0.6, Sum: 12.6]
         [Processed Buffers: Min: 1, Avg: 2.8, Max: 6, Diff: 5, Sum: 50]
      [Scan RS (ms): Min: 0.0, Avg: 0.0, Max: 0.1, Diff: 0.1, Sum: 0.8]
      [Code Root Scanning (ms): Min: 0.0, Avg: 0.0, Max: 0.0, Diff: 0.0, Sum: 0.0]
      [Object Copy (ms): Min: 11.2, Avg: 11.5, Max: 11.9, Diff: 0.7, Sum: 207.4]
      [Termination (ms): Min: 0.0, Avg: 0.3, Max: 0.5, Diff: 0.5, Sum: 4.6]
         [Termination Attempts: Min: 1, Avg: 1.0, Max: 1, Diff: 0, Sum: 18]
      [GC Worker Other (ms): Min: 0.0, Avg: 0.0, Max: 0.0, Diff: 0.0, Sum: 0.4]
      [GC Worker Total (ms): Min: 12.4, Avg: 12.6, Max: 12.8, Diff: 0.4, Sum: 227.0]
      [GC Worker End (ms): Min: 7575.2, Avg: 7575.2, Max: 7575.2, Diff: 0.0]
   [Code Root Fixup: 0.0 ms]
   [Code Root Purge: 0.0 ms]
   [Clear CT: 0.3 ms]
   [Other: 1.5 ms]
      [Choose CSet: 0.1 ms]
      [Ref Proc: 0.3 ms]
      [Ref Enq: 0.0 ms]
      [Redirty Cards: 0.3 ms]
      [Humongous Register: 0.3 ms]
      [Humongous Reclaim: 0.0 ms]
      [Free CSet: 0.4 ms]
   [Eden: 24.0M(24.0M)->0.0B(45.0M) Survivors: 27.0M->6144.0K Heap: 674.4M(1024.0M)->563.4M(1024.0M)]
 [Times: user=0.21 sys=0.01, real=0.01 secs] 
7.594: [GC pause (G1 Evacuation Pause) (mixed), 0.0184073 secs]
   [Parallel Time: 16.5 ms, GC Workers: 18]
      [GC Worker Start (ms): Min: 7594.2, Avg: 7594.4, Max: 7594.6, Diff: 0.4]
      [Ext Root Scanning (ms): Min: 0.0, Avg: 0.2, Max: 0.4, Diff: 0.4, Sum: 2.8]
      [Update RS (ms): Min: 1.8, Avg: 2.0, Max: 2.1, Diff: 0.2, Sum: 35.4]
         [Processed Buffers: Min: 5, Avg: 6.4, Max: 9, Diff: 4, Sum: 116]
      [Scan RS (ms): Min: 0.0, Avg: 0.0, Max: 0.1, Diff: 0.1, Sum: 0.9]
      [Code Root Scanning (ms): Min: 0.0, Avg: 0.0, Max: 0.0, Diff: 0.0, Sum: 0.0]
      [Object Copy (ms): Min: 12.9, Avg: 13.2, Max: 13.8, Diff: 1.0, Sum: 237.7]
      [Termination (ms): Min: 0.0, Avg: 0.6, Max: 0.8, Diff: 0.8, Sum: 10.5]
         [Termination Attempts: Min: 1, Avg: 1.0, Max: 1, Diff: 0, Sum: 18]
      [GC Worker Other (ms): Min: 0.0, Avg: 0.0, Max: 0.0, Diff: 0.0, Sum: 0.3]
      [GC Worker Total (ms): Min: 15.8, Avg: 16.0, Max: 16.2, Diff: 0.4, Sum: 287.7]
      [GC Worker End (ms): Min: 7610.4, Avg: 7610.4, Max: 7610.4, Diff: 0.0]
   [Code Root Fixup: 0.0 ms]
   [Code Root Purge: 0.0 ms]
   [Clear CT: 0.3 ms]
   [Other: 1.6 ms]
      [Choose CSet: 0.1 ms]
      [Ref Proc: 0.3 ms]
      [Ref Enq: 0.0 ms]
      [Redirty Cards: 0.3 ms]
      [Humongous Register: 0.3 ms]
      [Humongous Reclaim: 0.1 ms]
      [Free CSet: 0.4 ms]
   [Eden: 45.0M(45.0M)->0.0B(44.0M) Survivors: 6144.0K->7168.0K Heap: 620.6M(1024.0M)->505.4M(1024.0M)]
 [Times: user=0.27 sys=0.00, real=0.02 secs] 
7.629: [GC pause (G1 Evacuation Pause) (mixed), 0.0144401 secs]
   [Parallel Time: 12.8 ms, GC Workers: 18]
      [GC Worker Start (ms): Min: 7629.1, Avg: 7629.4, Max: 7629.6, Diff: 0.4]
      [Ext Root Scanning (ms): Min: 0.0, Avg: 0.2, Max: 0.4, Diff: 0.4, Sum: 3.0]
      [Update RS (ms): Min: 2.0, Avg: 2.2, Max: 2.4, Diff: 0.4, Sum: 40.0]
         [Processed Buffers: Min: 5, Avg: 6.2, Max: 8, Diff: 3, Sum: 112]
      [Scan RS (ms): Min: 0.0, Avg: 0.1, Max: 0.3, Diff: 0.3, Sum: 1.2]
      [Code Root Scanning (ms): Min: 0.0, Avg: 0.0, Max: 0.0, Diff: 0.0, Sum: 0.1]
      [Object Copy (ms): Min: 9.1, Avg: 9.6, Max: 9.9, Diff: 0.8, Sum: 172.3]
      [Termination (ms): Min: 0.0, Avg: 0.4, Max: 0.7, Diff: 0.7, Sum: 7.0]
         [Termination Attempts: Min: 1, Avg: 1.0, Max: 1, Diff: 0, Sum: 18]
      [GC Worker Other (ms): Min: 0.0, Avg: 0.0, Max: 0.0, Diff: 0.0, Sum: 0.4]
      [GC Worker Total (ms): Min: 12.2, Avg: 12.4, Max: 12.7, Diff: 0.4, Sum: 224.0]
      [GC Worker End (ms): Min: 7641.8, Avg: 7641.8, Max: 7641.8, Diff: 0.0]
   [Code Root Fixup: 0.0 ms]
   [Code Root Purge: 0.0 ms]
   [Clear CT: 0.2 ms]
   [Other: 1.4 ms]
      [Choose CSet: 0.0 ms]
      [Ref Proc: 0.3 ms]
      [Ref Enq: 0.0 ms]
      [Redirty Cards: 0.3 ms]
      [Humongous Register: 0.3 ms]
      [Humongous Reclaim: 0.1 ms]
      [Free CSet: 0.2 ms]
   [Eden: 44.0M(44.0M)->0.0B(285.0M) Survivors: 7168.0K->7168.0K Heap: 560.9M(1024.0M)->501.2M(1024.0M)]
 [Times: user=0.22 sys=0.01, real=0.02 secs] 
7.645: [GC pause (G1 Humongous Allocation) (young) (initial-mark), 0.0041259 secs]
   [Parallel Time: 2.9 ms, GC Workers: 18]
      [GC Worker Start (ms): Min: 7645.0, Avg: 7645.1, Max: 7645.1, Diff: 0.2]
      [Ext Root Scanning (ms): Min: 0.1, Avg: 0.2, Max: 0.3, Diff: 0.2, Sum: 4.0]
      [Update RS (ms): Min: 0.1, Avg: 0.3, Max: 1.8, Diff: 1.7, Sum: 5.9]
         [Processed Buffers: Min: 0, Avg: 1.1, Max: 2, Diff: 2, Sum: 19]
      [Scan RS (ms): Min: 0.0, Avg: 0.0, Max: 0.0, Diff: 0.0, Sum: 0.1]
      [Code Root Scanning (ms): Min: 0.0, Avg: 0.0, Max: 0.0, Diff: 0.0, Sum: 0.0]
      [Object Copy (ms): Min: 0.2, Avg: 1.7, Max: 2.3, Diff: 2.1, Sum: 31.3]
      [Termination (ms): Min: 0.0, Avg: 0.3, Max: 0.6, Diff: 0.6, Sum: 5.4]
         [Termination Attempts: Min: 1, Avg: 1.2, Max: 2, Diff: 1, Sum: 21]
      [GC Worker Other (ms): Min: 0.0, Avg: 0.0, Max: 0.0, Diff: 0.0, Sum: 0.2]
      [GC Worker Total (ms): Min: 2.5, Avg: 2.6, Max: 2.7, Diff: 0.2, Sum: 46.9]
      [GC Worker End (ms): Min: 7647.6, Avg: 7647.7, Max: 7647.7, Diff: 0.0]
   [Code Root Fixup: 0.0 ms]
   [Code Root Purge: 0.0 ms]
   [Clear CT: 0.2 ms]
   [Other: 0.9 ms]
      [Choose CSet: 0.0 ms]
      [Ref Proc: 0.3 ms]
      [Ref Enq: 0.0 ms]
      [Redirty Cards: 0.2 ms]
      [Humongous Register: 0.2 ms]
      [Humongous Reclaim: 0.0 ms]
      [Free CSet: 0.0 ms]
   [Eden: 5120.0K(285.0M)->0.0B(272.0M) Survivors: 7168.0K->9216.0K Heap: 505.8M(1024.0M)->502.9M(1024.0M)]
 [Times: user=0.04 sys=0.00, real=0.00 secs] 
7.649: [GC concurrent-root-region-scan-start]
7.649: [GC concurrent-root-region-scan-end, 0.0002418 secs]
7.649: [GC concurrent-mark-start]
7.651: [GC concurrent-mark-end, 0.0016052 secs]
7.651: [GC remark 7.651: [Finalize Marking, 0.0003746 secs] 7.651: [GC ref-proc, 0.0004161 secs] 7.652: [Unloading, 0.0009874 secs], 0.0026074 secs]
 [Times: user=0.02 sys=0.01, real=0.00 secs] 
7.654: [GC cleanup 509M->506M(1024M), 0.0017181 secs]
 [Times: user=0.01 sys=0.00, real=0.00 secs] 
7.655: [GC concurrent-cleanup-start]
7.655: [GC concurrent-cleanup-end, 0.0000319 secs]
7.758: [GC pause (G1 Evacuation Pause) (young) (to-space exhausted), 0.0380367 secs]
   [Parallel Time: 35.5 ms, GC Workers: 18]
      [GC Worker Start (ms): Min: 7758.4, Avg: 7758.7, Max: 7758.8, Diff: 0.5]
      [Ext Root Scanning (ms): Min: 0.0, Avg: 0.2, Max: 0.5, Diff: 0.5, Sum: 3.4]
      [Update RS (ms): Min: 12.1, Avg: 12.3, Max: 12.5, Diff: 0.3, Sum: 220.9]
         [Processed Buffers: Min: 34, Avg: 36.2, Max: 40, Diff: 6, Sum: 652]
      [Scan RS (ms): Min: 0.0, Avg: 0.1, Max: 0.5, Diff: 0.5, Sum: 2.1]
      [Code Root Scanning (ms): Min: 0.0, Avg: 0.0, Max: 0.0, Diff: 0.0, Sum: 0.0]
      [Object Copy (ms): Min: 21.5, Avg: 22.2, Max: 22.4, Diff: 0.9, Sum: 400.0]
      [Termination (ms): Min: 0.0, Avg: 0.1, Max: 0.2, Diff: 0.2, Sum: 1.6]
         [Termination Attempts: Min: 1, Avg: 1.0, Max: 1, Diff: 0, Sum: 18]
      [GC Worker Other (ms): Min: 0.0, Avg: 0.0, Max: 0.1, Diff: 0.1, Sum: 0.8]
      [GC Worker Total (ms): Min: 34.8, Avg: 34.9, Max: 35.3, Diff: 0.5, Sum: 628.8]
      [GC Worker End (ms): Min: 7793.6, Avg: 7793.6, Max: 7793.6, Diff: 0.1]
   [Code Root Fixup: 0.0 ms]
   [Code Root Purge: 0.0 ms]
   [Clear CT: 0.4 ms]
   [Other: 2.2 ms]
      [Evacuation Failure: 0.5 ms]
      [Choose CSet: 0.0 ms]
      [Ref Proc: 0.3 ms]
      [Ref Enq: 0.0 ms]
      [Redirty Cards: 0.2 ms]
      [Humongous Register: 0.3 ms]
      [Humongous Reclaim: 0.4 ms]
      [Free CSet: 0.3 ms]
   [Eden: 272.0M(272.0M)->0.0B(15.0M) Survivors: 9216.0K->36.0M Heap: 851.9M(1024.0M)->619.6M(1024.0M)]
 [Times: user=0.61 sys=0.01, real=0.04 secs] 
7.801: [GC pause (G1 Evacuation Pause) (mixed), 0.0227637 secs]
   [Parallel Time: 21.0 ms, GC Workers: 18]
      [GC Worker Start (ms): Min: 7801.5, Avg: 7801.8, Max: 7802.0, Diff: 0.6]
      [Ext Root Scanning (ms): Min: 0.0, Avg: 0.1, Max: 0.3, Diff: 0.3, Sum: 1.7]
      [Update RS (ms): Min: 0.4, Avg: 0.7, Max: 0.8, Diff: 0.4, Sum: 12.9]
         [Processed Buffers: Min: 2, Avg: 3.6, Max: 8, Diff: 6, Sum: 65]
      [Scan RS (ms): Min: 0.0, Avg: 0.1, Max: 0.3, Diff: 0.3, Sum: 1.6]
      [Code Root Scanning (ms): Min: 0.0, Avg: 0.0, Max: 0.0, Diff: 0.0, Sum: 0.0]
      [Object Copy (ms): Min: 19.1, Avg: 19.3, Max: 19.5, Diff: 0.4, Sum: 348.0]
      [Termination (ms): Min: 0.0, Avg: 0.2, Max: 0.4, Diff: 0.4, Sum: 3.7]
         [Termination Attempts: Min: 1, Avg: 1.3, Max: 2, Diff: 1, Sum: 23]
      [GC Worker Other (ms): Min: 0.0, Avg: 0.0, Max: 0.0, Diff: 0.0, Sum: 0.3]
      [GC Worker Total (ms): Min: 20.2, Avg: 20.5, Max: 20.8, Diff: 0.6, Sum: 368.3]
      [GC Worker End (ms): Min: 7822.2, Avg: 7822.2, Max: 7822.3, Diff: 0.1]
   [Code Root Fixup: 0.0 ms]
   [Code Root Purge: 0.0 ms]
   [Clear CT: 0.2 ms]
   [Other: 1.5 ms]
      [Choose CSet: 0.1 ms]
      [Ref Proc: 0.3 ms]
      [Ref Enq: 0.0 ms]
      [Redirty Cards: 0.3 ms]
      [Humongous Register: 0.3 ms]
      [Humongous Reclaim: 0.1 ms]
      [Free CSet: 0.4 ms]
   [Eden: 15.0M(15.0M)->0.0B(46.0M) Survivors: 36.0M->5120.0K Heap: 639.0M(1024.0M)->547.9M(1024.0M)]
 [Times: user=0.33 sys=0.02, real=0.02 secs] 
7.843: [GC pause (G1 Evacuation Pause) (mixed), 0.0124648 secs]
   [Parallel Time: 10.9 ms, GC Workers: 18]
      [GC Worker Start (ms): Min: 7843.1, Avg: 7843.3, Max: 7843.4, Diff: 0.4]
      [Ext Root Scanning (ms): Min: 0.0, Avg: 0.1, Max: 0.3, Diff: 0.3, Sum: 2.1]
      [Update RS (ms): Min: 2.5, Avg: 2.7, Max: 2.9, Diff: 0.4, Sum: 48.5]
         [Processed Buffers: Min: 7, Avg: 8.6, Max: 10, Diff: 3, Sum: 154]
      [Scan RS (ms): Min: 0.0, Avg: 0.0, Max: 0.2, Diff: 0.2, Sum: 0.6]
      [Code Root Scanning (ms): Min: 0.0, Avg: 0.0, Max: 0.0, Diff: 0.0, Sum: 0.0]
      [Object Copy (ms): Min: 7.0, Avg: 7.2, Max: 7.6, Diff: 0.6, Sum: 129.9]
      [Termination (ms): Min: 0.0, Avg: 0.3, Max: 0.5, Diff: 0.5, Sum: 5.0]
         [Termination Attempts: Min: 1, Avg: 1.0, Max: 1, Diff: 0, Sum: 18]
      [GC Worker Other (ms): Min: 0.0, Avg: 0.0, Max: 0.1, Diff: 0.0, Sum: 0.5]
      [GC Worker Total (ms): Min: 10.2, Avg: 10.4, Max: 10.6, Diff: 0.4, Sum: 186.6]
      [GC Worker End (ms): Min: 7853.6, Avg: 7853.7, Max: 7853.7, Diff: 0.0]
   [Code Root Fixup: 0.0 ms]
   [Code Root Purge: 0.0 ms]
   [Clear CT: 0.2 ms]
   [Other: 1.3 ms]
      [Choose CSet: 0.0 ms]
      [Ref Proc: 0.4 ms]
      [Ref Enq: 0.0 ms]
      [Redirty Cards: 0.3 ms]
      [Humongous Register: 0.3 ms]
      [Humongous Reclaim: 0.1 ms]
      [Free CSet: 0.1 ms]
   [Eden: 46.0M(46.0M)->0.0B(235.0M) Survivors: 5120.0K->7168.0K Heap: 610.7M(1024.0M)->552.5M(1024.0M)]
 [Times: user=0.17 sys=0.01, real=0.01 secs] 
7.856: [GC pause (G1 Humongous Allocation) (young) (initial-mark), 0.0036783 secs]
   [Parallel Time: 2.5 ms, GC Workers: 18]
      [GC Worker Start (ms): Min: 7856.4, Avg: 7856.5, Max: 7856.7, Diff: 0.3]
      [Ext Root Scanning (ms): Min: 0.0, Avg: 0.2, Max: 0.4, Diff: 0.3, Sum: 3.4]
      [Update RS (ms): Min: 0.1, Avg: 0.2, Max: 0.6, Diff: 0.5, Sum: 3.1]
         [Processed Buffers: Min: 0, Avg: 1.0, Max: 2, Diff: 2, Sum: 18]
      [Scan RS (ms): Min: 0.0, Avg: 0.0, Max: 0.0, Diff: 0.0, Sum: 0.1]
      [Code Root Scanning (ms): Min: 0.0, Avg: 0.0, Max: 0.0, Diff: 0.0, Sum: 0.0]
      [Object Copy (ms): Min: 0.9, Avg: 1.5, Max: 1.7, Diff: 0.8, Sum: 26.2]
      [Termination (ms): Min: 0.0, Avg: 0.3, Max: 0.8, Diff: 0.8, Sum: 5.1]
         [Termination Attempts: Min: 1, Avg: 1.0, Max: 1, Diff: 0, Sum: 18]
      [GC Worker Other (ms): Min: 0.0, Avg: 0.0, Max: 0.0, Diff: 0.0, Sum: 0.3]
      [GC Worker Total (ms): Min: 2.0, Avg: 2.1, Max: 2.3, Diff: 0.3, Sum: 38.2]
      [GC Worker End (ms): Min: 7858.7, Avg: 7858.7, Max: 7858.7, Diff: 0.0]
   [Code Root Fixup: 0.0 ms]
   [Code Root Purge: 0.0 ms]
   [Clear CT: 0.2 ms]
   [Other: 0.9 ms]
      [Choose CSet: 0.0 ms]
      [Ref Proc: 0.3 ms]
      [Ref Enq: 0.0 ms]
      [Redirty Cards: 0.2 ms]
      [Humongous Register: 0.2 ms]
      [Humongous Reclaim: 0.0 ms]
      [Free CSet: 0.0 ms]
   [Eden: 2048.0K(235.0M)->0.0B(218.0M) Survivors: 7168.0K->8192.0K Heap: 554.4M(1024.0M)->553.1M(1024.0M)]
 [Times: user=0.04 sys=0.01, real=0.00 secs] 
7.860: [GC concurrent-root-region-scan-start]
7.860: [GC concurrent-root-region-scan-end, 0.0001762 secs]
7.860: [GC concurrent-mark-start]
7.861: [GC concurrent-mark-end, 0.0015196 secs]
7.862: [GC remark 7.862: [Finalize Marking, 0.0003318 secs] 7.862: [GC ref-proc, 0.0004094 secs] 7.862: [Unloading, 0.0009374 secs], 0.0025741 secs]
 [Times: user=0.02 sys=0.00, real=0.00 secs] 
7.864: [GC cleanup 560M->553M(1024M), 0.0015410 secs]
 [Times: user=0.02 sys=0.00, real=0.00 secs] 
7.866: [GC concurrent-cleanup-start]
7.866: [GC concurrent-cleanup-end, 0.0000381 secs]
7.946: [GC pause (G1 Evacuation Pause) (young), 0.0298235 secs]
   [Parallel Time: 28.0 ms, GC Workers: 18]
      [GC Worker Start (ms): Min: 7946.2, Avg: 7946.3, Max: 7946.5, Diff: 0.3]
      [Ext Root Scanning (ms): Min: 0.0, Avg: 0.2, Max: 0.3, Diff: 0.3, Sum: 3.1]
      [Update RS (ms): Min: 7.9, Avg: 8.0, Max: 8.1, Diff: 0.3, Sum: 144.1]
         [Processed Buffers: Min: 23, Avg: 25.2, Max: 29, Diff: 6, Sum: 453]
      [Scan RS (ms): Min: 0.0, Avg: 0.1, Max: 0.4, Diff: 0.4, Sum: 1.3]
      [Code Root Scanning (ms): Min: 0.0, Avg: 0.0, Max: 0.0, Diff: 0.0, Sum: 0.0]
      [Object Copy (ms): Min: 18.8, Avg: 19.1, Max: 19.4, Diff: 0.6, Sum: 343.4]
      [Termination (ms): Min: 0.0, Avg: 0.3, Max: 0.6, Diff: 0.6, Sum: 5.0]
         [Termination Attempts: Min: 1, Avg: 1.3, Max: 2, Diff: 1, Sum: 23]
      [GC Worker Other (ms): Min: 0.0, Avg: 0.0, Max: 0.1, Diff: 0.1, Sum: 0.6]
      [GC Worker Total (ms): Min: 27.5, Avg: 27.6, Max: 27.8, Diff: 0.3, Sum: 497.7]
      [GC Worker End (ms): Min: 7974.0, Avg: 7974.0, Max: 7974.0, Diff: 0.1]
   [Code Root Fixup: 0.0 ms]
   [Code Root Purge: 0.0 ms]
   [Clear CT: 0.2 ms]
   [Other: 1.6 ms]
      [Choose CSet: 0.0 ms]
      [Ref Proc: 0.3 ms]
      [Ref Enq: 0.0 ms]
      [Redirty Cards: 0.3 ms]
      [Humongous Register: 0.3 ms]
      [Humongous Reclaim: 0.3 ms]
      [Free CSet: 0.3 ms]
   [Eden: 218.0M(218.0M)->0.0B(22.0M) Survivors: 8192.0K->29.0M Heap: 819.2M(1024.0M)->599.9M(1024.0M)]
 [Times: user=0.48 sys=0.02, real=0.03 secs] 
7.985: [GC pause (G1 Evacuation Pause) (mixed), 0.0194639 secs]
   [Parallel Time: 17.7 ms, GC Workers: 18]
      [GC Worker Start (ms): Min: 7985.4, Avg: 7985.7, Max: 7985.9, Diff: 0.5]
      [Ext Root Scanning (ms): Min: 0.0, Avg: 0.2, Max: 0.4, Diff: 0.4, Sum: 2.8]
      [Update RS (ms): Min: 0.9, Avg: 1.2, Max: 1.3, Diff: 0.4, Sum: 21.3]
         [Processed Buffers: Min: 2, Avg: 3.7, Max: 5, Diff: 3, Sum: 67]
      [Scan RS (ms): Min: 0.0, Avg: 0.1, Max: 0.1, Diff: 0.1, Sum: 1.1]
      [Code Root Scanning (ms): Min: 0.0, Avg: 0.0, Max: 0.0, Diff: 0.0, Sum: 0.0]
      [Object Copy (ms): Min: 15.3, Avg: 15.6, Max: 15.8, Diff: 0.5, Sum: 280.1]
      [Termination (ms): Min: 0.0, Avg: 0.2, Max: 0.5, Diff: 0.5, Sum: 4.2]
         [Termination Attempts: Min: 1, Avg: 1.0, Max: 1, Diff: 0, Sum: 18]
      [GC Worker Other (ms): Min: 0.0, Avg: 0.0, Max: 0.1, Diff: 0.0, Sum: 0.4]
      [GC Worker Total (ms): Min: 17.0, Avg: 17.2, Max: 17.5, Diff: 0.5, Sum: 310.0]
      [GC Worker End (ms): Min: 8002.9, Avg: 8002.9, Max: 8002.9, Diff: 0.0]
   [Code Root Fixup: 0.0 ms]
   [Code Root Purge: 0.0 ms]
   [Clear CT: 0.2 ms]
   [Other: 1.5 ms]
      [Choose CSet: 0.1 ms]
      [Ref Proc: 0.3 ms]
      [Ref Enq: 0.0 ms]
      [Redirty Cards: 0.3 ms]
      [Humongous Register: 0.3 ms]
      [Humongous Reclaim: 0.1 ms]
      [Free CSet: 0.4 ms]
   [Eden: 22.0M(22.0M)->0.0B(44.0M) Survivors: 29.0M->7168.0K Heap: 628.0M(1024.0M)->527.4M(1024.0M)]
 [Times: user=0.29 sys=0.00, real=0.02 secs] 
8.020: [GC pause (G1 Evacuation Pause) (mixed), 0.0172953 secs]
   [Parallel Time: 15.7 ms, GC Workers: 18]
      [GC Worker Start (ms): Min: 8020.7, Avg: 8020.9, Max: 8021.1, Diff: 0.4]
      [Ext Root Scanning (ms): Min: 0.0, Avg: 0.1, Max: 0.3, Diff: 0.3, Sum: 2.6]
      [Update RS (ms): Min: 1.7, Avg: 1.9, Max: 2.0, Diff: 0.3, Sum: 34.0]
         [Processed Buffers: Min: 5, Avg: 6.3, Max: 8, Diff: 3, Sum: 113]
      [Scan RS (ms): Min: 0.0, Avg: 0.1, Max: 0.2, Diff: 0.2, Sum: 1.2]
      [Code Root Scanning (ms): Min: 0.0, Avg: 0.0, Max: 0.0, Diff: 0.0, Sum: 0.0]
      [Object Copy (ms): Min: 12.7, Avg: 12.9, Max: 13.1, Diff: 0.3, Sum: 232.1]
      [Termination (ms): Min: 0.0, Avg: 0.2, Max: 0.3, Diff: 0.3, Sum: 3.1]
         [Termination Attempts: Min: 1, Avg: 1.0, Max: 1, Diff: 0, Sum: 18]
      [GC Worker Other (ms): Min: 0.0, Avg: 0.0, Max: 0.1, Diff: 0.0, Sum: 0.5]
      [GC Worker Total (ms): Min: 15.0, Avg: 15.2, Max: 15.4, Diff: 0.4, Sum: 273.6]
      [GC Worker End (ms): Min: 8036.1, Avg: 8036.1, Max: 8036.1, Diff: 0.0]
   [Code Root Fixup: 0.0 ms]
   [Code Root Purge: 0.0 ms]
   [Clear CT: 0.2 ms]
   [Other: 1.4 ms]
      [Choose CSet: 0.1 ms]
      [Ref Proc: 0.3 ms]
      [Ref Enq: 0.0 ms]
      [Redirty Cards: 0.2 ms]
      [Humongous Register: 0.2 ms]
      [Humongous Reclaim: 0.1 ms]
      [Free CSet: 0.3 ms]
   [Eden: 44.0M(44.0M)->0.0B(271.0M) Survivors: 7168.0K->7168.0K Heap: 583.0M(1024.0M)->488.4M(1024.0M)]
 [Times: user=0.23 sys=0.02, real=0.01 secs] 
8.039: [GC pause (G1 Humongous Allocation) (young) (initial-mark), 0.0040328 secs]
   [Parallel Time: 2.8 ms, GC Workers: 18]
      [GC Worker Start (ms): Min: 8039.2, Avg: 8039.5, Max: 8039.7, Diff: 0.5]
      [Ext Root Scanning (ms): Min: 0.0, Avg: 0.4, Max: 0.6, Diff: 0.6, Sum: 7.3]
      [Update RS (ms): Min: 0.0, Avg: 0.3, Max: 1.9, Diff: 1.9, Sum: 5.1]
         [Processed Buffers: Min: 0, Avg: 1.1, Max: 3, Diff: 3, Sum: 19]
      [Scan RS (ms): Min: 0.0, Avg: 0.0, Max: 0.0, Diff: 0.0, Sum: 0.1]
      [Code Root Scanning (ms): Min: 0.0, Avg: 0.0, Max: 0.0, Diff: 0.0, Sum: 0.0]
      [Object Copy (ms): Min: 0.0, Avg: 1.4, Max: 1.9, Diff: 1.9, Sum: 24.6]
      [Termination (ms): Min: 0.0, Avg: 0.3, Max: 0.5, Diff: 0.5, Sum: 5.1]
         [Termination Attempts: Min: 1, Avg: 1.0, Max: 1, Diff: 0, Sum: 18]
      [GC Worker Other (ms): Min: 0.0, Avg: 0.0, Max: 0.0, Diff: 0.0, Sum: 0.3]
      [GC Worker Total (ms): Min: 2.1, Avg: 2.4, Max: 2.6, Diff: 0.5, Sum: 42.5]
      [GC Worker End (ms): Min: 8041.8, Avg: 8041.8, Max: 8041.8, Diff: 0.0]
   [Code Root Fixup: 0.0 ms]
   [Code Root Purge: 0.0 ms]
   [Clear CT: 0.2 ms]
   [Other: 1.0 ms]
      [Choose CSet: 0.0 ms]
      [Ref Proc: 0.4 ms]
      [Ref Enq: 0.0 ms]
      [Redirty Cards: 0.2 ms]
      [Humongous Register: 0.2 ms]
      [Humongous Reclaim: 0.0 ms]
      [Free CSet: 0.0 ms]
   [Eden: 3072.0K(271.0M)->0.0B(281.0M) Survivors: 7168.0K->8192.0K Heap: 491.2M(1024.0M)->488.1M(1024.0M)]
 [Times: user=0.04 sys=0.00, real=0.01 secs] 
8.043: [GC concurrent-root-region-scan-start]
8.043: [GC concurrent-root-region-scan-end, 0.0001436 secs]
8.043: [GC concurrent-mark-start]
8.045: [GC concurrent-mark-end, 0.0014387 secs]
8.045: [GC remark 8.045: [Finalize Marking, 0.0003908 secs] 8.045: [GC ref-proc, 0.0004091 secs] 8.046: [Unloading, 0.0010247 secs], 0.0026319 secs]
 [Times: user=0.02 sys=0.00, real=0.00 secs] 
8.048: [GC cleanup 494M->492M(1024M), 0.0016839 secs]
 [Times: user=0.02 sys=0.00, real=0.00 secs] 
8.049: [GC concurrent-cleanup-start]
8.049: [GC concurrent-cleanup-end, 0.0000223 secs]
8.154: [GC pause (G1 Evacuation Pause) (young) (to-space exhausted), 0.0399790 secs]
   [Parallel Time: 37.5 ms, GC Workers: 18]
      [GC Worker Start (ms): Min: 8154.9, Avg: 8155.3, Max: 8155.5, Diff: 0.6]
      [Ext Root Scanning (ms): Min: 0.0, Avg: 0.1, Max: 0.4, Diff: 0.4, Sum: 1.5]
      [Update RS (ms): Min: 13.2, Avg: 13.4, Max: 13.7, Diff: 0.5, Sum: 241.6]
         [Processed Buffers: Min: 26, Avg: 34.1, Max: 41, Diff: 15, Sum: 614]
      [Scan RS (ms): Min: 0.0, Avg: 0.1, Max: 0.2, Diff: 0.2, Sum: 1.9]
      [Code Root Scanning (ms): Min: 0.0, Avg: 0.0, Max: 0.0, Diff: 0.0, Sum: 0.0]
      [Object Copy (ms): Min: 22.9, Avg: 23.1, Max: 23.4, Diff: 0.5, Sum: 416.7]
      [Termination (ms): Min: 0.0, Avg: 0.2, Max: 0.3, Diff: 0.3, Sum: 3.4]
         [Termination Attempts: Min: 1, Avg: 1.0, Max: 1, Diff: 0, Sum: 18]
      [GC Worker Other (ms): Min: 0.0, Avg: 0.0, Max: 0.1, Diff: 0.1, Sum: 0.7]
      [GC Worker Total (ms): Min: 36.7, Avg: 37.0, Max: 37.4, Diff: 0.7, Sum: 665.8]
      [GC Worker End (ms): Min: 8192.2, Avg: 8192.2, Max: 8192.3, Diff: 0.1]
   [Code Root Fixup: 0.0 ms]
   [Code Root Purge: 0.0 ms]
   [Clear CT: 0.4 ms]
   [Other: 2.1 ms]
      [Evacuation Failure: 0.3 ms]
      [Choose CSet: 0.0 ms]
      [Ref Proc: 0.4 ms]
      [Ref Enq: 0.0 ms]
      [Redirty Cards: 0.2 ms]
      [Humongous Register: 0.3 ms]
      [Humongous Reclaim: 0.4 ms]
      [Free CSet: 0.4 ms]
   [Eden: 281.0M(281.0M)->0.0B(14.0M) Survivors: 8192.0K->37.0M Heap: 842.1M(1024.0M)->561.6M(1024.0M)]
 [Times: user=0.65 sys=0.02, real=0.04 secs] 
8.200: [GC pause (G1 Evacuation Pause) (mixed), 0.0210358 secs]
   [Parallel Time: 19.3 ms, GC Workers: 18]
      [GC Worker Start (ms): Min: 8200.0, Avg: 8200.2, Max: 8200.4, Diff: 0.4]
      [Ext Root Scanning (ms): Min: 0.0, Avg: 0.2, Max: 0.4, Diff: 0.4, Sum: 2.7]
      [Update RS (ms): Min: 0.4, Avg: 0.5, Max: 0.5, Diff: 0.1, Sum: 8.5]
         [Processed Buffers: Min: 2, Avg: 2.7, Max: 6, Diff: 4, Sum: 49]
      [Scan RS (ms): Min: 0.0, Avg: 0.1, Max: 0.3, Diff: 0.3, Sum: 1.9]
      [Code Root Scanning (ms): Min: 0.0, Avg: 0.0, Max: 0.0, Diff: 0.0, Sum: 0.0]
      [Object Copy (ms): Min: 17.4, Avg: 17.8, Max: 18.1, Diff: 0.7, Sum: 320.2]
      [Termination (ms): Min: 0.0, Avg: 0.3, Max: 0.5, Diff: 0.5, Sum: 5.9]
         [Termination Attempts: Min: 1, Avg: 1.3, Max: 3, Diff: 2, Sum: 24]
      [GC Worker Other (ms): Min: 0.0, Avg: 0.0, Max: 0.0, Diff: 0.0, Sum: 0.4]
      [GC Worker Total (ms): Min: 18.7, Avg: 18.9, Max: 19.1, Diff: 0.4, Sum: 339.6]
      [GC Worker End (ms): Min: 8219.1, Avg: 8219.1, Max: 8219.1, Diff: 0.0]
   [Code Root Fixup: 0.0 ms]
   [Code Root Purge: 0.0 ms]
   [Clear CT: 0.3 ms]
   [Other: 1.4 ms]
      [Choose CSet: 0.1 ms]
      [Ref Proc: 0.3 ms]
      [Ref Enq: 0.0 ms]
      [Redirty Cards: 0.3 ms]
      [Humongous Register: 0.3 ms]
      [Humongous Reclaim: 0.0 ms]
      [Free CSet: 0.4 ms]
   [Eden: 14.0M(14.0M)->0.0B(46.0M) Survivors: 37.0M->5120.0K Heap: 577.9M(1024.0M)->493.0M(1024.0M)]
 [Times: user=0.33 sys=0.00, real=0.03 secs] 
8.237: [GC pause (G1 Evacuation Pause) (mixed), 0.0120086 secs]
   [Parallel Time: 10.5 ms, GC Workers: 18]
      [GC Worker Start (ms): Min: 8237.5, Avg: 8237.6, Max: 8237.8, Diff: 0.3]
      [Ext Root Scanning (ms): Min: 0.0, Avg: 0.2, Max: 0.3, Diff: 0.3, Sum: 3.1]
      [Update RS (ms): Min: 1.8, Avg: 1.9, Max: 2.1, Diff: 0.4, Sum: 35.0]
         [Processed Buffers: Min: 5, Avg: 6.1, Max: 7, Diff: 2, Sum: 109]
      [Scan RS (ms): Min: 0.0, Avg: 0.0, Max: 0.2, Diff: 0.2, Sum: 0.6]
      [Code Root Scanning (ms): Min: 0.0, Avg: 0.0, Max: 0.0, Diff: 0.0, Sum: 0.0]
      [Object Copy (ms): Min: 7.5, Avg: 7.7, Max: 8.0, Diff: 0.5, Sum: 139.2]
      [Termination (ms): Min: 0.0, Avg: 0.1, Max: 0.2, Diff: 0.2, Sum: 2.6]
         [Termination Attempts: Min: 1, Avg: 1.2, Max: 2, Diff: 1, Sum: 21]
      [GC Worker Other (ms): Min: 0.0, Avg: 0.0, Max: 0.0, Diff: 0.0, Sum: 0.4]
      [GC Worker Total (ms): Min: 9.9, Avg: 10.1, Max: 10.2, Diff: 0.3, Sum: 181.0]
      [GC Worker End (ms): Min: 8247.7, Avg: 8247.7, Max: 8247.7, Diff: 0.0]
   [Code Root Fixup: 0.0 ms]
   [Code Root Purge: 0.0 ms]
   [Clear CT: 0.2 ms]
   [Other: 1.3 ms]
      [Choose CSet: 0.0 ms]
      [Ref Proc: 0.3 ms]
      [Ref Enq: 0.0 ms]
      [Redirty Cards: 0.3 ms]
      [Humongous Register: 0.3 ms]
      [Humongous Reclaim: 0.1 ms]
      [Free CSet: 0.1 ms]
   [Eden: 46.0M(46.0M)->0.0B(274.0M) Survivors: 5120.0K->7168.0K Heap: 550.3M(1024.0M)->500.9M(1024.0M)]
 [Times: user=0.17 sys=0.02, real=0.01 secs] 
8.250: [GC pause (G1 Humongous Allocation) (young) (initial-mark), 0.0039045 secs]
   [Parallel Time: 2.7 ms, GC Workers: 18]
      [GC Worker Start (ms): Min: 8250.5, Avg: 8250.7, Max: 8250.9, Diff: 0.3]
      [Ext Root Scanning (ms): Min: 0.1, Avg: 0.2, Max: 0.4, Diff: 0.3, Sum: 3.7]
      [Update RS (ms): Min: 0.1, Avg: 0.2, Max: 1.3, Diff: 1.2, Sum: 4.3]
         [Processed Buffers: Min: 0, Avg: 0.9, Max: 2, Diff: 2, Sum: 17]
      [Scan RS (ms): Min: 0.0, Avg: 0.0, Max: 0.0, Diff: 0.0, Sum: 0.1]
      [Code Root Scanning (ms): Min: 0.0, Avg: 0.0, Max: 0.0, Diff: 0.0, Sum: 0.0]
      [Object Copy (ms): Min: 0.5, Avg: 1.6, Max: 2.0, Diff: 1.5, Sum: 28.5]
      [Termination (ms): Min: 0.0, Avg: 0.3, Max: 0.5, Diff: 0.5, Sum: 5.0]
         [Termination Attempts: Min: 1, Avg: 1.0, Max: 1, Diff: 0, Sum: 18]
      [GC Worker Other (ms): Min: 0.0, Avg: 0.0, Max: 0.0, Diff: 0.0, Sum: 0.3]
      [GC Worker Total (ms): Min: 2.2, Avg: 2.3, Max: 2.5, Diff: 0.3, Sum: 41.9]
      [GC Worker End (ms): Min: 8253.0, Avg: 8253.1, Max: 8253.1, Diff: 0.0]
   [Code Root Fixup: 0.0 ms]
   [Code Root Purge: 0.0 ms]
   [Clear CT: 0.2 ms]
   [Other: 1.0 ms]
      [Choose CSet: 0.0 ms]
      [Ref Proc: 0.3 ms]
      [Ref Enq: 0.0 ms]
      [Redirty Cards: 0.2 ms]
      [Humongous Register: 0.2 ms]
      [Humongous Reclaim: 0.0 ms]
      [Free CSet: 0.0 ms]
   [Eden: 3072.0K(274.0M)->0.0B(280.0M) Survivors: 7168.0K->9216.0K Heap: 503.4M(1024.0M)->502.7M(1024.0M)]
 [Times: user=0.04 sys=0.00, real=0.00 secs] 
8.254: [GC concurrent-root-region-scan-start]
8.254: [GC concurrent-root-region-scan-end, 0.0001202 secs]
8.254: [GC concurrent-mark-start]
8.256: [GC concurrent-mark-end, 0.0015019 secs]
8.256: [GC remark 8.256: [Finalize Marking, 0.0002974 secs] 8.256: [GC ref-proc, 0.0004167 secs] 8.257: [Unloading, 0.0008630 secs], 0.0023576 secs]
 [Times: user=0.02 sys=0.00, real=0.00 secs] 
8.258: [GC cleanup 510M->506M(1024M), 0.0016148 secs]
 [Times: user=0.02 sys=0.00, real=0.01 secs] 
8.260: [GC concurrent-cleanup-start]
8.260: [GC concurrent-cleanup-end, 0.0000262 secs]
8.362: [GC pause (G1 Evacuation Pause) (young), 0.0412389 secs]
   [Parallel Time: 39.2 ms, GC Workers: 18]
      [GC Worker Start (ms): Min: 8362.1, Avg: 8362.3, Max: 8362.5, Diff: 0.4]
      [Ext Root Scanning (ms): Min: 0.0, Avg: 0.2, Max: 0.3, Diff: 0.3, Sum: 2.9]
      [Update RS (ms): Min: 12.4, Avg: 12.6, Max: 12.7, Diff: 0.3, Sum: 226.0]
         [Processed Buffers: Min: 23, Avg: 29.5, Max: 35, Diff: 12, Sum: 531]
      [Scan RS (ms): Min: 0.0, Avg: 0.1, Max: 0.4, Diff: 0.3, Sum: 1.6]
      [Code Root Scanning (ms): Min: 0.0, Avg: 0.0, Max: 0.0, Diff: 0.0, Sum: 0.0]
      [Object Copy (ms): Min: 25.1, Avg: 25.6, Max: 26.0, Diff: 0.8, Sum: 461.3]
      [Termination (ms): Min: 0.0, Avg: 0.3, Max: 0.5, Diff: 0.5, Sum: 5.5]
         [Termination Attempts: Min: 1, Avg: 1.0, Max: 1, Diff: 0, Sum: 18]
      [GC Worker Other (ms): Min: 0.0, Avg: 0.0, Max: 0.1, Diff: 0.1, Sum: 0.6]
      [GC Worker Total (ms): Min: 38.6, Avg: 38.8, Max: 39.0, Diff: 0.4, Sum: 697.9]
      [GC Worker End (ms): Min: 8401.1, Avg: 8401.1, Max: 8401.1, Diff: 0.1]
   [Code Root Fixup: 0.0 ms]
   [Code Root Purge: 0.0 ms]
   [Clear CT: 0.3 ms]
   [Other: 1.8 ms]
      [Choose CSet: 0.0 ms]
      [Ref Proc: 0.3 ms]
      [Ref Enq: 0.0 ms]
      [Redirty Cards: 0.3 ms]
      [Humongous Register: 0.3 ms]
      [Humongous Reclaim: 0.3 ms]
      [Free CSet: 0.3 ms]
   [Eden: 280.0M(280.0M)->0.0B(14.0M) Survivors: 9216.0K->37.0M Heap: 843.4M(1024.0M)->573.5M(1024.0M)]
 [Times: user=0.67 sys=0.02, real=0.04 secs] 
8.409: [GC pause (G1 Evacuation Pause) (mixed), 0.0201261 secs]
   [Parallel Time: 18.4 ms, GC Workers: 18]
      [GC Worker Start (ms): Min: 8409.3, Avg: 8409.4, Max: 8409.6, Diff: 0.4]
      [Ext Root Scanning (ms): Min: 0.0, Avg: 0.2, Max: 0.3, Diff: 0.3, Sum: 3.2]
      [Update RS (ms): Min: 0.4, Avg: 0.5, Max: 0.7, Diff: 0.3, Sum: 9.7]
         [Processed Buffers: Min: 1, Avg: 2.3, Max: 5, Diff: 4, Sum: 41]
      [Scan RS (ms): Min: 0.0, Avg: 0.1, Max: 0.7, Diff: 0.7, Sum: 1.8]
      [Code Root Scanning (ms): Min: 0.0, Avg: 0.0, Max: 0.1, Diff: 0.1, Sum: 0.1]
      [Object Copy (ms): Min: 16.2, Avg: 16.9, Max: 17.3, Diff: 1.0, Sum: 304.4]
      [Termination (ms): Min: 0.0, Avg: 0.3, Max: 0.7, Diff: 0.7, Sum: 5.8]
         [Termination Attempts: Min: 1, Avg: 1.0, Max: 1, Diff: 0, Sum: 18]
      [GC Worker Other (ms): Min: 0.0, Avg: 0.0, Max: 0.0, Diff: 0.0, Sum: 0.4]
      [GC Worker Total (ms): Min: 17.9, Avg: 18.1, Max: 18.3, Diff: 0.4, Sum: 325.4]
      [GC Worker End (ms): Min: 8427.5, Avg: 8427.5, Max: 8427.5, Diff: 0.0]
   [Code Root Fixup: 0.0 ms]
   [Code Root Purge: 0.0 ms]
   [Clear CT: 0.2 ms]
   [Other: 1.5 ms]
      [Choose CSet: 0.1 ms]
      [Ref Proc: 0.3 ms]
      [Ref Enq: 0.0 ms]
      [Redirty Cards: 0.3 ms]
      [Humongous Register: 0.2 ms]
      [Humongous Reclaim: 0.0 ms]
      [Free CSet: 0.4 ms]
   [Eden: 14.0M(14.0M)->0.0B(47.0M) Survivors: 37.0M->4096.0K Heap: 590.2M(1024.0M)->501.9M(1024.0M)]
 [Times: user=0.31 sys=0.01, real=0.02 secs] 
8.447: [GC pause (G1 Evacuation Pause) (mixed), 0.0126872 secs]
   [Parallel Time: 11.2 ms, GC Workers: 18]
      [GC Worker Start (ms): Min: 8447.1, Avg: 8447.3, Max: 8447.5, Diff: 0.4]
      [Ext Root Scanning (ms): Min: 0.0, Avg: 0.2, Max: 0.4, Diff: 0.4, Sum: 2.8]
      [Update RS (ms): Min: 1.5, Avg: 1.7, Max: 2.1, Diff: 0.5, Sum: 31.3]
         [Processed Buffers: Min: 5, Avg: 5.5, Max: 7, Diff: 2, Sum: 99]
      [Scan RS (ms): Min: 0.0, Avg: 0.0, Max: 0.1, Diff: 0.1, Sum: 0.6]
      [Code Root Scanning (ms): Min: 0.0, Avg: 0.0, Max: 0.0, Diff: 0.0, Sum: 0.0]
      [Object Copy (ms): Min: 7.8, Avg: 8.3, Max: 8.8, Diff: 0.9, Sum: 150.0]
      [Termination (ms): Min: 0.0, Avg: 0.4, Max: 0.7, Diff: 0.7, Sum: 6.8]
         [Termination Attempts: Min: 1, Avg: 1.1, Max: 2, Diff: 1, Sum: 19]
      [GC Worker Other (ms): Min: 0.0, Avg: 0.0, Max: 0.0, Diff: 0.0, Sum: 0.4]
      [GC Worker Total (ms): Min: 10.5, Avg: 10.7, Max: 10.9, Diff: 0.5, Sum: 192.0]
      [GC Worker End (ms): Min: 8457.9, Avg: 8457.9, Max: 8458.0, Diff: 0.0]
   [Code Root Fixup: 0.0 ms]
   [Code Root Purge: 0.0 ms]
   [Clear CT: 0.2 ms]
   [Other: 1.3 ms]
      [Choose CSet: 0.0 ms]
      [Ref Proc: 0.3 ms]
      [Ref Enq: 0.0 ms]
      [Redirty Cards: 0.3 ms]
      [Humongous Register: 0.3 ms]
      [Humongous Reclaim: 0.1 ms]
      [Free CSet: 0.2 ms]
   [Eden: 47.0M(47.0M)->0.0B(281.0M) Survivors: 4096.0K->7168.0K Heap: 558.7M(1024.0M)->498.9M(1024.0M)]
 [Times: user=0.19 sys=0.01, real=0.01 secs] 
8.461: [GC pause (G1 Humongous Allocation) (young) (initial-mark), 0.0037481 secs]
   [Parallel Time: 2.5 ms, GC Workers: 18]
      [GC Worker Start (ms): Min: 8461.1, Avg: 8461.2, Max: 8461.4, Diff: 0.3]
      [Ext Root Scanning (ms): Min: 0.0, Avg: 0.2, Max: 0.3, Diff: 0.3, Sum: 3.2]
      [Update RS (ms): Min: 0.0, Avg: 0.3, Max: 1.3, Diff: 1.2, Sum: 4.7]
         [Processed Buffers: Min: 0, Avg: 1.0, Max: 3, Diff: 3, Sum: 18]
      [Scan RS (ms): Min: 0.0, Avg: 0.0, Max: 0.0, Diff: 0.0, Sum: 0.1]
      [Code Root Scanning (ms): Min: 0.0, Avg: 0.0, Max: 0.0, Diff: 0.0, Sum: 0.0]
      [Object Copy (ms): Min: 0.0, Avg: 1.4, Max: 1.9, Diff: 1.9, Sum: 24.7]
      [Termination (ms): Min: 0.0, Avg: 0.4, Max: 0.7, Diff: 0.7, Sum: 6.4]
         [Termination Attempts: Min: 1, Avg: 1.8, Max: 5, Diff: 4, Sum: 32]
      [GC Worker Other (ms): Min: 0.0, Avg: 0.0, Max: 0.0, Diff: 0.0, Sum: 0.3]
      [GC Worker Total (ms): Min: 2.0, Avg: 2.2, Max: 2.3, Diff: 0.3, Sum: 39.4]
      [GC Worker End (ms): Min: 8463.4, Avg: 8463.4, Max: 8463.4, Diff: 0.0]
   [Code Root Fixup: 0.0 ms]
   [Code Root Purge: 0.0 ms]
   [Clear CT: 0.3 ms]
   [Other: 0.9 ms]
      [Choose CSet: 0.0 ms]
      [Ref Proc: 0.3 ms]
      [Ref Enq: 0.0 ms]
      [Redirty Cards: 0.2 ms]
      [Humongous Register: 0.2 ms]
      [Humongous Reclaim: 0.0 ms]
      [Free CSet: 0.0 ms]
   [Eden: 5120.0K(281.0M)->0.0B(280.0M) Survivors: 7168.0K->9216.0K Heap: 503.6M(1024.0M)->499.0M(1024.0M)]
 [Times: user=0.04 sys=0.00, real=0.00 secs] 
8.465: [GC concurrent-root-region-scan-start]
8.465: [GC concurrent-root-region-scan-end, 0.0002062 secs]
8.465: [GC concurrent-mark-start]
8.466: [GC concurrent-mark-end, 0.0015010 secs]
8.467: [GC remark 8.467: [Finalize Marking, 0.0003522 secs] 8.467: [GC ref-proc, 0.0004097 secs] 8.467: [Unloading, 0.0008251 secs], 0.0023268 secs]
 [Times: user=0.02 sys=0.00, real=0.00 secs] 
8.469: [GC cleanup 506M->503M(1024M), 0.0015391 secs]
 [Times: user=0.02 sys=0.00, real=0.01 secs] 
8.471: [GC concurrent-cleanup-start]
8.471: [GC concurrent-cleanup-end, 0.0000233 secs]
8.579: [GC pause (G1 Evacuation Pause) (young) (to-space exhausted), 0.0398043 secs]
   [Parallel Time: 36.8 ms, GC Workers: 18]
      [GC Worker Start (ms): Min: 8579.8, Avg: 8580.1, Max: 8580.4, Diff: 0.6]
      [Ext Root Scanning (ms): Min: 0.0, Avg: 0.1, Max: 0.4, Diff: 0.4, Sum: 2.0]
      [Update RS (ms): Min: 17.1, Avg: 17.5, Max: 17.7, Diff: 0.6, Sum: 314.4]
         [Processed Buffers: Min: 29, Avg: 37.8, Max: 46, Diff: 17, Sum: 681]
      [Scan RS (ms): Min: 0.0, Avg: 0.2, Max: 0.6, Diff: 0.6, Sum: 2.9]
      [Code Root Scanning (ms): Min: 0.0, Avg: 0.0, Max: 0.0, Diff: 0.0, Sum: 0.0]
      [Object Copy (ms): Min: 17.5, Avg: 18.3, Max: 18.7, Diff: 1.2, Sum: 329.2]
      [Termination (ms): Min: 0.0, Avg: 0.2, Max: 0.3, Diff: 0.3, Sum: 3.2]
         [Termination Attempts: Min: 1, Avg: 1.1, Max: 2, Diff: 1, Sum: 20]
      [GC Worker Other (ms): Min: 0.0, Avg: 0.0, Max: 0.1, Diff: 0.1, Sum: 0.8]
      [GC Worker Total (ms): Min: 35.9, Avg: 36.2, Max: 36.6, Diff: 0.7, Sum: 652.5]
      [GC Worker End (ms): Min: 8616.3, Avg: 8616.4, Max: 8616.4, Diff: 0.1]
   [Code Root Fixup: 0.0 ms]
   [Code Root Purge: 0.0 ms]
   [Clear CT: 0.5 ms]
   [Other: 2.5 ms]
      [Evacuation Failure: 0.5 ms]
      [Choose CSet: 0.0 ms]
      [Ref Proc: 0.4 ms]
      [Ref Enq: 0.0 ms]
      [Redirty Cards: 0.3 ms]
      [Humongous Register: 0.4 ms]
      [Humongous Reclaim: 0.4 ms]
      [Free CSet: 0.3 ms]
   [Eden: 280.0M(280.0M)->0.0B(14.0M) Survivors: 9216.0K->37.0M Heap: 859.4M(1024.0M)->660.0M(1024.0M)]
 [Times: user=0.62 sys=0.02, real=0.04 secs] 
8.624: [GC pause (G1 Evacuation Pause) (mixed), 0.0220163 secs]
   [Parallel Time: 20.0 ms, GC Workers: 18]
      [GC Worker Start (ms): Min: 8624.2, Avg: 8624.5, Max: 8624.8, Diff: 0.6]
      [Ext Root Scanning (ms): Min: 0.0, Avg: 0.2, Max: 0.5, Diff: 0.5, Sum: 3.3]
      [Update RS (ms): Min: 0.5, Avg: 0.7, Max: 1.7, Diff: 1.1, Sum: 12.0]
         [Processed Buffers: Min: 1, Avg: 3.1, Max: 7, Diff: 6, Sum: 55]
      [Scan RS (ms): Min: 0.0, Avg: 0.1, Max: 0.2, Diff: 0.2, Sum: 1.5]
      [Code Root Scanning (ms): Min: 0.0, Avg: 0.0, Max: 0.0, Diff: 0.0, Sum: 0.0]
      [Object Copy (ms): Min: 17.2, Avg: 18.3, Max: 18.6, Diff: 1.4, Sum: 328.6]
      [Termination (ms): Min: 0.0, Avg: 0.3, Max: 0.5, Diff: 0.5, Sum: 4.8]
         [Termination Attempts: Min: 1, Avg: 1.1, Max: 2, Diff: 1, Sum: 19]
      [GC Worker Other (ms): Min: 0.0, Avg: 0.0, Max: 0.0, Diff: 0.0, Sum: 0.4]
      [GC Worker Total (ms): Min: 19.2, Avg: 19.5, Max: 19.8, Diff: 0.6, Sum: 350.6]
      [GC Worker End (ms): Min: 8644.0, Avg: 8644.0, Max: 8644.0, Diff: 0.0]
   [Code Root Fixup: 0.0 ms]
   [Code Root Purge: 0.0 ms]
   [Clear CT: 0.3 ms]
   [Other: 1.7 ms]
      [Choose CSet: 0.1 ms]
      [Ref Proc: 0.3 ms]
      [Ref Enq: 0.0 ms]
      [Redirty Cards: 0.4 ms]
      [Humongous Register: 0.3 ms]
      [Humongous Reclaim: 0.1 ms]
      [Free CSet: 0.4 ms]
   [Eden: 14.0M(14.0M)->0.0B(46.0M) Survivors: 37.0M->5120.0K Heap: 676.7M(1024.0M)->591.1M(1024.0M)]
 [Times: user=0.32 sys=0.02, real=0.02 secs] 
8.662: [GC pause (G1 Evacuation Pause) (mixed), 0.0150129 secs]
   [Parallel Time: 13.3 ms, GC Workers: 18]
      [GC Worker Start (ms): Min: 8662.8, Avg: 8663.0, Max: 8663.3, Diff: 0.4]
      [Ext Root Scanning (ms): Min: 0.0, Avg: 0.2, Max: 0.4, Diff: 0.4, Sum: 3.8]
      [Update RS (ms): Min: 2.6, Avg: 2.9, Max: 3.1, Diff: 0.5, Sum: 52.6]
         [Processed Buffers: Min: 6, Avg: 7.5, Max: 10, Diff: 4, Sum: 135]
      [Scan RS (ms): Min: 0.0, Avg: 0.0, Max: 0.1, Diff: 0.1, Sum: 0.5]
      [Code Root Scanning (ms): Min: 0.0, Avg: 0.0, Max: 0.0, Diff: 0.0, Sum: 0.0]
      [Object Copy (ms): Min: 9.1, Avg: 9.4, Max: 9.7, Diff: 0.6, Sum: 169.5]
      [Termination (ms): Min: 0.0, Avg: 0.2, Max: 0.3, Diff: 0.3, Sum: 3.2]
         [Termination Attempts: Min: 1, Avg: 1.0, Max: 1, Diff: 0, Sum: 18]
      [GC Worker Other (ms): Min: 0.0, Avg: 0.0, Max: 0.1, Diff: 0.1, Sum: 0.6]
      [GC Worker Total (ms): Min: 12.5, Avg: 12.8, Max: 13.0, Diff: 0.4, Sum: 230.3]
      [GC Worker End (ms): Min: 8675.8, Avg: 8675.8, Max: 8675.9, Diff: 0.0]
   [Code Root Fixup: 0.0 ms]
   [Code Root Purge: 0.0 ms]
   [Clear CT: 0.3 ms]
   [Other: 1.4 ms]
      [Choose CSet: 0.0 ms]
      [Ref Proc: 0.4 ms]
      [Ref Enq: 0.0 ms]
      [Redirty Cards: 0.4 ms]
      [Humongous Register: 0.3 ms]
      [Humongous Reclaim: 0.1 ms]
      [Free CSet: 0.2 ms]
   [Eden: 46.0M(46.0M)->0.0B(210.0M) Survivors: 5120.0K->7168.0K Heap: 651.5M(1024.0M)->587.3M(1024.0M)]
 [Times: user=0.23 sys=0.00, real=0.01 secs] 
8.679: [GC pause (G1 Humongous Allocation) (young) (initial-mark), 0.0043040 secs]
   [Parallel Time: 2.9 ms, GC Workers: 18]
      [GC Worker Start (ms): Min: 8679.8, Avg: 8680.0, Max: 8680.2, Diff: 0.4]
      [Ext Root Scanning (ms): Min: 0.0, Avg: 0.3, Max: 0.6, Diff: 0.6, Sum: 5.3]
      [Update RS (ms): Min: 0.0, Avg: 0.1, Max: 0.6, Diff: 0.6, Sum: 2.4]
         [Processed Buffers: Min: 0, Avg: 1.1, Max: 3, Diff: 3, Sum: 19]
      [Scan RS (ms): Min: 0.0, Avg: 0.0, Max: 0.0, Diff: 0.0, Sum: 0.1]
      [Code Root Scanning (ms): Min: 0.0, Avg: 0.0, Max: 0.0, Diff: 0.0, Sum: 0.0]
      [Object Copy (ms): Min: 1.1, Avg: 1.5, Max: 1.9, Diff: 0.8, Sum: 27.9]
      [Termination (ms): Min: 0.0, Avg: 0.4, Max: 0.7, Diff: 0.7, Sum: 6.8]
         [Termination Attempts: Min: 1, Avg: 1.0, Max: 1, Diff: 0, Sum: 18]
      [GC Worker Other (ms): Min: 0.0, Avg: 0.0, Max: 0.0, Diff: 0.0, Sum: 0.3]
      [GC Worker Total (ms): Min: 2.2, Avg: 2.4, Max: 2.6, Diff: 0.5, Sum: 42.8]
      [GC Worker End (ms): Min: 8682.4, Avg: 8682.4, Max: 8682.4, Diff: 0.0]
   [Code Root Fixup: 0.0 ms]
   [Code Root Purge: 0.0 ms]
   [Clear CT: 0.3 ms]
   [Other: 1.1 ms]
      [Choose CSet: 0.0 ms]
      [Ref Proc: 0.3 ms]
      [Ref Enq: 0.0 ms]
      [Redirty Cards: 0.2 ms]
      [Humongous Register: 0.2 ms]
      [Humongous Reclaim: 0.0 ms]
      [Free CSet: 0.0 ms]
   [Eden: 5120.0K(210.0M)->0.0B(218.0M) Survivors: 7168.0K->8192.0K Heap: 592.1M(1024.0M)->584.8M(1024.0M)]
 [Times: user=0.04 sys=0.00, real=0.01 secs] 
8.684: [GC concurrent-root-region-scan-start]
8.684: [GC concurrent-root-region-scan-end, 0.0002097 secs]
8.684: [GC concurrent-mark-start]
8.686: [GC concurrent-mark-end, 0.0018559 secs]
8.686: [GC remark 8.686: [Finalize Marking, 0.0003385 secs] 8.686: [GC ref-proc, 0.0004145 secs] 8.687: [Unloading, 0.0011213 secs], 0.0027742 secs]
 [Times: user=0.02 sys=0.00, real=0.00 secs] 
8.689: [GC cleanup 594M->588M(1024M), 0.0018552 secs]
 [Times: user=0.02 sys=0.00, real=0.01 secs] 
8.691: [GC concurrent-cleanup-start]
8.691: [GC concurrent-cleanup-end, 0.0000389 secs]
8.773: [GC pause (G1 Evacuation Pause) (young) (to-space exhausted), 0.0320496 secs]
   [Parallel Time: 29.8 ms, GC Workers: 18]
      [GC Worker Start (ms): Min: 8773.4, Avg: 8773.7, Max: 8774.0, Diff: 0.6]
      [Ext Root Scanning (ms): Min: 0.0, Avg: 0.2, Max: 0.4, Diff: 0.4, Sum: 3.2]
      [Update RS (ms): Min: 10.3, Avg: 10.5, Max: 10.7, Diff: 0.4, Sum: 189.6]
         [Processed Buffers: Min: 27, Avg: 30.5, Max: 35, Diff: 8, Sum: 549]
      [Scan RS (ms): Min: 0.0, Avg: 0.1, Max: 0.5, Diff: 0.4, Sum: 1.4]
      [Code Root Scanning (ms): Min: 0.0, Avg: 0.0, Max: 0.0, Diff: 0.0, Sum: 0.0]
      [Object Copy (ms): Min: 17.7, Avg: 18.2, Max: 18.6, Diff: 0.9, Sum: 327.7]
      [Termination (ms): Min: 0.0, Avg: 0.3, Max: 0.5, Diff: 0.5, Sum: 6.1]
         [Termination Attempts: Min: 1, Avg: 1.0, Max: 1, Diff: 0, Sum: 18]
      [GC Worker Other (ms): Min: 0.0, Avg: 0.0, Max: 0.1, Diff: 0.1, Sum: 0.7]
      [GC Worker Total (ms): Min: 29.0, Avg: 29.4, Max: 29.6, Diff: 0.6, Sum: 528.7]
      [GC Worker End (ms): Min: 8803.1, Avg: 8803.1, Max: 8803.1, Diff: 0.0]
   [Code Root Fixup: 0.0 ms]
   [Code Root Purge: 0.0 ms]
   [Clear CT: 0.3 ms]
   [Other: 2.0 ms]
      [Evacuation Failure: 0.4 ms]
      [Choose CSet: 0.0 ms]
      [Ref Proc: 0.2 ms]
      [Ref Enq: 0.0 ms]
      [Redirty Cards: 0.2 ms]
      [Humongous Register: 0.3 ms]
      [Humongous Reclaim: 0.4 ms]
      [Free CSet: 0.3 ms]
   [Eden: 218.0M(218.0M)->0.0B(22.0M) Survivors: 8192.0K->29.0M Heap: 863.7M(1024.0M)->683.1M(1024.0M)]
 [Times: user=0.52 sys=0.02, real=0.03 secs] 
8.815: [GC pause (G1 Evacuation Pause) (mixed), 0.0157462 secs]
   [Parallel Time: 14.1 ms, GC Workers: 18]
      [GC Worker Start (ms): Min: 8815.4, Avg: 8815.6, Max: 8815.8, Diff: 0.5]
      [Ext Root Scanning (ms): Min: 0.0, Avg: 0.1, Max: 0.3, Diff: 0.3, Sum: 1.6]
      [Update RS (ms): Min: 1.2, Avg: 1.5, Max: 1.6, Diff: 0.4, Sum: 26.4]
         [Processed Buffers: Min: 3, Avg: 5.6, Max: 16, Diff: 13, Sum: 101]
      [Scan RS (ms): Min: 0.0, Avg: 0.0, Max: 0.1, Diff: 0.1, Sum: 0.7]
      [Code Root Scanning (ms): Min: 0.0, Avg: 0.0, Max: 0.0, Diff: 0.0, Sum: 0.0]
      [Object Copy (ms): Min: 11.6, Avg: 11.8, Max: 11.9, Diff: 0.3, Sum: 212.0]
      [Termination (ms): Min: 0.0, Avg: 0.2, Max: 0.2, Diff: 0.2, Sum: 2.9]
         [Termination Attempts: Min: 1, Avg: 1.1, Max: 2, Diff: 1, Sum: 19]
      [GC Worker Other (ms): Min: 0.0, Avg: 0.0, Max: 0.0, Diff: 0.0, Sum: 0.3]
      [GC Worker Total (ms): Min: 13.3, Avg: 13.5, Max: 13.8, Diff: 0.5, Sum: 243.9]
      [GC Worker End (ms): Min: 8829.2, Avg: 8829.2, Max: 8829.2, Diff: 0.0]
   [Code Root Fixup: 0.0 ms]
   [Code Root Purge: 0.0 ms]
   [Clear CT: 0.3 ms]
   [Other: 1.4 ms]
      [Choose CSet: 0.1 ms]
      [Ref Proc: 0.3 ms]
      [Ref Enq: 0.0 ms]
      [Redirty Cards: 0.2 ms]
      [Humongous Register: 0.3 ms]
      [Humongous Reclaim: 0.1 ms]
      [Free CSet: 0.3 ms]
   [Eden: 22.0M(22.0M)->0.0B(45.0M) Survivors: 29.0M->6144.0K Heap: 713.7M(1024.0M)->595.3M(1024.0M)]
 [Times: user=0.23 sys=0.01, real=0.02 secs] 
8.847: [GC pause (G1 Evacuation Pause) (mixed), 0.0192402 secs]
   [Parallel Time: 17.5 ms, GC Workers: 18]
      [GC Worker Start (ms): Min: 8847.6, Avg: 8847.8, Max: 8847.9, Diff: 0.3]
      [Ext Root Scanning (ms): Min: 0.0, Avg: 0.2, Max: 0.3, Diff: 0.3, Sum: 3.0]
      [Update RS (ms): Min: 2.3, Avg: 2.4, Max: 2.4, Diff: 0.1, Sum: 42.9]
         [Processed Buffers: Min: 7, Avg: 7.8, Max: 10, Diff: 3, Sum: 140]
      [Scan RS (ms): Min: 0.0, Avg: 0.1, Max: 0.2, Diff: 0.2, Sum: 1.2]
      [Code Root Scanning (ms): Min: 0.0, Avg: 0.0, Max: 0.0, Diff: 0.0, Sum: 0.0]
      [Object Copy (ms): Min: 13.9, Avg: 14.1, Max: 14.4, Diff: 0.5, Sum: 254.3]
      [Termination (ms): Min: 0.0, Avg: 0.3, Max: 0.5, Diff: 0.5, Sum: 5.3]
         [Termination Attempts: Min: 1, Avg: 1.0, Max: 1, Diff: 0, Sum: 18]
      [GC Worker Other (ms): Min: 0.0, Avg: 0.0, Max: 0.0, Diff: 0.0, Sum: 0.3]
      [GC Worker Total (ms): Min: 16.9, Avg: 17.1, Max: 17.2, Diff: 0.3, Sum: 307.0]
      [GC Worker End (ms): Min: 8864.8, Avg: 8864.8, Max: 8864.8, Diff: 0.0]
   [Code Root Fixup: 0.0 ms]
   [Code Root Purge: 0.0 ms]
   [Clear CT: 0.2 ms]
   [Other: 1.5 ms]
      [Choose CSet: 0.1 ms]
      [Ref Proc: 0.3 ms]
      [Ref Enq: 0.0 ms]
      [Redirty Cards: 0.3 ms]
      [Humongous Register: 0.2 ms]
      [Humongous Reclaim: 0.1 ms]
      [Free CSet: 0.4 ms]
   [Eden: 45.0M(45.0M)->0.0B(44.0M) Survivors: 6144.0K->7168.0K Heap: 655.4M(1024.0M)->537.7M(1024.0M)]
 [Times: user=0.29 sys=0.00, real=0.02 secs] 
8.882: [GC pause (G1 Evacuation Pause) (mixed), 0.0128107 secs]
   [Parallel Time: 11.4 ms, GC Workers: 18]
      [GC Worker Start (ms): Min: 8881.9, Avg: 8882.1, Max: 8882.2, Diff: 0.3]
      [Ext Root Scanning (ms): Min: 0.0, Avg: 0.2, Max: 0.3, Diff: 0.3, Sum: 2.7]
      [Update RS (ms): Min: 1.9, Avg: 2.1, Max: 2.2, Diff: 0.3, Sum: 38.0]
         [Processed Buffers: Min: 6, Avg: 6.8, Max: 8, Diff: 2, Sum: 122]
      [Scan RS (ms): Min: 0.0, Avg: 0.0, Max: 0.1, Diff: 0.1, Sum: 0.5]
      [Code Root Scanning (ms): Min: 0.0, Avg: 0.0, Max: 0.0, Diff: 0.0, Sum: 0.0]
      [Object Copy (ms): Min: 8.1, Avg: 8.4, Max: 8.7, Diff: 0.6, Sum: 151.3]
      [Termination (ms): Min: 0.0, Avg: 0.2, Max: 0.4, Diff: 0.4, Sum: 3.5]
         [Termination Attempts: Min: 1, Avg: 1.2, Max: 3, Diff: 2, Sum: 21]
      [GC Worker Other (ms): Min: 0.0, Avg: 0.0, Max: 0.1, Diff: 0.1, Sum: 0.5]
      [GC Worker Total (ms): Min: 10.8, Avg: 10.9, Max: 11.1, Diff: 0.3, Sum: 196.6]
      [GC Worker End (ms): Min: 8893.0, Avg: 8893.0, Max: 8893.0, Diff: 0.0]
   [Code Root Fixup: 0.0 ms]
   [Code Root Purge: 0.0 ms]
   [Clear CT: 0.2 ms]
   [Other: 1.2 ms]
      [Choose CSet: 0.0 ms]
      [Ref Proc: 0.2 ms]
      [Ref Enq: 0.0 ms]
      [Redirty Cards: 0.3 ms]
      [Humongous Register: 0.3 ms]
      [Humongous Reclaim: 0.1 ms]
      [Free CSet: 0.2 ms]
   [Eden: 44.0M(44.0M)->0.0B(248.0M) Survivors: 7168.0K->7168.0K Heap: 594.6M(1024.0M)->534.3M(1024.0M)]
 [Times: user=0.19 sys=0.01, real=0.01 secs] 
8.895: [GC pause (G1 Humongous Allocation) (young) (initial-mark), 0.0035966 secs]
   [Parallel Time: 2.5 ms, GC Workers: 18]
      [GC Worker Start (ms): Min: 8895.5, Avg: 8895.6, Max: 8895.8, Diff: 0.3]
      [Ext Root Scanning (ms): Min: 0.0, Avg: 0.2, Max: 0.3, Diff: 0.3, Sum: 3.6]
      [Update RS (ms): Min: 0.1, Avg: 0.2, Max: 0.9, Diff: 0.8, Sum: 4.2]
         [Processed Buffers: Min: 0, Avg: 1.0, Max: 2, Diff: 2, Sum: 18]
      [Scan RS (ms): Min: 0.0, Avg: 0.0, Max: 0.0, Diff: 0.0, Sum: 0.1]
      [Code Root Scanning (ms): Min: 0.0, Avg: 0.0, Max: 0.0, Diff: 0.0, Sum: 0.0]
      [Object Copy (ms): Min: 0.6, Avg: 1.4, Max: 1.8, Diff: 1.2, Sum: 25.9]
      [Termination (ms): Min: 0.0, Avg: 0.2, Max: 0.5, Diff: 0.5, Sum: 4.3]
         [Termination Attempts: Min: 1, Avg: 1.0, Max: 1, Diff: 0, Sum: 18]
      [GC Worker Other (ms): Min: 0.0, Avg: 0.0, Max: 0.0, Diff: 0.0, Sum: 0.3]
      [GC Worker Total (ms): Min: 2.0, Avg: 2.1, Max: 2.3, Diff: 0.3, Sum: 38.2]
      [GC Worker End (ms): Min: 8897.8, Avg: 8897.8, Max: 8897.8, Diff: 0.0]
   [Code Root Fixup: 0.0 ms]
   [Code Root Purge: 0.0 ms]
   [Clear CT: 0.2 ms]
   [Other: 0.9 ms]
      [Choose CSet: 0.0 ms]
      [Ref Proc: 0.3 ms]
      [Ref Enq: 0.0 ms]
      [Redirty Cards: 0.2 ms]
      [Humongous Register: 0.2 ms]
      [Humongous Reclaim: 0.0 ms]
      [Free CSet: 0.0 ms]
   [Eden: 3072.0K(248.0M)->0.0B(257.0M) Survivors: 7168.0K->7168.0K Heap: 536.4M(1024.0M)->534.2M(1024.0M)]
 [Times: user=0.04 sys=0.00, real=0.00 secs] 
8.899: [GC concurrent-root-region-scan-start]
8.899: [GC concurrent-root-region-scan-end, 0.0001803 secs]
8.899: [GC concurrent-mark-start]
8.901: [GC concurrent-mark-end, 0.0015265 secs]
8.901: [GC remark 8.901: [Finalize Marking, 0.0003009 secs] 8.901: [GC ref-proc, 0.0004102 secs] 8.901: [Unloading, 0.0008762 secs], 0.0024131 secs]
 [Times: user=0.02 sys=0.00, real=0.00 secs] 
8.903: [GC cleanup 541M->536M(1024M), 0.0015567 secs]
 [Times: user=0.01 sys=0.00, real=0.00 secs] 
8.905: [GC concurrent-cleanup-start]
8.905: [GC concurrent-cleanup-end, 0.0000352 secs]
9.004: [GC pause (G1 Evacuation Pause) (young) (to-space exhausted), 0.0357163 secs]
   [Parallel Time: 33.3 ms, GC Workers: 18]
      [GC Worker Start (ms): Min: 9004.0, Avg: 9004.2, Max: 9004.3, Diff: 0.3]
      [Ext Root Scanning (ms): Min: 0.1, Avg: 0.2, Max: 0.3, Diff: 0.3, Sum: 3.4]
      [Update RS (ms): Min: 14.9, Avg: 15.2, Max: 15.4, Diff: 0.4, Sum: 272.7]
         [Processed Buffers: Min: 28, Avg: 34.6, Max: 43, Diff: 15, Sum: 623]
      [Scan RS (ms): Min: 0.0, Avg: 0.1, Max: 0.2, Diff: 0.2, Sum: 1.3]
      [Code Root Scanning (ms): Min: 0.0, Avg: 0.0, Max: 0.0, Diff: 0.0, Sum: 0.0]
      [Object Copy (ms): Min: 17.1, Avg: 17.4, Max: 17.6, Diff: 0.5, Sum: 313.4]
      [Termination (ms): Min: 0.0, Avg: 0.1, Max: 0.1, Diff: 0.1, Sum: 1.0]
         [Termination Attempts: Min: 1, Avg: 1.0, Max: 1, Diff: 0, Sum: 18]
      [GC Worker Other (ms): Min: 0.0, Avg: 0.0, Max: 0.1, Diff: 0.1, Sum: 0.6]
      [GC Worker Total (ms): Min: 32.8, Avg: 32.9, Max: 33.1, Diff: 0.3, Sum: 592.4]
      [GC Worker End (ms): Min: 9037.1, Avg: 9037.1, Max: 9037.1, Diff: 0.1]
   [Code Root Fixup: 0.0 ms]
   [Code Root Purge: 0.0 ms]
   [Clear CT: 0.3 ms]
   [Other: 2.2 ms]
      [Evacuation Failure: 0.5 ms]
      [Choose CSet: 0.0 ms]
      [Ref Proc: 0.3 ms]
      [Ref Enq: 0.0 ms]
      [Redirty Cards: 0.3 ms]
      [Humongous Register: 0.3 ms]
      [Humongous Reclaim: 0.3 ms]
      [Free CSet: 0.3 ms]
   [Eden: 257.0M(257.0M)->0.0B(18.0M) Survivors: 7168.0K->33.0M Heap: 862.5M(1024.0M)->698.6M(1024.0M)]
 [Times: user=0.56 sys=0.01, real=0.03 secs] 
9.046: [GC pause (G1 Evacuation Pause) (mixed), 0.0169087 secs]
   [Parallel Time: 15.1 ms, GC Workers: 18]
      [GC Worker Start (ms): Min: 9046.2, Avg: 9046.5, Max: 9046.7, Diff: 0.4]
      [Ext Root Scanning (ms): Min: 0.0, Avg: 0.2, Max: 0.4, Diff: 0.4, Sum: 2.9]
      [Update RS (ms): Min: 0.5, Avg: 0.6, Max: 0.7, Diff: 0.2, Sum: 10.2]
         [Processed Buffers: Min: 2, Avg: 2.8, Max: 8, Diff: 6, Sum: 51]
      [Scan RS (ms): Min: 0.0, Avg: 0.1, Max: 1.0, Diff: 1.0, Sum: 2.0]
      [Code Root Scanning (ms): Min: 0.0, Avg: 0.0, Max: 0.0, Diff: 0.0, Sum: 0.0]
      [Object Copy (ms): Min: 12.7, Avg: 13.6, Max: 13.8, Diff: 1.1, Sum: 244.2]
      [Termination (ms): Min: 0.0, Avg: 0.2, Max: 0.3, Diff: 0.3, Sum: 2.8]
         [Termination Attempts: Min: 1, Avg: 1.1, Max: 2, Diff: 1, Sum: 19]
      [GC Worker Other (ms): Min: 0.0, Avg: 0.0, Max: 0.1, Diff: 0.0, Sum: 0.5]
      [GC Worker Total (ms): Min: 14.4, Avg: 14.6, Max: 14.8, Diff: 0.4, Sum: 262.6]
      [GC Worker End (ms): Min: 9061.1, Avg: 9061.1, Max: 9061.1, Diff: 0.0]
   [Code Root Fixup: 0.0 ms]
   [Code Root Purge: 0.0 ms]
   [Clear CT: 0.2 ms]
   [Other: 1.6 ms]
      [Choose CSet: 0.1 ms]
      [Ref Proc: 0.3 ms]
      [Ref Enq: 0.0 ms]
      [Redirty Cards: 0.3 ms]
      [Humongous Register: 0.3 ms]
      [Humongous Reclaim: 0.1 ms]
      [Free CSet: 0.4 ms]
   [Eden: 18.0M(18.0M)->0.0B(46.0M) Survivors: 33.0M->5120.0K Heap: 719.0M(1024.0M)->618.5M(1024.0M)]
 [Times: user=0.25 sys=0.01, real=0.02 secs] 
9.083: [GC pause (G1 Evacuation Pause) (mixed), 0.0165842 secs]
   [Parallel Time: 14.9 ms, GC Workers: 18]
      [GC Worker Start (ms): Min: 9083.9, Avg: 9084.1, Max: 9084.4, Diff: 0.5]
      [Ext Root Scanning (ms): Min: 0.0, Avg: 0.1, Max: 0.3, Diff: 0.3, Sum: 2.1]
      [Update RS (ms): Min: 2.4, Avg: 2.7, Max: 2.9, Diff: 0.5, Sum: 49.3]
         [Processed Buffers: Min: 7, Avg: 8.7, Max: 10, Diff: 3, Sum: 156]
      [Scan RS (ms): Min: 0.0, Avg: 0.1, Max: 0.2, Diff: 0.2, Sum: 0.9]
      [Code Root Scanning (ms): Min: 0.0, Avg: 0.0, Max: 0.0, Diff: 0.0, Sum: 0.0]
      [Object Copy (ms): Min: 11.2, Avg: 11.3, Max: 11.5, Diff: 0.3, Sum: 203.6]
      [Termination (ms): Min: 0.0, Avg: 0.2, Max: 0.2, Diff: 0.2, Sum: 2.8]
         [Termination Attempts: Min: 1, Avg: 1.0, Max: 1, Diff: 0, Sum: 18]
      [GC Worker Other (ms): Min: 0.0, Avg: 0.0, Max: 0.0, Diff: 0.0, Sum: 0.5]
      [GC Worker Total (ms): Min: 14.1, Avg: 14.4, Max: 14.6, Diff: 0.5, Sum: 259.3]
      [GC Worker End (ms): Min: 9098.5, Avg: 9098.5, Max: 9098.5, Diff: 0.0]
   [Code Root Fixup: 0.0 ms]
   [Code Root Purge: 0.0 ms]
   [Clear CT: 0.2 ms]
   [Other: 1.4 ms]
      [Choose CSet: 0.1 ms]
      [Ref Proc: 0.2 ms]
      [Ref Enq: 0.0 ms]
      [Redirty Cards: 0.3 ms]
      [Humongous Register: 0.3 ms]
      [Humongous Reclaim: 0.1 ms]
      [Free CSet: 0.3 ms]
   [Eden: 46.0M(46.0M)->0.0B(212.0M) Survivors: 5120.0K->7168.0K Heap: 681.5M(1024.0M)->590.3M(1024.0M)]
 [Times: user=0.24 sys=0.01, real=0.02 secs] 
9.101: [GC pause (G1 Humongous Allocation) (young) (initial-mark), 0.0037095 secs]
   [Parallel Time: 2.6 ms, GC Workers: 18]
      [GC Worker Start (ms): Min: 9101.1, Avg: 9101.3, Max: 9101.4, Diff: 0.3]
      [Ext Root Scanning (ms): Min: 0.0, Avg: 0.2, Max: 0.3, Diff: 0.3, Sum: 3.1]
      [Update RS (ms): Min: 0.1, Avg: 0.4, Max: 1.8, Diff: 1.7, Sum: 6.8]
         [Processed Buffers: Min: 0, Avg: 1.1, Max: 2, Diff: 2, Sum: 19]
      [Scan RS (ms): Min: 0.0, Avg: 0.0, Max: 0.0, Diff: 0.0, Sum: 0.1]
      [Code Root Scanning (ms): Min: 0.0, Avg: 0.0, Max: 0.0, Diff: 0.0, Sum: 0.0]
      [Object Copy (ms): Min: 0.0, Avg: 1.3, Max: 1.9, Diff: 1.9, Sum: 23.3]
      [Termination (ms): Min: 0.0, Avg: 0.4, Max: 0.7, Diff: 0.7, Sum: 6.8]
         [Termination Attempts: Min: 1, Avg: 1.5, Max: 4, Diff: 3, Sum: 27]
      [GC Worker Other (ms): Min: 0.0, Avg: 0.0, Max: 0.0, Diff: 0.0, Sum: 0.3]
      [GC Worker Total (ms): Min: 2.1, Avg: 2.2, Max: 2.4, Diff: 0.3, Sum: 40.4]
      [GC Worker End (ms): Min: 9103.5, Avg: 9103.5, Max: 9103.5, Diff: 0.0]
   [Code Root Fixup: 0.0 ms]
   [Code Root Purge: 0.0 ms]
   [Clear CT: 0.2 ms]
   [Other: 0.9 ms]
      [Choose CSet: 0.0 ms]
      [Ref Proc: 0.3 ms]
      [Ref Enq: 0.0 ms]
      [Redirty Cards: 0.2 ms]
      [Humongous Register: 0.2 ms]
      [Humongous Reclaim: 0.0 ms]
      [Free CSet: 0.0 ms]
   [Eden: 2048.0K(212.0M)->0.0B(209.0M) Survivors: 7168.0K->8192.0K Heap: 591.6M(1024.0M)->590.9M(1024.0M)]
 [Times: user=0.05 sys=0.00, real=0.00 secs] 
9.105: [GC concurrent-root-region-scan-start]
9.105: [GC concurrent-root-region-scan-end, 0.0001593 secs]
9.105: [GC concurrent-mark-start]
9.106: [GC concurrent-mark-end, 0.0014787 secs]
9.106: [GC remark 9.106: [Finalize Marking, 0.0002752 secs] 9.107: [GC ref-proc, 0.0004246 secs] 9.107: [Unloading, 0.0009739 secs], 0.0026483 secs]
 [Times: user=0.03 sys=0.00, real=0.00 secs] 
9.109: [GC cleanup 597M->591M(1024M), 0.0017483 secs]
 [Times: user=0.01 sys=0.01, real=0.01 secs] 
9.111: [GC concurrent-cleanup-start]
9.111: [GC concurrent-cleanup-end, 0.0000308 secs]
9.187: [GC pause (G1 Evacuation Pause) (young), 0.0306752 secs]
   [Parallel Time: 28.7 ms, GC Workers: 18]
      [GC Worker Start (ms): Min: 9187.1, Avg: 9187.4, Max: 9187.7, Diff: 0.5]
      [Ext Root Scanning (ms): Min: 0.0, Avg: 0.1, Max: 0.4, Diff: 0.4, Sum: 2.5]
      [Update RS (ms): Min: 7.6, Avg: 8.0, Max: 8.2, Diff: 0.6, Sum: 143.8]
         [Processed Buffers: Min: 21, Avg: 23.2, Max: 25, Diff: 4, Sum: 417]
      [Scan RS (ms): Min: 0.0, Avg: 0.1, Max: 0.5, Diff: 0.5, Sum: 1.5]
      [Code Root Scanning (ms): Min: 0.0, Avg: 0.0, Max: 0.0, Diff: 0.0, Sum: 0.0]
      [Object Copy (ms): Min: 19.0, Avg: 19.7, Max: 20.2, Diff: 1.2, Sum: 354.1]
      [Termination (ms): Min: 0.0, Avg: 0.3, Max: 0.6, Diff: 0.6, Sum: 6.0]
         [Termination Attempts: Min: 1, Avg: 1.0, Max: 1, Diff: 0, Sum: 18]
      [GC Worker Other (ms): Min: 0.0, Avg: 0.0, Max: 0.1, Diff: 0.1, Sum: 0.9]
      [GC Worker Total (ms): Min: 28.0, Avg: 28.3, Max: 28.5, Diff: 0.5, Sum: 508.9]
      [GC Worker End (ms): Min: 9215.6, Avg: 9215.7, Max: 9215.7, Diff: 0.1]
   [Code Root Fixup: 0.0 ms]
   [Code Root Purge: 0.0 ms]
   [Clear CT: 0.2 ms]
   [Other: 1.7 ms]
      [Choose CSet: 0.0 ms]
      [Ref Proc: 0.3 ms]
      [Ref Enq: 0.0 ms]
      [Redirty Cards: 0.3 ms]
      [Humongous Register: 0.3 ms]
      [Humongous Reclaim: 0.3 ms]
      [Free CSet: 0.3 ms]
   [Eden: 209.0M(209.0M)->0.0B(23.0M) Survivors: 8192.0K->28.0M Heap: 845.1M(1024.0M)->633.8M(1024.0M)]
 [Times: user=0.50 sys=0.01, real=0.03 secs] 
9.227: [GC pause (G1 Evacuation Pause) (mixed), 0.0170631 secs]
   [Parallel Time: 15.3 ms, GC Workers: 18]
      [GC Worker Start (ms): Min: 9227.1, Avg: 9227.4, Max: 9227.6, Diff: 0.5]
      [Ext Root Scanning (ms): Min: 0.0, Avg: 0.1, Max: 0.4, Diff: 0.4, Sum: 2.4]
      [Update RS (ms): Min: 0.8, Avg: 1.0, Max: 1.2, Diff: 0.3, Sum: 18.5]
         [Processed Buffers: Min: 2, Avg: 3.6, Max: 6, Diff: 4, Sum: 65]
      [Scan RS (ms): Min: 0.0, Avg: 0.1, Max: 0.1, Diff: 0.1, Sum: 0.9]
      [Code Root Scanning (ms): Min: 0.0, Avg: 0.0, Max: 0.0, Diff: 0.0, Sum: 0.0]
      [Object Copy (ms): Min: 12.9, Avg: 13.3, Max: 13.7, Diff: 0.8, Sum: 239.1]
      [Termination (ms): Min: 0.0, Avg: 0.3, Max: 0.5, Diff: 0.5, Sum: 4.9]
         [Termination Attempts: Min: 1, Avg: 1.4, Max: 4, Diff: 3, Sum: 25]
      [GC Worker Other (ms): Min: 0.0, Avg: 0.0, Max: 0.1, Diff: 0.1, Sum: 0.7]
      [GC Worker Total (ms): Min: 14.6, Avg: 14.8, Max: 15.1, Diff: 0.5, Sum: 266.6]
      [GC Worker End (ms): Min: 9242.2, Avg: 9242.2, Max: 9242.2, Diff: 0.0]
   [Code Root Fixup: 0.0 ms]
   [Code Root Purge: 0.0 ms]
   [Clear CT: 0.2 ms]
   [Other: 1.5 ms]
      [Choose CSet: 0.1 ms]
      [Ref Proc: 0.4 ms]
      [Ref Enq: 0.0 ms]
      [Redirty Cards: 0.2 ms]
      [Humongous Register: 0.3 ms]
      [Humongous Reclaim: 0.1 ms]
      [Free CSet: 0.4 ms]
   [Eden: 23.0M(23.0M)->0.0B(44.0M) Survivors: 28.0M->7168.0K Heap: 662.8M(1024.0M)->549.2M(1024.0M)]
 [Times: user=0.26 sys=0.01, real=0.02 secs] 
9.259: [GC pause (G1 Evacuation Pause) (mixed), 0.0193888 secs]
   [Parallel Time: 17.8 ms, GC Workers: 18]
      [GC Worker Start (ms): Min: 9259.7, Avg: 9260.0, Max: 9260.2, Diff: 0.5]
      [Ext Root Scanning (ms): Min: 0.0, Avg: 0.1, Max: 0.4, Diff: 0.4, Sum: 2.2]
      [Update RS (ms): Min: 1.5, Avg: 1.6, Max: 1.7, Diff: 0.2, Sum: 28.6]
         [Processed Buffers: Min: 4, Avg: 5.6, Max: 7, Diff: 3, Sum: 100]
      [Scan RS (ms): Min: 0.0, Avg: 0.1, Max: 0.2, Diff: 0.2, Sum: 1.0]
      [Code Root Scanning (ms): Min: 0.0, Avg: 0.0, Max: 0.0, Diff: 0.0, Sum: 0.0]
      [Object Copy (ms): Min: 15.0, Avg: 15.3, Max: 15.5, Diff: 0.4, Sum: 274.9]
      [Termination (ms): Min: 0.0, Avg: 0.2, Max: 0.4, Diff: 0.4, Sum: 4.1]
         [Termination Attempts: Min: 1, Avg: 1.0, Max: 1, Diff: 0, Sum: 18]
      [GC Worker Other (ms): Min: 0.0, Avg: 0.0, Max: 0.0, Diff: 0.0, Sum: 0.3]
      [GC Worker Total (ms): Min: 17.1, Avg: 17.3, Max: 17.6, Diff: 0.5, Sum: 311.1]
      [GC Worker End (ms): Min: 9277.3, Avg: 9277.3, Max: 9277.3, Diff: 0.0]
   [Code Root Fixup: 0.0 ms]
   [Code Root Purge: 0.0 ms]
   [Clear CT: 0.3 ms]
   [Other: 1.4 ms]
      [Choose CSet: 0.1 ms]
      [Ref Proc: 0.2 ms]
      [Ref Enq: 0.0 ms]
      [Redirty Cards: 0.3 ms]
      [Humongous Register: 0.3 ms]
      [Humongous Reclaim: 0.1 ms]
      [Free CSet: 0.3 ms]
   [Eden: 44.0M(44.0M)->0.0B(44.0M) Survivors: 7168.0K->7168.0K Heap: 603.2M(1024.0M)->497.0M(1024.0M)]
 [Times: user=0.30 sys=0.01, real=0.02 secs] 
9.295: [GC pause (G1 Evacuation Pause) (mixed), 0.0137431 secs]
   [Parallel Time: 12.2 ms, GC Workers: 18]
      [GC Worker Start (ms): Min: 9295.5, Avg: 9295.7, Max: 9295.9, Diff: 0.4]
      [Ext Root Scanning (ms): Min: 0.0, Avg: 0.2, Max: 0.4, Diff: 0.3, Sum: 3.0]
      [Update RS (ms): Min: 2.0, Avg: 2.1, Max: 2.2, Diff: 0.3, Sum: 38.2]
         [Processed Buffers: Min: 5, Avg: 6.7, Max: 9, Diff: 4, Sum: 120]
      [Scan RS (ms): Min: 0.0, Avg: 0.0, Max: 0.1, Diff: 0.1, Sum: 0.6]
      [Code Root Scanning (ms): Min: 0.0, Avg: 0.0, Max: 0.0, Diff: 0.0, Sum: 0.0]
      [Object Copy (ms): Min: 8.9, Avg: 9.2, Max: 9.5, Diff: 0.5, Sum: 165.1]
      [Termination (ms): Min: 0.0, Avg: 0.3, Max: 0.5, Diff: 0.5, Sum: 4.7]
         [Termination Attempts: Min: 1, Avg: 1.0, Max: 1, Diff: 0, Sum: 18]
      [GC Worker Other (ms): Min: 0.0, Avg: 0.0, Max: 0.1, Diff: 0.0, Sum: 0.4]
      [GC Worker Total (ms): Min: 11.6, Avg: 11.8, Max: 12.0, Diff: 0.4, Sum: 212.0]
      [GC Worker End (ms): Min: 9307.5, Avg: 9307.5, Max: 9307.5, Diff: 0.0]
   [Code Root Fixup: 0.0 ms]
   [Code Root Purge: 0.0 ms]
   [Clear CT: 0.2 ms]
   [Other: 1.3 ms]
      [Choose CSet: 0.0 ms]
      [Ref Proc: 0.3 ms]
      [Ref Enq: 0.0 ms]
      [Redirty Cards: 0.3 ms]
      [Humongous Register: 0.3 ms]
      [Humongous Reclaim: 0.1 ms]
      [Free CSet: 0.1 ms]
   [Eden: 44.0M(44.0M)->0.0B(280.0M) Survivors: 7168.0K->7168.0K Heap: 553.5M(1024.0M)->498.7M(1024.0M)]
 [Times: user=0.20 sys=0.00, real=0.01 secs] 
9.310: [GC pause (G1 Humongous Allocation) (young) (initial-mark), 0.0035361 secs]
   [Parallel Time: 2.4 ms, GC Workers: 18]
      [GC Worker Start (ms): Min: 9310.1, Avg: 9310.3, Max: 9310.4, Diff: 0.2]
      [Ext Root Scanning (ms): Min: 0.1, Avg: 0.2, Max: 0.3, Diff: 0.2, Sum: 3.4]
      [Update RS (ms): Min: 0.1, Avg: 0.3, Max: 1.4, Diff: 1.4, Sum: 5.0]
         [Processed Buffers: Min: 0, Avg: 1.1, Max: 2, Diff: 2, Sum: 19]
      [Scan RS (ms): Min: 0.0, Avg: 0.0, Max: 0.0, Diff: 0.0, Sum: 0.1]
      [Code Root Scanning (ms): Min: 0.0, Avg: 0.0, Max: 0.0, Diff: 0.0, Sum: 0.0]
      [Object Copy (ms): Min: 0.0, Avg: 1.2, Max: 1.8, Diff: 1.8, Sum: 20.9]
      [Termination (ms): Min: 0.0, Avg: 0.4, Max: 0.9, Diff: 0.9, Sum: 7.5]
         [Termination Attempts: Min: 1, Avg: 1.1, Max: 2, Diff: 1, Sum: 19]
      [GC Worker Other (ms): Min: 0.0, Avg: 0.0, Max: 0.0, Diff: 0.0, Sum: 0.3]
      [GC Worker Total (ms): Min: 2.0, Avg: 2.1, Max: 2.2, Diff: 0.2, Sum: 37.2]
      [GC Worker End (ms): Min: 9312.3, Avg: 9312.3, Max: 9312.3, Diff: 0.0]
   [Code Root Fixup: 0.0 ms]
   [Code Root Purge: 0.0 ms]
   [Clear CT: 0.2 ms]
   [Other: 0.9 ms]
      [Choose CSet: 0.0 ms]
      [Ref Proc: 0.3 ms]
      [Ref Enq: 0.0 ms]
      [Redirty Cards: 0.2 ms]
      [Humongous Register: 0.2 ms]
      [Humongous Reclaim: 0.0 ms]
      [Free CSet: 0.0 ms]
   [Eden: 2048.0K(280.0M)->0.0B(259.0M) Survivors: 7168.0K->7168.0K Heap: 500.7M(1024.0M)->498.0M(1024.0M)]
 [Times: user=0.04 sys=0.00, real=0.00 secs] 
9.313: [GC concurrent-root-region-scan-start]
9.314: [GC concurrent-root-region-scan-end, 0.0001341 secs]
9.314: [GC concurrent-mark-start]
9.315: [GC concurrent-mark-end, 0.0015049 secs]
9.315: [GC remark 9.315: [Finalize Marking, 0.0002729 secs] 9.316: [GC ref-proc, 0.0004195 secs] 9.316: [Unloading, 0.0009378 secs], 0.0025249 secs]
 [Times: user=0.02 sys=0.01, real=0.00 secs] 
9.318: [GC cleanup 505M->500M(1024M), 0.0019872 secs]
 [Times: user=0.02 sys=0.00, real=0.01 secs] 
9.320: [GC concurrent-cleanup-start]
9.320: [GC concurrent-cleanup-end, 0.0000549 secs]
9.414: [GC pause (G1 Evacuation Pause) (young), 0.0391451 secs]
   [Parallel Time: 37.1 ms, GC Workers: 18]
      [GC Worker Start (ms): Min: 9414.5, Avg: 9414.7, Max: 9414.9, Diff: 0.4]
      [Ext Root Scanning (ms): Min: 0.0, Avg: 0.2, Max: 0.4, Diff: 0.4, Sum: 3.8]
      [Update RS (ms): Min: 11.4, Avg: 11.5, Max: 11.6, Diff: 0.2, Sum: 206.5]
         [Processed Buffers: Min: 30, Avg: 33.6, Max: 38, Diff: 8, Sum: 604]
      [Scan RS (ms): Min: 0.0, Avg: 0.1, Max: 0.1, Diff: 0.1, Sum: 1.0]
      [Code Root Scanning (ms): Min: 0.0, Avg: 0.0, Max: 0.0, Diff: 0.0, Sum: 0.0]
      [Object Copy (ms): Min: 24.5, Avg: 24.7, Max: 24.9, Diff: 0.5, Sum: 443.8]
      [Termination (ms): Min: 0.0, Avg: 0.3, Max: 0.5, Diff: 0.5, Sum: 5.0]
         [Termination Attempts: Min: 1, Avg: 1.0, Max: 1, Diff: 0, Sum: 18]
      [GC Worker Other (ms): Min: 0.0, Avg: 0.0, Max: 0.1, Diff: 0.1, Sum: 0.8]
      [GC Worker Total (ms): Min: 36.5, Avg: 36.7, Max: 36.9, Diff: 0.4, Sum: 660.9]
      [GC Worker End (ms): Min: 9451.4, Avg: 9451.4, Max: 9451.4, Diff: 0.1]
   [Code Root Fixup: 0.0 ms]
   [Code Root Purge: 0.0 ms]
   [Clear CT: 0.4 ms]
   [Other: 1.7 ms]
      [Choose CSet: 0.0 ms]
      [Ref Proc: 0.3 ms]
      [Ref Enq: 0.0 ms]
      [Redirty Cards: 0.2 ms]
      [Humongous Register: 0.3 ms]
      [Humongous Reclaim: 0.4 ms]
      [Free CSet: 0.3 ms]
   [Eden: 259.0M(259.0M)->0.0B(17.0M) Survivors: 7168.0K->34.0M Heap: 825.9M(1024.0M)->564.5M(1024.0M)]
 [Times: user=0.65 sys=0.01, real=0.04 secs] 
9.459: [GC pause (G1 Evacuation Pause) (mixed), 0.0213015 secs]
   [Parallel Time: 19.4 ms, GC Workers: 18]
      [GC Worker Start (ms): Min: 9459.4, Avg: 9459.6, Max: 9459.9, Diff: 0.4]
      [Ext Root Scanning (ms): Min: 0.0, Avg: 0.1, Max: 0.3, Diff: 0.3, Sum: 2.0]
      [Update RS (ms): Min: 0.4, Avg: 0.6, Max: 0.8, Diff: 0.5, Sum: 11.5]
         [Processed Buffers: Min: 1, Avg: 2.8, Max: 7, Diff: 6, Sum: 50]
      [Scan RS (ms): Min: 0.0, Avg: 0.1, Max: 0.3, Diff: 0.3, Sum: 1.8]
      [Code Root Scanning (ms): Min: 0.0, Avg: 0.0, Max: 0.1, Diff: 0.1, Sum: 0.1]
      [Object Copy (ms): Min: 17.2, Avg: 17.7, Max: 18.2, Diff: 1.0, Sum: 318.2]
      [Termination (ms): Min: 0.0, Avg: 0.4, Max: 0.8, Diff: 0.8, Sum: 7.8]
         [Termination Attempts: Min: 1, Avg: 1.0, Max: 1, Diff: 0, Sum: 18]
      [GC Worker Other (ms): Min: 0.0, Avg: 0.0, Max: 0.0, Diff: 0.0, Sum: 0.5]
      [GC Worker Total (ms): Min: 18.8, Avg: 19.0, Max: 19.2, Diff: 0.4, Sum: 341.8]
      [GC Worker End (ms): Min: 9478.6, Avg: 9478.6, Max: 9478.7, Diff: 0.0]
   [Code Root Fixup: 0.0 ms]
   [Code Root Purge: 0.0 ms]
   [Clear CT: 0.3 ms]
   [Other: 1.5 ms]
      [Choose CSet: 0.1 ms]
      [Ref Proc: 0.3 ms]
      [Ref Enq: 0.0 ms]
      [Redirty Cards: 0.2 ms]
      [Humongous Register: 0.3 ms]
      [Humongous Reclaim: 0.1 ms]
      [Free CSet: 0.4 ms]
   [Eden: 17.0M(17.0M)->0.0B(44.0M) Survivors: 34.0M->7168.0K Heap: 585.3M(1024.0M)->495.4M(1024.0M)]
 [Times: user=0.32 sys=0.01, real=0.03 secs] 
9.497: [GC pause (G1 Evacuation Pause) (mixed), 0.0129049 secs]
   [Parallel Time: 11.6 ms, GC Workers: 18]
      [GC Worker Start (ms): Min: 9497.4, Avg: 9497.6, Max: 9497.7, Diff: 0.3]
      [Ext Root Scanning (ms): Min: 0.0, Avg: 0.2, Max: 0.3, Diff: 0.3, Sum: 3.5]
      [Update RS (ms): Min: 2.7, Avg: 2.9, Max: 3.1, Diff: 0.4, Sum: 52.5]
         [Processed Buffers: Min: 8, Avg: 8.8, Max: 10, Diff: 2, Sum: 158]
      [Scan RS (ms): Min: 0.0, Avg: 0.0, Max: 0.1, Diff: 0.1, Sum: 0.5]
      [Code Root Scanning (ms): Min: 0.0, Avg: 0.0, Max: 0.0, Diff: 0.0, Sum: 0.0]
      [Object Copy (ms): Min: 7.5, Avg: 7.9, Max: 8.2, Diff: 0.7, Sum: 141.4]
      [Termination (ms): Min: 0.0, Avg: 0.2, Max: 0.5, Diff: 0.5, Sum: 4.3]
         [Termination Attempts: Min: 1, Avg: 1.0, Max: 1, Diff: 0, Sum: 18]
      [GC Worker Other (ms): Min: 0.0, Avg: 0.0, Max: 0.1, Diff: 0.0, Sum: 0.6]
      [GC Worker Total (ms): Min: 11.1, Avg: 11.3, Max: 11.4, Diff: 0.3, Sum: 202.9]
      [GC Worker End (ms): Min: 9508.8, Avg: 9508.9, Max: 9508.9, Diff: 0.0]
   [Code Root Fixup: 0.0 ms]
   [Code Root Purge: 0.0 ms]
   [Clear CT: 0.3 ms]
   [Other: 1.0 ms]
      [Choose CSet: 0.0 ms]
      [Ref Proc: 0.3 ms]
      [Ref Enq: 0.0 ms]
      [Redirty Cards: 0.2 ms]
      [Humongous Register: 0.1 ms]
      [Humongous Reclaim: 0.1 ms]
      [Free CSet: 0.1 ms]
   [Eden: 44.0M(44.0M)->0.0B(246.0M) Survivors: 7168.0K->7168.0K Heap: 556.7M(1024.0M)->503.5M(1024.0M)]
 [Times: user=0.20 sys=0.01, real=0.02 secs] 
9.511: [GC pause (G1 Humongous Allocation) (young) (initial-mark), 0.0033576 secs]
   [Parallel Time: 2.2 ms, GC Workers: 18]
      [GC Worker Start (ms): Min: 9511.3, Avg: 9511.4, Max: 9511.6, Diff: 0.3]
      [Ext Root Scanning (ms): Min: 0.0, Avg: 0.2, Max: 0.5, Diff: 0.4, Sum: 4.3]
      [Update RS (ms): Min: 0.0, Avg: 0.2, Max: 1.1, Diff: 1.1, Sum: 3.7]
         [Processed Buffers: Min: 0, Avg: 1.1, Max: 3, Diff: 3, Sum: 19]
      [Scan RS (ms): Min: 0.0, Avg: 0.0, Max: 0.0, Diff: 0.0, Sum: 0.1]
      [Code Root Scanning (ms): Min: 0.0, Avg: 0.0, Max: 0.0, Diff: 0.0, Sum: 0.0]
      [Object Copy (ms): Min: 0.3, Avg: 1.2, Max: 1.5, Diff: 1.2, Sum: 20.7]
      [Termination (ms): Min: 0.0, Avg: 0.2, Max: 0.4, Diff: 0.4, Sum: 4.3]
         [Termination Attempts: Min: 1, Avg: 1.1, Max: 2, Diff: 1, Sum: 20]
      [GC Worker Other (ms): Min: 0.0, Avg: 0.0, Max: 0.0, Diff: 0.0, Sum: 0.3]
      [GC Worker Total (ms): Min: 1.7, Avg: 1.8, Max: 2.0, Diff: 0.3, Sum: 33.3]
      [GC Worker End (ms): Min: 9513.3, Avg: 9513.3, Max: 9513.3, Diff: 0.0]
   [Code Root Fixup: 0.0 ms]
   [Code Root Purge: 0.0 ms]
   [Clear CT: 0.2 ms]
   [Other: 0.9 ms]
      [Choose CSet: 0.0 ms]
      [Ref Proc: 0.2 ms]
      [Ref Enq: 0.0 ms]
      [Redirty Cards: 0.2 ms]
      [Humongous Register: 0.2 ms]
      [Humongous Reclaim: 0.0 ms]
      [Free CSet: 0.0 ms]
   [Eden: 2048.0K(246.0M)->0.0B(273.0M) Survivors: 7168.0K->7168.0K Heap: 504.8M(1024.0M)->502.8M(1024.0M)]
 [Times: user=0.03 sys=0.00, real=0.00 secs] 
9.514: [GC concurrent-root-region-scan-start]
9.515: [GC concurrent-root-region-scan-end, 0.0001654 secs]
9.515: [GC concurrent-mark-start]
9.517: [GC concurrent-mark-end, 0.0025597 secs]
9.517: [GC remark 9.517: [Finalize Marking, 0.0004207 secs] 9.518: [GC ref-proc, 0.0004119 secs] 9.518: [Unloading, 0.0009322 secs], 0.0026681 secs]
 [Times: user=0.03 sys=0.00, real=0.01 secs] 
9.520: [GC cleanup 513M->508M(1024M), 0.0017138 secs]
 [Times: user=0.01 sys=0.00, real=0.00 secs] 
9.522: [GC concurrent-cleanup-start]
9.522: [GC concurrent-cleanup-end, 0.0000338 secs]
9.622: [GC pause (G1 Evacuation Pause) (young) (to-space exhausted), 0.0374262 secs]
   [Parallel Time: 35.0 ms, GC Workers: 18]
      [GC Worker Start (ms): Min: 9622.5, Avg: 9622.6, Max: 9622.8, Diff: 0.3]
      [Ext Root Scanning (ms): Min: 0.0, Avg: 0.2, Max: 0.3, Diff: 0.3, Sum: 3.3]
      [Update RS (ms): Min: 12.8, Avg: 13.0, Max: 13.1, Diff: 0.3, Sum: 233.5]
         [Processed Buffers: Min: 32, Avg: 36.1, Max: 43, Diff: 11, Sum: 650]
      [Scan RS (ms): Min: 0.0, Avg: 0.0, Max: 0.2, Diff: 0.2, Sum: 0.8]
      [Code Root Scanning (ms): Min: 0.0, Avg: 0.0, Max: 0.0, Diff: 0.0, Sum: 0.0]
      [Object Copy (ms): Min: 21.3, Avg: 21.4, Max: 21.6, Diff: 0.2, Sum: 385.9]
      [Termination (ms): Min: 0.0, Avg: 0.1, Max: 0.1, Diff: 0.1, Sum: 1.1]
         [Termination Attempts: Min: 1, Avg: 1.1, Max: 2, Diff: 1, Sum: 19]
      [GC Worker Other (ms): Min: 0.0, Avg: 0.0, Max: 0.1, Diff: 0.1, Sum: 0.9]
      [GC Worker Total (ms): Min: 34.6, Avg: 34.7, Max: 34.9, Diff: 0.4, Sum: 625.4]
      [GC Worker End (ms): Min: 9657.3, Avg: 9657.4, Max: 9657.4, Diff: 0.1]
   [Code Root Fixup: 0.0 ms]
   [Code Root Purge: 0.0 ms]
   [Clear CT: 0.3 ms]
   [Other: 2.0 ms]
      [Evacuation Failure: 0.4 ms]
      [Choose CSet: 0.0 ms]
      [Ref Proc: 0.4 ms]
      [Ref Enq: 0.0 ms]
      [Redirty Cards: 0.2 ms]
      [Humongous Register: 0.3 ms]
      [Humongous Reclaim: 0.4 ms]
      [Free CSet: 0.3 ms]
   [Eden: 273.0M(273.0M)->0.0B(16.0M) Survivors: 7168.0K->35.0M Heap: 850.0M(1024.0M)->634.3M(1024.0M)]
 [Times: user=0.61 sys=0.01, real=0.03 secs] 
9.666: [GC pause (G1 Evacuation Pause) (mixed), 0.0216030 secs]
   [Parallel Time: 19.8 ms, GC Workers: 18]
      [GC Worker Start (ms): Min: 9666.1, Avg: 9666.2, Max: 9666.4, Diff: 0.4]
      [Ext Root Scanning (ms): Min: 0.0, Avg: 0.2, Max: 0.3, Diff: 0.3, Sum: 2.9]
      [Update RS (ms): Min: 1.0, Avg: 1.2, Max: 1.3, Diff: 0.2, Sum: 21.6]
         [Processed Buffers: Min: 3, Avg: 4.9, Max: 9, Diff: 6, Sum: 89]
      [Scan RS (ms): Min: 0.0, Avg: 0.1, Max: 0.3, Diff: 0.3, Sum: 1.5]
      [Code Root Scanning (ms): Min: 0.0, Avg: 0.0, Max: 0.0, Diff: 0.0, Sum: 0.0]
      [Object Copy (ms): Min: 17.2, Avg: 17.6, Max: 18.0, Diff: 0.8, Sum: 316.2]
      [Termination (ms): Min: 0.0, Avg: 0.4, Max: 0.6, Diff: 0.6, Sum: 6.7]
         [Termination Attempts: Min: 1, Avg: 1.0, Max: 1, Diff: 0, Sum: 18]
      [GC Worker Other (ms): Min: 0.0, Avg: 0.0, Max: 0.1, Diff: 0.1, Sum: 0.6]
      [GC Worker Total (ms): Min: 19.2, Avg: 19.4, Max: 19.6, Diff: 0.4, Sum: 349.7]
      [GC Worker End (ms): Min: 9685.6, Avg: 9685.6, Max: 9685.7, Diff: 0.0]
   [Code Root Fixup: 0.0 ms]
   [Code Root Purge: 0.0 ms]
   [Clear CT: 0.3 ms]
   [Other: 1.5 ms]
      [Choose CSet: 0.1 ms]
      [Ref Proc: 0.3 ms]
      [Ref Enq: 0.0 ms]
      [Redirty Cards: 0.3 ms]
      [Humongous Register: 0.2 ms]
      [Humongous Reclaim: 0.1 ms]
      [Free CSet: 0.4 ms]
   [Eden: 16.0M(16.0M)->0.0B(44.0M) Survivors: 35.0M->7168.0K Heap: 657.2M(1024.0M)->570.5M(1024.0M)]
 [Times: user=0.33 sys=0.02, real=0.02 secs] 
9.704: [GC pause (G1 Evacuation Pause) (mixed), 0.0135421 secs]
   [Parallel Time: 12.1 ms, GC Workers: 18]
      [GC Worker Start (ms): Min: 9704.8, Avg: 9704.9, Max: 9705.1, Diff: 0.3]
      [Ext Root Scanning (ms): Min: 0.0, Avg: 0.2, Max: 0.3, Diff: 0.3, Sum: 3.2]
      [Update RS (ms): Min: 2.8, Avg: 3.0, Max: 3.2, Diff: 0.4, Sum: 53.9]
         [Processed Buffers: Min: 8, Avg: 9.0, Max: 10, Diff: 2, Sum: 162]
      [Scan RS (ms): Min: 0.0, Avg: 0.0, Max: 0.1, Diff: 0.1, Sum: 0.5]
      [Code Root Scanning (ms): Min: 0.0, Avg: 0.0, Max: 0.0, Diff: 0.0, Sum: 0.0]
      [Object Copy (ms): Min: 7.8, Avg: 8.2, Max: 8.6, Diff: 0.8, Sum: 147.1]
      [Termination (ms): Min: 0.0, Avg: 0.3, Max: 0.5, Diff: 0.5, Sum: 5.4]
         [Termination Attempts: Min: 1, Avg: 1.1, Max: 2, Diff: 1, Sum: 19]
      [GC Worker Other (ms): Min: 0.0, Avg: 0.0, Max: 0.1, Diff: 0.0, Sum: 0.5]
      [GC Worker Total (ms): Min: 11.5, Avg: 11.7, Max: 11.9, Diff: 0.3, Sum: 210.6]
      [GC Worker End (ms): Min: 9716.6, Avg: 9716.6, Max: 9716.6, Diff: 0.0]
   [Code Root Fixup: 0.0 ms]
   [Code Root Purge: 0.0 ms]
   [Clear CT: 0.2 ms]
   [Other: 1.2 ms]
      [Choose CSet: 0.0 ms]
      [Ref Proc: 0.3 ms]
      [Ref Enq: 0.0 ms]
      [Redirty Cards: 0.2 ms]
      [Humongous Register: 0.3 ms]
      [Humongous Reclaim: 0.1 ms]
      [Free CSet: 0.1 ms]
   [Eden: 44.0M(44.0M)->0.0B(217.0M) Survivors: 7168.0K->7168.0K Heap: 632.3M(1024.0M)->572.2M(1024.0M)]
 [Times: user=0.20 sys=0.01, real=0.01 secs] 
9.721: [GC pause (G1 Humongous Allocation) (young) (initial-mark), 0.0049269 secs]
   [Parallel Time: 3.7 ms, GC Workers: 18]
      [GC Worker Start (ms): Min: 9721.7, Avg: 9722.0, Max: 9722.1, Diff: 0.4]
      [Ext Root Scanning (ms): Min: 0.0, Avg: 0.2, Max: 0.4, Diff: 0.4, Sum: 3.2]
      [Update RS (ms): Min: 0.0, Avg: 0.2, Max: 0.6, Diff: 0.6, Sum: 4.3]
         [Processed Buffers: Min: 0, Avg: 1.0, Max: 3, Diff: 3, Sum: 18]
      [Scan RS (ms): Min: 0.0, Avg: 0.0, Max: 0.0, Diff: 0.0, Sum: 0.2]
      [Code Root Scanning (ms): Min: 0.0, Avg: 0.0, Max: 0.0, Diff: 0.0, Sum: 0.0]
      [Object Copy (ms): Min: 2.1, Avg: 2.6, Max: 2.9, Diff: 0.8, Sum: 47.0]
      [Termination (ms): Min: 0.0, Avg: 0.2, Max: 0.4, Diff: 0.4, Sum: 3.6]
         [Termination Attempts: Min: 1, Avg: 1.0, Max: 1, Diff: 0, Sum: 18]
      [GC Worker Other (ms): Min: 0.0, Avg: 0.0, Max: 0.0, Diff: 0.0, Sum: 0.3]
      [GC Worker Total (ms): Min: 3.1, Avg: 3.3, Max: 3.5, Diff: 0.4, Sum: 58.7]
      [GC Worker End (ms): Min: 9725.2, Avg: 9725.2, Max: 9725.2, Diff: 0.0]
   [Code Root Fixup: 0.0 ms]
   [Code Root Purge: 0.0 ms]
   [Clear CT: 0.3 ms]
   [Other: 1.0 ms]
      [Choose CSet: 0.0 ms]
      [Ref Proc: 0.2 ms]
      [Ref Enq: 0.0 ms]
      [Redirty Cards: 0.2 ms]
      [Humongous Register: 0.2 ms]
      [Humongous Reclaim: 0.0 ms]
      [Free CSet: 0.0 ms]
   [Eden: 11.0M(217.0M)->0.0B(226.0M) Survivors: 7168.0K->10.0M Heap: 582.5M(1024.0M)->573.5M(1024.0M)]
 [Times: user=0.05 sys=0.00, real=0.00 secs] 
9.727: [GC concurrent-root-region-scan-start]
9.727: [GC concurrent-root-region-scan-end, 0.0002057 secs]
9.727: [GC concurrent-mark-start]
9.729: [GC concurrent-mark-end, 0.0023128 secs]
9.729: [GC remark 9.729: [Finalize Marking, 0.0003990 secs] 9.730: [GC ref-proc, 0.0004339 secs] 9.730: [Unloading, 0.0009030 secs], 0.0026001 secs]
 [Times: user=0.01 sys=0.01, real=0.01 secs] 
9.732: [GC cleanup 583M->575M(1024M), 0.0017764 secs]
 [Times: user=0.02 sys=0.00, real=0.00 secs] 
9.734: [GC concurrent-cleanup-start]
9.734: [GC concurrent-cleanup-end, 0.0000384 secs]
9.816: [GC pause (G1 Evacuation Pause) (young), 0.0313053 secs]
   [Parallel Time: 29.5 ms, GC Workers: 18]
      [GC Worker Start (ms): Min: 9816.4, Avg: 9816.5, Max: 9816.7, Diff: 0.3]
      [Ext Root Scanning (ms): Min: 0.0, Avg: 0.2, Max: 0.3, Diff: 0.3, Sum: 3.2]
      [Update RS (ms): Min: 7.7, Avg: 7.9, Max: 8.1, Diff: 0.3, Sum: 142.3]
         [Processed Buffers: Min: 22, Avg: 24.9, Max: 30, Diff: 8, Sum: 449]
      [Scan RS (ms): Min: 0.0, Avg: 0.1, Max: 0.1, Diff: 0.1, Sum: 1.2]
      [Code Root Scanning (ms): Min: 0.0, Avg: 0.0, Max: 0.0, Diff: 0.0, Sum: 0.0]
      [Object Copy (ms): Min: 20.3, Avg: 20.6, Max: 21.0, Diff: 0.7, Sum: 371.6]
      [Termination (ms): Min: 0.0, Avg: 0.3, Max: 0.5, Diff: 0.5, Sum: 5.2]
         [Termination Attempts: Min: 1, Avg: 1.2, Max: 2, Diff: 1, Sum: 21]
      [GC Worker Other (ms): Min: 0.0, Avg: 0.1, Max: 0.1, Diff: 0.1, Sum: 1.1]
      [GC Worker Total (ms): Min: 28.9, Avg: 29.1, Max: 29.3, Diff: 0.4, Sum: 524.4]
      [GC Worker End (ms): Min: 9845.6, Avg: 9845.7, Max: 9845.7, Diff: 0.1]
   [Code Root Fixup: 0.0 ms]
   [Code Root Purge: 0.0 ms]
   [Clear CT: 0.3 ms]
   [Other: 1.5 ms]
      [Choose CSet: 0.0 ms]
      [Ref Proc: 0.2 ms]
      [Ref Enq: 0.0 ms]
      [Redirty Cards: 0.2 ms]
      [Humongous Register: 0.3 ms]
      [Humongous Reclaim: 0.3 ms]
      [Free CSet: 0.3 ms]
   [Eden: 226.0M(226.0M)->0.0B(21.0M) Survivors: 10.0M->30.0M Heap: 845.6M(1024.0M)->626.3M(1024.0M)]
 [Times: user=0.52 sys=0.00, real=0.03 secs] 
9.855: [GC pause (G1 Evacuation Pause) (mixed), 0.0168674 secs]
   [Parallel Time: 15.1 ms, GC Workers: 18]
      [GC Worker Start (ms): Min: 9855.8, Avg: 9856.0, Max: 9856.2, Diff: 0.4]
      [Ext Root Scanning (ms): Min: 0.0, Avg: 0.2, Max: 0.4, Diff: 0.4, Sum: 2.8]
      [Update RS (ms): Min: 1.1, Avg: 1.3, Max: 1.4, Diff: 0.2, Sum: 22.6]
         [Processed Buffers: Min: 3, Avg: 4.4, Max: 5, Diff: 2, Sum: 79]
      [Scan RS (ms): Min: 0.0, Avg: 0.1, Max: 0.2, Diff: 0.2, Sum: 1.0]
      [Code Root Scanning (ms): Min: 0.0, Avg: 0.0, Max: 0.0, Diff: 0.0, Sum: 0.0]
      [Object Copy (ms): Min: 12.9, Avg: 13.0, Max: 13.1, Diff: 0.3, Sum: 233.4]
      [Termination (ms): Min: 0.0, Avg: 0.2, Max: 0.2, Diff: 0.2, Sum: 2.9]
         [Termination Attempts: Min: 1, Avg: 1.2, Max: 3, Diff: 2, Sum: 21]
      [GC Worker Other (ms): Min: 0.0, Avg: 0.0, Max: 0.0, Diff: 0.0, Sum: 0.3]
      [GC Worker Total (ms): Min: 14.4, Avg: 14.6, Max: 14.8, Diff: 0.4, Sum: 263.0]
      [GC Worker End (ms): Min: 9870.6, Avg: 9870.6, Max: 9870.6, Diff: 0.0]
   [Code Root Fixup: 0.0 ms]
   [Code Root Purge: 0.0 ms]
   [Clear CT: 0.2 ms]
   [Other: 1.5 ms]
      [Choose CSet: 0.1 ms]
      [Ref Proc: 0.3 ms]
      [Ref Enq: 0.0 ms]
      [Redirty Cards: 0.3 ms]
      [Humongous Register: 0.3 ms]
      [Humongous Reclaim: 0.1 ms]
      [Free CSet: 0.4 ms]
   [Eden: 21.0M(21.0M)->0.0B(44.0M) Survivors: 30.0M->7168.0K Heap: 654.8M(1024.0M)->544.3M(1024.0M)]
 [Times: user=0.25 sys=0.01, real=0.02 secs] 
9.887: [GC pause (G1 Evacuation Pause) (mixed), 0.0200850 secs]
   [Parallel Time: 18.3 ms, GC Workers: 18]
      [GC Worker Start (ms): Min: 9887.4, Avg: 9887.5, Max: 9887.8, Diff: 0.5]
      [Ext Root Scanning (ms): Min: 0.0, Avg: 0.1, Max: 0.3, Diff: 0.3, Sum: 2.1]
      [Update RS (ms): Min: 2.3, Avg: 2.4, Max: 2.5, Diff: 0.3, Sum: 44.1]
         [Processed Buffers: Min: 7, Avg: 7.9, Max: 9, Diff: 2, Sum: 143]
      [Scan RS (ms): Min: 0.0, Avg: 0.1, Max: 0.2, Diff: 0.2, Sum: 1.3]
      [Code Root Scanning (ms): Min: 0.0, Avg: 0.0, Max: 0.0, Diff: 0.0, Sum: 0.1]
      [Object Copy (ms): Min: 15.0, Avg: 15.1, Max: 15.2, Diff: 0.2, Sum: 271.7]
      [Termination (ms): Min: 0.0, Avg: 0.1, Max: 0.2, Diff: 0.2, Sum: 2.6]
         [Termination Attempts: Min: 1, Avg: 1.0, Max: 1, Diff: 0, Sum: 18]
      [GC Worker Other (ms): Min: 0.0, Avg: 0.0, Max: 0.0, Diff: 0.0, Sum: 0.3]
      [GC Worker Total (ms): Min: 17.6, Avg: 17.9, Max: 18.1, Diff: 0.5, Sum: 322.2]
      [GC Worker End (ms): Min: 9905.4, Avg: 9905.4, Max: 9905.5, Diff: 0.0]
   [Code Root Fixup: 0.0 ms]
   [Code Root Purge: 0.0 ms]
   [Clear CT: 0.3 ms]
   [Other: 1.5 ms]
      [Choose CSet: 0.1 ms]
      [Ref Proc: 0.2 ms]
      [Ref Enq: 0.0 ms]
      [Redirty Cards: 0.3 ms]
      [Humongous Register: 0.2 ms]
      [Humongous Reclaim: 0.1 ms]
      [Free CSet: 0.4 ms]
   [Eden: 44.0M(44.0M)->0.0B(289.0M) Survivors: 7168.0K->7168.0K Heap: 603.7M(1024.0M)->493.8M(1024.0M)]
 [Times: user=0.28 sys=0.01, real=0.02 secs] 
9.913: [GC pause (G1 Humongous Allocation) (young) (initial-mark), 0.0060836 secs]
   [Parallel Time: 4.8 ms, GC Workers: 18]
      [GC Worker Start (ms): Min: 9913.0, Avg: 9913.2, Max: 9913.4, Diff: 0.4]
      [Ext Root Scanning (ms): Min: 0.0, Avg: 0.2, Max: 0.4, Diff: 0.4, Sum: 3.4]
      [Update RS (ms): Min: 0.1, Avg: 0.4, Max: 1.4, Diff: 1.3, Sum: 7.3]
         [Processed Buffers: Min: 1, Avg: 1.1, Max: 2, Diff: 1, Sum: 19]
      [Scan RS (ms): Min: 0.0, Avg: 0.0, Max: 0.0, Diff: 0.0, Sum: 0.2]
      [Code Root Scanning (ms): Min: 0.0, Avg: 0.0, Max: 0.0, Diff: 0.0, Sum: 0.0]
      [Object Copy (ms): Min: 2.1, Avg: 3.2, Max: 3.9, Diff: 1.8, Sum: 57.7]
      [Termination (ms): Min: 0.0, Avg: 0.5, Max: 1.0, Diff: 1.0, Sum: 9.1]
         [Termination Attempts: Min: 1, Avg: 1.0, Max: 1, Diff: 0, Sum: 18]
      [GC Worker Other (ms): Min: 0.0, Avg: 0.0, Max: 0.0, Diff: 0.0, Sum: 0.4]
      [GC Worker Total (ms): Min: 4.2, Avg: 4.3, Max: 4.5, Diff: 0.4, Sum: 78.2]
      [GC Worker End (ms): Min: 9917.5, Avg: 9917.5, Max: 9917.5, Diff: 0.0]
   [Code Root Fixup: 0.0 ms]
   [Code Root Purge: 0.0 ms]
   [Clear CT: 0.2 ms]
   [Other: 1.1 ms]
      [Choose CSet: 0.0 ms]
      [Ref Proc: 0.3 ms]
      [Ref Enq: 0.0 ms]
      [Redirty Cards: 0.2 ms]
      [Humongous Register: 0.2 ms]
      [Humongous Reclaim: 0.0 ms]
      [Free CSet: 0.1 ms]
   [Eden: 17.0M(289.0M)->0.0B(290.0M) Survivors: 7168.0K->12.0M Heap: 510.1M(1024.0M)->497.8M(1024.0M)]
 [Times: user=0.07 sys=0.01, real=0.00 secs] 
9.919: [GC concurrent-root-region-scan-start]
9.919: [GC concurrent-root-region-scan-end, 0.0001987 secs]
9.919: [GC concurrent-mark-start]
9.921: [GC concurrent-mark-end, 0.0021838 secs]
9.921: [GC remark 9.921: [Finalize Marking, 0.0004375 secs] 9.922: [GC ref-proc, 0.0004246 secs] 9.922: [Unloading, 0.0010090 secs], 0.0027023 secs]
 [Times: user=0.03 sys=0.00, real=0.00 secs] 
9.924: [GC cleanup 506M->501M(1024M), 0.0017981 secs]
 [Times: user=0.01 sys=0.00, real=0.00 secs] 
9.926: [GC concurrent-cleanup-start]
9.926: [GC concurrent-cleanup-end, 0.0000291 secs]
10.032: [GC pause (G1 Evacuation Pause) (young) (to-space exhausted), 0.0390361 secs]
   [Parallel Time: 36.4 ms, GC Workers: 18]
      [GC Worker Start (ms): Min: 10032.3, Avg: 10032.5, Max: 10032.7, Diff: 0.4]
      [Ext Root Scanning (ms): Min: 0.0, Avg: 0.2, Max: 0.4, Diff: 0.4, Sum: 2.8]
      [Update RS (ms): Min: 13.0, Avg: 13.2, Max: 13.4, Diff: 0.4, Sum: 238.5]
         [Processed Buffers: Min: 23, Avg: 29.4, Max: 36, Diff: 13, Sum: 529]
      [Scan RS (ms): Min: 0.0, Avg: 0.1, Max: 0.2, Diff: 0.2, Sum: 1.7]
      [Code Root Scanning (ms): Min: 0.0, Avg: 0.0, Max: 0.0, Diff: 0.0, Sum: 0.0]
      [Object Copy (ms): Min: 22.0, Avg: 22.2, Max: 22.6, Diff: 0.7, Sum: 400.3]
      [Termination (ms): Min: 0.0, Avg: 0.2, Max: 0.3, Diff: 0.3, Sum: 4.0]
         [Termination Attempts: Min: 1, Avg: 1.0, Max: 1, Diff: 0, Sum: 18]
      [GC Worker Other (ms): Min: 0.0, Avg: 0.1, Max: 0.1, Diff: 0.1, Sum: 1.0]
      [GC Worker Total (ms): Min: 35.8, Avg: 36.0, Max: 36.3, Diff: 0.4, Sum: 648.3]
      [GC Worker End (ms): Min: 10068.5, Avg: 10068.5, Max: 10068.6, Diff: 0.1]
   [Code Root Fixup: 0.0 ms]
   [Code Root Purge: 0.0 ms]
   [Clear CT: 0.4 ms]
   [Other: 2.2 ms]
      [Evacuation Failure: 0.5 ms]
      [Choose CSet: 0.0 ms]
      [Ref Proc: 0.3 ms]
      [Ref Enq: 0.0 ms]
      [Redirty Cards: 0.3 ms]
      [Humongous Register: 0.3 ms]
      [Humongous Reclaim: 0.4 ms]
      [Free CSet: 0.4 ms]
   [Eden: 290.0M(290.0M)->0.0B(13.0M) Survivors: 12.0M->38.0M Heap: 846.8M(1024.0M)->609.7M(1024.0M)]
 [Times: user=0.63 sys=0.01, real=0.04 secs] 
10.076: [GC pause (G1 Evacuation Pause) (mixed), 0.0227495 secs]
   [Parallel Time: 21.1 ms, GC Workers: 18]
      [GC Worker Start (ms): Min: 10076.4, Avg: 10076.7, Max: 10077.0, Diff: 0.6]
      [Ext Root Scanning (ms): Min: 0.0, Avg: 0.2, Max: 0.5, Diff: 0.5, Sum: 3.2]
      [Update RS (ms): Min: 0.9, Avg: 1.1, Max: 1.3, Diff: 0.4, Sum: 19.9]
         [Processed Buffers: Min: 2, Avg: 4.6, Max: 7, Diff: 5, Sum: 82]
      [Scan RS (ms): Min: 0.0, Avg: 0.1, Max: 0.4, Diff: 0.4, Sum: 1.8]
      [Code Root Scanning (ms): Min: 0.0, Avg: 0.0, Max: 0.1, Diff: 0.1, Sum: 0.1]
      [Object Copy (ms): Min: 18.2, Avg: 18.7, Max: 19.1, Diff: 0.9, Sum: 337.3]
      [Termination (ms): Min: 0.0, Avg: 0.3, Max: 0.8, Diff: 0.8, Sum: 6.1]
         [Termination Attempts: Min: 1, Avg: 1.0, Max: 1, Diff: 0, Sum: 18]
      [GC Worker Other (ms): Min: 0.0, Avg: 0.0, Max: 0.0, Diff: 0.0, Sum: 0.4]
      [GC Worker Total (ms): Min: 20.2, Avg: 20.5, Max: 20.8, Diff: 0.6, Sum: 368.9]
      [GC Worker End (ms): Min: 10097.2, Avg: 10097.2, Max: 10097.2, Diff: 0.0]
   [Code Root Fixup: 0.0 ms]
   [Code Root Purge: 0.0 ms]
   [Clear CT: 0.3 ms]
   [Other: 1.4 ms]
      [Choose CSet: 0.1 ms]
      [Ref Proc: 0.2 ms]
      [Ref Enq: 0.0 ms]
      [Redirty Cards: 0.3 ms]
      [Humongous Register: 0.2 ms]
      [Humongous Reclaim: 0.1 ms]
      [Free CSet: 0.4 ms]
   [Eden: 13.0M(13.0M)->0.0B(46.0M) Survivors: 38.0M->5120.0K Heap: 628.8M(1024.0M)->543.0M(1024.0M)]
 [Times: user=0.36 sys=0.00, real=0.02 secs] 
执行结束。共生成对象次数:71076
Heap
 garbage-first heap   total 1048576K, used 610495K [0x00000000c0000000, 0x00000000c0102000, 0x0000000100000000)
  region size 1024K, 45 young (46080K), 5 survivors (5120K)
 Metaspace       used 2541K, capacity 4490K, committed 4864K, reserved 1056768K
  class space    used 273K, capacity 386K, committed 512K, reserved 1048576K
开始执行.......
0.181: [GC pause (G1 Evacuation Pause) (young), 0.0072305 secs]
   [Parallel Time: 5.3 ms, GC Workers: 18]
      [GC Worker Start (ms): Min: 181.6, Avg: 182.7, Max: 184.4, Diff: 2.9]
      [Ext Root Scanning (ms): Min: 0.0, Avg: 0.2, Max: 0.5, Diff: 0.5, Sum: 3.1]
      [Update RS (ms): Min: 0.0, Avg: 0.0, Max: 0.0, Diff: 0.0, Sum: 0.0]
         [Processed Buffers: Min: 0, Avg: 0.0, Max: 0, Diff: 0, Sum: 0]
      [Scan RS (ms): Min: 0.0, Avg: 0.0, Max: 0.0, Diff: 0.0, Sum: 0.2]
      [Code Root Scanning (ms): Min: 0.0, Avg: 0.0, Max: 0.0, Diff: 0.0, Sum: 0.0]
      [Object Copy (ms): Min: 0.7, Avg: 2.6, Max: 4.4, Diff: 3.7, Sum: 47.6]
      [Termination (ms): Min: 0.0, Avg: 1.0, Max: 1.6, Diff: 1.6, Sum: 18.1]
         [Termination Attempts: Min: 1, Avg: 1.0, Max: 1, Diff: 0, Sum: 18]
      [GC Worker Other (ms): Min: 0.0, Avg: 0.0, Max: 0.0, Diff: 0.0, Sum: 0.4]
      [GC Worker Total (ms): Min: 2.2, Avg: 3.9, Max: 5.0, Diff: 2.9, Sum: 69.5]
      [GC Worker End (ms): Min: 186.6, Avg: 186.6, Max: 186.6, Diff: 0.0]
   [Code Root Fixup: 0.0 ms]
   [Code Root Purge: 0.0 ms]
   [Clear CT: 0.3 ms]
   [Other: 1.6 ms]
      [Choose CSet: 0.0 ms]
      [Ref Proc: 0.7 ms]
      [Ref Enq: 0.0 ms]
      [Redirty Cards: 0.3 ms]
      [Humongous Register: 0.1 ms]
      [Humongous Reclaim: 0.1 ms]
      [Free CSet: 0.1 ms]
   [Eden: 51.0M(51.0M)->0.0B(44.0M) Survivors: 0.0B->7168.0K Heap: 60.4M(1024.0M)->23.3M(1024.0M)]
 [Times: user=0.03 sys=0.02, real=0.01 secs] 
0.216: [GC pause (G1 Evacuation Pause) (young), 0.0072069 secs]
   [Parallel Time: 6.0 ms, GC Workers: 18]
      [GC Worker Start (ms): Min: 215.6, Avg: 216.0, Max: 216.7, Diff: 1.1]
      [Ext Root Scanning (ms): Min: 0.0, Avg: 0.1, Max: 0.4, Diff: 0.4, Sum: 2.3]
      [Update RS (ms): Min: 0.0, Avg: 0.3, Max: 0.5, Diff: 0.5, Sum: 6.1]
         [Processed Buffers: Min: 0, Avg: 1.1, Max: 2, Diff: 2, Sum: 19]
      [Scan RS (ms): Min: 0.0, Avg: 0.0, Max: 0.0, Diff: 0.0, Sum: 0.1]
      [Code Root Scanning (ms): Min: 0.0, Avg: 0.0, Max: 0.0, Diff: 0.0, Sum: 0.0]
      [Object Copy (ms): Min: 4.0, Avg: 4.5, Max: 4.9, Diff: 0.9, Sum: 81.2]
      [Termination (ms): Min: 0.0, Avg: 0.4, Max: 0.7, Diff: 0.7, Sum: 6.8]
         [Termination Attempts: Min: 1, Avg: 1.0, Max: 1, Diff: 0, Sum: 18]
      [GC Worker Other (ms): Min: 0.0, Avg: 0.0, Max: 0.0, Diff: 0.0, Sum: 0.4]
      [GC Worker Total (ms): Min: 4.7, Avg: 5.4, Max: 5.7, Diff: 1.1, Sum: 96.9]
      [GC Worker End (ms): Min: 221.4, Avg: 221.4, Max: 221.4, Diff: 0.0]
   [Code Root Fixup: 0.0 ms]
   [Code Root Purge: 0.0 ms]
   [Clear CT: 0.2 ms]
   [Other: 1.0 ms]
      [Choose CSet: 0.0 ms]
      [Ref Proc: 0.3 ms]
      [Ref Enq: 0.0 ms]
      [Redirty Cards: 0.3 ms]
      [Humongous Register: 0.0 ms]
      [Humongous Reclaim: 0.1 ms]
      [Free CSet: 0.1 ms]
   [Eden: 44.0M(44.0M)->0.0B(44.0M) Survivors: 7168.0K->7168.0K Heap: 81.0M(1024.0M)->42.0M(1024.0M)]
 [Times: user=0.06 sys=0.03, real=0.01 secs] 
0.242: [GC pause (G1 Evacuation Pause) (young), 0.0063291 secs]
   [Parallel Time: 5.2 ms, GC Workers: 18]
      [GC Worker Start (ms): Min: 241.9, Avg: 242.2, Max: 242.4, Diff: 0.6]
      [Ext Root Scanning (ms): Min: 0.0, Avg: 0.1, Max: 0.4, Diff: 0.4, Sum: 1.5]
      [Update RS (ms): Min: 0.3, Avg: 0.5, Max: 0.8, Diff: 0.5, Sum: 9.6]
         [Processed Buffers: Min: 1, Avg: 1.6, Max: 3, Diff: 2, Sum: 28]
      [Scan RS (ms): Min: 0.0, Avg: 0.0, Max: 0.0, Diff: 0.0, Sum: 0.2]
      [Code Root Scanning (ms): Min: 0.0, Avg: 0.0, Max: 0.0, Diff: 0.0, Sum: 0.0]
      [Object Copy (ms): Min: 3.3, Avg: 3.7, Max: 4.0, Diff: 0.7, Sum: 66.5]
      [Termination (ms): Min: 0.0, Avg: 0.2, Max: 0.4, Diff: 0.4, Sum: 4.0]
         [Termination Attempts: Min: 1, Avg: 1.0, Max: 1, Diff: 0, Sum: 18]
      [GC Worker Other (ms): Min: 0.0, Avg: 0.0, Max: 0.0, Diff: 0.0, Sum: 0.3]
      [GC Worker Total (ms): Min: 4.4, Avg: 4.6, Max: 4.9, Diff: 0.6, Sum: 82.1]
      [GC Worker End (ms): Min: 246.8, Avg: 246.8, Max: 246.8, Diff: 0.0]
   [Code Root Fixup: 0.0 ms]
   [Code Root Purge: 0.0 ms]
   [Clear CT: 0.3 ms]
   [Other: 0.9 ms]
      [Choose CSet: 0.0 ms]
      [Ref Proc: 0.3 ms]
      [Ref Enq: 0.0 ms]
      [Redirty Cards: 0.2 ms]
      [Humongous Register: 0.0 ms]
      [Humongous Reclaim: 0.1 ms]
      [Free CSet: 0.1 ms]
   [Eden: 44.0M(44.0M)->0.0B(69.0M) Survivors: 7168.0K->7168.0K Heap: 97.0M(1024.0M)->61.3M(1024.0M)]
 [Times: user=0.05 sys=0.04, real=0.00 secs] 
0.283: [GC pause (G1 Evacuation Pause) (young), 0.0076203 secs]
   [Parallel Time: 6.3 ms, GC Workers: 18]
      [GC Worker Start (ms): Min: 282.7, Avg: 282.8, Max: 283.0, Diff: 0.3]
      [Ext Root Scanning (ms): Min: 0.0, Avg: 0.2, Max: 0.3, Diff: 0.3, Sum: 3.2]
      [Update RS (ms): Min: 0.3, Avg: 0.4, Max: 0.5, Diff: 0.2, Sum: 7.5]
         [Processed Buffers: Min: 1, Avg: 1.3, Max: 3, Diff: 2, Sum: 23]
      [Scan RS (ms): Min: 0.0, Avg: 0.0, Max: 0.1, Diff: 0.1, Sum: 0.3]
      [Code Root Scanning (ms): Min: 0.0, Avg: 0.0, Max: 0.0, Diff: 0.0, Sum: 0.0]
      [Object Copy (ms): Min: 4.8, Avg: 5.0, Max: 5.3, Diff: 0.5, Sum: 90.5]
      [Termination (ms): Min: 0.0, Avg: 0.3, Max: 0.5, Diff: 0.5, Sum: 5.1]
         [Termination Attempts: Min: 1, Avg: 1.3, Max: 4, Diff: 3, Sum: 23]
      [GC Worker Other (ms): Min: 0.0, Avg: 0.0, Max: 0.0, Diff: 0.0, Sum: 0.3]
      [GC Worker Total (ms): Min: 5.8, Avg: 5.9, Max: 6.1, Diff: 0.3, Sum: 107.0]
      [GC Worker End (ms): Min: 288.8, Avg: 288.8, Max: 288.8, Diff: 0.0]
   [Code Root Fixup: 0.0 ms]
   [Code Root Purge: 0.0 ms]
   [Clear CT: 0.2 ms]
   [Other: 1.1 ms]
      [Choose CSet: 0.0 ms]
      [Ref Proc: 0.3 ms]
      [Ref Enq: 0.0 ms]
      [Redirty Cards: 0.3 ms]
      [Humongous Register: 0.0 ms]
      [Humongous Reclaim: 0.0 ms]
      [Free CSet: 0.1 ms]
   [Eden: 69.0M(69.0M)->0.0B(87.0M) Survivors: 7168.0K->10.0M Heap: 144.3M(1024.0M)->90.0M(1024.0M)]
 [Times: user=0.06 sys=0.05, real=0.01 secs] 
0.331: [GC pause (G1 Evacuation Pause) (young), 0.0085706 secs]
   [Parallel Time: 7.3 ms, GC Workers: 18]
      [GC Worker Start (ms): Min: 331.2, Avg: 331.5, Max: 331.6, Diff: 0.5]
      [Ext Root Scanning (ms): Min: 0.0, Avg: 0.1, Max: 0.4, Diff: 0.4, Sum: 1.7]
      [Update RS (ms): Min: 0.3, Avg: 0.4, Max: 0.7, Diff: 0.4, Sum: 8.0]
         [Processed Buffers: Min: 1, Avg: 1.3, Max: 2, Diff: 1, Sum: 24]
      [Scan RS (ms): Min: 0.0, Avg: 0.0, Max: 0.0, Diff: 0.0, Sum: 0.2]
      [Code Root Scanning (ms): Min: 0.0, Avg: 0.0, Max: 0.0, Diff: 0.0, Sum: 0.0]
      [Object Copy (ms): Min: 5.7, Avg: 6.0, Max: 6.3, Diff: 0.6, Sum: 107.7]
      [Termination (ms): Min: 0.0, Avg: 0.2, Max: 0.4, Diff: 0.4, Sum: 4.0]
         [Termination Attempts: Min: 1, Avg: 1.0, Max: 1, Diff: 0, Sum: 18]
      [GC Worker Other (ms): Min: 0.0, Avg: 0.0, Max: 0.1, Diff: 0.0, Sum: 0.4]
      [GC Worker Total (ms): Min: 6.6, Avg: 6.8, Max: 7.1, Diff: 0.5, Sum: 122.1]
      [GC Worker End (ms): Min: 338.2, Avg: 338.3, Max: 338.3, Diff: 0.0]
   [Code Root Fixup: 0.0 ms]
   [Code Root Purge: 0.0 ms]
   [Clear CT: 0.2 ms]
   [Other: 1.1 ms]
      [Choose CSet: 0.0 ms]
      [Ref Proc: 0.2 ms]
      [Ref Enq: 0.0 ms]
      [Redirty Cards: 0.3 ms]
      [Humongous Register: 0.1 ms]
      [Humongous Reclaim: 0.1 ms]
      [Free CSet: 0.2 ms]
   [Eden: 87.0M(87.0M)->0.0B(117.0M) Survivors: 10.0M->13.0M Heap: 192.2M(1024.0M)->118.8M(1024.0M)]
 [Times: user=0.05 sys=0.08, real=0.01 secs] 
0.402: [GC pause (G1 Evacuation Pause) (young), 0.0126470 secs]
   [Parallel Time: 11.2 ms, GC Workers: 18]
      [GC Worker Start (ms): Min: 401.9, Avg: 402.2, Max: 402.4, Diff: 0.5]
      [Ext Root Scanning (ms): Min: 0.0, Avg: 0.2, Max: 0.5, Diff: 0.5, Sum: 3.7]
      [Update RS (ms): Min: 0.5, Avg: 0.8, Max: 1.0, Diff: 0.5, Sum: 15.1]
         [Processed Buffers: Min: 1, Avg: 1.8, Max: 2, Diff: 1, Sum: 32]
      [Scan RS (ms): Min: 0.0, Avg: 0.0, Max: 0.1, Diff: 0.1, Sum: 0.5]
      [Code Root Scanning (ms): Min: 0.0, Avg: 0.0, Max: 0.0, Diff: 0.0, Sum: 0.0]
      [Object Copy (ms): Min: 9.2, Avg: 9.5, Max: 9.9, Diff: 0.6, Sum: 170.7]
      [Termination (ms): Min: 0.0, Avg: 0.2, Max: 0.3, Diff: 0.3, Sum: 3.5]
         [Termination Attempts: Min: 1, Avg: 1.0, Max: 1, Diff: 0, Sum: 18]
      [GC Worker Other (ms): Min: 0.0, Avg: 0.0, Max: 0.0, Diff: 0.0, Sum: 0.4]
      [GC Worker Total (ms): Min: 10.5, Avg: 10.8, Max: 11.0, Diff: 0.5, Sum: 193.9]
      [GC Worker End (ms): Min: 412.9, Avg: 412.9, Max: 413.0, Diff: 0.0]
   [Code Root Fixup: 0.0 ms]
   [Code Root Purge: 0.0 ms]
   [Clear CT: 0.2 ms]
   [Other: 1.2 ms]
      [Choose CSet: 0.0 ms]
      [Ref Proc: 0.3 ms]
      [Ref Enq: 0.0 ms]
      [Redirty Cards: 0.3 ms]
      [Humongous Register: 0.1 ms]
      [Humongous Reclaim: 0.1 ms]
      [Free CSet: 0.2 ms]
   [Eden: 117.0M(117.0M)->0.0B(127.0M) Survivors: 13.0M->17.0M Heap: 269.4M(1024.0M)->170.3M(1024.0M)]
 [Times: user=0.06 sys=0.13, real=0.01 secs] 
0.467: [GC pause (G1 Evacuation Pause) (young), 0.0116069 secs]
   [Parallel Time: 10.1 ms, GC Workers: 18]
      [GC Worker Start (ms): Min: 466.8, Avg: 467.1, Max: 467.3, Diff: 0.5]
      [Ext Root Scanning (ms): Min: 0.0, Avg: 0.2, Max: 0.4, Diff: 0.4, Sum: 2.7]
      [Update RS (ms): Min: 0.3, Avg: 0.5, Max: 0.7, Diff: 0.3, Sum: 9.6]
         [Processed Buffers: Min: 1, Avg: 1.6, Max: 2, Diff: 1, Sum: 28]
      [Scan RS (ms): Min: 0.0, Avg: 0.0, Max: 0.1, Diff: 0.1, Sum: 0.6]
      [Code Root Scanning (ms): Min: 0.0, Avg: 0.0, Max: 0.0, Diff: 0.0, Sum: 0.0]
      [Object Copy (ms): Min: 8.4, Avg: 8.7, Max: 9.0, Diff: 0.7, Sum: 156.1]
      [Termination (ms): Min: 0.0, Avg: 0.2, Max: 0.4, Diff: 0.4, Sum: 3.5]
         [Termination Attempts: Min: 1, Avg: 2.9, Max: 3, Diff: 2, Sum: 52]
      [GC Worker Other (ms): Min: 0.0, Avg: 0.0, Max: 0.0, Diff: 0.0, Sum: 0.3]
      [GC Worker Total (ms): Min: 9.4, Avg: 9.6, Max: 9.9, Diff: 0.5, Sum: 172.8]
      [GC Worker End (ms): Min: 476.7, Avg: 476.7, Max: 476.7, Diff: 0.0]
   [Code Root Fixup: 0.0 ms]
   [Code Root Purge: 0.0 ms]
   [Clear CT: 0.3 ms]
   [Other: 1.3 ms]
      [Choose CSet: 0.0 ms]
      [Ref Proc: 0.3 ms]
      [Ref Enq: 0.0 ms]
      [Redirty Cards: 0.3 ms]
      [Humongous Register: 0.1 ms]
      [Humongous Reclaim: 0.1 ms]
      [Free CSet: 0.2 ms]
   [Eden: 127.0M(127.0M)->0.0B(260.0M) Survivors: 17.0M->18.0M Heap: 324.3M(1024.0M)->219.7M(1024.0M)]
 [Times: user=0.07 sys=0.11, real=0.02 secs] 
0.646: [GC pause (G1 Evacuation Pause) (young), 0.0189980 secs]
   [Parallel Time: 17.2 ms, GC Workers: 18]
      [GC Worker Start (ms): Min: 646.5, Avg: 646.7, Max: 646.9, Diff: 0.4]
      [Ext Root Scanning (ms): Min: 0.0, Avg: 0.2, Max: 0.4, Diff: 0.4, Sum: 3.2]
      [Update RS (ms): Min: 0.7, Avg: 0.8, Max: 0.9, Diff: 0.3, Sum: 14.5]
         [Processed Buffers: Min: 1, Avg: 2.0, Max: 3, Diff: 2, Sum: 36]
      [Scan RS (ms): Min: 0.0, Avg: 0.0, Max: 0.2, Diff: 0.2, Sum: 0.9]
      [Code Root Scanning (ms): Min: 0.0, Avg: 0.0, Max: 0.0, Diff: 0.0, Sum: 0.0]
      [Object Copy (ms): Min: 15.2, Avg: 15.5, Max: 15.7, Diff: 0.5, Sum: 278.8]
      [Termination (ms): Min: 0.0, Avg: 0.2, Max: 0.4, Diff: 0.4, Sum: 3.3]
         [Termination Attempts: Min: 1, Avg: 1.1, Max: 2, Diff: 1, Sum: 20]
      [GC Worker Other (ms): Min: 0.0, Avg: 0.0, Max: 0.1, Diff: 0.1, Sum: 0.6]
      [GC Worker Total (ms): Min: 16.5, Avg: 16.7, Max: 16.9, Diff: 0.4, Sum: 301.3]
      [GC Worker End (ms): Min: 663.4, Avg: 663.4, Max: 663.4, Diff: 0.1]
   [Code Root Fixup: 0.0 ms]
   [Code Root Purge: 0.0 ms]
   [Clear CT: 0.3 ms]
   [Other: 1.5 ms]
      [Choose CSet: 0.0 ms]
      [Ref Proc: 0.3 ms]
      [Ref Enq: 0.0 ms]
      [Redirty Cards: 0.2 ms]
      [Humongous Register: 0.1 ms]
      [Humongous Reclaim: 0.3 ms]
      [Free CSet: 0.4 ms]
   [Eden: 260.0M(260.0M)->0.0B(199.0M) Survivors: 18.0M->35.0M Heap: 549.7M(1024.0M)->308.3M(1024.0M)]
 [Times: user=0.12 sys=0.18, real=0.02 secs] 
0.748: [GC pause (G1 Evacuation Pause) (young), 0.0224714 secs]
   [Parallel Time: 20.7 ms, GC Workers: 18]
      [GC Worker Start (ms): Min: 747.7, Avg: 747.9, Max: 748.2, Diff: 0.5]
      [Ext Root Scanning (ms): Min: 0.0, Avg: 0.1, Max: 0.2, Diff: 0.2, Sum: 1.3]
      [Update RS (ms): Min: 0.4, Avg: 0.8, Max: 1.2, Diff: 0.7, Sum: 15.2]
         [Processed Buffers: Min: 1, Avg: 2.1, Max: 3, Diff: 2, Sum: 38]
      [Scan RS (ms): Min: 0.0, Avg: 0.1, Max: 0.2, Diff: 0.2, Sum: 1.4]
      [Code Root Scanning (ms): Min: 0.0, Avg: 0.0, Max: 0.0, Diff: 0.0, Sum: 0.0]
      [Object Copy (ms): Min: 18.7, Avg: 19.1, Max: 19.5, Diff: 0.8, Sum: 343.5]
      [Termination (ms): Min: 0.0, Avg: 0.2, Max: 0.3, Diff: 0.3, Sum: 3.7]
         [Termination Attempts: Min: 1, Avg: 1.0, Max: 1, Diff: 0, Sum: 18]
      [GC Worker Other (ms): Min: 0.0, Avg: 0.0, Max: 0.1, Diff: 0.1, Sum: 0.5]
      [GC Worker Total (ms): Min: 20.1, Avg: 20.3, Max: 20.5, Diff: 0.5, Sum: 365.5]
      [GC Worker End (ms): Min: 768.2, Avg: 768.3, Max: 768.3, Diff: 0.1]
   [Code Root Fixup: 0.0 ms]
   [Code Root Purge: 0.0 ms]
   [Clear CT: 0.2 ms]
   [Other: 1.5 ms]
      [Choose CSet: 0.0 ms]
      [Ref Proc: 0.4 ms]
      [Ref Enq: 0.0 ms]
      [Redirty Cards: 0.3 ms]
      [Humongous Register: 0.1 ms]
      [Humongous Reclaim: 0.2 ms]
      [Free CSet: 0.4 ms]
   [Eden: 199.0M(199.0M)->0.0B(296.0M) Survivors: 35.0M->30.0M Heap: 561.9M(1024.0M)->372.5M(1024.0M)]
 [Times: user=0.22 sys=0.14, real=0.03 secs] 
0.836: [GC pause (G1 Humongous Allocation) (young) (initial-mark), 0.0208623 secs]
   [Parallel Time: 19.0 ms, GC Workers: 18]
      [GC Worker Start (ms): Min: 836.2, Avg: 836.5, Max: 836.7, Diff: 0.5]
      [Ext Root Scanning (ms): Min: 0.0, Avg: 0.3, Max: 0.5, Diff: 0.5, Sum: 4.8]
      [Update RS (ms): Min: 0.7, Avg: 0.8, Max: 1.0, Diff: 0.3, Sum: 14.5]
         [Processed Buffers: Min: 1, Avg: 2.3, Max: 3, Diff: 2, Sum: 42]
      [Scan RS (ms): Min: 0.0, Avg: 0.0, Max: 0.1, Diff: 0.1, Sum: 0.6]
      [Code Root Scanning (ms): Min: 0.0, Avg: 0.0, Max: 0.0, Diff: 0.0, Sum: 0.0]
      [Object Copy (ms): Min: 16.8, Avg: 17.1, Max: 17.3, Diff: 0.5, Sum: 307.3]
      [Termination (ms): Min: 0.0, Avg: 0.3, Max: 0.6, Diff: 0.6, Sum: 4.8]
         [Termination Attempts: Min: 1, Avg: 1.1, Max: 2, Diff: 1, Sum: 19]
      [GC Worker Other (ms): Min: 0.0, Avg: 0.0, Max: 0.1, Diff: 0.0, Sum: 0.4]
      [GC Worker Total (ms): Min: 18.2, Avg: 18.5, Max: 18.7, Diff: 0.5, Sum: 332.5]
      [GC Worker End (ms): Min: 854.9, Avg: 854.9, Max: 855.0, Diff: 0.1]
   [Code Root Fixup: 0.0 ms]
   [Code Root Purge: 0.0 ms]
   [Clear CT: 0.2 ms]
   [Other: 1.6 ms]
      [Choose CSet: 0.0 ms]
      [Ref Proc: 0.3 ms]
      [Ref Enq: 0.0 ms]
      [Redirty Cards: 0.2 ms]
      [Humongous Register: 0.2 ms]
      [Humongous Reclaim: 0.2 ms]
      [Free CSet: 0.3 ms]
   [Eden: 156.0M(296.0M)->0.0B(357.0M) Survivors: 30.0M->41.0M Heap: 574.8M(1024.0M)->421.8M(1024.0M)]
 [Times: user=0.21 sys=0.12, real=0.02 secs] 
0.857: [GC concurrent-root-region-scan-start]
0.857: [GC concurrent-root-region-scan-end, 0.0002436 secs]
0.857: [GC concurrent-mark-start]
0.863: [GC concurrent-mark-end, 0.0058986 secs]
0.863: [GC remark 0.863: [Finalize Marking, 0.0005141 secs] 0.864: [GC ref-proc, 0.0004064 secs] 0.864: [Unloading, 0.0010665 secs], 0.0029314 secs]
 [Times: user=0.02 sys=0.01, real=0.00 secs] 
0.866: [GC cleanup 441M->428M(1024M), 0.0018049 secs]
 [Times: user=0.02 sys=0.00, real=0.00 secs] 
0.868: [GC concurrent-cleanup-start]
0.868: [GC concurrent-cleanup-end, 0.0000503 secs]
1.055: [GC pause (G1 Evacuation Pause) (young) (to-space exhausted), 0.0198243 secs]
   [Parallel Time: 13.9 ms, GC Workers: 18]
      [GC Worker Start (ms): Min: 1055.4, Avg: 1055.8, Max: 1056.1, Diff: 0.7]
      [Ext Root Scanning (ms): Min: 0.0, Avg: 0.2, Max: 0.6, Diff: 0.6, Sum: 3.7]
      [Update RS (ms): Min: 0.8, Avg: 1.0, Max: 1.1, Diff: 0.3, Sum: 18.8]
         [Processed Buffers: Min: 1, Avg: 2.8, Max: 3, Diff: 2, Sum: 51]
      [Scan RS (ms): Min: 0.0, Avg: 0.1, Max: 0.2, Diff: 0.2, Sum: 1.0]
      [Code Root Scanning (ms): Min: 0.0, Avg: 0.0, Max: 0.0, Diff: 0.0, Sum: 0.0]
      [Object Copy (ms): Min: 11.8, Avg: 11.9, Max: 11.9, Diff: 0.1, Sum: 213.4]
      [Termination (ms): Min: 0.0, Avg: 0.1, Max: 0.1, Diff: 0.1, Sum: 0.9]
         [Termination Attempts: Min: 1, Avg: 1.6, Max: 3, Diff: 2, Sum: 29]
      [GC Worker Other (ms): Min: 0.0, Avg: 0.0, Max: 0.1, Diff: 0.0, Sum: 0.5]
      [GC Worker Total (ms): Min: 13.0, Avg: 13.2, Max: 13.7, Diff: 0.7, Sum: 238.4]
      [GC Worker End (ms): Min: 1069.1, Avg: 1069.1, Max: 1069.1, Diff: 0.1]
   [Code Root Fixup: 0.0 ms]
   [Code Root Purge: 0.0 ms]
   [Clear CT: 0.3 ms]
   [Other: 5.6 ms]
      [Evacuation Failure: 3.5 ms]
      [Choose CSet: 0.0 ms]
      [Ref Proc: 0.3 ms]
      [Ref Enq: 0.0 ms]
      [Redirty Cards: 0.3 ms]
      [Humongous Register: 0.4 ms]
      [Humongous Reclaim: 0.5 ms]
      [Free CSet: 0.4 ms]
   [Eden: 357.0M(357.0M)->0.0B(3072.0K) Survivors: 41.0M->48.0M Heap: 862.8M(1024.0M)->684.2M(1024.0M)]
 [Times: user=0.11 sys=0.18, real=0.02 secs] 
1.077: [GC pause (G1 Evacuation Pause) (mixed), 0.0202611 secs]
   [Parallel Time: 18.7 ms, GC Workers: 18]
      [GC Worker Start (ms): Min: 1076.8, Avg: 1077.1, Max: 1077.2, Diff: 0.4]
      [Ext Root Scanning (ms): Min: 0.0, Avg: 0.2, Max: 0.4, Diff: 0.4, Sum: 3.4]
      [Update RS (ms): Min: 0.3, Avg: 0.4, Max: 0.7, Diff: 0.4, Sum: 8.1]
         [Processed Buffers: Min: 1, Avg: 2.7, Max: 7, Diff: 6, Sum: 49]
      [Scan RS (ms): Min: 0.0, Avg: 0.1, Max: 0.4, Diff: 0.4, Sum: 1.2]
      [Code Root Scanning (ms): Min: 0.0, Avg: 0.0, Max: 0.2, Diff: 0.2, Sum: 0.2]
      [Object Copy (ms): Min: 16.5, Avg: 17.1, Max: 17.6, Diff: 1.1, Sum: 308.2]
      [Termination (ms): Min: 0.0, Avg: 0.4, Max: 0.7, Diff: 0.7, Sum: 6.8]
         [Termination Attempts: Min: 1, Avg: 1.1, Max: 3, Diff: 2, Sum: 20]
      [GC Worker Other (ms): Min: 0.0, Avg: 0.0, Max: 0.1, Diff: 0.0, Sum: 0.4]
      [GC Worker Total (ms): Min: 18.1, Avg: 18.2, Max: 18.5, Diff: 0.4, Sum: 328.3]
      [GC Worker End (ms): Min: 1095.3, Avg: 1095.3, Max: 1095.3, Diff: 0.0]
   [Code Root Fixup: 0.0 ms]
   [Code Root Purge: 0.0 ms]
   [Clear CT: 0.2 ms]
   [Other: 1.3 ms]
      [Choose CSet: 0.1 ms]
      [Ref Proc: 0.2 ms]
      [Ref Enq: 0.0 ms]
      [Redirty Cards: 0.3 ms]
      [Humongous Register: 0.2 ms]
      [Humongous Reclaim: 0.1 ms]
      [Free CSet: 0.4 ms]
   [Eden: 3072.0K(3072.0K)->0.0B(203.0M) Survivors: 48.0M->2048.0K Heap: 690.0M(1024.0M)->603.5M(1024.0M)]
 [Times: user=0.25 sys=0.07, real=0.02 secs] 
1.097: [GC pause (G1 Humongous Allocation) (young) (initial-mark), 0.0023407 secs]
   [Parallel Time: 1.3 ms, GC Workers: 18]
      [GC Worker Start (ms): Min: 1097.6, Avg: 1097.8, Max: 1097.9, Diff: 0.3]
      [Ext Root Scanning (ms): Min: 0.0, Avg: 0.2, Max: 0.3, Diff: 0.3, Sum: 3.1]
      [Update RS (ms): Min: 0.1, Avg: 0.3, Max: 0.8, Diff: 0.7, Sum: 6.0]
         [Processed Buffers: Min: 0, Avg: 1.1, Max: 2, Diff: 2, Sum: 19]
      [Scan RS (ms): Min: 0.0, Avg: 0.0, Max: 0.0, Diff: 0.0, Sum: 0.1]
      [Code Root Scanning (ms): Min: 0.0, Avg: 0.0, Max: 0.0, Diff: 0.0, Sum: 0.0]
      [Object Copy (ms): Min: 0.0, Avg: 0.2, Max: 0.6, Diff: 0.6, Sum: 3.5]
      [Termination (ms): Min: 0.0, Avg: 0.3, Max: 0.5, Diff: 0.5, Sum: 5.2]
         [Termination Attempts: Min: 1, Avg: 2.0, Max: 4, Diff: 3, Sum: 36]
      [GC Worker Other (ms): Min: 0.0, Avg: 0.0, Max: 0.0, Diff: 0.0, Sum: 0.2]
      [GC Worker Total (ms): Min: 0.9, Avg: 1.0, Max: 1.2, Diff: 0.3, Sum: 18.1]
      [GC Worker End (ms): Min: 1098.8, Avg: 1098.8, Max: 1098.8, Diff: 0.0]
   [Code Root Fixup: 0.0 ms]
   [Code Root Purge: 0.0 ms]
   [Clear CT: 0.2 ms]
   [Other: 0.8 ms]
      [Choose CSet: 0.0 ms]
      [Ref Proc: 0.3 ms]
      [Ref Enq: 0.0 ms]
      [Redirty Cards: 0.2 ms]
      [Humongous Register: 0.1 ms]
      [Humongous Reclaim: 0.0 ms]
      [Free CSet: 0.0 ms]
   [Eden: 2048.0K(203.0M)->0.0B(201.0M) Survivors: 2048.0K->2048.0K Heap: 604.9M(1024.0M)->603.8M(1024.0M)]
 [Times: user=0.02 sys=0.00, real=0.01 secs] 
1.100: [GC concurrent-root-region-scan-start]
1.100: [GC concurrent-root-region-scan-end, 0.0001723 secs]
1.100: [GC concurrent-mark-start]
1.102: [GC concurrent-mark-end, 0.0017361 secs]
1.102: [GC remark 1.102: [Finalize Marking, 0.0004340 secs] 1.102: [GC ref-proc, 0.0004050 secs] 1.103: [Unloading, 0.0009694 secs], 0.0027797 secs]
 [Times: user=0.02 sys=0.00, real=0.00 secs] 
1.105: [GC cleanup 610M->603M(1024M), 0.0017942 secs]
 [Times: user=0.02 sys=0.00, real=0.00 secs] 
1.107: [GC concurrent-cleanup-start]
1.107: [GC concurrent-cleanup-end, 0.0000338 secs]
1.191: [GC pause (G1 Evacuation Pause) (young), 0.0214123 secs]
   [Parallel Time: 18.9 ms, GC Workers: 18]
      [GC Worker Start (ms): Min: 1191.7, Avg: 1191.9, Max: 1192.0, Diff: 0.3]
      [Ext Root Scanning (ms): Min: 0.0, Avg: 0.2, Max: 0.3, Diff: 0.3, Sum: 3.1]
      [Update RS (ms): Min: 0.8, Avg: 1.0, Max: 1.2, Diff: 0.4, Sum: 18.6]
         [Processed Buffers: Min: 2, Avg: 2.7, Max: 3, Diff: 1, Sum: 49]
      [Scan RS (ms): Min: 0.0, Avg: 0.0, Max: 0.1, Diff: 0.1, Sum: 0.8]
      [Code Root Scanning (ms): Min: 0.0, Avg: 0.0, Max: 0.0, Diff: 0.0, Sum: 0.0]
      [Object Copy (ms): Min: 17.0, Avg: 17.1, Max: 17.5, Diff: 0.5, Sum: 308.6]
      [Termination (ms): Min: 0.0, Avg: 0.2, Max: 0.2, Diff: 0.2, Sum: 2.8]
         [Termination Attempts: Min: 1, Avg: 1.0, Max: 1, Diff: 0, Sum: 18]
      [GC Worker Other (ms): Min: 0.0, Avg: 0.0, Max: 0.1, Diff: 0.1, Sum: 0.5]
      [GC Worker Total (ms): Min: 18.4, Avg: 18.6, Max: 18.7, Diff: 0.3, Sum: 334.4]
      [GC Worker End (ms): Min: 1210.4, Avg: 1210.5, Max: 1210.5, Diff: 0.1]
   [Code Root Fixup: 0.0 ms]
   [Code Root Purge: 0.0 ms]
   [Clear CT: 0.3 ms]
   [Other: 2.2 ms]
      [Choose CSet: 0.0 ms]
      [Ref Proc: 0.2 ms]
      [Ref Enq: 0.0 ms]
      [Redirty Cards: 0.3 ms]
      [Humongous Register: 0.9 ms]
      [Humongous Reclaim: 0.3 ms]
      [Free CSet: 0.4 ms]
   [Eden: 201.0M(201.0M)->0.0B(25.0M) Survivors: 2048.0K->26.0M Heap: 855.2M(1024.0M)->650.0M(1024.0M)]
 [Times: user=0.23 sys=0.10, real=0.02 secs] 
1.222: [GC pause (G1 Evacuation Pause) (mixed), 0.0171890 secs]
   [Parallel Time: 15.5 ms, GC Workers: 18]
      [GC Worker Start (ms): Min: 1222.4, Avg: 1222.6, Max: 1222.9, Diff: 0.5]
      [Ext Root Scanning (ms): Min: 0.0, Avg: 0.1, Max: 0.4, Diff: 0.4, Sum: 2.4]
      [Update RS (ms): Min: 0.4, Avg: 0.6, Max: 0.8, Diff: 0.4, Sum: 11.6]
         [Processed Buffers: Min: 1, Avg: 2.6, Max: 4, Diff: 3, Sum: 46]
      [Scan RS (ms): Min: 0.0, Avg: 0.1, Max: 0.2, Diff: 0.2, Sum: 1.1]
      [Code Root Scanning (ms): Min: 0.0, Avg: 0.0, Max: 0.0, Diff: 0.0, Sum: 0.0]
      [Object Copy (ms): Min: 12.9, Avg: 13.4, Max: 14.3, Diff: 1.5, Sum: 241.4]
      [Termination (ms): Min: 0.0, Avg: 0.9, Max: 1.4, Diff: 1.4, Sum: 15.9]
         [Termination Attempts: Min: 1, Avg: 1.0, Max: 1, Diff: 0, Sum: 18]
      [GC Worker Other (ms): Min: 0.0, Avg: 0.0, Max: 0.0, Diff: 0.0, Sum: 0.3]
      [GC Worker Total (ms): Min: 14.9, Avg: 15.2, Max: 15.4, Diff: 0.5, Sum: 272.7]
      [GC Worker End (ms): Min: 1237.8, Avg: 1237.8, Max: 1237.8, Diff: 0.0]
   [Code Root Fixup: 0.0 ms]
   [Code Root Purge: 0.0 ms]
   [Clear CT: 0.3 ms]
   [Other: 1.5 ms]
      [Choose CSet: 0.1 ms]
      [Ref Proc: 0.3 ms]
      [Ref Enq: 0.0 ms]
      [Redirty Cards: 0.3 ms]
      [Humongous Register: 0.2 ms]
      [Humongous Reclaim: 0.1 ms]
      [Free CSet: 0.4 ms]
   [Eden: 25.0M(25.0M)->0.0B(44.0M) Survivors: 26.0M->7168.0K Heap: 678.6M(1024.0M)->561.8M(1024.0M)]
 [Times: user=0.08 sys=0.20, real=0.02 secs] 
1.259: [GC pause (G1 Evacuation Pause) (mixed), 0.0172776 secs]
   [Parallel Time: 15.5 ms, GC Workers: 18]
      [GC Worker Start (ms): Min: 1259.4, Avg: 1259.7, Max: 1259.8, Diff: 0.4]
      [Ext Root Scanning (ms): Min: 0.0, Avg: 0.1, Max: 0.3, Diff: 0.3, Sum: 2.0]
      [Update RS (ms): Min: 0.9, Avg: 1.0, Max: 1.1, Diff: 0.2, Sum: 18.1]
         [Processed Buffers: Min: 1, Avg: 2.9, Max: 3, Diff: 2, Sum: 52]
      [Scan RS (ms): Min: 0.0, Avg: 0.0, Max: 0.1, Diff: 0.1, Sum: 0.7]
      [Code Root Scanning (ms): Min: 0.0, Avg: 0.0, Max: 0.0, Diff: 0.0, Sum: 0.0]
      [Object Copy (ms): Min: 12.9, Avg: 13.2, Max: 13.8, Diff: 0.9, Sum: 236.8]
      [Termination (ms): Min: 0.0, Avg: 0.7, Max: 0.9, Diff: 0.9, Sum: 11.9]
         [Termination Attempts: Min: 1, Avg: 1.0, Max: 1, Diff: 0, Sum: 18]
      [GC Worker Other (ms): Min: 0.0, Avg: 0.0, Max: 0.0, Diff: 0.0, Sum: 0.3]
      [GC Worker Total (ms): Min: 14.8, Avg: 15.0, Max: 15.2, Diff: 0.4, Sum: 269.9]
      [GC Worker End (ms): Min: 1274.6, Avg: 1274.6, Max: 1274.7, Diff: 0.0]
   [Code Root Fixup: 0.0 ms]
   [Code Root Purge: 0.0 ms]
   [Clear CT: 0.2 ms]
   [Other: 1.6 ms]
      [Choose CSet: 0.1 ms]
      [Ref Proc: 0.3 ms]
      [Ref Enq: 0.0 ms]
      [Redirty Cards: 0.3 ms]
      [Humongous Register: 0.2 ms]
      [Humongous Reclaim: 0.1 ms]
      [Free CSet: 0.4 ms]
   [Eden: 44.0M(44.0M)->0.0B(44.0M) Survivors: 7168.0K->7168.0K Heap: 617.0M(1024.0M)->494.8M(1024.0M)]
 [Times: user=0.11 sys=0.17, real=0.01 secs] 
1.297: [GC pause (G1 Evacuation Pause) (mixed), 0.0164099 secs]
   [Parallel Time: 14.6 ms, GC Workers: 18]
      [GC Worker Start (ms): Min: 1297.8, Avg: 1298.0, Max: 1298.2, Diff: 0.4]
      [Ext Root Scanning (ms): Min: 0.0, Avg: 0.1, Max: 0.4, Diff: 0.3, Sum: 2.5]
      [Update RS (ms): Min: 1.1, Avg: 1.2, Max: 1.4, Diff: 0.3, Sum: 22.2]
         [Processed Buffers: Min: 2, Avg: 3.4, Max: 4, Diff: 2, Sum: 62]
      [Scan RS (ms): Min: 0.0, Avg: 0.0, Max: 0.1, Diff: 0.1, Sum: 0.7]
      [Code Root Scanning (ms): Min: 0.0, Avg: 0.0, Max: 0.0, Diff: 0.0, Sum: 0.0]
      [Object Copy (ms): Min: 11.7, Avg: 12.1, Max: 12.8, Diff: 1.2, Sum: 217.3]
      [Termination (ms): Min: 0.0, Avg: 0.7, Max: 1.0, Diff: 1.0, Sum: 12.6]
         [Termination Attempts: Min: 1, Avg: 1.1, Max: 2, Diff: 1, Sum: 19]
      [GC Worker Other (ms): Min: 0.0, Avg: 0.0, Max: 0.0, Diff: 0.0, Sum: 0.3]
      [GC Worker Total (ms): Min: 14.0, Avg: 14.2, Max: 14.4, Diff: 0.4, Sum: 255.6]
      [GC Worker End (ms): Min: 1312.2, Avg: 1312.2, Max: 1312.2, Diff: 0.0]
   [Code Root Fixup: 0.0 ms]
   [Code Root Purge: 0.0 ms]
   [Clear CT: 0.2 ms]
   [Other: 1.5 ms]
      [Choose CSet: 0.1 ms]
      [Ref Proc: 0.3 ms]
      [Ref Enq: 0.0 ms]
      [Redirty Cards: 0.3 ms]
      [Humongous Register: 0.2 ms]
      [Humongous Reclaim: 0.1 ms]
      [Free CSet: 0.4 ms]
   [Eden: 44.0M(44.0M)->0.0B(328.0M) Survivors: 7168.0K->7168.0K Heap: 550.9M(1024.0M)->449.0M(1024.0M)]
 [Times: user=0.18 sys=0.08, real=0.02 secs] 
1.315: [GC pause (G1 Humongous Allocation) (young) (initial-mark), 0.0036915 secs]
   [Parallel Time: 2.5 ms, GC Workers: 18]
      [GC Worker Start (ms): Min: 1315.7, Avg: 1315.9, Max: 1316.1, Diff: 0.4]
      [Ext Root Scanning (ms): Min: 0.0, Avg: 0.3, Max: 0.6, Diff: 0.5, Sum: 4.5]
      [Update RS (ms): Min: 0.0, Avg: 0.1, Max: 0.9, Diff: 0.9, Sum: 2.5]
         [Processed Buffers: Min: 0, Avg: 0.9, Max: 3, Diff: 3, Sum: 16]
      [Scan RS (ms): Min: 0.0, Avg: 0.0, Max: 0.0, Diff: 0.0, Sum: 0.1]
      [Code Root Scanning (ms): Min: 0.0, Avg: 0.0, Max: 0.0, Diff: 0.0, Sum: 0.0]
      [Object Copy (ms): Min: 0.9, Avg: 1.5, Max: 1.7, Diff: 0.9, Sum: 26.2]
      [Termination (ms): Min: 0.0, Avg: 0.2, Max: 0.5, Diff: 0.5, Sum: 3.9]
         [Termination Attempts: Min: 1, Avg: 1.0, Max: 1, Diff: 0, Sum: 18]
      [GC Worker Other (ms): Min: 0.0, Avg: 0.0, Max: 0.0, Diff: 0.0, Sum: 0.3]
      [GC Worker Total (ms): Min: 1.9, Avg: 2.1, Max: 2.3, Diff: 0.3, Sum: 37.5]
      [GC Worker End (ms): Min: 1317.9, Avg: 1318.0, Max: 1318.0, Diff: 0.0]
   [Code Root Fixup: 0.0 ms]
   [Code Root Purge: 0.0 ms]
   [Clear CT: 0.2 ms]
   [Other: 1.0 ms]
      [Choose CSet: 0.0 ms]
      [Ref Proc: 0.3 ms]
      [Ref Enq: 0.0 ms]
      [Redirty Cards: 0.2 ms]
      [Humongous Register: 0.2 ms]
      [Humongous Reclaim: 0.0 ms]
      [Free CSet: 0.0 ms]
   [Eden: 4096.0K(328.0M)->0.0B(344.0M) Survivors: 7168.0K->7168.0K Heap: 452.3M(1024.0M)->448.2M(1024.0M)]
 [Times: user=0.04 sys=0.00, real=0.01 secs] 
1.319: [GC concurrent-root-region-scan-start]
1.319: [GC concurrent-root-region-scan-end, 0.0001173 secs]
1.319: [GC concurrent-mark-start]
1.323: [GC concurrent-mark-end, 0.0035212 secs]
1.324: [GC remark 1.324: [Finalize Marking, 0.0003644 secs] 1.324: [GC ref-proc, 0.0004125 secs] 1.324: [Unloading, 0.0009083 secs], 0.0026290 secs]
 [Times: user=0.01 sys=0.01, real=0.00 secs] 
1.326: [GC cleanup 452M->446M(1024M), 0.0018843 secs]
 [Times: user=0.02 sys=0.00, real=0.00 secs] 
1.328: [GC concurrent-cleanup-start]
1.328: [GC concurrent-cleanup-end, 0.0000326 secs]
1.464: [GC pause (G1 Evacuation Pause) (young) (to-space exhausted), 0.0211284 secs]
   [Parallel Time: 18.3 ms, GC Workers: 18]
      [GC Worker Start (ms): Min: 1464.7, Avg: 1465.0, Max: 1465.2, Diff: 0.5]
      [Ext Root Scanning (ms): Min: 0.0, Avg: 0.1, Max: 0.4, Diff: 0.4, Sum: 2.4]
      [Update RS (ms): Min: 1.1, Avg: 1.2, Max: 1.5, Diff: 0.4, Sum: 22.4]
         [Processed Buffers: Min: 2, Avg: 3.5, Max: 4, Diff: 2, Sum: 63]
      [Scan RS (ms): Min: 0.0, Avg: 0.1, Max: 0.3, Diff: 0.2, Sum: 1.7]
      [Code Root Scanning (ms): Min: 0.0, Avg: 0.0, Max: 0.0, Diff: 0.0, Sum: 0.0]
      [Object Copy (ms): Min: 15.7, Avg: 16.1, Max: 16.4, Diff: 0.7, Sum: 289.5]
      [Termination (ms): Min: 0.0, Avg: 0.2, Max: 0.3, Diff: 0.3, Sum: 4.1]
         [Termination Attempts: Min: 1, Avg: 1.1, Max: 2, Diff: 1, Sum: 19]
      [GC Worker Other (ms): Min: 0.0, Avg: 0.0, Max: 0.1, Diff: 0.1, Sum: 0.6]
      [GC Worker Total (ms): Min: 17.6, Avg: 17.8, Max: 18.1, Diff: 0.4, Sum: 320.7]
      [GC Worker End (ms): Min: 1482.8, Avg: 1482.8, Max: 1482.8, Diff: 0.1]
   [Code Root Fixup: 0.0 ms]
   [Code Root Purge: 0.0 ms]
   [Clear CT: 0.4 ms]
   [Other: 2.5 ms]
      [Evacuation Failure: 0.6 ms]
      [Choose CSet: 0.0 ms]
      [Ref Proc: 0.3 ms]
      [Ref Enq: 0.0 ms]
      [Redirty Cards: 0.2 ms]
      [Humongous Register: 0.3 ms]
      [Humongous Reclaim: 0.4 ms]
      [Free CSet: 0.4 ms]
   [Eden: 344.0M(344.0M)->0.0B(7168.0K) Survivors: 7168.0K->44.0M Heap: 865.1M(1024.0M)->666.1M(1024.0M)]
 [Times: user=0.30 sys=0.02, real=0.02 secs] 
1.488: [GC pause (G1 Evacuation Pause) (mixed), 0.0239409 secs]
   [Parallel Time: 22.3 ms, GC Workers: 18]
      [GC Worker Start (ms): Min: 1488.1, Avg: 1488.4, Max: 1488.5, Diff: 0.4]
      [Ext Root Scanning (ms): Min: 0.0, Avg: 0.2, Max: 0.5, Diff: 0.4, Sum: 3.2]
      [Update RS (ms): Min: 0.0, Avg: 0.2, Max: 0.4, Diff: 0.4, Sum: 3.3]
         [Processed Buffers: Min: 0, Avg: 1.6, Max: 7, Diff: 7, Sum: 28]
      [Scan RS (ms): Min: 0.0, Avg: 0.1, Max: 0.3, Diff: 0.3, Sum: 1.2]
      [Code Root Scanning (ms): Min: 0.0, Avg: 0.0, Max: 0.1, Diff: 0.1, Sum: 0.1]
      [Object Copy (ms): Min: 20.4, Avg: 20.7, Max: 21.2, Diff: 0.7, Sum: 373.5]
      [Termination (ms): Min: 0.0, Avg: 0.5, Max: 0.8, Diff: 0.8, Sum: 9.7]
         [Termination Attempts: Min: 1, Avg: 1.1, Max: 2, Diff: 1, Sum: 19]
      [GC Worker Other (ms): Min: 0.0, Avg: 0.0, Max: 0.0, Diff: 0.0, Sum: 0.2]
      [GC Worker Total (ms): Min: 21.6, Avg: 21.7, Max: 22.0, Diff: 0.4, Sum: 391.1]
      [GC Worker End (ms): Min: 1510.1, Avg: 1510.1, Max: 1510.1, Diff: 0.0]
   [Code Root Fixup: 0.0 ms]
   [Code Root Purge: 0.0 ms]
   [Clear CT: 0.2 ms]
   [Other: 1.4 ms]
      [Choose CSet: 0.1 ms]
      [Ref Proc: 0.3 ms]
      [Ref Enq: 0.0 ms]
      [Redirty Cards: 0.3 ms]
      [Humongous Register: 0.2 ms]
      [Humongous Reclaim: 0.1 ms]
      [Free CSet: 0.4 ms]
   [Eden: 7168.0K(7168.0K)->0.0B(219.0M) Survivors: 44.0M->2048.0K Heap: 674.4M(1024.0M)->596.8M(1024.0M)]
 [Times: user=0.12 sys=0.27, real=0.03 secs] 
1.513: [GC pause (G1 Humongous Allocation) (young) (initial-mark), 0.0024490 secs]
   [Parallel Time: 1.4 ms, GC Workers: 18]
      [GC Worker Start (ms): Min: 1513.4, Avg: 1513.5, Max: 1513.6, Diff: 0.2]
      [Ext Root Scanning (ms): Min: 0.1, Avg: 0.2, Max: 0.3, Diff: 0.2, Sum: 4.0]
      [Update RS (ms): Min: 0.1, Avg: 0.4, Max: 0.8, Diff: 0.8, Sum: 6.9]
         [Processed Buffers: Min: 1, Avg: 1.1, Max: 2, Diff: 1, Sum: 19]
      [Scan RS (ms): Min: 0.0, Avg: 0.0, Max: 0.0, Diff: 0.0, Sum: 0.1]
      [Code Root Scanning (ms): Min: 0.0, Avg: 0.0, Max: 0.0, Diff: 0.0, Sum: 0.0]
      [Object Copy (ms): Min: 0.0, Avg: 0.2, Max: 0.6, Diff: 0.6, Sum: 4.3]
      [Termination (ms): Min: 0.0, Avg: 0.2, Max: 0.3, Diff: 0.3, Sum: 3.6]
         [Termination Attempts: Min: 1, Avg: 1.2, Max: 3, Diff: 2, Sum: 22]
      [GC Worker Other (ms): Min: 0.0, Avg: 0.0, Max: 0.0, Diff: 0.0, Sum: 0.2]
      [GC Worker Total (ms): Min: 1.0, Avg: 1.1, Max: 1.2, Diff: 0.2, Sum: 19.1]
      [GC Worker End (ms): Min: 1514.6, Avg: 1514.6, Max: 1514.6, Diff: 0.0]
   [Code Root Fixup: 0.0 ms]
   [Code Root Purge: 0.0 ms]
   [Clear CT: 0.2 ms]
   [Other: 0.8 ms]
      [Choose CSet: 0.0 ms]
      [Ref Proc: 0.3 ms]
      [Ref Enq: 0.0 ms]
      [Redirty Cards: 0.2 ms]
      [Humongous Register: 0.1 ms]
      [Humongous Reclaim: 0.0 ms]
      [Free CSet: 0.0 ms]
   [Eden: 4096.0K(219.0M)->0.0B(223.0M) Survivors: 2048.0K->3072.0K Heap: 600.6M(1024.0M)->596.9M(1024.0M)]
 [Times: user=0.02 sys=0.00, real=0.00 secs] 
1.516: [GC concurrent-root-region-scan-start]
1.516: [GC concurrent-root-region-scan-end, 0.0001408 secs]
1.516: [GC concurrent-mark-start]
1.518: [GC concurrent-mark-end, 0.0017742 secs]
1.518: [GC remark 1.518: [Finalize Marking, 0.0003720 secs] 1.518: [GC ref-proc, 0.0004112 secs] 1.519: [Unloading, 0.0009603 secs], 0.0026233 secs]
 [Times: user=0.02 sys=0.00, real=0.01 secs] 
1.521: [GC cleanup 605M->599M(1024M), 0.0018828 secs]
 [Times: user=0.02 sys=0.00, real=0.00 secs] 
1.522: [GC concurrent-cleanup-start]
1.523: [GC concurrent-cleanup-end, 0.0000340 secs]
1.611: [GC pause (G1 Evacuation Pause) (young), 0.0217159 secs]
   [Parallel Time: 19.6 ms, GC Workers: 18]
      [GC Worker Start (ms): Min: 1611.4, Avg: 1611.5, Max: 1611.7, Diff: 0.3]
      [Ext Root Scanning (ms): Min: 0.0, Avg: 0.2, Max: 0.3, Diff: 0.3, Sum: 3.0]
      [Update RS (ms): Min: 1.2, Avg: 1.4, Max: 2.4, Diff: 1.2, Sum: 25.0]
         [Processed Buffers: Min: 3, Avg: 3.8, Max: 5, Diff: 2, Sum: 68]
      [Scan RS (ms): Min: 0.0, Avg: 0.1, Max: 0.2, Diff: 0.2, Sum: 1.2]
      [Code Root Scanning (ms): Min: 0.0, Avg: 0.0, Max: 0.0, Diff: 0.0, Sum: 0.0]
      [Object Copy (ms): Min: 15.6, Avg: 17.1, Max: 17.7, Diff: 2.1, Sum: 307.9]
      [Termination (ms): Min: 0.0, Avg: 0.4, Max: 0.9, Diff: 0.9, Sum: 7.4]
         [Termination Attempts: Min: 1, Avg: 1.0, Max: 1, Diff: 0, Sum: 18]
      [GC Worker Other (ms): Min: 0.0, Avg: 0.0, Max: 0.0, Diff: 0.0, Sum: 0.3]
      [GC Worker Total (ms): Min: 19.0, Avg: 19.2, Max: 19.3, Diff: 0.3, Sum: 344.8]
      [GC Worker End (ms): Min: 1630.7, Avg: 1630.7, Max: 1630.7, Diff: 0.0]
   [Code Root Fixup: 0.0 ms]
   [Code Root Purge: 0.0 ms]
   [Clear CT: 0.3 ms]
   [Other: 1.9 ms]
      [Choose CSet: 0.0 ms]
      [Ref Proc: 0.3 ms]
      [Ref Enq: 0.0 ms]
      [Redirty Cards: 0.3 ms]
      [Humongous Register: 0.4 ms]
      [Humongous Reclaim: 0.3 ms]
      [Free CSet: 0.4 ms]
   [Eden: 223.0M(223.0M)->0.0B(22.0M) Survivors: 3072.0K->29.0M Heap: 860.1M(1024.0M)->656.0M(1024.0M)]
 [Times: user=0.31 sys=0.03, real=0.02 secs] 
1.640: [GC pause (G1 Evacuation Pause) (mixed), 0.0167569 secs]
   [Parallel Time: 15.1 ms, GC Workers: 18]
      [GC Worker Start (ms): Min: 1640.0, Avg: 1640.3, Max: 1640.6, Diff: 0.5]
      [Ext Root Scanning (ms): Min: 0.0, Avg: 0.1, Max: 0.4, Diff: 0.4, Sum: 2.4]
      [Update RS (ms): Min: 0.4, Avg: 0.8, Max: 1.3, Diff: 0.9, Sum: 15.3]
         [Processed Buffers: Min: 2, Avg: 2.9, Max: 4, Diff: 2, Sum: 53]
      [Scan RS (ms): Min: 0.0, Avg: 0.0, Max: 0.1, Diff: 0.1, Sum: 0.7]
      [Code Root Scanning (ms): Min: 0.0, Avg: 0.0, Max: 0.0, Diff: 0.0, Sum: 0.0]
      [Object Copy (ms): Min: 11.9, Avg: 12.6, Max: 13.7, Diff: 1.8, Sum: 226.2]
      [Termination (ms): Min: 0.0, Avg: 1.1, Max: 1.5, Diff: 1.5, Sum: 20.4]
         [Termination Attempts: Min: 1, Avg: 1.0, Max: 1, Diff: 0, Sum: 18]
      [GC Worker Other (ms): Min: 0.0, Avg: 0.0, Max: 0.0, Diff: 0.0, Sum: 0.4]
      [GC Worker Total (ms): Min: 14.5, Avg: 14.7, Max: 15.0, Diff: 0.6, Sum: 265.4]
      [GC Worker End (ms): Min: 1655.1, Avg: 1655.1, Max: 1655.1, Diff: 0.0]
   [Code Root Fixup: 0.0 ms]
   [Code Root Purge: 0.0 ms]
   [Clear CT: 0.3 ms]
   [Other: 1.4 ms]
      [Choose CSet: 0.1 ms]
      [Ref Proc: 0.2 ms]
      [Ref Enq: 0.0 ms]
      [Redirty Cards: 0.3 ms]
      [Humongous Register: 0.2 ms]
      [Humongous Reclaim: 0.1 ms]
      [Free CSet: 0.4 ms]
   [Eden: 22.0M(22.0M)->0.0B(44.0M) Survivors: 29.0M->7168.0K Heap: 682.2M(1024.0M)->564.1M(1024.0M)]
 [Times: user=0.16 sys=0.11, real=0.01 secs] 
1.673: [GC pause (G1 Evacuation Pause) (mixed), 0.0147696 secs]
   [Parallel Time: 12.9 ms, GC Workers: 18]
      [GC Worker Start (ms): Min: 1673.8, Avg: 1674.0, Max: 1674.2, Diff: 0.4]
      [Ext Root Scanning (ms): Min: 0.0, Avg: 0.2, Max: 0.3, Diff: 0.3, Sum: 3.1]
      [Update RS (ms): Min: 0.9, Avg: 1.0, Max: 1.3, Diff: 0.4, Sum: 18.5]
         [Processed Buffers: Min: 3, Avg: 3.5, Max: 5, Diff: 2, Sum: 63]
      [Scan RS (ms): Min: 0.0, Avg: 0.1, Max: 0.1, Diff: 0.1, Sum: 0.9]
      [Code Root Scanning (ms): Min: 0.0, Avg: 0.0, Max: 0.0, Diff: 0.0, Sum: 0.0]
      [Object Copy (ms): Min: 10.6, Avg: 11.0, Max: 11.3, Diff: 0.6, Sum: 197.4]
      [Termination (ms): Min: 0.0, Avg: 0.2, Max: 0.4, Diff: 0.4, Sum: 3.7]
         [Termination Attempts: Min: 1, Avg: 1.1, Max: 3, Diff: 2, Sum: 20]
      [GC Worker Other (ms): Min: 0.0, Avg: 0.0, Max: 0.0, Diff: 0.0, Sum: 0.3]
      [GC Worker Total (ms): Min: 12.3, Avg: 12.4, Max: 12.6, Diff: 0.4, Sum: 224.0]
      [GC Worker End (ms): Min: 1686.4, Avg: 1686.4, Max: 1686.4, Diff: 0.0]
   [Code Root Fixup: 0.0 ms]
   [Code Root Purge: 0.0 ms]
   [Clear CT: 0.2 ms]
   [Other: 1.6 ms]
      [Choose CSet: 0.1 ms]
      [Ref Proc: 0.4 ms]
      [Ref Enq: 0.0 ms]
      [Redirty Cards: 0.3 ms]
      [Humongous Register: 0.2 ms]
      [Humongous Reclaim: 0.1 ms]
      [Free CSet: 0.4 ms]
   [Eden: 44.0M(44.0M)->0.0B(44.0M) Survivors: 7168.0K->7168.0K Heap: 613.5M(1024.0M)->497.2M(1024.0M)]
 [Times: user=0.18 sys=0.04, real=0.02 secs] 
1.707: [GC pause (G1 Evacuation Pause) (mixed), 0.0156041 secs]
   [Parallel Time: 14.1 ms, GC Workers: 18]
      [GC Worker Start (ms): Min: 1707.5, Avg: 1707.8, Max: 1708.0, Diff: 0.5]
      [Ext Root Scanning (ms): Min: 0.0, Avg: 0.1, Max: 0.4, Diff: 0.4, Sum: 2.5]
      [Update RS (ms): Min: 1.5, Avg: 1.6, Max: 1.7, Diff: 0.2, Sum: 28.3]
         [Processed Buffers: Min: 4, Avg: 5.3, Max: 7, Diff: 3, Sum: 95]
      [Scan RS (ms): Min: 0.0, Avg: 0.0, Max: 0.1, Diff: 0.1, Sum: 0.5]
      [Code Root Scanning (ms): Min: 0.0, Avg: 0.0, Max: 0.0, Diff: 0.0, Sum: 0.0]
      [Object Copy (ms): Min: 11.6, Avg: 11.7, Max: 11.9, Diff: 0.3, Sum: 211.4]
      [Termination (ms): Min: 0.0, Avg: 0.1, Max: 0.2, Diff: 0.2, Sum: 2.4]
         [Termination Attempts: Min: 1, Avg: 1.2, Max: 2, Diff: 1, Sum: 21]
      [GC Worker Other (ms): Min: 0.0, Avg: 0.0, Max: 0.0, Diff: 0.0, Sum: 0.3]
      [GC Worker Total (ms): Min: 13.4, Avg: 13.6, Max: 13.9, Diff: 0.5, Sum: 245.5]
      [GC Worker End (ms): Min: 1721.4, Avg: 1721.4, Max: 1721.4, Diff: 0.0]
   [Code Root Fixup: 0.0 ms]
   [Code Root Purge: 0.0 ms]
   [Clear CT: 0.2 ms]
   [Other: 1.3 ms]
      [Choose CSet: 0.1 ms]
      [Ref Proc: 0.3 ms]
      [Ref Enq: 0.0 ms]
      [Redirty Cards: 0.2 ms]
      [Humongous Register: 0.2 ms]
      [Humongous Reclaim: 0.1 ms]
      [Free CSet: 0.3 ms]
   [Eden: 44.0M(44.0M)->0.0B(320.0M) Survivors: 7168.0K->7168.0K Heap: 550.7M(1024.0M)->468.0M(1024.0M)]
 [Times: user=0.19 sys=0.06, real=0.02 secs] 
1.723: [GC pause (G1 Humongous Allocation) (young) (initial-mark), 0.0035611 secs]
   [Parallel Time: 2.5 ms, GC Workers: 18]
      [GC Worker Start (ms): Min: 1723.7, Avg: 1723.8, Max: 1724.0, Diff: 0.3]
      [Ext Root Scanning (ms): Min: 0.0, Avg: 0.2, Max: 0.4, Diff: 0.4, Sum: 4.2]
      [Update RS (ms): Min: 0.0, Avg: 0.2, Max: 0.6, Diff: 0.6, Sum: 3.5]
         [Processed Buffers: Min: 0, Avg: 1.0, Max: 3, Diff: 3, Sum: 18]
      [Scan RS (ms): Min: 0.0, Avg: 0.0, Max: 0.0, Diff: 0.0, Sum: 0.1]
      [Code Root Scanning (ms): Min: 0.0, Avg: 0.0, Max: 0.0, Diff: 0.0, Sum: 0.0]
      [Object Copy (ms): Min: 1.1, Avg: 1.4, Max: 1.8, Diff: 0.7, Sum: 25.8]
      [Termination (ms): Min: 0.0, Avg: 0.2, Max: 0.5, Diff: 0.5, Sum: 4.0]
         [Termination Attempts: Min: 1, Avg: 1.0, Max: 1, Diff: 0, Sum: 18]
      [GC Worker Other (ms): Min: 0.0, Avg: 0.0, Max: 0.0, Diff: 0.0, Sum: 0.2]
      [GC Worker Total (ms): Min: 1.9, Avg: 2.1, Max: 2.3, Diff: 0.3, Sum: 37.8]
      [GC Worker End (ms): Min: 1725.9, Avg: 1725.9, Max: 1725.9, Diff: 0.0]
   [Code Root Fixup: 0.0 ms]
   [Code Root Purge: 0.0 ms]
   [Clear CT: 0.2 ms]
   [Other: 0.9 ms]
      [Choose CSet: 0.0 ms]
      [Ref Proc: 0.2 ms]
      [Ref Enq: 0.0 ms]
      [Redirty Cards: 0.2 ms]
      [Humongous Register: 0.2 ms]
      [Humongous Reclaim: 0.0 ms]
      [Free CSet: 0.0 ms]
   [Eden: 1024.0K(320.0M)->0.0B(300.0M) Survivors: 7168.0K->7168.0K Heap: 468.8M(1024.0M)->468.0M(1024.0M)]
 [Times: user=0.04 sys=0.00, real=0.00 secs] 
1.727: [GC concurrent-root-region-scan-start]
1.727: [GC concurrent-root-region-scan-end, 0.0001451 secs]
1.727: [GC concurrent-mark-start]
1.729: [GC concurrent-mark-end, 0.0019524 secs]
1.729: [GC remark 1.729: [Finalize Marking, 0.0003454 secs] 1.730: [GC ref-proc, 0.0004112 secs] 1.730: [Unloading, 0.0008653 secs], 0.0025180 secs]
 [Times: user=0.02 sys=0.00, real=0.00 secs] 
1.732: [GC cleanup 474M->472M(1024M), 0.0016082 secs]
 [Times: user=0.01 sys=0.00, real=0.00 secs] 
1.734: [GC concurrent-cleanup-start]
1.734: [GC concurrent-cleanup-end, 0.0000224 secs]
1.867: [GC pause (G1 Evacuation Pause) (young) (to-space exhausted), 0.0328178 secs]
   [Parallel Time: 29.2 ms, GC Workers: 18]
      [GC Worker Start (ms): Min: 1867.8, Avg: 1868.0, Max: 1868.2, Diff: 0.4]
      [Ext Root Scanning (ms): Min: 0.0, Avg: 0.2, Max: 0.4, Diff: 0.4, Sum: 2.8]
      [Update RS (ms): Min: 2.2, Avg: 2.4, Max: 2.5, Diff: 0.3, Sum: 43.0]
         [Processed Buffers: Min: 3, Avg: 5.2, Max: 6, Diff: 3, Sum: 93]
      [Scan RS (ms): Min: 0.0, Avg: 0.1, Max: 0.4, Diff: 0.4, Sum: 1.7]
      [Code Root Scanning (ms): Min: 0.0, Avg: 0.0, Max: 0.0, Diff: 0.0, Sum: 0.0]
      [Object Copy (ms): Min: 25.5, Avg: 25.9, Max: 26.1, Diff: 0.6, Sum: 467.1]
      [Termination (ms): Min: 0.0, Avg: 0.1, Max: 0.2, Diff: 0.2, Sum: 1.8]
         [Termination Attempts: Min: 1, Avg: 1.3, Max: 2, Diff: 1, Sum: 23]
      [GC Worker Other (ms): Min: 0.0, Avg: 0.0, Max: 0.1, Diff: 0.0, Sum: 0.4]
      [GC Worker Total (ms): Min: 28.6, Avg: 28.7, Max: 28.9, Diff: 0.4, Sum: 516.9]
      [GC Worker End (ms): Min: 1896.7, Avg: 1896.7, Max: 1896.8, Diff: 0.0]
   [Code Root Fixup: 0.0 ms]
   [Code Root Purge: 0.0 ms]
   [Clear CT: 0.4 ms]
   [Other: 3.2 ms]
      [Evacuation Failure: 0.7 ms]
      [Choose CSet: 0.0 ms]
      [Ref Proc: 0.3 ms]
      [Ref Enq: 0.0 ms]
      [Redirty Cards: 0.2 ms]
      [Humongous Register: 0.9 ms]
      [Humongous Reclaim: 0.4 ms]
      [Free CSet: 0.5 ms]
   [Eden: 300.0M(300.0M)->0.0B(12.0M) Survivors: 7168.0K->39.0M Heap: 849.0M(1024.0M)->639.5M(1024.0M)]
 [Times: user=0.49 sys=0.03, real=0.04 secs] 
1.905: [GC pause (G1 Evacuation Pause) (mixed), 0.0273989 secs]
   [Parallel Time: 25.7 ms, GC Workers: 18]
      [GC Worker Start (ms): Min: 1905.7, Avg: 1906.0, Max: 1906.2, Diff: 0.5]
      [Ext Root Scanning (ms): Min: 0.0, Avg: 0.2, Max: 0.4, Diff: 0.4, Sum: 2.8]
      [Update RS (ms): Min: 1.6, Avg: 1.8, Max: 1.9, Diff: 0.3, Sum: 31.7]
         [Processed Buffers: Min: 3, Avg: 4.4, Max: 8, Diff: 5, Sum: 79]
      [Scan RS (ms): Min: 0.0, Avg: 0.2, Max: 0.6, Diff: 0.6, Sum: 3.7]
      [Code Root Scanning (ms): Min: 0.0, Avg: 0.0, Max: 0.2, Diff: 0.2, Sum: 0.2]
      [Object Copy (ms): Min: 21.4, Avg: 21.8, Max: 23.0, Diff: 1.6, Sum: 392.9]
      [Termination (ms): Min: 0.0, Avg: 1.2, Max: 1.6, Diff: 1.6, Sum: 21.0]
         [Termination Attempts: Min: 1, Avg: 1.0, Max: 1, Diff: 0, Sum: 18]
      [GC Worker Other (ms): Min: 0.0, Avg: 0.0, Max: 0.0, Diff: 0.0, Sum: 0.3]
      [GC Worker Total (ms): Min: 24.9, Avg: 25.1, Max: 25.4, Diff: 0.5, Sum: 452.6]
      [GC Worker End (ms): Min: 1931.1, Avg: 1931.1, Max: 1931.1, Diff: 0.0]
   [Code Root Fixup: 0.0 ms]
   [Code Root Purge: 0.0 ms]
   [Clear CT: 0.2 ms]
   [Other: 1.5 ms]
      [Choose CSet: 0.1 ms]
      [Ref Proc: 0.3 ms]
      [Ref Enq: 0.0 ms]
      [Redirty Cards: 0.3 ms]
      [Humongous Register: 0.2 ms]
      [Humongous Reclaim: 0.1 ms]
      [Free CSet: 0.4 ms]
   [Eden: 12.0M(12.0M)->0.0B(47.0M) Survivors: 39.0M->4096.0K Heap: 658.8M(1024.0M)->570.7M(1024.0M)]
 [Times: user=0.19 sys=0.27, real=0.03 secs] 
1.950: [GC pause (G1 Evacuation Pause) (mixed), 0.0114144 secs]
   [Parallel Time: 10.1 ms, GC Workers: 18]
      [GC Worker Start (ms): Min: 1950.1, Avg: 1950.3, Max: 1950.4, Diff: 0.4]
      [Ext Root Scanning (ms): Min: 0.0, Avg: 0.1, Max: 0.4, Diff: 0.4, Sum: 2.7]
      [Update RS (ms): Min: 1.2, Avg: 1.5, Max: 1.7, Diff: 0.5, Sum: 26.4]
         [Processed Buffers: Min: 3, Avg: 4.5, Max: 6, Diff: 3, Sum: 81]
      [Scan RS (ms): Min: 0.0, Avg: 0.0, Max: 0.1, Diff: 0.1, Sum: 0.4]
      [Code Root Scanning (ms): Min: 0.0, Avg: 0.0, Max: 0.0, Diff: 0.0, Sum: 0.0]
      [Object Copy (ms): Min: 6.6, Avg: 7.1, Max: 7.8, Diff: 1.3, Sum: 127.7]
      [Termination (ms): Min: 0.0, Avg: 0.9, Max: 1.3, Diff: 1.3, Sum: 16.7]
         [Termination Attempts: Min: 1, Avg: 1.0, Max: 1, Diff: 0, Sum: 18]
      [GC Worker Other (ms): Min: 0.0, Avg: 0.0, Max: 0.1, Diff: 0.1, Sum: 0.5]
      [GC Worker Total (ms): Min: 9.5, Avg: 9.7, Max: 9.9, Diff: 0.4, Sum: 174.3]
      [GC Worker End (ms): Min: 1959.9, Avg: 1960.0, Max: 1960.0, Diff: 0.0]
   [Code Root Fixup: 0.0 ms]
   [Code Root Purge: 0.0 ms]
   [Clear CT: 0.2 ms]
   [Other: 1.1 ms]
      [Choose CSet: 0.0 ms]
      [Ref Proc: 0.3 ms]
      [Ref Enq: 0.0 ms]
      [Redirty Cards: 0.3 ms]
      [Humongous Register: 0.1 ms]
      [Humongous Reclaim: 0.2 ms]
      [Free CSet: 0.1 ms]
   [Eden: 47.0M(47.0M)->0.0B(215.0M) Survivors: 4096.0K->7168.0K Heap: 625.5M(1024.0M)->579.3M(1024.0M)]
 [Times: user=0.11 sys=0.06, real=0.01 secs] 
1.962: [GC pause (G1 Humongous Allocation) (young) (initial-mark), 0.0038358 secs]
   [Parallel Time: 2.6 ms, GC Workers: 18]
      [GC Worker Start (ms): Min: 1962.5, Avg: 1962.7, Max: 1962.9, Diff: 0.4]
      [Ext Root Scanning (ms): Min: 0.0, Avg: 0.2, Max: 0.5, Diff: 0.5, Sum: 3.9]
      [Update RS (ms): Min: 0.0, Avg: 0.3, Max: 1.2, Diff: 1.2, Sum: 4.9]
         [Processed Buffers: Min: 0, Avg: 1.1, Max: 2, Diff: 2, Sum: 19]
      [Scan RS (ms): Min: 0.0, Avg: 0.0, Max: 0.0, Diff: 0.0, Sum: 0.1]
      [Code Root Scanning (ms): Min: 0.0, Avg: 0.0, Max: 0.0, Diff: 0.0, Sum: 0.0]
      [Object Copy (ms): Min: 0.5, Avg: 1.4, Max: 1.8, Diff: 1.4, Sum: 24.6]
      [Termination (ms): Min: 0.0, Avg: 0.3, Max: 0.5, Diff: 0.5, Sum: 4.8]
         [Termination Attempts: Min: 1, Avg: 1.0, Max: 1, Diff: 0, Sum: 18]
      [GC Worker Other (ms): Min: 0.0, Avg: 0.0, Max: 0.0, Diff: 0.0, Sum: 0.2]
      [GC Worker Total (ms): Min: 2.0, Avg: 2.1, Max: 2.4, Diff: 0.4, Sum: 38.6]
      [GC Worker End (ms): Min: 1964.8, Avg: 1964.8, Max: 1964.9, Diff: 0.0]
   [Code Root Fixup: 0.0 ms]
   [Code Root Purge: 0.0 ms]
   [Clear CT: 0.3 ms]
   [Other: 1.0 ms]
      [Choose CSet: 0.0 ms]
      [Ref Proc: 0.3 ms]
      [Ref Enq: 0.0 ms]
      [Redirty Cards: 0.2 ms]
      [Humongous Register: 0.2 ms]
      [Humongous Reclaim: 0.0 ms]
      [Free CSet: 0.0 ms]
   [Eden: 3072.0K(215.0M)->0.0B(206.0M) Survivors: 7168.0K->9216.0K Heap: 581.5M(1024.0M)->580.7M(1024.0M)]
 [Times: user=0.04 sys=0.00, real=0.00 secs] 
1.966: [GC concurrent-root-region-scan-start]
1.966: [GC concurrent-root-region-scan-end, 0.0001614 secs]
1.966: [GC concurrent-mark-start]
1.970: [GC concurrent-mark-end, 0.0038270 secs]
1.970: [GC remark 1.970: [Finalize Marking, 0.0004451 secs] 1.971: [GC ref-proc, 0.0004124 secs] 1.971: [Unloading, 0.0010016 secs], 0.0028813 secs]
 [Times: user=0.03 sys=0.00, real=0.00 secs] 
1.973: [GC cleanup 595M->583M(1024M), 0.0017327 secs]
 [Times: user=0.01 sys=0.00, real=0.00 secs] 
1.975: [GC concurrent-cleanup-start]
1.975: [GC concurrent-cleanup-end, 0.0000566 secs]
2.064: [GC pause (G1 Evacuation Pause) (young), 0.0227413 secs]
   [Parallel Time: 20.8 ms, GC Workers: 18]
      [GC Worker Start (ms): Min: 2064.8, Avg: 2065.0, Max: 2065.3, Diff: 0.4]
      [Ext Root Scanning (ms): Min: 0.0, Avg: 0.2, Max: 0.4, Diff: 0.4, Sum: 3.0]
      [Update RS (ms): Min: 2.0, Avg: 2.3, Max: 2.5, Diff: 0.5, Sum: 40.6]
         [Processed Buffers: Min: 3, Avg: 5.7, Max: 7, Diff: 4, Sum: 103]
      [Scan RS (ms): Min: 0.0, Avg: 0.1, Max: 0.2, Diff: 0.2, Sum: 1.6]
      [Code Root Scanning (ms): Min: 0.0, Avg: 0.0, Max: 0.0, Diff: 0.0, Sum: 0.0]
      [Object Copy (ms): Min: 17.1, Avg: 17.5, Max: 17.8, Diff: 0.8, Sum: 315.8]
      [Termination (ms): Min: 0.0, Avg: 0.3, Max: 0.5, Diff: 0.5, Sum: 4.7]
         [Termination Attempts: Min: 1, Avg: 1.0, Max: 1, Diff: 0, Sum: 18]
      [GC Worker Other (ms): Min: 0.0, Avg: 0.0, Max: 0.1, Diff: 0.0, Sum: 0.4]
      [GC Worker Total (ms): Min: 20.1, Avg: 20.3, Max: 20.6, Diff: 0.4, Sum: 366.2]
      [GC Worker End (ms): Min: 2085.4, Avg: 2085.4, Max: 2085.4, Diff: 0.0]
   [Code Root Fixup: 0.0 ms]
   [Code Root Purge: 0.0 ms]
   [Clear CT: 0.2 ms]
   [Other: 1.7 ms]
      [Choose CSet: 0.0 ms]
      [Ref Proc: 0.3 ms]
      [Ref Enq: 0.0 ms]
      [Redirty Cards: 0.3 ms]
      [Humongous Register: 0.3 ms]
      [Humongous Reclaim: 0.3 ms]
      [Free CSet: 0.4 ms]
   [Eden: 206.0M(206.0M)->0.0B(24.0M) Survivors: 9216.0K->27.0M Heap: 846.7M(1024.0M)->635.5M(1024.0M)]
 [Times: user=0.30 sys=0.05, real=0.02 secs] 
2.097: [GC pause (G1 Evacuation Pause) (mixed), 0.0161089 secs]
   [Parallel Time: 14.4 ms, GC Workers: 18]
      [GC Worker Start (ms): Min: 2097.0, Avg: 2097.2, Max: 2097.4, Diff: 0.3]
      [Ext Root Scanning (ms): Min: 0.0, Avg: 0.2, Max: 0.3, Diff: 0.3, Sum: 3.1]
      [Update RS (ms): Min: 1.5, Avg: 1.6, Max: 1.8, Diff: 0.3, Sum: 28.9]
         [Processed Buffers: Min: 4, Avg: 5.3, Max: 8, Diff: 4, Sum: 95]
      [Scan RS (ms): Min: 0.0, Avg: 0.0, Max: 0.1, Diff: 0.1, Sum: 0.8]
      [Code Root Scanning (ms): Min: 0.0, Avg: 0.0, Max: 0.0, Diff: 0.0, Sum: 0.0]
      [Object Copy (ms): Min: 11.0, Avg: 11.5, Max: 12.1, Diff: 1.1, Sum: 206.5]
      [Termination (ms): Min: 0.0, Avg: 0.6, Max: 0.9, Diff: 0.9, Sum: 10.6]
         [Termination Attempts: Min: 1, Avg: 1.1, Max: 3, Diff: 2, Sum: 20]
      [GC Worker Other (ms): Min: 0.0, Avg: 0.0, Max: 0.0, Diff: 0.0, Sum: 0.4]
      [GC Worker Total (ms): Min: 13.7, Avg: 13.9, Max: 14.1, Diff: 0.3, Sum: 250.3]
      [GC Worker End (ms): Min: 2111.1, Avg: 2111.1, Max: 2111.1, Diff: 0.0]
   [Code Root Fixup: 0.0 ms]
   [Code Root Purge: 0.0 ms]
   [Clear CT: 0.2 ms]
   [Other: 1.5 ms]
      [Choose CSet: 0.1 ms]
      [Ref Proc: 0.3 ms]
      [Ref Enq: 0.0 ms]
      [Redirty Cards: 0.2 ms]
      [Humongous Register: 0.2 ms]
      [Humongous Reclaim: 0.1 ms]
      [Free CSet: 0.4 ms]
   [Eden: 24.0M(24.0M)->0.0B(45.0M) Survivors: 27.0M->6144.0K Heap: 669.1M(1024.0M)->547.1M(1024.0M)]
 [Times: user=0.16 sys=0.10, real=0.02 secs] 
2.130: [GC pause (G1 Evacuation Pause) (mixed), 0.0207061 secs]
   [Parallel Time: 18.9 ms, GC Workers: 18]
      [GC Worker Start (ms): Min: 2130.0, Avg: 2130.2, Max: 2130.4, Diff: 0.4]
      [Ext Root Scanning (ms): Min: 0.0, Avg: 0.1, Max: 0.4, Diff: 0.4, Sum: 2.6]
      [Update RS (ms): Min: 1.4, Avg: 1.5, Max: 1.6, Diff: 0.2, Sum: 27.6]
         [Processed Buffers: Min: 4, Avg: 5.1, Max: 6, Diff: 2, Sum: 91]
      [Scan RS (ms): Min: 0.0, Avg: 0.1, Max: 0.3, Diff: 0.3, Sum: 1.2]
      [Code Root Scanning (ms): Min: 0.0, Avg: 0.0, Max: 0.0, Diff: 0.0, Sum: 0.0]
      [Object Copy (ms): Min: 15.0, Avg: 15.6, Max: 16.7, Diff: 1.6, Sum: 280.5]
      [Termination (ms): Min: 0.0, Avg: 1.1, Max: 1.6, Diff: 1.6, Sum: 19.7]
         [Termination Attempts: Min: 1, Avg: 1.6, Max: 4, Diff: 3, Sum: 28]
      [GC Worker Other (ms): Min: 0.0, Avg: 0.0, Max: 0.1, Diff: 0.1, Sum: 0.5]
      [GC Worker Total (ms): Min: 18.3, Avg: 18.5, Max: 18.7, Diff: 0.4, Sum: 332.2]
      [GC Worker End (ms): Min: 2148.6, Avg: 2148.6, Max: 2148.7, Diff: 0.0]
   [Code Root Fixup: 0.0 ms]
   [Code Root Purge: 0.0 ms]
   [Clear CT: 0.3 ms]
   [Other: 1.5 ms]
      [Choose CSet: 0.1 ms]
      [Ref Proc: 0.3 ms]
      [Ref Enq: 0.0 ms]
      [Redirty Cards: 0.3 ms]
      [Humongous Register: 0.2 ms]
      [Humongous Reclaim: 0.1 ms]
      [Free CSet: 0.4 ms]
   [Eden: 45.0M(45.0M)->0.0B(44.0M) Survivors: 6144.0K->7168.0K Heap: 601.2M(1024.0M)->490.7M(1024.0M)]
 [Times: user=0.17 sys=0.15, real=0.02 secs] 
2.168: [GC pause (G1 Evacuation Pause) (mixed), 0.0132870 secs]
   [Parallel Time: 11.8 ms, GC Workers: 18]
      [GC Worker Start (ms): Min: 2168.0, Avg: 2168.1, Max: 2168.3, Diff: 0.4]
      [Ext Root Scanning (ms): Min: 0.0, Avg: 0.2, Max: 0.3, Diff: 0.3, Sum: 3.0]
      [Update RS (ms): Min: 1.4, Avg: 1.6, Max: 1.7, Diff: 0.3, Sum: 28.7]
         [Processed Buffers: Min: 4, Avg: 5.1, Max: 7, Diff: 3, Sum: 91]
      [Scan RS (ms): Min: 0.0, Avg: 0.0, Max: 0.1, Diff: 0.1, Sum: 0.4]
      [Code Root Scanning (ms): Min: 0.0, Avg: 0.0, Max: 0.0, Diff: 0.0, Sum: 0.0]
      [Object Copy (ms): Min: 8.7, Avg: 9.1, Max: 9.8, Diff: 1.1, Sum: 163.9]
      [Termination (ms): Min: 0.0, Avg: 0.6, Max: 0.8, Diff: 0.8, Sum: 10.1]
         [Termination Attempts: Min: 1, Avg: 1.0, Max: 1, Diff: 0, Sum: 18]
      [GC Worker Other (ms): Min: 0.0, Avg: 0.0, Max: 0.0, Diff: 0.0, Sum: 0.3]
      [GC Worker Total (ms): Min: 11.3, Avg: 11.5, Max: 11.6, Diff: 0.3, Sum: 206.3]
      [GC Worker End (ms): Min: 2179.6, Avg: 2179.6, Max: 2179.6, Diff: 0.0]
   [Code Root Fixup: 0.0 ms]
   [Code Root Purge: 0.0 ms]
   [Clear CT: 0.3 ms]
   [Other: 1.2 ms]
      [Choose CSet: 0.0 ms]
      [Ref Proc: 0.3 ms]
      [Ref Enq: 0.0 ms]
      [Redirty Cards: 0.2 ms]
      [Humongous Register: 0.2 ms]
      [Humongous Reclaim: 0.1 ms]
      [Free CSet: 0.2 ms]
   [Eden: 44.0M(44.0M)->0.0B(275.0M) Survivors: 7168.0K->7168.0K Heap: 543.6M(1024.0M)->491.6M(1024.0M)]
 [Times: user=0.17 sys=0.04, real=0.02 secs] 
2.181: [GC pause (G1 Humongous Allocation) (young) (initial-mark), 0.0040041 secs]
   [Parallel Time: 2.7 ms, GC Workers: 18]
      [GC Worker Start (ms): Min: 2181.7, Avg: 2181.9, Max: 2182.1, Diff: 0.4]
      [Ext Root Scanning (ms): Min: 0.0, Avg: 0.2, Max: 0.4, Diff: 0.4, Sum: 3.0]
      [Update RS (ms): Min: 0.0, Avg: 0.3, Max: 1.0, Diff: 0.9, Sum: 5.8]
         [Processed Buffers: Min: 0, Avg: 0.9, Max: 2, Diff: 2, Sum: 17]
      [Scan RS (ms): Min: 0.0, Avg: 0.0, Max: 0.0, Diff: 0.0, Sum: 0.1]
      [Code Root Scanning (ms): Min: 0.0, Avg: 0.0, Max: 0.0, Diff: 0.0, Sum: 0.0]
      [Object Copy (ms): Min: 0.8, Avg: 1.5, Max: 2.1, Diff: 1.3, Sum: 27.0]
      [Termination (ms): Min: 0.0, Avg: 0.3, Max: 0.6, Diff: 0.6, Sum: 6.1]
         [Termination Attempts: Min: 1, Avg: 1.2, Max: 2, Diff: 1, Sum: 21]
      [GC Worker Other (ms): Min: 0.0, Avg: 0.0, Max: 0.0, Diff: 0.0, Sum: 0.3]
      [GC Worker Total (ms): Min: 2.2, Avg: 2.4, Max: 2.6, Diff: 0.4, Sum: 42.3]
      [GC Worker End (ms): Min: 2184.3, Avg: 2184.3, Max: 2184.3, Diff: 0.0]
   [Code Root Fixup: 0.0 ms]
   [Code Root Purge: 0.0 ms]
   [Clear CT: 0.2 ms]
   [Other: 1.0 ms]
      [Choose CSet: 0.0 ms]
      [Ref Proc: 0.3 ms]
      [Ref Enq: 0.0 ms]
      [Redirty Cards: 0.2 ms]
      [Humongous Register: 0.2 ms]
      [Humongous Reclaim: 0.0 ms]
      [Free CSet: 0.0 ms]
   [Eden: 1024.0K(275.0M)->0.0B(269.0M) Survivors: 7168.0K->8192.0K Heap: 492.0M(1024.0M)->491.8M(1024.0M)]
 [Times: user=0.04 sys=0.01, real=0.00 secs] 
2.185: [GC concurrent-root-region-scan-start]
2.186: [GC concurrent-root-region-scan-end, 0.0001592 secs]
2.186: [GC concurrent-mark-start]
2.188: [GC concurrent-mark-end, 0.0018696 secs]
2.188: [GC remark 2.188: [Finalize Marking, 0.0004136 secs] 2.188: [GC ref-proc, 0.0004109 secs] 2.188: [Unloading, 0.0010328 secs], 0.0028472 secs]
 [Times: user=0.01 sys=0.01, real=0.01 secs] 
2.191: [GC cleanup 497M->495M(1024M), 0.0017826 secs]
 [Times: user=0.01 sys=0.01, real=0.00 secs] 
2.192: [GC concurrent-cleanup-start]
2.192: [GC concurrent-cleanup-end, 0.0000345 secs]
2.317: [GC pause (G1 Evacuation Pause) (young), 0.0373553 secs]
   [Parallel Time: 34.5 ms, GC Workers: 18]
      [GC Worker Start (ms): Min: 2317.9, Avg: 2318.3, Max: 2318.6, Diff: 0.7]
      [Ext Root Scanning (ms): Min: 0.0, Avg: 0.2, Max: 0.5, Diff: 0.5, Sum: 3.1]
      [Update RS (ms): Min: 2.2, Avg: 2.4, Max: 2.5, Diff: 0.3, Sum: 43.5]
         [Processed Buffers: Min: 6, Avg: 7.0, Max: 8, Diff: 2, Sum: 126]
      [Scan RS (ms): Min: 0.0, Avg: 0.0, Max: 0.2, Diff: 0.1, Sum: 0.6]
      [Code Root Scanning (ms): Min: 0.0, Avg: 0.0, Max: 0.0, Diff: 0.0, Sum: 0.0]
      [Object Copy (ms): Min: 29.3, Avg: 29.9, Max: 31.3, Diff: 2.0, Sum: 538.7]
      [Termination (ms): Min: 0.0, Avg: 1.3, Max: 2.0, Diff: 2.0, Sum: 23.3]
         [Termination Attempts: Min: 1, Avg: 1.0, Max: 1, Diff: 0, Sum: 18]
      [GC Worker Other (ms): Min: 0.0, Avg: 0.0, Max: 0.0, Diff: 0.0, Sum: 0.4]
      [GC Worker Total (ms): Min: 33.6, Avg: 33.9, Max: 34.3, Diff: 0.7, Sum: 609.6]
      [GC Worker End (ms): Min: 2352.2, Avg: 2352.2, Max: 2352.2, Diff: 0.0]
   [Code Root Fixup: 0.0 ms]
   [Code Root Purge: 0.0 ms]
   [Clear CT: 0.4 ms]
   [Other: 2.5 ms]
      [Choose CSet: 0.0 ms]
      [Ref Proc: 0.3 ms]
      [Ref Enq: 0.0 ms]
      [Redirty Cards: 0.2 ms]
      [Humongous Register: 0.9 ms]
      [Humongous Reclaim: 0.4 ms]
      [Free CSet: 0.5 ms]
   [Eden: 269.0M(269.0M)->0.0B(16.0M) Survivors: 8192.0K->35.0M Heap: 834.1M(1024.0M)->565.4M(1024.0M)]
 [Times: user=0.16 sys=0.46, real=0.04 secs] 
2.361: [GC pause (G1 Evacuation Pause) (mixed), 0.0228700 secs]
   [Parallel Time: 21.3 ms, GC Workers: 18]
      [GC Worker Start (ms): Min: 2361.5, Avg: 2361.8, Max: 2362.0, Diff: 0.4]
      [Ext Root Scanning (ms): Min: 0.0, Avg: 0.1, Max: 0.3, Diff: 0.3, Sum: 2.3]
      [Update RS (ms): Min: 0.9, Avg: 1.1, Max: 1.2, Diff: 0.3, Sum: 20.1]
         [Processed Buffers: Min: 3, Avg: 3.9, Max: 6, Diff: 3, Sum: 70]
      [Scan RS (ms): Min: 0.0, Avg: 0.1, Max: 0.2, Diff: 0.2, Sum: 1.2]
      [Code Root Scanning (ms): Min: 0.0, Avg: 0.0, Max: 0.0, Diff: 0.0, Sum: 0.0]
      [Object Copy (ms): Min: 18.4, Avg: 18.6, Max: 19.4, Diff: 1.1, Sum: 334.3]
      [Termination (ms): Min: 0.0, Avg: 0.9, Max: 1.1, Diff: 1.1, Sum: 15.5]
         [Termination Attempts: Min: 1, Avg: 1.3, Max: 4, Diff: 3, Sum: 24]
      [GC Worker Other (ms): Min: 0.0, Avg: 0.0, Max: 0.1, Diff: 0.0, Sum: 0.4]
      [GC Worker Total (ms): Min: 20.6, Avg: 20.8, Max: 21.0, Diff: 0.4, Sum: 374.0]
      [GC Worker End (ms): Min: 2382.5, Avg: 2382.5, Max: 2382.6, Diff: 0.0]
   [Code Root Fixup: 0.0 ms]
   [Code Root Purge: 0.0 ms]
   [Clear CT: 0.3 ms]
   [Other: 1.4 ms]
      [Choose CSet: 0.1 ms]
      [Ref Proc: 0.2 ms]
      [Ref Enq: 0.0 ms]
      [Redirty Cards: 0.3 ms]
      [Humongous Register: 0.2 ms]
      [Humongous Reclaim: 0.1 ms]
      [Free CSet: 0.4 ms]
   [Eden: 16.0M(16.0M)->0.0B(46.0M) Survivors: 35.0M->5120.0K Heap: 587.8M(1024.0M)->496.6M(1024.0M)]
 [Times: user=0.16 sys=0.21, real=0.02 secs] 
2.403: [GC pause (G1 Evacuation Pause) (mixed), 0.0139815 secs]
   [Parallel Time: 12.6 ms, GC Workers: 18]
      [GC Worker Start (ms): Min: 2403.0, Avg: 2403.3, Max: 2403.5, Diff: 0.5]
      [Ext Root Scanning (ms): Min: 0.0, Avg: 0.2, Max: 0.4, Diff: 0.4, Sum: 2.8]
      [Update RS (ms): Min: 2.7, Avg: 2.9, Max: 3.1, Diff: 0.4, Sum: 52.0]
         [Processed Buffers: Min: 8, Avg: 8.8, Max: 10, Diff: 2, Sum: 158]
      [Scan RS (ms): Min: 0.0, Avg: 0.0, Max: 0.1, Diff: 0.1, Sum: 0.4]
      [Code Root Scanning (ms): Min: 0.0, Avg: 0.0, Max: 0.0, Diff: 0.0, Sum: 0.0]
      [Object Copy (ms): Min: 7.0, Avg: 7.5, Max: 8.9, Diff: 1.9, Sum: 135.4]
      [Termination (ms): Min: 0.0, Avg: 1.5, Max: 1.9, Diff: 1.9, Sum: 27.8]
         [Termination Attempts: Min: 1, Avg: 1.1, Max: 2, Diff: 1, Sum: 19]
      [GC Worker Other (ms): Min: 0.0, Avg: 0.0, Max: 0.0, Diff: 0.0, Sum: 0.3]
      [GC Worker Total (ms): Min: 11.9, Avg: 12.2, Max: 12.4, Diff: 0.5, Sum: 218.9]
      [GC Worker End (ms): Min: 2415.4, Avg: 2415.4, Max: 2415.4, Diff: 0.0]
   [Code Root Fixup: 0.0 ms]
   [Code Root Purge: 0.0 ms]
   [Clear CT: 0.2 ms]
   [Other: 1.2 ms]
      [Choose CSet: 0.0 ms]
      [Ref Proc: 0.2 ms]
      [Ref Enq: 0.0 ms]
      [Redirty Cards: 0.3 ms]
      [Humongous Register: 0.2 ms]
      [Humongous Reclaim: 0.1 ms]
      [Free CSet: 0.2 ms]
   [Eden: 46.0M(46.0M)->0.0B(267.0M) Survivors: 5120.0K->7168.0K Heap: 559.8M(1024.0M)->498.5M(1024.0M)]
 [Times: user=0.17 sys=0.05, real=0.01 secs] 
2.418: [GC pause (G1 Humongous Allocation) (young) (initial-mark), 0.0037505 secs]
   [Parallel Time: 2.5 ms, GC Workers: 18]
      [GC Worker Start (ms): Min: 2418.9, Avg: 2419.1, Max: 2419.2, Diff: 0.3]
      [Ext Root Scanning (ms): Min: 0.0, Avg: 0.2, Max: 0.4, Diff: 0.3, Sum: 3.3]
      [Update RS (ms): Min: 0.1, Avg: 0.2, Max: 1.2, Diff: 1.2, Sum: 4.1]
         [Processed Buffers: Min: 0, Avg: 1.0, Max: 2, Diff: 2, Sum: 18]
      [Scan RS (ms): Min: 0.0, Avg: 0.0, Max: 0.0, Diff: 0.0, Sum: 0.1]
      [Code Root Scanning (ms): Min: 0.0, Avg: 0.0, Max: 0.0, Diff: 0.0, Sum: 0.0]
      [Object Copy (ms): Min: 0.0, Avg: 1.4, Max: 1.8, Diff: 1.8, Sum: 24.9]
      [Termination (ms): Min: 0.0, Avg: 0.3, Max: 0.7, Diff: 0.7, Sum: 5.9]
         [Termination Attempts: Min: 1, Avg: 1.0, Max: 1, Diff: 0, Sum: 18]
      [GC Worker Other (ms): Min: 0.0, Avg: 0.0, Max: 0.0, Diff: 0.0, Sum: 0.2]
      [GC Worker Total (ms): Min: 2.0, Avg: 2.1, Max: 2.3, Diff: 0.4, Sum: 38.5]
      [GC Worker End (ms): Min: 2421.2, Avg: 2421.2, Max: 2421.2, Diff: 0.0]
   [Code Root Fixup: 0.0 ms]
   [Code Root Purge: 0.0 ms]
   [Clear CT: 0.2 ms]
   [Other: 1.0 ms]
      [Choose CSet: 0.0 ms]
      [Ref Proc: 0.3 ms]
      [Ref Enq: 0.0 ms]
      [Redirty Cards: 0.2 ms]
      [Humongous Register: 0.2 ms]
      [Humongous Reclaim: 0.0 ms]
      [Free CSet: 0.0 ms]
   [Eden: 6144.0K(267.0M)->0.0B(273.0M) Survivors: 7168.0K->9216.0K Heap: 504.1M(1024.0M)->498.8M(1024.0M)]
 [Times: user=0.04 sys=0.00, real=0.00 secs] 
2.422: [GC concurrent-root-region-scan-start]
2.423: [GC concurrent-root-region-scan-end, 0.0001849 secs]
2.423: [GC concurrent-mark-start]
2.426: [GC concurrent-mark-end, 0.0035952 secs]
2.426: [GC remark 2.426: [Finalize Marking, 0.0004968 secs] 2.427: [GC ref-proc, 0.0004115 secs] 2.427: [Unloading, 0.0010924 secs], 0.0030040 secs]
 [Times: user=0.02 sys=0.01, real=0.01 secs] 
2.429: [GC cleanup 511M->511M(1024M), 0.0017476 secs]
 [Times: user=0.01 sys=0.00, real=0.00 secs] 
2.549: [GC pause (G1 Evacuation Pause) (young) (to-space exhausted), 0.0274216 secs]
   [Parallel Time: 24.8 ms, GC Workers: 18]
      [GC Worker Start (ms): Min: 2549.9, Avg: 2550.1, Max: 2550.3, Diff: 0.4]
      [Ext Root Scanning (ms): Min: 0.0, Avg: 0.1, Max: 0.3, Diff: 0.3, Sum: 2.5]
      [Update RS (ms): Min: 3.0, Avg: 3.2, Max: 3.4, Diff: 0.4, Sum: 57.7]
         [Processed Buffers: Min: 7, Avg: 9.1, Max: 10, Diff: 3, Sum: 163]
      [Scan RS (ms): Min: 0.0, Avg: 0.1, Max: 0.2, Diff: 0.2, Sum: 1.2]
      [Code Root Scanning (ms): Min: 0.0, Avg: 0.0, Max: 0.0, Diff: 0.0, Sum: 0.0]
      [Object Copy (ms): Min: 19.4, Avg: 19.9, Max: 21.0, Diff: 1.5, Sum: 358.3]
      [Termination (ms): Min: 0.0, Avg: 1.0, Max: 1.4, Diff: 1.4, Sum: 18.5]
         [Termination Attempts: Min: 1, Avg: 1.3, Max: 2, Diff: 1, Sum: 23]
      [GC Worker Other (ms): Min: 0.0, Avg: 0.0, Max: 0.0, Diff: 0.0, Sum: 0.5]
      [GC Worker Total (ms): Min: 24.2, Avg: 24.4, Max: 24.6, Diff: 0.4, Sum: 438.8]
      [GC Worker End (ms): Min: 2574.5, Avg: 2574.5, Max: 2574.5, Diff: 0.0]
   [Code Root Fixup: 0.0 ms]
   [Code Root Purge: 0.0 ms]
   [Clear CT: 0.3 ms]
   [Other: 2.3 ms]
      [Evacuation Failure: 0.4 ms]
      [Choose CSet: 0.0 ms]
      [Ref Proc: 0.3 ms]
      [Ref Enq: 0.0 ms]
      [Redirty Cards: 0.2 ms]
      [Humongous Register: 0.3 ms]
      [Humongous Reclaim: 0.4 ms]
      [Free CSet: 0.4 ms]
   [Eden: 273.0M(273.0M)->0.0B(15.0M) Survivors: 9216.0K->36.0M Heap: 851.3M(1024.0M)->644.8M(1024.0M)]
 [Times: user=0.25 sys=0.19, real=0.02 secs] 
2.583: [GC pause (G1 Evacuation Pause) (mixed), 0.0216356 secs]
   [Parallel Time: 19.8 ms, GC Workers: 18]
      [GC Worker Start (ms): Min: 2583.1, Avg: 2583.3, Max: 2583.6, Diff: 0.5]
      [Ext Root Scanning (ms): Min: 0.0, Avg: 0.1, Max: 0.3, Diff: 0.3, Sum: 2.5]
      [Update RS (ms): Min: 0.2, Avg: 0.3, Max: 0.5, Diff: 0.4, Sum: 5.5]
         [Processed Buffers: Min: 1, Avg: 1.6, Max: 3, Diff: 2, Sum: 28]
      [Scan RS (ms): Min: 0.0, Avg: 0.1, Max: 0.1, Diff: 0.1, Sum: 1.1]
      [Code Root Scanning (ms): Min: 0.0, Avg: 0.0, Max: 0.0, Diff: 0.0, Sum: 0.0]
      [Object Copy (ms): Min: 17.0, Avg: 17.4, Max: 18.8, Diff: 1.8, Sum: 313.3]
      [Termination (ms): Min: 0.0, Avg: 1.4, Max: 1.6, Diff: 1.6, Sum: 24.8]
         [Termination Attempts: Min: 1, Avg: 1.1, Max: 2, Diff: 1, Sum: 19]
      [GC Worker Other (ms): Min: 0.0, Avg: 0.0, Max: 0.0, Diff: 0.0, Sum: 0.3]
      [GC Worker Total (ms): Min: 19.1, Avg: 19.3, Max: 19.6, Diff: 0.5, Sum: 347.4]
      [GC Worker End (ms): Min: 2602.6, Avg: 2602.6, Max: 2602.6, Diff: 0.0]
   [Code Root Fixup: 0.0 ms]
   [Code Root Purge: 0.0 ms]
   [Clear CT: 0.3 ms]
   [Other: 1.6 ms]
      [Choose CSet: 0.1 ms]
      [Ref Proc: 0.3 ms]
      [Ref Enq: 0.0 ms]
      [Redirty Cards: 0.3 ms]
      [Humongous Register: 0.3 ms]
      [Humongous Reclaim: 0.1 ms]
      [Free CSet: 0.4 ms]
   [Eden: 15.0M(15.0M)->0.0B(47.0M) Survivors: 36.0M->4096.0K Heap: 661.0M(1024.0M)->573.5M(1024.0M)]
 [Times: user=0.21 sys=0.14, real=0.02 secs] 
2.621: [GC pause (G1 Evacuation Pause) (mixed), 0.0138552 secs]
   [Parallel Time: 12.3 ms, GC Workers: 18]
      [GC Worker Start (ms): Min: 2621.7, Avg: 2622.0, Max: 2622.2, Diff: 0.5]
      [Ext Root Scanning (ms): Min: 0.0, Avg: 0.1, Max: 0.4, Diff: 0.4, Sum: 2.4]
      [Update RS (ms): Min: 2.0, Avg: 2.2, Max: 2.3, Diff: 0.3, Sum: 39.1]
         [Processed Buffers: Min: 6, Avg: 7.2, Max: 9, Diff: 3, Sum: 129]
      [Scan RS (ms): Min: 0.0, Avg: 0.0, Max: 0.2, Diff: 0.2, Sum: 0.7]
      [Code Root Scanning (ms): Min: 0.0, Avg: 0.0, Max: 0.1, Diff: 0.1, Sum: 0.1]
      [Object Copy (ms): Min: 8.5, Avg: 9.0, Max: 9.4, Diff: 0.9, Sum: 161.6]
      [Termination (ms): Min: 0.0, Avg: 0.4, Max: 0.8, Diff: 0.8, Sum: 7.5]
         [Termination Attempts: Min: 1, Avg: 1.0, Max: 1, Diff: 0, Sum: 18]
      [GC Worker Other (ms): Min: 0.0, Avg: 0.0, Max: 0.0, Diff: 0.0, Sum: 0.3]
      [GC Worker Total (ms): Min: 11.5, Avg: 11.8, Max: 12.0, Diff: 0.5, Sum: 211.7]
      [GC Worker End (ms): Min: 2633.7, Avg: 2633.7, Max: 2633.8, Diff: 0.0]
   [Code Root Fixup: 0.0 ms]
   [Code Root Purge: 0.0 ms]
   [Clear CT: 0.2 ms]
   [Other: 1.3 ms]
      [Choose CSet: 0.0 ms]
      [Ref Proc: 0.3 ms]
      [Ref Enq: 0.0 ms]
      [Redirty Cards: 0.3 ms]
      [Humongous Register: 0.3 ms]
      [Humongous Reclaim: 0.1 ms]
      [Free CSet: 0.2 ms]
   [Eden: 47.0M(47.0M)->0.0B(209.0M) Survivors: 4096.0K->7168.0K Heap: 634.3M(1024.0M)->577.4M(1024.0M)]
 [Times: user=0.16 sys=0.05, real=0.01 secs] 
2.636: [GC pause (G1 Humongous Allocation) (young) (initial-mark), 0.0036399 secs]
   [Parallel Time: 2.6 ms, GC Workers: 18]
      [GC Worker Start (ms): Min: 2636.5, Avg: 2636.6, Max: 2636.8, Diff: 0.3]
      [Ext Root Scanning (ms): Min: 0.0, Avg: 0.2, Max: 0.3, Diff: 0.3, Sum: 3.5]
      [Update RS (ms): Min: 0.1, Avg: 0.4, Max: 1.3, Diff: 1.2, Sum: 8.0]
         [Processed Buffers: Min: 0, Avg: 1.1, Max: 2, Diff: 2, Sum: 19]
      [Scan RS (ms): Min: 0.0, Avg: 0.0, Max: 0.0, Diff: 0.0, Sum: 0.1]
      [Code Root Scanning (ms): Min: 0.0, Avg: 0.0, Max: 0.0, Diff: 0.0, Sum: 0.0]
      [Object Copy (ms): Min: 0.0, Avg: 1.2, Max: 2.0, Diff: 2.0, Sum: 22.3]
      [Termination (ms): Min: 0.0, Avg: 0.4, Max: 0.8, Diff: 0.8, Sum: 7.0]
         [Termination Attempts: Min: 1, Avg: 1.0, Max: 1, Diff: 0, Sum: 18]
      [GC Worker Other (ms): Min: 0.0, Avg: 0.0, Max: 0.0, Diff: 0.0, Sum: 0.3]
      [GC Worker Total (ms): Min: 2.1, Avg: 2.3, Max: 2.4, Diff: 0.3, Sum: 41.1]
      [GC Worker End (ms): Min: 2638.9, Avg: 2638.9, Max: 2638.9, Diff: 0.0]
   [Code Root Fixup: 0.0 ms]
   [Code Root Purge: 0.0 ms]
   [Clear CT: 0.3 ms]
   [Other: 0.8 ms]
      [Choose CSet: 0.0 ms]
      [Ref Proc: 0.2 ms]
      [Ref Enq: 0.0 ms]
      [Redirty Cards: 0.2 ms]
      [Humongous Register: 0.1 ms]
      [Humongous Reclaim: 0.0 ms]
      [Free CSet: 0.0 ms]
   [Eden: 4096.0K(209.0M)->0.0B(218.0M) Survivors: 7168.0K->8192.0K Heap: 580.9M(1024.0M)->578.1M(1024.0M)]
 [Times: user=0.04 sys=0.00, real=0.01 secs] 
2.640: [GC concurrent-root-region-scan-start]
2.640: [GC concurrent-root-region-scan-end, 0.0001435 secs]
2.640: [GC concurrent-mark-start]
2.642: [GC concurrent-mark-end, 0.0023315 secs]
2.643: [GC remark 2.643: [Finalize Marking, 0.0003486 secs] 2.643: [GC ref-proc, 0.0004128 secs] 2.643: [Unloading, 0.0009044 secs], 0.0026868 secs]
 [Times: user=0.02 sys=0.01, real=0.00 secs] 
2.645: [GC cleanup 588M->579M(1024M), 0.0018446 secs]
 [Times: user=0.01 sys=0.00, real=0.00 secs] 
2.647: [GC concurrent-cleanup-start]
2.647: [GC concurrent-cleanup-end, 0.0000479 secs]
2.732: [GC pause (G1 Evacuation Pause) (young), 0.0246313 secs]
   [Parallel Time: 22.6 ms, GC Workers: 18]
      [GC Worker Start (ms): Min: 2732.8, Avg: 2733.0, Max: 2733.2, Diff: 0.4]
      [Ext Root Scanning (ms): Min: 0.0, Avg: 0.1, Max: 0.3, Diff: 0.3, Sum: 2.0]
      [Update RS (ms): Min: 2.6, Avg: 2.9, Max: 3.0, Diff: 0.4, Sum: 51.9]
         [Processed Buffers: Min: 7, Avg: 8.3, Max: 9, Diff: 2, Sum: 149]
      [Scan RS (ms): Min: 0.0, Avg: 0.1, Max: 0.2, Diff: 0.2, Sum: 1.2]
      [Code Root Scanning (ms): Min: 0.0, Avg: 0.0, Max: 0.0, Diff: 0.0, Sum: 0.0]
      [Object Copy (ms): Min: 17.6, Avg: 18.3, Max: 19.1, Diff: 1.5, Sum: 329.3]
      [Termination (ms): Min: 0.0, Avg: 0.7, Max: 1.4, Diff: 1.4, Sum: 13.5]
         [Termination Attempts: Min: 1, Avg: 1.0, Max: 1, Diff: 0, Sum: 18]
      [GC Worker Other (ms): Min: 0.0, Avg: 0.0, Max: 0.1, Diff: 0.0, Sum: 0.5]
      [GC Worker Total (ms): Min: 22.0, Avg: 22.1, Max: 22.4, Diff: 0.4, Sum: 398.5]
      [GC Worker End (ms): Min: 2755.2, Avg: 2755.2, Max: 2755.2, Diff: 0.0]
   [Code Root Fixup: 0.0 ms]
   [Code Root Purge: 0.0 ms]
   [Clear CT: 0.3 ms]
   [Other: 1.8 ms]
      [Choose CSet: 0.0 ms]
      [Ref Proc: 0.3 ms]
      [Ref Enq: 0.0 ms]
      [Redirty Cards: 0.2 ms]
      [Humongous Register: 0.3 ms]
      [Humongous Reclaim: 0.4 ms]
      [Free CSet: 0.4 ms]
   [Eden: 218.0M(218.0M)->0.0B(22.0M) Survivors: 8192.0K->29.0M Heap: 845.1M(1024.0M)->626.9M(1024.0M)]
 [Times: user=0.25 sys=0.15, real=0.02 secs] 
2.767: [GC pause (G1 Evacuation Pause) (mixed), 0.0173550 secs]
   [Parallel Time: 15.5 ms, GC Workers: 18]
      [GC Worker Start (ms): Min: 2767.3, Avg: 2767.6, Max: 2767.8, Diff: 0.5]
      [Ext Root Scanning (ms): Min: 0.0, Avg: 0.1, Max: 0.4, Diff: 0.4, Sum: 2.1]
      [Update RS (ms): Min: 1.0, Avg: 1.2, Max: 1.4, Diff: 0.4, Sum: 21.8]
         [Processed Buffers: Min: 4, Avg: 4.3, Max: 6, Diff: 2, Sum: 77]
      [Scan RS (ms): Min: 0.0, Avg: 0.0, Max: 0.1, Diff: 0.1, Sum: 0.7]
      [Code Root Scanning (ms): Min: 0.0, Avg: 0.0, Max: 0.0, Diff: 0.0, Sum: 0.0]
      [Object Copy (ms): Min: 12.9, Avg: 13.2, Max: 13.6, Diff: 0.7, Sum: 238.3]
      [Termination (ms): Min: 0.0, Avg: 0.4, Max: 0.7, Diff: 0.7, Sum: 6.3]
         [Termination Attempts: Min: 1, Avg: 1.1, Max: 2, Diff: 1, Sum: 19]
      [GC Worker Other (ms): Min: 0.0, Avg: 0.0, Max: 0.0, Diff: 0.0, Sum: 0.4]
      [GC Worker Total (ms): Min: 14.8, Avg: 15.0, Max: 15.2, Diff: 0.5, Sum: 269.6]
      [GC Worker End (ms): Min: 2782.5, Avg: 2782.5, Max: 2782.6, Diff: 0.0]
   [Code Root Fixup: 0.0 ms]
   [Code Root Purge: 0.0 ms]
   [Clear CT: 0.2 ms]
   [Other: 1.6 ms]
      [Choose CSet: 0.1 ms]
      [Ref Proc: 0.3 ms]
      [Ref Enq: 0.0 ms]
      [Redirty Cards: 0.3 ms]
      [Humongous Register: 0.2 ms]
      [Humongous Reclaim: 0.1 ms]
      [Free CSet: 0.5 ms]
   [Eden: 22.0M(22.0M)->0.0B(44.0M) Survivors: 29.0M->7168.0K Heap: 656.1M(1024.0M)->543.7M(1024.0M)]
 [Times: user=0.20 sys=0.06, real=0.02 secs] 
2.800: [GC pause (G1 Evacuation Pause) (mixed), 0.0189711 secs]
   [Parallel Time: 17.1 ms, GC Workers: 18]
      [GC Worker Start (ms): Min: 2801.0, Avg: 2801.2, Max: 2801.5, Diff: 0.5]
      [Ext Root Scanning (ms): Min: 0.0, Avg: 0.1, Max: 0.3, Diff: 0.3, Sum: 1.9]
      [Update RS (ms): Min: 1.5, Avg: 1.6, Max: 1.8, Diff: 0.4, Sum: 29.6]
         [Processed Buffers: Min: 4, Avg: 5.6, Max: 8, Diff: 4, Sum: 100]
      [Scan RS (ms): Min: 0.0, Avg: 0.1, Max: 0.3, Diff: 0.3, Sum: 1.2]
      [Code Root Scanning (ms): Min: 0.0, Avg: 0.0, Max: 0.0, Diff: 0.0, Sum: 0.0]
      [Object Copy (ms): Min: 14.1, Avg: 14.3, Max: 14.9, Diff: 0.8, Sum: 256.9]
      [Termination (ms): Min: 0.0, Avg: 0.6, Max: 0.8, Diff: 0.8, Sum: 10.5]
         [Termination Attempts: Min: 1, Avg: 1.0, Max: 1, Diff: 0, Sum: 18]
      [GC Worker Other (ms): Min: 0.0, Avg: 0.0, Max: 0.0, Diff: 0.0, Sum: 0.4]
      [GC Worker Total (ms): Min: 16.5, Avg: 16.7, Max: 17.0, Diff: 0.5, Sum: 300.5]
      [GC Worker End (ms): Min: 2817.9, Avg: 2817.9, Max: 2817.9, Diff: 0.0]
   [Code Root Fixup: 0.0 ms]
   [Code Root Purge: 0.0 ms]
   [Clear CT: 0.3 ms]
   [Other: 1.6 ms]
      [Choose CSet: 0.1 ms]
      [Ref Proc: 0.3 ms]
      [Ref Enq: 0.0 ms]
      [Redirty Cards: 0.3 ms]
      [Humongous Register: 0.3 ms]
      [Humongous Reclaim: 0.1 ms]
      [Free CSet: 0.4 ms]
   [Eden: 44.0M(44.0M)->0.0B(286.0M) Survivors: 7168.0K->7168.0K Heap: 597.7M(1024.0M)->496.6M(1024.0M)]
 [Times: user=0.19 sys=0.11, real=0.02 secs] 
2.820: [GC pause (G1 Humongous Allocation) (young) (initial-mark), 0.0036550 secs]
   [Parallel Time: 2.4 ms, GC Workers: 18]
      [GC Worker Start (ms): Min: 2820.4, Avg: 2820.6, Max: 2820.8, Diff: 0.4]
      [Ext Root Scanning (ms): Min: 0.0, Avg: 0.2, Max: 0.4, Diff: 0.4, Sum: 3.9]
      [Update RS (ms): Min: 0.0, Avg: 0.2, Max: 1.3, Diff: 1.3, Sum: 3.1]
         [Processed Buffers: Min: 0, Avg: 1.0, Max: 2, Diff: 2, Sum: 18]
      [Scan RS (ms): Min: 0.0, Avg: 0.0, Max: 0.0, Diff: 0.0, Sum: 0.1]
      [Code Root Scanning (ms): Min: 0.0, Avg: 0.0, Max: 0.0, Diff: 0.0, Sum: 0.0]
      [Object Copy (ms): Min: 0.0, Avg: 1.2, Max: 1.7, Diff: 1.7, Sum: 22.2]
      [Termination (ms): Min: 0.0, Avg: 0.3, Max: 0.7, Diff: 0.7, Sum: 5.7]
         [Termination Attempts: Min: 1, Avg: 2.1, Max: 5, Diff: 4, Sum: 37]
      [GC Worker Other (ms): Min: 0.0, Avg: 0.0, Max: 0.0, Diff: 0.0, Sum: 0.2]
      [GC Worker Total (ms): Min: 1.8, Avg: 1.9, Max: 2.1, Diff: 0.3, Sum: 35.1]
      [GC Worker End (ms): Min: 2822.6, Avg: 2822.6, Max: 2822.6, Diff: 0.0]
   [Code Root Fixup: 0.0 ms]
   [Code Root Purge: 0.0 ms]
   [Clear CT: 0.3 ms]
   [Other: 1.0 ms]
      [Choose CSet: 0.0 ms]
      [Ref Proc: 0.2 ms]
      [Ref Enq: 0.0 ms]
      [Redirty Cards: 0.2 ms]
      [Humongous Register: 0.2 ms]
      [Humongous Reclaim: 0.0 ms]
      [Free CSet: 0.0 ms]
   [Eden: 2048.0K(286.0M)->0.0B(275.0M) Survivors: 7168.0K->8192.0K Heap: 497.9M(1024.0M)->497.2M(1024.0M)]
 [Times: user=0.04 sys=0.00, real=0.00 secs] 
2.824: [GC concurrent-root-region-scan-start]
2.824: [GC concurrent-root-region-scan-end, 0.0002391 secs]
2.824: [GC concurrent-mark-start]
2.826: [GC concurrent-mark-end, 0.0022642 secs]
2.826: [GC remark 2.826: [Finalize Marking, 0.0004536 secs] 2.827: [GC ref-proc, 0.0004051 secs] 2.827: [Unloading, 0.0009249 secs], 0.0027610 secs]
 [Times: user=0.02 sys=0.01, real=0.01 secs] 
2.829: [GC cleanup 506M->504M(1024M), 0.0017165 secs]
 [Times: user=0.02 sys=0.00, real=0.00 secs] 
2.831: [GC concurrent-cleanup-start]
2.831: [GC concurrent-cleanup-end, 0.0000211 secs]
3.029: [GC pause (G1 Evacuation Pause) (young) (to-space exhausted), 0.0232997 secs]
   [Parallel Time: 20.6 ms, GC Workers: 18]
      [GC Worker Start (ms): Min: 3029.1, Avg: 3029.4, Max: 3029.6, Diff: 0.5]
      [Ext Root Scanning (ms): Min: 0.0, Avg: 0.2, Max: 0.5, Diff: 0.4, Sum: 3.1]
      [Update RS (ms): Min: 3.3, Avg: 3.6, Max: 3.8, Diff: 0.4, Sum: 64.8]
         [Processed Buffers: Min: 8, Avg: 8.9, Max: 10, Diff: 2, Sum: 160]
      [Scan RS (ms): Min: 0.0, Avg: 0.1, Max: 0.2, Diff: 0.2, Sum: 1.5]
      [Code Root Scanning (ms): Min: 0.0, Avg: 0.0, Max: 0.0, Diff: 0.0, Sum: 0.0]
      [Object Copy (ms): Min: 15.6, Avg: 15.9, Max: 16.2, Diff: 0.6, Sum: 285.8]
      [Termination (ms): Min: 0.0, Avg: 0.4, Max: 0.4, Diff: 0.4, Sum: 6.7]
         [Termination Attempts: Min: 1, Avg: 1.2, Max: 2, Diff: 1, Sum: 22]
      [GC Worker Other (ms): Min: 0.0, Avg: 0.1, Max: 0.1, Diff: 0.1, Sum: 1.1]
      [GC Worker Total (ms): Min: 20.0, Avg: 20.2, Max: 20.4, Diff: 0.5, Sum: 362.9]
      [GC Worker End (ms): Min: 3049.5, Avg: 3049.5, Max: 3049.6, Diff: 0.1]
   [Code Root Fixup: 0.0 ms]
   [Code Root Purge: 0.0 ms]
   [Clear CT: 0.3 ms]
   [Other: 2.4 ms]
      [Evacuation Failure: 0.6 ms]
      [Choose CSet: 0.0 ms]
      [Ref Proc: 0.2 ms]
      [Ref Enq: 0.0 ms]
      [Redirty Cards: 0.2 ms]
      [Humongous Register: 0.4 ms]
      [Humongous Reclaim: 0.4 ms]
      [Free CSet: 0.3 ms]
   [Eden: 275.0M(275.0M)->0.0B(15.0M) Survivors: 8192.0K->36.0M Heap: 854.2M(1024.0M)->683.4M(1024.0M)]
 [Times: user=0.29 sys=0.08, real=0.02 secs] 
3.058: [GC pause (G1 Evacuation Pause) (mixed), 0.0220959 secs]
   [Parallel Time: 20.4 ms, GC Workers: 18]
      [GC Worker Start (ms): Min: 3058.5, Avg: 3058.7, Max: 3058.8, Diff: 0.3]
      [Ext Root Scanning (ms): Min: 0.1, Avg: 0.2, Max: 0.3, Diff: 0.3, Sum: 3.7]
      [Update RS (ms): Min: 0.4, Avg: 0.5, Max: 0.5, Diff: 0.1, Sum: 8.5]
         [Processed Buffers: Min: 1, Avg: 2.3, Max: 5, Diff: 4, Sum: 42]
      [Scan RS (ms): Min: 0.0, Avg: 0.1, Max: 0.2, Diff: 0.1, Sum: 1.5]
      [Code Root Scanning (ms): Min: 0.0, Avg: 0.0, Max: 0.3, Diff: 0.3, Sum: 0.3]
      [Object Copy (ms): Min: 18.4, Avg: 18.8, Max: 19.3, Diff: 0.9, Sum: 337.6]
      [Termination (ms): Min: 0.0, Avg: 0.5, Max: 0.9, Diff: 0.9, Sum: 9.2]
         [Termination Attempts: Min: 1, Avg: 1.0, Max: 1, Diff: 0, Sum: 18]
      [GC Worker Other (ms): Min: 0.0, Avg: 0.0, Max: 0.1, Diff: 0.1, Sum: 0.9]
      [GC Worker Total (ms): Min: 19.9, Avg: 20.1, Max: 20.3, Diff: 0.3, Sum: 361.7]
      [GC Worker End (ms): Min: 3078.7, Avg: 3078.8, Max: 3078.8, Diff: 0.1]
   [Code Root Fixup: 0.0 ms]
   [Code Root Purge: 0.0 ms]
   [Clear CT: 0.2 ms]
   [Other: 1.4 ms]
      [Choose CSet: 0.1 ms]
      [Ref Proc: 0.3 ms]
      [Ref Enq: 0.0 ms]
      [Redirty Cards: 0.2 ms]
      [Humongous Register: 0.2 ms]
      [Humongous Reclaim: 0.1 ms]
      [Free CSet: 0.4 ms]
   [Eden: 15.0M(15.0M)->0.0B(45.0M) Survivors: 36.0M->6144.0K Heap: 700.8M(1024.0M)->617.2M(1024.0M)]
 [Times: user=0.27 sys=0.09, real=0.03 secs] 
3.097: [GC pause (G1 Evacuation Pause) (mixed), 0.0101567 secs]
   [Parallel Time: 8.7 ms, GC Workers: 18]
      [GC Worker Start (ms): Min: 3097.4, Avg: 3097.6, Max: 3097.7, Diff: 0.3]
      [Ext Root Scanning (ms): Min: 0.0, Avg: 0.1, Max: 0.3, Diff: 0.3, Sum: 2.6]
      [Update RS (ms): Min: 1.8, Avg: 2.0, Max: 2.2, Diff: 0.4, Sum: 36.4]
         [Processed Buffers: Min: 5, Avg: 5.9, Max: 8, Diff: 3, Sum: 106]
      [Scan RS (ms): Min: 0.0, Avg: 0.0, Max: 0.1, Diff: 0.1, Sum: 0.3]
      [Code Root Scanning (ms): Min: 0.0, Avg: 0.0, Max: 0.0, Diff: 0.0, Sum: 0.0]
      [Object Copy (ms): Min: 5.7, Avg: 6.0, Max: 6.4, Diff: 0.7, Sum: 108.5]
      [Termination (ms): Min: 0.0, Avg: 0.3, Max: 0.4, Diff: 0.4, Sum: 5.2]
         [Termination Attempts: Min: 1, Avg: 1.0, Max: 1, Diff: 0, Sum: 18]
      [GC Worker Other (ms): Min: 0.0, Avg: 0.0, Max: 0.0, Diff: 0.0, Sum: 0.4]
      [GC Worker Total (ms): Min: 8.4, Avg: 8.5, Max: 8.7, Diff: 0.2, Sum: 153.3]
      [GC Worker End (ms): Min: 3106.1, Avg: 3106.1, Max: 3106.1, Diff: 0.0]
   [Code Root Fixup: 0.0 ms]
   [Code Root Purge: 0.0 ms]
   [Clear CT: 0.2 ms]
   [Other: 1.2 ms]
      [Choose CSet: 0.0 ms]
      [Ref Proc: 0.3 ms]
      [Ref Enq: 0.0 ms]
      [Redirty Cards: 0.3 ms]
      [Humongous Register: 0.2 ms]
      [Humongous Reclaim: 0.1 ms]
      [Free CSet: 0.1 ms]
   [Eden: 45.0M(45.0M)->0.0B(182.0M) Survivors: 6144.0K->7168.0K Heap: 673.0M(1024.0M)->623.8M(1024.0M)]
 [Times: user=0.14 sys=0.02, real=0.01 secs] 
3.108: [GC pause (G1 Humongous Allocation) (young) (initial-mark), 0.0037361 secs]
   [Parallel Time: 2.5 ms, GC Workers: 18]
      [GC Worker Start (ms): Min: 3108.3, Avg: 3108.6, Max: 3108.7, Diff: 0.4]
      [Ext Root Scanning (ms): Min: 0.0, Avg: 0.2, Max: 0.4, Diff: 0.4, Sum: 4.4]
      [Update RS (ms): Min: 0.0, Avg: 0.1, Max: 0.3, Diff: 0.3, Sum: 1.9]
         [Processed Buffers: Min: 0, Avg: 1.0, Max: 2, Diff: 2, Sum: 18]
      [Scan RS (ms): Min: 0.0, Avg: 0.0, Max: 0.0, Diff: 0.0, Sum: 0.1]
      [Code Root Scanning (ms): Min: 0.0, Avg: 0.0, Max: 0.0, Diff: 0.0, Sum: 0.0]
      [Object Copy (ms): Min: 0.8, Avg: 1.2, Max: 1.7, Diff: 0.9, Sum: 22.5]
      [Termination (ms): Min: 0.0, Avg: 0.4, Max: 0.8, Diff: 0.8, Sum: 6.6]
         [Termination Attempts: Min: 1, Avg: 1.0, Max: 1, Diff: 0, Sum: 18]
      [GC Worker Other (ms): Min: 0.0, Avg: 0.0, Max: 0.0, Diff: 0.0, Sum: 0.3]
      [GC Worker Total (ms): Min: 1.8, Avg: 2.0, Max: 2.2, Diff: 0.4, Sum: 35.7]
      [GC Worker End (ms): Min: 3110.5, Avg: 3110.5, Max: 3110.6, Diff: 0.0]
   [Code Root Fixup: 0.0 ms]
   [Code Root Purge: 0.0 ms]
   [Clear CT: 0.2 ms]
   [Other: 1.0 ms]
      [Choose CSet: 0.0 ms]
      [Ref Proc: 0.3 ms]
      [Ref Enq: 0.0 ms]
      [Redirty Cards: 0.2 ms]
      [Humongous Register: 0.2 ms]
      [Humongous Reclaim: 0.0 ms]
      [Free CSet: 0.0 ms]
   [Eden: 1024.0K(182.0M)->0.0B(184.0M) Survivors: 7168.0K->7168.0K Heap: 624.5M(1024.0M)->623.3M(1024.0M)]
 [Times: user=0.04 sys=0.00, real=0.01 secs] 
3.112: [GC concurrent-root-region-scan-start]
3.112: [GC concurrent-root-region-scan-end, 0.0001548 secs]
3.112: [GC concurrent-mark-start]
3.114: [GC concurrent-mark-end, 0.0025162 secs]
3.115: [GC remark 3.115: [Finalize Marking, 0.0003626 secs] 3.115: [GC ref-proc, 0.0004147 secs] 3.115: [Unloading, 0.0010832 secs], 0.0028888 secs]
 [Times: user=0.02 sys=0.01, real=0.00 secs] 
3.118: [GC cleanup 633M->626M(1024M), 0.0018884 secs]
 [Times: user=0.01 sys=0.01, real=0.01 secs] 
3.119: [GC concurrent-cleanup-start]
3.119: [GC concurrent-cleanup-end, 0.0000323 secs]
3.191: [GC pause (G1 Evacuation Pause) (young), 0.0246550 secs]
   [Parallel Time: 22.7 ms, GC Workers: 18]
      [GC Worker Start (ms): Min: 3191.9, Avg: 3192.1, Max: 3192.3, Diff: 0.4]
      [Ext Root Scanning (ms): Min: 0.0, Avg: 0.2, Max: 0.3, Diff: 0.3, Sum: 2.9]
      [Update RS (ms): Min: 3.6, Avg: 3.7, Max: 3.9, Diff: 0.3, Sum: 67.0]
         [Processed Buffers: Min: 10, Avg: 10.7, Max: 12, Diff: 2, Sum: 192]
      [Scan RS (ms): Min: 0.0, Avg: 0.0, Max: 0.1, Diff: 0.1, Sum: 0.7]
      [Code Root Scanning (ms): Min: 0.0, Avg: 0.0, Max: 0.0, Diff: 0.0, Sum: 0.0]
      [Object Copy (ms): Min: 16.9, Avg: 17.5, Max: 18.4, Diff: 1.5, Sum: 315.2]
      [Termination (ms): Min: 0.0, Avg: 0.9, Max: 1.3, Diff: 1.3, Sum: 16.0]
         [Termination Attempts: Min: 1, Avg: 1.0, Max: 1, Diff: 0, Sum: 18]
      [GC Worker Other (ms): Min: 0.0, Avg: 0.0, Max: 0.0, Diff: 0.0, Sum: 0.4]
      [GC Worker Total (ms): Min: 22.2, Avg: 22.4, Max: 22.5, Diff: 0.4, Sum: 402.4]
      [GC Worker End (ms): Min: 3214.4, Avg: 3214.4, Max: 3214.4, Diff: 0.0]
   [Code Root Fixup: 0.0 ms]
   [Code Root Purge: 0.0 ms]
   [Clear CT: 0.2 ms]
   [Other: 1.7 ms]
      [Choose CSet: 0.0 ms]
      [Ref Proc: 0.2 ms]
      [Ref Enq: 0.0 ms]
      [Redirty Cards: 0.3 ms]
      [Humongous Register: 0.3 ms]
      [Humongous Reclaim: 0.3 ms]
      [Free CSet: 0.4 ms]
   [Eden: 184.0M(184.0M)->0.0B(27.0M) Survivors: 7168.0K->24.0M Heap: 847.8M(1024.0M)->669.2M(1024.0M)]
 [Times: user=0.26 sys=0.15, real=0.02 secs] 
3.226: [GC pause (G1 Evacuation Pause) (mixed), 0.0184753 secs]
   [Parallel Time: 16.7 ms, GC Workers: 18]
      [GC Worker Start (ms): Min: 3226.6, Avg: 3226.8, Max: 3227.0, Diff: 0.5]
      [Ext Root Scanning (ms): Min: 0.0, Avg: 0.1, Max: 0.3, Diff: 0.3, Sum: 2.0]
      [Update RS (ms): Min: 1.6, Avg: 1.9, Max: 2.0, Diff: 0.4, Sum: 33.9]
         [Processed Buffers: Min: 5, Avg: 6.0, Max: 9, Diff: 4, Sum: 108]
      [Scan RS (ms): Min: 0.0, Avg: 0.0, Max: 0.2, Diff: 0.2, Sum: 0.7]
      [Code Root Scanning (ms): Min: 0.0, Avg: 0.0, Max: 0.0, Diff: 0.0, Sum: 0.0]
      [Object Copy (ms): Min: 11.5, Avg: 12.2, Max: 14.1, Diff: 2.6, Sum: 219.6]
      [Termination (ms): Min: 0.0, Avg: 2.0, Max: 2.6, Diff: 2.6, Sum: 35.3]
         [Termination Attempts: Min: 1, Avg: 1.1, Max: 2, Diff: 1, Sum: 19]
      [GC Worker Other (ms): Min: 0.0, Avg: 0.0, Max: 0.0, Diff: 0.0, Sum: 0.4]
      [GC Worker Total (ms): Min: 16.0, Avg: 16.2, Max: 16.5, Diff: 0.5, Sum: 291.8]
      [GC Worker End (ms): Min: 3243.0, Avg: 3243.0, Max: 3243.0, Diff: 0.0]
   [Code Root Fixup: 0.0 ms]
   [Code Root Purge: 0.0 ms]
   [Clear CT: 0.2 ms]
   [Other: 1.5 ms]
      [Choose CSet: 0.1 ms]
      [Ref Proc: 0.3 ms]
      [Ref Enq: 0.0 ms]
      [Redirty Cards: 0.3 ms]
      [Humongous Register: 0.2 ms]
      [Humongous Reclaim: 0.1 ms]
      [Free CSet: 0.4 ms]
   [Eden: 27.0M(27.0M)->0.0B(44.0M) Survivors: 24.0M->7168.0K Heap: 707.7M(1024.0M)->584.6M(1024.0M)]
 [Times: user=0.23 sys=0.06, real=0.02 secs] 
3.262: [GC pause (G1 Evacuation Pause) (mixed), 0.0191810 secs]
   [Parallel Time: 17.4 ms, GC Workers: 18]
      [GC Worker Start (ms): Min: 3262.5, Avg: 3262.6, Max: 3262.8, Diff: 0.3]
      [Ext Root Scanning (ms): Min: 0.0, Avg: 0.2, Max: 0.4, Diff: 0.3, Sum: 3.2]
      [Update RS (ms): Min: 1.9, Avg: 2.0, Max: 2.1, Diff: 0.1, Sum: 36.1]
         [Processed Buffers: Min: 5, Avg: 6.4, Max: 7, Diff: 2, Sum: 116]
      [Scan RS (ms): Min: 0.0, Avg: 0.1, Max: 0.1, Diff: 0.1, Sum: 0.9]
      [Code Root Scanning (ms): Min: 0.0, Avg: 0.0, Max: 0.0, Diff: 0.0, Sum: 0.0]
      [Object Copy (ms): Min: 13.3, Avg: 13.7, Max: 14.7, Diff: 1.4, Sum: 247.1]
      [Termination (ms): Min: 0.0, Avg: 1.0, Max: 1.4, Diff: 1.4, Sum: 18.3]
         [Termination Attempts: Min: 1, Avg: 1.3, Max: 4, Diff: 3, Sum: 23]
      [GC Worker Other (ms): Min: 0.0, Avg: 0.0, Max: 0.1, Diff: 0.1, Sum: 0.6]
      [GC Worker Total (ms): Min: 16.9, Avg: 17.0, Max: 17.2, Diff: 0.3, Sum: 306.2]
      [GC Worker End (ms): Min: 3279.6, Avg: 3279.6, Max: 3279.7, Diff: 0.0]
   [Code Root Fixup: 0.0 ms]
   [Code Root Purge: 0.0 ms]
   [Clear CT: 0.2 ms]
   [Other: 1.6 ms]
      [Choose CSet: 0.1 ms]
      [Ref Proc: 0.2 ms]
      [Ref Enq: 0.0 ms]
      [Redirty Cards: 0.3 ms]
      [Humongous Register: 0.2 ms]
      [Humongous Reclaim: 0.1 ms]
      [Free CSet: 0.5 ms]
   [Eden: 44.0M(44.0M)->0.0B(44.0M) Survivors: 7168.0K->7168.0K Heap: 640.7M(1024.0M)->519.0M(1024.0M)]
 [Times: user=0.22 sys=0.08, real=0.02 secs] 
3.297: [GC pause (G1 Evacuation Pause) (mixed), 0.0162551 secs]
   [Parallel Time: 14.7 ms, GC Workers: 18]
      [GC Worker Start (ms): Min: 3297.0, Avg: 3297.3, Max: 3297.5, Diff: 0.5]
      [Ext Root Scanning (ms): Min: 0.0, Avg: 0.1, Max: 0.4, Diff: 0.4, Sum: 2.7]
      [Update RS (ms): Min: 1.6, Avg: 1.7, Max: 1.7, Diff: 0.2, Sum: 29.8]
         [Processed Buffers: Min: 5, Avg: 5.4, Max: 7, Diff: 2, Sum: 97]
      [Scan RS (ms): Min: 0.0, Avg: 0.1, Max: 0.3, Diff: 0.3, Sum: 0.9]
      [Code Root Scanning (ms): Min: 0.0, Avg: 0.0, Max: 0.0, Diff: 0.0, Sum: 0.0]
      [Object Copy (ms): Min: 11.2, Avg: 11.6, Max: 12.3, Diff: 1.0, Sum: 209.4]
      [Termination (ms): Min: 0.0, Avg: 0.6, Max: 1.1, Diff: 1.1, Sum: 11.3]
         [Termination Attempts: Min: 1, Avg: 1.1, Max: 2, Diff: 1, Sum: 19]
      [GC Worker Other (ms): Min: 0.0, Avg: 0.0, Max: 0.0, Diff: 0.0, Sum: 0.3]
      [GC Worker Total (ms): Min: 13.9, Avg: 14.1, Max: 14.4, Diff: 0.5, Sum: 254.4]
      [GC Worker End (ms): Min: 3311.4, Avg: 3311.4, Max: 3311.4, Diff: 0.0]
   [Code Root Fixup: 0.0 ms]
   [Code Root Purge: 0.0 ms]
   [Clear CT: 0.2 ms]
   [Other: 1.4 ms]
      [Choose CSet: 0.1 ms]
      [Ref Proc: 0.3 ms]
      [Ref Enq: 0.0 ms]
      [Redirty Cards: 0.2 ms]
      [Humongous Register: 0.2 ms]
      [Humongous Reclaim: 0.1 ms]
      [Free CSet: 0.3 ms]
   [Eden: 44.0M(44.0M)->0.0B(275.0M) Survivors: 7168.0K->7168.0K Heap: 572.6M(1024.0M)->504.8M(1024.0M)]
 [Times: user=0.23 sys=0.02, real=0.02 secs] 
3.314: [GC pause (G1 Humongous Allocation) (young) (initial-mark), 0.0048646 secs]
   [Parallel Time: 3.6 ms, GC Workers: 18]
      [GC Worker Start (ms): Min: 3314.6, Avg: 3314.8, Max: 3314.9, Diff: 0.3]
      [Ext Root Scanning (ms): Min: 0.0, Avg: 0.2, Max: 0.4, Diff: 0.4, Sum: 3.4]
      [Update RS (ms): Min: 0.0, Avg: 0.1, Max: 0.8, Diff: 0.8, Sum: 2.0]
         [Processed Buffers: Min: 0, Avg: 1.1, Max: 2, Diff: 2, Sum: 19]
      [Scan RS (ms): Min: 0.0, Avg: 0.0, Max: 0.0, Diff: 0.0, Sum: 0.1]
      [Code Root Scanning (ms): Min: 0.0, Avg: 0.0, Max: 0.0, Diff: 0.0, Sum: 0.0]
      [Object Copy (ms): Min: 0.7, Avg: 1.7, Max: 2.9, Diff: 2.2, Sum: 31.3]
      [Termination (ms): Min: 0.0, Avg: 1.1, Max: 1.5, Diff: 1.5, Sum: 19.8]
         [Termination Attempts: Min: 1, Avg: 1.0, Max: 1, Diff: 0, Sum: 18]
      [GC Worker Other (ms): Min: 0.0, Avg: 0.0, Max: 0.0, Diff: 0.0, Sum: 0.1]
      [GC Worker Total (ms): Min: 3.0, Avg: 3.2, Max: 3.4, Diff: 0.3, Sum: 56.7]
      [GC Worker End (ms): Min: 3317.9, Avg: 3317.9, Max: 3317.9, Diff: 0.0]
   [Code Root Fixup: 0.0 ms]
   [Code Root Purge: 0.0 ms]
   [Clear CT: 0.2 ms]
   [Other: 1.1 ms]
      [Choose CSet: 0.0 ms]
      [Ref Proc: 0.3 ms]
      [Ref Enq: 0.0 ms]
      [Redirty Cards: 0.2 ms]
      [Humongous Register: 0.2 ms]
      [Humongous Reclaim: 0.0 ms]
      [Free CSet: 0.0 ms]
   [Eden: 2048.0K(275.0M)->0.0B(277.0M) Survivors: 7168.0K->7168.0K Heap: 506.8M(1024.0M)->504.8M(1024.0M)]
 [Times: user=0.03 sys=0.03, real=0.01 secs] 
3.319: [GC concurrent-root-region-scan-start]
3.319: [GC concurrent-root-region-scan-end, 0.0001297 secs]
3.319: [GC concurrent-mark-start]
3.322: [GC concurrent-mark-end, 0.0023319 secs]
3.322: [GC remark 3.322: [Finalize Marking, 0.0003457 secs] 3.322: [GC ref-proc, 0.0004141 secs] 3.322: [Unloading, 0.0008985 secs], 0.0026100 secs]
 [Times: user=0.01 sys=0.01, real=0.00 secs] 
3.324: [GC cleanup 515M->510M(1024M), 0.0017823 secs]
 [Times: user=0.02 sys=0.00, real=0.00 secs] 
3.326: [GC concurrent-cleanup-start]
3.326: [GC concurrent-cleanup-end, 0.0000356 secs]
3.441: [GC pause (G1 Evacuation Pause) (young) (to-space exhausted), 0.0281781 secs]
   [Parallel Time: 18.8 ms, GC Workers: 18]
      [GC Worker Start (ms): Min: 3447.0, Avg: 3447.7, Max: 3448.2, Diff: 1.2]
      [Ext Root Scanning (ms): Min: 0.2, Avg: 0.7, Max: 1.4, Diff: 1.2, Sum: 12.4]
      [Update RS (ms): Min: 4.1, Avg: 4.3, Max: 4.5, Diff: 0.3, Sum: 77.7]
         [Processed Buffers: Min: 10, Avg: 12.2, Max: 14, Diff: 4, Sum: 219]
      [Scan RS (ms): Min: 0.0, Avg: 0.1, Max: 0.1, Diff: 0.1, Sum: 1.1]
      [Code Root Scanning (ms): Min: 0.0, Avg: 0.0, Max: 0.0, Diff: 0.0, Sum: 0.0]
      [Object Copy (ms): Min: 12.4, Avg: 12.6, Max: 12.7, Diff: 0.3, Sum: 226.4]
      [Termination (ms): Min: 0.0, Avg: 0.1, Max: 0.1, Diff: 0.1, Sum: 1.2]
         [Termination Attempts: Min: 1, Avg: 1.1, Max: 2, Diff: 1, Sum: 19]
      [GC Worker Other (ms): Min: 0.0, Avg: 0.1, Max: 0.1, Diff: 0.1, Sum: 1.1]
      [GC Worker Total (ms): Min: 17.3, Avg: 17.8, Max: 18.4, Diff: 1.2, Sum: 319.9]
      [GC Worker End (ms): Min: 3465.4, Avg: 3465.4, Max: 3465.5, Diff: 0.0]
   [Code Root Fixup: 0.0 ms]
   [Code Root Purge: 0.0 ms]
   [Clear CT: 0.3 ms]
   [Other: 9.0 ms]
      [Evacuation Failure: 1.4 ms]
      [Choose CSet: 0.1 ms]
      [Ref Proc: 0.3 ms]
      [Ref Enq: 0.0 ms]
      [Redirty Cards: 0.2 ms]
      [Humongous Register: 5.0 ms]
      [Humongous Reclaim: 1.0 ms]
      [Free CSet: 0.5 ms]
   [Eden: 277.0M(277.0M)->0.0B(15.0M) Survivors: 7168.0K->36.0M Heap: 863.5M(1024.0M)->683.1M(1024.0M)]
 [Times: user=0.26 sys=0.07, real=0.03 secs] 
3.475: [GC pause (G1 Evacuation Pause) (mixed), 0.0218653 secs]
   [Parallel Time: 19.3 ms, GC Workers: 18]
      [GC Worker Start (ms): Min: 3475.2, Avg: 3475.5, Max: 3475.6, Diff: 0.4]
      [Ext Root Scanning (ms): Min: 0.0, Avg: 0.2, Max: 0.4, Diff: 0.4, Sum: 2.9]
      [Update RS (ms): Min: 0.2, Avg: 0.4, Max: 0.5, Diff: 0.3, Sum: 7.8]
         [Processed Buffers: Min: 1, Avg: 2.4, Max: 5, Diff: 4, Sum: 43]
      [Scan RS (ms): Min: 0.2, Avg: 0.3, Max: 0.5, Diff: 0.4, Sum: 5.8]
      [Code Root Scanning (ms): Min: 0.0, Avg: 0.0, Max: 0.0, Diff: 0.0, Sum: 0.0]
      [Object Copy (ms): Min: 17.0, Avg: 17.2, Max: 17.7, Diff: 0.7, Sum: 310.0]
      [Termination (ms): Min: 0.0, Avg: 0.7, Max: 0.9, Diff: 0.9, Sum: 13.0]
         [Termination Attempts: Min: 1, Avg: 1.9, Max: 6, Diff: 5, Sum: 34]
      [GC Worker Other (ms): Min: 0.0, Avg: 0.0, Max: 0.0, Diff: 0.0, Sum: 0.3]
      [GC Worker Total (ms): Min: 18.7, Avg: 18.9, Max: 19.1, Diff: 0.4, Sum: 339.9]
      [GC Worker End (ms): Min: 3494.3, Avg: 3494.3, Max: 3494.4, Diff: 0.0]
   [Code Root Fixup: 0.0 ms]
   [Code Root Purge: 0.0 ms]
   [Clear CT: 0.4 ms]
   [Other: 2.1 ms]
      [Choose CSet: 0.1 ms]
      [Ref Proc: 0.3 ms]
      [Ref Enq: 0.0 ms]
      [Redirty Cards: 0.2 ms]
      [Humongous Register: 0.2 ms]
      [Humongous Reclaim: 0.1 ms]
      [Free CSet: 1.2 ms]
   [Eden: 15.0M(15.0M)->0.0B(44.0M) Survivors: 36.0M->7168.0K Heap: 700.1M(1024.0M)->616.7M(1024.0M)]
 [Times: user=0.28 sys=0.05, real=0.02 secs] 
3.516: [GC pause (G1 Evacuation Pause) (mixed), 0.0122456 secs]
   [Parallel Time: 10.7 ms, GC Workers: 18]
      [GC Worker Start (ms): Min: 3516.0, Avg: 3516.3, Max: 3516.5, Diff: 0.4]
      [Ext Root Scanning (ms): Min: 0.0, Avg: 0.2, Max: 0.4, Diff: 0.4, Sum: 3.0]
      [Update RS (ms): Min: 2.5, Avg: 2.7, Max: 3.0, Diff: 0.5, Sum: 49.2]
         [Processed Buffers: Min: 7, Avg: 8.2, Max: 9, Diff: 2, Sum: 147]
      [Scan RS (ms): Min: 0.0, Avg: 0.0, Max: 0.1, Diff: 0.1, Sum: 0.4]
      [Code Root Scanning (ms): Min: 0.0, Avg: 0.0, Max: 0.0, Diff: 0.0, Sum: 0.0]
      [Object Copy (ms): Min: 6.5, Avg: 6.9, Max: 7.4, Diff: 0.9, Sum: 124.8]
      [Termination (ms): Min: 0.0, Avg: 0.3, Max: 0.6, Diff: 0.6, Sum: 6.2]
         [Termination Attempts: Min: 1, Avg: 1.0, Max: 1, Diff: 0, Sum: 18]
      [GC Worker Other (ms): Min: 0.0, Avg: 0.0, Max: 0.0, Diff: 0.0, Sum: 0.4]
      [GC Worker Total (ms): Min: 10.0, Avg: 10.2, Max: 10.4, Diff: 0.4, Sum: 183.9]
      [GC Worker End (ms): Min: 3526.5, Avg: 3526.5, Max: 3526.5, Diff: 0.0]
   [Code Root Fixup: 0.0 ms]
   [Code Root Purge: 0.0 ms]
   [Clear CT: 0.2 ms]
   [Other: 1.3 ms]
      [Choose CSet: 0.0 ms]
      [Ref Proc: 0.3 ms]
      [Ref Enq: 0.0 ms]
      [Redirty Cards: 0.2 ms]
      [Humongous Register: 0.2 ms]
      [Humongous Reclaim: 0.2 ms]
      [Free CSet: 0.2 ms]
   [Eden: 44.0M(44.0M)->0.0B(182.0M) Survivors: 7168.0K->7168.0K Heap: 676.5M(1024.0M)->623.8M(1024.0M)]
 [Times: user=0.18 sys=0.01, real=0.01 secs] 
3.529: [GC pause (G1 Humongous Allocation) (young) (initial-mark), 0.0038110 secs]
   [Parallel Time: 2.5 ms, GC Workers: 18]
      [GC Worker Start (ms): Min: 3529.9, Avg: 3530.1, Max: 3530.3, Diff: 0.4]
      [Ext Root Scanning (ms): Min: 0.0, Avg: 0.3, Max: 0.7, Diff: 0.6, Sum: 4.8]
      [Update RS (ms): Min: 0.0, Avg: 0.1, Max: 0.4, Diff: 0.4, Sum: 1.6]
         [Processed Buffers: Min: 0, Avg: 0.9, Max: 4, Diff: 4, Sum: 16]
      [Scan RS (ms): Min: 0.0, Avg: 0.0, Max: 0.0, Diff: 0.0, Sum: 0.1]
      [Code Root Scanning (ms): Min: 0.0, Avg: 0.0, Max: 0.0, Diff: 0.0, Sum: 0.0]
      [Object Copy (ms): Min: 1.0, Avg: 1.5, Max: 1.7, Diff: 0.7, Sum: 26.3]
      [Termination (ms): Min: 0.0, Avg: 0.2, Max: 0.5, Diff: 0.5, Sum: 3.7]
         [Termination Attempts: Min: 1, Avg: 1.0, Max: 1, Diff: 0, Sum: 18]
      [GC Worker Other (ms): Min: 0.0, Avg: 0.0, Max: 0.0, Diff: 0.0, Sum: 0.2]
      [GC Worker Total (ms): Min: 1.9, Avg: 2.0, Max: 2.2, Diff: 0.4, Sum: 36.7]
      [GC Worker End (ms): Min: 3532.2, Avg: 3532.2, Max: 3532.2, Diff: 0.0]
   [Code Root Fixup: 0.0 ms]
   [Code Root Purge: 0.0 ms]
   [Clear CT: 0.2 ms]
   [Other: 1.1 ms]
      [Choose CSet: 0.0 ms]
      [Ref Proc: 0.3 ms]
      [Ref Enq: 0.0 ms]
      [Redirty Cards: 0.2 ms]
      [Humongous Register: 0.2 ms]
      [Humongous Reclaim: 0.0 ms]
      [Free CSet: 0.0 ms]
   [Eden: 4096.0K(182.0M)->0.0B(182.0M) Survivors: 7168.0K->8192.0K Heap: 627.0M(1024.0M)->624.3M(1024.0M)]
 [Times: user=0.03 sys=0.00, real=0.00 secs] 
3.533: [GC concurrent-root-region-scan-start]
3.534: [GC concurrent-root-region-scan-end, 0.0004082 secs]
3.534: [GC concurrent-mark-start]
3.537: [GC concurrent-mark-end, 0.0036348 secs]
3.538: [GC remark 3.538: [Finalize Marking, 0.0003966 secs] 3.538: [GC ref-proc, 0.0004129 secs] 3.538: [Unloading, 0.0027545 secs], 0.0053158 secs]
 [Times: user=0.02 sys=0.05, real=0.01 secs] 
3.543: [GC cleanup 637M->630M(1024M), 0.0015329 secs]
 [Times: user=0.01 sys=0.00, real=0.00 secs] 
3.545: [GC concurrent-cleanup-start]
3.545: [GC concurrent-cleanup-end, 0.0000570 secs]
3.613: [GC pause (G1 Evacuation Pause) (young), 0.0215837 secs]
   [Parallel Time: 19.6 ms, GC Workers: 18]
      [GC Worker Start (ms): Min: 3613.4, Avg: 3613.6, Max: 3613.8, Diff: 0.3]
      [Ext Root Scanning (ms): Min: 0.0, Avg: 0.2, Max: 0.3, Diff: 0.3, Sum: 3.2]
      [Update RS (ms): Min: 3.8, Avg: 4.0, Max: 4.2, Diff: 0.4, Sum: 72.5]
         [Processed Buffers: Min: 10, Avg: 11.3, Max: 13, Diff: 3, Sum: 204]
      [Scan RS (ms): Min: 0.0, Avg: 0.0, Max: 0.1, Diff: 0.1, Sum: 0.6]
      [Code Root Scanning (ms): Min: 0.0, Avg: 0.0, Max: 0.0, Diff: 0.0, Sum: 0.0]
      [Object Copy (ms): Min: 14.3, Avg: 14.7, Max: 15.1, Diff: 0.8, Sum: 264.2]
      [Termination (ms): Min: 0.0, Avg: 0.3, Max: 0.5, Diff: 0.5, Sum: 5.0]
         [Termination Attempts: Min: 1, Avg: 1.0, Max: 1, Diff: 0, Sum: 18]
      [GC Worker Other (ms): Min: 0.0, Avg: 0.0, Max: 0.1, Diff: 0.0, Sum: 0.5]
      [GC Worker Total (ms): Min: 19.1, Avg: 19.2, Max: 19.4, Diff: 0.3, Sum: 346.2]
      [GC Worker End (ms): Min: 3632.8, Avg: 3632.8, Max: 3632.9, Diff: 0.0]
   [Code Root Fixup: 0.0 ms]
   [Code Root Purge: 0.0 ms]
   [Clear CT: 0.2 ms]
   [Other: 1.7 ms]
      [Choose CSet: 0.0 ms]
      [Ref Proc: 0.3 ms]
      [Ref Enq: 0.0 ms]
      [Redirty Cards: 0.3 ms]
      [Humongous Register: 0.3 ms]
      [Humongous Reclaim: 0.4 ms]
      [Free CSet: 0.3 ms]
   [Eden: 182.0M(182.0M)->0.0B(27.0M) Survivors: 8192.0K->24.0M Heap: 851.6M(1024.0M)->669.0M(1024.0M)]
 [Times: user=0.28 sys=0.07, real=0.02 secs] 
3.643: [GC pause (G1 Evacuation Pause) (mixed), 0.0162535 secs]
   [Parallel Time: 14.1 ms, GC Workers: 18]
      [GC Worker Start (ms): Min: 3643.7, Avg: 3644.0, Max: 3644.2, Diff: 0.5]
      [Ext Root Scanning (ms): Min: 0.0, Avg: 0.1, Max: 0.4, Diff: 0.4, Sum: 2.5]
      [Update RS (ms): Min: 1.0, Avg: 1.2, Max: 1.4, Diff: 0.3, Sum: 22.0]
         [Processed Buffers: Min: 3, Avg: 4.2, Max: 6, Diff: 3, Sum: 75]
      [Scan RS (ms): Min: 0.0, Avg: 0.0, Max: 0.1, Diff: 0.1, Sum: 0.8]
      [Code Root Scanning (ms): Min: 0.0, Avg: 0.0, Max: 0.0, Diff: 0.0, Sum: 0.0]
      [Object Copy (ms): Min: 11.4, Avg: 11.7, Max: 12.1, Diff: 0.6, Sum: 210.1]
      [Termination (ms): Min: 0.0, Avg: 0.5, Max: 0.7, Diff: 0.7, Sum: 8.5]
         [Termination Attempts: Min: 1, Avg: 1.2, Max: 3, Diff: 2, Sum: 21]
      [GC Worker Other (ms): Min: 0.0, Avg: 0.0, Max: 0.1, Diff: 0.1, Sum: 0.6]
      [GC Worker Total (ms): Min: 13.4, Avg: 13.6, Max: 13.9, Diff: 0.5, Sum: 244.5]
      [GC Worker End (ms): Min: 3657.6, Avg: 3657.6, Max: 3657.6, Diff: 0.0]
   [Code Root Fixup: 0.0 ms]
   [Code Root Purge: 0.0 ms]
   [Clear CT: 0.2 ms]
   [Other: 1.9 ms]
      [Choose CSet: 0.1 ms]
      [Ref Proc: 0.3 ms]
      [Ref Enq: 0.0 ms]
      [Redirty Cards: 0.3 ms]
      [Humongous Register: 0.2 ms]
      [Humongous Reclaim: 0.1 ms]
      [Free CSet: 0.8 ms]
   [Eden: 27.0M(27.0M)->0.0B(44.0M) Survivors: 24.0M->7168.0K Heap: 703.1M(1024.0M)->586.6M(1024.0M)]
 [Times: user=0.22 sys=0.02, real=0.02 secs] 
3.676: [GC pause (G1 Evacuation Pause) (mixed), 0.0201805 secs]
   [Parallel Time: 18.1 ms, GC Workers: 18]
      [GC Worker Start (ms): Min: 3676.6, Avg: 3676.7, Max: 3676.8, Diff: 0.2]
      [Ext Root Scanning (ms): Min: 0.1, Avg: 0.2, Max: 0.3, Diff: 0.3, Sum: 4.0]
      [Update RS (ms): Min: 1.8, Avg: 1.9, Max: 2.0, Diff: 0.2, Sum: 34.0]
         [Processed Buffers: Min: 5, Avg: 6.0, Max: 7, Diff: 2, Sum: 108]
      [Scan RS (ms): Min: 0.0, Avg: 0.1, Max: 0.2, Diff: 0.2, Sum: 1.0]
      [Code Root Scanning (ms): Min: 0.0, Avg: 0.0, Max: 0.0, Diff: 0.0, Sum: 0.0]
      [Object Copy (ms): Min: 14.0, Avg: 14.5, Max: 15.6, Diff: 1.6, Sum: 260.1]
      [Termination (ms): Min: 0.0, Avg: 1.1, Max: 1.6, Diff: 1.6, Sum: 20.1]
         [Termination Attempts: Min: 1, Avg: 1.0, Max: 1, Diff: 0, Sum: 18]
      [GC Worker Other (ms): Min: 0.0, Avg: 0.0, Max: 0.0, Diff: 0.0, Sum: 0.3]
      [GC Worker Total (ms): Min: 17.6, Avg: 17.8, Max: 17.9, Diff: 0.3, Sum: 319.6]
      [GC Worker End (ms): Min: 3694.4, Avg: 3694.4, Max: 3694.4, Diff: 0.0]
   [Code Root Fixup: 0.0 ms]
   [Code Root Purge: 0.0 ms]
   [Clear CT: 0.3 ms]
   [Other: 1.8 ms]
      [Choose CSet: 0.1 ms]
      [Ref Proc: 0.4 ms]
      [Ref Enq: 0.0 ms]
      [Redirty Cards: 0.2 ms]
      [Humongous Register: 0.2 ms]
      [Humongous Reclaim: 0.1 ms]
      [Free CSet: 0.7 ms]
   [Eden: 44.0M(44.0M)->0.0B(44.0M) Survivors: 7168.0K->7168.0K Heap: 641.8M(1024.0M)->529.4M(1024.0M)]
 [Times: user=0.26 sys=0.06, real=0.02 secs] 
3.711: [GC pause (G1 Evacuation Pause) (mixed), 0.0167372 secs]
   [Parallel Time: 15.0 ms, GC Workers: 18]
      [GC Worker Start (ms): Min: 3711.5, Avg: 3711.6, Max: 3711.8, Diff: 0.2]
      [Ext Root Scanning (ms): Min: 0.0, Avg: 0.2, Max: 0.3, Diff: 0.2, Sum: 2.9]
      [Update RS (ms): Min: 1.7, Avg: 1.9, Max: 2.0, Diff: 0.3, Sum: 33.5]
         [Processed Buffers: Min: 5, Avg: 6.0, Max: 7, Diff: 2, Sum: 108]
      [Scan RS (ms): Min: 0.0, Avg: 0.0, Max: 0.2, Diff: 0.2, Sum: 0.6]
      [Code Root Scanning (ms): Min: 0.0, Avg: 0.0, Max: 0.0, Diff: 0.0, Sum: 0.0]
      [Object Copy (ms): Min: 11.9, Avg: 12.1, Max: 12.6, Diff: 0.7, Sum: 218.6]
      [Termination (ms): Min: 0.0, Avg: 0.4, Max: 0.6, Diff: 0.6, Sum: 7.4]
         [Termination Attempts: Min: 1, Avg: 1.6, Max: 4, Diff: 3, Sum: 28]
      [GC Worker Other (ms): Min: 0.0, Avg: 0.0, Max: 0.0, Diff: 0.0, Sum: 0.4]
      [GC Worker Total (ms): Min: 14.5, Avg: 14.6, Max: 14.7, Diff: 0.2, Sum: 263.4]
      [GC Worker End (ms): Min: 3726.3, Avg: 3726.3, Max: 3726.3, Diff: 0.0]
   [Code Root Fixup: 0.0 ms]
   [Code Root Purge: 0.0 ms]
   [Clear CT: 0.2 ms]
   [Other: 1.5 ms]
      [Choose CSet: 0.1 ms]
      [Ref Proc: 0.3 ms]
      [Ref Enq: 0.0 ms]
      [Redirty Cards: 0.3 ms]
      [Humongous Register: 0.2 ms]
      [Humongous Reclaim: 0.1 ms]
      [Free CSet: 0.4 ms]
   [Eden: 44.0M(44.0M)->0.0B(275.0M) Survivors: 7168.0K->7168.0K Heap: 584.5M(1024.0M)->502.0M(1024.0M)]
 [Times: user=0.24 sys=0.03, real=0.01 secs] 
3.729: [GC pause (G1 Humongous Allocation) (young) (initial-mark), 0.0036880 secs]
   [Parallel Time: 2.6 ms, GC Workers: 18]
      [GC Worker Start (ms): Min: 3729.1, Avg: 3729.2, Max: 3729.3, Diff: 0.2]
      [Ext Root Scanning (ms): Min: 0.1, Avg: 0.2, Max: 0.3, Diff: 0.2, Sum: 4.1]
      [Update RS (ms): Min: 0.0, Avg: 0.2, Max: 1.5, Diff: 1.5, Sum: 4.1]
         [Processed Buffers: Min: 0, Avg: 1.1, Max: 2, Diff: 2, Sum: 19]
      [Scan RS (ms): Min: 0.0, Avg: 0.0, Max: 0.0, Diff: 0.0, Sum: 0.1]
      [Code Root Scanning (ms): Min: 0.0, Avg: 0.0, Max: 0.0, Diff: 0.0, Sum: 0.0]
      [Object Copy (ms): Min: 0.0, Avg: 1.4, Max: 1.9, Diff: 1.9, Sum: 25.2]
      [Termination (ms): Min: 0.0, Avg: 0.4, Max: 0.9, Diff: 0.9, Sum: 6.9]
         [Termination Attempts: Min: 1, Avg: 1.2, Max: 2, Diff: 1, Sum: 22]
      [GC Worker Other (ms): Min: 0.0, Avg: 0.0, Max: 0.0, Diff: 0.0, Sum: 0.2]
      [GC Worker Total (ms): Min: 2.2, Avg: 2.3, Max: 2.4, Diff: 0.2, Sum: 40.6]
      [GC Worker End (ms): Min: 3731.5, Avg: 3731.5, Max: 3731.5, Diff: 0.0]
   [Code Root Fixup: 0.0 ms]
   [Code Root Purge: 0.0 ms]
   [Clear CT: 0.2 ms]
   [Other: 0.9 ms]
      [Choose CSet: 0.0 ms]
      [Ref Proc: 0.3 ms]
      [Ref Enq: 0.0 ms]
      [Redirty Cards: 0.2 ms]
      [Humongous Register: 0.2 ms]
      [Humongous Reclaim: 0.0 ms]
      [Free CSet: 0.0 ms]
   [Eden: 2048.0K(275.0M)->0.0B(279.0M) Survivors: 7168.0K->8192.0K Heap: 503.6M(1024.0M)->502.5M(1024.0M)]
 [Times: user=0.04 sys=0.00, real=0.00 secs] 
3.733: [GC concurrent-root-region-scan-start]
3.733: [GC concurrent-root-region-scan-end, 0.0001200 secs]
3.733: [GC concurrent-mark-start]
3.735: [GC concurrent-mark-end, 0.0022464 secs]
3.735: [GC remark 3.735: [Finalize Marking, 0.0002786 secs] 3.735: [GC ref-proc, 0.0004113 secs] 3.736: [Unloading, 0.0009123 secs], 0.0023669 secs]
 [Times: user=0.02 sys=0.00, real=0.00 secs] 
3.738: [GC cleanup 510M->508M(1024M), 0.0015740 secs]
 [Times: user=0.01 sys=0.00, real=0.01 secs] 
3.739: [GC concurrent-cleanup-start]
3.739: [GC concurrent-cleanup-end, 0.0000337 secs]
3.841: [GC pause (G1 Evacuation Pause) (young), 0.0268370 secs]
   [Parallel Time: 24.7 ms, GC Workers: 18]
      [GC Worker Start (ms): Min: 3841.5, Avg: 3841.7, Max: 3841.9, Diff: 0.4]
      [Ext Root Scanning (ms): Min: 0.0, Avg: 0.2, Max: 0.4, Diff: 0.4, Sum: 2.7]
      [Update RS (ms): Min: 4.7, Avg: 4.8, Max: 5.0, Diff: 0.3, Sum: 87.0]
         [Processed Buffers: Min: 12, Avg: 13.8, Max: 16, Diff: 4, Sum: 248]
      [Scan RS (ms): Min: 0.0, Avg: 0.1, Max: 0.1, Diff: 0.1, Sum: 1.1]
      [Code Root Scanning (ms): Min: 0.0, Avg: 0.0, Max: 0.0, Diff: 0.0, Sum: 0.0]
      [Object Copy (ms): Min: 18.7, Avg: 19.0, Max: 19.3, Diff: 0.6, Sum: 341.9]
      [Termination (ms): Min: 0.0, Avg: 0.2, Max: 0.4, Diff: 0.4, Sum: 4.0]
         [Termination Attempts: Min: 1, Avg: 1.7, Max: 3, Diff: 2, Sum: 31]
      [GC Worker Other (ms): Min: 0.0, Avg: 0.0, Max: 0.1, Diff: 0.1, Sum: 0.5]
      [GC Worker Total (ms): Min: 24.1, Avg: 24.3, Max: 24.5, Diff: 0.4, Sum: 437.3]
      [GC Worker End (ms): Min: 3866.0, Avg: 3866.0, Max: 3866.1, Diff: 0.1]
   [Code Root Fixup: 0.0 ms]
   [Code Root Purge: 0.0 ms]
   [Clear CT: 0.3 ms]
   [Other: 1.9 ms]
      [Choose CSet: 0.0 ms]
      [Ref Proc: 0.3 ms]
      [Ref Enq: 0.0 ms]
      [Redirty Cards: 0.3 ms]
      [Humongous Register: 0.3 ms]
      [Humongous Reclaim: 0.4 ms]
      [Free CSet: 0.5 ms]
   [Eden: 279.0M(279.0M)->0.0B(15.0M) Survivors: 8192.0K->36.0M Heap: 837.8M(1024.0M)->561.1M(1024.0M)]
 [Times: user=0.42 sys=0.02, real=0.02 secs] 
3.874: [GC pause (G1 Evacuation Pause) (mixed), 0.0188100 secs]
   [Parallel Time: 17.0 ms, GC Workers: 18]
      [GC Worker Start (ms): Min: 3874.7, Avg: 3875.0, Max: 3875.2, Diff: 0.5]
      [Ext Root Scanning (ms): Min: 0.0, Avg: 0.1, Max: 0.2, Diff: 0.2, Sum: 1.6]
      [Update RS (ms): Min: 0.4, Avg: 0.6, Max: 0.8, Diff: 0.4, Sum: 11.6]
         [Processed Buffers: Min: 1, Avg: 2.7, Max: 5, Diff: 4, Sum: 49]
      [Scan RS (ms): Min: 0.0, Avg: 0.1, Max: 0.3, Diff: 0.2, Sum: 1.4]
      [Code Root Scanning (ms): Min: 0.0, Avg: 0.0, Max: 0.0, Diff: 0.0, Sum: 0.0]
      [Object Copy (ms): Min: 15.2, Avg: 15.4, Max: 15.8, Diff: 0.6, Sum: 277.3]
      [Termination (ms): Min: 0.0, Avg: 0.3, Max: 0.6, Diff: 0.6, Sum: 6.0]
         [Termination Attempts: Min: 1, Avg: 1.2, Max: 4, Diff: 3, Sum: 21]
      [GC Worker Other (ms): Min: 0.0, Avg: 0.0, Max: 0.1, Diff: 0.0, Sum: 0.4]
      [GC Worker Total (ms): Min: 16.3, Avg: 16.6, Max: 16.8, Diff: 0.5, Sum: 298.3]
      [GC Worker End (ms): Min: 3891.5, Avg: 3891.5, Max: 3891.6, Diff: 0.0]
   [Code Root Fixup: 0.0 ms]
   [Code Root Purge: 0.0 ms]
   [Clear CT: 0.3 ms]
   [Other: 1.6 ms]
      [Choose CSet: 0.1 ms]
      [Ref Proc: 0.2 ms]
      [Ref Enq: 0.0 ms]
      [Redirty Cards: 0.3 ms]
      [Humongous Register: 0.3 ms]
      [Humongous Reclaim: 0.0 ms]
      [Free CSet: 0.5 ms]
   [Eden: 15.0M(15.0M)->0.0B(46.0M) Survivors: 36.0M->5120.0K Heap: 579.7M(1024.0M)->492.5M(1024.0M)]
 [Times: user=0.25 sys=0.04, real=0.02 secs] 
3.910: [GC pause (G1 Evacuation Pause) (mixed), 0.0114694 secs]
   [Parallel Time: 10.1 ms, GC Workers: 18]
      [GC Worker Start (ms): Min: 3909.9, Avg: 3910.2, Max: 3910.4, Diff: 0.4]
      [Ext Root Scanning (ms): Min: 0.0, Avg: 0.2, Max: 0.4, Diff: 0.4, Sum: 3.4]
      [Update RS (ms): Min: 2.6, Avg: 2.8, Max: 3.0, Diff: 0.4, Sum: 50.6]
         [Processed Buffers: Min: 7, Avg: 7.9, Max: 10, Diff: 3, Sum: 142]
      [Scan RS (ms): Min: 0.0, Avg: 0.0, Max: 0.1, Diff: 0.1, Sum: 0.4]
      [Code Root Scanning (ms): Min: 0.0, Avg: 0.0, Max: 0.0, Diff: 0.0, Sum: 0.0]
      [Object Copy (ms): Min: 6.1, Avg: 6.4, Max: 6.7, Diff: 0.6, Sum: 115.0]
      [Termination (ms): Min: 0.0, Avg: 0.2, Max: 0.4, Diff: 0.4, Sum: 3.8]
         [Termination Attempts: Min: 1, Avg: 1.1, Max: 2, Diff: 1, Sum: 20]
      [GC Worker Other (ms): Min: 0.0, Avg: 0.0, Max: 0.0, Diff: 0.0, Sum: 0.4]
      [GC Worker Total (ms): Min: 9.4, Avg: 9.6, Max: 9.9, Diff: 0.5, Sum: 173.6]
      [GC Worker End (ms): Min: 3919.8, Avg: 3919.8, Max: 3919.8, Diff: 0.0]
   [Code Root Fixup: 0.0 ms]
   [Code Root Purge: 0.0 ms]
   [Clear CT: 0.2 ms]
   [Other: 1.1 ms]
      [Choose CSet: 0.0 ms]
      [Ref Proc: 0.2 ms]
      [Ref Enq: 0.0 ms]
      [Redirty Cards: 0.2 ms]
      [Humongous Register: 0.2 ms]
      [Humongous Reclaim: 0.1 ms]
      [Free CSet: 0.1 ms]
   [Eden: 46.0M(46.0M)->0.0B(285.0M) Survivors: 5120.0K->7168.0K Heap: 553.8M(1024.0M)->498.1M(1024.0M)]
 [Times: user=0.17 sys=0.00, real=0.01 secs] 
3.922: [GC pause (G1 Humongous Allocation) (young) (initial-mark), 0.0037044 secs]
   [Parallel Time: 2.5 ms, GC Workers: 18]
      [GC Worker Start (ms): Min: 3922.1, Avg: 3922.3, Max: 3922.4, Diff: 0.4]
      [Ext Root Scanning (ms): Min: 0.0, Avg: 0.2, Max: 0.4, Diff: 0.4, Sum: 3.2]
      [Update RS (ms): Min: 0.0, Avg: 0.1, Max: 0.5, Diff: 0.5, Sum: 2.6]
         [Processed Buffers: Min: 0, Avg: 1.0, Max: 2, Diff: 2, Sum: 18]
      [Scan RS (ms): Min: 0.0, Avg: 0.0, Max: 0.0, Diff: 0.0, Sum: 0.1]
      [Code Root Scanning (ms): Min: 0.0, Avg: 0.0, Max: 0.0, Diff: 0.0, Sum: 0.0]
      [Object Copy (ms): Min: 0.5, Avg: 1.2, Max: 1.8, Diff: 1.3, Sum: 22.3]
      [Termination (ms): Min: 0.0, Avg: 0.5, Max: 0.9, Diff: 0.9, Sum: 8.6]
         [Termination Attempts: Min: 1, Avg: 1.0, Max: 1, Diff: 0, Sum: 18]
      [GC Worker Other (ms): Min: 0.0, Avg: 0.0, Max: 0.1, Diff: 0.1, Sum: 0.4]
      [GC Worker Total (ms): Min: 1.9, Avg: 2.1, Max: 2.3, Diff: 0.4, Sum: 37.1]
      [GC Worker End (ms): Min: 3924.3, Avg: 3924.3, Max: 3924.4, Diff: 0.0]
   [Code Root Fixup: 0.0 ms]
   [Code Root Purge: 0.0 ms]
   [Clear CT: 0.2 ms]
   [Other: 1.0 ms]
      [Choose CSet: 0.0 ms]
      [Ref Proc: 0.3 ms]
      [Ref Enq: 0.0 ms]
      [Redirty Cards: 0.2 ms]
      [Humongous Register: 0.2 ms]
      [Humongous Reclaim: 0.0 ms]
      [Free CSet: 0.0 ms]
   [Eden: 1024.0K(285.0M)->0.0B(285.0M) Survivors: 7168.0K->8192.0K Heap: 499.0M(1024.0M)->498.7M(1024.0M)]
 [Times: user=0.04 sys=0.00, real=0.00 secs] 
3.926: [GC concurrent-root-region-scan-start]
3.926: [GC concurrent-root-region-scan-end, 0.0000902 secs]
3.926: [GC concurrent-mark-start]
3.928: [GC concurrent-mark-end, 0.0022688 secs]
3.928: [GC remark 3.928: [Finalize Marking, 0.0003549 secs] 3.928: [GC ref-proc, 0.0004114 secs] 3.929: [Unloading, 0.0009464 secs], 0.0024860 secs]
 [Times: user=0.02 sys=0.00, real=0.01 secs] 
3.931: [GC cleanup 507M->506M(1024M), 0.0015350 secs]
 [Times: user=0.01 sys=0.01, real=0.00 secs] 
3.932: [GC concurrent-cleanup-start]
3.932: [GC concurrent-cleanup-end, 0.0000221 secs]
4.031: [GC pause (G1 Evacuation Pause) (young), 0.0325247 secs]
   [Parallel Time: 30.4 ms, GC Workers: 18]
      [GC Worker Start (ms): Min: 4031.1, Avg: 4031.3, Max: 4031.4, Diff: 0.4]
      [Ext Root Scanning (ms): Min: 0.0, Avg: 0.2, Max: 0.4, Diff: 0.4, Sum: 2.8]
      [Update RS (ms): Min: 5.7, Avg: 5.8, Max: 6.0, Diff: 0.3, Sum: 104.8]
         [Processed Buffers: Min: 15, Avg: 16.7, Max: 19, Diff: 4, Sum: 301]
      [Scan RS (ms): Min: 0.0, Avg: 0.1, Max: 0.1, Diff: 0.1, Sum: 1.0]
      [Code Root Scanning (ms): Min: 0.0, Avg: 0.0, Max: 0.0, Diff: 0.0, Sum: 0.0]
      [Object Copy (ms): Min: 23.4, Avg: 23.7, Max: 23.9, Diff: 0.5, Sum: 425.9]
      [Termination (ms): Min: 0.0, Avg: 0.2, Max: 0.4, Diff: 0.4, Sum: 4.4]
         [Termination Attempts: Min: 1, Avg: 1.0, Max: 1, Diff: 0, Sum: 18]
      [GC Worker Other (ms): Min: 0.0, Avg: 0.0, Max: 0.1, Diff: 0.1, Sum: 0.5]
      [GC Worker Total (ms): Min: 29.8, Avg: 30.0, Max: 30.2, Diff: 0.4, Sum: 539.4]
      [GC Worker End (ms): Min: 4061.2, Avg: 4061.2, Max: 4061.3, Diff: 0.0]
   [Code Root Fixup: 0.0 ms]
   [Code Root Purge: 0.0 ms]
   [Clear CT: 0.4 ms]
   [Other: 1.7 ms]
      [Choose CSet: 0.0 ms]
      [Ref Proc: 0.3 ms]
      [Ref Enq: 0.0 ms]
      [Redirty Cards: 0.2 ms]
      [Humongous Register: 0.2 ms]
      [Humongous Reclaim: 0.3 ms]
      [Free CSet: 0.5 ms]
   [Eden: 285.0M(285.0M)->0.0B(14.0M) Survivors: 8192.0K->37.0M Heap: 834.1M(1024.0M)->569.6M(1024.0M)]
 [Times: user=0.48 sys=0.05, real=0.03 secs] 
4.068: [GC pause (G1 Evacuation Pause) (mixed), 0.0178298 secs]
   [Parallel Time: 15.8 ms, GC Workers: 18]
      [GC Worker Start (ms): Min: 4068.8, Avg: 4069.0, Max: 4069.2, Diff: 0.4]
      [Ext Root Scanning (ms): Min: 0.0, Avg: 0.2, Max: 0.3, Diff: 0.3, Sum: 2.8]
      [Update RS (ms): Min: 0.1, Avg: 0.3, Max: 0.5, Diff: 0.4, Sum: 6.3]
         [Processed Buffers: Min: 1, Avg: 1.9, Max: 4, Diff: 3, Sum: 34]
      [Scan RS (ms): Min: 0.0, Avg: 0.1, Max: 0.3, Diff: 0.3, Sum: 1.3]
      [Code Root Scanning (ms): Min: 0.0, Avg: 0.0, Max: 0.0, Diff: 0.0, Sum: 0.0]
      [Object Copy (ms): Min: 13.9, Avg: 14.3, Max: 14.7, Diff: 0.8, Sum: 257.4]
      [Termination (ms): Min: 0.0, Avg: 0.4, Max: 0.7, Diff: 0.7, Sum: 6.7]
         [Termination Attempts: Min: 1, Avg: 1.1, Max: 2, Diff: 1, Sum: 19]
      [GC Worker Other (ms): Min: 0.0, Avg: 0.1, Max: 0.1, Diff: 0.1, Sum: 1.0]
      [GC Worker Total (ms): Min: 15.1, Avg: 15.3, Max: 15.5, Diff: 0.4, Sum: 275.4]
      [GC Worker End (ms): Min: 4084.3, Avg: 4084.3, Max: 4084.4, Diff: 0.1]
   [Code Root Fixup: 0.0 ms]
   [Code Root Purge: 0.0 ms]
   [Clear CT: 0.5 ms]
   [Other: 1.5 ms]
      [Choose CSet: 0.1 ms]
      [Ref Proc: 0.3 ms]
      [Ref Enq: 0.0 ms]
      [Redirty Cards: 0.3 ms]
      [Humongous Register: 0.2 ms]
      [Humongous Reclaim: 0.0 ms]
      [Free CSet: 0.4 ms]
   [Eden: 14.0M(14.0M)->0.0B(48.0M) Survivors: 37.0M->3072.0K Heap: 585.5M(1024.0M)->491.1M(1024.0M)]
 [Times: user=0.24 sys=0.02, real=0.01 secs] 
4.106: [GC pause (G1 Evacuation Pause) (mixed), 0.0133974 secs]
   [Parallel Time: 12.0 ms, GC Workers: 18]
      [GC Worker Start (ms): Min: 4106.7, Avg: 4107.0, Max: 4107.1, Diff: 0.5]
      [Ext Root Scanning (ms): Min: 0.0, Avg: 0.1, Max: 0.4, Diff: 0.4, Sum: 2.3]
      [Update RS (ms): Min: 2.3, Avg: 2.5, Max: 2.7, Diff: 0.3, Sum: 45.6]
         [Processed Buffers: Min: 7, Avg: 8.3, Max: 10, Diff: 3, Sum: 150]
      [Scan RS (ms): Min: 0.0, Avg: 0.0, Max: 0.1, Diff: 0.1, Sum: 0.6]
      [Code Root Scanning (ms): Min: 0.0, Avg: 0.0, Max: 0.0, Diff: 0.0, Sum: 0.0]
      [Object Copy (ms): Min: 8.1, Avg: 8.4, Max: 9.0, Diff: 0.9, Sum: 151.4]
      [Termination (ms): Min: 0.0, Avg: 0.5, Max: 0.7, Diff: 0.7, Sum: 8.1]
         [Termination Attempts: Min: 1, Avg: 1.7, Max: 5, Diff: 4, Sum: 31]
      [GC Worker Other (ms): Min: 0.0, Avg: 0.0, Max: 0.1, Diff: 0.1, Sum: 0.5]
      [GC Worker Total (ms): Min: 11.4, Avg: 11.6, Max: 11.8, Diff: 0.4, Sum: 208.5]
      [GC Worker End (ms): Min: 4118.5, Avg: 4118.5, Max: 4118.6, Diff: 0.0]
   [Code Root Fixup: 0.0 ms]
   [Code Root Purge: 0.0 ms]
   [Clear CT: 0.2 ms]
   [Other: 1.2 ms]
      [Choose CSet: 0.0 ms]
      [Ref Proc: 0.2 ms]
      [Ref Enq: 0.0 ms]
      [Redirty Cards: 0.3 ms]
      [Humongous Register: 0.2 ms]
      [Humongous Reclaim: 0.1 ms]
      [Free CSet: 0.2 ms]
   [Eden: 48.0M(48.0M)->0.0B(294.0M) Survivors: 3072.0K->7168.0K Heap: 555.4M(1024.0M)->487.0M(1024.0M)]
 [Times: user=0.20 sys=0.01, real=0.02 secs] 
4.121: [GC pause (G1 Humongous Allocation) (young) (initial-mark), 0.0034811 secs]
   [Parallel Time: 2.3 ms, GC Workers: 18]
      [GC Worker Start (ms): Min: 4121.3, Avg: 4121.5, Max: 4121.7, Diff: 0.3]
      [Ext Root Scanning (ms): Min: 0.0, Avg: 0.2, Max: 0.4, Diff: 0.3, Sum: 3.3]
      [Update RS (ms): Min: 0.0, Avg: 0.2, Max: 0.8, Diff: 0.7, Sum: 3.6]
         [Processed Buffers: Min: 0, Avg: 1.0, Max: 3, Diff: 3, Sum: 18]
      [Scan RS (ms): Min: 0.0, Avg: 0.0, Max: 0.0, Diff: 0.0, Sum: 0.1]
      [Code Root Scanning (ms): Min: 0.0, Avg: 0.0, Max: 0.0, Diff: 0.0, Sum: 0.0]
      [Object Copy (ms): Min: 0.6, Avg: 1.3, Max: 1.6, Diff: 1.0, Sum: 23.9]
      [Termination (ms): Min: 0.0, Avg: 0.2, Max: 0.4, Diff: 0.4, Sum: 3.2]
         [Termination Attempts: Min: 1, Avg: 1.0, Max: 1, Diff: 0, Sum: 18]
      [GC Worker Other (ms): Min: 0.0, Avg: 0.0, Max: 0.0, Diff: 0.0, Sum: 0.3]
      [GC Worker Total (ms): Min: 1.8, Avg: 1.9, Max: 2.1, Diff: 0.3, Sum: 34.4]
      [GC Worker End (ms): Min: 4123.4, Avg: 4123.4, Max: 4123.4, Diff: 0.0]
   [Code Root Fixup: 0.0 ms]
   [Code Root Purge: 0.0 ms]
   [Clear CT: 0.3 ms]
   [Other: 1.0 ms]
      [Choose CSet: 0.0 ms]
      [Ref Proc: 0.3 ms]
      [Ref Enq: 0.0 ms]
      [Redirty Cards: 0.2 ms]
      [Humongous Register: 0.2 ms]
      [Humongous Reclaim: 0.0 ms]
      [Free CSet: 0.0 ms]
   [Eden: 2048.0K(294.0M)->0.0B(299.0M) Survivors: 7168.0K->8192.0K Heap: 488.4M(1024.0M)->487.3M(1024.0M)]
 [Times: user=0.04 sys=0.00, real=0.00 secs] 
4.125: [GC concurrent-root-region-scan-start]
4.125: [GC concurrent-root-region-scan-end, 0.0001449 secs]
4.125: [GC concurrent-mark-start]
4.127: [GC concurrent-mark-end, 0.0021741 secs]
4.127: [GC remark 4.127: [Finalize Marking, 0.0004434 secs] 4.128: [GC ref-proc, 0.0004055 secs] 4.128: [Unloading, 0.0008205 secs], 0.0024140 secs]
 [Times: user=0.02 sys=0.00, real=0.01 secs] 
4.130: [GC cleanup 497M->493M(1024M), 0.0014806 secs]
 [Times: user=0.01 sys=0.00, real=0.00 secs] 
4.131: [GC concurrent-cleanup-start]
4.131: [GC concurrent-cleanup-end, 0.0000267 secs]
4.247: [GC pause (G1 Evacuation Pause) (young) (to-space exhausted), 0.0218553 secs]
   [Parallel Time: 19.3 ms, GC Workers: 18]
      [GC Worker Start (ms): Min: 4247.0, Avg: 4247.2, Max: 4247.3, Diff: 0.3]
      [Ext Root Scanning (ms): Min: 0.0, Avg: 0.2, Max: 0.4, Diff: 0.3, Sum: 3.2]
      [Update RS (ms): Min: 4.7, Avg: 4.8, Max: 4.9, Diff: 0.2, Sum: 85.7]
         [Processed Buffers: Min: 12, Avg: 14.7, Max: 17, Diff: 5, Sum: 264]
      [Scan RS (ms): Min: 0.0, Avg: 0.1, Max: 0.2, Diff: 0.1, Sum: 1.0]
      [Code Root Scanning (ms): Min: 0.0, Avg: 0.0, Max: 0.0, Diff: 0.0, Sum: 0.0]
      [Object Copy (ms): Min: 13.7, Avg: 13.8, Max: 14.0, Diff: 0.3, Sum: 248.4]
      [Termination (ms): Min: 0.0, Avg: 0.2, Max: 0.3, Diff: 0.3, Sum: 3.3]
         [Termination Attempts: Min: 1, Avg: 1.7, Max: 4, Diff: 3, Sum: 30]
      [GC Worker Other (ms): Min: 0.0, Avg: 0.0, Max: 0.1, Diff: 0.1, Sum: 0.6]
      [GC Worker Total (ms): Min: 18.9, Avg: 19.0, Max: 19.2, Diff: 0.3, Sum: 342.2]
      [GC Worker End (ms): Min: 4266.2, Avg: 4266.2, Max: 4266.2, Diff: 0.0]
   [Code Root Fixup: 0.0 ms]
   [Code Root Purge: 0.0 ms]
   [Clear CT: 0.3 ms]
   [Other: 2.2 ms]
      [Evacuation Failure: 0.7 ms]
      [Choose CSet: 0.0 ms]
      [Ref Proc: 0.3 ms]
      [Ref Enq: 0.0 ms]
      [Redirty Cards: 0.2 ms]
      [Humongous Register: 0.2 ms]
      [Humongous Reclaim: 0.3 ms]
      [Free CSet: 0.3 ms]
   [Eden: 299.0M(299.0M)->0.0B(12.0M) Survivors: 8192.0K->39.0M Heap: 869.8M(1024.0M)->703.0M(1024.0M)]
 [Times: user=0.32 sys=0.02, real=0.03 secs] 
4.272: [GC pause (G1 Evacuation Pause) (mixed), 0.0195612 secs]
   [Parallel Time: 17.9 ms, GC Workers: 18]
      [GC Worker Start (ms): Min: 4272.2, Avg: 4272.3, Max: 4272.4, Diff: 0.2]
      [Ext Root Scanning (ms): Min: 0.1, Avg: 0.2, Max: 0.3, Diff: 0.2, Sum: 3.7]
      [Update RS (ms): Min: 0.0, Avg: 0.2, Max: 0.5, Diff: 0.5, Sum: 4.3]
         [Processed Buffers: Min: 0, Avg: 2.1, Max: 10, Diff: 10, Sum: 37]
      [Scan RS (ms): Min: 0.0, Avg: 0.1, Max: 0.3, Diff: 0.3, Sum: 1.5]
      [Code Root Scanning (ms): Min: 0.0, Avg: 0.0, Max: 0.1, Diff: 0.1, Sum: 0.1]
      [Object Copy (ms): Min: 16.5, Avg: 16.9, Max: 17.2, Diff: 0.6, Sum: 303.4]
      [Termination (ms): Min: 0.0, Avg: 0.1, Max: 0.3, Diff: 0.3, Sum: 2.7]
         [Termination Attempts: Min: 1, Avg: 1.0, Max: 1, Diff: 0, Sum: 18]
      [GC Worker Other (ms): Min: 0.0, Avg: 0.0, Max: 0.0, Diff: 0.0, Sum: 0.3]
      [GC Worker Total (ms): Min: 17.4, Avg: 17.6, Max: 17.7, Diff: 0.2, Sum: 316.0]
      [GC Worker End (ms): Min: 4289.8, Avg: 4289.8, Max: 4289.9, Diff: 0.0]
   [Code Root Fixup: 0.0 ms]
   [Code Root Purge: 0.0 ms]
   [Clear CT: 0.2 ms]
   [Other: 1.4 ms]
      [Choose CSet: 0.1 ms]
      [Ref Proc: 0.4 ms]
      [Ref Enq: 0.0 ms]
      [Redirty Cards: 0.3 ms]
      [Humongous Register: 0.2 ms]
      [Humongous Reclaim: 0.1 ms]
      [Free CSet: 0.4 ms]
   [Eden: 12.0M(12.0M)->0.0B(47.0M) Survivors: 39.0M->4096.0K Heap: 716.3M(1024.0M)->629.9M(1024.0M)]
 [Times: user=0.29 sys=0.01, real=0.02 secs] 
4.308: [GC pause (G1 Evacuation Pause) (mixed), 0.0118015 secs]
   [Parallel Time: 10.5 ms, GC Workers: 18]
      [GC Worker Start (ms): Min: 4307.9, Avg: 4308.0, Max: 4308.3, Diff: 0.4]
      [Ext Root Scanning (ms): Min: 0.0, Avg: 0.1, Max: 0.3, Diff: 0.3, Sum: 2.6]
      [Update RS (ms): Min: 1.7, Avg: 2.0, Max: 2.2, Diff: 0.5, Sum: 36.5]
         [Processed Buffers: Min: 5, Avg: 6.1, Max: 7, Diff: 2, Sum: 109]
      [Scan RS (ms): Min: 0.0, Avg: 0.0, Max: 0.1, Diff: 0.1, Sum: 0.5]
      [Code Root Scanning (ms): Min: 0.0, Avg: 0.0, Max: 0.0, Diff: 0.0, Sum: 0.0]
      [Object Copy (ms): Min: 7.3, Avg: 7.6, Max: 8.0, Diff: 0.7, Sum: 137.2]
      [Termination (ms): Min: 0.0, Avg: 0.3, Max: 0.5, Diff: 0.5, Sum: 5.0]
         [Termination Attempts: Min: 1, Avg: 1.0, Max: 1, Diff: 0, Sum: 18]
      [GC Worker Other (ms): Min: 0.0, Avg: 0.0, Max: 0.1, Diff: 0.1, Sum: 0.4]
      [GC Worker Total (ms): Min: 9.9, Avg: 10.1, Max: 10.3, Diff: 0.4, Sum: 182.3]
      [GC Worker End (ms): Min: 4318.2, Avg: 4318.2, Max: 4318.2, Diff: 0.0]
   [Code Root Fixup: 0.0 ms]
   [Code Root Purge: 0.0 ms]
   [Clear CT: 0.2 ms]
   [Other: 1.0 ms]
      [Choose CSet: 0.0 ms]
      [Ref Proc: 0.3 ms]
      [Ref Enq: 0.0 ms]
      [Redirty Cards: 0.3 ms]
      [Humongous Register: 0.1 ms]
      [Humongous Reclaim: 0.1 ms]
      [Free CSet: 0.2 ms]
   [Eden: 47.0M(47.0M)->0.0B(190.0M) Survivors: 4096.0K->7168.0K Heap: 688.0M(1024.0M)->624.3M(1024.0M)]
 [Times: user=0.18 sys=0.01, real=0.02 secs] 
4.320: [GC pause (G1 Humongous Allocation) (young) (initial-mark), 0.0039331 secs]
   [Parallel Time: 2.7 ms, GC Workers: 18]
      [GC Worker Start (ms): Min: 4320.7, Avg: 4320.9, Max: 4321.0, Diff: 0.3]
      [Ext Root Scanning (ms): Min: 0.1, Avg: 0.2, Max: 0.4, Diff: 0.3, Sum: 3.5]
      [Update RS (ms): Min: 0.0, Avg: 0.3, Max: 1.5, Diff: 1.5, Sum: 4.5]
         [Processed Buffers: Min: 0, Avg: 1.0, Max: 2, Diff: 2, Sum: 18]
      [Scan RS (ms): Min: 0.0, Avg: 0.0, Max: 0.0, Diff: 0.0, Sum: 0.1]
      [Code Root Scanning (ms): Min: 0.0, Avg: 0.0, Max: 0.0, Diff: 0.0, Sum: 0.0]
      [Object Copy (ms): Min: 0.0, Avg: 1.5, Max: 1.9, Diff: 1.9, Sum: 27.1]
      [Termination (ms): Min: 0.0, Avg: 0.2, Max: 0.6, Diff: 0.6, Sum: 4.1]
         [Termination Attempts: Min: 1, Avg: 1.2, Max: 2, Diff: 1, Sum: 21]
      [GC Worker Other (ms): Min: 0.0, Avg: 0.0, Max: 0.0, Diff: 0.0, Sum: 0.2]
      [GC Worker Total (ms): Min: 2.1, Avg: 2.2, Max: 2.3, Diff: 0.3, Sum: 39.4]
      [GC Worker End (ms): Min: 4323.0, Avg: 4323.0, Max: 4323.1, Diff: 0.0]
   [Code Root Fixup: 0.0 ms]
   [Code Root Purge: 0.0 ms]
   [Clear CT: 0.2 ms]
   [Other: 1.1 ms]
      [Choose CSet: 0.0 ms]
      [Ref Proc: 0.4 ms]
      [Ref Enq: 0.0 ms]
      [Redirty Cards: 0.2 ms]
      [Humongous Register: 0.2 ms]
      [Humongous Reclaim: 0.0 ms]
      [Free CSet: 0.0 ms]
   [Eden: 2048.0K(190.0M)->0.0B(190.0M) Survivors: 7168.0K->7168.0K Heap: 626.0M(1024.0M)->624.2M(1024.0M)]
 [Times: user=0.04 sys=0.00, real=0.00 secs] 
4.324: [GC concurrent-root-region-scan-start]
4.324: [GC concurrent-root-region-scan-end, 0.0001013 secs]
4.324: [GC concurrent-mark-start]
4.326: [GC concurrent-mark-end, 0.0019954 secs]
4.327: [GC remark 4.327: [Finalize Marking, 0.0004073 secs] 4.327: [GC ref-proc, 0.0004106 secs] 4.327: [Unloading, 0.0009729 secs], 0.0026723 secs]
 [Times: user=0.02 sys=0.01, real=0.01 secs] 
4.329: [GC cleanup 634M->621M(1024M), 0.0015471 secs]
 [Times: user=0.01 sys=0.00, real=0.00 secs] 
4.331: [GC concurrent-cleanup-start]
4.331: [GC concurrent-cleanup-end, 0.0000631 secs]
4.402: [GC pause (G1 Evacuation Pause) (young), 0.0267917 secs]
   [Parallel Time: 24.8 ms, GC Workers: 18]
      [GC Worker Start (ms): Min: 4402.6, Avg: 4402.9, Max: 4403.1, Diff: 0.5]
      [Ext Root Scanning (ms): Min: 0.0, Avg: 0.2, Max: 0.4, Diff: 0.4, Sum: 2.8]
      [Update RS (ms): Min: 7.2, Avg: 7.3, Max: 8.6, Diff: 1.4, Sum: 132.1]
         [Processed Buffers: Min: 16, Avg: 18.5, Max: 21, Diff: 5, Sum: 333]
      [Scan RS (ms): Min: 0.0, Avg: 0.1, Max: 0.3, Diff: 0.3, Sum: 1.2]
      [Code Root Scanning (ms): Min: 0.0, Avg: 0.0, Max: 0.0, Diff: 0.0, Sum: 0.0]
      [Object Copy (ms): Min: 15.2, Avg: 16.5, Max: 16.9, Diff: 1.7, Sum: 296.4]
      [Termination (ms): Min: 0.0, Avg: 0.3, Max: 0.6, Diff: 0.6, Sum: 5.3]
         [Termination Attempts: Min: 1, Avg: 1.0, Max: 1, Diff: 0, Sum: 18]
      [GC Worker Other (ms): Min: 0.0, Avg: 0.0, Max: 0.1, Diff: 0.0, Sum: 0.5]
      [GC Worker Total (ms): Min: 24.1, Avg: 24.4, Max: 24.6, Diff: 0.5, Sum: 438.5]
      [GC Worker End (ms): Min: 4427.2, Avg: 4427.3, Max: 4427.3, Diff: 0.0]
   [Code Root Fixup: 0.0 ms]
   [Code Root Purge: 0.0 ms]
   [Clear CT: 0.2 ms]
   [Other: 1.7 ms]
      [Choose CSet: 0.0 ms]
      [Ref Proc: 0.2 ms]
      [Ref Enq: 0.0 ms]
      [Redirty Cards: 0.3 ms]
      [Humongous Register: 0.4 ms]
      [Humongous Reclaim: 0.2 ms]
      [Free CSet: 0.4 ms]
   [Eden: 190.0M(190.0M)->0.0B(26.0M) Survivors: 7168.0K->25.0M Heap: 856.1M(1024.0M)->671.1M(1024.0M)]
 [Times: user=0.40 sys=0.03, real=0.03 secs] 
4.439: [GC pause (G1 Evacuation Pause) (mixed), 0.0149399 secs]
   [Parallel Time: 13.3 ms, GC Workers: 18]
      [GC Worker Start (ms): Min: 4439.4, Avg: 4439.6, Max: 4439.8, Diff: 0.4]
      [Ext Root Scanning (ms): Min: 0.0, Avg: 0.1, Max: 0.3, Diff: 0.3, Sum: 2.5]
      [Update RS (ms): Min: 1.6, Avg: 1.7, Max: 1.9, Diff: 0.3, Sum: 30.9]
         [Processed Buffers: Min: 5, Avg: 5.6, Max: 8, Diff: 3, Sum: 100]
      [Scan RS (ms): Min: 0.0, Avg: 0.0, Max: 0.1, Diff: 0.1, Sum: 0.8]
      [Code Root Scanning (ms): Min: 0.0, Avg: 0.0, Max: 0.0, Diff: 0.0, Sum: 0.0]
      [Object Copy (ms): Min: 10.3, Avg: 10.7, Max: 10.9, Diff: 0.6, Sum: 192.5]
      [Termination (ms): Min: 0.0, Avg: 0.2, Max: 0.5, Diff: 0.5, Sum: 4.1]
         [Termination Attempts: Min: 1, Avg: 1.0, Max: 1, Diff: 0, Sum: 18]
      [GC Worker Other (ms): Min: 0.0, Avg: 0.0, Max: 0.0, Diff: 0.0, Sum: 0.4]
      [GC Worker Total (ms): Min: 12.6, Avg: 12.8, Max: 13.1, Diff: 0.4, Sum: 231.3]
      [GC Worker End (ms): Min: 4452.5, Avg: 4452.5, Max: 4452.5, Diff: 0.0]
   [Code Root Fixup: 0.0 ms]
   [Code Root Purge: 0.0 ms]
   [Clear CT: 0.2 ms]
   [Other: 1.5 ms]
      [Choose CSet: 0.1 ms]
      [Ref Proc: 0.2 ms]
      [Ref Enq: 0.0 ms]
      [Redirty Cards: 0.3 ms]
      [Humongous Register: 0.2 ms]
      [Humongous Reclaim: 0.1 ms]
      [Free CSet: 0.5 ms]
   [Eden: 26.0M(26.0M)->0.0B(44.0M) Survivors: 25.0M->7168.0K Heap: 707.4M(1024.0M)->585.2M(1024.0M)]
 [Times: user=0.23 sys=0.00, real=0.01 secs] 
4.471: [GC pause (G1 Evacuation Pause) (mixed), 0.0187343 secs]
   [Parallel Time: 16.9 ms, GC Workers: 18]
      [GC Worker Start (ms): Min: 4470.9, Avg: 4471.1, Max: 4471.2, Diff: 0.3]
      [Ext Root Scanning (ms): Min: 0.0, Avg: 0.2, Max: 0.3, Diff: 0.3, Sum: 2.8]
      [Update RS (ms): Min: 2.0, Avg: 2.1, Max: 2.2, Diff: 0.2, Sum: 37.3]
         [Processed Buffers: Min: 6, Avg: 7.2, Max: 10, Diff: 4, Sum: 129]
      [Scan RS (ms): Min: 0.0, Avg: 0.0, Max: 0.1, Diff: 0.1, Sum: 0.7]
      [Code Root Scanning (ms): Min: 0.0, Avg: 0.0, Max: 0.0, Diff: 0.0, Sum: 0.0]
      [Object Copy (ms): Min: 13.5, Avg: 13.7, Max: 14.3, Diff: 0.7, Sum: 247.1]
      [Termination (ms): Min: 0.0, Avg: 0.5, Max: 0.7, Diff: 0.7, Sum: 9.2]
         [Termination Attempts: Min: 1, Avg: 1.1, Max: 2, Diff: 1, Sum: 19]
      [GC Worker Other (ms): Min: 0.0, Avg: 0.0, Max: 0.0, Diff: 0.0, Sum: 0.4]
      [GC Worker Total (ms): Min: 16.4, Avg: 16.5, Max: 16.7, Diff: 0.3, Sum: 297.4]
      [GC Worker End (ms): Min: 4487.6, Avg: 4487.6, Max: 4487.6, Diff: 0.0]
   [Code Root Fixup: 0.0 ms]
   [Code Root Purge: 0.0 ms]
   [Clear CT: 0.3 ms]
   [Other: 1.5 ms]
      [Choose CSet: 0.1 ms]
      [Ref Proc: 0.4 ms]
      [Ref Enq: 0.0 ms]
      [Redirty Cards: 0.3 ms]
      [Humongous Register: 0.2 ms]
      [Humongous Reclaim: 0.1 ms]
      [Free CSet: 0.4 ms]
   [Eden: 44.0M(44.0M)->0.0B(44.0M) Survivors: 7168.0K->7168.0K Heap: 643.0M(1024.0M)->523.9M(1024.0M)]
 [Times: user=0.25 sys=0.05, real=0.02 secs] 
4.507: [GC pause (G1 Evacuation Pause) (mixed), 0.0164753 secs]
   [Parallel Time: 15.0 ms, GC Workers: 18]
      [GC Worker Start (ms): Min: 4507.2, Avg: 4507.4, Max: 4507.5, Diff: 0.3]
      [Ext Root Scanning (ms): Min: 0.0, Avg: 0.2, Max: 0.4, Diff: 0.3, Sum: 3.0]
      [Update RS (ms): Min: 1.9, Avg: 2.0, Max: 2.1, Diff: 0.2, Sum: 35.5]
         [Processed Buffers: Min: 6, Avg: 6.8, Max: 9, Diff: 3, Sum: 123]
      [Scan RS (ms): Min: 0.0, Avg: 0.1, Max: 0.2, Diff: 0.2, Sum: 1.2]
      [Code Root Scanning (ms): Min: 0.0, Avg: 0.0, Max: 0.0, Diff: 0.0, Sum: 0.0]
      [Object Copy (ms): Min: 11.5, Avg: 11.8, Max: 12.4, Diff: 0.8, Sum: 212.8]
      [Termination (ms): Min: 0.0, Avg: 0.5, Max: 0.7, Diff: 0.7, Sum: 9.2]
         [Termination Attempts: Min: 1, Avg: 1.0, Max: 1, Diff: 0, Sum: 18]
      [GC Worker Other (ms): Min: 0.0, Avg: 0.0, Max: 0.0, Diff: 0.0, Sum: 0.3]
      [GC Worker Total (ms): Min: 14.4, Avg: 14.6, Max: 14.7, Diff: 0.3, Sum: 262.0]
      [GC Worker End (ms): Min: 4521.9, Avg: 4521.9, Max: 4521.9, Diff: 0.0]
   [Code Root Fixup: 0.0 ms]
   [Code Root Purge: 0.0 ms]
   [Clear CT: 0.2 ms]
   [Other: 1.2 ms]
      [Choose CSet: 0.0 ms]
      [Ref Proc: 0.3 ms]
      [Ref Enq: 0.0 ms]
      [Redirty Cards: 0.3 ms]
      [Humongous Register: 0.2 ms]
      [Humongous Reclaim: 0.1 ms]
      [Free CSet: 0.3 ms]
   [Eden: 44.0M(44.0M)->0.0B(293.0M) Survivors: 7168.0K->7168.0K Heap: 580.9M(1024.0M)->491.9M(1024.0M)]
 [Times: user=0.24 sys=0.01, real=0.02 secs] 
4.524: [GC pause (G1 Humongous Allocation) (young) (initial-mark), 0.0035464 secs]
   [Parallel Time: 2.4 ms, GC Workers: 18]
      [GC Worker Start (ms): Min: 4524.1, Avg: 4524.2, Max: 4524.3, Diff: 0.2]
      [Ext Root Scanning (ms): Min: 0.1, Avg: 0.2, Max: 0.3, Diff: 0.2, Sum: 3.8]
      [Update RS (ms): Min: 0.1, Avg: 0.3, Max: 0.7, Diff: 0.6, Sum: 5.1]
         [Processed Buffers: Min: 0, Avg: 1.1, Max: 2, Diff: 2, Sum: 19]
      [Scan RS (ms): Min: 0.0, Avg: 0.0, Max: 0.0, Diff: 0.0, Sum: 0.1]
      [Code Root Scanning (ms): Min: 0.0, Avg: 0.0, Max: 0.0, Diff: 0.0, Sum: 0.0]
      [Object Copy (ms): Min: 0.8, Avg: 1.3, Max: 1.7, Diff: 0.9, Sum: 24.1]
      [Termination (ms): Min: 0.0, Avg: 0.3, Max: 0.5, Diff: 0.5, Sum: 5.4]
         [Termination Attempts: Min: 1, Avg: 1.0, Max: 1, Diff: 0, Sum: 18]
      [GC Worker Other (ms): Min: 0.0, Avg: 0.0, Max: 0.0, Diff: 0.0, Sum: 0.2]
      [GC Worker Total (ms): Min: 2.0, Avg: 2.2, Max: 2.3, Diff: 0.2, Sum: 38.7]
      [GC Worker End (ms): Min: 4526.3, Avg: 4526.3, Max: 4526.3, Diff: 0.0]
   [Code Root Fixup: 0.0 ms]
   [Code Root Purge: 0.0 ms]
   [Clear CT: 0.2 ms]
   [Other: 0.9 ms]
      [Choose CSet: 0.0 ms]
      [Ref Proc: 0.3 ms]
      [Ref Enq: 0.0 ms]
      [Redirty Cards: 0.2 ms]
      [Humongous Register: 0.2 ms]
      [Humongous Reclaim: 0.0 ms]
      [Free CSet: 0.0 ms]
   [Eden: 1024.0K(293.0M)->0.0B(288.0M) Survivors: 7168.0K->8192.0K Heap: 492.6M(1024.0M)->492.1M(1024.0M)]
 [Times: user=0.04 sys=0.00, real=0.00 secs] 
4.527: [GC concurrent-root-region-scan-start]
4.528: [GC concurrent-root-region-scan-end, 0.0001150 secs]
4.528: [GC concurrent-mark-start]
4.529: [GC concurrent-mark-end, 0.0018275 secs]
4.530: [GC remark 4.530: [Finalize Marking, 0.0003119 secs] 4.530: [GC ref-proc, 0.0004059 secs] 4.530: [Unloading, 0.0009207 secs], 0.0023867 secs]
 [Times: user=0.01 sys=0.00, real=0.00 secs] 
4.532: [GC cleanup 498M->494M(1024M), 0.0013857 secs]
 [Times: user=0.01 sys=0.00, real=0.00 secs] 
4.533: [GC concurrent-cleanup-start]
4.533: [GC concurrent-cleanup-end, 0.0000245 secs]
4.643: [GC pause (G1 Evacuation Pause) (young) (to-space exhausted), 0.0316744 secs]
   [Parallel Time: 29.0 ms, GC Workers: 18]
      [GC Worker Start (ms): Min: 4643.5, Avg: 4643.8, Max: 4644.1, Diff: 0.6]
      [Ext Root Scanning (ms): Min: 0.0, Avg: 0.2, Max: 0.5, Diff: 0.5, Sum: 3.3]
      [Update RS (ms): Min: 8.3, Avg: 8.4, Max: 8.5, Diff: 0.3, Sum: 151.6]
         [Processed Buffers: Min: 16, Avg: 19.6, Max: 23, Diff: 7, Sum: 352]
      [Scan RS (ms): Min: 0.0, Avg: 0.1, Max: 0.2, Diff: 0.2, Sum: 1.1]
      [Code Root Scanning (ms): Min: 0.0, Avg: 0.0, Max: 0.0, Diff: 0.0, Sum: 0.0]
      [Object Copy (ms): Min: 19.6, Avg: 19.8, Max: 19.9, Diff: 0.2, Sum: 355.6]
      [Termination (ms): Min: 0.0, Avg: 0.1, Max: 0.2, Diff: 0.2, Sum: 1.9]
         [Termination Attempts: Min: 1, Avg: 1.0, Max: 1, Diff: 0, Sum: 18]
      [GC Worker Other (ms): Min: 0.0, Avg: 0.0, Max: 0.1, Diff: 0.1, Sum: 0.8]
      [GC Worker Total (ms): Min: 28.3, Avg: 28.6, Max: 28.9, Diff: 0.6, Sum: 514.4]
      [GC Worker End (ms): Min: 4672.3, Avg: 4672.4, Max: 4672.4, Diff: 0.1]
   [Code Root Fixup: 0.0 ms]
   [Code Root Purge: 0.0 ms]
   [Clear CT: 0.4 ms]
   [Other: 2.3 ms]
      [Evacuation Failure: 0.3 ms]
      [Choose CSet: 0.0 ms]
      [Ref Proc: 0.3 ms]
      [Ref Enq: 0.0 ms]
      [Redirty Cards: 0.2 ms]
      [Humongous Register: 0.4 ms]
      [Humongous Reclaim: 0.3 ms]
      [Free CSet: 0.5 ms]
   [Eden: 288.0M(288.0M)->0.0B(14.0M) Survivors: 8192.0K->37.0M Heap: 843.4M(1024.0M)->601.2M(1024.0M)]
 [Times: user=0.49 sys=0.02, real=0.03 secs] 
4.680: [GC pause (G1 Evacuation Pause) (mixed), 0.0185521 secs]
   [Parallel Time: 16.9 ms, GC Workers: 18]
      [GC Worker Start (ms): Min: 4680.1, Avg: 4680.2, Max: 4680.4, Diff: 0.4]
      [Ext Root Scanning (ms): Min: 0.0, Avg: 0.2, Max: 0.3, Diff: 0.3, Sum: 2.9]
      [Update RS (ms): Min: 0.7, Avg: 0.8, Max: 0.8, Diff: 0.1, Sum: 14.3]
         [Processed Buffers: Min: 2, Avg: 3.3, Max: 7, Diff: 5, Sum: 59]
      [Scan RS (ms): Min: 0.0, Avg: 0.1, Max: 0.2, Diff: 0.2, Sum: 1.5]
      [Code Root Scanning (ms): Min: 0.0, Avg: 0.0, Max: 0.1, Diff: 0.1, Sum: 0.1]
      [Object Copy (ms): Min: 14.9, Avg: 15.2, Max: 15.6, Diff: 0.7, Sum: 274.0]
      [Termination (ms): Min: 0.0, Avg: 0.4, Max: 0.7, Diff: 0.7, Sum: 6.6]
         [Termination Attempts: Min: 1, Avg: 1.1, Max: 3, Diff: 2, Sum: 20]
      [GC Worker Other (ms): Min: 0.0, Avg: 0.0, Max: 0.1, Diff: 0.1, Sum: 0.5]
      [GC Worker Total (ms): Min: 16.5, Avg: 16.7, Max: 16.8, Diff: 0.4, Sum: 299.9]
      [GC Worker End (ms): Min: 4696.9, Avg: 4696.9, Max: 4696.9, Diff: 0.0]
   [Code Root Fixup: 0.0 ms]
   [Code Root Purge: 0.0 ms]
   [Clear CT: 0.3 ms]
   [Other: 1.4 ms]
      [Choose CSet: 0.1 ms]
      [Ref Proc: 0.3 ms]
      [Ref Enq: 0.0 ms]
      [Redirty Cards: 0.3 ms]
      [Humongous Register: 0.2 ms]
      [Humongous Reclaim: 0.1 ms]
      [Free CSet: 0.3 ms]
   [Eden: 14.0M(14.0M)->0.0B(47.0M) Survivors: 37.0M->4096.0K Heap: 619.8M(1024.0M)->531.0M(1024.0M)]
 [Times: user=0.26 sys=0.02, real=0.02 secs] 
4.715: [GC pause (G1 Evacuation Pause) (mixed), 0.0110576 secs]
   [Parallel Time: 9.7 ms, GC Workers: 18]
      [GC Worker Start (ms): Min: 4715.2, Avg: 4715.4, Max: 4715.5, Diff: 0.3]
      [Ext Root Scanning (ms): Min: 0.0, Avg: 0.1, Max: 0.4, Diff: 0.3, Sum: 2.7]
      [Update RS (ms): Min: 1.6, Avg: 1.8, Max: 2.0, Diff: 0.4, Sum: 31.8]
         [Processed Buffers: Min: 5, Avg: 5.7, Max: 6, Diff: 1, Sum: 102]
      [Scan RS (ms): Min: 0.0, Avg: 0.0, Max: 0.1, Diff: 0.1, Sum: 0.5]
      [Code Root Scanning (ms): Min: 0.0, Avg: 0.0, Max: 0.0, Diff: 0.0, Sum: 0.0]
      [Object Copy (ms): Min: 6.8, Avg: 7.0, Max: 7.3, Diff: 0.6, Sum: 125.2]
      [Termination (ms): Min: 0.0, Avg: 0.3, Max: 0.5, Diff: 0.5, Sum: 5.7]
         [Termination Attempts: Min: 1, Avg: 1.4, Max: 4, Diff: 3, Sum: 26]
      [GC Worker Other (ms): Min: 0.0, Avg: 0.0, Max: 0.1, Diff: 0.0, Sum: 0.4]
      [GC Worker Total (ms): Min: 9.1, Avg: 9.2, Max: 9.4, Diff: 0.3, Sum: 166.3]
      [GC Worker End (ms): Min: 4724.6, Avg: 4724.6, Max: 4724.6, Diff: 0.0]
   [Code Root Fixup: 0.0 ms]
   [Code Root Purge: 0.0 ms]
   [Clear CT: 0.2 ms]
   [Other: 1.1 ms]
      [Choose CSet: 0.0 ms]
      [Ref Proc: 0.3 ms]
      [Ref Enq: 0.0 ms]
      [Redirty Cards: 0.3 ms]
      [Humongous Register: 0.2 ms]
      [Humongous Reclaim: 0.1 ms]
      [Free CSet: 0.1 ms]
   [Eden: 47.0M(47.0M)->0.0B(255.0M) Survivors: 4096.0K->7168.0K Heap: 588.4M(1024.0M)->532.8M(1024.0M)]
 [Times: user=0.16 sys=0.01, real=0.01 secs] 
4.727: [GC pause (G1 Humongous Allocation) (young) (initial-mark), 0.0039998 secs]
   [Parallel Time: 2.8 ms, GC Workers: 18]
      [GC Worker Start (ms): Min: 4727.4, Avg: 4727.5, Max: 4727.7, Diff: 0.3]
      [Ext Root Scanning (ms): Min: 0.0, Avg: 0.2, Max: 0.4, Diff: 0.3, Sum: 3.4]
      [Update RS (ms): Min: 0.0, Avg: 0.2, Max: 0.8, Diff: 0.8, Sum: 3.5]
         [Processed Buffers: Min: 0, Avg: 1.0, Max: 3, Diff: 3, Sum: 18]
      [Scan RS (ms): Min: 0.0, Avg: 0.0, Max: 0.0, Diff: 0.0, Sum: 0.1]
      [Code Root Scanning (ms): Min: 0.0, Avg: 0.0, Max: 0.0, Diff: 0.0, Sum: 0.0]
      [Object Copy (ms): Min: 1.2, Avg: 1.8, Max: 2.2, Diff: 0.9, Sum: 33.0]
      [Termination (ms): Min: 0.0, Avg: 0.2, Max: 0.5, Diff: 0.5, Sum: 4.1]
         [Termination Attempts: Min: 1, Avg: 1.1, Max: 2, Diff: 1, Sum: 20]
      [GC Worker Other (ms): Min: 0.0, Avg: 0.0, Max: 0.0, Diff: 0.0, Sum: 0.3]
      [GC Worker Total (ms): Min: 2.3, Avg: 2.5, Max: 2.6, Diff: 0.3, Sum: 44.3]
      [GC Worker End (ms): Min: 4730.0, Avg: 4730.0, Max: 4730.0, Diff: 0.0]
   [Code Root Fixup: 0.0 ms]
   [Code Root Purge: 0.0 ms]
   [Clear CT: 0.3 ms]
   [Other: 0.9 ms]
      [Choose CSet: 0.0 ms]
      [Ref Proc: 0.3 ms]
      [Ref Enq: 0.0 ms]
      [Redirty Cards: 0.2 ms]
      [Humongous Register: 0.2 ms]
      [Humongous Reclaim: 0.0 ms]
      [Free CSet: 0.0 ms]
   [Eden: 4096.0K(255.0M)->0.0B(250.0M) Survivors: 7168.0K->9216.0K Heap: 535.9M(1024.0M)->534.0M(1024.0M)]
 [Times: user=0.04 sys=0.00, real=0.01 secs] 
4.731: [GC concurrent-root-region-scan-start]
4.731: [GC concurrent-root-region-scan-end, 0.0001660 secs]
4.731: [GC concurrent-mark-start]
4.733: [GC concurrent-mark-end, 0.0019646 secs]
4.733: [GC remark 4.733: [Finalize Marking, 0.0003777 secs] 4.734: [GC ref-proc, 0.0004110 secs] 4.734: [Unloading, 0.0009718 secs], 0.0026898 secs]
 [Times: user=0.02 sys=0.01, real=0.00 secs] 
4.736: [GC cleanup 543M->538M(1024M), 0.0014676 secs]
 [Times: user=0.01 sys=0.00, real=0.00 secs] 
4.738: [GC concurrent-cleanup-start]
4.738: [GC concurrent-cleanup-end, 0.0000303 secs]
4.832: [GC pause (G1 Evacuation Pause) (young) (to-space exhausted), 0.0286150 secs]
   [Parallel Time: 26.1 ms, GC Workers: 18]
      [GC Worker Start (ms): Min: 4832.5, Avg: 4832.7, Max: 4832.9, Diff: 0.3]
      [Ext Root Scanning (ms): Min: 0.0, Avg: 0.2, Max: 0.3, Diff: 0.3, Sum: 2.7]
      [Update RS (ms): Min: 6.9, Avg: 7.1, Max: 7.3, Diff: 0.4, Sum: 128.1]
         [Processed Buffers: Min: 19, Avg: 20.2, Max: 23, Diff: 4, Sum: 364]
      [Scan RS (ms): Min: 0.0, Avg: 0.1, Max: 0.4, Diff: 0.4, Sum: 2.0]
      [Code Root Scanning (ms): Min: 0.0, Avg: 0.0, Max: 0.0, Diff: 0.0, Sum: 0.0]
      [Object Copy (ms): Min: 17.7, Avg: 18.2, Max: 18.4, Diff: 0.7, Sum: 327.5]
      [Termination (ms): Min: 0.0, Avg: 0.1, Max: 0.2, Diff: 0.2, Sum: 2.4]
         [Termination Attempts: Min: 1, Avg: 1.2, Max: 2, Diff: 1, Sum: 21]
      [GC Worker Other (ms): Min: 0.0, Avg: 0.0, Max: 0.1, Diff: 0.1, Sum: 0.6]
      [GC Worker Total (ms): Min: 25.6, Avg: 25.7, Max: 25.9, Diff: 0.4, Sum: 463.3]
      [GC Worker End (ms): Min: 4858.4, Avg: 4858.5, Max: 4858.5, Diff: 0.1]
   [Code Root Fixup: 0.0 ms]
   [Code Root Purge: 0.0 ms]
   [Clear CT: 0.3 ms]
   [Other: 2.2 ms]
      [Evacuation Failure: 0.3 ms]
      [Choose CSet: 0.0 ms]
      [Ref Proc: 0.5 ms]
      [Ref Enq: 0.0 ms]
      [Redirty Cards: 0.2 ms]
      [Humongous Register: 0.3 ms]
      [Humongous Reclaim: 0.3 ms]
      [Free CSet: 0.4 ms]
   [Eden: 250.0M(250.0M)->0.0B(18.0M) Survivors: 9216.0K->33.0M Heap: 849.3M(1024.0M)->643.4M(1024.0M)]
 [Times: user=0.43 sys=0.02, real=0.03 secs] 
4.867: [GC pause (G1 Evacuation Pause) (mixed), 0.0168144 secs]
   [Parallel Time: 15.2 ms, GC Workers: 18]
      [GC Worker Start (ms): Min: 4867.1, Avg: 4867.3, Max: 4867.5, Diff: 0.4]
      [Ext Root Scanning (ms): Min: 0.0, Avg: 0.2, Max: 0.4, Diff: 0.4, Sum: 2.9]
      [Update RS (ms): Min: 0.5, Avg: 0.8, Max: 1.0, Diff: 0.5, Sum: 14.0]
         [Processed Buffers: Min: 2, Avg: 3.2, Max: 6, Diff: 4, Sum: 57]
      [Scan RS (ms): Min: 0.0, Avg: 0.1, Max: 0.1, Diff: 0.1, Sum: 1.1]
      [Code Root Scanning (ms): Min: 0.0, Avg: 0.0, Max: 0.0, Diff: 0.0, Sum: 0.0]
      [Object Copy (ms): Min: 12.9, Avg: 13.4, Max: 13.9, Diff: 1.0, Sum: 241.8]
      [Termination (ms): Min: 0.0, Avg: 0.3, Max: 0.6, Diff: 0.6, Sum: 5.2]
         [Termination Attempts: Min: 1, Avg: 1.2, Max: 3, Diff: 2, Sum: 21]
      [GC Worker Other (ms): Min: 0.0, Avg: 0.0, Max: 0.0, Diff: 0.0, Sum: 0.4]
      [GC Worker Total (ms): Min: 14.6, Avg: 14.7, Max: 15.0, Diff: 0.4, Sum: 265.4]
      [GC Worker End (ms): Min: 4882.1, Avg: 4882.1, Max: 4882.1, Diff: 0.0]
   [Code Root Fixup: 0.0 ms]
   [Code Root Purge: 0.0 ms]
   [Clear CT: 0.3 ms]
   [Other: 1.3 ms]
      [Choose CSet: 0.1 ms]
      [Ref Proc: 0.2 ms]
      [Ref Enq: 0.0 ms]
      [Redirty Cards: 0.2 ms]
      [Humongous Register: 0.2 ms]
      [Humongous Reclaim: 0.0 ms]
      [Free CSet: 0.4 ms]
   [Eden: 18.0M(18.0M)->0.0B(47.0M) Survivors: 33.0M->4096.0K Heap: 665.1M(1024.0M)->566.9M(1024.0M)]
 [Times: user=0.23 sys=0.02, real=0.02 secs] 
4.901: [GC pause (G1 Evacuation Pause) (mixed), 0.0176542 secs]
   [Parallel Time: 16.1 ms, GC Workers: 18]
      [GC Worker Start (ms): Min: 4901.2, Avg: 4901.5, Max: 4901.7, Diff: 0.5]
      [Ext Root Scanning (ms): Min: 0.0, Avg: 0.1, Max: 0.3, Diff: 0.3, Sum: 1.8]
      [Update RS (ms): Min: 1.9, Avg: 2.1, Max: 2.3, Diff: 0.4, Sum: 37.0]
         [Processed Buffers: Min: 6, Avg: 7.0, Max: 9, Diff: 3, Sum: 126]
      [Scan RS (ms): Min: 0.0, Avg: 0.1, Max: 0.1, Diff: 0.1, Sum: 0.9]
      [Code Root Scanning (ms): Min: 0.0, Avg: 0.0, Max: 0.0, Diff: 0.0, Sum: 0.0]
      [Object Copy (ms): Min: 13.0, Avg: 13.2, Max: 13.4, Diff: 0.4, Sum: 238.0]
      [Termination (ms): Min: 0.0, Avg: 0.2, Max: 0.3, Diff: 0.3, Sum: 3.2]
         [Termination Attempts: Min: 1, Avg: 1.1, Max: 2, Diff: 1, Sum: 19]
      [GC Worker Other (ms): Min: 0.0, Avg: 0.0, Max: 0.1, Diff: 0.0, Sum: 0.5]
      [GC Worker Total (ms): Min: 15.4, Avg: 15.6, Max: 15.9, Diff: 0.5, Sum: 281.5]
      [GC Worker End (ms): Min: 4917.1, Avg: 4917.1, Max: 4917.1, Diff: 0.0]
   [Code Root Fixup: 0.0 ms]
   [Code Root Purge: 0.0 ms]
   [Clear CT: 0.3 ms]
   [Other: 1.3 ms]
      [Choose CSet: 0.0 ms]
      [Ref Proc: 0.3 ms]
      [Ref Enq: 0.0 ms]
      [Redirty Cards: 0.3 ms]
      [Humongous Register: 0.2 ms]
      [Humongous Reclaim: 0.1 ms]
      [Free CSet: 0.3 ms]
   [Eden: 47.0M(47.0M)->0.0B(233.0M) Survivors: 4096.0K->7168.0K Heap: 627.2M(1024.0M)->550.0M(1024.0M)]
 [Times: user=0.26 sys=0.01, real=0.02 secs] 
4.919: [GC pause (G1 Humongous Allocation) (young) (initial-mark), 0.0033804 secs]
   [Parallel Time: 2.3 ms, GC Workers: 18]
      [GC Worker Start (ms): Min: 4919.4, Avg: 4919.5, Max: 4919.7, Diff: 0.3]
      [Ext Root Scanning (ms): Min: 0.0, Avg: 0.2, Max: 0.3, Diff: 0.3, Sum: 3.2]
      [Update RS (ms): Min: 0.0, Avg: 0.2, Max: 0.9, Diff: 0.9, Sum: 4.4]
         [Processed Buffers: Min: 0, Avg: 1.0, Max: 2, Diff: 2, Sum: 18]
      [Scan RS (ms): Min: 0.0, Avg: 0.0, Max: 0.0, Diff: 0.0, Sum: 0.1]
      [Code Root Scanning (ms): Min: 0.0, Avg: 0.0, Max: 0.0, Diff: 0.0, Sum: 0.0]
      [Object Copy (ms): Min: 0.5, Avg: 1.2, Max: 1.6, Diff: 1.1, Sum: 21.5]
      [Termination (ms): Min: 0.0, Avg: 0.3, Max: 0.7, Diff: 0.7, Sum: 5.4]
         [Termination Attempts: Min: 1, Avg: 1.0, Max: 1, Diff: 0, Sum: 18]
      [GC Worker Other (ms): Min: 0.0, Avg: 0.0, Max: 0.0, Diff: 0.0, Sum: 0.2]
      [GC Worker Total (ms): Min: 1.8, Avg: 1.9, Max: 2.1, Diff: 0.3, Sum: 34.8]
      [GC Worker End (ms): Min: 4921.5, Avg: 4921.5, Max: 4921.5, Diff: 0.0]
   [Code Root Fixup: 0.0 ms]
   [Code Root Purge: 0.0 ms]
   [Clear CT: 0.3 ms]
   [Other: 0.9 ms]
      [Choose CSet: 0.0 ms]
      [Ref Proc: 0.2 ms]
      [Ref Enq: 0.0 ms]
      [Redirty Cards: 0.2 ms]
      [Humongous Register: 0.2 ms]
      [Humongous Reclaim: 0.0 ms]
      [Free CSet: 0.0 ms]
   [Eden: 1024.0K(233.0M)->0.0B(237.0M) Survivors: 7168.0K->8192.0K Heap: 550.7M(1024.0M)->550.2M(1024.0M)]
 [Times: user=0.03 sys=0.00, real=0.00 secs] 
4.923: [GC concurrent-root-region-scan-start]
4.923: [GC concurrent-root-region-scan-end, 0.0001054 secs]
4.923: [GC concurrent-mark-start]
4.925: [GC concurrent-mark-end, 0.0019393 secs]
4.925: [GC remark 4.925: [Finalize Marking, 0.0003140 secs] 4.925: [GC ref-proc, 0.0004107 secs] 4.926: [Unloading, 0.0009599 secs], 0.0024290 secs]
 [Times: user=0.02 sys=0.01, real=0.00 secs] 
4.927: [GC cleanup 558M->550M(1024M), 0.0015264 secs]
 [Times: user=0.01 sys=0.00, real=0.01 secs] 
4.929: [GC concurrent-cleanup-start]
4.929: [GC concurrent-cleanup-end, 0.0000336 secs]
5.016: [GC pause (G1 Evacuation Pause) (young), 0.0276662 secs]
   [Parallel Time: 25.6 ms, GC Workers: 18]
      [GC Worker Start (ms): Min: 5016.6, Avg: 5016.8, Max: 5017.0, Diff: 0.4]
      [Ext Root Scanning (ms): Min: 0.0, Avg: 0.2, Max: 0.3, Diff: 0.3, Sum: 2.7]
      [Update RS (ms): Min: 9.2, Avg: 9.4, Max: 9.6, Diff: 0.4, Sum: 169.7]
         [Processed Buffers: Min: 26, Avg: 28.9, Max: 34, Diff: 8, Sum: 521]
      [Scan RS (ms): Min: 0.0, Avg: 0.1, Max: 0.2, Diff: 0.2, Sum: 1.3]
      [Code Root Scanning (ms): Min: 0.0, Avg: 0.0, Max: 0.0, Diff: 0.0, Sum: 0.0]
      [Object Copy (ms): Min: 14.9, Avg: 15.3, Max: 15.8, Diff: 0.8, Sum: 276.0]
      [Termination (ms): Min: 0.0, Avg: 0.3, Max: 0.6, Diff: 0.6, Sum: 5.3]
         [Termination Attempts: Min: 1, Avg: 1.0, Max: 1, Diff: 0, Sum: 18]
      [GC Worker Other (ms): Min: 0.0, Avg: 0.0, Max: 0.1, Diff: 0.1, Sum: 0.6]
      [GC Worker Total (ms): Min: 25.1, Avg: 25.3, Max: 25.5, Diff: 0.4, Sum: 455.8]
      [GC Worker End (ms): Min: 5042.1, Avg: 5042.1, Max: 5042.2, Diff: 0.1]
   [Code Root Fixup: 0.0 ms]
   [Code Root Purge: 0.0 ms]
   [Clear CT: 0.3 ms]
   [Other: 1.7 ms]
      [Choose CSet: 0.0 ms]
      [Ref Proc: 0.3 ms]
      [Ref Enq: 0.0 ms]
      [Redirty Cards: 0.3 ms]
      [Humongous Register: 0.3 ms]
      [Humongous Reclaim: 0.3 ms]
      [Free CSet: 0.4 ms]
   [Eden: 237.0M(237.0M)->0.0B(20.0M) Survivors: 8192.0K->31.0M Heap: 843.6M(1024.0M)->596.2M(1024.0M)]
 [Times: user=0.44 sys=0.01, real=0.03 secs] 
5.051: [GC pause (G1 Evacuation Pause) (mixed), 0.0176845 secs]
   [Parallel Time: 15.9 ms, GC Workers: 18]
      [GC Worker Start (ms): Min: 5051.4, Avg: 5051.6, Max: 5051.8, Diff: 0.4]
      [Ext Root Scanning (ms): Min: 0.0, Avg: 0.1, Max: 0.3, Diff: 0.3, Sum: 2.3]
      [Update RS (ms): Min: 1.1, Avg: 1.3, Max: 1.4, Diff: 0.3, Sum: 23.2]
         [Processed Buffers: Min: 4, Avg: 4.8, Max: 7, Diff: 3, Sum: 86]
      [Scan RS (ms): Min: 0.0, Avg: 0.0, Max: 0.1, Diff: 0.1, Sum: 0.7]
      [Code Root Scanning (ms): Min: 0.0, Avg: 0.0, Max: 0.0, Diff: 0.0, Sum: 0.0]
      [Object Copy (ms): Min: 13.6, Avg: 13.8, Max: 14.1, Diff: 0.5, Sum: 249.0]
      [Termination (ms): Min: 0.0, Avg: 0.2, Max: 0.4, Diff: 0.4, Sum: 3.6]
         [Termination Attempts: Min: 1, Avg: 1.1, Max: 2, Diff: 1, Sum: 20]
      [GC Worker Other (ms): Min: 0.0, Avg: 0.0, Max: 0.0, Diff: 0.0, Sum: 0.3]
      [GC Worker Total (ms): Min: 15.3, Avg: 15.5, Max: 15.7, Diff: 0.4, Sum: 279.3]
      [GC Worker End (ms): Min: 5067.1, Avg: 5067.1, Max: 5067.1, Diff: 0.0]
   [Code Root Fixup: 0.0 ms]
   [Code Root Purge: 0.0 ms]
   [Clear CT: 0.3 ms]
   [Other: 1.5 ms]
      [Choose CSet: 0.1 ms]
      [Ref Proc: 0.4 ms]
      [Ref Enq: 0.0 ms]
      [Redirty Cards: 0.3 ms]
      [Humongous Register: 0.2 ms]
      [Humongous Reclaim: 0.1 ms]
      [Free CSet: 0.4 ms]
   [Eden: 20.0M(20.0M)->0.0B(44.0M) Survivors: 31.0M->7168.0K Heap: 624.5M(1024.0M)->519.2M(1024.0M)]
 [Times: user=0.27 sys=0.01, real=0.02 secs] 
5.084: [GC pause (G1 Evacuation Pause) (mixed), 0.0152861 secs]
   [Parallel Time: 13.8 ms, GC Workers: 18]
      [GC Worker Start (ms): Min: 5084.6, Avg: 5084.9, Max: 5085.1, Diff: 0.5]
      [Ext Root Scanning (ms): Min: 0.0, Avg: 0.1, Max: 0.3, Diff: 0.3, Sum: 1.9]
      [Update RS (ms): Min: 2.0, Avg: 2.1, Max: 2.4, Diff: 0.5, Sum: 37.8]
         [Processed Buffers: Min: 4, Avg: 6.7, Max: 8, Diff: 4, Sum: 121]
      [Scan RS (ms): Min: 0.0, Avg: 0.1, Max: 0.4, Diff: 0.4, Sum: 2.5]
      [Code Root Scanning (ms): Min: 0.0, Avg: 0.0, Max: 0.0, Diff: 0.0, Sum: 0.0]
      [Object Copy (ms): Min: 10.3, Avg: 10.6, Max: 10.9, Diff: 0.6, Sum: 191.1]
      [Termination (ms): Min: 0.0, Avg: 0.3, Max: 0.4, Diff: 0.4, Sum: 4.6]
         [Termination Attempts: Min: 1, Avg: 1.0, Max: 1, Diff: 0, Sum: 18]
      [GC Worker Other (ms): Min: 0.0, Avg: 0.0, Max: 0.0, Diff: 0.0, Sum: 0.3]
      [GC Worker Total (ms): Min: 13.0, Avg: 13.2, Max: 13.5, Diff: 0.5, Sum: 238.3]
      [GC Worker End (ms): Min: 5098.1, Avg: 5098.1, Max: 5098.1, Diff: 0.0]
   [Code Root Fixup: 0.0 ms]
   [Code Root Purge: 0.0 ms]
   [Clear CT: 0.2 ms]
   [Other: 1.3 ms]
      [Choose CSet: 0.0 ms]
      [Ref Proc: 0.3 ms]
      [Ref Enq: 0.0 ms]
      [Redirty Cards: 0.3 ms]
      [Humongous Register: 0.2 ms]
      [Humongous Reclaim: 0.1 ms]
      [Free CSet: 0.2 ms]
   [Eden: 44.0M(44.0M)->0.0B(284.0M) Survivors: 7168.0K->7168.0K Heap: 576.0M(1024.0M)->496.6M(1024.0M)]
 [Times: user=0.21 sys=0.01, real=0.02 secs] 
5.100: [GC pause (G1 Humongous Allocation) (young) (initial-mark), 0.0035070 secs]
   [Parallel Time: 2.4 ms, GC Workers: 18]
      [GC Worker Start (ms): Min: 5100.3, Avg: 5100.5, Max: 5100.6, Diff: 0.3]
      [Ext Root Scanning (ms): Min: 0.0, Avg: 0.2, Max: 0.3, Diff: 0.3, Sum: 3.2]
      [Update RS (ms): Min: 0.1, Avg: 0.3, Max: 1.4, Diff: 1.3, Sum: 5.4]
         [Processed Buffers: Min: 0, Avg: 1.1, Max: 2, Diff: 2, Sum: 19]
      [Scan RS (ms): Min: 0.0, Avg: 0.0, Max: 0.0, Diff: 0.0, Sum: 0.1]
      [Code Root Scanning (ms): Min: 0.0, Avg: 0.0, Max: 0.0, Diff: 0.0, Sum: 0.0]
      [Object Copy (ms): Min: 0.0, Avg: 1.2, Max: 1.8, Diff: 1.8, Sum: 21.8]
      [Termination (ms): Min: 0.0, Avg: 0.4, Max: 0.6, Diff: 0.6, Sum: 6.3]
         [Termination Attempts: Min: 1, Avg: 1.1, Max: 2, Diff: 1, Sum: 20]
      [GC Worker Other (ms): Min: 0.0, Avg: 0.0, Max: 0.0, Diff: 0.0, Sum: 0.2]
      [GC Worker Total (ms): Min: 1.9, Avg: 2.1, Max: 2.2, Diff: 0.3, Sum: 37.0]
      [GC Worker End (ms): Min: 5102.5, Avg: 5102.5, Max: 5102.5, Diff: 0.0]
   [Code Root Fixup: 0.0 ms]
   [Code Root Purge: 0.0 ms]
   [Clear CT: 0.3 ms]
   [Other: 0.8 ms]
      [Choose CSet: 0.0 ms]
      [Ref Proc: 0.2 ms]
      [Ref Enq: 0.0 ms]
      [Redirty Cards: 0.2 ms]
      [Humongous Register: 0.2 ms]
      [Humongous Reclaim: 0.0 ms]
      [Free CSet: 0.0 ms]
   [Eden: 1024.0K(284.0M)->0.0B(286.0M) Survivors: 7168.0K->8192.0K Heap: 496.8M(1024.0M)->496.9M(1024.0M)]
 [Times: user=0.04 sys=0.01, real=0.00 secs] 
5.104: [GC concurrent-root-region-scan-start]
5.104: [GC concurrent-root-region-scan-end, 0.0001235 secs]
5.104: [GC concurrent-mark-start]
5.106: [GC concurrent-mark-end, 0.0018277 secs]
5.106: [GC remark 5.106: [Finalize Marking, 0.0003712 secs] 5.106: [GC ref-proc, 0.0004162 secs] 5.106: [Unloading, 0.0009802 secs], 0.0025881 secs]
 [Times: user=0.01 sys=0.01, real=0.00 secs] 
5.108: [GC cleanup 506M->503M(1024M), 0.0015757 secs]
 [Times: user=0.02 sys=0.00, real=0.00 secs] 
5.110: [GC concurrent-cleanup-start]
5.110: [GC concurrent-cleanup-end, 0.0000228 secs]
5.216: [GC pause (G1 Evacuation Pause) (young) (to-space exhausted), 0.0277939 secs]
   [Parallel Time: 25.3 ms, GC Workers: 18]
      [GC Worker Start (ms): Min: 5216.1, Avg: 5216.3, Max: 5216.4, Diff: 0.4]
      [Ext Root Scanning (ms): Min: 0.0, Avg: 0.2, Max: 0.4, Diff: 0.3, Sum: 3.2]
      [Update RS (ms): Min: 9.6, Avg: 9.8, Max: 10.5, Diff: 0.9, Sum: 175.7]
         [Processed Buffers: Min: 27, Avg: 29.9, Max: 35, Diff: 8, Sum: 538]
      [Scan RS (ms): Min: 0.0, Avg: 0.1, Max: 0.3, Diff: 0.3, Sum: 1.5]
      [Code Root Scanning (ms): Min: 0.0, Avg: 0.0, Max: 0.0, Diff: 0.0, Sum: 0.0]
      [Object Copy (ms): Min: 13.9, Avg: 14.8, Max: 15.0, Diff: 1.1, Sum: 266.9]
      [Termination (ms): Min: 0.0, Avg: 0.1, Max: 0.1, Diff: 0.1, Sum: 1.2]
         [Termination Attempts: Min: 1, Avg: 1.1, Max: 2, Diff: 1, Sum: 19]
      [GC Worker Other (ms): Min: 0.0, Avg: 0.0, Max: 0.1, Diff: 0.1, Sum: 0.5]
      [GC Worker Total (ms): Min: 24.8, Avg: 24.9, Max: 25.1, Diff: 0.3, Sum: 449.0]
      [GC Worker End (ms): Min: 5241.2, Avg: 5241.2, Max: 5241.2, Diff: 0.1]
   [Code Root Fixup: 0.0 ms]
   [Code Root Purge: 0.0 ms]
   [Clear CT: 0.3 ms]
   [Other: 2.2 ms]
      [Evacuation Failure: 0.5 ms]
      [Choose CSet: 0.0 ms]
      [Ref Proc: 0.3 ms]
      [Ref Enq: 0.0 ms]
      [Redirty Cards: 0.2 ms]
      [Humongous Register: 0.3 ms]
      [Humongous Reclaim: 0.3 ms]
      [Free CSet: 0.4 ms]
   [Eden: 286.0M(286.0M)->0.0B(14.0M) Survivors: 8192.0K->37.0M Heap: 857.6M(1024.0M)->670.4M(1024.0M)]
 [Times: user=0.44 sys=0.01, real=0.03 secs] 
5.249: [GC pause (G1 Evacuation Pause) (mixed), 0.0207043 secs]
   [Parallel Time: 19.2 ms, GC Workers: 18]
      [GC Worker Start (ms): Min: 5249.5, Avg: 5249.7, Max: 5249.9, Diff: 0.3]
      [Ext Root Scanning (ms): Min: 0.0, Avg: 0.2, Max: 0.3, Diff: 0.3, Sum: 2.8]
      [Update RS (ms): Min: 0.4, Avg: 0.5, Max: 0.7, Diff: 0.3, Sum: 9.2]
         [Processed Buffers: Min: 2, Avg: 2.7, Max: 5, Diff: 3, Sum: 48]
      [Scan RS (ms): Min: 0.0, Avg: 0.1, Max: 0.2, Diff: 0.2, Sum: 1.2]
      [Code Root Scanning (ms): Min: 0.0, Avg: 0.0, Max: 0.0, Diff: 0.0, Sum: 0.0]
      [Object Copy (ms): Min: 16.7, Avg: 17.0, Max: 18.0, Diff: 1.3, Sum: 306.9]
      [Termination (ms): Min: 0.0, Avg: 0.9, Max: 1.3, Diff: 1.3, Sum: 16.8]
         [Termination Attempts: Min: 1, Avg: 1.1, Max: 2, Diff: 1, Sum: 19]
      [GC Worker Other (ms): Min: 0.0, Avg: 0.0, Max: 0.1, Diff: 0.1, Sum: 0.5]
      [GC Worker Total (ms): Min: 18.6, Avg: 18.7, Max: 18.9, Diff: 0.3, Sum: 337.4]
      [GC Worker End (ms): Min: 5268.5, Avg: 5268.5, Max: 5268.5, Diff: 0.0]
   [Code Root Fixup: 0.0 ms]
   [Code Root Purge: 0.0 ms]
   [Clear CT: 0.2 ms]
   [Other: 1.3 ms]
      [Choose CSet: 0.1 ms]
      [Ref Proc: 0.3 ms]
      [Ref Enq: 0.0 ms]
      [Redirty Cards: 0.3 ms]
      [Humongous Register: 0.2 ms]
      [Humongous Reclaim: 0.1 ms]
      [Free CSet: 0.3 ms]
   [Eden: 14.0M(14.0M)->0.0B(46.0M) Survivors: 37.0M->5120.0K Heap: 687.2M(1024.0M)->601.3M(1024.0M)]
 [Times: user=0.32 sys=0.01, real=0.02 secs] 
5.287: [GC pause (G1 Evacuation Pause) (mixed), 0.0126810 secs]
   [Parallel Time: 11.2 ms, GC Workers: 18]
      [GC Worker Start (ms): Min: 5287.3, Avg: 5287.5, Max: 5287.7, Diff: 0.4]
      [Ext Root Scanning (ms): Min: 0.0, Avg: 0.2, Max: 0.3, Diff: 0.3, Sum: 2.8]
      [Update RS (ms): Min: 2.0, Avg: 2.2, Max: 2.6, Diff: 0.6, Sum: 39.3]
         [Processed Buffers: Min: 0, Avg: 6.3, Max: 10, Diff: 10, Sum: 113]
      [Scan RS (ms): Min: 0.0, Avg: 0.0, Max: 0.1, Diff: 0.1, Sum: 0.5]
      [Code Root Scanning (ms): Min: 0.0, Avg: 0.0, Max: 0.0, Diff: 0.0, Sum: 0.0]
      [Object Copy (ms): Min: 7.7, Avg: 8.0, Max: 8.4, Diff: 0.7, Sum: 144.4]
      [Termination (ms): Min: 0.0, Avg: 0.3, Max: 0.6, Diff: 0.6, Sum: 5.3]
         [Termination Attempts: Min: 1, Avg: 1.0, Max: 1, Diff: 0, Sum: 18]
      [GC Worker Other (ms): Min: 0.0, Avg: 0.0, Max: 0.0, Diff: 0.0, Sum: 0.3]
      [GC Worker Total (ms): Min: 10.5, Avg: 10.7, Max: 10.9, Diff: 0.4, Sum: 192.7]
      [GC Worker End (ms): Min: 5298.2, Avg: 5298.2, Max: 5298.2, Diff: 0.0]
   [Code Root Fixup: 0.0 ms]
   [Code Root Purge: 0.0 ms]
   [Clear CT: 0.3 ms]
   [Other: 1.2 ms]
      [Choose CSet: 0.0 ms]
      [Ref Proc: 0.3 ms]
      [Ref Enq: 0.0 ms]
      [Redirty Cards: 0.3 ms]
      [Humongous Register: 0.2 ms]
      [Humongous Reclaim: 0.1 ms]
      [Free CSet: 0.1 ms]
   [Eden: 46.0M(46.0M)->0.0B(196.0M) Survivors: 5120.0K->7168.0K Heap: 659.1M(1024.0M)->608.8M(1024.0M)]
 [Times: user=0.17 sys=0.01, real=0.02 secs] 
5.300: [GC pause (G1 Humongous Allocation) (young) (initial-mark), 0.0037034 secs]
   [Parallel Time: 2.4 ms, GC Workers: 18]
      [GC Worker Start (ms): Min: 5300.5, Avg: 5300.7, Max: 5300.9, Diff: 0.4]
      [Ext Root Scanning (ms): Min: 0.0, Avg: 0.6, Max: 1.6, Diff: 1.6, Sum: 10.1]
      [Update RS (ms): Min: 0.0, Avg: 0.1, Max: 0.5, Diff: 0.5, Sum: 2.5]
         [Processed Buffers: Min: 0, Avg: 0.8, Max: 3, Diff: 3, Sum: 15]
      [Scan RS (ms): Min: 0.0, Avg: 0.0, Max: 0.0, Diff: 0.0, Sum: 0.1]
      [Code Root Scanning (ms): Min: 0.0, Avg: 0.0, Max: 0.0, Diff: 0.0, Sum: 0.0]
      [Object Copy (ms): Min: 0.0, Avg: 0.9, Max: 1.7, Diff: 1.7, Sum: 17.0]
      [Termination (ms): Min: 0.0, Avg: 0.3, Max: 0.6, Diff: 0.6, Sum: 5.4]
         [Termination Attempts: Min: 1, Avg: 1.0, Max: 1, Diff: 0, Sum: 18]
      [GC Worker Other (ms): Min: 0.0, Avg: 0.0, Max: 0.0, Diff: 0.0, Sum: 0.2]
      [GC Worker Total (ms): Min: 1.8, Avg: 2.0, Max: 2.1, Diff: 0.4, Sum: 35.2]
      [GC Worker End (ms): Min: 5302.7, Avg: 5302.7, Max: 5302.7, Diff: 0.0]
   [Code Root Fixup: 0.0 ms]
   [Code Root Purge: 0.0 ms]
   [Clear CT: 0.3 ms]
   [Other: 1.0 ms]
      [Choose CSet: 0.0 ms]
      [Ref Proc: 0.3 ms]
      [Ref Enq: 0.0 ms]
      [Redirty Cards: 0.2 ms]
      [Humongous Register: 0.2 ms]
      [Humongous Reclaim: 0.0 ms]
      [Free CSet: 0.0 ms]
   [Eden: 1024.0K(196.0M)->0.0B(183.0M) Survivors: 7168.0K->7168.0K Heap: 609.6M(1024.0M)->607.7M(1024.0M)]
 [Times: user=0.03 sys=0.00, real=0.00 secs] 
5.304: [GC concurrent-root-region-scan-start]
5.304: [GC concurrent-root-region-scan-end, 0.0001551 secs]
5.304: [GC concurrent-mark-start]
5.306: [GC concurrent-mark-end, 0.0019155 secs]
5.306: [GC remark 5.306: [Finalize Marking, 0.0004048 secs] 5.307: [GC ref-proc, 0.0004108 secs] 5.307: [Unloading, 0.0008392 secs], 0.0025928 secs]
 [Times: user=0.02 sys=0.00, real=0.01 secs] 
5.309: [GC cleanup 616M->602M(1024M), 0.0015808 secs]
 [Times: user=0.01 sys=0.00, real=0.00 secs] 
5.310: [GC concurrent-cleanup-start]
5.311: [GC concurrent-cleanup-end, 0.0000501 secs]
5.378: [GC pause (G1 Evacuation Pause) (young), 0.0263894 secs]
   [Parallel Time: 24.5 ms, GC Workers: 18]
      [GC Worker Start (ms): Min: 5378.2, Avg: 5378.4, Max: 5378.6, Diff: 0.4]
      [Ext Root Scanning (ms): Min: 0.0, Avg: 0.2, Max: 0.4, Diff: 0.4, Sum: 2.8]
      [Update RS (ms): Min: 7.3, Avg: 7.6, Max: 7.8, Diff: 0.5, Sum: 136.6]
         [Processed Buffers: Min: 21, Avg: 23.3, Max: 27, Diff: 6, Sum: 420]
      [Scan RS (ms): Min: 0.0, Avg: 0.0, Max: 0.2, Diff: 0.2, Sum: 0.9]
      [Code Root Scanning (ms): Min: 0.0, Avg: 0.0, Max: 0.0, Diff: 0.0, Sum: 0.0]
      [Object Copy (ms): Min: 15.1, Avg: 15.8, Max: 16.4, Diff: 1.2, Sum: 283.6]
      [Termination (ms): Min: 0.0, Avg: 0.5, Max: 1.0, Diff: 1.0, Sum: 9.6]
         [Termination Attempts: Min: 1, Avg: 1.0, Max: 1, Diff: 0, Sum: 18]
      [GC Worker Other (ms): Min: 0.0, Avg: 0.0, Max: 0.1, Diff: 0.1, Sum: 0.6]
      [GC Worker Total (ms): Min: 23.9, Avg: 24.1, Max: 24.3, Diff: 0.4, Sum: 434.1]
      [GC Worker End (ms): Min: 5402.5, Avg: 5402.5, Max: 5402.6, Diff: 0.1]
   [Code Root Fixup: 0.0 ms]
   [Code Root Purge: 0.0 ms]
   [Clear CT: 0.2 ms]
   [Other: 1.6 ms]
      [Choose CSet: 0.0 ms]
      [Ref Proc: 0.3 ms]
      [Ref Enq: 0.0 ms]
      [Redirty Cards: 0.3 ms]
      [Humongous Register: 0.3 ms]
      [Humongous Reclaim: 0.2 ms]
      [Free CSet: 0.4 ms]
   [Eden: 183.0M(183.0M)->0.0B(27.0M) Survivors: 7168.0K->24.0M Heap: 828.1M(1024.0M)->649.1M(1024.0M)]
 [Times: user=0.43 sys=0.01, real=0.03 secs] 
5.413: [GC pause (G1 Evacuation Pause) (mixed), 0.0144467 secs]
   [Parallel Time: 12.9 ms, GC Workers: 18]
      [GC Worker Start (ms): Min: 5413.3, Avg: 5413.5, Max: 5413.7, Diff: 0.4]
      [Ext Root Scanning (ms): Min: 0.0, Avg: 0.1, Max: 0.3, Diff: 0.3, Sum: 2.1]
      [Update RS (ms): Min: 0.3, Avg: 0.4, Max: 0.5, Diff: 0.2, Sum: 7.7]
         [Processed Buffers: Min: 1, Avg: 2.1, Max: 4, Diff: 3, Sum: 38]
      [Scan RS (ms): Min: 0.0, Avg: 0.0, Max: 0.1, Diff: 0.1, Sum: 0.7]
      [Code Root Scanning (ms): Min: 0.0, Avg: 0.0, Max: 0.0, Diff: 0.0, Sum: 0.0]
      [Object Copy (ms): Min: 11.2, Avg: 11.6, Max: 11.8, Diff: 0.7, Sum: 208.2]
      [Termination (ms): Min: 0.0, Avg: 0.3, Max: 0.7, Diff: 0.7, Sum: 5.0]
         [Termination Attempts: Min: 1, Avg: 1.1, Max: 2, Diff: 1, Sum: 20]
      [GC Worker Other (ms): Min: 0.0, Avg: 0.0, Max: 0.0, Diff: 0.0, Sum: 0.3]
      [GC Worker Total (ms): Min: 12.2, Avg: 12.4, Max: 12.6, Diff: 0.4, Sum: 224.1]
      [GC Worker End (ms): Min: 5426.0, Avg: 5426.0, Max: 5426.0, Diff: 0.0]
   [Code Root Fixup: 0.0 ms]
   [Code Root Purge: 0.0 ms]
   [Clear CT: 0.2 ms]
   [Other: 1.3 ms]
      [Choose CSet: 0.1 ms]
      [Ref Proc: 0.2 ms]
      [Ref Enq: 0.0 ms]
      [Redirty Cards: 0.3 ms]
      [Humongous Register: 0.2 ms]
      [Humongous Reclaim: 0.1 ms]
      [Free CSet: 0.4 ms]
   [Eden: 27.0M(27.0M)->0.0B(44.0M) Survivors: 24.0M->7168.0K Heap: 678.6M(1024.0M)->561.7M(1024.0M)]
 [Times: user=0.22 sys=0.01, real=0.01 secs] 
5.444: [GC pause (G1 Evacuation Pause) (mixed), 0.0190151 secs]
   [Parallel Time: 17.2 ms, GC Workers: 18]
      [GC Worker Start (ms): Min: 5443.8, Avg: 5444.0, Max: 5444.2, Diff: 0.4]
      [Ext Root Scanning (ms): Min: 0.0, Avg: 0.1, Max: 0.3, Diff: 0.3, Sum: 2.5]
      [Update RS (ms): Min: 1.2, Avg: 1.4, Max: 1.5, Diff: 0.2, Sum: 24.7]
         [Processed Buffers: Min: 4, Avg: 4.9, Max: 6, Diff: 2, Sum: 89]
      [Scan RS (ms): Min: 0.0, Avg: 0.1, Max: 0.2, Diff: 0.2, Sum: 1.0]
      [Code Root Scanning (ms): Min: 0.0, Avg: 0.0, Max: 0.0, Diff: 0.0, Sum: 0.0]
      [Object Copy (ms): Min: 14.5, Avg: 15.0, Max: 15.3, Diff: 0.7, Sum: 269.1]
      [Termination (ms): Min: 0.0, Avg: 0.3, Max: 0.5, Diff: 0.5, Sum: 4.9]
         [Termination Attempts: Min: 1, Avg: 1.0, Max: 1, Diff: 0, Sum: 18]
      [GC Worker Other (ms): Min: 0.0, Avg: 0.0, Max: 0.2, Diff: 0.2, Sum: 0.9]
      [GC Worker Total (ms): Min: 16.7, Avg: 16.8, Max: 17.0, Diff: 0.4, Sum: 303.1]
      [GC Worker End (ms): Min: 5460.8, Avg: 5460.8, Max: 5460.9, Diff: 0.0]
   [Code Root Fixup: 0.0 ms]
   [Code Root Purge: 0.0 ms]
   [Clear CT: 0.3 ms]
   [Other: 1.5 ms]
      [Choose CSet: 0.1 ms]
      [Ref Proc: 0.4 ms]
      [Ref Enq: 0.0 ms]
      [Redirty Cards: 0.3 ms]
      [Humongous Register: 0.2 ms]
      [Humongous Reclaim: 0.1 ms]
      [Free CSet: 0.4 ms]
   [Eden: 44.0M(44.0M)->0.0B(44.0M) Survivors: 7168.0K->7168.0K Heap: 614.4M(1024.0M)->500.1M(1024.0M)]
 [Times: user=0.28 sys=0.02, real=0.02 secs] 
5.478: [GC pause (G1 Evacuation Pause) (mixed), 0.0132499 secs]
   [Parallel Time: 11.6 ms, GC Workers: 18]
      [GC Worker Start (ms): Min: 5478.8, Avg: 5479.0, Max: 5479.2, Diff: 0.5]
      [Ext Root Scanning (ms): Min: 0.0, Avg: 0.1, Max: 0.4, Diff: 0.4, Sum: 2.6]
      [Update RS (ms): Min: 1.6, Avg: 1.8, Max: 1.9, Diff: 0.3, Sum: 32.0]
         [Processed Buffers: Min: 5, Avg: 5.8, Max: 7, Diff: 2, Sum: 105]
      [Scan RS (ms): Min: 0.0, Avg: 0.0, Max: 0.1, Diff: 0.1, Sum: 0.6]
      [Code Root Scanning (ms): Min: 0.0, Avg: 0.0, Max: 0.0, Diff: 0.0, Sum: 0.0]
      [Object Copy (ms): Min: 8.7, Avg: 8.9, Max: 9.1, Diff: 0.4, Sum: 160.1]
      [Termination (ms): Min: 0.0, Avg: 0.2, Max: 0.3, Diff: 0.3, Sum: 3.8]
         [Termination Attempts: Min: 1, Avg: 1.0, Max: 1, Diff: 0, Sum: 18]
      [GC Worker Other (ms): Min: 0.0, Avg: 0.0, Max: 0.0, Diff: 0.0, Sum: 0.3]
      [GC Worker Total (ms): Min: 10.9, Avg: 11.1, Max: 11.3, Diff: 0.5, Sum: 199.5]
      [GC Worker End (ms): Min: 5490.1, Avg: 5490.1, Max: 5490.1, Diff: 0.0]
   [Code Root Fixup: 0.0 ms]
   [Code Root Purge: 0.0 ms]
   [Clear CT: 0.2 ms]
   [Other: 1.4 ms]
      [Choose CSet: 0.0 ms]
      [Ref Proc: 0.4 ms]
      [Ref Enq: 0.0 ms]
      [Redirty Cards: 0.3 ms]
      [Humongous Register: 0.3 ms]
      [Humongous Reclaim: 0.1 ms]
      [Free CSet: 0.2 ms]
   [Eden: 44.0M(44.0M)->0.0B(274.0M) Survivors: 7168.0K->7168.0K Heap: 554.7M(1024.0M)->497.6M(1024.0M)]
 [Times: user=0.20 sys=0.00, real=0.01 secs] 
5.497: [GC pause (G1 Humongous Allocation) (young) (initial-mark), 0.0057059 secs]
   [Parallel Time: 4.3 ms, GC Workers: 18]
      [GC Worker Start (ms): Min: 5497.7, Avg: 5497.9, Max: 5498.1, Diff: 0.4]
      [Ext Root Scanning (ms): Min: 0.0, Avg: 0.2, Max: 0.5, Diff: 0.4, Sum: 4.5]
      [Update RS (ms): Min: 0.0, Avg: 0.1, Max: 0.3, Diff: 0.3, Sum: 2.0]
         [Processed Buffers: Min: 0, Avg: 1.1, Max: 4, Diff: 4, Sum: 19]
      [Scan RS (ms): Min: 0.0, Avg: 0.0, Max: 0.0, Diff: 0.0, Sum: 0.1]
      [Code Root Scanning (ms): Min: 0.0, Avg: 0.0, Max: 0.0, Diff: 0.0, Sum: 0.0]
      [Object Copy (ms): Min: 2.6, Avg: 3.1, Max: 3.5, Diff: 0.9, Sum: 56.0]
      [Termination (ms): Min: 0.0, Avg: 0.4, Max: 0.8, Diff: 0.8, Sum: 7.0]
         [Termination Attempts: Min: 1, Avg: 1.1, Max: 2, Diff: 1, Sum: 19]
      [GC Worker Other (ms): Min: 0.0, Avg: 0.0, Max: 0.0, Diff: 0.0, Sum: 0.2]
      [GC Worker Total (ms): Min: 3.7, Avg: 3.9, Max: 4.1, Diff: 0.4, Sum: 69.9]
      [GC Worker End (ms): Min: 5501.8, Avg: 5501.8, Max: 5501.8, Diff: 0.0]
   [Code Root Fixup: 0.0 ms]
   [Code Root Purge: 0.0 ms]
   [Clear CT: 0.2 ms]
   [Other: 1.2 ms]
      [Choose CSet: 0.0 ms]
      [Ref Proc: 0.3 ms]
      [Ref Enq: 0.0 ms]
      [Redirty Cards: 0.2 ms]
      [Humongous Register: 0.2 ms]
      [Humongous Reclaim: 0.1 ms]
      [Free CSet: 0.1 ms]
   [Eden: 19.0M(274.0M)->0.0B(264.0M) Survivors: 7168.0K->14.0M Heap: 516.4M(1024.0M)->501.6M(1024.0M)]
 [Times: user=0.07 sys=0.00, real=0.01 secs] 
5.503: [GC concurrent-root-region-scan-start]
5.503: [GC concurrent-root-region-scan-end, 0.0001443 secs]
5.503: [GC concurrent-mark-start]
5.505: [GC concurrent-mark-end, 0.0018770 secs]
5.505: [GC remark 5.505: [Finalize Marking, 0.0003023 secs] 5.506: [GC ref-proc, 0.0004136 secs] 5.506: [Unloading, 0.0008603 secs], 0.0023501 secs]
 [Times: user=0.02 sys=0.00, real=0.00 secs] 
5.508: [GC cleanup 508M->507M(1024M), 0.0017019 secs]
 [Times: user=0.01 sys=0.00, real=0.01 secs] 
5.510: [GC concurrent-cleanup-start]
5.510: [GC concurrent-cleanup-end, 0.0000202 secs]
5.613: [GC pause (G1 Evacuation Pause) (young), 0.0345903 secs]
   [Parallel Time: 32.2 ms, GC Workers: 18]
      [GC Worker Start (ms): Min: 5613.5, Avg: 5613.7, Max: 5613.8, Diff: 0.3]
      [Ext Root Scanning (ms): Min: 0.0, Avg: 0.1, Max: 0.3, Diff: 0.3, Sum: 2.7]
      [Update RS (ms): Min: 11.1, Avg: 11.3, Max: 11.4, Diff: 0.4, Sum: 202.7]
         [Processed Buffers: Min: 30, Avg: 32.8, Max: 36, Diff: 6, Sum: 590]
      [Scan RS (ms): Min: 0.0, Avg: 0.1, Max: 0.3, Diff: 0.3, Sum: 1.9]
      [Code Root Scanning (ms): Min: 0.0, Avg: 0.0, Max: 0.0, Diff: 0.0, Sum: 0.0]
      [Object Copy (ms): Min: 19.3, Avg: 20.0, Max: 20.4, Diff: 1.1, Sum: 359.2]
      [Termination (ms): Min: 0.0, Avg: 0.3, Max: 0.5, Diff: 0.5, Sum: 4.6]
         [Termination Attempts: Min: 1, Avg: 1.0, Max: 1, Diff: 0, Sum: 18]
      [GC Worker Other (ms): Min: 0.0, Avg: 0.0, Max: 0.1, Diff: 0.1, Sum: 0.8]
      [GC Worker Total (ms): Min: 31.6, Avg: 31.8, Max: 31.9, Diff: 0.4, Sum: 571.9]
      [GC Worker End (ms): Min: 5645.4, Avg: 5645.4, Max: 5645.5, Diff: 0.1]
   [Code Root Fixup: 0.0 ms]
   [Code Root Purge: 0.0 ms]
   [Clear CT: 0.4 ms]
   [Other: 2.0 ms]
      [Choose CSet: 0.0 ms]
      [Ref Proc: 0.2 ms]
      [Ref Enq: 0.0 ms]
      [Redirty Cards: 0.3 ms]
      [Humongous Register: 0.6 ms]
      [Humongous Reclaim: 0.3 ms]
      [Free CSet: 0.4 ms]
   [Eden: 264.0M(264.0M)->0.0B(16.0M) Survivors: 14.0M->35.0M Heap: 836.8M(1024.0M)->568.8M(1024.0M)]
 [Times: user=0.56 sys=0.00, real=0.03 secs] 
5.655: [GC pause (G1 Evacuation Pause) (mixed), 0.0207531 secs]
   [Parallel Time: 18.9 ms, GC Workers: 18]
      [GC Worker Start (ms): Min: 5655.3, Avg: 5655.6, Max: 5655.8, Diff: 0.5]
      [Ext Root Scanning (ms): Min: 0.0, Avg: 0.1, Max: 0.3, Diff: 0.3, Sum: 1.5]
      [Update RS (ms): Min: 1.0, Avg: 1.1, Max: 1.2, Diff: 0.3, Sum: 20.2]
         [Processed Buffers: Min: 3, Avg: 4.2, Max: 6, Diff: 3, Sum: 75]
      [Scan RS (ms): Min: 0.0, Avg: 0.1, Max: 0.5, Diff: 0.5, Sum: 2.5]
      [Code Root Scanning (ms): Min: 0.0, Avg: 0.0, Max: 0.1, Diff: 0.1, Sum: 0.1]
      [Object Copy (ms): Min: 15.4, Avg: 15.9, Max: 17.0, Diff: 1.6, Sum: 286.1]
      [Termination (ms): Min: 0.0, Avg: 1.1, Max: 1.3, Diff: 1.3, Sum: 19.5]
         [Termination Attempts: Min: 1, Avg: 1.2, Max: 3, Diff: 2, Sum: 21]
      [GC Worker Other (ms): Min: 0.0, Avg: 0.0, Max: 0.0, Diff: 0.0, Sum: 0.4]
      [GC Worker Total (ms): Min: 18.1, Avg: 18.3, Max: 18.6, Diff: 0.5, Sum: 330.2]
      [GC Worker End (ms): Min: 5673.9, Avg: 5673.9, Max: 5673.9, Diff: 0.0]
   [Code Root Fixup: 0.0 ms]
   [Code Root Purge: 0.0 ms]
   [Clear CT: 0.3 ms]
   [Other: 1.6 ms]
      [Choose CSet: 0.1 ms]
      [Ref Proc: 0.4 ms]
      [Ref Enq: 0.0 ms]
      [Redirty Cards: 0.2 ms]
      [Humongous Register: 0.3 ms]
      [Humongous Reclaim: 0.1 ms]
      [Free CSet: 0.4 ms]
   [Eden: 16.0M(16.0M)->0.0B(45.0M) Survivors: 35.0M->6144.0K Heap: 591.7M(1024.0M)->502.0M(1024.0M)]
 [Times: user=0.24 sys=0.10, real=0.02 secs] 
5.693: [GC pause (G1 Evacuation Pause) (mixed), 0.0141546 secs]
   [Parallel Time: 12.9 ms, GC Workers: 18]
      [GC Worker Start (ms): Min: 5692.9, Avg: 5693.1, Max: 5693.3, Diff: 0.4]
      [Ext Root Scanning (ms): Min: 0.0, Avg: 0.1, Max: 0.3, Diff: 0.3, Sum: 2.6]
      [Update RS (ms): Min: 2.0, Avg: 2.2, Max: 2.4, Diff: 0.4, Sum: 39.6]
         [Processed Buffers: Min: 6, Avg: 6.9, Max: 8, Diff: 2, Sum: 124]
      [Scan RS (ms): Min: 0.0, Avg: 0.0, Max: 0.1, Diff: 0.1, Sum: 0.4]
      [Code Root Scanning (ms): Min: 0.0, Avg: 0.0, Max: 0.0, Diff: 0.0, Sum: 0.0]
      [Object Copy (ms): Min: 9.0, Avg: 9.3, Max: 10.0, Diff: 1.0, Sum: 167.6]
      [Termination (ms): Min: 0.0, Avg: 0.7, Max: 0.8, Diff: 0.8, Sum: 12.0]
         [Termination Attempts: Min: 1, Avg: 1.0, Max: 1, Diff: 0, Sum: 18]
      [GC Worker Other (ms): Min: 0.0, Avg: 0.0, Max: 0.0, Diff: 0.0, Sum: 0.4]
      [GC Worker Total (ms): Min: 12.2, Avg: 12.4, Max: 12.6, Diff: 0.4, Sum: 222.6]
      [GC Worker End (ms): Min: 5705.5, Avg: 5705.5, Max: 5705.5, Diff: 0.0]
   [Code Root Fixup: 0.0 ms]
   [Code Root Purge: 0.0 ms]
   [Clear CT: 0.2 ms]
   [Other: 1.1 ms]
      [Choose CSet: 0.0 ms]
      [Ref Proc: 0.2 ms]
      [Ref Enq: 0.0 ms]
      [Redirty Cards: 0.3 ms]
      [Humongous Register: 0.2 ms]
      [Humongous Reclaim: 0.1 ms]
      [Free CSet: 0.1 ms]
   [Eden: 45.0M(45.0M)->0.0B(261.0M) Survivors: 6144.0K->7168.0K Heap: 560.0M(1024.0M)->509.0M(1024.0M)]
 [Times: user=0.20 sys=0.02, real=0.01 secs] 
5.707: [GC pause (G1 Humongous Allocation) (young) (initial-mark), 0.0036200 secs]
   [Parallel Time: 2.5 ms, GC Workers: 18]
      [GC Worker Start (ms): Min: 5707.7, Avg: 5707.9, Max: 5708.0, Diff: 0.3]
      [Ext Root Scanning (ms): Min: 0.0, Avg: 0.2, Max: 0.4, Diff: 0.3, Sum: 2.9]
      [Update RS (ms): Min: 0.1, Avg: 0.2, Max: 0.4, Diff: 0.3, Sum: 2.8]
         [Processed Buffers: Min: 0, Avg: 1.1, Max: 2, Diff: 2, Sum: 19]
      [Scan RS (ms): Min: 0.0, Avg: 0.0, Max: 0.0, Diff: 0.0, Sum: 0.1]
      [Code Root Scanning (ms): Min: 0.0, Avg: 0.0, Max: 0.0, Diff: 0.0, Sum: 0.0]
      [Object Copy (ms): Min: 1.0, Avg: 1.4, Max: 1.8, Diff: 0.7, Sum: 24.6]
      [Termination (ms): Min: 0.0, Avg: 0.4, Max: 0.6, Diff: 0.6, Sum: 7.1]
         [Termination Attempts: Min: 1, Avg: 1.2, Max: 2, Diff: 1, Sum: 21]
      [GC Worker Other (ms): Min: 0.0, Avg: 0.0, Max: 0.0, Diff: 0.0, Sum: 0.2]
      [GC Worker Total (ms): Min: 1.9, Avg: 2.1, Max: 2.3, Diff: 0.3, Sum: 37.7]
      [GC Worker End (ms): Min: 5709.9, Avg: 5709.9, Max: 5710.0, Diff: 0.0]
   [Code Root Fixup: 0.0 ms]
   [Code Root Purge: 0.0 ms]
   [Clear CT: 0.2 ms]
   [Other: 0.9 ms]
      [Choose CSet: 0.0 ms]
      [Ref Proc: 0.3 ms]
      [Ref Enq: 0.0 ms]
      [Redirty Cards: 0.2 ms]
      [Humongous Register: 0.2 ms]
      [Humongous Reclaim: 0.0 ms]
      [Free CSet: 0.0 ms]
   [Eden: 1024.0K(261.0M)->0.0B(274.0M) Survivors: 7168.0K->8192.0K Heap: 509.7M(1024.0M)->509.5M(1024.0M)]
 [Times: user=0.04 sys=0.00, real=0.01 secs] 
5.711: [GC concurrent-root-region-scan-start]
5.711: [GC concurrent-root-region-scan-end, 0.0001531 secs]
5.711: [GC concurrent-mark-start]
5.713: [GC concurrent-mark-end, 0.0022644 secs]
5.714: [GC remark 5.714: [Finalize Marking, 0.0003801 secs] 5.714: [GC ref-proc, 0.0004162 secs] 5.714: [Unloading, 0.0009349 secs], 0.0025690 secs]
 [Times: user=0.01 sys=0.00, real=0.00 secs] 
5.716: [GC cleanup 518M->516M(1024M), 0.0015048 secs]
 [Times: user=0.02 sys=0.00, real=0.00 secs] 
5.718: [GC concurrent-cleanup-start]
5.718: [GC concurrent-cleanup-end, 0.0000239 secs]
5.818: [GC pause (G1 Evacuation Pause) (young), 0.0312747 secs]
   [Parallel Time: 29.1 ms, GC Workers: 18]
      [GC Worker Start (ms): Min: 5818.5, Avg: 5818.6, Max: 5818.8, Diff: 0.3]
      [Ext Root Scanning (ms): Min: 0.0, Avg: 0.1, Max: 0.3, Diff: 0.3, Sum: 2.5]
      [Update RS (ms): Min: 9.1, Avg: 9.4, Max: 9.6, Diff: 0.5, Sum: 169.0]
         [Processed Buffers: Min: 21, Avg: 23.8, Max: 28, Diff: 7, Sum: 429]
      [Scan RS (ms): Min: 0.0, Avg: 0.1, Max: 0.6, Diff: 0.6, Sum: 1.7]
      [Code Root Scanning (ms): Min: 0.0, Avg: 0.0, Max: 0.0, Diff: 0.0, Sum: 0.0]
      [Object Copy (ms): Min: 17.9, Avg: 18.8, Max: 19.2, Diff: 1.3, Sum: 338.0]
      [Termination (ms): Min: 0.0, Avg: 0.3, Max: 0.6, Diff: 0.6, Sum: 5.1]
         [Termination Attempts: Min: 1, Avg: 1.0, Max: 1, Diff: 0, Sum: 18]
      [GC Worker Other (ms): Min: 0.0, Avg: 0.0, Max: 0.1, Diff: 0.0, Sum: 0.5]
      [GC Worker Total (ms): Min: 28.5, Avg: 28.7, Max: 28.9, Diff: 0.4, Sum: 516.8]
      [GC Worker End (ms): Min: 5847.3, Avg: 5847.3, Max: 5847.4, Diff: 0.1]
   [Code Root Fixup: 0.0 ms]
   [Code Root Purge: 0.0 ms]
   [Clear CT: 0.4 ms]
   [Other: 1.8 ms]
      [Choose CSet: 0.0 ms]
      [Ref Proc: 0.3 ms]
      [Ref Enq: 0.0 ms]
      [Redirty Cards: 0.2 ms]
      [Humongous Register: 0.4 ms]
      [Humongous Reclaim: 0.3 ms]
      [Free CSet: 0.5 ms]
   [Eden: 274.0M(274.0M)->0.0B(15.0M) Survivors: 8192.0K->36.0M Heap: 833.4M(1024.0M)->569.8M(1024.0M)]
 [Times: user=0.51 sys=0.02, real=0.04 secs] 
5.855: [GC pause (G1 Evacuation Pause) (mixed), 0.0211118 secs]
   [Parallel Time: 17.8 ms, GC Workers: 18]
      [GC Worker Start (ms): Min: 5855.9, Avg: 5856.1, Max: 5856.3, Diff: 0.4]
      [Ext Root Scanning (ms): Min: 0.0, Avg: 0.2, Max: 0.4, Diff: 0.4, Sum: 3.0]
      [Update RS (ms): Min: 0.4, Avg: 0.5, Max: 0.7, Diff: 0.4, Sum: 9.8]
         [Processed Buffers: Min: 1, Avg: 2.6, Max: 6, Diff: 5, Sum: 47]
      [Scan RS (ms): Min: 0.0, Avg: 0.1, Max: 0.9, Diff: 0.9, Sum: 2.0]
      [Code Root Scanning (ms): Min: 0.0, Avg: 0.0, Max: 0.1, Diff: 0.1, Sum: 0.1]
      [Object Copy (ms): Min: 15.3, Avg: 15.8, Max: 16.2, Diff: 0.9, Sum: 284.7]
      [Termination (ms): Min: 0.0, Avg: 0.5, Max: 0.7, Diff: 0.7, Sum: 8.9]
         [Termination Attempts: Min: 1, Avg: 1.0, Max: 1, Diff: 0, Sum: 18]
      [GC Worker Other (ms): Min: 0.0, Avg: 0.0, Max: 0.0, Diff: 0.0, Sum: 0.3]
      [GC Worker Total (ms): Min: 16.9, Avg: 17.2, Max: 17.4, Diff: 0.5, Sum: 308.8]
      [GC Worker End (ms): Min: 5873.2, Avg: 5873.2, Max: 5873.3, Diff: 0.1]
   [Code Root Fixup: 0.0 ms]
   [Code Root Purge: 0.0 ms]
   [Clear CT: 0.5 ms]
   [Other: 2.8 ms]
      [Choose CSet: 0.1 ms]
      [Ref Proc: 0.5 ms]
      [Ref Enq: 0.0 ms]
      [Redirty Cards: 1.2 ms]
      [Humongous Register: 0.2 ms]
      [Humongous Reclaim: 0.0 ms]
      [Free CSet: 0.6 ms]
   [Eden: 15.0M(15.0M)->0.0B(45.0M) Survivors: 36.0M->6144.0K Heap: 588.3M(1024.0M)->500.3M(1024.0M)]
 [Times: user=0.23 sys=0.08, real=0.02 secs] 
5.896: [GC pause (G1 Evacuation Pause) (mixed), 0.0147431 secs]
   [Parallel Time: 13.4 ms, GC Workers: 18]
      [GC Worker Start (ms): Min: 5896.5, Avg: 5896.8, Max: 5897.0, Diff: 0.5]
      [Ext Root Scanning (ms): Min: 0.0, Avg: 0.2, Max: 0.4, Diff: 0.4, Sum: 2.8]
      [Update RS (ms): Min: 2.9, Avg: 3.2, Max: 3.4, Diff: 0.5, Sum: 57.3]
         [Processed Buffers: Min: 7, Avg: 8.5, Max: 10, Diff: 3, Sum: 153]
      [Scan RS (ms): Min: 0.0, Avg: 0.0, Max: 0.1, Diff: 0.1, Sum: 0.4]
      [Code Root Scanning (ms): Min: 0.0, Avg: 0.0, Max: 0.0, Diff: 0.0, Sum: 0.0]
      [Object Copy (ms): Min: 8.9, Avg: 9.3, Max: 9.7, Diff: 0.8, Sum: 167.6]
      [Termination (ms): Min: 0.0, Avg: 0.3, Max: 0.5, Diff: 0.5, Sum: 4.6]
         [Termination Attempts: Min: 1, Avg: 1.0, Max: 1, Diff: 0, Sum: 18]
      [GC Worker Other (ms): Min: 0.0, Avg: 0.0, Max: 0.0, Diff: 0.0, Sum: 0.4]
      [GC Worker Total (ms): Min: 12.7, Avg: 12.9, Max: 13.2, Diff: 0.5, Sum: 233.0]
      [GC Worker End (ms): Min: 5909.7, Avg: 5909.7, Max: 5909.7, Diff: 0.0]
   [Code Root Fixup: 0.0 ms]
   [Code Root Purge: 0.0 ms]
   [Clear CT: 0.2 ms]
   [Other: 1.1 ms]
      [Choose CSet: 0.0 ms]
      [Ref Proc: 0.3 ms]
      [Ref Enq: 0.0 ms]
      [Redirty Cards: 0.3 ms]
      [Humongous Register: 0.1 ms]
      [Humongous Reclaim: 0.1 ms]
      [Free CSet: 0.2 ms]
   [Eden: 45.0M(45.0M)->0.0B(283.0M) Survivors: 6144.0K->7168.0K Heap: 562.0M(1024.0M)->498.7M(1024.0M)]
 [Times: user=0.18 sys=0.05, real=0.02 secs] 
5.913: [GC pause (G1 Humongous Allocation) (young) (initial-mark), 0.0043216 secs]
   [Parallel Time: 3.1 ms, GC Workers: 18]
      [GC Worker Start (ms): Min: 5913.9, Avg: 5914.1, Max: 5914.3, Diff: 0.4]
      [Ext Root Scanning (ms): Min: 0.0, Avg: 0.3, Max: 0.4, Diff: 0.4, Sum: 4.5]
      [Update RS (ms): Min: 0.0, Avg: 0.1, Max: 0.6, Diff: 0.6, Sum: 2.3]
         [Processed Buffers: Min: 0, Avg: 1.1, Max: 5, Diff: 5, Sum: 19]
      [Scan RS (ms): Min: 0.0, Avg: 0.0, Max: 0.0, Diff: 0.0, Sum: 0.1]
      [Code Root Scanning (ms): Min: 0.0, Avg: 0.0, Max: 0.0, Diff: 0.0, Sum: 0.0]
      [Object Copy (ms): Min: 1.6, Avg: 1.9, Max: 2.3, Diff: 0.7, Sum: 34.9]
      [Termination (ms): Min: 0.0, Avg: 0.3, Max: 0.7, Diff: 0.7, Sum: 5.7]
         [Termination Attempts: Min: 1, Avg: 1.1, Max: 2, Diff: 1, Sum: 19]
      [GC Worker Other (ms): Min: 0.0, Avg: 0.0, Max: 0.0, Diff: 0.0, Sum: 0.2]
      [GC Worker Total (ms): Min: 2.5, Avg: 2.6, Max: 2.8, Diff: 0.4, Sum: 47.7]
      [GC Worker End (ms): Min: 5916.8, Avg: 5916.8, Max: 5916.8, Diff: 0.0]
   [Code Root Fixup: 0.0 ms]
   [Code Root Purge: 0.0 ms]
   [Clear CT: 0.2 ms]
   [Other: 1.0 ms]
      [Choose CSet: 0.0 ms]
      [Ref Proc: 0.3 ms]
      [Ref Enq: 0.0 ms]
      [Redirty Cards: 0.2 ms]
      [Humongous Register: 0.2 ms]
      [Humongous Reclaim: 0.0 ms]
      [Free CSet: 0.0 ms]
   [Eden: 7168.0K(283.0M)->0.0B(277.0M) Survivors: 7168.0K->9216.0K Heap: 505.5M(1024.0M)->500.0M(1024.0M)]
 [Times: user=0.04 sys=0.00, real=0.00 secs] 
5.918: [GC concurrent-root-region-scan-start]
5.918: [GC concurrent-root-region-scan-end, 0.0001827 secs]
5.918: [GC concurrent-mark-start]
5.921: [GC concurrent-mark-end, 0.0026433 secs]
5.921: [GC remark 5.921: [Finalize Marking, 0.0004774 secs] 5.922: [GC ref-proc, 0.0004342 secs] 5.922: [Unloading, 0.0009729 secs], 0.0026422 secs]
 [Times: user=0.03 sys=0.00, real=0.00 secs] 
5.924: [GC cleanup 509M->507M(1024M), 0.0014675 secs]
 [Times: user=0.01 sys=0.00, real=0.00 secs] 
5.925: [GC concurrent-cleanup-start]
5.925: [GC concurrent-cleanup-end, 0.0000238 secs]
6.030: [GC pause (G1 Evacuation Pause) (young), 0.0343940 secs]
   [Parallel Time: 32.4 ms, GC Workers: 18]
      [GC Worker Start (ms): Min: 6030.7, Avg: 6030.9, Max: 6031.1, Diff: 0.4]
      [Ext Root Scanning (ms): Min: 0.0, Avg: 0.1, Max: 0.3, Diff: 0.3, Sum: 2.6]
      [Update RS (ms): Min: 10.6, Avg: 10.7, Max: 10.9, Diff: 0.3, Sum: 193.3]
         [Processed Buffers: Min: 28, Avg: 31.2, Max: 35, Diff: 7, Sum: 562]
      [Scan RS (ms): Min: 0.0, Avg: 0.1, Max: 0.2, Diff: 0.2, Sum: 1.3]
      [Code Root Scanning (ms): Min: 0.0, Avg: 0.0, Max: 0.0, Diff: 0.0, Sum: 0.0]
      [Object Copy (ms): Min: 20.4, Avg: 20.8, Max: 21.1, Diff: 0.7, Sum: 374.2]
      [Termination (ms): Min: 0.0, Avg: 0.2, Max: 0.4, Diff: 0.4, Sum: 3.8]
         [Termination Attempts: Min: 1, Avg: 1.0, Max: 1, Diff: 0, Sum: 18]
      [GC Worker Other (ms): Min: 0.0, Avg: 0.1, Max: 0.1, Diff: 0.1, Sum: 0.9]
      [GC Worker Total (ms): Min: 31.8, Avg: 32.0, Max: 32.2, Diff: 0.4, Sum: 576.1]
      [GC Worker End (ms): Min: 6062.9, Avg: 6062.9, Max: 6063.0, Diff: 0.1]
   [Code Root Fixup: 0.0 ms]
   [Code Root Purge: 0.0 ms]
   [Clear CT: 0.4 ms]
   [Other: 1.7 ms]
      [Choose CSet: 0.0 ms]
      [Ref Proc: 0.3 ms]
      [Ref Enq: 0.0 ms]
      [Redirty Cards: 0.2 ms]
      [Humongous Register: 0.3 ms]
      [Humongous Reclaim: 0.3 ms]
      [Free CSet: 0.5 ms]
   [Eden: 277.0M(277.0M)->0.0B(15.0M) Survivors: 9216.0K->36.0M Heap: 843.5M(1024.0M)->572.2M(1024.0M)]
 [Times: user=0.56 sys=0.01, real=0.03 secs] 
6.070: [GC pause (G1 Evacuation Pause) (mixed), 0.0227778 secs]
   [Parallel Time: 21.3 ms, GC Workers: 18]
      [GC Worker Start (ms): Min: 6070.4, Avg: 6070.6, Max: 6070.8, Diff: 0.4]
      [Ext Root Scanning (ms): Min: 0.0, Avg: 0.1, Max: 0.3, Diff: 0.3, Sum: 2.3]
      [Update RS (ms): Min: 0.3, Avg: 0.5, Max: 0.6, Diff: 0.2, Sum: 8.1]
         [Processed Buffers: Min: 1, Avg: 2.2, Max: 4, Diff: 3, Sum: 39]
      [Scan RS (ms): Min: 0.0, Avg: 0.1, Max: 0.2, Diff: 0.2, Sum: 1.2]
      [Code Root Scanning (ms): Min: 0.0, Avg: 0.0, Max: 0.0, Diff: 0.0, Sum: 0.0]
      [Object Copy (ms): Min: 16.2, Avg: 16.6, Max: 20.1, Diff: 4.0, Sum: 299.2]
      [Termination (ms): Min: 0.0, Avg: 3.5, Max: 4.0, Diff: 4.0, Sum: 63.1]
         [Termination Attempts: Min: 1, Avg: 1.0, Max: 1, Diff: 0, Sum: 18]
      [GC Worker Other (ms): Min: 0.0, Avg: 0.0, Max: 0.0, Diff: 0.0, Sum: 0.4]
      [GC Worker Total (ms): Min: 20.6, Avg: 20.8, Max: 21.0, Diff: 0.4, Sum: 374.3]
      [GC Worker End (ms): Min: 6091.4, Avg: 6091.4, Max: 6091.4, Diff: 0.0]
   [Code Root Fixup: 0.0 ms]
   [Code Root Purge: 0.0 ms]
   [Clear CT: 0.2 ms]
   [Other: 1.3 ms]
      [Choose CSet: 0.1 ms]
      [Ref Proc: 0.2 ms]
      [Ref Enq: 0.0 ms]
      [Redirty Cards: 0.3 ms]
      [Humongous Register: 0.2 ms]
      [Humongous Reclaim: 0.0 ms]
      [Free CSet: 0.3 ms]
   [Eden: 15.0M(15.0M)->0.0B(46.0M) Survivors: 36.0M->5120.0K Heap: 589.8M(1024.0M)->508.5M(1024.0M)]
 [Times: user=0.29 sys=0.08, real=0.02 secs] 
6.109: [GC pause (G1 Evacuation Pause) (mixed), 0.0121575 secs]
   [Parallel Time: 10.7 ms, GC Workers: 18]
      [GC Worker Start (ms): Min: 6109.5, Avg: 6109.7, Max: 6109.8, Diff: 0.3]
      [Ext Root Scanning (ms): Min: 0.0, Avg: 0.2, Max: 0.4, Diff: 0.3, Sum: 2.9]
      [Update RS (ms): Min: 1.3, Avg: 1.5, Max: 1.6, Diff: 0.4, Sum: 26.5]
         [Processed Buffers: Min: 4, Avg: 4.9, Max: 6, Diff: 2, Sum: 88]
      [Scan RS (ms): Min: 0.0, Avg: 0.0, Max: 0.3, Diff: 0.3, Sum: 0.8]
      [Code Root Scanning (ms): Min: 0.0, Avg: 0.0, Max: 0.1, Diff: 0.1, Sum: 0.1]
      [Object Copy (ms): Min: 8.1, Avg: 8.3, Max: 8.6, Diff: 0.6, Sum: 150.3]
      [Termination (ms): Min: 0.0, Avg: 0.2, Max: 0.5, Diff: 0.5, Sum: 3.8]
         [Termination Attempts: Min: 1, Avg: 1.0, Max: 1, Diff: 0, Sum: 18]
      [GC Worker Other (ms): Min: 0.0, Avg: 0.0, Max: 0.1, Diff: 0.1, Sum: 0.3]
      [GC Worker Total (ms): Min: 10.1, Avg: 10.3, Max: 10.4, Diff: 0.3, Sum: 184.7]
      [GC Worker End (ms): Min: 6119.9, Avg: 6119.9, Max: 6120.0, Diff: 0.0]
   [Code Root Fixup: 0.0 ms]
   [Code Root Purge: 0.0 ms]
   [Clear CT: 0.2 ms]
   [Other: 1.2 ms]
      [Choose CSet: 0.0 ms]
      [Ref Proc: 0.3 ms]
      [Ref Enq: 0.0 ms]
      [Redirty Cards: 0.3 ms]
      [Humongous Register: 0.2 ms]
      [Humongous Reclaim: 0.1 ms]
      [Free CSet: 0.2 ms]
   [Eden: 46.0M(46.0M)->0.0B(274.0M) Survivors: 5120.0K->7168.0K Heap: 563.0M(1024.0M)->504.8M(1024.0M)]
 [Times: user=0.15 sys=0.05, real=0.01 secs] 
6.123: [GC pause (G1 Humongous Allocation) (young) (initial-mark), 0.0037939 secs]
   [Parallel Time: 2.6 ms, GC Workers: 18]
      [GC Worker Start (ms): Min: 6123.5, Avg: 6123.7, Max: 6123.8, Diff: 0.3]
      [Ext Root Scanning (ms): Min: 0.1, Avg: 0.2, Max: 0.4, Diff: 0.3, Sum: 3.2]
      [Update RS (ms): Min: 0.0, Avg: 0.3, Max: 1.0, Diff: 1.0, Sum: 5.0]
         [Processed Buffers: Min: 0, Avg: 1.0, Max: 3, Diff: 3, Sum: 18]
      [Scan RS (ms): Min: 0.0, Avg: 0.0, Max: 0.0, Diff: 0.0, Sum: 0.1]
      [Code Root Scanning (ms): Min: 0.0, Avg: 0.0, Max: 0.0, Diff: 0.0, Sum: 0.0]
      [Object Copy (ms): Min: 0.7, Avg: 1.6, Max: 1.9, Diff: 1.2, Sum: 28.0]
      [Termination (ms): Min: 0.0, Avg: 0.2, Max: 0.5, Diff: 0.5, Sum: 3.6]
         [Termination Attempts: Min: 1, Avg: 1.0, Max: 1, Diff: 0, Sum: 18]
      [GC Worker Other (ms): Min: 0.0, Avg: 0.0, Max: 0.0, Diff: 0.0, Sum: 0.2]
      [GC Worker Total (ms): Min: 2.1, Avg: 2.2, Max: 2.4, Diff: 0.3, Sum: 40.1]
      [GC Worker End (ms): Min: 6125.9, Avg: 6125.9, Max: 6126.0, Diff: 0.0]
   [Code Root Fixup: 0.0 ms]
   [Code Root Purge: 0.0 ms]
   [Clear CT: 0.3 ms]
   [Other: 0.9 ms]
      [Choose CSet: 0.0 ms]
      [Ref Proc: 0.3 ms]
      [Ref Enq: 0.0 ms]
      [Redirty Cards: 0.2 ms]
      [Humongous Register: 0.2 ms]
      [Humongous Reclaim: 0.0 ms]
      [Free CSet: 0.0 ms]
   [Eden: 6144.0K(274.0M)->0.0B(269.0M) Survivors: 7168.0K->9216.0K Heap: 510.3M(1024.0M)->506.2M(1024.0M)]
 [Times: user=0.04 sys=0.00, real=0.00 secs] 
6.127: [GC concurrent-root-region-scan-start]
6.127: [GC concurrent-root-region-scan-end, 0.0001803 secs]
6.127: [GC concurrent-mark-start]
6.130: [GC concurrent-mark-end, 0.0027770 secs]
6.130: [GC remark 6.130: [Finalize Marking, 0.0003705 secs] 6.131: [GC ref-proc, 0.0004093 secs] 6.131: [Unloading, 0.0008846 secs], 0.0024092 secs]
 [Times: user=0.03 sys=0.00, real=0.00 secs] 
6.133: [GC cleanup 517M->514M(1024M), 0.0014667 secs]
 [Times: user=0.01 sys=0.00, real=0.00 secs] 
6.134: [GC concurrent-cleanup-start]
6.134: [GC concurrent-cleanup-end, 0.0000236 secs]
6.244: [GC pause (G1 Evacuation Pause) (young), 0.0358790 secs]
   [Parallel Time: 33.8 ms, GC Workers: 18]
      [GC Worker Start (ms): Min: 6244.2, Avg: 6244.3, Max: 6244.5, Diff: 0.3]
      [Ext Root Scanning (ms): Min: 0.1, Avg: 0.2, Max: 0.4, Diff: 0.3, Sum: 3.5]
      [Update RS (ms): Min: 13.7, Avg: 13.9, Max: 14.1, Diff: 0.4, Sum: 249.6]
         [Processed Buffers: Min: 26, Avg: 31.7, Max: 39, Diff: 13, Sum: 571]
      [Scan RS (ms): Min: 0.0, Avg: 0.1, Max: 0.2, Diff: 0.2, Sum: 1.3]
      [Code Root Scanning (ms): Min: 0.0, Avg: 0.0, Max: 0.0, Diff: 0.0, Sum: 0.0]
      [Object Copy (ms): Min: 18.7, Avg: 19.1, Max: 19.5, Diff: 0.8, Sum: 343.1]
      [Termination (ms): Min: 0.0, Avg: 0.3, Max: 0.6, Diff: 0.6, Sum: 5.4]
         [Termination Attempts: Min: 1, Avg: 1.0, Max: 1, Diff: 0, Sum: 18]
      [GC Worker Other (ms): Min: 0.0, Avg: 0.0, Max: 0.1, Diff: 0.1, Sum: 0.6]
      [GC Worker Total (ms): Min: 33.4, Avg: 33.5, Max: 33.7, Diff: 0.3, Sum: 603.5]
      [GC Worker End (ms): Min: 6277.9, Avg: 6277.9, Max: 6277.9, Diff: 0.1]
   [Code Root Fixup: 0.0 ms]
   [Code Root Purge: 0.0 ms]
   [Clear CT: 0.3 ms]
   [Other: 1.8 ms]
      [Choose CSet: 0.0 ms]
      [Ref Proc: 0.3 ms]
      [Ref Enq: 0.0 ms]
      [Redirty Cards: 0.3 ms]
      [Humongous Register: 0.3 ms]
      [Humongous Reclaim: 0.3 ms]
      [Free CSet: 0.4 ms]
   [Eden: 269.0M(269.0M)->0.0B(16.0M) Survivors: 9216.0K->35.0M Heap: 841.8M(1024.0M)->575.7M(1024.0M)]
 [Times: user=0.59 sys=0.01, real=0.04 secs] 
6.285: [GC pause (G1 Evacuation Pause) (mixed), 0.0183193 secs]
   [Parallel Time: 16.8 ms, GC Workers: 18]
      [GC Worker Start (ms): Min: 6285.4, Avg: 6285.7, Max: 6285.9, Diff: 0.5]
      [Ext Root Scanning (ms): Min: 0.0, Avg: 0.1, Max: 0.3, Diff: 0.3, Sum: 1.8]
      [Update RS (ms): Min: 0.3, Avg: 0.5, Max: 0.6, Diff: 0.2, Sum: 8.1]
         [Processed Buffers: Min: 1, Avg: 2.3, Max: 4, Diff: 3, Sum: 41]
      [Scan RS (ms): Min: 0.0, Avg: 0.1, Max: 0.2, Diff: 0.2, Sum: 1.3]
      [Code Root Scanning (ms): Min: 0.0, Avg: 0.0, Max: 0.0, Diff: 0.0, Sum: 0.0]
      [Object Copy (ms): Min: 15.0, Avg: 15.3, Max: 15.6, Diff: 0.6, Sum: 276.2]
      [Termination (ms): Min: 0.0, Avg: 0.3, Max: 0.6, Diff: 0.6, Sum: 5.1]
         [Termination Attempts: Min: 1, Avg: 1.0, Max: 1, Diff: 0, Sum: 18]
      [GC Worker Other (ms): Min: 0.0, Avg: 0.0, Max: 0.0, Diff: 0.0, Sum: 0.3]
      [GC Worker Total (ms): Min: 16.1, Avg: 16.3, Max: 16.5, Diff: 0.5, Sum: 292.9]
      [GC Worker End (ms): Min: 6301.9, Avg: 6301.9, Max: 6301.9, Diff: 0.0]
   [Code Root Fixup: 0.0 ms]
   [Code Root Purge: 0.0 ms]
   [Clear CT: 0.2 ms]
   [Other: 1.3 ms]
      [Choose CSet: 0.1 ms]
      [Ref Proc: 0.2 ms]
      [Ref Enq: 0.0 ms]
      [Redirty Cards: 0.2 ms]
      [Humongous Register: 0.2 ms]
      [Humongous Reclaim: 0.1 ms]
      [Free CSet: 0.3 ms]
   [Eden: 16.0M(16.0M)->0.0B(45.0M) Survivors: 35.0M->6144.0K Heap: 594.3M(1024.0M)->504.7M(1024.0M)]
 [Times: user=0.19 sys=0.09, real=0.02 secs] 
6.319: [GC pause (G1 Evacuation Pause) (mixed), 0.0139443 secs]
   [Parallel Time: 12.6 ms, GC Workers: 18]
      [GC Worker Start (ms): Min: 6319.3, Avg: 6319.6, Max: 6319.8, Diff: 0.5]
      [Ext Root Scanning (ms): Min: 0.0, Avg: 0.1, Max: 0.3, Diff: 0.3, Sum: 2.6]
      [Update RS (ms): Min: 1.4, Avg: 1.6, Max: 1.8, Diff: 0.4, Sum: 29.6]
         [Processed Buffers: Min: 5, Avg: 5.4, Max: 7, Diff: 2, Sum: 97]
      [Scan RS (ms): Min: 0.0, Avg: 0.0, Max: 0.1, Diff: 0.1, Sum: 0.6]
      [Code Root Scanning (ms): Min: 0.0, Avg: 0.0, Max: 0.0, Diff: 0.0, Sum: 0.0]
      [Object Copy (ms): Min: 9.4, Avg: 9.9, Max: 10.3, Diff: 0.8, Sum: 177.7]
      [Termination (ms): Min: 0.0, Avg: 0.3, Max: 0.7, Diff: 0.7, Sum: 6.2]
         [Termination Attempts: Min: 1, Avg: 1.0, Max: 1, Diff: 0, Sum: 18]
      [GC Worker Other (ms): Min: 0.0, Avg: 0.0, Max: 0.0, Diff: 0.0, Sum: 0.4]
      [GC Worker Total (ms): Min: 11.8, Avg: 12.1, Max: 12.3, Diff: 0.5, Sum: 217.1]
      [GC Worker End (ms): Min: 6331.6, Avg: 6331.6, Max: 6331.6, Diff: 0.0]
   [Code Root Fixup: 0.0 ms]
   [Code Root Purge: 0.0 ms]
   [Clear CT: 0.2 ms]
   [Other: 1.2 ms]
      [Choose CSet: 0.0 ms]
      [Ref Proc: 0.3 ms]
      [Ref Enq: 0.0 ms]
      [Redirty Cards: 0.3 ms]
      [Humongous Register: 0.2 ms]
      [Humongous Reclaim: 0.1 ms]
      [Free CSet: 0.2 ms]
   [Eden: 45.0M(45.0M)->0.0B(277.0M) Survivors: 6144.0K->7168.0K Heap: 559.4M(1024.0M)->497.1M(1024.0M)]
 [Times: user=0.18 sys=0.04, real=0.01 secs] 
6.334: [GC pause (G1 Humongous Allocation) (young) (initial-mark), 0.0033487 secs]
   [Parallel Time: 2.2 ms, GC Workers: 18]
      [GC Worker Start (ms): Min: 6334.5, Avg: 6334.7, Max: 6334.8, Diff: 0.3]
      [Ext Root Scanning (ms): Min: 0.0, Avg: 0.2, Max: 0.3, Diff: 0.3, Sum: 3.4]
      [Update RS (ms): Min: 0.0, Avg: 0.1, Max: 0.5, Diff: 0.5, Sum: 2.6]
         [Processed Buffers: Min: 0, Avg: 1.1, Max: 3, Diff: 3, Sum: 19]
      [Scan RS (ms): Min: 0.0, Avg: 0.0, Max: 0.0, Diff: 0.0, Sum: 0.1]
      [Code Root Scanning (ms): Min: 0.0, Avg: 0.0, Max: 0.0, Diff: 0.0, Sum: 0.0]
      [Object Copy (ms): Min: 0.6, Avg: 1.0, Max: 1.6, Diff: 0.9, Sum: 18.3]
      [Termination (ms): Min: 0.0, Avg: 0.5, Max: 0.8, Diff: 0.8, Sum: 8.5]
         [Termination Attempts: Min: 1, Avg: 1.0, Max: 1, Diff: 0, Sum: 18]
      [GC Worker Other (ms): Min: 0.0, Avg: 0.0, Max: 0.0, Diff: 0.0, Sum: 0.3]
      [GC Worker Total (ms): Min: 1.7, Avg: 1.8, Max: 2.0, Diff: 0.3, Sum: 33.2]
      [GC Worker End (ms): Min: 6336.5, Avg: 6336.5, Max: 6336.5, Diff: 0.0]
   [Code Root Fixup: 0.0 ms]
   [Code Root Purge: 0.0 ms]
   [Clear CT: 0.2 ms]
   [Other: 1.0 ms]
      [Choose CSet: 0.0 ms]
      [Ref Proc: 0.3 ms]
      [Ref Enq: 0.0 ms]
      [Redirty Cards: 0.2 ms]
      [Humongous Register: 0.2 ms]
      [Humongous Reclaim: 0.0 ms]
      [Free CSet: 0.0 ms]
   [Eden: 3072.0K(277.0M)->0.0B(278.0M) Survivors: 7168.0K->7168.0K Heap: 499.1M(1024.0M)->496.1M(1024.0M)]
 [Times: user=0.04 sys=0.00, real=0.00 secs] 
6.338: [GC concurrent-root-region-scan-start]
6.338: [GC concurrent-root-region-scan-end, 0.0001412 secs]
6.338: [GC concurrent-mark-start]
6.340: [GC concurrent-mark-end, 0.0022938 secs]
6.340: [GC remark 6.340: [Finalize Marking, 0.0004085 secs] 6.341: [GC ref-proc, 0.0004058 secs] 6.341: [Unloading, 0.0009332 secs], 0.0024869 secs]
 [Times: user=0.02 sys=0.00, real=0.00 secs] 
6.343: [GC cleanup 504M->501M(1024M), 0.0015176 secs]
 [Times: user=0.02 sys=0.00, real=0.00 secs] 
6.344: [GC concurrent-cleanup-start]
6.344: [GC concurrent-cleanup-end, 0.0000271 secs]
6.465: [GC pause (G1 Evacuation Pause) (young), 0.0380153 secs]
   [Parallel Time: 35.6 ms, GC Workers: 18]
      [GC Worker Start (ms): Min: 6465.2, Avg: 6465.5, Max: 6465.7, Diff: 0.5]
      [Ext Root Scanning (ms): Min: 0.0, Avg: 0.2, Max: 0.5, Diff: 0.5, Sum: 3.8]
      [Update RS (ms): Min: 14.0, Avg: 14.2, Max: 14.4, Diff: 0.4, Sum: 255.5]
         [Processed Buffers: Min: 27, Avg: 33.3, Max: 41, Diff: 14, Sum: 600]
      [Scan RS (ms): Min: 0.0, Avg: 0.1, Max: 0.1, Diff: 0.1, Sum: 1.0]
      [Code Root Scanning (ms): Min: 0.0, Avg: 0.0, Max: 0.0, Diff: 0.0, Sum: 0.0]
      [Object Copy (ms): Min: 20.0, Avg: 20.3, Max: 20.6, Diff: 0.6, Sum: 365.5]
      [Termination (ms): Min: 0.0, Avg: 0.3, Max: 0.4, Diff: 0.4, Sum: 4.8]
         [Termination Attempts: Min: 1, Avg: 1.3, Max: 2, Diff: 1, Sum: 24]
      [GC Worker Other (ms): Min: 0.0, Avg: 0.0, Max: 0.1, Diff: 0.1, Sum: 0.7]
      [GC Worker Total (ms): Min: 34.8, Avg: 35.1, Max: 35.4, Diff: 0.5, Sum: 631.3]
      [GC Worker End (ms): Min: 6500.5, Avg: 6500.6, Max: 6500.6, Diff: 0.1]
   [Code Root Fixup: 0.0 ms]
   [Code Root Purge: 0.0 ms]
   [Clear CT: 0.3 ms]
   [Other: 2.1 ms]
      [Choose CSet: 0.0 ms]
      [Ref Proc: 0.2 ms]
      [Ref Enq: 0.0 ms]
      [Redirty Cards: 0.3 ms]
      [Humongous Register: 0.4 ms]
      [Humongous Reclaim: 0.3 ms]
      [Free CSet: 0.5 ms]
   [Eden: 278.0M(278.0M)->0.0B(15.0M) Survivors: 7168.0K->36.0M Heap: 844.5M(1024.0M)->574.1M(1024.0M)]
 [Times: user=0.45 sys=0.19, real=0.04 secs] 
6.509: [GC pause (G1 Evacuation Pause) (mixed), 0.0191854 secs]
   [Parallel Time: 17.3 ms, GC Workers: 18]
      [GC Worker Start (ms): Min: 6509.5, Avg: 6509.8, Max: 6510.1, Diff: 0.5]
      [Ext Root Scanning (ms): Min: 0.0, Avg: 0.1, Max: 0.4, Diff: 0.4, Sum: 2.5]
      [Update RS (ms): Min: 0.4, Avg: 0.6, Max: 0.9, Diff: 0.5, Sum: 11.4]
         [Processed Buffers: Min: 1, Avg: 2.4, Max: 5, Diff: 4, Sum: 44]
      [Scan RS (ms): Min: 0.0, Avg: 0.1, Max: 0.2, Diff: 0.2, Sum: 1.3]
      [Code Root Scanning (ms): Min: 0.0, Avg: 0.0, Max: 0.0, Diff: 0.0, Sum: 0.0]
      [Object Copy (ms): Min: 15.4, Avg: 15.8, Max: 16.1, Diff: 0.7, Sum: 283.6]
      [Termination (ms): Min: 0.0, Avg: 0.3, Max: 0.6, Diff: 0.6, Sum: 5.7]
         [Termination Attempts: Min: 1, Avg: 1.0, Max: 1, Diff: 0, Sum: 18]
      [GC Worker Other (ms): Min: 0.0, Avg: 0.0, Max: 0.0, Diff: 0.0, Sum: 0.3]
      [GC Worker Total (ms): Min: 16.7, Avg: 16.9, Max: 17.2, Diff: 0.6, Sum: 304.8]
      [GC Worker End (ms): Min: 6526.8, Avg: 6526.8, Max: 6526.8, Diff: 0.0]
   [Code Root Fixup: 0.0 ms]
   [Code Root Purge: 0.0 ms]
   [Clear CT: 0.3 ms]
   [Other: 1.6 ms]
      [Choose CSet: 0.1 ms]
      [Ref Proc: 0.3 ms]
      [Ref Enq: 0.0 ms]
      [Redirty Cards: 0.3 ms]
      [Humongous Register: 0.3 ms]
      [Humongous Reclaim: 0.0 ms]
      [Free CSet: 0.4 ms]
   [Eden: 15.0M(15.0M)->0.0B(48.0M) Survivors: 36.0M->3072.0K Heap: 592.1M(1024.0M)->505.7M(1024.0M)]
 [Times: user=0.23 sys=0.08, real=0.02 secs] 
6.546: [GC pause (G1 Evacuation Pause) (mixed), 0.0123169 secs]
   [Parallel Time: 10.9 ms, GC Workers: 18]
      [GC Worker Start (ms): Min: 6546.6, Avg: 6546.8, Max: 6547.1, Diff: 0.5]
      [Ext Root Scanning (ms): Min: 0.0, Avg: 0.1, Max: 0.4, Diff: 0.4, Sum: 2.6]
      [Update RS (ms): Min: 2.0, Avg: 2.2, Max: 2.4, Diff: 0.5, Sum: 40.3]
         [Processed Buffers: Min: 6, Avg: 6.7, Max: 8, Diff: 2, Sum: 120]
      [Scan RS (ms): Min: 0.0, Avg: 0.1, Max: 0.5, Diff: 0.5, Sum: 1.2]
      [Code Root Scanning (ms): Min: 0.0, Avg: 0.0, Max: 0.0, Diff: 0.0, Sum: 0.0]
      [Object Copy (ms): Min: 7.0, Avg: 7.6, Max: 8.0, Diff: 1.0, Sum: 136.4]
      [Termination (ms): Min: 0.0, Avg: 0.3, Max: 0.6, Diff: 0.6, Sum: 5.4]
         [Termination Attempts: Min: 1, Avg: 1.0, Max: 1, Diff: 0, Sum: 18]
      [GC Worker Other (ms): Min: 0.0, Avg: 0.0, Max: 0.1, Diff: 0.0, Sum: 0.4]
      [GC Worker Total (ms): Min: 10.1, Avg: 10.4, Max: 10.6, Diff: 0.6, Sum: 186.3]
      [GC Worker End (ms): Min: 6557.2, Avg: 6557.2, Max: 6557.2, Diff: 0.0]
   [Code Root Fixup: 0.0 ms]
   [Code Root Purge: 0.0 ms]
   [Clear CT: 0.2 ms]
   [Other: 1.2 ms]
      [Choose CSet: 0.0 ms]
      [Ref Proc: 0.3 ms]
      [Ref Enq: 0.0 ms]
      [Redirty Cards: 0.3 ms]
      [Humongous Register: 0.2 ms]
      [Humongous Reclaim: 0.1 ms]
      [Free CSet: 0.1 ms]
   [Eden: 48.0M(48.0M)->0.0B(261.0M) Survivors: 3072.0K->7168.0K Heap: 566.2M(1024.0M)->511.3M(1024.0M)]
 [Times: user=0.17 sys=0.02, real=0.02 secs] 
6.559: [GC pause (G1 Humongous Allocation) (young) (initial-mark), 0.0037924 secs]
   [Parallel Time: 2.6 ms, GC Workers: 18]
      [GC Worker Start (ms): Min: 6559.5, Avg: 6559.8, Max: 6559.9, Diff: 0.4]
      [Ext Root Scanning (ms): Min: 0.0, Avg: 0.2, Max: 0.4, Diff: 0.4, Sum: 4.3]
      [Update RS (ms): Min: 0.0, Avg: 0.1, Max: 1.0, Diff: 1.0, Sum: 2.6]
         [Processed Buffers: Min: 0, Avg: 0.9, Max: 2, Diff: 2, Sum: 17]
      [Scan RS (ms): Min: 0.0, Avg: 0.0, Max: 0.0, Diff: 0.0, Sum: 0.1]
      [Code Root Scanning (ms): Min: 0.0, Avg: 0.0, Max: 0.0, Diff: 0.0, Sum: 0.0]
      [Object Copy (ms): Min: 0.9, Avg: 1.6, Max: 1.9, Diff: 1.0, Sum: 28.6]
      [Termination (ms): Min: 0.0, Avg: 0.3, Max: 0.5, Diff: 0.5, Sum: 5.2]
         [Termination Attempts: Min: 1, Avg: 1.0, Max: 1, Diff: 0, Sum: 18]
      [GC Worker Other (ms): Min: 0.0, Avg: 0.0, Max: 0.0, Diff: 0.0, Sum: 0.2]
      [GC Worker Total (ms): Min: 2.1, Avg: 2.3, Max: 2.5, Diff: 0.4, Sum: 41.1]
      [GC Worker End (ms): Min: 6562.0, Avg: 6562.0, Max: 6562.1, Diff: 0.0]
   [Code Root Fixup: 0.0 ms]
   [Code Root Purge: 0.0 ms]
   [Clear CT: 0.2 ms]
   [Other: 1.0 ms]
      [Choose CSet: 0.0 ms]
      [Ref Proc: 0.3 ms]
      [Ref Enq: 0.0 ms]
      [Redirty Cards: 0.2 ms]
      [Humongous Register: 0.2 ms]
      [Humongous Reclaim: 0.0 ms]
      [Free CSet: 0.0 ms]
   [Eden: 2048.0K(261.0M)->0.0B(252.0M) Survivors: 7168.0K->8192.0K Heap: 513.1M(1024.0M)->510.2M(1024.0M)]
 [Times: user=0.04 sys=0.00, real=0.00 secs] 
6.563: [GC concurrent-root-region-scan-start]
6.563: [GC concurrent-root-region-scan-end, 0.0001834 secs]
6.563: [GC concurrent-mark-start]
6.566: [GC concurrent-mark-end, 0.0024896 secs]
6.566: [GC remark 6.566: [Finalize Marking, 0.0004557 secs] 6.566: [GC ref-proc, 0.0004064 secs] 6.567: [Unloading, 0.0009383 secs], 0.0026371 secs]
 [Times: user=0.02 sys=0.00, real=0.01 secs] 
6.569: [GC cleanup 520M->518M(1024M), 0.0015587 secs]
 [Times: user=0.01 sys=0.00, real=0.00 secs] 
6.570: [GC concurrent-cleanup-start]
6.570: [GC concurrent-cleanup-end, 0.0000246 secs]
6.667: [GC pause (G1 Evacuation Pause) (young), 0.0346992 secs]
   [Parallel Time: 32.6 ms, GC Workers: 18]
      [GC Worker Start (ms): Min: 6667.1, Avg: 6667.2, Max: 6667.4, Diff: 0.3]
      [Ext Root Scanning (ms): Min: 0.1, Avg: 0.2, Max: 0.3, Diff: 0.3, Sum: 3.6]
      [Update RS (ms): Min: 10.0, Avg: 10.2, Max: 10.3, Diff: 0.3, Sum: 183.4]
         [Processed Buffers: Min: 27, Avg: 29.1, Max: 33, Diff: 6, Sum: 524]
      [Scan RS (ms): Min: 0.0, Avg: 0.1, Max: 0.2, Diff: 0.2, Sum: 1.2]
      [Code Root Scanning (ms): Min: 0.0, Avg: 0.0, Max: 0.0, Diff: 0.0, Sum: 0.0]
      [Object Copy (ms): Min: 21.2, Avg: 21.4, Max: 21.8, Diff: 0.6, Sum: 386.1]
      [Termination (ms): Min: 0.0, Avg: 0.2, Max: 0.5, Diff: 0.5, Sum: 4.3]
         [Termination Attempts: Min: 1, Avg: 1.0, Max: 1, Diff: 0, Sum: 18]
      [GC Worker Other (ms): Min: 0.0, Avg: 0.0, Max: 0.1, Diff: 0.1, Sum: 0.8]
      [GC Worker Total (ms): Min: 32.0, Avg: 32.2, Max: 32.3, Diff: 0.3, Sum: 579.4]
      [GC Worker End (ms): Min: 6699.4, Avg: 6699.4, Max: 6699.4, Diff: 0.1]
   [Code Root Fixup: 0.0 ms]
   [Code Root Purge: 0.0 ms]
   [Clear CT: 0.4 ms]
   [Other: 1.7 ms]
      [Choose CSet: 0.0 ms]
      [Ref Proc: 0.3 ms]
      [Ref Enq: 0.0 ms]
      [Redirty Cards: 0.2 ms]
      [Humongous Register: 0.3 ms]
      [Humongous Reclaim: 0.3 ms]
      [Free CSet: 0.4 ms]
   [Eden: 252.0M(252.0M)->0.0B(18.0M) Survivors: 8192.0K->33.0M Heap: 824.4M(1024.0M)->572.7M(1024.0M)]
 [Times: user=0.54 sys=0.04, real=0.04 secs] 
6.708: [GC pause (G1 Evacuation Pause) (mixed), 0.0187971 secs]
   [Parallel Time: 17.3 ms, GC Workers: 18]
      [GC Worker Start (ms): Min: 6707.9, Avg: 6708.2, Max: 6708.4, Diff: 0.5]
      [Ext Root Scanning (ms): Min: 0.0, Avg: 0.1, Max: 0.3, Diff: 0.3, Sum: 1.3]
      [Update RS (ms): Min: 0.3, Avg: 0.5, Max: 0.8, Diff: 0.5, Sum: 9.9]
         [Processed Buffers: Min: 1, Avg: 2.4, Max: 4, Diff: 3, Sum: 44]
      [Scan RS (ms): Min: 0.0, Avg: 0.1, Max: 0.2, Diff: 0.2, Sum: 1.4]
      [Code Root Scanning (ms): Min: 0.0, Avg: 0.0, Max: 0.0, Diff: 0.0, Sum: 0.0]
      [Object Copy (ms): Min: 15.5, Avg: 15.8, Max: 16.1, Diff: 0.7, Sum: 285.2]
      [Termination (ms): Min: 0.0, Avg: 0.2, Max: 0.5, Diff: 0.5, Sum: 4.0]
         [Termination Attempts: Min: 1, Avg: 1.1, Max: 2, Diff: 1, Sum: 19]
      [GC Worker Other (ms): Min: 0.0, Avg: 0.0, Max: 0.0, Diff: 0.0, Sum: 0.3]
      [GC Worker Total (ms): Min: 16.6, Avg: 16.8, Max: 17.1, Diff: 0.5, Sum: 302.1]
      [GC Worker End (ms): Min: 6725.0, Avg: 6725.0, Max: 6725.0, Diff: 0.0]
   [Code Root Fixup: 0.0 ms]
   [Code Root Purge: 0.0 ms]
   [Clear CT: 0.2 ms]
   [Other: 1.2 ms]
      [Choose CSet: 0.1 ms]
      [Ref Proc: 0.2 ms]
      [Ref Enq: 0.0 ms]
      [Redirty Cards: 0.3 ms]
      [Humongous Register: 0.2 ms]
      [Humongous Reclaim: 0.1 ms]
      [Free CSet: 0.4 ms]
   [Eden: 18.0M(18.0M)->0.0B(47.0M) Survivors: 33.0M->4096.0K Heap: 593.8M(1024.0M)->502.0M(1024.0M)]
 [Times: user=0.24 sys=0.06, real=0.02 secs] 
6.744: [GC pause (G1 Evacuation Pause) (mixed), 0.0129521 secs]
   [Parallel Time: 11.5 ms, GC Workers: 18]
      [GC Worker Start (ms): Min: 6744.4, Avg: 6744.6, Max: 6744.9, Diff: 0.5]
      [Ext Root Scanning (ms): Min: 0.0, Avg: 0.1, Max: 0.4, Diff: 0.4, Sum: 2.4]
      [Update RS (ms): Min: 1.9, Avg: 2.1, Max: 2.4, Diff: 0.5, Sum: 38.3]
         [Processed Buffers: Min: 5, Avg: 6.3, Max: 8, Diff: 3, Sum: 113]
      [Scan RS (ms): Min: 0.0, Avg: 0.0, Max: 0.1, Diff: 0.1, Sum: 0.4]
      [Code Root Scanning (ms): Min: 0.0, Avg: 0.0, Max: 0.0, Diff: 0.0, Sum: 0.0]
      [Object Copy (ms): Min: 7.7, Avg: 8.1, Max: 8.7, Diff: 1.0, Sum: 146.1]
      [Termination (ms): Min: 0.0, Avg: 0.5, Max: 0.9, Diff: 0.9, Sum: 9.4]
         [Termination Attempts: Min: 1, Avg: 1.0, Max: 1, Diff: 0, Sum: 18]
      [GC Worker Other (ms): Min: 0.0, Avg: 0.0, Max: 0.1, Diff: 0.0, Sum: 0.5]
      [GC Worker Total (ms): Min: 10.7, Avg: 11.0, Max: 11.2, Diff: 0.5, Sum: 197.1]
      [GC Worker End (ms): Min: 6755.6, Avg: 6755.6, Max: 6755.6, Diff: 0.0]
   [Code Root Fixup: 0.0 ms]
   [Code Root Purge: 0.0 ms]
   [Clear CT: 0.2 ms]
   [Other: 1.3 ms]
      [Choose CSet: 0.0 ms]
      [Ref Proc: 0.3 ms]
      [Ref Enq: 0.0 ms]
      [Redirty Cards: 0.3 ms]
      [Humongous Register: 0.2 ms]
      [Humongous Reclaim: 0.1 ms]
      [Free CSet: 0.2 ms]
   [Eden: 47.0M(47.0M)->0.0B(266.0M) Survivors: 4096.0K->7168.0K Heap: 560.7M(1024.0M)->500.5M(1024.0M)]
 [Times: user=0.18 sys=0.02, real=0.01 secs] 
6.758: [GC pause (G1 Humongous Allocation) (young) (initial-mark), 0.0037792 secs]
   [Parallel Time: 2.4 ms, GC Workers: 18]
      [GC Worker Start (ms): Min: 6758.0, Avg: 6758.2, Max: 6758.4, Diff: 0.4]
      [Ext Root Scanning (ms): Min: 0.0, Avg: 0.2, Max: 0.4, Diff: 0.4, Sum: 3.8]
      [Update RS (ms): Min: 0.0, Avg: 0.1, Max: 0.7, Diff: 0.7, Sum: 2.4]
         [Processed Buffers: Min: 0, Avg: 0.9, Max: 3, Diff: 3, Sum: 17]
      [Scan RS (ms): Min: 0.0, Avg: 0.0, Max: 0.0, Diff: 0.0, Sum: 0.1]
      [Code Root Scanning (ms): Min: 0.0, Avg: 0.0, Max: 0.0, Diff: 0.0, Sum: 0.0]
      [Object Copy (ms): Min: 1.0, Avg: 1.4, Max: 1.7, Diff: 0.7, Sum: 25.5]
      [Termination (ms): Min: 0.0, Avg: 0.2, Max: 0.4, Diff: 0.4, Sum: 3.5]
         [Termination Attempts: Min: 1, Avg: 1.0, Max: 1, Diff: 0, Sum: 18]
      [GC Worker Other (ms): Min: 0.0, Avg: 0.0, Max: 0.0, Diff: 0.0, Sum: 0.2]
      [GC Worker Total (ms): Min: 1.8, Avg: 2.0, Max: 2.2, Diff: 0.4, Sum: 35.5]
      [GC Worker End (ms): Min: 6760.2, Avg: 6760.2, Max: 6760.2, Diff: 0.0]
   [Code Root Fixup: 0.0 ms]
   [Code Root Purge: 0.0 ms]
   [Clear CT: 0.2 ms]
   [Other: 1.1 ms]
      [Choose CSet: 0.0 ms]
      [Ref Proc: 0.3 ms]
      [Ref Enq: 0.0 ms]
      [Redirty Cards: 0.2 ms]
      [Humongous Register: 0.2 ms]
      [Humongous Reclaim: 0.0 ms]
      [Free CSet: 0.0 ms]
   [Eden: 1024.0K(266.0M)->0.0B(277.0M) Survivors: 7168.0K->7168.0K Heap: 501.4M(1024.0M)->500.5M(1024.0M)]
 [Times: user=0.03 sys=0.00, real=0.01 secs] 
6.762: [GC concurrent-root-region-scan-start]
6.762: [GC concurrent-root-region-scan-end, 0.0001537 secs]
6.762: [GC concurrent-mark-start]
6.764: [GC concurrent-mark-end, 0.0021919 secs]
6.764: [GC remark 6.764: [Finalize Marking, 0.0003366 secs] 6.764: [GC ref-proc, 0.0004099 secs] 6.765: [Unloading, 0.0008361 secs], 0.0023782 secs]
 [Times: user=0.02 sys=0.00, real=0.00 secs] 
6.767: [GC cleanup 508M->505M(1024M), 0.0015944 secs]
 [Times: user=0.02 sys=0.00, real=0.00 secs] 
6.768: [GC concurrent-cleanup-start]
6.768: [GC concurrent-cleanup-end, 0.0000284 secs]
6.879: [GC pause (G1 Evacuation Pause) (young) (to-space exhausted), 0.0330873 secs]
   [Parallel Time: 30.4 ms, GC Workers: 18]
      [GC Worker Start (ms): Min: 6879.5, Avg: 6879.8, Max: 6880.2, Diff: 0.6]
      [Ext Root Scanning (ms): Min: 0.0, Avg: 0.2, Max: 0.5, Diff: 0.5, Sum: 3.7]
      [Update RS (ms): Min: 15.2, Avg: 15.5, Max: 15.7, Diff: 0.5, Sum: 278.3]
         [Processed Buffers: Min: 33, Avg: 38.8, Max: 45, Diff: 12, Sum: 699]
      [Scan RS (ms): Min: 0.0, Avg: 0.1, Max: 0.2, Diff: 0.1, Sum: 1.3]
      [Code Root Scanning (ms): Min: 0.0, Avg: 0.0, Max: 0.0, Diff: 0.0, Sum: 0.0]
      [Object Copy (ms): Min: 13.7, Avg: 14.0, Max: 14.2, Diff: 0.5, Sum: 252.3]
      [Termination (ms): Min: 0.0, Avg: 0.1, Max: 0.1, Diff: 0.1, Sum: 1.3]
         [Termination Attempts: Min: 1, Avg: 1.0, Max: 1, Diff: 0, Sum: 18]
      [GC Worker Other (ms): Min: 0.0, Avg: 0.0, Max: 0.1, Diff: 0.1, Sum: 0.7]
      [GC Worker Total (ms): Min: 29.6, Avg: 29.9, Max: 30.2, Diff: 0.6, Sum: 537.6]
      [GC Worker End (ms): Min: 6909.7, Avg: 6909.7, Max: 6909.7, Diff: 0.1]
   [Code Root Fixup: 0.0 ms]
   [Code Root Purge: 0.0 ms]
   [Clear CT: 0.3 ms]
   [Other: 2.4 ms]
      [Evacuation Failure: 0.6 ms]
      [Choose CSet: 0.0 ms]
      [Ref Proc: 0.3 ms]
      [Ref Enq: 0.0 ms]
      [Redirty Cards: 0.2 ms]
      [Humongous Register: 0.4 ms]
      [Humongous Reclaim: 0.5 ms]
      [Free CSet: 0.3 ms]
   [Eden: 277.0M(277.0M)->0.0B(15.0M) Survivors: 7168.0K->36.0M Heap: 860.1M(1024.0M)->663.4M(1024.0M)]
 [Times: user=0.51 sys=0.04, real=0.03 secs] 
6.917: [GC pause (G1 Evacuation Pause) (mixed), 0.0209547 secs]
   [Parallel Time: 19.0 ms, GC Workers: 18]
      [GC Worker Start (ms): Min: 6917.5, Avg: 6917.8, Max: 6918.0, Diff: 0.4]
      [Ext Root Scanning (ms): Min: 0.0, Avg: 0.2, Max: 0.4, Diff: 0.4, Sum: 2.9]
      [Update RS (ms): Min: 0.3, Avg: 0.4, Max: 0.6, Diff: 0.2, Sum: 7.8]
         [Processed Buffers: Min: 1, Avg: 2.8, Max: 7, Diff: 6, Sum: 51]
      [Scan RS (ms): Min: 0.0, Avg: 0.1, Max: 0.3, Diff: 0.3, Sum: 1.8]
      [Code Root Scanning (ms): Min: 0.0, Avg: 0.0, Max: 0.1, Diff: 0.1, Sum: 0.1]
      [Object Copy (ms): Min: 17.1, Avg: 17.5, Max: 17.8, Diff: 0.7, Sum: 314.3]
      [Termination (ms): Min: 0.0, Avg: 0.3, Max: 0.5, Diff: 0.5, Sum: 5.1]
         [Termination Attempts: Min: 1, Avg: 1.0, Max: 1, Diff: 0, Sum: 18]
      [GC Worker Other (ms): Min: 0.0, Avg: 0.0, Max: 0.0, Diff: 0.0, Sum: 0.3]
      [GC Worker Total (ms): Min: 18.3, Avg: 18.5, Max: 18.7, Diff: 0.4, Sum: 332.4]
      [GC Worker End (ms): Min: 6936.2, Avg: 6936.2, Max: 6936.3, Diff: 0.0]
   [Code Root Fixup: 0.0 ms]
   [Code Root Purge: 0.0 ms]
   [Clear CT: 0.3 ms]
   [Other: 1.7 ms]
      [Choose CSet: 0.1 ms]
      [Ref Proc: 0.3 ms]
      [Ref Enq: 0.0 ms]
      [Redirty Cards: 0.3 ms]
      [Humongous Register: 0.3 ms]
      [Humongous Reclaim: 0.1 ms]
      [Free CSet: 0.5 ms]
   [Eden: 15.0M(15.0M)->0.0B(45.0M) Survivors: 36.0M->6144.0K Heap: 681.1M(1024.0M)->596.0M(1024.0M)]
 [Times: user=0.27 sys=0.05, real=0.02 secs] 
6.955: [GC pause (G1 Evacuation Pause) (mixed), 0.0125553 secs]
   [Parallel Time: 11.0 ms, GC Workers: 18]
      [GC Worker Start (ms): Min: 6955.5, Avg: 6955.7, Max: 6955.9, Diff: 0.4]
      [Ext Root Scanning (ms): Min: 0.0, Avg: 0.2, Max: 0.4, Diff: 0.4, Sum: 2.8]
      [Update RS (ms): Min: 1.6, Avg: 1.7, Max: 1.9, Diff: 0.3, Sum: 30.3]
         [Processed Buffers: Min: 4, Avg: 5.3, Max: 7, Diff: 3, Sum: 95]
      [Scan RS (ms): Min: 0.0, Avg: 0.0, Max: 0.1, Diff: 0.1, Sum: 0.5]
      [Code Root Scanning (ms): Min: 0.0, Avg: 0.0, Max: 0.0, Diff: 0.0, Sum: 0.0]
      [Object Copy (ms): Min: 8.2, Avg: 8.5, Max: 8.7, Diff: 0.5, Sum: 152.5]
      [Termination (ms): Min: 0.0, Avg: 0.2, Max: 0.5, Diff: 0.5, Sum: 3.8]
         [Termination Attempts: Min: 1, Avg: 1.0, Max: 1, Diff: 0, Sum: 18]
      [GC Worker Other (ms): Min: 0.0, Avg: 0.0, Max: 0.0, Diff: 0.0, Sum: 0.3]
      [GC Worker Total (ms): Min: 10.4, Avg: 10.6, Max: 10.8, Diff: 0.4, Sum: 190.2]
      [GC Worker End (ms): Min: 6966.2, Avg: 6966.3, Max: 6966.3, Diff: 0.0]
   [Code Root Fixup: 0.0 ms]
   [Code Root Purge: 0.0 ms]
   [Clear CT: 0.2 ms]
   [Other: 1.3 ms]
      [Choose CSet: 0.0 ms]
      [Ref Proc: 0.3 ms]
      [Ref Enq: 0.0 ms]
      [Redirty Cards: 0.3 ms]
      [Humongous Register: 0.1 ms]
      [Humongous Reclaim: 0.2 ms]
      [Free CSet: 0.2 ms]
   [Eden: 45.0M(45.0M)->0.0B(210.0M) Survivors: 6144.0K->7168.0K Heap: 650.4M(1024.0M)->594.0M(1024.0M)]
 [Times: user=0.17 sys=0.01, real=0.01 secs] 
6.969: [GC pause (G1 Humongous Allocation) (young) (initial-mark), 0.0038941 secs]
   [Parallel Time: 2.6 ms, GC Workers: 18]
      [GC Worker Start (ms): Min: 6969.2, Avg: 6969.3, Max: 6969.5, Diff: 0.3]
      [Ext Root Scanning (ms): Min: 0.0, Avg: 0.2, Max: 0.3, Diff: 0.3, Sum: 3.2]
      [Update RS (ms): Min: 0.0, Avg: 0.3, Max: 0.9, Diff: 0.9, Sum: 4.6]
         [Processed Buffers: Min: 0, Avg: 1.1, Max: 2, Diff: 2, Sum: 19]
      [Scan RS (ms): Min: 0.0, Avg: 0.0, Max: 0.0, Diff: 0.0, Sum: 0.1]
      [Code Root Scanning (ms): Min: 0.0, Avg: 0.0, Max: 0.0, Diff: 0.0, Sum: 0.0]
      [Object Copy (ms): Min: 0.6, Avg: 1.5, Max: 2.0, Diff: 1.4, Sum: 27.2]
      [Termination (ms): Min: 0.0, Avg: 0.3, Max: 0.5, Diff: 0.5, Sum: 5.0]
         [Termination Attempts: Min: 1, Avg: 1.2, Max: 2, Diff: 1, Sum: 21]
      [GC Worker Other (ms): Min: 0.0, Avg: 0.0, Max: 0.1, Diff: 0.0, Sum: 0.4]
      [GC Worker Total (ms): Min: 2.1, Avg: 2.3, Max: 2.4, Diff: 0.3, Sum: 40.6]
      [GC Worker End (ms): Min: 6971.6, Avg: 6971.6, Max: 6971.6, Diff: 0.0]
   [Code Root Fixup: 0.0 ms]
   [Code Root Purge: 0.0 ms]
   [Clear CT: 0.2 ms]
   [Other: 1.1 ms]
      [Choose CSet: 0.0 ms]
      [Ref Proc: 0.4 ms]
      [Ref Enq: 0.0 ms]
      [Redirty Cards: 0.2 ms]
      [Humongous Register: 0.2 ms]
      [Humongous Reclaim: 0.0 ms]
      [Free CSet: 0.0 ms]
   [Eden: 3072.0K(210.0M)->0.0B(196.0M) Survivors: 7168.0K->8192.0K Heap: 596.3M(1024.0M)->594.9M(1024.0M)]
 [Times: user=0.04 sys=0.00, real=0.00 secs] 
6.973: [GC concurrent-root-region-scan-start]
6.973: [GC concurrent-root-region-scan-end, 0.0001756 secs]
6.973: [GC concurrent-mark-start]
6.975: [GC concurrent-mark-end, 0.0018712 secs]
6.975: [GC remark 6.975: [Finalize Marking, 0.0004342 secs] 6.975: [GC ref-proc, 0.0004103 secs] 6.976: [Unloading, 0.0009247 secs], 0.0025829 secs]
 [Times: user=0.02 sys=0.00, real=0.00 secs] 
6.978: [GC cleanup 603M->590M(1024M), 0.0014393 secs]
 [Times: user=0.01 sys=0.00, real=0.01 secs] 
6.979: [GC concurrent-cleanup-start]
6.979: [GC concurrent-cleanup-end, 0.0000475 secs]
7.054: [GC pause (G1 Evacuation Pause) (young), 0.0338518 secs]
   [Parallel Time: 31.7 ms, GC Workers: 18]
      [GC Worker Start (ms): Min: 7054.4, Avg: 7054.6, Max: 7054.8, Diff: 0.4]
      [Ext Root Scanning (ms): Min: 0.0, Avg: 0.1, Max: 0.4, Diff: 0.4, Sum: 2.5]
      [Update RS (ms): Min: 8.6, Avg: 8.8, Max: 9.0, Diff: 0.4, Sum: 158.7]
         [Processed Buffers: Min: 23, Avg: 25.7, Max: 29, Diff: 6, Sum: 462]
      [Scan RS (ms): Min: 0.0, Avg: 0.1, Max: 0.2, Diff: 0.2, Sum: 1.2]
      [Code Root Scanning (ms): Min: 0.0, Avg: 0.0, Max: 0.0, Diff: 0.0, Sum: 0.0]
      [Object Copy (ms): Min: 18.8, Avg: 19.5, Max: 22.4, Diff: 3.6, Sum: 350.2]
      [Termination (ms): Min: 0.0, Avg: 2.8, Max: 3.4, Diff: 3.4, Sum: 51.1]
         [Termination Attempts: Min: 1, Avg: 1.0, Max: 1, Diff: 0, Sum: 18]
      [GC Worker Other (ms): Min: 0.0, Avg: 0.0, Max: 0.1, Diff: 0.0, Sum: 0.5]
      [GC Worker Total (ms): Min: 31.1, Avg: 31.3, Max: 31.6, Diff: 0.4, Sum: 564.2]
      [GC Worker End (ms): Min: 7086.0, Avg: 7086.0, Max: 7086.0, Diff: 0.0]
   [Code Root Fixup: 0.0 ms]
   [Code Root Purge: 0.0 ms]
   [Clear CT: 0.3 ms]
   [Other: 1.8 ms]
      [Choose CSet: 0.0 ms]
      [Ref Proc: 0.3 ms]
      [Ref Enq: 0.0 ms]
      [Redirty Cards: 0.3 ms]
      [Humongous Register: 0.3 ms]
      [Humongous Reclaim: 0.3 ms]
      [Free CSet: 0.4 ms]
   [Eden: 196.0M(196.0M)->0.0B(25.0M) Survivors: 8192.0K->26.0M Heap: 834.3M(1024.0M)->647.0M(1024.0M)]
 [Times: user=0.49 sys=0.06, real=0.03 secs] 
7.102: [GC pause (G1 Evacuation Pause) (mixed), 0.0142088 secs]
   [Parallel Time: 12.3 ms, GC Workers: 18]
      [GC Worker Start (ms): Min: 7102.7, Avg: 7102.9, Max: 7103.1, Diff: 0.5]
      [Ext Root Scanning (ms): Min: 0.0, Avg: 0.1, Max: 0.3, Diff: 0.3, Sum: 1.8]
      [Update RS (ms): Min: 0.5, Avg: 0.7, Max: 0.8, Diff: 0.4, Sum: 11.9]
         [Processed Buffers: Min: 2, Avg: 2.7, Max: 4, Diff: 2, Sum: 48]
      [Scan RS (ms): Min: 0.0, Avg: 0.0, Max: 0.1, Diff: 0.1, Sum: 0.7]
      [Code Root Scanning (ms): Min: 0.0, Avg: 0.0, Max: 0.0, Diff: 0.0, Sum: 0.0]
      [Object Copy (ms): Min: 10.3, Avg: 10.6, Max: 11.0, Diff: 0.8, Sum: 190.1]
      [Termination (ms): Min: 0.0, Avg: 0.4, Max: 0.6, Diff: 0.6, Sum: 6.5]
         [Termination Attempts: Min: 1, Avg: 1.0, Max: 1, Diff: 0, Sum: 18]
      [GC Worker Other (ms): Min: 0.0, Avg: 0.0, Max: 0.0, Diff: 0.0, Sum: 0.3]
      [GC Worker Total (ms): Min: 11.5, Avg: 11.7, Max: 12.0, Diff: 0.5, Sum: 211.3]
      [GC Worker End (ms): Min: 7114.7, Avg: 7114.7, Max: 7114.7, Diff: 0.0]
   [Code Root Fixup: 0.0 ms]
   [Code Root Purge: 0.0 ms]
   [Clear CT: 0.2 ms]
   [Other: 1.7 ms]
      [Choose CSet: 0.1 ms]
      [Ref Proc: 0.3 ms]
      [Ref Enq: 0.0 ms]
      [Redirty Cards: 0.3 ms]
      [Humongous Register: 0.3 ms]
      [Humongous Reclaim: 0.1 ms]
      [Free CSet: 0.4 ms]
   [Eden: 25.0M(25.0M)->0.0B(44.0M) Survivors: 26.0M->7168.0K Heap: 675.7M(1024.0M)->559.1M(1024.0M)]
 [Times: user=0.19 sys=0.03, real=0.01 secs] 
7.136: [GC pause (G1 Evacuation Pause) (mixed), 0.0209551 secs]
   [Parallel Time: 19.2 ms, GC Workers: 18]
      [GC Worker Start (ms): Min: 7136.3, Avg: 7136.5, Max: 7136.6, Diff: 0.4]
      [Ext Root Scanning (ms): Min: 0.0, Avg: 0.2, Max: 0.4, Diff: 0.4, Sum: 2.9]
      [Update RS (ms): Min: 1.6, Avg: 1.8, Max: 1.9, Diff: 0.3, Sum: 32.4]
         [Processed Buffers: Min: 5, Avg: 5.9, Max: 7, Diff: 2, Sum: 107]
      [Scan RS (ms): Min: 0.0, Avg: 0.1, Max: 0.2, Diff: 0.2, Sum: 1.1]
      [Code Root Scanning (ms): Min: 0.0, Avg: 0.0, Max: 0.0, Diff: 0.0, Sum: 0.0]
      [Object Copy (ms): Min: 16.1, Avg: 16.4, Max: 16.6, Diff: 0.6, Sum: 294.3]
      [Termination (ms): Min: 0.0, Avg: 0.3, Max: 0.6, Diff: 0.6, Sum: 5.4]
         [Termination Attempts: Min: 1, Avg: 1.0, Max: 1, Diff: 0, Sum: 18]
      [GC Worker Other (ms): Min: 0.0, Avg: 0.0, Max: 0.1, Diff: 0.1, Sum: 0.4]
      [GC Worker Total (ms): Min: 18.5, Avg: 18.7, Max: 18.9, Diff: 0.4, Sum: 336.6]
      [GC Worker End (ms): Min: 7155.2, Avg: 7155.2, Max: 7155.2, Diff: 0.0]
   [Code Root Fixup: 0.0 ms]
   [Code Root Purge: 0.0 ms]
   [Clear CT: 0.3 ms]
   [Other: 1.5 ms]
      [Choose CSet: 0.1 ms]
      [Ref Proc: 0.2 ms]
      [Ref Enq: 0.0 ms]
      [Redirty Cards: 0.3 ms]
      [Humongous Register: 0.3 ms]
      [Humongous Reclaim: 0.1 ms]
      [Free CSet: 0.4 ms]
   [Eden: 44.0M(44.0M)->0.0B(44.0M) Survivors: 7168.0K->7168.0K Heap: 614.2M(1024.0M)->512.6M(1024.0M)]
 [Times: user=0.28 sys=0.06, real=0.02 secs] 
7.173: [GC pause (G1 Evacuation Pause) (mixed), 0.0132910 secs]
   [Parallel Time: 11.7 ms, GC Workers: 18]
      [GC Worker Start (ms): Min: 7173.9, Avg: 7174.1, Max: 7174.3, Diff: 0.4]
      [Ext Root Scanning (ms): Min: 0.0, Avg: 0.1, Max: 0.4, Diff: 0.4, Sum: 2.6]
      [Update RS (ms): Min: 1.7, Avg: 1.9, Max: 2.1, Diff: 0.4, Sum: 35.0]
         [Processed Buffers: Min: 5, Avg: 6.2, Max: 7, Diff: 2, Sum: 111]
      [Scan RS (ms): Min: 0.0, Avg: 0.0, Max: 0.1, Diff: 0.1, Sum: 0.5]
      [Code Root Scanning (ms): Min: 0.0, Avg: 0.0, Max: 0.0, Diff: 0.0, Sum: 0.0]
      [Object Copy (ms): Min: 8.6, Avg: 8.9, Max: 9.2, Diff: 0.6, Sum: 159.8]
      [Termination (ms): Min: 0.0, Avg: 0.2, Max: 0.4, Diff: 0.4, Sum: 4.1]
         [Termination Attempts: Min: 1, Avg: 1.0, Max: 1, Diff: 0, Sum: 18]
      [GC Worker Other (ms): Min: 0.0, Avg: 0.0, Max: 0.0, Diff: 0.0, Sum: 0.4]
      [GC Worker Total (ms): Min: 11.0, Avg: 11.3, Max: 11.5, Diff: 0.5, Sum: 202.5]
      [GC Worker End (ms): Min: 7185.4, Avg: 7185.4, Max: 7185.4, Diff: 0.0]
   [Code Root Fixup: 0.0 ms]
   [Code Root Purge: 0.0 ms]
   [Clear CT: 0.2 ms]
   [Other: 1.3 ms]
      [Choose CSet: 0.0 ms]
      [Ref Proc: 0.3 ms]
      [Ref Enq: 0.0 ms]
      [Redirty Cards: 0.3 ms]
      [Humongous Register: 0.3 ms]
      [Humongous Reclaim: 0.1 ms]
      [Free CSet: 0.2 ms]
   [Eden: 44.0M(44.0M)->0.0B(251.0M) Survivors: 7168.0K->7168.0K Heap: 568.1M(1024.0M)->515.2M(1024.0M)]
 [Times: user=0.19 sys=0.00, real=0.01 secs] 
7.188: [GC pause (G1 Humongous Allocation) (young) (initial-mark), 0.0036940 secs]
   [Parallel Time: 2.4 ms, GC Workers: 18]
      [GC Worker Start (ms): Min: 7188.4, Avg: 7188.5, Max: 7188.6, Diff: 0.2]
      [Ext Root Scanning (ms): Min: 0.1, Avg: 0.2, Max: 0.3, Diff: 0.2, Sum: 3.7]
      [Update RS (ms): Min: 0.0, Avg: 0.2, Max: 0.3, Diff: 0.3, Sum: 2.7]
         [Processed Buffers: Min: 1, Avg: 1.1, Max: 2, Diff: 1, Sum: 20]
      [Scan RS (ms): Min: 0.0, Avg: 0.0, Max: 0.0, Diff: 0.0, Sum: 0.1]
      [Code Root Scanning (ms): Min: 0.0, Avg: 0.0, Max: 0.0, Diff: 0.0, Sum: 0.0]
      [Object Copy (ms): Min: 0.9, Avg: 1.4, Max: 1.8, Diff: 0.9, Sum: 25.0]
      [Termination (ms): Min: 0.0, Avg: 0.4, Max: 0.8, Diff: 0.8, Sum: 6.8]
         [Termination Attempts: Min: 1, Avg: 1.0, Max: 1, Diff: 0, Sum: 18]
      [GC Worker Other (ms): Min: 0.0, Avg: 0.0, Max: 0.0, Diff: 0.0, Sum: 0.2]
      [GC Worker Total (ms): Min: 2.0, Avg: 2.1, Max: 2.3, Diff: 0.2, Sum: 38.6]
      [GC Worker End (ms): Min: 7190.6, Avg: 7190.7, Max: 7190.7, Diff: 0.0]
   [Code Root Fixup: 0.0 ms]
   [Code Root Purge: 0.0 ms]
   [Clear CT: 0.3 ms]
   [Other: 1.0 ms]
      [Choose CSet: 0.0 ms]
      [Ref Proc: 0.3 ms]
      [Ref Enq: 0.0 ms]
      [Redirty Cards: 0.2 ms]
      [Humongous Register: 0.2 ms]
      [Humongous Reclaim: 0.0 ms]
      [Free CSet: 0.0 ms]
   [Eden: 3072.0K(251.0M)->0.0B(259.0M) Survivors: 7168.0K->8192.0K Heap: 518.0M(1024.0M)->515.8M(1024.0M)]
 [Times: user=0.04 sys=0.01, real=0.01 secs] 
7.192: [GC concurrent-root-region-scan-start]
7.192: [GC concurrent-root-region-scan-end, 0.0001757 secs]
7.192: [GC concurrent-mark-start]
7.194: [GC concurrent-mark-end, 0.0018137 secs]
7.194: [GC remark 7.194: [Finalize Marking, 0.0002540 secs] 7.194: [GC ref-proc, 0.0004156 secs] 7.195: [Unloading, 0.0009460 secs], 0.0024229 secs]
 [Times: user=0.02 sys=0.00, real=0.00 secs] 
7.197: [GC cleanup 523M->518M(1024M), 0.0014234 secs]
 [Times: user=0.01 sys=0.00, real=0.00 secs] 
7.198: [GC concurrent-cleanup-start]
7.198: [GC concurrent-cleanup-end, 0.0000275 secs]
7.328: [GC pause (G1 Evacuation Pause) (young) (to-space exhausted), 0.0348894 secs]
   [Parallel Time: 32.6 ms, GC Workers: 18]
      [GC Worker Start (ms): Min: 7328.9, Avg: 7329.1, Max: 7329.2, Diff: 0.3]
      [Ext Root Scanning (ms): Min: 0.0, Avg: 0.2, Max: 0.3, Diff: 0.3, Sum: 3.4]
      [Update RS (ms): Min: 11.5, Avg: 11.6, Max: 11.8, Diff: 0.3, Sum: 209.4]
         [Processed Buffers: Min: 32, Avg: 33.6, Max: 37, Diff: 5, Sum: 605]
      [Scan RS (ms): Min: 0.0, Avg: 0.1, Max: 0.1, Diff: 0.1, Sum: 1.0]
      [Code Root Scanning (ms): Min: 0.0, Avg: 0.0, Max: 0.0, Diff: 0.0, Sum: 0.0]
      [Object Copy (ms): Min: 19.8, Avg: 20.1, Max: 20.4, Diff: 0.6, Sum: 361.7]
      [Termination (ms): Min: 0.0, Avg: 0.3, Max: 0.4, Diff: 0.4, Sum: 4.6]
         [Termination Attempts: Min: 1, Avg: 1.0, Max: 1, Diff: 0, Sum: 18]
      [GC Worker Other (ms): Min: 0.0, Avg: 0.0, Max: 0.1, Diff: 0.1, Sum: 0.7]
      [GC Worker Total (ms): Min: 32.1, Avg: 32.3, Max: 32.4, Diff: 0.3, Sum: 580.8]
      [GC Worker End (ms): Min: 7361.3, Avg: 7361.3, Max: 7361.4, Diff: 0.1]
   [Code Root Fixup: 0.0 ms]
   [Code Root Purge: 0.0 ms]
   [Clear CT: 0.3 ms]
   [Other: 2.0 ms]
      [Evacuation Failure: 0.3 ms]
      [Choose CSet: 0.0 ms]
      [Ref Proc: 0.2 ms]
      [Ref Enq: 0.0 ms]
      [Redirty Cards: 0.2 ms]
      [Humongous Register: 0.3 ms]
      [Humongous Reclaim: 0.4 ms]
      [Free CSet: 0.4 ms]
   [Eden: 259.0M(259.0M)->0.0B(17.0M) Survivors: 8192.0K->34.0M Heap: 843.8M(1024.0M)->598.7M(1024.0M)]
 [Times: user=0.57 sys=0.01, real=0.03 secs] 
7.369: [GC pause (G1 Evacuation Pause) (mixed), 0.0205248 secs]
   [Parallel Time: 17.3 ms, GC Workers: 18]
      [GC Worker Start (ms): Min: 7369.9, Avg: 7370.3, Max: 7370.5, Diff: 0.6]
      [Ext Root Scanning (ms): Min: 0.0, Avg: 0.1, Max: 0.4, Diff: 0.4, Sum: 2.5]
      [Update RS (ms): Min: 0.4, Avg: 0.6, Max: 0.9, Diff: 0.5, Sum: 11.0]
         [Processed Buffers: Min: 1, Avg: 3.0, Max: 5, Diff: 4, Sum: 54]
      [Scan RS (ms): Min: 0.0, Avg: 0.1, Max: 0.2, Diff: 0.2, Sum: 1.5]
      [Code Root Scanning (ms): Min: 0.0, Avg: 0.0, Max: 0.0, Diff: 0.0, Sum: 0.0]
      [Object Copy (ms): Min: 14.5, Avg: 14.8, Max: 15.7, Diff: 1.1, Sum: 266.9]
      [Termination (ms): Min: 0.0, Avg: 1.0, Max: 1.2, Diff: 1.2, Sum: 17.8]
         [Termination Attempts: Min: 1, Avg: 1.0, Max: 1, Diff: 0, Sum: 18]
      [GC Worker Other (ms): Min: 0.0, Avg: 0.0, Max: 0.1, Diff: 0.0, Sum: 0.7]
      [GC Worker Total (ms): Min: 16.4, Avg: 16.7, Max: 17.0, Diff: 0.6, Sum: 300.5]
      [GC Worker End (ms): Min: 7386.9, Avg: 7386.9, Max: 7387.0, Diff: 0.0]
   [Code Root Fixup: 0.0 ms]
   [Code Root Purge: 0.0 ms]
   [Clear CT: 0.7 ms]
   [Other: 2.5 ms]
      [Choose CSet: 0.1 ms]
      [Ref Proc: 0.3 ms]
      [Ref Enq: 0.0 ms]
      [Redirty Cards: 0.2 ms]
      [Humongous Register: 0.3 ms]
      [Humongous Reclaim: 0.4 ms]
      [Free CSet: 0.7 ms]
   [Eden: 17.0M(17.0M)->0.0B(46.0M) Survivors: 34.0M->5120.0K Heap: 619.0M(1024.0M)->527.0M(1024.0M)]
 [Times: user=0.26 sys=0.05, real=0.02 secs] 
7.407: [GC pause (G1 Evacuation Pause) (mixed), 0.0138081 secs]
   [Parallel Time: 12.2 ms, GC Workers: 18]
      [GC Worker Start (ms): Min: 7407.1, Avg: 7407.4, Max: 7407.5, Diff: 0.4]
      [Ext Root Scanning (ms): Min: 0.2, Avg: 0.4, Max: 0.6, Diff: 0.4, Sum: 6.7]
      [Update RS (ms): Min: 2.4, Avg: 2.6, Max: 2.7, Diff: 0.3, Sum: 46.9]
         [Processed Buffers: Min: 7, Avg: 8.1, Max: 10, Diff: 3, Sum: 146]
      [Scan RS (ms): Min: 0.0, Avg: 0.0, Max: 0.2, Diff: 0.2, Sum: 0.8]
      [Code Root Scanning (ms): Min: 0.0, Avg: 0.0, Max: 0.0, Diff: 0.0, Sum: 0.0]
      [Object Copy (ms): Min: 8.2, Avg: 8.5, Max: 8.7, Diff: 0.5, Sum: 152.9]
      [Termination (ms): Min: 0.0, Avg: 0.2, Max: 0.4, Diff: 0.4, Sum: 3.9]
         [Termination Attempts: Min: 1, Avg: 1.3, Max: 4, Diff: 3, Sum: 24]
      [GC Worker Other (ms): Min: 0.0, Avg: 0.0, Max: 0.1, Diff: 0.1, Sum: 0.6]
      [GC Worker Total (ms): Min: 11.6, Avg: 11.8, Max: 12.0, Diff: 0.4, Sum: 211.9]
      [GC Worker End (ms): Min: 7419.1, Avg: 7419.2, Max: 7419.2, Diff: 0.0]
   [Code Root Fixup: 0.0 ms]
   [Code Root Purge: 0.0 ms]
   [Clear CT: 0.2 ms]
   [Other: 1.4 ms]
      [Choose CSet: 0.0 ms]
      [Ref Proc: 0.3 ms]
      [Ref Enq: 0.0 ms]
      [Redirty Cards: 0.3 ms]
      [Humongous Register: 0.2 ms]
      [Humongous Reclaim: 0.1 ms]
      [Free CSet: 0.3 ms]
   [Eden: 46.0M(46.0M)->0.0B(239.0M) Survivors: 5120.0K->7168.0K Heap: 588.9M(1024.0M)->531.3M(1024.0M)]
 [Times: user=0.21 sys=0.00, real=0.02 secs] 
7.422: [GC pause (G1 Humongous Allocation) (young) (initial-mark), 0.0038932 secs]
   [Parallel Time: 2.5 ms, GC Workers: 18]
      [GC Worker Start (ms): Min: 7422.6, Avg: 7422.9, Max: 7423.0, Diff: 0.4]
      [Ext Root Scanning (ms): Min: 0.0, Avg: 0.2, Max: 0.4, Diff: 0.4, Sum: 2.7]
      [Update RS (ms): Min: 0.0, Avg: 0.3, Max: 0.9, Diff: 0.9, Sum: 4.5]
         [Processed Buffers: Min: 0, Avg: 0.9, Max: 2, Diff: 2, Sum: 17]
      [Scan RS (ms): Min: 0.0, Avg: 0.0, Max: 0.0, Diff: 0.0, Sum: 0.1]
      [Code Root Scanning (ms): Min: 0.0, Avg: 0.0, Max: 0.0, Diff: 0.0, Sum: 0.0]
      [Object Copy (ms): Min: 0.2, Avg: 1.2, Max: 1.8, Diff: 1.6, Sum: 20.9]
      [Termination (ms): Min: 0.0, Avg: 0.5, Max: 0.8, Diff: 0.8, Sum: 8.6]
         [Termination Attempts: Min: 1, Avg: 1.0, Max: 1, Diff: 0, Sum: 18]
      [GC Worker Other (ms): Min: 0.0, Avg: 0.0, Max: 0.0, Diff: 0.0, Sum: 0.3]
      [GC Worker Total (ms): Min: 1.9, Avg: 2.1, Max: 2.3, Diff: 0.4, Sum: 37.2]
      [GC Worker End (ms): Min: 7424.9, Avg: 7424.9, Max: 7424.9, Diff: 0.0]
   [Code Root Fixup: 0.0 ms]
   [Code Root Purge: 0.0 ms]
   [Clear CT: 0.2 ms]
   [Other: 1.2 ms]
      [Choose CSet: 0.0 ms]
      [Ref Proc: 0.2 ms]
      [Ref Enq: 0.0 ms]
      [Redirty Cards: 0.2 ms]
      [Humongous Register: 0.3 ms]
      [Humongous Reclaim: 0.0 ms]
      [Free CSet: 0.0 ms]
   [Eden: 3072.0K(239.0M)->0.0B(244.0M) Survivors: 7168.0K->7168.0K Heap: 533.6M(1024.0M)->531.3M(1024.0M)]
 [Times: user=0.04 sys=0.00, real=0.00 secs] 
7.426: [GC concurrent-root-region-scan-start]
7.426: [GC concurrent-root-region-scan-end, 0.0002088 secs]
7.426: [GC concurrent-mark-start]
7.429: [GC concurrent-mark-end, 0.0024387 secs]
7.429: [GC remark 7.429: [Finalize Marking, 0.0003547 secs] 7.429: [GC ref-proc, 0.0004165 secs] 7.430: [Unloading, 0.0011868 secs], 0.0029329 secs]
 [Times: user=0.02 sys=0.00, real=0.00 secs] 
7.432: [GC cleanup 542M->537M(1024M), 0.0014575 secs]
 [Times: user=0.01 sys=0.00, real=0.00 secs] 
7.433: [GC concurrent-cleanup-start]
7.433: [GC concurrent-cleanup-end, 0.0000421 secs]
7.530: [GC pause (G1 Evacuation Pause) (young), 0.0343161 secs]
   [Parallel Time: 31.9 ms, GC Workers: 18]
      [GC Worker Start (ms): Min: 7530.7, Avg: 7530.9, Max: 7531.1, Diff: 0.4]
      [Ext Root Scanning (ms): Min: 0.0, Avg: 0.2, Max: 0.4, Diff: 0.3, Sum: 3.1]
      [Update RS (ms): Min: 10.2, Avg: 10.3, Max: 10.4, Diff: 0.3, Sum: 185.8]
         [Processed Buffers: Min: 28, Avg: 29.9, Max: 33, Diff: 5, Sum: 538]
      [Scan RS (ms): Min: 0.0, Avg: 0.1, Max: 0.2, Diff: 0.1, Sum: 1.1]
      [Code Root Scanning (ms): Min: 0.0, Avg: 0.0, Max: 0.0, Diff: 0.0, Sum: 0.0]
      [Object Copy (ms): Min: 20.6, Avg: 20.8, Max: 21.0, Diff: 0.4, Sum: 373.8]
      [Termination (ms): Min: 0.0, Avg: 0.1, Max: 0.3, Diff: 0.3, Sum: 2.6]
         [Termination Attempts: Min: 1, Avg: 1.0, Max: 1, Diff: 0, Sum: 18]
      [GC Worker Other (ms): Min: 0.0, Avg: 0.1, Max: 0.1, Diff: 0.1, Sum: 1.0]
      [GC Worker Total (ms): Min: 31.3, Avg: 31.5, Max: 31.7, Diff: 0.4, Sum: 567.5]
      [GC Worker End (ms): Min: 7562.4, Avg: 7562.5, Max: 7562.5, Diff: 0.1]
   [Code Root Fixup: 0.0 ms]
   [Code Root Purge: 0.0 ms]
   [Clear CT: 0.3 ms]
   [Other: 2.1 ms]
      [Choose CSet: 0.0 ms]
      [Ref Proc: 0.3 ms]
      [Ref Enq: 0.0 ms]
      [Redirty Cards: 0.2 ms]
      [Humongous Register: 0.4 ms]
      [Humongous Reclaim: 0.4 ms]
      [Free CSet: 0.6 ms]
   [Eden: 244.0M(244.0M)->0.0B(19.0M) Survivors: 7168.0K->32.0M Heap: 835.9M(1024.0M)->589.5M(1024.0M)]
 [Times: user=0.55 sys=0.01, real=0.03 secs] 
7.572: [GC pause (G1 Evacuation Pause) (mixed), 0.0195264 secs]
   [Parallel Time: 17.4 ms, GC Workers: 18]
      [GC Worker Start (ms): Min: 7572.5, Avg: 7572.8, Max: 7573.0, Diff: 0.5]
      [Ext Root Scanning (ms): Min: 0.0, Avg: 0.1, Max: 0.4, Diff: 0.4, Sum: 2.0]
      [Update RS (ms): Min: 0.7, Avg: 0.8, Max: 0.8, Diff: 0.2, Sum: 13.8]
         [Processed Buffers: Min: 2, Avg: 3.1, Max: 6, Diff: 4, Sum: 56]
      [Scan RS (ms): Min: 0.0, Avg: 0.1, Max: 0.2, Diff: 0.2, Sum: 1.5]
      [Code Root Scanning (ms): Min: 0.0, Avg: 0.0, Max: 0.0, Diff: 0.0, Sum: 0.0]
      [Object Copy (ms): Min: 15.5, Avg: 15.7, Max: 15.9, Diff: 0.3, Sum: 283.3]
      [Termination (ms): Min: 0.0, Avg: 0.2, Max: 0.3, Diff: 0.3, Sum: 2.8]
         [Termination Attempts: Min: 1, Avg: 1.3, Max: 3, Diff: 2, Sum: 24]
      [GC Worker Other (ms): Min: 0.0, Avg: 0.0, Max: 0.0, Diff: 0.0, Sum: 0.4]
      [GC Worker Total (ms): Min: 16.6, Avg: 16.9, Max: 17.2, Diff: 0.6, Sum: 303.8]
      [GC Worker End (ms): Min: 7589.6, Avg: 7589.6, Max: 7589.7, Diff: 0.0]
   [Code Root Fixup: 0.0 ms]
   [Code Root Purge: 0.0 ms]
   [Clear CT: 0.2 ms]
   [Other: 1.9 ms]
      [Choose CSet: 0.1 ms]
      [Ref Proc: 0.3 ms]
      [Ref Enq: 0.0 ms]
      [Redirty Cards: 0.3 ms]
      [Humongous Register: 0.4 ms]
      [Humongous Reclaim: 0.1 ms]
      [Free CSet: 0.5 ms]
   [Eden: 19.0M(19.0M)->0.0B(45.0M) Survivors: 32.0M->6144.0K Heap: 613.2M(1024.0M)->519.8M(1024.0M)]
 [Times: user=0.27 sys=0.03, real=0.02 secs] 
7.609: [GC pause (G1 Evacuation Pause) (mixed), 0.0129168 secs]
   [Parallel Time: 11.4 ms, GC Workers: 18]
      [GC Worker Start (ms): Min: 7609.8, Avg: 7610.1, Max: 7610.3, Diff: 0.5]
      [Ext Root Scanning (ms): Min: 0.0, Avg: 0.1, Max: 0.3, Diff: 0.3, Sum: 1.5]
      [Update RS (ms): Min: 1.8, Avg: 2.0, Max: 2.2, Diff: 0.4, Sum: 36.1]
         [Processed Buffers: Min: 5, Avg: 6.3, Max: 8, Diff: 3, Sum: 114]
      [Scan RS (ms): Min: 0.0, Avg: 0.0, Max: 0.1, Diff: 0.1, Sum: 0.5]
      [Code Root Scanning (ms): Min: 0.0, Avg: 0.0, Max: 0.0, Diff: 0.0, Sum: 0.0]
      [Object Copy (ms): Min: 8.2, Avg: 8.4, Max: 8.6, Diff: 0.4, Sum: 151.4]
      [Termination (ms): Min: 0.0, Avg: 0.2, Max: 0.3, Diff: 0.3, Sum: 3.5]
         [Termination Attempts: Min: 1, Avg: 1.0, Max: 1, Diff: 0, Sum: 18]
      [GC Worker Other (ms): Min: 0.0, Avg: 0.0, Max: 0.0, Diff: 0.0, Sum: 0.4]
      [GC Worker Total (ms): Min: 10.5, Avg: 10.8, Max: 11.0, Diff: 0.5, Sum: 193.5]
      [GC Worker End (ms): Min: 7620.8, Avg: 7620.8, Max: 7620.8, Diff: 0.0]
   [Code Root Fixup: 0.0 ms]
   [Code Root Purge: 0.0 ms]
   [Clear CT: 0.2 ms]
   [Other: 1.3 ms]
      [Choose CSet: 0.0 ms]
      [Ref Proc: 0.3 ms]
      [Ref Enq: 0.0 ms]
      [Redirty Cards: 0.3 ms]
      [Humongous Register: 0.2 ms]
      [Humongous Reclaim: 0.1 ms]
      [Free CSet: 0.2 ms]
   [Eden: 45.0M(45.0M)->0.0B(256.0M) Survivors: 6144.0K->7168.0K Heap: 576.5M(1024.0M)->515.8M(1024.0M)]
 [Times: user=0.18 sys=0.01, real=0.01 secs] 
7.624: [GC pause (G1 Humongous Allocation) (young) (initial-mark), 0.0039479 secs]
   [Parallel Time: 2.7 ms, GC Workers: 18]
      [GC Worker Start (ms): Min: 7624.6, Avg: 7624.8, Max: 7624.9, Diff: 0.3]
      [Ext Root Scanning (ms): Min: 0.0, Avg: 0.2, Max: 0.4, Diff: 0.4, Sum: 3.8]
      [Update RS (ms): Min: 0.0, Avg: 0.2, Max: 0.9, Diff: 0.9, Sum: 3.1]
         [Processed Buffers: Min: 0, Avg: 1.1, Max: 2, Diff: 2, Sum: 20]
      [Scan RS (ms): Min: 0.0, Avg: 0.0, Max: 0.0, Diff: 0.0, Sum: 0.1]
      [Code Root Scanning (ms): Min: 0.0, Avg: 0.0, Max: 0.0, Diff: 0.0, Sum: 0.0]
      [Object Copy (ms): Min: 1.1, Avg: 1.6, Max: 1.9, Diff: 0.8, Sum: 28.8]
      [Termination (ms): Min: 0.0, Avg: 0.2, Max: 0.6, Diff: 0.6, Sum: 3.9]
         [Termination Attempts: Min: 1, Avg: 1.0, Max: 1, Diff: 0, Sum: 18]
      [GC Worker Other (ms): Min: 0.0, Avg: 0.0, Max: 0.0, Diff: 0.0, Sum: 0.2]
      [GC Worker Total (ms): Min: 2.1, Avg: 2.2, Max: 2.4, Diff: 0.4, Sum: 39.9]
      [GC Worker End (ms): Min: 7627.0, Avg: 7627.0, Max: 7627.0, Diff: 0.0]
   [Code Root Fixup: 0.0 ms]
   [Code Root Purge: 0.0 ms]
   [Clear CT: 0.2 ms]
   [Other: 1.1 ms]
      [Choose CSet: 0.0 ms]
      [Ref Proc: 0.3 ms]
      [Ref Enq: 0.0 ms]
      [Redirty Cards: 0.2 ms]
      [Humongous Register: 0.2 ms]
      [Humongous Reclaim: 0.0 ms]
      [Free CSet: 0.0 ms]
   [Eden: 5120.0K(256.0M)->0.0B(266.0M) Survivors: 7168.0K->9216.0K Heap: 520.7M(1024.0M)->516.6M(1024.0M)]
 [Times: user=0.05 sys=0.00, real=0.00 secs] 
7.628: [GC concurrent-root-region-scan-start]
7.628: [GC concurrent-root-region-scan-end, 0.0001437 secs]
7.628: [GC concurrent-mark-start]
7.630: [GC concurrent-mark-end, 0.0018509 secs]
7.630: [GC remark 7.630: [Finalize Marking, 0.0003432 secs] 7.631: [GC ref-proc, 0.0004186 secs] 7.631: [Unloading, 0.0009046 secs], 0.0024963 secs]
 [Times: user=0.02 sys=0.00, real=0.00 secs] 
7.633: [GC cleanup 524M->521M(1024M), 0.0015392 secs]
 [Times: user=0.01 sys=0.00, real=0.00 secs] 
7.635: [GC concurrent-cleanup-start]
7.635: [GC concurrent-cleanup-end, 0.0000287 secs]
7.732: [GC pause (G1 Evacuation Pause) (young) (to-space exhausted), 0.0320759 secs]
   [Parallel Time: 29.6 ms, GC Workers: 18]
      [GC Worker Start (ms): Min: 7732.5, Avg: 7732.7, Max: 7732.9, Diff: 0.3]
      [Ext Root Scanning (ms): Min: 0.0, Avg: 0.2, Max: 0.3, Diff: 0.3, Sum: 2.9]
      [Update RS (ms): Min: 9.8, Avg: 10.1, Max: 10.3, Diff: 0.5, Sum: 182.4]
         [Processed Buffers: Min: 26, Avg: 29.5, Max: 33, Diff: 7, Sum: 531]
      [Scan RS (ms): Min: 0.0, Avg: 0.1, Max: 0.3, Diff: 0.3, Sum: 1.8]
      [Code Root Scanning (ms): Min: 0.0, Avg: 0.0, Max: 0.0, Diff: 0.0, Sum: 0.0]
      [Object Copy (ms): Min: 18.3, Avg: 18.7, Max: 19.0, Diff: 0.7, Sum: 336.6]
      [Termination (ms): Min: 0.0, Avg: 0.1, Max: 0.1, Diff: 0.1, Sum: 1.3]
         [Termination Attempts: Min: 1, Avg: 1.0, Max: 1, Diff: 0, Sum: 18]
      [GC Worker Other (ms): Min: 0.0, Avg: 0.0, Max: 0.1, Diff: 0.1, Sum: 0.8]
      [GC Worker Total (ms): Min: 29.0, Avg: 29.2, Max: 29.4, Diff: 0.4, Sum: 525.7]
      [GC Worker End (ms): Min: 7761.9, Avg: 7761.9, Max: 7762.0, Diff: 0.1]
   [Code Root Fixup: 0.0 ms]
   [Code Root Purge: 0.0 ms]
   [Clear CT: 0.3 ms]
   [Other: 2.2 ms]
      [Evacuation Failure: 0.4 ms]
      [Choose CSet: 0.0 ms]
      [Ref Proc: 0.3 ms]
      [Ref Enq: 0.0 ms]
      [Redirty Cards: 0.2 ms]
      [Humongous Register: 0.3 ms]
      [Humongous Reclaim: 0.4 ms]
      [Free CSet: 0.4 ms]
   [Eden: 266.0M(266.0M)->0.0B(16.0M) Survivors: 9216.0K->35.0M Heap: 844.2M(1024.0M)->637.5M(1024.0M)]
 [Times: user=0.51 sys=0.01, real=0.03 secs] 
7.770: [GC pause (G1 Evacuation Pause) (mixed), 0.0189105 secs]
   [Parallel Time: 17.1 ms, GC Workers: 18]
      [GC Worker Start (ms): Min: 7770.3, Avg: 7770.6, Max: 7770.9, Diff: 0.5]
      [Ext Root Scanning (ms): Min: 0.0, Avg: 0.1, Max: 0.4, Diff: 0.4, Sum: 2.6]
      [Update RS (ms): Min: 0.1, Avg: 0.4, Max: 0.5, Diff: 0.4, Sum: 7.5]
         [Processed Buffers: Min: 1, Avg: 2.7, Max: 6, Diff: 5, Sum: 49]
      [Scan RS (ms): Min: 0.0, Avg: 0.1, Max: 0.3, Diff: 0.3, Sum: 1.1]
      [Code Root Scanning (ms): Min: 0.0, Avg: 0.0, Max: 0.0, Diff: 0.0, Sum: 0.0]
      [Object Copy (ms): Min: 15.6, Avg: 15.8, Max: 16.0, Diff: 0.4, Sum: 284.0]
      [Termination (ms): Min: 0.0, Avg: 0.2, Max: 0.4, Diff: 0.4, Sum: 3.7]
         [Termination Attempts: Min: 1, Avg: 1.1, Max: 3, Diff: 2, Sum: 20]
      [GC Worker Other (ms): Min: 0.0, Avg: 0.0, Max: 0.0, Diff: 0.0, Sum: 0.3]
      [GC Worker Total (ms): Min: 16.4, Avg: 16.6, Max: 16.9, Diff: 0.5, Sum: 299.1]
      [GC Worker End (ms): Min: 7787.2, Avg: 7787.2, Max: 7787.2, Diff: 0.0]
   [Code Root Fixup: 0.0 ms]
   [Code Root Purge: 0.0 ms]
   [Clear CT: 0.3 ms]
   [Other: 1.5 ms]
      [Choose CSet: 0.1 ms]
      [Ref Proc: 0.3 ms]
      [Ref Enq: 0.0 ms]
      [Redirty Cards: 0.3 ms]
      [Humongous Register: 0.2 ms]
      [Humongous Reclaim: 0.0 ms]
      [Free CSet: 0.5 ms]
   [Eden: 16.0M(16.0M)->0.0B(45.0M) Survivors: 35.0M->6144.0K Heap: 655.5M(1024.0M)->570.4M(1024.0M)]
 [Times: user=0.27 sys=0.03, real=0.02 secs] 
7.805: [GC pause (G1 Evacuation Pause) (mixed), 0.0125242 secs]
   [Parallel Time: 11.1 ms, GC Workers: 18]
      [GC Worker Start (ms): Min: 7805.4, Avg: 7805.6, Max: 7805.8, Diff: 0.4]
      [Ext Root Scanning (ms): Min: 0.0, Avg: 0.1, Max: 0.3, Diff: 0.3, Sum: 2.3]
      [Update RS (ms): Min: 1.8, Avg: 1.9, Max: 2.0, Diff: 0.3, Sum: 34.7]
         [Processed Buffers: Min: 5, Avg: 6.2, Max: 7, Diff: 2, Sum: 111]
      [Scan RS (ms): Min: 0.0, Avg: 0.0, Max: 0.1, Diff: 0.1, Sum: 0.5]
      [Code Root Scanning (ms): Min: 0.0, Avg: 0.0, Max: 0.0, Diff: 0.0, Sum: 0.0]
      [Object Copy (ms): Min: 8.0, Avg: 8.3, Max: 8.5, Diff: 0.5, Sum: 148.7]
      [Termination (ms): Min: 0.0, Avg: 0.2, Max: 0.4, Diff: 0.4, Sum: 4.3]
         [Termination Attempts: Min: 1, Avg: 1.0, Max: 1, Diff: 0, Sum: 18]
      [GC Worker Other (ms): Min: 0.0, Avg: 0.0, Max: 0.1, Diff: 0.0, Sum: 0.4]
      [GC Worker Total (ms): Min: 10.4, Avg: 10.6, Max: 10.8, Diff: 0.4, Sum: 190.9]
      [GC Worker End (ms): Min: 7816.2, Avg: 7816.2, Max: 7816.2, Diff: 0.0]
   [Code Root Fixup: 0.0 ms]
   [Code Root Purge: 0.0 ms]
   [Clear CT: 0.2 ms]
   [Other: 1.2 ms]
      [Choose CSet: 0.0 ms]
      [Ref Proc: 0.3 ms]
      [Ref Enq: 0.0 ms]
      [Redirty Cards: 0.2 ms]
      [Humongous Register: 0.2 ms]
      [Humongous Reclaim: 0.1 ms]
      [Free CSet: 0.2 ms]
   [Eden: 45.0M(45.0M)->0.0B(230.0M) Survivors: 6144.0K->7168.0K Heap: 626.8M(1024.0M)->568.1M(1024.0M)]
 [Times: user=0.17 sys=0.01, real=0.01 secs] 
7.818: [GC pause (G1 Humongous Allocation) (young) (initial-mark), 0.0035060 secs]
   [Parallel Time: 2.3 ms, GC Workers: 18]
      [GC Worker Start (ms): Min: 7818.4, Avg: 7818.6, Max: 7818.7, Diff: 0.3]
      [Ext Root Scanning (ms): Min: 0.0, Avg: 0.2, Max: 0.3, Diff: 0.3, Sum: 3.0]
      [Update RS (ms): Min: 0.0, Avg: 0.2, Max: 1.4, Diff: 1.4, Sum: 3.8]
         [Processed Buffers: Min: 0, Avg: 1.1, Max: 2, Diff: 2, Sum: 19]
      [Scan RS (ms): Min: 0.0, Avg: 0.0, Max: 0.0, Diff: 0.0, Sum: 0.1]
      [Code Root Scanning (ms): Min: 0.0, Avg: 0.0, Max: 0.0, Diff: 0.0, Sum: 0.0]
      [Object Copy (ms): Min: 0.0, Avg: 1.1, Max: 1.6, Diff: 1.6, Sum: 19.9]
      [Termination (ms): Min: 0.1, Avg: 0.4, Max: 0.7, Diff: 0.6, Sum: 6.6]
         [Termination Attempts: Min: 1, Avg: 2.2, Max: 5, Diff: 4, Sum: 40]
      [GC Worker Other (ms): Min: 0.0, Avg: 0.0, Max: 0.0, Diff: 0.0, Sum: 0.2]
      [GC Worker Total (ms): Min: 1.7, Avg: 1.9, Max: 2.1, Diff: 0.3, Sum: 33.5]
      [GC Worker End (ms): Min: 7820.4, Avg: 7820.4, Max: 7820.5, Diff: 0.0]
   [Code Root Fixup: 0.0 ms]
   [Code Root Purge: 0.0 ms]
   [Clear CT: 0.2 ms]
   [Other: 1.0 ms]
      [Choose CSet: 0.0 ms]
      [Ref Proc: 0.4 ms]
      [Ref Enq: 0.0 ms]
      [Redirty Cards: 0.2 ms]
      [Humongous Register: 0.2 ms]
      [Humongous Reclaim: 0.0 ms]
      [Free CSet: 0.0 ms]
   [Eden: 1024.0K(230.0M)->0.0B(242.0M) Survivors: 7168.0K->7168.0K Heap: 568.5M(1024.0M)->567.6M(1024.0M)]
 [Times: user=0.04 sys=0.00, real=0.01 secs] 
7.822: [GC concurrent-root-region-scan-start]
7.822: [GC concurrent-root-region-scan-end, 0.0001214 secs]
7.822: [GC concurrent-mark-start]
7.824: [GC concurrent-mark-end, 0.0019944 secs]
7.824: [GC remark 7.824: [Finalize Marking, 0.0003191 secs] 7.824: [GC ref-proc, 0.0004121 secs] 7.825: [Unloading, 0.0007852 secs], 0.0022776 secs]
 [Times: user=0.02 sys=0.00, real=0.00 secs] 
7.826: [GC cleanup 578M->568M(1024M), 0.0017213 secs]
 [Times: user=0.01 sys=0.00, real=0.00 secs] 
7.828: [GC concurrent-cleanup-start]
7.828: [GC concurrent-cleanup-end, 0.0000394 secs]
7.919: [GC pause (G1 Evacuation Pause) (young) (to-space exhausted), 0.0333370 secs]
   [Parallel Time: 30.5 ms, GC Workers: 18]
      [GC Worker Start (ms): Min: 7919.9, Avg: 7920.2, Max: 7920.4, Diff: 0.6]
      [Ext Root Scanning (ms): Min: 0.0, Avg: 0.1, Max: 0.4, Diff: 0.4, Sum: 2.6]
      [Update RS (ms): Min: 13.4, Avg: 13.5, Max: 13.7, Diff: 0.3, Sum: 243.5]
         [Processed Buffers: Min: 24, Avg: 30.1, Max: 36, Diff: 12, Sum: 541]
      [Scan RS (ms): Min: 0.0, Avg: 0.1, Max: 0.3, Diff: 0.2, Sum: 1.2]
      [Code Root Scanning (ms): Min: 0.0, Avg: 0.0, Max: 0.0, Diff: 0.0, Sum: 0.0]
      [Object Copy (ms): Min: 15.6, Avg: 15.9, Max: 16.1, Diff: 0.5, Sum: 286.1]
      [Termination (ms): Min: 0.0, Avg: 0.2, Max: 0.3, Diff: 0.3, Sum: 4.4]
         [Termination Attempts: Min: 1, Avg: 1.0, Max: 1, Diff: 0, Sum: 18]
      [GC Worker Other (ms): Min: 0.0, Avg: 0.0, Max: 0.1, Diff: 0.1, Sum: 0.7]
      [GC Worker Total (ms): Min: 29.7, Avg: 29.9, Max: 30.2, Diff: 0.5, Sum: 538.5]
      [GC Worker End (ms): Min: 7950.1, Avg: 7950.1, Max: 7950.1, Diff: 0.1]
   [Code Root Fixup: 0.0 ms]
   [Code Root Purge: 0.0 ms]
   [Clear CT: 0.3 ms]
   [Other: 2.5 ms]
      [Evacuation Failure: 0.5 ms]
      [Choose CSet: 0.0 ms]
      [Ref Proc: 0.3 ms]
      [Ref Enq: 0.0 ms]
      [Redirty Cards: 0.3 ms]
      [Humongous Register: 0.5 ms]
      [Humongous Reclaim: 0.3 ms]
      [Free CSet: 0.4 ms]
   [Eden: 242.0M(242.0M)->0.0B(19.0M) Survivors: 7168.0K->32.0M Heap: 865.9M(1024.0M)->678.9M(1024.0M)]
 [Times: user=0.52 sys=0.02, real=0.03 secs] 
7.959: [GC pause (G1 Evacuation Pause) (mixed), 0.0171227 secs]
   [Parallel Time: 15.3 ms, GC Workers: 18]
      [GC Worker Start (ms): Min: 7959.1, Avg: 7959.4, Max: 7959.6, Diff: 0.5]
      [Ext Root Scanning (ms): Min: 0.0, Avg: 0.2, Max: 0.4, Diff: 0.4, Sum: 3.3]
      [Update RS (ms): Min: 0.1, Avg: 0.5, Max: 0.7, Diff: 0.6, Sum: 9.3]
         [Processed Buffers: Min: 1, Avg: 2.6, Max: 7, Diff: 6, Sum: 46]
      [Scan RS (ms): Min: 0.0, Avg: 0.0, Max: 0.2, Diff: 0.2, Sum: 0.8]
      [Code Root Scanning (ms): Min: 0.0, Avg: 0.0, Max: 0.0, Diff: 0.0, Sum: 0.0]
      [Object Copy (ms): Min: 13.5, Avg: 13.7, Max: 14.1, Diff: 0.6, Sum: 247.3]
      [Termination (ms): Min: 0.0, Avg: 0.2, Max: 0.3, Diff: 0.3, Sum: 3.7]
         [Termination Attempts: Min: 1, Avg: 1.1, Max: 2, Diff: 1, Sum: 20]
      [GC Worker Other (ms): Min: 0.0, Avg: 0.0, Max: 0.1, Diff: 0.0, Sum: 0.5]
      [GC Worker Total (ms): Min: 14.5, Avg: 14.7, Max: 15.0, Diff: 0.5, Sum: 264.8]
      [GC Worker End (ms): Min: 7974.1, Avg: 7974.1, Max: 7974.1, Diff: 0.0]
   [Code Root Fixup: 0.0 ms]
   [Code Root Purge: 0.0 ms]
   [Clear CT: 0.2 ms]
   [Other: 1.6 ms]
      [Choose CSet: 0.1 ms]
      [Ref Proc: 0.2 ms]
      [Ref Enq: 0.0 ms]
      [Redirty Cards: 0.3 ms]
      [Humongous Register: 0.2 ms]
      [Humongous Reclaim: 0.1 ms]
      [Free CSet: 0.6 ms]
   [Eden: 19.0M(19.0M)->0.0B(44.0M) Survivors: 32.0M->7168.0K Heap: 699.7M(1024.0M)->597.6M(1024.0M)]
 [Times: user=0.25 sys=0.01, real=0.01 secs] 
7.992: [GC pause (G1 Evacuation Pause) (mixed), 0.0190149 secs]
   [Parallel Time: 17.4 ms, GC Workers: 18]
      [GC Worker Start (ms): Min: 7992.6, Avg: 7992.8, Max: 7993.0, Diff: 0.5]
      [Ext Root Scanning (ms): Min: 0.0, Avg: 0.1, Max: 0.4, Diff: 0.4, Sum: 2.6]
      [Update RS (ms): Min: 1.9, Avg: 2.0, Max: 2.2, Diff: 0.3, Sum: 36.6]
         [Processed Buffers: Min: 5, Avg: 6.7, Max: 9, Diff: 4, Sum: 120]
      [Scan RS (ms): Min: 0.0, Avg: 0.0, Max: 0.1, Diff: 0.1, Sum: 0.8]
      [Code Root Scanning (ms): Min: 0.0, Avg: 0.0, Max: 0.0, Diff: 0.0, Sum: 0.0]
      [Object Copy (ms): Min: 14.3, Avg: 14.5, Max: 14.7, Diff: 0.4, Sum: 261.3]
      [Termination (ms): Min: 0.0, Avg: 0.2, Max: 0.3, Diff: 0.3, Sum: 3.0]
         [Termination Attempts: Min: 1, Avg: 1.1, Max: 2, Diff: 1, Sum: 20]
      [GC Worker Other (ms): Min: 0.0, Avg: 0.0, Max: 0.1, Diff: 0.0, Sum: 0.4]
      [GC Worker Total (ms): Min: 16.7, Avg: 16.9, Max: 17.2, Diff: 0.5, Sum: 304.9]
      [GC Worker End (ms): Min: 8009.7, Avg: 8009.7, Max: 8009.7, Diff: 0.0]
   [Code Root Fixup: 0.0 ms]
   [Code Root Purge: 0.0 ms]
   [Clear CT: 0.3 ms]
   [Other: 1.4 ms]
      [Choose CSet: 0.1 ms]
      [Ref Proc: 0.3 ms]
      [Ref Enq: 0.0 ms]
      [Redirty Cards: 0.3 ms]
      [Humongous Register: 0.2 ms]
      [Humongous Reclaim: 0.1 ms]
      [Free CSet: 0.3 ms]
   [Eden: 44.0M(44.0M)->0.0B(240.0M) Survivors: 7168.0K->7168.0K Heap: 654.1M(1024.0M)->559.5M(1024.0M)]
 [Times: user=0.28 sys=0.02, real=0.02 secs] 
8.012: [GC pause (G1 Humongous Allocation) (young) (initial-mark), 0.0035278 secs]
   [Parallel Time: 2.4 ms, GC Workers: 18]
      [GC Worker Start (ms): Min: 8012.1, Avg: 8012.3, Max: 8012.4, Diff: 0.3]
      [Ext Root Scanning (ms): Min: 0.0, Avg: 0.2, Max: 0.4, Diff: 0.3, Sum: 3.1]
      [Update RS (ms): Min: 0.1, Avg: 0.2, Max: 0.6, Diff: 0.5, Sum: 3.5]
         [Processed Buffers: Min: 0, Avg: 1.1, Max: 2, Diff: 2, Sum: 19]
      [Scan RS (ms): Min: 0.0, Avg: 0.0, Max: 0.0, Diff: 0.0, Sum: 0.1]
      [Code Root Scanning (ms): Min: 0.0, Avg: 0.0, Max: 0.0, Diff: 0.0, Sum: 0.0]
      [Object Copy (ms): Min: 0.7, Avg: 1.3, Max: 1.8, Diff: 1.0, Sum: 23.4]
      [Termination (ms): Min: 0.0, Avg: 0.4, Max: 0.7, Diff: 0.7, Sum: 6.5]
         [Termination Attempts: Min: 1, Avg: 1.0, Max: 1, Diff: 0, Sum: 18]
      [GC Worker Other (ms): Min: 0.0, Avg: 0.0, Max: 0.0, Diff: 0.0, Sum: 0.2]
      [GC Worker Total (ms): Min: 1.9, Avg: 2.1, Max: 2.3, Diff: 0.3, Sum: 36.9]
      [GC Worker End (ms): Min: 8014.3, Avg: 8014.3, Max: 8014.3, Diff: 0.0]
   [Code Root Fixup: 0.0 ms]
   [Code Root Purge: 0.0 ms]
   [Clear CT: 0.3 ms]
   [Other: 0.9 ms]
      [Choose CSet: 0.0 ms]
      [Ref Proc: 0.3 ms]
      [Ref Enq: 0.0 ms]
      [Redirty Cards: 0.2 ms]
      [Humongous Register: 0.2 ms]
      [Humongous Reclaim: 0.0 ms]
      [Free CSet: 0.0 ms]
   [Eden: 1024.0K(240.0M)->0.0B(245.0M) Survivors: 7168.0K->7168.0K Heap: 560.1M(1024.0M)->559.4M(1024.0M)]
 [Times: user=0.04 sys=0.00, real=0.00 secs] 
8.015: [GC concurrent-root-region-scan-start]
8.016: [GC concurrent-root-region-scan-end, 0.0001281 secs]
8.016: [GC concurrent-mark-start]
8.018: [GC concurrent-mark-end, 0.0019908 secs]
8.018: [GC remark 8.018: [Finalize Marking, 0.0004360 secs] 8.018: [GC ref-proc, 0.0004130 secs] 8.019: [Unloading, 0.0008821 secs], 0.0024211 secs]
 [Times: user=0.01 sys=0.01, real=0.01 secs] 
8.020: [GC cleanup 566M->559M(1024M), 0.0014852 secs]
 [Times: user=0.02 sys=0.00, real=0.00 secs] 
8.022: [GC concurrent-cleanup-start]
8.022: [GC concurrent-cleanup-end, 0.0000364 secs]
8.108: [GC pause (G1 Evacuation Pause) (young), 0.0317981 secs]
   [Parallel Time: 29.8 ms, GC Workers: 18]
      [GC Worker Start (ms): Min: 8108.8, Avg: 8109.0, Max: 8109.2, Diff: 0.4]
      [Ext Root Scanning (ms): Min: 0.0, Avg: 0.2, Max: 0.3, Diff: 0.3, Sum: 3.0]
      [Update RS (ms): Min: 7.8, Avg: 7.9, Max: 8.0, Diff: 0.2, Sum: 142.4]
         [Processed Buffers: Min: 21, Avg: 23.2, Max: 26, Diff: 5, Sum: 418]
      [Scan RS (ms): Min: 0.0, Avg: 0.0, Max: 0.1, Diff: 0.1, Sum: 0.9]
      [Code Root Scanning (ms): Min: 0.0, Avg: 0.0, Max: 0.0, Diff: 0.0, Sum: 0.0]
      [Object Copy (ms): Min: 20.7, Avg: 21.0, Max: 21.3, Diff: 0.6, Sum: 377.7]
      [Termination (ms): Min: 0.0, Avg: 0.2, Max: 0.5, Diff: 0.5, Sum: 4.1]
         [Termination Attempts: Min: 1, Avg: 1.0, Max: 1, Diff: 0, Sum: 18]
      [GC Worker Other (ms): Min: 0.0, Avg: 0.0, Max: 0.1, Diff: 0.1, Sum: 0.5]
      [GC Worker Total (ms): Min: 29.2, Avg: 29.4, Max: 29.5, Diff: 0.3, Sum: 528.7]
      [GC Worker End (ms): Min: 8138.4, Avg: 8138.4, Max: 8138.4, Diff: 0.0]
   [Code Root Fixup: 0.0 ms]
   [Code Root Purge: 0.0 ms]
   [Clear CT: 0.3 ms]
   [Other: 1.8 ms]
      [Choose CSet: 0.0 ms]
      [Ref Proc: 0.2 ms]
      [Ref Enq: 0.0 ms]
      [Redirty Cards: 0.3 ms]
      [Humongous Register: 0.3 ms]
      [Humongous Reclaim: 0.3 ms]
      [Free CSet: 0.4 ms]
   [Eden: 245.0M(245.0M)->0.0B(19.0M) Survivors: 7168.0K->32.0M Heap: 848.0M(1024.0M)->611.2M(1024.0M)]
 [Times: user=0.52 sys=0.01, real=0.03 secs] 
8.147: [GC pause (G1 Evacuation Pause) (mixed), 0.0178662 secs]
   [Parallel Time: 16.3 ms, GC Workers: 18]
      [GC Worker Start (ms): Min: 8147.2, Avg: 8147.5, Max: 8147.7, Diff: 0.4]
      [Ext Root Scanning (ms): Min: 0.0, Avg: 0.2, Max: 0.4, Diff: 0.4, Sum: 2.9]
      [Update RS (ms): Min: 0.5, Avg: 0.8, Max: 0.9, Diff: 0.3, Sum: 14.1]
         [Processed Buffers: Min: 2, Avg: 2.9, Max: 4, Diff: 2, Sum: 53]
      [Scan RS (ms): Min: 0.0, Avg: 0.0, Max: 0.3, Diff: 0.3, Sum: 0.9]
      [Code Root Scanning (ms): Min: 0.0, Avg: 0.0, Max: 0.0, Diff: 0.0, Sum: 0.0]
      [Object Copy (ms): Min: 14.2, Avg: 14.5, Max: 14.9, Diff: 0.6, Sum: 260.3]
      [Termination (ms): Min: 0.0, Avg: 0.4, Max: 0.6, Diff: 0.6, Sum: 7.0]
         [Termination Attempts: Min: 1, Avg: 1.4, Max: 4, Diff: 3, Sum: 26]
      [GC Worker Other (ms): Min: 0.0, Avg: 0.0, Max: 0.1, Diff: 0.0, Sum: 0.4]
      [GC Worker Total (ms): Min: 15.7, Avg: 15.9, Max: 16.1, Diff: 0.4, Sum: 285.5]
      [GC Worker End (ms): Min: 8163.3, Avg: 8163.3, Max: 8163.3, Diff: 0.0]
   [Code Root Fixup: 0.0 ms]
   [Code Root Purge: 0.0 ms]
   [Clear CT: 0.2 ms]
   [Other: 1.3 ms]
      [Choose CSet: 0.1 ms]
      [Ref Proc: 0.3 ms]
      [Ref Enq: 0.0 ms]
      [Redirty Cards: 0.2 ms]
      [Humongous Register: 0.2 ms]
      [Humongous Reclaim: 0.0 ms]
      [Free CSet: 0.4 ms]
   [Eden: 19.0M(19.0M)->0.0B(44.0M) Survivors: 32.0M->7168.0K Heap: 634.5M(1024.0M)->535.3M(1024.0M)]
 [Times: user=0.27 sys=0.02, real=0.02 secs] 
8.181: [GC pause (G1 Evacuation Pause) (mixed), 0.0158088 secs]
   [Parallel Time: 14.3 ms, GC Workers: 18]
      [GC Worker Start (ms): Min: 8181.7, Avg: 8181.9, Max: 8182.1, Diff: 0.4]
      [Ext Root Scanning (ms): Min: 0.0, Avg: 0.2, Max: 0.3, Diff: 0.3, Sum: 2.9]
      [Update RS (ms): Min: 2.1, Avg: 2.3, Max: 2.5, Diff: 0.4, Sum: 41.2]
         [Processed Buffers: Min: 6, Avg: 7.2, Max: 9, Diff: 3, Sum: 130]
      [Scan RS (ms): Min: 0.0, Avg: 0.0, Max: 0.2, Diff: 0.2, Sum: 0.7]
      [Code Root Scanning (ms): Min: 0.0, Avg: 0.0, Max: 0.0, Diff: 0.0, Sum: 0.0]
      [Object Copy (ms): Min: 11.1, Avg: 11.3, Max: 11.5, Diff: 0.4, Sum: 203.6]
      [Termination (ms): Min: 0.0, Avg: 0.3, Max: 0.4, Diff: 0.4, Sum: 4.5]
         [Termination Attempts: Min: 1, Avg: 1.1, Max: 2, Diff: 1, Sum: 20]
      [GC Worker Other (ms): Min: 0.0, Avg: 0.0, Max: 0.1, Diff: 0.1, Sum: 0.4]
      [GC Worker Total (ms): Min: 13.9, Avg: 14.1, Max: 14.3, Diff: 0.4, Sum: 253.4]
      [GC Worker End (ms): Min: 8195.9, Avg: 8195.9, Max: 8195.9, Diff: 0.0]
   [Code Root Fixup: 0.0 ms]
   [Code Root Purge: 0.0 ms]
   [Clear CT: 0.2 ms]
   [Other: 1.3 ms]
      [Choose CSet: 0.0 ms]
      [Ref Proc: 0.2 ms]
      [Ref Enq: 0.0 ms]
      [Redirty Cards: 0.3 ms]
      [Humongous Register: 0.2 ms]
      [Humongous Reclaim: 0.1 ms]
      [Free CSet: 0.3 ms]
   [Eden: 44.0M(44.0M)->0.0B(286.0M) Survivors: 7168.0K->7168.0K Heap: 593.1M(1024.0M)->504.5M(1024.0M)]
 [Times: user=0.24 sys=0.01, real=0.01 secs] 
8.198: [GC pause (G1 Humongous Allocation) (young) (initial-mark), 0.0037791 secs]
   [Parallel Time: 2.5 ms, GC Workers: 18]
      [GC Worker Start (ms): Min: 8198.1, Avg: 8198.3, Max: 8198.4, Diff: 0.4]
      [Ext Root Scanning (ms): Min: 0.0, Avg: 0.2, Max: 0.4, Diff: 0.4, Sum: 3.2]
      [Update RS (ms): Min: 0.1, Avg: 0.3, Max: 1.3, Diff: 1.2, Sum: 4.7]
         [Processed Buffers: Min: 0, Avg: 1.0, Max: 2, Diff: 2, Sum: 18]
      [Scan RS (ms): Min: 0.0, Avg: 0.0, Max: 0.0, Diff: 0.0, Sum: 0.1]
      [Code Root Scanning (ms): Min: 0.0, Avg: 0.0, Max: 0.0, Diff: 0.0, Sum: 0.0]
      [Object Copy (ms): Min: 0.4, Avg: 1.4, Max: 1.8, Diff: 1.4, Sum: 25.7]
      [Termination (ms): Min: 0.0, Avg: 0.2, Max: 0.5, Diff: 0.5, Sum: 4.0]
         [Termination Attempts: Min: 1, Avg: 1.0, Max: 1, Diff: 0, Sum: 18]
      [GC Worker Other (ms): Min: 0.0, Avg: 0.0, Max: 0.0, Diff: 0.0, Sum: 0.3]
      [GC Worker Total (ms): Min: 2.0, Avg: 2.1, Max: 2.3, Diff: 0.4, Sum: 38.1]
      [GC Worker End (ms): Min: 8200.4, Avg: 8200.4, Max: 8200.4, Diff: 0.0]
   [Code Root Fixup: 0.0 ms]
   [Code Root Purge: 0.0 ms]
   [Clear CT: 0.3 ms]
   [Other: 1.0 ms]
      [Choose CSet: 0.0 ms]
      [Ref Proc: 0.3 ms]
      [Ref Enq: 0.0 ms]
      [Redirty Cards: 0.2 ms]
      [Humongous Register: 0.2 ms]
      [Humongous Reclaim: 0.0 ms]
      [Free CSet: 0.0 ms]
   [Eden: 1024.0K(286.0M)->0.0B(298.0M) Survivors: 7168.0K->8192.0K Heap: 505.1M(1024.0M)->504.7M(1024.0M)]
 [Times: user=0.04 sys=0.00, real=0.01 secs] 
8.202: [GC concurrent-root-region-scan-start]
8.202: [GC concurrent-root-region-scan-end, 0.0002256 secs]
8.202: [GC concurrent-mark-start]
8.204: [GC concurrent-mark-end, 0.0024421 secs]
8.204: [GC remark 8.204: [Finalize Marking, 0.0004010 secs] 8.205: [GC ref-proc, 0.0004198 secs] 8.205: [Unloading, 0.0009836 secs], 0.0025553 secs]
 [Times: user=0.01 sys=0.00, real=0.00 secs] 
8.207: [GC cleanup 516M->514M(1024M), 0.0015185 secs]
 [Times: user=0.01 sys=0.01, real=0.01 secs] 
8.209: [GC concurrent-cleanup-start]
8.209: [GC concurrent-cleanup-end, 0.0000252 secs]
8.318: [GC pause (G1 Evacuation Pause) (young) (to-space exhausted), 0.0303868 secs]
   [Parallel Time: 26.6 ms, GC Workers: 18]
      [GC Worker Start (ms): Min: 8319.0, Avg: 8319.4, Max: 8319.7, Diff: 0.6]
      [Ext Root Scanning (ms): Min: 0.0, Avg: 0.2, Max: 0.5, Diff: 0.5, Sum: 3.5]
      [Update RS (ms): Min: 14.0, Avg: 14.2, Max: 14.4, Diff: 0.4, Sum: 255.5]
         [Processed Buffers: Min: 24, Avg: 34.2, Max: 41, Diff: 17, Sum: 615]
      [Scan RS (ms): Min: 0.0, Avg: 0.1, Max: 0.2, Diff: 0.2, Sum: 1.6]
      [Code Root Scanning (ms): Min: 0.0, Avg: 0.0, Max: 0.0, Diff: 0.0, Sum: 0.0]
      [Object Copy (ms): Min: 11.0, Avg: 11.4, Max: 11.6, Diff: 0.6, Sum: 204.3]
      [Termination (ms): Min: 0.0, Avg: 0.1, Max: 0.2, Diff: 0.2, Sum: 2.3]
         [Termination Attempts: Min: 1, Avg: 1.0, Max: 1, Diff: 0, Sum: 18]
      [GC Worker Other (ms): Min: 0.0, Avg: 0.0, Max: 0.1, Diff: 0.1, Sum: 0.6]
      [GC Worker Total (ms): Min: 25.7, Avg: 26.0, Max: 26.4, Diff: 0.6, Sum: 467.9]
      [GC Worker End (ms): Min: 8345.4, Avg: 8345.4, Max: 8345.4, Diff: 0.1]
   [Code Root Fixup: 0.0 ms]
   [Code Root Purge: 0.0 ms]
   [Clear CT: 0.3 ms]
   [Other: 3.5 ms]
      [Evacuation Failure: 1.0 ms]
      [Choose CSet: 0.0 ms]
      [Ref Proc: 0.4 ms]
      [Ref Enq: 0.0 ms]
      [Redirty Cards: 0.4 ms]
      [Humongous Register: 0.5 ms]
      [Humongous Reclaim: 0.6 ms]
      [Free CSet: 0.4 ms]
   [Eden: 298.0M(298.0M)->0.0B(12.0M) Survivors: 8192.0K->39.0M Heap: 875.8M(1024.0M)->746.4M(1024.0M)]
 [Times: user=0.46 sys=0.00, real=0.03 secs] 
8.353: [GC pause (G1 Evacuation Pause) (mixed), 0.0208557 secs]
   [Parallel Time: 18.1 ms, GC Workers: 18]
      [GC Worker Start (ms): Min: 8353.7, Avg: 8353.9, Max: 8354.1, Diff: 0.5]
      [Ext Root Scanning (ms): Min: 0.0, Avg: 0.2, Max: 0.4, Diff: 0.4, Sum: 3.4]
      [Update RS (ms): Min: 0.5, Avg: 0.7, Max: 0.8, Diff: 0.3, Sum: 11.9]
         [Processed Buffers: Min: 2, Avg: 3.6, Max: 6, Diff: 4, Sum: 64]
      [Scan RS (ms): Min: 0.0, Avg: 0.1, Max: 0.2, Diff: 0.2, Sum: 1.7]
      [Code Root Scanning (ms): Min: 0.0, Avg: 0.0, Max: 0.0, Diff: 0.0, Sum: 0.0]
      [Object Copy (ms): Min: 15.8, Avg: 16.2, Max: 16.5, Diff: 0.7, Sum: 291.9]
      [Termination (ms): Min: 0.0, Avg: 0.3, Max: 0.5, Diff: 0.5, Sum: 5.1]
         [Termination Attempts: Min: 1, Avg: 1.0, Max: 1, Diff: 0, Sum: 18]
      [GC Worker Other (ms): Min: 0.0, Avg: 0.0, Max: 0.1, Diff: 0.1, Sum: 0.5]
      [GC Worker Total (ms): Min: 17.3, Avg: 17.5, Max: 17.7, Diff: 0.4, Sum: 314.6]
      [GC Worker End (ms): Min: 8371.4, Avg: 8371.4, Max: 8371.4, Diff: 0.0]
   [Code Root Fixup: 0.0 ms]
   [Code Root Purge: 0.0 ms]
   [Clear CT: 0.5 ms]
   [Other: 2.3 ms]
      [Choose CSet: 0.1 ms]
      [Ref Proc: 0.4 ms]
      [Ref Enq: 0.0 ms]
      [Redirty Cards: 0.5 ms]
      [Humongous Register: 0.3 ms]
      [Humongous Reclaim: 0.1 ms]
      [Free CSet: 0.6 ms]
   [Eden: 12.0M(12.0M)->0.0B(48.0M) Survivors: 39.0M->3072.0K Heap: 761.2M(1024.0M)->676.1M(1024.0M)]
 [Times: user=0.30 sys=0.01, real=0.02 secs] 
8.392: [GC pause (G1 Evacuation Pause) (mixed), 0.0137003 secs]
   [Parallel Time: 12.1 ms, GC Workers: 18]
      [GC Worker Start (ms): Min: 8392.1, Avg: 8392.4, Max: 8392.7, Diff: 0.5]
      [Ext Root Scanning (ms): Min: 0.0, Avg: 0.2, Max: 0.6, Diff: 0.6, Sum: 4.0]
      [Update RS (ms): Min: 2.3, Avg: 2.5, Max: 2.8, Diff: 0.5, Sum: 45.0]
         [Processed Buffers: Min: 5, Avg: 7.0, Max: 11, Diff: 6, Sum: 126]
      [Scan RS (ms): Min: 0.0, Avg: 0.1, Max: 0.5, Diff: 0.5, Sum: 1.7]
      [Code Root Scanning (ms): Min: 0.0, Avg: 0.0, Max: 0.2, Diff: 0.2, Sum: 0.2]
      [Object Copy (ms): Min: 7.9, Avg: 8.4, Max: 8.9, Diff: 0.9, Sum: 151.6]
      [Termination (ms): Min: 0.0, Avg: 0.3, Max: 0.8, Diff: 0.8, Sum: 5.6]
         [Termination Attempts: Min: 1, Avg: 1.0, Max: 1, Diff: 0, Sum: 18]
      [GC Worker Other (ms): Min: 0.0, Avg: 0.0, Max: 0.0, Diff: 0.0, Sum: 0.3]
      [GC Worker Total (ms): Min: 11.4, Avg: 11.6, Max: 11.9, Diff: 0.5, Sum: 208.4]
      [GC Worker End (ms): Min: 8404.0, Avg: 8404.0, Max: 8404.0, Diff: 0.0]
   [Code Root Fixup: 0.0 ms]
   [Code Root Purge: 0.0 ms]
   [Clear CT: 0.2 ms]
   [Other: 1.4 ms]
      [Choose CSet: 0.0 ms]
      [Ref Proc: 0.3 ms]
      [Ref Enq: 0.0 ms]
      [Redirty Cards: 0.2 ms]
      [Humongous Register: 0.3 ms]
      [Humongous Reclaim: 0.1 ms]
      [Free CSet: 0.2 ms]
   [Eden: 48.0M(48.0M)->0.0B(147.0M) Survivors: 3072.0K->7168.0K Heap: 737.3M(1024.0M)->682.9M(1024.0M)]
 [Times: user=0.20 sys=0.01, real=0.01 secs] 
8.406: [GC pause (G1 Humongous Allocation) (young) (initial-mark), 0.0036258 secs]
   [Parallel Time: 2.5 ms, GC Workers: 18]
      [GC Worker Start (ms): Min: 8406.5, Avg: 8406.6, Max: 8406.7, Diff: 0.2]
      [Ext Root Scanning (ms): Min: 0.1, Avg: 0.2, Max: 0.3, Diff: 0.2, Sum: 3.5]
      [Update RS (ms): Min: 0.1, Avg: 0.5, Max: 1.9, Diff: 1.8, Sum: 9.1]
         [Processed Buffers: Min: 0, Avg: 1.1, Max: 2, Diff: 2, Sum: 19]
      [Scan RS (ms): Min: 0.0, Avg: 0.0, Max: 0.0, Diff: 0.0, Sum: 0.1]
      [Code Root Scanning (ms): Min: 0.0, Avg: 0.0, Max: 0.0, Diff: 0.0, Sum: 0.0]
      [Object Copy (ms): Min: 0.0, Avg: 1.2, Max: 1.8, Diff: 1.8, Sum: 21.1]
      [Termination (ms): Min: 0.0, Avg: 0.3, Max: 0.5, Diff: 0.4, Sum: 4.8]
         [Termination Attempts: Min: 1, Avg: 1.4, Max: 3, Diff: 2, Sum: 26]
      [GC Worker Other (ms): Min: 0.0, Avg: 0.0, Max: 0.0, Diff: 0.0, Sum: 0.2]
      [GC Worker Total (ms): Min: 2.0, Avg: 2.2, Max: 2.3, Diff: 0.3, Sum: 38.8]
      [GC Worker End (ms): Min: 8408.8, Avg: 8408.8, Max: 8408.8, Diff: 0.0]
   [Code Root Fixup: 0.0 ms]
   [Code Root Purge: 0.0 ms]
   [Clear CT: 0.2 ms]
   [Other: 0.9 ms]
      [Choose CSet: 0.0 ms]
      [Ref Proc: 0.3 ms]
      [Ref Enq: 0.0 ms]
      [Redirty Cards: 0.2 ms]
      [Humongous Register: 0.1 ms]
      [Humongous Reclaim: 0.0 ms]
      [Free CSet: 0.0 ms]
   [Eden: 2048.0K(147.0M)->0.0B(140.0M) Survivors: 7168.0K->7168.0K Heap: 684.6M(1024.0M)->682.8M(1024.0M)]
 [Times: user=0.04 sys=0.00, real=0.01 secs] 
8.410: [GC concurrent-root-region-scan-start]
8.410: [GC concurrent-root-region-scan-end, 0.0001859 secs]
8.410: [GC concurrent-mark-start]
8.412: [GC concurrent-mark-end, 0.0019202 secs]
8.412: [GC remark 8.412: [Finalize Marking, 0.0005445 secs] 8.413: [GC ref-proc, 0.0005517 secs] 8.414: [Unloading, 0.0010625 secs], 0.0031037 secs]
 [Times: user=0.02 sys=0.00, real=0.00 secs] 
8.416: [GC cleanup 692M->686M(1024M), 0.0017408 secs]
 [Times: user=0.01 sys=0.00, real=0.00 secs] 
8.417: [GC concurrent-cleanup-start]
8.417: [GC concurrent-cleanup-end, 0.0000371 secs]
8.469: [GC pause (G1 Evacuation Pause) (young), 0.0197347 secs]
   [Parallel Time: 17.7 ms, GC Workers: 18]
      [GC Worker Start (ms): Min: 8469.3, Avg: 8469.6, Max: 8469.8, Diff: 0.5]
      [Ext Root Scanning (ms): Min: 0.0, Avg: 0.2, Max: 0.4, Diff: 0.4, Sum: 2.8]
      [Update RS (ms): Min: 5.5, Avg: 5.5, Max: 5.7, Diff: 0.2, Sum: 99.7]
         [Processed Buffers: Min: 15, Avg: 17.2, Max: 22, Diff: 7, Sum: 309]
      [Scan RS (ms): Min: 0.0, Avg: 0.0, Max: 0.1, Diff: 0.1, Sum: 0.7]
      [Code Root Scanning (ms): Min: 0.0, Avg: 0.0, Max: 0.0, Diff: 0.0, Sum: 0.0]
      [Object Copy (ms): Min: 10.8, Avg: 11.2, Max: 11.5, Diff: 0.7, Sum: 201.3]
      [Termination (ms): Min: 0.0, Avg: 0.3, Max: 0.6, Diff: 0.6, Sum: 5.7]
         [Termination Attempts: Min: 1, Avg: 1.0, Max: 1, Diff: 0, Sum: 18]
      [GC Worker Other (ms): Min: 0.0, Avg: 0.0, Max: 0.0, Diff: 0.0, Sum: 0.3]
      [GC Worker Total (ms): Min: 17.0, Avg: 17.3, Max: 17.5, Diff: 0.5, Sum: 310.5]
      [GC Worker End (ms): Min: 8486.8, Avg: 8486.8, Max: 8486.8, Diff: 0.0]
   [Code Root Fixup: 0.0 ms]
   [Code Root Purge: 0.0 ms]
   [Clear CT: 0.2 ms]
   [Other: 1.8 ms]
      [Choose CSet: 0.0 ms]
      [Ref Proc: 0.3 ms]
      [Ref Enq: 0.0 ms]
      [Redirty Cards: 0.2 ms]
      [Humongous Register: 0.4 ms]
      [Humongous Reclaim: 0.3 ms]
      [Free CSet: 0.3 ms]
   [Eden: 140.0M(140.0M)->0.0B(32.0M) Survivors: 7168.0K->19.0M Heap: 854.2M(1024.0M)->719.7M(1024.0M)]
 [Times: user=0.30 sys=0.00, real=0.02 secs] 
8.500: [GC pause (G1 Evacuation Pause) (mixed), 0.0137213 secs]
   [Parallel Time: 11.9 ms, GC Workers: 18]
      [GC Worker Start (ms): Min: 8500.5, Avg: 8500.8, Max: 8501.0, Diff: 0.5]
      [Ext Root Scanning (ms): Min: 0.0, Avg: 0.1, Max: 0.3, Diff: 0.3, Sum: 1.4]
      [Update RS (ms): Min: 1.0, Avg: 1.2, Max: 1.3, Diff: 0.4, Sum: 20.9]
         [Processed Buffers: Min: 3, Avg: 4.3, Max: 7, Diff: 4, Sum: 77]
      [Scan RS (ms): Min: 0.0, Avg: 0.0, Max: 0.1, Diff: 0.1, Sum: 0.6]
      [Code Root Scanning (ms): Min: 0.0, Avg: 0.0, Max: 0.0, Diff: 0.0, Sum: 0.0]
      [Object Copy (ms): Min: 9.6, Avg: 9.9, Max: 10.1, Diff: 0.5, Sum: 178.7]
      [Termination (ms): Min: 0.0, Avg: 0.2, Max: 0.4, Diff: 0.4, Sum: 3.6]
         [Termination Attempts: Min: 1, Avg: 1.1, Max: 2, Diff: 1, Sum: 19]
      [GC Worker Other (ms): Min: 0.0, Avg: 0.0, Max: 0.0, Diff: 0.0, Sum: 0.4]
      [GC Worker Total (ms): Min: 11.2, Avg: 11.4, Max: 11.7, Diff: 0.5, Sum: 205.5]
      [GC Worker End (ms): Min: 8512.2, Avg: 8512.2, Max: 8512.2, Diff: 0.0]
   [Code Root Fixup: 0.0 ms]
   [Code Root Purge: 0.0 ms]
   [Clear CT: 0.2 ms]
   [Other: 1.5 ms]
      [Choose CSet: 0.1 ms]
      [Ref Proc: 0.3 ms]
      [Ref Enq: 0.0 ms]
      [Redirty Cards: 0.3 ms]
      [Humongous Register: 0.2 ms]
      [Humongous Reclaim: 0.1 ms]
      [Free CSet: 0.4 ms]
   [Eden: 32.0M(32.0M)->0.0B(44.0M) Survivors: 19.0M->7168.0K Heap: 759.2M(1024.0M)->633.5M(1024.0M)]
 [Times: user=0.20 sys=0.01, real=0.01 secs] 
8.531: [GC pause (G1 Evacuation Pause) (mixed), 0.0170707 secs]
   [Parallel Time: 15.4 ms, GC Workers: 18]
      [GC Worker Start (ms): Min: 8531.0, Avg: 8531.2, Max: 8531.5, Diff: 0.5]
      [Ext Root Scanning (ms): Min: 0.0, Avg: 0.1, Max: 0.3, Diff: 0.3, Sum: 1.6]
      [Update RS (ms): Min: 1.6, Avg: 1.9, Max: 2.1, Diff: 0.5, Sum: 33.9]
         [Processed Buffers: Min: 5, Avg: 6.6, Max: 9, Diff: 4, Sum: 119]
      [Scan RS (ms): Min: 0.0, Avg: 0.1, Max: 0.2, Diff: 0.2, Sum: 0.9]
      [Code Root Scanning (ms): Min: 0.0, Avg: 0.0, Max: 0.0, Diff: 0.0, Sum: 0.0]
      [Object Copy (ms): Min: 12.2, Avg: 12.5, Max: 12.8, Diff: 0.7, Sum: 224.7]
      [Termination (ms): Min: 0.0, Avg: 0.3, Max: 0.5, Diff: 0.5, Sum: 5.5]
         [Termination Attempts: Min: 1, Avg: 1.2, Max: 4, Diff: 3, Sum: 21]
      [GC Worker Other (ms): Min: 0.0, Avg: 0.0, Max: 0.1, Diff: 0.1, Sum: 0.5]
      [GC Worker Total (ms): Min: 14.6, Avg: 14.8, Max: 15.1, Diff: 0.5, Sum: 267.1]
      [GC Worker End (ms): Min: 8546.0, Avg: 8546.1, Max: 8546.1, Diff: 0.0]
   [Code Root Fixup: 0.0 ms]
   [Code Root Purge: 0.0 ms]
   [Clear CT: 0.2 ms]
   [Other: 1.5 ms]
      [Choose CSet: 0.1 ms]
      [Ref Proc: 0.3 ms]
      [Ref Enq: 0.0 ms]
      [Redirty Cards: 0.3 ms]
      [Humongous Register: 0.2 ms]
      [Humongous Reclaim: 0.1 ms]
      [Free CSet: 0.4 ms]
   [Eden: 44.0M(44.0M)->0.0B(44.0M) Survivors: 7168.0K->7168.0K Heap: 689.9M(1024.0M)->566.5M(1024.0M)]
 [Times: user=0.26 sys=0.01, real=0.01 secs] 
8.564: [GC pause (G1 Evacuation Pause) (mixed), 0.0179636 secs]
   [Parallel Time: 16.3 ms, GC Workers: 18]
      [GC Worker Start (ms): Min: 8564.1, Avg: 8564.3, Max: 8564.5, Diff: 0.4]
      [Ext Root Scanning (ms): Min: 0.0, Avg: 0.2, Max: 0.4, Diff: 0.4, Sum: 2.7]
      [Update RS (ms): Min: 1.0, Avg: 1.1, Max: 1.1, Diff: 0.2, Sum: 19.2]
         [Processed Buffers: Min: 3, Avg: 4.1, Max: 5, Diff: 2, Sum: 73]
      [Scan RS (ms): Min: 0.0, Avg: 0.1, Max: 0.2, Diff: 0.2, Sum: 0.9]
      [Code Root Scanning (ms): Min: 0.0, Avg: 0.0, Max: 0.0, Diff: 0.0, Sum: 0.0]
      [Object Copy (ms): Min: 13.9, Avg: 14.2, Max: 14.5, Diff: 0.7, Sum: 256.1]
      [Termination (ms): Min: 0.0, Avg: 0.3, Max: 0.7, Diff: 0.7, Sum: 5.5]
         [Termination Attempts: Min: 1, Avg: 1.2, Max: 3, Diff: 2, Sum: 21]
      [GC Worker Other (ms): Min: 0.0, Avg: 0.0, Max: 0.0, Diff: 0.0, Sum: 0.4]
      [GC Worker Total (ms): Min: 15.6, Avg: 15.8, Max: 16.0, Diff: 0.4, Sum: 284.9]
      [GC Worker End (ms): Min: 8580.1, Avg: 8580.1, Max: 8580.1, Diff: 0.0]
   [Code Root Fixup: 0.0 ms]
   [Code Root Purge: 0.0 ms]
   [Clear CT: 0.2 ms]
   [Other: 1.4 ms]
      [Choose CSet: 0.1 ms]
      [Ref Proc: 0.3 ms]
      [Ref Enq: 0.0 ms]
      [Redirty Cards: 0.3 ms]
      [Humongous Register: 0.2 ms]
      [Humongous Reclaim: 0.1 ms]
      [Free CSet: 0.4 ms]
   [Eden: 44.0M(44.0M)->0.0B(44.0M) Survivors: 7168.0K->7168.0K Heap: 617.4M(1024.0M)->511.4M(1024.0M)]
 [Times: user=0.27 sys=0.01, real=0.02 secs] 
8.599: [GC pause (G1 Evacuation Pause) (mixed), 0.0136853 secs]
   [Parallel Time: 12.4 ms, GC Workers: 18]
      [GC Worker Start (ms): Min: 8598.9, Avg: 8599.1, Max: 8599.3, Diff: 0.4]
      [Ext Root Scanning (ms): Min: 0.0, Avg: 0.1, Max: 0.4, Diff: 0.4, Sum: 2.4]
      [Update RS (ms): Min: 2.0, Avg: 2.1, Max: 2.1, Diff: 0.1, Sum: 37.1]
         [Processed Buffers: Min: 6, Avg: 7.2, Max: 8, Diff: 2, Sum: 129]
      [Scan RS (ms): Min: 0.0, Avg: 0.0, Max: 0.1, Diff: 0.1, Sum: 0.4]
      [Code Root Scanning (ms): Min: 0.0, Avg: 0.0, Max: 0.0, Diff: 0.0, Sum: 0.0]
      [Object Copy (ms): Min: 8.9, Avg: 9.3, Max: 9.6, Diff: 0.7, Sum: 167.4]
      [Termination (ms): Min: 0.0, Avg: 0.3, Max: 0.7, Diff: 0.7, Sum: 5.8]
         [Termination Attempts: Min: 1, Avg: 1.0, Max: 1, Diff: 0, Sum: 18]
      [GC Worker Other (ms): Min: 0.0, Avg: 0.0, Max: 0.0, Diff: 0.0, Sum: 0.3]
      [GC Worker Total (ms): Min: 11.6, Avg: 11.9, Max: 12.1, Diff: 0.4, Sum: 213.4]
      [GC Worker End (ms): Min: 8611.0, Avg: 8611.0, Max: 8611.0, Diff: 0.0]
   [Code Root Fixup: 0.0 ms]
   [Code Root Purge: 0.0 ms]
   [Clear CT: 0.2 ms]
   [Other: 1.1 ms]
      [Choose CSet: 0.0 ms]
      [Ref Proc: 0.3 ms]
      [Ref Enq: 0.0 ms]
      [Redirty Cards: 0.2 ms]
      [Humongous Register: 0.2 ms]
      [Humongous Reclaim: 0.1 ms]
      [Free CSet: 0.2 ms]
   [Eden: 44.0M(44.0M)->0.0B(259.0M) Survivors: 7168.0K->7168.0K Heap: 569.1M(1024.0M)->512.8M(1024.0M)]
 [Times: user=0.20 sys=0.01, real=0.01 secs] 
8.613: [GC pause (G1 Humongous Allocation) (young) (initial-mark), 0.0038641 secs]
   [Parallel Time: 2.8 ms, GC Workers: 18]
      [GC Worker Start (ms): Min: 8613.6, Avg: 8613.7, Max: 8613.8, Diff: 0.2]
      [Ext Root Scanning (ms): Min: 0.1, Avg: 0.2, Max: 0.3, Diff: 0.2, Sum: 3.8]
      [Update RS (ms): Min: 0.1, Avg: 0.1, Max: 0.3, Diff: 0.2, Sum: 2.2]
         [Processed Buffers: Min: 0, Avg: 1.0, Max: 2, Diff: 2, Sum: 18]
      [Scan RS (ms): Min: 0.0, Avg: 0.0, Max: 0.0, Diff: 0.0, Sum: 0.1]
      [Code Root Scanning (ms): Min: 0.0, Avg: 0.0, Max: 0.0, Diff: 0.0, Sum: 0.0]
      [Object Copy (ms): Min: 1.5, Avg: 1.9, Max: 2.2, Diff: 0.7, Sum: 33.8]
      [Termination (ms): Min: 0.0, Avg: 0.3, Max: 0.6, Diff: 0.6, Sum: 4.7]
         [Termination Attempts: Min: 1, Avg: 1.1, Max: 2, Diff: 1, Sum: 20]
      [GC Worker Other (ms): Min: 0.0, Avg: 0.0, Max: 0.0, Diff: 0.0, Sum: 0.2]
      [GC Worker Total (ms): Min: 2.4, Avg: 2.5, Max: 2.6, Diff: 0.2, Sum: 44.8]
      [GC Worker End (ms): Min: 8616.2, Avg: 8616.2, Max: 8616.2, Diff: 0.0]
   [Code Root Fixup: 0.0 ms]
   [Code Root Purge: 0.0 ms]
   [Clear CT: 0.2 ms]
   [Other: 0.9 ms]
      [Choose CSet: 0.0 ms]
      [Ref Proc: 0.2 ms]
      [Ref Enq: 0.0 ms]
      [Redirty Cards: 0.2 ms]
      [Humongous Register: 0.2 ms]
      [Humongous Reclaim: 0.0 ms]
      [Free CSet: 0.0 ms]
   [Eden: 3072.0K(259.0M)->0.0B(220.0M) Survivors: 7168.0K->8192.0K Heap: 515.5M(1024.0M)->513.8M(1024.0M)]
 [Times: user=0.05 sys=0.00, real=0.00 secs] 
8.617: [GC concurrent-root-region-scan-start]
8.617: [GC concurrent-root-region-scan-end, 0.0001412 secs]
8.617: [GC concurrent-mark-start]
8.619: [GC concurrent-mark-end, 0.0015615 secs]
8.619: [GC remark 8.619: [Finalize Marking, 0.0004283 secs] 8.620: [GC ref-proc, 0.0004060 secs] 8.620: [Unloading, 0.0009259 secs], 0.0025389 secs]
 [Times: user=0.02 sys=0.00, real=0.00 secs] 
8.622: [GC cleanup 522M->516M(1024M), 0.0014776 secs]
 [Times: user=0.01 sys=0.00, real=0.00 secs] 
8.623: [GC concurrent-cleanup-start]
8.623: [GC concurrent-cleanup-end, 0.0000294 secs]
8.703: [GC pause (G1 Evacuation Pause) (young), 0.0344642 secs]
   [Parallel Time: 32.6 ms, GC Workers: 18]
      [GC Worker Start (ms): Min: 8703.0, Avg: 8703.3, Max: 8703.5, Diff: 0.5]
      [Ext Root Scanning (ms): Min: 0.0, Avg: 0.1, Max: 0.4, Diff: 0.4, Sum: 2.4]
      [Update RS (ms): Min: 9.4, Avg: 9.6, Max: 9.8, Diff: 0.4, Sum: 173.4]
         [Processed Buffers: Min: 27, Avg: 29.8, Max: 37, Diff: 10, Sum: 537]
      [Scan RS (ms): Min: 0.0, Avg: 0.1, Max: 0.4, Diff: 0.4, Sum: 1.6]
      [Code Root Scanning (ms): Min: 0.0, Avg: 0.0, Max: 0.0, Diff: 0.0, Sum: 0.0]
      [Object Copy (ms): Min: 21.4, Avg: 21.8, Max: 22.4, Diff: 1.0, Sum: 393.2]
      [Termination (ms): Min: 0.0, Avg: 0.3, Max: 0.8, Diff: 0.8, Sum: 6.1]
         [Termination Attempts: Min: 1, Avg: 1.1, Max: 2, Diff: 1, Sum: 19]
      [GC Worker Other (ms): Min: 0.0, Avg: 0.0, Max: 0.1, Diff: 0.0, Sum: 0.5]
      [GC Worker Total (ms): Min: 31.9, Avg: 32.1, Max: 32.4, Diff: 0.5, Sum: 577.2]
      [GC Worker End (ms): Min: 8735.4, Avg: 8735.4, Max: 8735.4, Diff: 0.0]
   [Code Root Fixup: 0.0 ms]
   [Code Root Purge: 0.0 ms]
   [Clear CT: 0.2 ms]
   [Other: 1.6 ms]
      [Choose CSet: 0.0 ms]
      [Ref Proc: 0.2 ms]
      [Ref Enq: 0.0 ms]
      [Redirty Cards: 0.3 ms]
      [Humongous Register: 0.3 ms]
      [Humongous Reclaim: 0.3 ms]
      [Free CSet: 0.4 ms]
   [Eden: 220.0M(220.0M)->0.0B(22.0M) Survivors: 8192.0K->29.0M Heap: 793.5M(1024.0M)->580.5M(1024.0M)]
 [Times: user=0.57 sys=0.01, real=0.03 secs] 
8.745: [GC pause (G1 Evacuation Pause) (mixed), 0.0208888 secs]
   [Parallel Time: 19.2 ms, GC Workers: 18]
      [GC Worker Start (ms): Min: 8745.4, Avg: 8745.7, Max: 8745.9, Diff: 0.5]
      [Ext Root Scanning (ms): Min: 0.0, Avg: 0.1, Max: 0.4, Diff: 0.3, Sum: 1.5]
      [Update RS (ms): Min: 0.0, Avg: 0.3, Max: 0.4, Diff: 0.4, Sum: 5.6]
         [Processed Buffers: Min: 0, Avg: 1.8, Max: 4, Diff: 4, Sum: 32]
      [Scan RS (ms): Min: 0.0, Avg: 0.1, Max: 0.2, Diff: 0.2, Sum: 1.1]
      [Code Root Scanning (ms): Min: 0.0, Avg: 0.0, Max: 0.0, Diff: 0.0, Sum: 0.0]
      [Object Copy (ms): Min: 17.4, Avg: 17.6, Max: 18.0, Diff: 0.7, Sum: 316.6]
      [Termination (ms): Min: 0.0, Avg: 0.5, Max: 0.7, Diff: 0.7, Sum: 8.7]
         [Termination Attempts: Min: 1, Avg: 1.1, Max: 2, Diff: 1, Sum: 20]
      [GC Worker Other (ms): Min: 0.0, Avg: 0.0, Max: 0.0, Diff: 0.0, Sum: 0.3]
      [GC Worker Total (ms): Min: 18.3, Avg: 18.5, Max: 18.9, Diff: 0.5, Sum: 333.9]
      [GC Worker End (ms): Min: 8764.2, Avg: 8764.3, Max: 8764.3, Diff: 0.0]
   [Code Root Fixup: 0.0 ms]
   [Code Root Purge: 0.0 ms]
   [Clear CT: 0.2 ms]
   [Other: 1.4 ms]
      [Choose CSet: 0.1 ms]
      [Ref Proc: 0.3 ms]
      [Ref Enq: 0.0 ms]
      [Redirty Cards: 0.3 ms]
      [Humongous Register: 0.2 ms]
      [Humongous Reclaim: 0.1 ms]
      [Free CSet: 0.4 ms]
   [Eden: 22.0M(22.0M)->0.0B(44.0M) Survivors: 29.0M->7168.0K Heap: 604.4M(1024.0M)->515.0M(1024.0M)]
 [Times: user=0.30 sys=0.02, real=0.02 secs] 
8.782: [GC pause (G1 Evacuation Pause) (mixed), 0.0133554 secs]
   [Parallel Time: 11.9 ms, GC Workers: 18]
      [GC Worker Start (ms): Min: 8782.3, Avg: 8782.6, Max: 8782.8, Diff: 0.5]
      [Ext Root Scanning (ms): Min: 0.0, Avg: 0.1, Max: 0.4, Diff: 0.4, Sum: 2.6]
      [Update RS (ms): Min: 1.7, Avg: 2.0, Max: 2.2, Diff: 0.5, Sum: 35.5]
         [Processed Buffers: Min: 5, Avg: 6.5, Max: 8, Diff: 3, Sum: 117]
      [Scan RS (ms): Min: 0.0, Avg: 0.0, Max: 0.1, Diff: 0.1, Sum: 0.8]
      [Code Root Scanning (ms): Min: 0.0, Avg: 0.0, Max: 0.0, Diff: 0.0, Sum: 0.0]
      [Object Copy (ms): Min: 8.7, Avg: 8.9, Max: 9.3, Diff: 0.7, Sum: 160.9]
      [Termination (ms): Min: 0.0, Avg: 0.3, Max: 0.5, Diff: 0.5, Sum: 4.7]
         [Termination Attempts: Min: 1, Avg: 1.2, Max: 2, Diff: 1, Sum: 22]
      [GC Worker Other (ms): Min: 0.0, Avg: 0.0, Max: 0.0, Diff: 0.0, Sum: 0.4]
      [GC Worker Total (ms): Min: 11.2, Avg: 11.4, Max: 11.6, Diff: 0.5, Sum: 205.0]
      [GC Worker End (ms): Min: 8793.9, Avg: 8794.0, Max: 8794.0, Diff: 0.0]
   [Code Root Fixup: 0.0 ms]
   [Code Root Purge: 0.0 ms]
   [Clear CT: 0.2 ms]
   [Other: 1.3 ms]
      [Choose CSet: 0.0 ms]
      [Ref Proc: 0.3 ms]
      [Ref Enq: 0.0 ms]
      [Redirty Cards: 0.3 ms]
      [Humongous Register: 0.2 ms]
      [Humongous Reclaim: 0.1 ms]
      [Free CSet: 0.2 ms]
   [Eden: 44.0M(44.0M)->0.0B(225.0M) Survivors: 7168.0K->7168.0K Heap: 571.1M(1024.0M)->515.8M(1024.0M)]
 [Times: user=0.20 sys=0.01, real=0.01 secs] 
8.797: [GC pause (G1 Humongous Allocation) (young) (initial-mark), 0.0036561 secs]
   [Parallel Time: 2.4 ms, GC Workers: 18]
      [GC Worker Start (ms): Min: 8797.1, Avg: 8797.2, Max: 8797.4, Diff: 0.3]
      [Ext Root Scanning (ms): Min: 0.0, Avg: 0.2, Max: 0.3, Diff: 0.3, Sum: 3.1]
      [Update RS (ms): Min: 0.1, Avg: 0.2, Max: 0.6, Diff: 0.5, Sum: 4.0]
         [Processed Buffers: Min: 0, Avg: 1.1, Max: 2, Diff: 2, Sum: 19]
      [Scan RS (ms): Min: 0.0, Avg: 0.0, Max: 0.0, Diff: 0.0, Sum: 0.1]
      [Code Root Scanning (ms): Min: 0.0, Avg: 0.0, Max: 0.0, Diff: 0.0, Sum: 0.0]
      [Object Copy (ms): Min: 1.0, Avg: 1.4, Max: 1.7, Diff: 0.7, Sum: 24.9]
      [Termination (ms): Min: 0.0, Avg: 0.2, Max: 0.5, Diff: 0.5, Sum: 4.2]
         [Termination Attempts: Min: 1, Avg: 1.0, Max: 1, Diff: 0, Sum: 18]
      [GC Worker Other (ms): Min: 0.0, Avg: 0.0, Max: 0.0, Diff: 0.0, Sum: 0.3]
      [GC Worker Total (ms): Min: 1.9, Avg: 2.0, Max: 2.2, Diff: 0.3, Sum: 36.6]
      [GC Worker End (ms): Min: 8799.2, Avg: 8799.2, Max: 8799.3, Diff: 0.0]
   [Code Root Fixup: 0.0 ms]
   [Code Root Purge: 0.0 ms]
   [Clear CT: 0.3 ms]
   [Other: 1.0 ms]
      [Choose CSet: 0.0 ms]
      [Ref Proc: 0.3 ms]
      [Ref Enq: 0.0 ms]
      [Redirty Cards: 0.2 ms]
      [Humongous Register: 0.2 ms]
      [Humongous Reclaim: 0.0 ms]
      [Free CSet: 0.0 ms]
   [Eden: 4096.0K(225.0M)->0.0B(235.0M) Survivors: 7168.0K->9216.0K Heap: 519.7M(1024.0M)->517.1M(1024.0M)]
 [Times: user=0.04 sys=0.00, real=0.01 secs] 
8.801: [GC concurrent-root-region-scan-start]
8.801: [GC concurrent-root-region-scan-end, 0.0002537 secs]
8.801: [GC concurrent-mark-start]
8.802: [GC concurrent-mark-end, 0.0016311 secs]
8.803: [GC remark 8.803: [Finalize Marking, 0.0004293 secs] 8.803: [GC ref-proc, 0.0004200 secs] 8.804: [Unloading, 0.0010248 secs], 0.0027272 secs]
 [Times: user=0.02 sys=0.01, real=0.00 secs] 
8.805: [GC cleanup 525M->519M(1024M), 0.0015769 secs]
 [Times: user=0.01 sys=0.00, real=0.00 secs] 
8.807: [GC concurrent-cleanup-start]
8.807: [GC concurrent-cleanup-end, 0.0000307 secs]
8.896: [GC pause (G1 Evacuation Pause) (young), 0.0366140 secs]
   [Parallel Time: 34.5 ms, GC Workers: 18]
      [GC Worker Start (ms): Min: 8897.0, Avg: 8897.3, Max: 8897.6, Diff: 0.5]
      [Ext Root Scanning (ms): Min: 0.0, Avg: 0.1, Max: 0.4, Diff: 0.4, Sum: 2.5]
      [Update RS (ms): Min: 11.5, Avg: 11.7, Max: 11.9, Diff: 0.4, Sum: 211.3]
         [Processed Buffers: Min: 31, Avg: 33.0, Max: 38, Diff: 7, Sum: 594]
      [Scan RS (ms): Min: 0.0, Avg: 0.1, Max: 0.1, Diff: 0.1, Sum: 1.0]
      [Code Root Scanning (ms): Min: 0.0, Avg: 0.0, Max: 0.0, Diff: 0.0, Sum: 0.0]
      [Object Copy (ms): Min: 21.3, Avg: 21.7, Max: 22.0, Diff: 0.7, Sum: 389.9]
      [Termination (ms): Min: 0.0, Avg: 0.3, Max: 0.7, Diff: 0.7, Sum: 5.6]
         [Termination Attempts: Min: 1, Avg: 1.0, Max: 1, Diff: 0, Sum: 18]
      [GC Worker Other (ms): Min: 0.0, Avg: 0.0, Max: 0.1, Diff: 0.1, Sum: 0.7]
      [GC Worker Total (ms): Min: 33.7, Avg: 33.9, Max: 34.3, Diff: 0.6, Sum: 611.1]
      [GC Worker End (ms): Min: 8931.2, Avg: 8931.3, Max: 8931.3, Diff: 0.1]
   [Code Root Fixup: 0.0 ms]
   [Code Root Purge: 0.0 ms]
   [Clear CT: 0.2 ms]
   [Other: 1.9 ms]
      [Choose CSet: 0.0 ms]
      [Ref Proc: 0.3 ms]
      [Ref Enq: 0.0 ms]
      [Redirty Cards: 0.3 ms]
      [Humongous Register: 0.4 ms]
      [Humongous Reclaim: 0.3 ms]
      [Free CSet: 0.4 ms]
   [Eden: 235.0M(235.0M)->0.0B(20.0M) Survivors: 9216.0K->31.0M Heap: 818.7M(1024.0M)->578.1M(1024.0M)]
 [Times: user=0.60 sys=0.01, real=0.04 secs] 
8.940: [GC pause (G1 Evacuation Pause) (mixed), 0.0204877 secs]
   [Parallel Time: 18.8 ms, GC Workers: 18]
      [GC Worker Start (ms): Min: 8940.8, Avg: 8941.0, Max: 8941.3, Diff: 0.4]
      [Ext Root Scanning (ms): Min: 0.0, Avg: 0.1, Max: 0.3, Diff: 0.3, Sum: 2.2]
      [Update RS (ms): Min: 0.3, Avg: 0.5, Max: 0.6, Diff: 0.3, Sum: 8.5]
         [Processed Buffers: Min: 1, Avg: 2.3, Max: 3, Diff: 2, Sum: 41]
      [Scan RS (ms): Min: 0.0, Avg: 0.1, Max: 0.4, Diff: 0.4, Sum: 1.9]
      [Code Root Scanning (ms): Min: 0.0, Avg: 0.0, Max: 0.0, Diff: 0.0, Sum: 0.0]
      [Object Copy (ms): Min: 17.1, Avg: 17.4, Max: 17.8, Diff: 0.7, Sum: 313.6]
      [Termination (ms): Min: 0.0, Avg: 0.3, Max: 0.6, Diff: 0.6, Sum: 5.8]
         [Termination Attempts: Min: 1, Avg: 1.0, Max: 1, Diff: 0, Sum: 18]
      [GC Worker Other (ms): Min: 0.0, Avg: 0.0, Max: 0.1, Diff: 0.1, Sum: 0.6]
      [GC Worker Total (ms): Min: 18.3, Avg: 18.5, Max: 18.7, Diff: 0.5, Sum: 332.7]
      [GC Worker End (ms): Min: 8959.5, Avg: 8959.5, Max: 8959.6, Diff: 0.1]
   [Code Root Fixup: 0.0 ms]
   [Code Root Purge: 0.0 ms]
   [Clear CT: 0.2 ms]
   [Other: 1.4 ms]
      [Choose CSet: 0.1 ms]
      [Ref Proc: 0.3 ms]
      [Ref Enq: 0.0 ms]
      [Redirty Cards: 0.3 ms]
      [Humongous Register: 0.2 ms]
      [Humongous Reclaim: 0.1 ms]
      [Free CSet: 0.4 ms]
   [Eden: 20.0M(20.0M)->0.0B(44.0M) Survivors: 31.0M->7168.0K Heap: 601.0M(1024.0M)->513.6M(1024.0M)]
 [Times: user=0.32 sys=0.01, real=0.02 secs] 
8.976: [GC pause (G1 Evacuation Pause) (mixed), 0.0113804 secs]
   [Parallel Time: 9.9 ms, GC Workers: 18]
      [GC Worker Start (ms): Min: 8976.8, Avg: 8977.1, Max: 8977.3, Diff: 0.5]
      [Ext Root Scanning (ms): Min: 0.0, Avg: 0.1, Max: 0.4, Diff: 0.4, Sum: 2.0]
      [Update RS (ms): Min: 1.2, Avg: 1.5, Max: 1.8, Diff: 0.6, Sum: 27.4]
         [Processed Buffers: Min: 4, Avg: 5.2, Max: 7, Diff: 3, Sum: 93]
      [Scan RS (ms): Min: 0.0, Avg: 0.0, Max: 0.0, Diff: 0.0, Sum: 0.3]
      [Code Root Scanning (ms): Min: 0.0, Avg: 0.0, Max: 0.0, Diff: 0.0, Sum: 0.0]
      [Object Copy (ms): Min: 6.9, Avg: 7.4, Max: 7.8, Diff: 0.9, Sum: 133.9]
      [Termination (ms): Min: 0.0, Avg: 0.3, Max: 0.6, Diff: 0.6, Sum: 5.3]
         [Termination Attempts: Min: 1, Avg: 1.0, Max: 1, Diff: 0, Sum: 18]
      [GC Worker Other (ms): Min: 0.0, Avg: 0.0, Max: 0.0, Diff: 0.0, Sum: 0.3]
      [GC Worker Total (ms): Min: 9.2, Avg: 9.4, Max: 9.7, Diff: 0.5, Sum: 169.2]
      [GC Worker End (ms): Min: 8986.5, Avg: 8986.5, Max: 8986.5, Diff: 0.0]
   [Code Root Fixup: 0.0 ms]
   [Code Root Purge: 0.0 ms]
   [Clear CT: 0.2 ms]
   [Other: 1.2 ms]
      [Choose CSet: 0.0 ms]
      [Ref Proc: 0.4 ms]
      [Ref Enq: 0.0 ms]
      [Redirty Cards: 0.3 ms]
      [Humongous Register: 0.2 ms]
      [Humongous Reclaim: 0.1 ms]
      [Free CSet: 0.1 ms]
   [Eden: 44.0M(44.0M)->0.0B(205.0M) Survivors: 7168.0K->7168.0K Heap: 566.8M(1024.0M)->525.3M(1024.0M)]
 [Times: user=0.17 sys=0.00, real=0.01 secs] 
8.988: [GC pause (G1 Humongous Allocation) (young) (initial-mark), 0.0036671 secs]
   [Parallel Time: 2.4 ms, GC Workers: 18]
      [GC Worker Start (ms): Min: 8988.8, Avg: 8989.0, Max: 8989.2, Diff: 0.4]
      [Ext Root Scanning (ms): Min: 0.0, Avg: 0.2, Max: 0.5, Diff: 0.4, Sum: 3.4]
      [Update RS (ms): Min: 0.0, Avg: 0.1, Max: 0.6, Diff: 0.6, Sum: 2.7]
         [Processed Buffers: Min: 0, Avg: 0.9, Max: 3, Diff: 3, Sum: 17]
      [Scan RS (ms): Min: 0.0, Avg: 0.0, Max: 0.0, Diff: 0.0, Sum: 0.1]
      [Code Root Scanning (ms): Min: 0.0, Avg: 0.0, Max: 0.0, Diff: 0.0, Sum: 0.0]
      [Object Copy (ms): Min: 0.7, Avg: 1.3, Max: 1.7, Diff: 1.0, Sum: 23.4]
      [Termination (ms): Min: 0.0, Avg: 0.4, Max: 0.7, Diff: 0.7, Sum: 6.5]
         [Termination Attempts: Min: 1, Avg: 1.0, Max: 1, Diff: 0, Sum: 18]
      [GC Worker Other (ms): Min: 0.0, Avg: 0.0, Max: 0.0, Diff: 0.0, Sum: 0.2]
      [GC Worker Total (ms): Min: 1.9, Avg: 2.0, Max: 2.2, Diff: 0.4, Sum: 36.3]
      [GC Worker End (ms): Min: 8991.0, Avg: 8991.1, Max: 8991.1, Diff: 0.0]
   [Code Root Fixup: 0.0 ms]
   [Code Root Purge: 0.0 ms]
   [Clear CT: 0.2 ms]
   [Other: 1.1 ms]
      [Choose CSet: 0.0 ms]
      [Ref Proc: 0.4 ms]
      [Ref Enq: 0.0 ms]
      [Redirty Cards: 0.2 ms]
      [Humongous Register: 0.2 ms]
      [Humongous Reclaim: 0.0 ms]
      [Free CSet: 0.0 ms]
   [Eden: 1024.0K(205.0M)->0.0B(244.0M) Survivors: 7168.0K->8192.0K Heap: 525.8M(1024.0M)->525.9M(1024.0M)]
 [Times: user=0.03 sys=0.00, real=0.00 secs] 
8.992: [GC concurrent-root-region-scan-start]
8.992: [GC concurrent-root-region-scan-end, 0.0001297 secs]
8.992: [GC concurrent-mark-start]
8.994: [GC concurrent-mark-end, 0.0020869 secs]
8.995: [GC remark 8.995: [Finalize Marking, 0.0003879 secs] 8.995: [GC ref-proc, 0.0004139 secs] 8.995: [Unloading, 0.0009283 secs], 0.0025033 secs]
 [Times: user=0.02 sys=0.00, real=0.00 secs] 
8.997: [GC cleanup 534M->532M(1024M), 0.0015634 secs]
 [Times: user=0.01 sys=0.00, real=0.01 secs] 
8.999: [GC concurrent-cleanup-start]
8.999: [GC concurrent-cleanup-end, 0.0000204 secs]
9.090: [GC pause (G1 Evacuation Pause) (young), 0.0342134 secs]
   [Parallel Time: 32.2 ms, GC Workers: 18]
      [GC Worker Start (ms): Min: 9090.1, Avg: 9090.3, Max: 9090.5, Diff: 0.3]
      [Ext Root Scanning (ms): Min: 0.0, Avg: 0.2, Max: 0.3, Diff: 0.3, Sum: 3.4]
      [Update RS (ms): Min: 10.9, Avg: 11.2, Max: 11.3, Diff: 0.4, Sum: 200.9]
         [Processed Buffers: Min: 20, Avg: 29.6, Max: 37, Diff: 17, Sum: 532]
      [Scan RS (ms): Min: 0.0, Avg: 0.1, Max: 0.3, Diff: 0.3, Sum: 1.8]
      [Code Root Scanning (ms): Min: 0.0, Avg: 0.0, Max: 0.0, Diff: 0.0, Sum: 0.0]
      [Object Copy (ms): Min: 19.7, Avg: 20.0, Max: 20.3, Diff: 0.6, Sum: 360.1]
      [Termination (ms): Min: 0.0, Avg: 0.3, Max: 0.5, Diff: 0.5, Sum: 6.0]
         [Termination Attempts: Min: 1, Avg: 1.0, Max: 1, Diff: 0, Sum: 18]
      [GC Worker Other (ms): Min: 0.0, Avg: 0.0, Max: 0.1, Diff: 0.1, Sum: 0.7]
      [GC Worker Total (ms): Min: 31.7, Avg: 31.8, Max: 32.0, Diff: 0.3, Sum: 572.9]
      [GC Worker End (ms): Min: 9122.1, Avg: 9122.1, Max: 9122.2, Diff: 0.1]
   [Code Root Fixup: 0.0 ms]
   [Code Root Purge: 0.0 ms]
   [Clear CT: 0.3 ms]
   [Other: 1.8 ms]
      [Choose CSet: 0.0 ms]
      [Ref Proc: 0.3 ms]
      [Ref Enq: 0.0 ms]
      [Redirty Cards: 0.3 ms]
      [Humongous Register: 0.3 ms]
      [Humongous Reclaim: 0.3 ms]
      [Free CSet: 0.4 ms]
   [Eden: 244.0M(244.0M)->0.0B(19.0M) Survivors: 8192.0K->32.0M Heap: 832.6M(1024.0M)->582.1M(1024.0M)]
 [Times: user=0.55 sys=0.01, real=0.03 secs] 
9.132: [GC pause (G1 Evacuation Pause) (mixed), 0.0135116 secs]
   [Parallel Time: 12.1 ms, GC Workers: 18]
      [GC Worker Start (ms): Min: 9132.0, Avg: 9132.2, Max: 9132.4, Diff: 0.4]
      [Ext Root Scanning (ms): Min: 0.0, Avg: 0.2, Max: 0.4, Diff: 0.4, Sum: 3.4]
      [Update RS (ms): Min: 0.4, Avg: 0.5, Max: 0.7, Diff: 0.3, Sum: 9.2]
         [Processed Buffers: Min: 2, Avg: 2.3, Max: 3, Diff: 1, Sum: 42]
      [Scan RS (ms): Min: 0.0, Avg: 0.1, Max: 0.3, Diff: 0.2, Sum: 1.3]
      [Code Root Scanning (ms): Min: 0.0, Avg: 0.0, Max: 0.0, Diff: 0.0, Sum: 0.0]
      [Object Copy (ms): Min: 10.3, Avg: 10.6, Max: 10.9, Diff: 0.6, Sum: 191.1]
      [Termination (ms): Min: 0.0, Avg: 0.3, Max: 0.6, Diff: 0.6, Sum: 5.0]
         [Termination Attempts: Min: 1, Avg: 1.0, Max: 1, Diff: 0, Sum: 18]
      [GC Worker Other (ms): Min: 0.0, Avg: 0.0, Max: 0.0, Diff: 0.0, Sum: 0.4]
      [GC Worker Total (ms): Min: 11.5, Avg: 11.7, Max: 11.9, Diff: 0.4, Sum: 210.3]
      [GC Worker End (ms): Min: 9143.9, Avg: 9143.9, Max: 9143.9, Diff: 0.0]
   [Code Root Fixup: 0.0 ms]
   [Code Root Purge: 0.0 ms]
   [Clear CT: 0.3 ms]
   [Other: 1.1 ms]
      [Choose CSet: 0.0 ms]
      [Ref Proc: 0.2 ms]
      [Ref Enq: 0.0 ms]
      [Redirty Cards: 0.3 ms]
      [Humongous Register: 0.2 ms]
      [Humongous Reclaim: 0.1 ms]
      [Free CSet: 0.2 ms]
   [Eden: 19.0M(19.0M)->0.0B(46.0M) Survivors: 32.0M->5120.0K Heap: 604.0M(1024.0M)->553.7M(1024.0M)]
 [Times: user=0.20 sys=0.01, real=0.01 secs] 
9.161: [GC pause (G1 Evacuation Pause) (mixed), 0.0137644 secs]
   [Parallel Time: 12.3 ms, GC Workers: 18]
      [GC Worker Start (ms): Min: 9161.0, Avg: 9161.3, Max: 9161.5, Diff: 0.5]
      [Ext Root Scanning (ms): Min: 0.0, Avg: 0.1, Max: 0.4, Diff: 0.4, Sum: 2.5]
      [Update RS (ms): Min: 1.3, Avg: 1.4, Max: 1.6, Diff: 0.3, Sum: 25.9]
         [Processed Buffers: Min: 4, Avg: 4.8, Max: 6, Diff: 2, Sum: 86]
      [Scan RS (ms): Min: 0.0, Avg: 0.0, Max: 0.1, Diff: 0.1, Sum: 0.5]
      [Code Root Scanning (ms): Min: 0.0, Avg: 0.0, Max: 0.0, Diff: 0.0, Sum: 0.0]
      [Object Copy (ms): Min: 9.7, Avg: 10.0, Max: 10.3, Diff: 0.6, Sum: 179.4]
      [Termination (ms): Min: 0.0, Avg: 0.3, Max: 0.5, Diff: 0.5, Sum: 5.2]
         [Termination Attempts: Min: 1, Avg: 1.0, Max: 1, Diff: 0, Sum: 18]
      [GC Worker Other (ms): Min: 0.0, Avg: 0.0, Max: 0.0, Diff: 0.0, Sum: 0.4]
      [GC Worker Total (ms): Min: 11.6, Avg: 11.9, Max: 12.1, Diff: 0.5, Sum: 213.9]
      [GC Worker End (ms): Min: 9173.1, Avg: 9173.2, Max: 9173.2, Diff: 0.0]
   [Code Root Fixup: 0.0 ms]
   [Code Root Purge: 0.0 ms]
   [Clear CT: 0.2 ms]
   [Other: 1.2 ms]
      [Choose CSet: 0.0 ms]
      [Ref Proc: 0.3 ms]
      [Ref Enq: 0.0 ms]
      [Redirty Cards: 0.3 ms]
      [Humongous Register: 0.2 ms]
      [Humongous Reclaim: 0.1 ms]
      [Free CSet: 0.2 ms]
   [Eden: 46.0M(46.0M)->0.0B(44.0M) Survivors: 5120.0K->7168.0K Heap: 608.0M(1024.0M)->545.1M(1024.0M)]
 [Times: user=0.20 sys=0.01, real=0.01 secs] 
9.190: [GC pause (G1 Evacuation Pause) (mixed), 0.0134329 secs]
   [Parallel Time: 12.0 ms, GC Workers: 18]
      [GC Worker Start (ms): Min: 9190.1, Avg: 9190.3, Max: 9190.5, Diff: 0.3]
      [Ext Root Scanning (ms): Min: 0.0, Avg: 0.2, Max: 0.4, Diff: 0.3, Sum: 3.6]
      [Update RS (ms): Min: 1.9, Avg: 2.1, Max: 2.3, Diff: 0.4, Sum: 38.6]
         [Processed Buffers: Min: 5, Avg: 6.9, Max: 8, Diff: 3, Sum: 124]
      [Scan RS (ms): Min: 0.0, Avg: 0.0, Max: 0.2, Diff: 0.2, Sum: 0.8]
      [Code Root Scanning (ms): Min: 0.0, Avg: 0.0, Max: 0.0, Diff: 0.0, Sum: 0.1]
      [Object Copy (ms): Min: 8.6, Avg: 9.0, Max: 9.3, Diff: 0.6, Sum: 161.7]
      [Termination (ms): Min: 0.0, Avg: 0.2, Max: 0.3, Diff: 0.3, Sum: 3.1]
         [Termination Attempts: Min: 1, Avg: 1.2, Max: 2, Diff: 1, Sum: 22]
      [GC Worker Other (ms): Min: 0.0, Avg: 0.0, Max: 0.0, Diff: 0.0, Sum: 0.5]
      [GC Worker Total (ms): Min: 11.4, Avg: 11.6, Max: 11.8, Diff: 0.3, Sum: 208.3]
      [GC Worker End (ms): Min: 9201.9, Avg: 9201.9, Max: 9201.9, Diff: 0.0]
   [Code Root Fixup: 0.0 ms]
   [Code Root Purge: 0.0 ms]
   [Clear CT: 0.2 ms]
   [Other: 1.2 ms]
      [Choose CSet: 0.0 ms]
      [Ref Proc: 0.3 ms]
      [Ref Enq: 0.0 ms]
      [Redirty Cards: 0.3 ms]
      [Humongous Register: 0.2 ms]
      [Humongous Reclaim: 0.1 ms]
      [Free CSet: 0.2 ms]
   [Eden: 44.0M(44.0M)->0.0B(44.0M) Survivors: 7168.0K->7168.0K Heap: 602.3M(1024.0M)->532.6M(1024.0M)]
 [Times: user=0.20 sys=0.00, real=0.01 secs] 
9.219: [GC pause (G1 Evacuation Pause) (mixed), 0.0129962 secs]
   [Parallel Time: 11.6 ms, GC Workers: 18]
      [GC Worker Start (ms): Min: 9219.4, Avg: 9219.7, Max: 9219.8, Diff: 0.4]
      [Ext Root Scanning (ms): Min: 0.0, Avg: 0.2, Max: 0.4, Diff: 0.4, Sum: 3.0]
      [Update RS (ms): Min: 2.0, Avg: 2.2, Max: 2.4, Diff: 0.4, Sum: 40.1]
         [Processed Buffers: Min: 5, Avg: 6.9, Max: 9, Diff: 4, Sum: 125]
      [Scan RS (ms): Min: 0.0, Avg: 0.0, Max: 0.1, Diff: 0.1, Sum: 0.4]
      [Code Root Scanning (ms): Min: 0.0, Avg: 0.0, Max: 0.0, Diff: 0.0, Sum: 0.0]
      [Object Copy (ms): Min: 8.0, Avg: 8.3, Max: 8.7, Diff: 0.8, Sum: 150.2]
      [Termination (ms): Min: 0.0, Avg: 0.4, Max: 0.7, Diff: 0.7, Sum: 6.5]
         [Termination Attempts: Min: 1, Avg: 1.0, Max: 1, Diff: 0, Sum: 18]
      [GC Worker Other (ms): Min: 0.0, Avg: 0.0, Max: 0.0, Diff: 0.0, Sum: 0.4]
      [GC Worker Total (ms): Min: 11.0, Avg: 11.1, Max: 11.3, Diff: 0.4, Sum: 200.5]
      [GC Worker End (ms): Min: 9230.8, Avg: 9230.8, Max: 9230.8, Diff: 0.0]
   [Code Root Fixup: 0.0 ms]
   [Code Root Purge: 0.0 ms]
   [Clear CT: 0.2 ms]
   [Other: 1.1 ms]
      [Choose CSet: 0.0 ms]
      [Ref Proc: 0.3 ms]
      [Ref Enq: 0.0 ms]
      [Redirty Cards: 0.3 ms]
      [Humongous Register: 0.2 ms]
      [Humongous Reclaim: 0.1 ms]
      [Free CSet: 0.1 ms]
   [Eden: 44.0M(44.0M)->0.0B(138.0M) Survivors: 7168.0K->7168.0K Heap: 589.8M(1024.0M)->539.0M(1024.0M)]
 [Times: user=0.19 sys=0.01, real=0.01 secs] 
9.233: [GC pause (G1 Humongous Allocation) (young) (initial-mark), 0.0033564 secs]
   [Parallel Time: 2.3 ms, GC Workers: 18]
      [GC Worker Start (ms): Min: 9233.5, Avg: 9233.6, Max: 9233.7, Diff: 0.2]
      [Ext Root Scanning (ms): Min: 0.1, Avg: 0.2, Max: 0.3, Diff: 0.2, Sum: 3.7]
      [Update RS (ms): Min: 0.1, Avg: 0.1, Max: 0.3, Diff: 0.2, Sum: 2.2]
         [Processed Buffers: Min: 0, Avg: 1.1, Max: 2, Diff: 2, Sum: 19]
      [Scan RS (ms): Min: 0.0, Avg: 0.0, Max: 0.0, Diff: 0.0, Sum: 0.1]
      [Code Root Scanning (ms): Min: 0.0, Avg: 0.0, Max: 0.0, Diff: 0.0, Sum: 0.0]
      [Object Copy (ms): Min: 1.1, Avg: 1.4, Max: 1.7, Diff: 0.6, Sum: 25.5]
      [Termination (ms): Min: 0.0, Avg: 0.2, Max: 0.6, Diff: 0.6, Sum: 4.3]
         [Termination Attempts: Min: 1, Avg: 1.0, Max: 1, Diff: 0, Sum: 18]
      [GC Worker Other (ms): Min: 0.0, Avg: 0.0, Max: 0.0, Diff: 0.0, Sum: 0.2]
      [GC Worker Total (ms): Min: 1.9, Avg: 2.0, Max: 2.1, Diff: 0.2, Sum: 36.0]
      [GC Worker End (ms): Min: 9235.6, Avg: 9235.6, Max: 9235.6, Diff: 0.0]
   [Code Root Fixup: 0.0 ms]
   [Code Root Purge: 0.0 ms]
   [Clear CT: 0.2 ms]
   [Other: 0.9 ms]
      [Choose CSet: 0.0 ms]
      [Ref Proc: 0.2 ms]
      [Ref Enq: 0.0 ms]
      [Redirty Cards: 0.2 ms]
      [Humongous Register: 0.2 ms]
      [Humongous Reclaim: 0.0 ms]
      [Free CSet: 0.0 ms]
   [Eden: 3072.0K(138.0M)->0.0B(186.0M) Survivors: 7168.0K->8192.0K Heap: 541.1M(1024.0M)->539.5M(1024.0M)]
 [Times: user=0.04 sys=0.00, real=0.00 secs] 
9.237: [GC concurrent-root-region-scan-start]
9.237: [GC concurrent-root-region-scan-end, 0.0001256 secs]
9.237: [GC concurrent-mark-start]
9.239: [GC concurrent-mark-end, 0.0020928 secs]
9.239: [GC remark 9.239: [Finalize Marking, 0.0003302 secs] 9.239: [GC ref-proc, 0.0004123 secs] 9.240: [Unloading, 0.0008889 secs], 0.0025541 secs]
 [Times: user=0.02 sys=0.00, real=0.00 secs] 
9.242: [GC cleanup 549M->546M(1024M), 0.0015627 secs]
 [Times: user=0.01 sys=0.00, real=0.00 secs] 
9.243: [GC concurrent-cleanup-start]
9.243: [GC concurrent-cleanup-end, 0.0000231 secs]
9.314: [GC pause (G1 Evacuation Pause) (young), 0.0300200 secs]
   [Parallel Time: 28.2 ms, GC Workers: 18]
      [GC Worker Start (ms): Min: 9314.1, Avg: 9314.3, Max: 9314.5, Diff: 0.4]
      [Ext Root Scanning (ms): Min: 0.0, Avg: 0.2, Max: 0.4, Diff: 0.4, Sum: 2.9]
      [Update RS (ms): Min: 7.9, Avg: 8.1, Max: 8.3, Diff: 0.4, Sum: 146.2]
         [Processed Buffers: Min: 21, Avg: 23.6, Max: 27, Diff: 6, Sum: 425]
      [Scan RS (ms): Min: 0.0, Avg: 0.1, Max: 0.1, Diff: 0.1, Sum: 0.9]
      [Code Root Scanning (ms): Min: 0.0, Avg: 0.0, Max: 0.0, Diff: 0.0, Sum: 0.0]
      [Object Copy (ms): Min: 18.7, Avg: 19.1, Max: 19.4, Diff: 0.7, Sum: 343.5]
      [Termination (ms): Min: 0.0, Avg: 0.3, Max: 0.5, Diff: 0.5, Sum: 4.9]
         [Termination Attempts: Min: 1, Avg: 1.1, Max: 2, Diff: 1, Sum: 19]
      [GC Worker Other (ms): Min: 0.0, Avg: 0.0, Max: 0.1, Diff: 0.1, Sum: 0.6]
      [GC Worker Total (ms): Min: 27.6, Avg: 27.7, Max: 27.9, Diff: 0.4, Sum: 499.1]
      [GC Worker End (ms): Min: 9342.0, Avg: 9342.0, Max: 9342.1, Diff: 0.1]
   [Code Root Fixup: 0.0 ms]
   [Code Root Purge: 0.0 ms]
   [Clear CT: 0.2 ms]
   [Other: 1.6 ms]
      [Choose CSet: 0.0 ms]
      [Ref Proc: 0.3 ms]
      [Ref Enq: 0.0 ms]
      [Redirty Cards: 0.3 ms]
      [Humongous Register: 0.3 ms]
      [Humongous Reclaim: 0.2 ms]
      [Free CSet: 0.3 ms]
   [Eden: 186.0M(186.0M)->0.0B(26.0M) Survivors: 8192.0K->25.0M Heap: 773.8M(1024.0M)->589.1M(1024.0M)]
 [Times: user=0.48 sys=0.01, real=0.03 secs] 
9.353: [GC pause (G1 Evacuation Pause) (mixed), 0.0187789 secs]
   [Parallel Time: 17.0 ms, GC Workers: 18]
      [GC Worker Start (ms): Min: 9353.2, Avg: 9353.4, Max: 9353.6, Diff: 0.4]
      [Ext Root Scanning (ms): Min: 0.0, Avg: 0.1, Max: 0.4, Diff: 0.4, Sum: 2.7]
      [Update RS (ms): Min: 0.8, Avg: 1.0, Max: 1.2, Diff: 0.4, Sum: 17.3]
         [Processed Buffers: Min: 1, Avg: 3.4, Max: 5, Diff: 4, Sum: 62]
      [Scan RS (ms): Min: 0.0, Avg: 0.1, Max: 0.2, Diff: 0.2, Sum: 1.2]
      [Code Root Scanning (ms): Min: 0.0, Avg: 0.0, Max: 0.0, Diff: 0.0, Sum: 0.0]
      [Object Copy (ms): Min: 15.0, Avg: 15.2, Max: 15.4, Diff: 0.4, Sum: 273.2]
      [Termination (ms): Min: 0.0, Avg: 0.1, Max: 0.2, Diff: 0.2, Sum: 2.6]
         [Termination Attempts: Min: 1, Avg: 1.0, Max: 1, Diff: 0, Sum: 18]
      [GC Worker Other (ms): Min: 0.0, Avg: 0.0, Max: 0.0, Diff: 0.0, Sum: 0.4]
      [GC Worker Total (ms): Min: 16.3, Avg: 16.5, Max: 16.8, Diff: 0.4, Sum: 297.5]
      [GC Worker End (ms): Min: 9369.9, Avg: 9370.0, Max: 9370.0, Diff: 0.0]
   [Code Root Fixup: 0.0 ms]
   [Code Root Purge: 0.0 ms]
   [Clear CT: 0.2 ms]
   [Other: 1.5 ms]
      [Choose CSet: 0.1 ms]
      [Ref Proc: 0.3 ms]
      [Ref Enq: 0.0 ms]
      [Redirty Cards: 0.3 ms]
      [Humongous Register: 0.2 ms]
      [Humongous Reclaim: 0.1 ms]
      [Free CSet: 0.4 ms]
   [Eden: 26.0M(26.0M)->0.0B(44.0M) Survivors: 25.0M->7168.0K Heap: 620.5M(1024.0M)->515.8M(1024.0M)]
 [Times: user=0.29 sys=0.01, real=0.02 secs] 
9.388: [GC pause (G1 Evacuation Pause) (mixed), 0.0160000 secs]
   [Parallel Time: 14.3 ms, GC Workers: 18]
      [GC Worker Start (ms): Min: 9388.4, Avg: 9388.6, Max: 9388.8, Diff: 0.4]
      [Ext Root Scanning (ms): Min: 0.0, Avg: 0.1, Max: 0.3, Diff: 0.3, Sum: 2.7]
      [Update RS (ms): Min: 1.8, Avg: 2.0, Max: 2.2, Diff: 0.3, Sum: 35.9]
         [Processed Buffers: Min: 5, Avg: 6.6, Max: 9, Diff: 4, Sum: 119]
      [Scan RS (ms): Min: 0.0, Avg: 0.1, Max: 0.8, Diff: 0.8, Sum: 2.3]
      [Code Root Scanning (ms): Min: 0.0, Avg: 0.0, Max: 0.1, Diff: 0.1, Sum: 0.1]
      [Object Copy (ms): Min: 10.6, Avg: 11.3, Max: 11.7, Diff: 1.1, Sum: 202.8]
      [Termination (ms): Min: 0.0, Avg: 0.4, Max: 0.7, Diff: 0.7, Sum: 6.5]
         [Termination Attempts: Min: 1, Avg: 1.0, Max: 1, Diff: 0, Sum: 18]
      [GC Worker Other (ms): Min: 0.0, Avg: 0.0, Max: 0.0, Diff: 0.0, Sum: 0.3]
      [GC Worker Total (ms): Min: 13.8, Avg: 13.9, Max: 14.2, Diff: 0.4, Sum: 250.8]
      [GC Worker End (ms): Min: 9402.5, Avg: 9402.5, Max: 9402.5, Diff: 0.0]
   [Code Root Fixup: 0.0 ms]
   [Code Root Purge: 0.0 ms]
   [Clear CT: 0.2 ms]
   [Other: 1.4 ms]
      [Choose CSet: 0.0 ms]
      [Ref Proc: 0.3 ms]
      [Ref Enq: 0.0 ms]
      [Redirty Cards: 0.3 ms]
      [Humongous Register: 0.2 ms]
      [Humongous Reclaim: 0.1 ms]
      [Free CSet: 0.3 ms]
   [Eden: 44.0M(44.0M)->0.0B(277.0M) Survivors: 7168.0K->7168.0K Heap: 572.2M(1024.0M)->488.0M(1024.0M)]
 [Times: user=0.25 sys=0.00, real=0.02 secs] 
9.404: [GC pause (G1 Humongous Allocation) (young) (initial-mark), 0.0034493 secs]
   [Parallel Time: 2.5 ms, GC Workers: 18]
      [GC Worker Start (ms): Min: 9404.6, Avg: 9404.8, Max: 9405.0, Diff: 0.4]
      [Ext Root Scanning (ms): Min: 0.0, Avg: 0.2, Max: 0.4, Diff: 0.4, Sum: 4.0]
      [Update RS (ms): Min: 0.0, Avg: 0.4, Max: 0.9, Diff: 0.9, Sum: 7.3]
         [Processed Buffers: Min: 1, Avg: 1.1, Max: 2, Diff: 1, Sum: 19]
      [Scan RS (ms): Min: 0.0, Avg: 0.0, Max: 0.0, Diff: 0.0, Sum: 0.1]
      [Code Root Scanning (ms): Min: 0.0, Avg: 0.0, Max: 0.0, Diff: 0.0, Sum: 0.0]
      [Object Copy (ms): Min: 0.7, Avg: 1.3, Max: 1.9, Diff: 1.1, Sum: 23.1]
      [Termination (ms): Min: 0.0, Avg: 0.2, Max: 0.5, Diff: 0.5, Sum: 4.4]
         [Termination Attempts: Min: 1, Avg: 1.0, Max: 1, Diff: 0, Sum: 18]
      [GC Worker Other (ms): Min: 0.0, Avg: 0.0, Max: 0.0, Diff: 0.0, Sum: 0.2]
      [GC Worker Total (ms): Min: 2.0, Avg: 2.2, Max: 2.4, Diff: 0.4, Sum: 39.1]
      [GC Worker End (ms): Min: 9407.0, Avg: 9407.0, Max: 9407.0, Diff: 0.0]
   [Code Root Fixup: 0.0 ms]
   [Code Root Purge: 0.0 ms]
   [Clear CT: 0.2 ms]
   [Other: 0.7 ms]
      [Choose CSet: 0.0 ms]
      [Ref Proc: 0.2 ms]
      [Ref Enq: 0.0 ms]
      [Redirty Cards: 0.2 ms]
      [Humongous Register: 0.1 ms]
      [Humongous Reclaim: 0.0 ms]
      [Free CSet: 0.0 ms]
   [Eden: 1024.0K(277.0M)->0.0B(291.0M) Survivors: 7168.0K->8192.0K Heap: 488.7M(1024.0M)->488.1M(1024.0M)]
 [Times: user=0.03 sys=0.00, real=0.00 secs] 
9.408: [GC concurrent-root-region-scan-start]
9.408: [GC concurrent-root-region-scan-end, 0.0001249 secs]
9.408: [GC concurrent-mark-start]
9.411: [GC concurrent-mark-end, 0.0025046 secs]
9.411: [GC remark 9.411: [Finalize Marking, 0.0003999 secs] 9.411: [GC ref-proc, 0.0004113 secs] 9.412: [Unloading, 0.0009489 secs], 0.0025545 secs]
 [Times: user=0.02 sys=0.00, real=0.00 secs] 
9.413: [GC cleanup 498M->497M(1024M), 0.0014766 secs]
 [Times: user=0.01 sys=0.00, real=0.00 secs] 
9.415: [GC concurrent-cleanup-start]
9.415: [GC concurrent-cleanup-end, 0.0000191 secs]
9.524: [GC pause (G1 Evacuation Pause) (young) (to-space exhausted), 0.0291027 secs]
   [Parallel Time: 26.3 ms, GC Workers: 18]
      [GC Worker Start (ms): Min: 9524.4, Avg: 9524.6, Max: 9524.9, Diff: 0.5]
      [Ext Root Scanning (ms): Min: 0.0, Avg: 0.1, Max: 0.3, Diff: 0.3, Sum: 2.5]
      [Update RS (ms): Min: 12.0, Avg: 12.2, Max: 12.3, Diff: 0.4, Sum: 219.3]
         [Processed Buffers: Min: 32, Avg: 35.3, Max: 40, Diff: 8, Sum: 636]
      [Scan RS (ms): Min: 0.0, Avg: 0.1, Max: 0.1, Diff: 0.1, Sum: 1.1]
      [Code Root Scanning (ms): Min: 0.0, Avg: 0.0, Max: 0.0, Diff: 0.0, Sum: 0.0]
      [Object Copy (ms): Min: 13.3, Avg: 13.5, Max: 13.6, Diff: 0.3, Sum: 242.7]
      [Termination (ms): Min: 0.0, Avg: 0.1, Max: 0.1, Diff: 0.1, Sum: 1.2]
         [Termination Attempts: Min: 1, Avg: 1.0, Max: 1, Diff: 0, Sum: 18]
      [GC Worker Other (ms): Min: 0.0, Avg: 0.0, Max: 0.1, Diff: 0.1, Sum: 0.7]
      [GC Worker Total (ms): Min: 25.7, Avg: 26.0, Max: 26.2, Diff: 0.5, Sum: 467.4]
      [GC Worker End (ms): Min: 9550.6, Avg: 9550.6, Max: 9550.6, Diff: 0.1]
   [Code Root Fixup: 0.0 ms]
   [Code Root Purge: 0.0 ms]
   [Clear CT: 0.3 ms]
   [Other: 2.5 ms]
      [Evacuation Failure: 0.7 ms]
      [Choose CSet: 0.0 ms]
      [Ref Proc: 0.4 ms]
      [Ref Enq: 0.0 ms]
      [Redirty Cards: 0.2 ms]
      [Humongous Register: 0.3 ms]
      [Humongous Reclaim: 0.4 ms]
      [Free CSet: 0.4 ms]
   [Eden: 291.0M(291.0M)->0.0B(13.0M) Survivors: 8192.0K->38.0M Heap: 856.3M(1024.0M)->692.4M(1024.0M)]
 [Times: user=0.45 sys=0.01, real=0.03 secs] 
9.558: [GC pause (G1 Evacuation Pause) (mixed), 0.0194305 secs]
   [Parallel Time: 17.6 ms, GC Workers: 18]
      [GC Worker Start (ms): Min: 9558.1, Avg: 9558.2, Max: 9558.4, Diff: 0.3]
      [Ext Root Scanning (ms): Min: 0.1, Avg: 0.2, Max: 0.3, Diff: 0.3, Sum: 4.0]
      [Update RS (ms): Min: 0.5, Avg: 0.7, Max: 0.9, Diff: 0.4, Sum: 11.8]
         [Processed Buffers: Min: 1, Avg: 3.4, Max: 8, Diff: 7, Sum: 61]
      [Scan RS (ms): Min: 0.0, Avg: 0.1, Max: 0.2, Diff: 0.1, Sum: 1.4]
      [Code Root Scanning (ms): Min: 0.0, Avg: 0.0, Max: 0.0, Diff: 0.0, Sum: 0.0]
      [Object Copy (ms): Min: 15.8, Avg: 16.1, Max: 16.4, Diff: 0.6, Sum: 289.0]
      [Termination (ms): Min: 0.0, Avg: 0.2, Max: 0.3, Diff: 0.3, Sum: 4.4]
         [Termination Attempts: Min: 1, Avg: 1.0, Max: 1, Diff: 0, Sum: 18]
      [GC Worker Other (ms): Min: 0.0, Avg: 0.0, Max: 0.0, Diff: 0.0, Sum: 0.4]
      [GC Worker Total (ms): Min: 17.1, Avg: 17.3, Max: 17.4, Diff: 0.3, Sum: 310.9]
      [GC Worker End (ms): Min: 9575.5, Avg: 9575.5, Max: 9575.5, Diff: 0.0]
   [Code Root Fixup: 0.0 ms]
   [Code Root Purge: 0.0 ms]
   [Clear CT: 0.2 ms]
   [Other: 1.6 ms]
      [Choose CSet: 0.1 ms]
      [Ref Proc: 0.3 ms]
      [Ref Enq: 0.0 ms]
      [Redirty Cards: 0.5 ms]
      [Humongous Register: 0.2 ms]
      [Humongous Reclaim: 0.1 ms]
      [Free CSet: 0.3 ms]
   [Eden: 13.0M(13.0M)->0.0B(180.0M) Survivors: 38.0M->6144.0K Heap: 708.7M(1024.0M)->628.1M(1024.0M)]
 [Times: user=0.26 sys=0.01, real=0.02 secs] 
9.578: [GC pause (G1 Humongous Allocation) (young) (initial-mark), 0.0029523 secs]
   [Parallel Time: 1.8 ms, GC Workers: 18]
      [GC Worker Start (ms): Min: 9578.5, Avg: 9578.7, Max: 9578.8, Diff: 0.3]
      [Ext Root Scanning (ms): Min: 0.0, Avg: 0.1, Max: 0.3, Diff: 0.3, Sum: 2.6]
      [Update RS (ms): Min: 0.1, Avg: 0.3, Max: 1.1, Diff: 1.0, Sum: 5.3]
         [Processed Buffers: Min: 0, Avg: 1.1, Max: 2, Diff: 2, Sum: 19]
      [Scan RS (ms): Min: 0.0, Avg: 0.0, Max: 0.0, Diff: 0.0, Sum: 0.1]
      [Code Root Scanning (ms): Min: 0.0, Avg: 0.0, Max: 0.0, Diff: 0.0, Sum: 0.0]
      [Object Copy (ms): Min: 0.0, Avg: 0.7, Max: 1.2, Diff: 1.2, Sum: 12.0]
      [Termination (ms): Min: 0.1, Avg: 0.4, Max: 0.8, Diff: 0.7, Sum: 7.0]
         [Termination Attempts: Min: 1, Avg: 1.6, Max: 3, Diff: 2, Sum: 29]
      [GC Worker Other (ms): Min: 0.0, Avg: 0.0, Max: 0.0, Diff: 0.0, Sum: 0.2]
      [GC Worker Total (ms): Min: 1.4, Avg: 1.5, Max: 1.7, Diff: 0.3, Sum: 27.2]
      [GC Worker End (ms): Min: 9580.2, Avg: 9580.2, Max: 9580.2, Diff: 0.0]
   [Code Root Fixup: 0.0 ms]
   [Code Root Purge: 0.0 ms]
   [Clear CT: 0.2 ms]
   [Other: 0.9 ms]
      [Choose CSet: 0.0 ms]
      [Ref Proc: 0.2 ms]
      [Ref Enq: 0.0 ms]
      [Redirty Cards: 0.2 ms]
      [Humongous Register: 0.2 ms]
      [Humongous Reclaim: 0.0 ms]
      [Free CSet: 0.0 ms]
   [Eden: 2048.0K(180.0M)->0.0B(183.0M) Survivors: 6144.0K->5120.0K Heap: 629.9M(1024.0M)->627.6M(1024.0M)]
 [Times: user=0.03 sys=0.00, real=0.01 secs] 
9.581: [GC concurrent-root-region-scan-start]
9.581: [GC concurrent-root-region-scan-end, 0.0001111 secs]
9.581: [GC concurrent-mark-start]
9.584: [GC concurrent-mark-end, 0.0021980 secs]
9.584: [GC remark 9.584: [Finalize Marking, 0.0003639 secs] 9.584: [GC ref-proc, 0.0004102 secs] 9.585: [Unloading, 0.0008661 secs], 0.0024609 secs]
 [Times: user=0.02 sys=0.01, real=0.00 secs] 
9.586: [GC cleanup 637M->637M(1024M), 0.0015136 secs]
 [Times: user=0.01 sys=0.00, real=0.00 secs] 
9.653: [GC pause (G1 Evacuation Pause) (young), 0.0253850 secs]
   [Parallel Time: 23.4 ms, GC Workers: 18]
      [GC Worker Start (ms): Min: 9653.5, Avg: 9653.7, Max: 9653.8, Diff: 0.2]
      [Ext Root Scanning (ms): Min: 0.1, Avg: 0.2, Max: 0.3, Diff: 0.2, Sum: 4.0]
      [Update RS (ms): Min: 7.3, Avg: 7.5, Max: 7.7, Diff: 0.4, Sum: 135.8]
         [Processed Buffers: Min: 19, Avg: 21.7, Max: 24, Diff: 5, Sum: 391]
      [Scan RS (ms): Min: 0.0, Avg: 0.0, Max: 0.1, Diff: 0.1, Sum: 0.7]
      [Code Root Scanning (ms): Min: 0.0, Avg: 0.0, Max: 0.0, Diff: 0.0, Sum: 0.0]
      [Object Copy (ms): Min: 14.2, Avg: 14.8, Max: 15.3, Diff: 1.2, Sum: 265.9]
      [Termination (ms): Min: 0.0, Avg: 0.4, Max: 0.9, Diff: 0.9, Sum: 8.1]
         [Termination Attempts: Min: 1, Avg: 1.0, Max: 1, Diff: 0, Sum: 18]
      [GC Worker Other (ms): Min: 0.0, Avg: 0.0, Max: 0.0, Diff: 0.0, Sum: 0.4]
      [GC Worker Total (ms): Min: 22.9, Avg: 23.0, Max: 23.2, Diff: 0.3, Sum: 414.8]
      [GC Worker End (ms): Min: 9676.7, Avg: 9676.7, Max: 9676.7, Diff: 0.0]
   [Code Root Fixup: 0.0 ms]
   [Code Root Purge: 0.0 ms]
   [Clear CT: 0.3 ms]
   [Other: 1.8 ms]
      [Choose CSet: 0.0 ms]
      [Ref Proc: 0.3 ms]
      [Ref Enq: 0.0 ms]
      [Redirty Cards: 0.3 ms]
      [Humongous Register: 0.3 ms]
      [Humongous Reclaim: 0.3 ms]
      [Free CSet: 0.4 ms]
   [Eden: 183.0M(183.0M)->0.0B(27.0M) Survivors: 5120.0K->24.0M Heap: 857.9M(1024.0M)->678.1M(1024.0M)]
 [Times: user=0.39 sys=0.01, real=0.03 secs] 
9.687: [GC pause (G1 Evacuation Pause) (mixed), 0.0150337 secs]
   [Parallel Time: 13.3 ms, GC Workers: 18]
      [GC Worker Start (ms): Min: 9687.7, Avg: 9687.9, Max: 9688.1, Diff: 0.4]
      [Ext Root Scanning (ms): Min: 0.0, Avg: 0.2, Max: 0.3, Diff: 0.3, Sum: 3.1]
      [Update RS (ms): Min: 0.8, Avg: 0.9, Max: 1.0, Diff: 0.3, Sum: 16.0]
         [Processed Buffers: Min: 2, Avg: 3.1, Max: 5, Diff: 3, Sum: 56]
      [Scan RS (ms): Min: 0.0, Avg: 0.0, Max: 0.1, Diff: 0.1, Sum: 0.6]
      [Code Root Scanning (ms): Min: 0.0, Avg: 0.0, Max: 0.0, Diff: 0.0, Sum: 0.0]
      [Object Copy (ms): Min: 11.3, Avg: 11.6, Max: 11.9, Diff: 0.5, Sum: 208.1]
      [Termination (ms): Min: 0.0, Avg: 0.2, Max: 0.4, Diff: 0.4, Sum: 4.4]
         [Termination Attempts: Min: 1, Avg: 1.0, Max: 1, Diff: 0, Sum: 18]
      [GC Worker Other (ms): Min: 0.0, Avg: 0.0, Max: 0.1, Diff: 0.1, Sum: 0.3]
      [GC Worker Total (ms): Min: 12.7, Avg: 12.9, Max: 13.1, Diff: 0.4, Sum: 232.6]
      [GC Worker End (ms): Min: 9700.8, Avg: 9700.8, Max: 9700.9, Diff: 0.0]
   [Code Root Fixup: 0.0 ms]
   [Code Root Purge: 0.0 ms]
   [Clear CT: 0.3 ms]
   [Other: 1.4 ms]
      [Choose CSet: 0.1 ms]
      [Ref Proc: 0.3 ms]
      [Ref Enq: 0.0 ms]
      [Redirty Cards: 0.3 ms]
      [Humongous Register: 0.2 ms]
      [Humongous Reclaim: 0.1 ms]
      [Free CSet: 0.4 ms]
   [Eden: 27.0M(27.0M)->0.0B(44.0M) Survivors: 24.0M->7168.0K Heap: 709.9M(1024.0M)->584.7M(1024.0M)]
 [Times: user=0.22 sys=0.01, real=0.02 secs] 
9.719: [GC pause (G1 Evacuation Pause) (mixed), 0.0192599 secs]
   [Parallel Time: 17.7 ms, GC Workers: 18]
      [GC Worker Start (ms): Min: 9719.1, Avg: 9719.3, Max: 9719.5, Diff: 0.4]
      [Ext Root Scanning (ms): Min: 0.0, Avg: 0.2, Max: 0.4, Diff: 0.4, Sum: 2.9]
      [Update RS (ms): Min: 2.1, Avg: 2.3, Max: 2.4, Diff: 0.3, Sum: 40.7]
         [Processed Buffers: Min: 6, Avg: 7.3, Max: 9, Diff: 3, Sum: 132]
      [Scan RS (ms): Min: 0.0, Avg: 0.1, Max: 0.6, Diff: 0.5, Sum: 1.6]
      [Code Root Scanning (ms): Min: 0.0, Avg: 0.0, Max: 0.1, Diff: 0.1, Sum: 0.1]
      [Object Copy (ms): Min: 13.8, Avg: 14.4, Max: 14.7, Diff: 0.9, Sum: 259.6]
      [Termination (ms): Min: 0.0, Avg: 0.3, Max: 0.5, Diff: 0.5, Sum: 4.7]
         [Termination Attempts: Min: 1, Avg: 1.4, Max: 5, Diff: 4, Sum: 26]
      [GC Worker Other (ms): Min: 0.0, Avg: 0.0, Max: 0.0, Diff: 0.0, Sum: 0.4]
      [GC Worker Total (ms): Min: 17.0, Avg: 17.2, Max: 17.4, Diff: 0.4, Sum: 309.9]
      [GC Worker End (ms): Min: 9736.5, Avg: 9736.5, Max: 9736.6, Diff: 0.0]
   [Code Root Fixup: 0.0 ms]
   [Code Root Purge: 0.0 ms]
   [Clear CT: 0.2 ms]
   [Other: 1.3 ms]
      [Choose CSet: 0.1 ms]
      [Ref Proc: 0.3 ms]
      [Ref Enq: 0.0 ms]
      [Redirty Cards: 0.2 ms]
      [Humongous Register: 0.2 ms]
      [Humongous Reclaim: 0.1 ms]
      [Free CSet: 0.4 ms]
   [Eden: 44.0M(44.0M)->0.0B(44.0M) Survivors: 7168.0K->7168.0K Heap: 642.8M(1024.0M)->523.4M(1024.0M)]
 [Times: user=0.30 sys=0.01, real=0.01 secs] 
9.755: [GC pause (G1 Evacuation Pause) (mixed), 0.0174207 secs]
   [Parallel Time: 15.9 ms, GC Workers: 18]
      [GC Worker Start (ms): Min: 9755.6, Avg: 9755.8, Max: 9756.0, Diff: 0.4]
      [Ext Root Scanning (ms): Min: 0.0, Avg: 0.2, Max: 0.4, Diff: 0.4, Sum: 2.8]
      [Update RS (ms): Min: 2.3, Avg: 2.4, Max: 2.6, Diff: 0.3, Sum: 42.8]
         [Processed Buffers: Min: 6, Avg: 7.6, Max: 10, Diff: 4, Sum: 136]
      [Scan RS (ms): Min: 0.0, Avg: 0.1, Max: 0.1, Diff: 0.1, Sum: 1.2]
      [Code Root Scanning (ms): Min: 0.0, Avg: 0.0, Max: 0.0, Diff: 0.0, Sum: 0.0]
      [Object Copy (ms): Min: 12.2, Avg: 12.6, Max: 12.8, Diff: 0.6, Sum: 226.2]
      [Termination (ms): Min: 0.0, Avg: 0.2, Max: 0.5, Diff: 0.5, Sum: 4.2]
         [Termination Attempts: Min: 1, Avg: 1.1, Max: 2, Diff: 1, Sum: 19]
      [GC Worker Other (ms): Min: 0.0, Avg: 0.0, Max: 0.1, Diff: 0.0, Sum: 0.5]
      [GC Worker Total (ms): Min: 15.2, Avg: 15.4, Max: 15.6, Diff: 0.4, Sum: 277.7]
      [GC Worker End (ms): Min: 9771.2, Avg: 9771.2, Max: 9771.2, Diff: 0.0]
   [Code Root Fixup: 0.0 ms]
   [Code Root Purge: 0.0 ms]
   [Clear CT: 0.2 ms]
   [Other: 1.3 ms]
      [Choose CSet: 0.1 ms]
      [Ref Proc: 0.3 ms]
      [Ref Enq: 0.0 ms]
      [Redirty Cards: 0.3 ms]
      [Humongous Register: 0.2 ms]
      [Humongous Reclaim: 0.1 ms]
      [Free CSet: 0.3 ms]
   [Eden: 44.0M(44.0M)->0.0B(276.0M) Survivors: 7168.0K->7168.0K Heap: 582.0M(1024.0M)->496.1M(1024.0M)]
 [Times: user=0.27 sys=0.01, real=0.02 secs] 
9.775: [GC pause (G1 Humongous Allocation) (young) (initial-mark), 0.0040105 secs]
   [Parallel Time: 2.8 ms, GC Workers: 18]
      [GC Worker Start (ms): Min: 9775.2, Avg: 9775.4, Max: 9775.6, Diff: 0.3]
      [Ext Root Scanning (ms): Min: 0.0, Avg: 0.2, Max: 0.4, Diff: 0.4, Sum: 4.0]
      [Update RS (ms): Min: 0.0, Avg: 0.2, Max: 1.6, Diff: 1.6, Sum: 3.6]
         [Processed Buffers: Min: 0, Avg: 1.1, Max: 2, Diff: 2, Sum: 19]
      [Scan RS (ms): Min: 0.0, Avg: 0.0, Max: 0.0, Diff: 0.0, Sum: 0.1]
      [Code Root Scanning (ms): Min: 0.0, Avg: 0.0, Max: 0.0, Diff: 0.0, Sum: 0.0]
      [Object Copy (ms): Min: 0.0, Avg: 1.7, Max: 2.2, Diff: 2.2, Sum: 31.1]
      [Termination (ms): Min: 0.0, Avg: 0.3, Max: 0.7, Diff: 0.7, Sum: 5.8]
         [Termination Attempts: Min: 1, Avg: 1.0, Max: 1, Diff: 0, Sum: 18]
      [GC Worker Other (ms): Min: 0.0, Avg: 0.0, Max: 0.0, Diff: 0.0, Sum: 0.2]
      [GC Worker Total (ms): Min: 2.3, Avg: 2.5, Max: 2.7, Diff: 0.3, Sum: 44.8]
      [GC Worker End (ms): Min: 9777.9, Avg: 9777.9, Max: 9777.9, Diff: 0.0]
   [Code Root Fixup: 0.0 ms]
   [Code Root Purge: 0.0 ms]
   [Clear CT: 0.2 ms]
   [Other: 1.0 ms]
      [Choose CSet: 0.0 ms]
      [Ref Proc: 0.3 ms]
      [Ref Enq: 0.0 ms]
      [Redirty Cards: 0.2 ms]
      [Humongous Register: 0.2 ms]
      [Humongous Reclaim: 0.0 ms]
      [Free CSet: 0.0 ms]
   [Eden: 7168.0K(276.0M)->0.0B(255.0M) Survivors: 7168.0K->9216.0K Heap: 502.9M(1024.0M)->496.9M(1024.0M)]
 [Times: user=0.04 sys=0.00, real=0.01 secs] 
9.779: [GC concurrent-root-region-scan-start]
9.779: [GC concurrent-root-region-scan-end, 0.0001316 secs]
9.779: [GC concurrent-mark-start]
9.781: [GC concurrent-mark-end, 0.0021797 secs]
9.782: [GC remark 9.782: [Finalize Marking, 0.0004323 secs] 9.782: [GC ref-proc, 0.0004159 secs] 9.782: [Unloading, 0.0009717 secs], 0.0025755 secs]
 [Times: user=0.01 sys=0.00, real=0.00 secs] 
9.784: [GC cleanup 507M->505M(1024M), 0.0017022 secs]
 [Times: user=0.01 sys=0.00, real=0.00 secs] 
9.786: [GC concurrent-cleanup-start]
9.786: [GC concurrent-cleanup-end, 0.0000252 secs]
9.884: [GC pause (G1 Evacuation Pause) (young), 0.0385570 secs]
   [Parallel Time: 36.5 ms, GC Workers: 18]
      [GC Worker Start (ms): Min: 9884.9, Avg: 9885.2, Max: 9885.5, Diff: 0.5]
      [Ext Root Scanning (ms): Min: 0.0, Avg: 0.2, Max: 0.4, Diff: 0.4, Sum: 3.2]
      [Update RS (ms): Min: 12.9, Avg: 13.1, Max: 13.4, Diff: 0.4, Sum: 236.6]
         [Processed Buffers: Min: 29, Avg: 33.3, Max: 38, Diff: 9, Sum: 600]
      [Scan RS (ms): Min: 0.0, Avg: 0.1, Max: 0.4, Diff: 0.4, Sum: 1.7]
      [Code Root Scanning (ms): Min: 0.0, Avg: 0.0, Max: 0.0, Diff: 0.0, Sum: 0.0]
      [Object Copy (ms): Min: 21.3, Avg: 22.2, Max: 22.7, Diff: 1.4, Sum: 399.6]
      [Termination (ms): Min: 0.0, Avg: 0.3, Max: 0.7, Diff: 0.7, Sum: 5.6]
         [Termination Attempts: Min: 1, Avg: 1.0, Max: 1, Diff: 0, Sum: 18]
      [GC Worker Other (ms): Min: 0.0, Avg: 0.0, Max: 0.1, Diff: 0.1, Sum: 0.6]
      [GC Worker Total (ms): Min: 35.7, Avg: 36.0, Max: 36.2, Diff: 0.5, Sum: 647.4]
      [GC Worker End (ms): Min: 9921.2, Avg: 9921.2, Max: 9921.2, Diff: 0.0]
   [Code Root Fixup: 0.0 ms]
   [Code Root Purge: 0.0 ms]
   [Clear CT: 0.3 ms]
   [Other: 1.8 ms]
      [Choose CSet: 0.0 ms]
      [Ref Proc: 0.3 ms]
      [Ref Enq: 0.0 ms]
      [Redirty Cards: 0.3 ms]
      [Humongous Register: 0.3 ms]
      [Humongous Reclaim: 0.3 ms]
      [Free CSet: 0.4 ms]
   [Eden: 255.0M(255.0M)->0.0B(18.0M) Survivors: 9216.0K->33.0M Heap: 823.5M(1024.0M)->567.8M(1024.0M)]
 [Times: user=0.64 sys=0.00, real=0.04 secs] 
9.930: [GC pause (G1 Evacuation Pause) (mixed), 0.0178579 secs]
   [Parallel Time: 16.2 ms, GC Workers: 18]
      [GC Worker Start (ms): Min: 9930.1, Avg: 9930.3, Max: 9930.5, Diff: 0.4]
      [Ext Root Scanning (ms): Min: 0.0, Avg: 0.2, Max: 0.4, Diff: 0.4, Sum: 2.8]
      [Update RS (ms): Min: 0.8, Avg: 0.8, Max: 0.9, Diff: 0.2, Sum: 15.0]
         [Processed Buffers: Min: 2, Avg: 3.3, Max: 6, Diff: 4, Sum: 59]
      [Scan RS (ms): Min: 0.0, Avg: 0.1, Max: 0.2, Diff: 0.2, Sum: 1.4]
      [Code Root Scanning (ms): Min: 0.0, Avg: 0.0, Max: 0.0, Diff: 0.0, Sum: 0.0]
      [Object Copy (ms): Min: 14.1, Avg: 14.4, Max: 14.6, Diff: 0.5, Sum: 259.6]
      [Termination (ms): Min: 0.0, Avg: 0.2, Max: 0.5, Diff: 0.5, Sum: 4.1]
         [Termination Attempts: Min: 1, Avg: 1.2, Max: 5, Diff: 4, Sum: 22]
      [GC Worker Other (ms): Min: 0.0, Avg: 0.0, Max: 0.0, Diff: 0.0, Sum: 0.3]
      [GC Worker Total (ms): Min: 15.6, Avg: 15.7, Max: 16.0, Diff: 0.4, Sum: 283.2]
      [GC Worker End (ms): Min: 9946.0, Avg: 9946.0, Max: 9946.0, Diff: 0.0]
   [Code Root Fixup: 0.0 ms]
   [Code Root Purge: 0.0 ms]
   [Clear CT: 0.2 ms]
   [Other: 1.4 ms]
      [Choose CSet: 0.1 ms]
      [Ref Proc: 0.3 ms]
      [Ref Enq: 0.0 ms]
      [Redirty Cards: 0.3 ms]
      [Humongous Register: 0.2 ms]
      [Humongous Reclaim: 0.1 ms]
      [Free CSet: 0.3 ms]
   [Eden: 18.0M(18.0M)->0.0B(44.0M) Survivors: 33.0M->7168.0K Heap: 590.8M(1024.0M)->496.8M(1024.0M)]
 [Times: user=0.28 sys=0.01, real=0.01 secs] 
9.963: [GC pause (G1 Evacuation Pause) (mixed), 0.0099136 secs]
   [Parallel Time: 8.6 ms, GC Workers: 18]
      [GC Worker Start (ms): Min: 9962.9, Avg: 9963.1, Max: 9963.2, Diff: 0.3]
      [Ext Root Scanning (ms): Min: 0.0, Avg: 0.2, Max: 0.3, Diff: 0.3, Sum: 3.2]
      [Update RS (ms): Min: 0.9, Avg: 1.1, Max: 1.2, Diff: 0.3, Sum: 20.3]
         [Processed Buffers: Min: 3, Avg: 3.8, Max: 5, Diff: 2, Sum: 69]
      [Scan RS (ms): Min: 0.0, Avg: 0.0, Max: 0.1, Diff: 0.1, Sum: 0.3]
      [Code Root Scanning (ms): Min: 0.0, Avg: 0.0, Max: 0.0, Diff: 0.0, Sum: 0.0]
      [Object Copy (ms): Min: 6.1, Avg: 6.4, Max: 6.8, Diff: 0.7, Sum: 115.5]
      [Termination (ms): Min: 0.0, Avg: 0.4, Max: 0.7, Diff: 0.7, Sum: 7.3]
         [Termination Attempts: Min: 1, Avg: 1.1, Max: 2, Diff: 1, Sum: 19]
      [GC Worker Other (ms): Min: 0.0, Avg: 0.0, Max: 0.0, Diff: 0.0, Sum: 0.3]
      [GC Worker Total (ms): Min: 8.0, Avg: 8.2, Max: 8.3, Diff: 0.3, Sum: 147.0]
      [GC Worker End (ms): Min: 9971.2, Avg: 9971.2, Max: 9971.3, Diff: 0.0]
   [Code Root Fixup: 0.0 ms]
   [Code Root Purge: 0.0 ms]
   [Clear CT: 0.2 ms]
   [Other: 1.1 ms]
      [Choose CSet: 0.0 ms]
      [Ref Proc: 0.3 ms]
      [Ref Enq: 0.0 ms]
      [Redirty Cards: 0.3 ms]
      [Humongous Register: 0.2 ms]
      [Humongous Reclaim: 0.1 ms]
      [Free CSet: 0.1 ms]
   [Eden: 44.0M(44.0M)->0.0B(258.0M) Survivors: 7168.0K->7168.0K Heap: 547.0M(1024.0M)->502.3M(1024.0M)]
 [Times: user=0.14 sys=0.00, real=0.01 secs] 
9.974: [GC pause (G1 Humongous Allocation) (young) (initial-mark), 0.0036940 secs]
   [Parallel Time: 2.4 ms, GC Workers: 18]
      [GC Worker Start (ms): Min: 9974.3, Avg: 9974.4, Max: 9974.6, Diff: 0.3]
      [Ext Root Scanning (ms): Min: 0.0, Avg: 0.2, Max: 0.3, Diff: 0.3, Sum: 3.2]
      [Update RS (ms): Min: 0.0, Avg: 0.1, Max: 0.6, Diff: 0.5, Sum: 2.6]
         [Processed Buffers: Min: 0, Avg: 0.9, Max: 3, Diff: 3, Sum: 16]
      [Scan RS (ms): Min: 0.0, Avg: 0.0, Max: 0.0, Diff: 0.0, Sum: 0.1]
      [Code Root Scanning (ms): Min: 0.0, Avg: 0.0, Max: 0.0, Diff: 0.0, Sum: 0.0]
      [Object Copy (ms): Min: 1.2, Avg: 1.5, Max: 1.9, Diff: 0.6, Sum: 26.7]
      [Termination (ms): Min: 0.0, Avg: 0.3, Max: 0.7, Diff: 0.7, Sum: 5.6]
         [Termination Attempts: Min: 1, Avg: 1.2, Max: 2, Diff: 1, Sum: 21]
      [GC Worker Other (ms): Min: 0.0, Avg: 0.0, Max: 0.1, Diff: 0.0, Sum: 0.3]
      [GC Worker Total (ms): Min: 2.0, Avg: 2.1, Max: 2.3, Diff: 0.3, Sum: 38.3]
      [GC Worker End (ms): Min: 9976.5, Avg: 9976.6, Max: 9976.6, Diff: 0.0]
   [Code Root Fixup: 0.0 ms]
   [Code Root Purge: 0.0 ms]
   [Clear CT: 0.3 ms]
   [Other: 1.0 ms]
      [Choose CSet: 0.0 ms]
      [Ref Proc: 0.3 ms]
      [Ref Enq: 0.0 ms]
      [Redirty Cards: 0.2 ms]
      [Humongous Register: 0.2 ms]
      [Humongous Reclaim: 0.0 ms]
      [Free CSet: 0.0 ms]
   [Eden: 3072.0K(258.0M)->0.0B(249.0M) Survivors: 7168.0K->9216.0K Heap: 505.3M(1024.0M)->503.7M(1024.0M)]
 [Times: user=0.04 sys=0.00, real=0.00 secs] 
9.978: [GC concurrent-root-region-scan-start]
9.978: [GC concurrent-root-region-scan-end, 0.0001351 secs]
9.978: [GC concurrent-mark-start]
9.980: [GC concurrent-mark-end, 0.0022169 secs]
9.980: [GC remark 9.980: [Finalize Marking, 0.0004019 secs] 9.981: [GC ref-proc, 0.0004076 secs] 9.981: [Unloading, 0.0009495 secs], 0.0025078 secs]
 [Times: user=0.02 sys=0.01, real=0.00 secs] 
9.983: [GC cleanup 513M->509M(1024M), 0.0014141 secs]
 [Times: user=0.01 sys=0.00, real=0.00 secs] 
9.984: [GC concurrent-cleanup-start]
9.984: [GC concurrent-cleanup-end, 0.0000252 secs]
10.076: [GC pause (G1 Evacuation Pause) (young), 0.0358377 secs]
   [Parallel Time: 33.9 ms, GC Workers: 18]
      [GC Worker Start (ms): Min: 10076.1, Avg: 10076.3, Max: 10076.4, Diff: 0.3]
      [Ext Root Scanning (ms): Min: 0.0, Avg: 0.2, Max: 0.3, Diff: 0.3, Sum: 3.4]
      [Update RS (ms): Min: 11.0, Avg: 11.2, Max: 11.3, Diff: 0.3, Sum: 200.9]
         [Processed Buffers: Min: 30, Avg: 34.7, Max: 41, Diff: 11, Sum: 625]
      [Scan RS (ms): Min: 0.0, Avg: 0.1, Max: 0.1, Diff: 0.1, Sum: 1.4]
      [Code Root Scanning (ms): Min: 0.0, Avg: 0.0, Max: 0.0, Diff: 0.0, Sum: 0.0]
      [Object Copy (ms): Min: 21.5, Avg: 21.8, Max: 22.1, Diff: 0.6, Sum: 392.9]
      [Termination (ms): Min: 0.0, Avg: 0.2, Max: 0.5, Diff: 0.5, Sum: 3.9]
         [Termination Attempts: Min: 1, Avg: 1.0, Max: 1, Diff: 0, Sum: 18]
      [GC Worker Other (ms): Min: 0.0, Avg: 0.1, Max: 0.2, Diff: 0.1, Sum: 1.3]
      [GC Worker Total (ms): Min: 33.4, Avg: 33.5, Max: 33.7, Diff: 0.3, Sum: 603.9]
      [GC Worker End (ms): Min: 10109.8, Avg: 10109.8, Max: 10109.9, Diff: 0.1]
   [Code Root Fixup: 0.0 ms]
   [Code Root Purge: 0.0 ms]
   [Clear CT: 0.3 ms]
   [Other: 1.7 ms]
      [Choose CSet: 0.0 ms]
      [Ref Proc: 0.2 ms]
      [Ref Enq: 0.0 ms]
      [Redirty Cards: 0.3 ms]
      [Humongous Register: 0.3 ms]
      [Humongous Reclaim: 0.3 ms]
      [Free CSet: 0.4 ms]
   [Eden: 249.0M(249.0M)->0.0B(18.0M) Survivors: 9216.0K->33.0M Heap: 825.2M(1024.0M)->574.0M(1024.0M)]
 [Times: user=0.59 sys=0.00, real=0.04 secs] 
10.118: [GC pause (G1 Evacuation Pause) (mixed), 0.0228277 secs]
   [Parallel Time: 21.2 ms, GC Workers: 18]
      [GC Worker Start (ms): Min: 10118.5, Avg: 10118.8, Max: 10119.0, Diff: 0.5]
      [Ext Root Scanning (ms): Min: 0.0, Avg: 0.1, Max: 0.4, Diff: 0.3, Sum: 2.6]
      [Update RS (ms): Min: 0.5, Avg: 0.6, Max: 0.7, Diff: 0.2, Sum: 10.6]
         [Processed Buffers: Min: 2, Avg: 2.7, Max: 6, Diff: 4, Sum: 48]
      [Scan RS (ms): Min: 0.0, Avg: 0.1, Max: 0.2, Diff: 0.2, Sum: 1.1]
      [Code Root Scanning (ms): Min: 0.0, Avg: 0.0, Max: 0.0, Diff: 0.0, Sum: 0.0]
      [Object Copy (ms): Min: 16.3, Avg: 16.7, Max: 19.9, Diff: 3.6, Sum: 299.9]
      [Termination (ms): Min: 0.0, Avg: 3.3, Max: 3.7, Diff: 3.7, Sum: 59.1]
         [Termination Attempts: Min: 1, Avg: 1.0, Max: 1, Diff: 0, Sum: 18]
      [GC Worker Other (ms): Min: 0.0, Avg: 0.0, Max: 0.0, Diff: 0.0, Sum: 0.3]
      [GC Worker Total (ms): Min: 20.5, Avg: 20.8, Max: 21.0, Diff: 0.5, Sum: 373.7]
      [GC Worker End (ms): Min: 10139.5, Avg: 10139.5, Max: 10139.5, Diff: 0.0]
   [Code Root Fixup: 0.0 ms]
   [Code Root Purge: 0.0 ms]
   [Clear CT: 0.3 ms]
   [Other: 1.4 ms]
      [Choose CSet: 0.1 ms]
      [Ref Proc: 0.2 ms]
      [Ref Enq: 0.0 ms]
      [Redirty Cards: 0.3 ms]
      [Humongous Register: 0.2 ms]
      [Humongous Reclaim: 0.1 ms]
      [Free CSet: 0.4 ms]
   [Eden: 18.0M(18.0M)->0.0B(44.0M) Survivors: 33.0M->7168.0K Heap: 595.6M(1024.0M)->502.6M(1024.0M)]
 [Times: user=0.35 sys=0.02, real=0.03 secs] 
执行结束。共生成对象次数:72383
Heap
 garbage-first heap   total 1048576K, used 514618K [0x00000000c0000000, 0x00000000c0102000, 0x0000000100000000)
  region size 1024K, 8 young (8192K), 7 survivors (7168K)
 Metaspace       used 2541K, capacity 4490K, committed 4864K, reserved 1056768K
  class space    used 273K, capacity 386K, committed 512K, reserved 1048576K
开始执行.......
0.196: [GC pause (G1 Evacuation Pause) (young), 0.0052320 secs]
   [Parallel Time: 3.9 ms, GC Workers: 18]
      [GC Worker Start (ms): Min: 195.8, Avg: 197.5, Max: 199.4, Diff: 3.6]
      [Ext Root Scanning (ms): Min: 0.0, Avg: 0.2, Max: 0.4, Diff: 0.4, Sum: 2.8]
      [Update RS (ms): Min: 0.0, Avg: 0.0, Max: 0.0, Diff: 0.0, Sum: 0.0]
         [Processed Buffers: Min: 0, Avg: 0.0, Max: 0, Diff: 0, Sum: 0]
      [Scan RS (ms): Min: 0.0, Avg: 0.0, Max: 0.0, Diff: 0.0, Sum: 0.2]
      [Code Root Scanning (ms): Min: 0.0, Avg: 0.0, Max: 0.0, Diff: 0.0, Sum: 0.1]
      [Object Copy (ms): Min: 0.0, Avg: 1.5, Max: 3.0, Diff: 3.0, Sum: 27.0]
      [Termination (ms): Min: 0.0, Avg: 0.3, Max: 0.6, Diff: 0.6, Sum: 4.7]
         [Termination Attempts: Min: 1, Avg: 1.0, Max: 1, Diff: 0, Sum: 18]
      [GC Worker Other (ms): Min: 0.0, Avg: 0.0, Max: 0.0, Diff: 0.0, Sum: 0.4]
      [GC Worker Total (ms): Min: 0.0, Avg: 1.9, Max: 3.7, Diff: 3.6, Sum: 35.1]
      [GC Worker End (ms): Min: 199.5, Avg: 199.5, Max: 199.6, Diff: 0.2]
   [Code Root Fixup: 0.0 ms]
   [Code Root Purge: 0.0 ms]
   [Clear CT: 0.2 ms]
   [Other: 1.1 ms]
      [Choose CSet: 0.0 ms]
      [Ref Proc: 0.5 ms]
      [Ref Enq: 0.0 ms]
      [Redirty Cards: 0.2 ms]
      [Humongous Register: 0.1 ms]
      [Humongous Reclaim: 0.0 ms]
      [Free CSet: 0.1 ms]
   [Eden: 51.0M(51.0M)->0.0B(44.0M) Survivors: 0.0B->7168.0K Heap: 62.6M(1024.0M)->20.6M(1024.0M)]
 [Times: user=0.02 sys=0.02, real=0.01 secs] 
0.225: [GC pause (G1 Evacuation Pause) (young), 0.0070113 secs]
   [Parallel Time: 5.8 ms, GC Workers: 18]
      [GC Worker Start (ms): Min: 225.7, Avg: 226.0, Max: 226.1, Diff: 0.5]
      [Ext Root Scanning (ms): Min: 0.0, Avg: 0.1, Max: 0.4, Diff: 0.4, Sum: 2.6]
      [Update RS (ms): Min: 0.0, Avg: 0.4, Max: 0.6, Diff: 0.6, Sum: 7.5]
         [Processed Buffers: Min: 0, Avg: 1.3, Max: 2, Diff: 2, Sum: 24]
      [Scan RS (ms): Min: 0.0, Avg: 0.0, Max: 0.0, Diff: 0.0, Sum: 0.2]
      [Code Root Scanning (ms): Min: 0.0, Avg: 0.0, Max: 0.1, Diff: 0.1, Sum: 0.1]
      [Object Copy (ms): Min: 3.8, Avg: 4.3, Max: 5.0, Diff: 1.1, Sum: 78.0]
      [Termination (ms): Min: 0.0, Avg: 0.3, Max: 0.7, Diff: 0.7, Sum: 6.2]
         [Termination Attempts: Min: 1, Avg: 1.0, Max: 1, Diff: 0, Sum: 18]
      [GC Worker Other (ms): Min: 0.0, Avg: 0.0, Max: 0.0, Diff: 0.0, Sum: 0.2]
      [GC Worker Total (ms): Min: 5.1, Avg: 5.3, Max: 5.6, Diff: 0.5, Sum: 94.8]
      [GC Worker End (ms): Min: 231.2, Avg: 231.2, Max: 231.2, Diff: 0.0]
   [Code Root Fixup: 0.0 ms]
   [Code Root Purge: 0.0 ms]
   [Clear CT: 0.2 ms]
   [Other: 1.0 ms]
      [Choose CSet: 0.0 ms]
      [Ref Proc: 0.4 ms]
      [Ref Enq: 0.0 ms]
      [Redirty Cards: 0.3 ms]
      [Humongous Register: 0.0 ms]
      [Humongous Reclaim: 0.0 ms]
      [Free CSet: 0.1 ms]
   [Eden: 44.0M(44.0M)->0.0B(44.0M) Survivors: 7168.0K->7168.0K Heap: 73.0M(1024.0M)->37.4M(1024.0M)]
 [Times: user=0.06 sys=0.04, real=0.01 secs] 
0.253: [GC pause (G1 Evacuation Pause) (young), 0.0066552 secs]
   [Parallel Time: 5.5 ms, GC Workers: 18]
      [GC Worker Start (ms): Min: 253.0, Avg: 253.3, Max: 253.5, Diff: 0.4]
      [Ext Root Scanning (ms): Min: 0.0, Avg: 0.2, Max: 0.4, Diff: 0.4, Sum: 2.7]
      [Update RS (ms): Min: 0.4, Avg: 0.5, Max: 0.7, Diff: 0.4, Sum: 9.4]
         [Processed Buffers: Min: 1, Avg: 1.7, Max: 2, Diff: 1, Sum: 30]
      [Scan RS (ms): Min: 0.0, Avg: 0.0, Max: 0.0, Diff: 0.0, Sum: 0.3]
      [Code Root Scanning (ms): Min: 0.0, Avg: 0.0, Max: 0.0, Diff: 0.0, Sum: 0.0]
      [Object Copy (ms): Min: 3.7, Avg: 4.0, Max: 4.3, Diff: 0.6, Sum: 72.5]
      [Termination (ms): Min: 0.0, Avg: 0.3, Max: 0.6, Diff: 0.6, Sum: 5.8]
         [Termination Attempts: Min: 1, Avg: 1.0, Max: 1, Diff: 0, Sum: 18]
      [GC Worker Other (ms): Min: 0.0, Avg: 0.0, Max: 0.0, Diff: 0.0, Sum: 0.2]
      [GC Worker Total (ms): Min: 4.9, Avg: 5.1, Max: 5.3, Diff: 0.4, Sum: 91.0]
      [GC Worker End (ms): Min: 258.3, Avg: 258.3, Max: 258.3, Diff: 0.0]
   [Code Root Fixup: 0.0 ms]
   [Code Root Purge: 0.0 ms]
   [Clear CT: 0.2 ms]
   [Other: 0.9 ms]
      [Choose CSet: 0.0 ms]
      [Ref Proc: 0.3 ms]
      [Ref Enq: 0.0 ms]
      [Redirty Cards: 0.2 ms]
      [Humongous Register: 0.1 ms]
      [Humongous Reclaim: 0.0 ms]
      [Free CSet: 0.1 ms]
   [Eden: 44.0M(44.0M)->0.0B(61.0M) Survivors: 7168.0K->7168.0K Heap: 93.6M(1024.0M)->60.0M(1024.0M)]
 [Times: user=0.06 sys=0.05, real=0.01 secs] 
0.291: [GC pause (G1 Evacuation Pause) (young), 0.0069378 secs]
   [Parallel Time: 5.7 ms, GC Workers: 18]
      [GC Worker Start (ms): Min: 291.1, Avg: 291.4, Max: 291.6, Diff: 0.5]
      [Ext Root Scanning (ms): Min: 0.0, Avg: 0.1, Max: 0.4, Diff: 0.4, Sum: 2.3]
      [Update RS (ms): Min: 0.3, Avg: 0.4, Max: 0.5, Diff: 0.2, Sum: 7.5]
         [Processed Buffers: Min: 1, Avg: 1.3, Max: 2, Diff: 1, Sum: 24]
      [Scan RS (ms): Min: 0.0, Avg: 0.0, Max: 0.1, Diff: 0.1, Sum: 0.2]
      [Code Root Scanning (ms): Min: 0.0, Avg: 0.0, Max: 0.0, Diff: 0.0, Sum: 0.0]
      [Object Copy (ms): Min: 4.2, Avg: 4.4, Max: 4.7, Diff: 0.5, Sum: 79.5]
      [Termination (ms): Min: 0.0, Avg: 0.2, Max: 0.4, Diff: 0.4, Sum: 3.9]
         [Termination Attempts: Min: 1, Avg: 1.0, Max: 1, Diff: 0, Sum: 18]
      [GC Worker Other (ms): Min: 0.0, Avg: 0.0, Max: 0.0, Diff: 0.0, Sum: 0.3]
      [GC Worker Total (ms): Min: 5.0, Avg: 5.2, Max: 5.5, Diff: 0.4, Sum: 93.8]
      [GC Worker End (ms): Min: 296.6, Avg: 296.6, Max: 296.6, Diff: 0.0]
   [Code Root Fixup: 0.0 ms]
   [Code Root Purge: 0.0 ms]
   [Clear CT: 0.2 ms]
   [Other: 1.0 ms]
      [Choose CSet: 0.0 ms]
      [Ref Proc: 0.3 ms]
      [Ref Enq: 0.0 ms]
      [Redirty Cards: 0.2 ms]
      [Humongous Register: 0.1 ms]
      [Humongous Reclaim: 0.0 ms]
      [Free CSet: 0.1 ms]
   [Eden: 61.0M(61.0M)->0.0B(84.0M) Survivors: 7168.0K->9216.0K Heap: 136.3M(1024.0M)->87.7M(1024.0M)]
 [Times: user=0.05 sys=0.05, real=0.01 secs] 
0.343: [GC pause (G1 Evacuation Pause) (young), 0.0089634 secs]
   [Parallel Time: 7.5 ms, GC Workers: 18]
      [GC Worker Start (ms): Min: 343.3, Avg: 344.4, Max: 346.7, Diff: 3.4]
      [Ext Root Scanning (ms): Min: 0.0, Avg: 0.1, Max: 0.3, Diff: 0.3, Sum: 1.6]
      [Update RS (ms): Min: 0.0, Avg: 0.6, Max: 1.7, Diff: 1.7, Sum: 10.7]
         [Processed Buffers: Min: 0, Avg: 1.9, Max: 4, Diff: 4, Sum: 34]
      [Scan RS (ms): Min: 0.0, Avg: 0.0, Max: 0.0, Diff: 0.0, Sum: 0.2]
      [Code Root Scanning (ms): Min: 0.0, Avg: 0.0, Max: 0.0, Diff: 0.0, Sum: 0.0]
      [Object Copy (ms): Min: 3.1, Avg: 5.0, Max: 6.1, Diff: 3.0, Sum: 89.2]
      [Termination (ms): Min: 0.0, Avg: 0.4, Max: 0.7, Diff: 0.7, Sum: 7.7]
         [Termination Attempts: Min: 1, Avg: 1.0, Max: 1, Diff: 0, Sum: 18]
      [GC Worker Other (ms): Min: 0.0, Avg: 0.0, Max: 0.0, Diff: 0.0, Sum: 0.3]
      [GC Worker Total (ms): Min: 3.7, Avg: 6.1, Max: 7.2, Diff: 3.4, Sum: 109.7]
      [GC Worker End (ms): Min: 350.5, Avg: 350.5, Max: 350.5, Diff: 0.0]
   [Code Root Fixup: 0.0 ms]
   [Code Root Purge: 0.0 ms]
   [Clear CT: 0.2 ms]
   [Other: 1.2 ms]
      [Choose CSet: 0.0 ms]
      [Ref Proc: 0.3 ms]
      [Ref Enq: 0.0 ms]
      [Redirty Cards: 0.3 ms]
      [Humongous Register: 0.1 ms]
      [Humongous Reclaim: 0.1 ms]
      [Free CSet: 0.1 ms]
   [Eden: 84.0M(84.0M)->0.0B(602.0M) Survivors: 9216.0K->12.0M Heap: 193.8M(1024.0M)->120.0M(1024.0M)]
 [Times: user=0.05 sys=0.05, real=0.01 secs] 
0.811: [GC pause (G1 Evacuation Pause) (young) (to-space exhausted), 0.0178182 secs]
   [Parallel Time: 11.5 ms, GC Workers: 18]
      [GC Worker Start (ms): Min: 811.5, Avg: 811.8, Max: 812.0, Diff: 0.5]
      [Ext Root Scanning (ms): Min: 0.0, Avg: 0.2, Max: 0.4, Diff: 0.4, Sum: 3.3]
      [Update RS (ms): Min: 0.6, Avg: 0.8, Max: 1.0, Diff: 0.4, Sum: 14.6]
         [Processed Buffers: Min: 0, Avg: 2.0, Max: 3, Diff: 3, Sum: 36]
      [Scan RS (ms): Min: 0.0, Avg: 0.2, Max: 0.3, Diff: 0.3, Sum: 2.8]
      [Code Root Scanning (ms): Min: 0.0, Avg: 0.0, Max: 0.0, Diff: 0.0, Sum: 0.0]
      [Object Copy (ms): Min: 9.7, Avg: 9.7, Max: 9.8, Diff: 0.2, Sum: 175.5]
      [Termination (ms): Min: 0.0, Avg: 0.1, Max: 0.1, Diff: 0.1, Sum: 1.1]
         [Termination Attempts: Min: 1, Avg: 1.9, Max: 3, Diff: 2, Sum: 35]
      [GC Worker Other (ms): Min: 0.0, Avg: 0.1, Max: 0.1, Diff: 0.1, Sum: 1.0]
      [GC Worker Total (ms): Min: 10.8, Avg: 11.0, Max: 11.3, Diff: 0.5, Sum: 198.3]
      [GC Worker End (ms): Min: 822.8, Avg: 822.8, Max: 822.8, Diff: 0.1]
   [Code Root Fixup: 0.0 ms]
   [Code Root Purge: 0.0 ms]
   [Clear CT: 0.5 ms]
   [Other: 5.9 ms]
      [Evacuation Failure: 4.0 ms]
      [Choose CSet: 0.0 ms]
      [Ref Proc: 0.3 ms]
      [Ref Enq: 0.0 ms]
      [Redirty Cards: 0.2 ms]
      [Humongous Register: 0.2 ms]
      [Humongous Reclaim: 0.4 ms]
      [Free CSet: 0.4 ms]
   [Eden: 602.0M(602.0M)->0.0B(241.0M) Survivors: 12.0M->45.0M Heap: 874.2M(1024.0M)->590.8M(1024.0M)]
 [Times: user=0.08 sys=0.16, real=0.02 secs] 
0.833: [GC pause (G1 Humongous Allocation) (young) (initial-mark), 0.0155629 secs]
   [Parallel Time: 14.3 ms, GC Workers: 18]
      [GC Worker Start (ms): Min: 833.0, Avg: 833.1, Max: 833.2, Diff: 0.3]
      [Ext Root Scanning (ms): Min: 0.1, Avg: 0.2, Max: 0.3, Diff: 0.3, Sum: 3.3]
      [Update RS (ms): Min: 0.0, Avg: 0.2, Max: 0.6, Diff: 0.6, Sum: 3.2]
         [Processed Buffers: Min: 0, Avg: 1.2, Max: 4, Diff: 4, Sum: 22]
      [Scan RS (ms): Min: 0.0, Avg: 0.0, Max: 0.0, Diff: 0.0, Sum: 0.5]
      [Code Root Scanning (ms): Min: 0.0, Avg: 0.0, Max: 0.0, Diff: 0.0, Sum: 0.0]
      [Object Copy (ms): Min: 12.9, Avg: 13.3, Max: 13.6, Diff: 0.7, Sum: 239.7]
      [Termination (ms): Min: 0.0, Avg: 0.2, Max: 0.5, Diff: 0.5, Sum: 4.1]
         [Termination Attempts: Min: 1, Avg: 1.0, Max: 1, Diff: 0, Sum: 18]
      [GC Worker Other (ms): Min: 0.0, Avg: 0.0, Max: 0.1, Diff: 0.0, Sum: 0.4]
      [GC Worker Total (ms): Min: 13.8, Avg: 14.0, Max: 14.1, Diff: 0.3, Sum: 251.3]
      [GC Worker End (ms): Min: 847.1, Avg: 847.1, Max: 847.1, Diff: 0.0]
   [Code Root Fixup: 0.0 ms]
   [Code Root Purge: 0.0 ms]
   [Clear CT: 0.2 ms]
   [Other: 1.0 ms]
      [Choose CSet: 0.0 ms]
      [Ref Proc: 0.2 ms]
      [Ref Enq: 0.0 ms]
      [Redirty Cards: 0.2 ms]
      [Humongous Register: 0.1 ms]
      [Humongous Reclaim: 0.0 ms]
      [Free CSet: 0.1 ms]
   [Eden: 13.0M(241.0M)->0.0B(248.0M) Survivors: 45.0M->4096.0K Heap: 603.3M(1024.0M)->596.1M(1024.0M)]
 [Times: user=0.19 sys=0.05, real=0.02 secs] 
0.848: [GC concurrent-root-region-scan-start]
0.849: [GC concurrent-root-region-scan-end, 0.0002435 secs]
0.849: [GC concurrent-mark-start]
0.855: [GC concurrent-mark-end, 0.0066562 secs]
0.856: [GC remark 0.856: [Finalize Marking, 0.0004513 secs] 0.856: [GC ref-proc, 0.0004193 secs] 0.856: [Unloading, 0.0011438 secs], 0.0033952 secs]
 [Times: user=0.04 sys=0.00, real=0.01 secs] 
0.859: [GC cleanup 608M->605M(1024M), 0.0019828 secs]
 [Times: user=0.01 sys=0.01, real=0.00 secs] 
0.861: [GC concurrent-cleanup-start]
0.861: [GC concurrent-cleanup-end, 0.0000258 secs]
0.965: [GC pause (G1 Evacuation Pause) (young) (to-space exhausted), 0.0151547 secs]
   [Parallel Time: 11.7 ms, GC Workers: 18]
      [GC Worker Start (ms): Min: 965.8, Avg: 966.1, Max: 966.3, Diff: 0.5]
      [Ext Root Scanning (ms): Min: 0.0, Avg: 0.2, Max: 0.5, Diff: 0.5, Sum: 3.5]
      [Update RS (ms): Min: 0.4, Avg: 0.8, Max: 2.2, Diff: 1.8, Sum: 15.0]
         [Processed Buffers: Min: 0, Avg: 1.8, Max: 2, Diff: 2, Sum: 33]
      [Scan RS (ms): Min: 0.0, Avg: 0.1, Max: 0.1, Diff: 0.1, Sum: 1.0]
      [Code Root Scanning (ms): Min: 0.0, Avg: 0.0, Max: 0.0, Diff: 0.0, Sum: 0.0]
      [Object Copy (ms): Min: 8.7, Avg: 10.1, Max: 10.4, Diff: 1.7, Sum: 181.2]
      [Termination (ms): Min: 0.0, Avg: 0.1, Max: 0.1, Diff: 0.1, Sum: 1.1]
         [Termination Attempts: Min: 1, Avg: 1.1, Max: 2, Diff: 1, Sum: 19]
      [GC Worker Other (ms): Min: 0.0, Avg: 0.0, Max: 0.1, Diff: 0.1, Sum: 0.6]
      [GC Worker Total (ms): Min: 11.0, Avg: 11.2, Max: 11.5, Diff: 0.5, Sum: 202.3]
      [GC Worker End (ms): Min: 977.3, Avg: 977.3, Max: 977.4, Diff: 0.1]
   [Code Root Fixup: 0.0 ms]
   [Code Root Purge: 0.0 ms]
   [Clear CT: 0.3 ms]
   [Other: 3.2 ms]
      [Evacuation Failure: 1.7 ms]
      [Choose CSet: 0.0 ms]
      [Ref Proc: 0.3 ms]
      [Ref Enq: 0.0 ms]
      [Redirty Cards: 0.3 ms]
      [Humongous Register: 0.3 ms]
      [Humongous Reclaim: 0.2 ms]
      [Free CSet: 0.2 ms]
   [Eden: 248.0M(248.0M)->0.0B(19.0M) Survivors: 4096.0K->32.0M Heap: 907.4M(1024.0M)->788.5M(1024.0M)]
 [Times: user=0.16 sys=0.07, real=0.02 secs] 
0.987: [GC pause (G1 Evacuation Pause) (mixed), 0.0147367 secs]
   [Parallel Time: 13.2 ms, GC Workers: 18]
      [GC Worker Start (ms): Min: 987.2, Avg: 987.4, Max: 987.6, Diff: 0.4]
      [Ext Root Scanning (ms): Min: 0.0, Avg: 0.2, Max: 0.4, Diff: 0.4, Sum: 3.0]
      [Update RS (ms): Min: 0.3, Avg: 0.5, Max: 2.1, Diff: 1.8, Sum: 9.0]
         [Processed Buffers: Min: 0, Avg: 1.7, Max: 3, Diff: 3, Sum: 30]
      [Scan RS (ms): Min: 0.0, Avg: 0.1, Max: 0.3, Diff: 0.3, Sum: 1.1]
      [Code Root Scanning (ms): Min: 0.0, Avg: 0.0, Max: 0.0, Diff: 0.0, Sum: 0.0]
      [Object Copy (ms): Min: 10.2, Avg: 11.7, Max: 12.1, Diff: 1.9, Sum: 209.8]
      [Termination (ms): Min: 0.0, Avg: 0.3, Max: 0.7, Diff: 0.7, Sum: 6.0]
         [Termination Attempts: Min: 1, Avg: 1.4, Max: 3, Diff: 2, Sum: 26]
      [GC Worker Other (ms): Min: 0.0, Avg: 0.0, Max: 0.0, Diff: 0.0, Sum: 0.3]
      [GC Worker Total (ms): Min: 12.6, Avg: 12.7, Max: 13.0, Diff: 0.4, Sum: 229.3]
      [GC Worker End (ms): Min: 1000.2, Avg: 1000.2, Max: 1000.2, Diff: 0.0]
   [Code Root Fixup: 0.0 ms]
   [Code Root Purge: 0.0 ms]
   [Clear CT: 0.2 ms]
   [Other: 1.3 ms]
      [Choose CSet: 0.1 ms]
      [Ref Proc: 0.3 ms]
      [Ref Enq: 0.0 ms]
      [Redirty Cards: 0.2 ms]
      [Humongous Register: 0.2 ms]
      [Humongous Reclaim: 0.1 ms]
      [Free CSet: 0.3 ms]
   [Eden: 19.0M(19.0M)->0.0B(44.0M) Survivors: 32.0M->7168.0K Heap: 809.9M(1024.0M)->695.5M(1024.0M)]
 [Times: user=0.20 sys=0.04, real=0.02 secs] 
1.017: [GC pause (G1 Evacuation Pause) (mixed), 0.0149176 secs]
   [Parallel Time: 13.4 ms, GC Workers: 18]
      [GC Worker Start (ms): Min: 1017.7, Avg: 1018.0, Max: 1018.3, Diff: 0.5]
      [Ext Root Scanning (ms): Min: 0.0, Avg: 0.1, Max: 0.3, Diff: 0.3, Sum: 2.1]
      [Update RS (ms): Min: 0.6, Avg: 0.7, Max: 0.8, Diff: 0.2, Sum: 12.6]
         [Processed Buffers: Min: 1, Avg: 2.1, Max: 3, Diff: 2, Sum: 37]
      [Scan RS (ms): Min: 0.0, Avg: 0.1, Max: 0.2, Diff: 0.2, Sum: 1.1]
      [Code Root Scanning (ms): Min: 0.0, Avg: 0.0, Max: 0.0, Diff: 0.0, Sum: 0.0]
      [Object Copy (ms): Min: 11.0, Avg: 11.6, Max: 11.9, Diff: 0.9, Sum: 208.1]
      [Termination (ms): Min: 0.0, Avg: 0.3, Max: 0.8, Diff: 0.8, Sum: 5.6]
         [Termination Attempts: Min: 1, Avg: 1.1, Max: 2, Diff: 1, Sum: 19]
      [GC Worker Other (ms): Min: 0.0, Avg: 0.0, Max: 0.0, Diff: 0.0, Sum: 0.4]
      [GC Worker Total (ms): Min: 12.5, Avg: 12.8, Max: 13.0, Diff: 0.5, Sum: 230.0]
      [GC Worker End (ms): Min: 1030.8, Avg: 1030.8, Max: 1030.8, Diff: 0.0]
   [Code Root Fixup: 0.0 ms]
   [Code Root Purge: 0.0 ms]
   [Clear CT: 0.2 ms]
   [Other: 1.3 ms]
      [Choose CSet: 0.1 ms]
      [Ref Proc: 0.3 ms]
      [Ref Enq: 0.0 ms]
      [Redirty Cards: 0.3 ms]
      [Humongous Register: 0.2 ms]
      [Humongous Reclaim: 0.1 ms]
      [Free CSet: 0.3 ms]
   [Eden: 44.0M(44.0M)->0.0B(44.0M) Survivors: 7168.0K->7168.0K Heap: 751.2M(1024.0M)->624.1M(1024.0M)]
 [Times: user=0.19 sys=0.04, real=0.02 secs] 
1.048: [GC pause (G1 Evacuation Pause) (mixed), 0.0160369 secs]
   [Parallel Time: 14.4 ms, GC Workers: 18]
      [GC Worker Start (ms): Min: 1048.1, Avg: 1048.3, Max: 1048.4, Diff: 0.3]
      [Ext Root Scanning (ms): Min: 0.0, Avg: 0.2, Max: 0.3, Diff: 0.3, Sum: 3.1]
      [Update RS (ms): Min: 0.7, Avg: 0.8, Max: 0.9, Diff: 0.2, Sum: 13.7]
         [Processed Buffers: Min: 1, Avg: 2.3, Max: 3, Diff: 2, Sum: 41]
      [Scan RS (ms): Min: 0.0, Avg: 0.1, Max: 0.2, Diff: 0.2, Sum: 1.0]
      [Code Root Scanning (ms): Min: 0.0, Avg: 0.0, Max: 0.0, Diff: 0.0, Sum: 0.0]
      [Object Copy (ms): Min: 12.3, Avg: 12.7, Max: 13.0, Diff: 0.6, Sum: 228.4]
      [Termination (ms): Min: 0.0, Avg: 0.3, Max: 0.6, Diff: 0.6, Sum: 4.7]
         [Termination Attempts: Min: 1, Avg: 1.1, Max: 2, Diff: 1, Sum: 19]
      [GC Worker Other (ms): Min: 0.0, Avg: 0.0, Max: 0.0, Diff: 0.0, Sum: 0.4]
      [GC Worker Total (ms): Min: 13.8, Avg: 14.0, Max: 14.1, Diff: 0.3, Sum: 251.3]
      [GC Worker End (ms): Min: 1062.2, Avg: 1062.2, Max: 1062.2, Diff: 0.0]
   [Code Root Fixup: 0.0 ms]
   [Code Root Purge: 0.0 ms]
   [Clear CT: 0.2 ms]
   [Other: 1.4 ms]
      [Choose CSet: 0.1 ms]
      [Ref Proc: 0.3 ms]
      [Ref Enq: 0.0 ms]
      [Redirty Cards: 0.3 ms]
      [Humongous Register: 0.2 ms]
      [Humongous Reclaim: 0.1 ms]
      [Free CSet: 0.3 ms]
   [Eden: 44.0M(44.0M)->0.0B(44.0M) Survivors: 7168.0K->7168.0K Heap: 675.7M(1024.0M)->555.5M(1024.0M)]
 [Times: user=0.21 sys=0.03, real=0.02 secs] 
1.082: [GC pause (G1 Evacuation Pause) (mixed), 0.0132730 secs]
   [Parallel Time: 11.7 ms, GC Workers: 18]
      [GC Worker Start (ms): Min: 1082.1, Avg: 1082.4, Max: 1082.7, Diff: 0.6]
      [Ext Root Scanning (ms): Min: 0.0, Avg: 0.2, Max: 0.4, Diff: 0.4, Sum: 3.0]
      [Update RS (ms): Min: 0.7, Avg: 1.0, Max: 1.1, Diff: 0.4, Sum: 17.5]
         [Processed Buffers: Min: 1, Avg: 2.7, Max: 3, Diff: 2, Sum: 48]
      [Scan RS (ms): Min: 0.0, Avg: 0.0, Max: 0.1, Diff: 0.1, Sum: 0.5]
      [Code Root Scanning (ms): Min: 0.0, Avg: 0.0, Max: 0.0, Diff: 0.0, Sum: 0.0]
      [Object Copy (ms): Min: 9.3, Avg: 9.7, Max: 10.1, Diff: 0.8, Sum: 174.1]
      [Termination (ms): Min: 0.0, Avg: 0.3, Max: 0.5, Diff: 0.5, Sum: 4.8]
         [Termination Attempts: Min: 1, Avg: 1.0, Max: 1, Diff: 0, Sum: 18]
      [GC Worker Other (ms): Min: 0.0, Avg: 0.0, Max: 0.0, Diff: 0.0, Sum: 0.3]
      [GC Worker Total (ms): Min: 10.9, Avg: 11.1, Max: 11.4, Diff: 0.6, Sum: 200.1]
      [GC Worker End (ms): Min: 1093.5, Avg: 1093.5, Max: 1093.6, Diff: 0.0]
   [Code Root Fixup: 0.0 ms]
   [Code Root Purge: 0.0 ms]
   [Clear CT: 0.2 ms]
   [Other: 1.3 ms]
      [Choose CSet: 0.1 ms]
      [Ref Proc: 0.3 ms]
      [Ref Enq: 0.0 ms]
      [Redirty Cards: 0.3 ms]
      [Humongous Register: 0.2 ms]
      [Humongous Reclaim: 0.1 ms]
      [Free CSet: 0.2 ms]
   [Eden: 44.0M(44.0M)->0.0B(288.0M) Survivors: 7168.0K->7168.0K Heap: 614.3M(1024.0M)->534.0M(1024.0M)]
 [Times: user=0.19 sys=0.01, real=0.01 secs] 
1.097: [GC pause (G1 Humongous Allocation) (young) (initial-mark), 0.0039308 secs]
   [Parallel Time: 2.8 ms, GC Workers: 18]
      [GC Worker Start (ms): Min: 1097.0, Avg: 1097.2, Max: 1097.4, Diff: 0.3]
      [Ext Root Scanning (ms): Min: 0.0, Avg: 0.3, Max: 0.4, Diff: 0.4, Sum: 4.5]
      [Update RS (ms): Min: 0.0, Avg: 0.2, Max: 1.2, Diff: 1.2, Sum: 3.8]
         [Processed Buffers: Min: 0, Avg: 0.9, Max: 4, Diff: 4, Sum: 16]
      [Scan RS (ms): Min: 0.0, Avg: 0.0, Max: 0.0, Diff: 0.0, Sum: 0.1]
      [Code Root Scanning (ms): Min: 0.0, Avg: 0.0, Max: 0.0, Diff: 0.0, Sum: 0.0]
      [Object Copy (ms): Min: 0.7, Avg: 1.6, Max: 2.0, Diff: 1.4, Sum: 28.9]
      [Termination (ms): Min: 0.0, Avg: 0.3, Max: 0.6, Diff: 0.6, Sum: 5.2]
         [Termination Attempts: Min: 1, Avg: 1.0, Max: 1, Diff: 0, Sum: 18]
      [GC Worker Other (ms): Min: 0.0, Avg: 0.0, Max: 0.0, Diff: 0.0, Sum: 0.2]
      [GC Worker Total (ms): Min: 2.2, Avg: 2.4, Max: 2.5, Diff: 0.3, Sum: 42.9]
      [GC Worker End (ms): Min: 1099.6, Avg: 1099.6, Max: 1099.6, Diff: 0.0]
   [Code Root Fixup: 0.0 ms]
   [Code Root Purge: 0.0 ms]
   [Clear CT: 0.2 ms]
   [Other: 0.9 ms]
      [Choose CSet: 0.0 ms]
      [Ref Proc: 0.3 ms]
      [Ref Enq: 0.0 ms]
      [Redirty Cards: 0.2 ms]
      [Humongous Register: 0.2 ms]
      [Humongous Reclaim: 0.0 ms]
      [Free CSet: 0.0 ms]
   [Eden: 5120.0K(288.0M)->0.0B(283.0M) Survivors: 7168.0K->8192.0K Heap: 538.1M(1024.0M)->534.1M(1024.0M)]
 [Times: user=0.05 sys=0.00, real=0.01 secs] 
1.101: [GC concurrent-root-region-scan-start]
1.101: [GC concurrent-root-region-scan-end, 0.0002237 secs]
1.101: [GC concurrent-mark-start]
1.103: [GC concurrent-mark-end, 0.0019468 secs]
1.103: [GC remark 1.103: [Finalize Marking, 0.0002404 secs] 1.103: [GC ref-proc, 0.0004162 secs] 1.104: [Unloading, 0.0009100 secs], 0.0025126 secs]
 [Times: user=0.03 sys=0.00, real=0.00 secs] 
1.106: [GC cleanup 542M->517M(1024M), 0.0019279 secs]
 [Times: user=0.02 sys=0.00, real=0.00 secs] 
1.108: [GC concurrent-cleanup-start]
1.108: [GC concurrent-cleanup-end, 0.0000686 secs]
1.229: [GC pause (G1 Evacuation Pause) (young) (to-space exhausted), 0.0239906 secs]
   [Parallel Time: 21.2 ms, GC Workers: 18]
      [GC Worker Start (ms): Min: 1229.6, Avg: 1229.9, Max: 1230.0, Diff: 0.4]
      [Ext Root Scanning (ms): Min: 0.0, Avg: 0.1, Max: 0.3, Diff: 0.3, Sum: 2.5]
      [Update RS (ms): Min: 1.0, Avg: 1.1, Max: 1.2, Diff: 0.3, Sum: 19.4]
         [Processed Buffers: Min: 0, Avg: 3.1, Max: 4, Diff: 4, Sum: 56]
      [Scan RS (ms): Min: 0.0, Avg: 0.1, Max: 0.2, Diff: 0.2, Sum: 1.3]
      [Code Root Scanning (ms): Min: 0.0, Avg: 0.0, Max: 0.0, Diff: 0.0, Sum: 0.0]
      [Object Copy (ms): Min: 19.1, Avg: 19.3, Max: 19.4, Diff: 0.2, Sum: 347.1]
      [Termination (ms): Min: 0.0, Avg: 0.2, Max: 0.3, Diff: 0.3, Sum: 3.9]
         [Termination Attempts: Min: 1, Avg: 1.4, Max: 2, Diff: 1, Sum: 25]
      [GC Worker Other (ms): Min: 0.0, Avg: 0.0, Max: 0.1, Diff: 0.1, Sum: 0.6]
      [GC Worker Total (ms): Min: 20.6, Avg: 20.8, Max: 21.0, Diff: 0.4, Sum: 374.7]
      [GC Worker End (ms): Min: 1250.7, Avg: 1250.7, Max: 1250.7, Diff: 0.1]
   [Code Root Fixup: 0.0 ms]
   [Code Root Purge: 0.0 ms]
   [Clear CT: 0.4 ms]
   [Other: 2.4 ms]
      [Evacuation Failure: 0.7 ms]
      [Choose CSet: 0.0 ms]
      [Ref Proc: 0.3 ms]
      [Ref Enq: 0.0 ms]
      [Redirty Cards: 0.2 ms]
      [Humongous Register: 0.5 ms]
      [Humongous Reclaim: 0.3 ms]
      [Free CSet: 0.3 ms]
   [Eden: 283.0M(283.0M)->0.0B(14.0M) Survivors: 8192.0K->37.0M Heap: 872.2M(1024.0M)->724.9M(1024.0M)]
 [Times: user=0.34 sys=0.03, real=0.02 secs] 
1.259: [GC pause (G1 Evacuation Pause) (mixed), 0.0185543 secs]
   [Parallel Time: 16.9 ms, GC Workers: 18]
      [GC Worker Start (ms): Min: 1259.3, Avg: 1259.5, Max: 1259.7, Diff: 0.3]
      [Ext Root Scanning (ms): Min: 0.0, Avg: 0.2, Max: 0.4, Diff: 0.3, Sum: 3.3]
      [Update RS (ms): Min: 0.5, Avg: 0.7, Max: 0.9, Diff: 0.4, Sum: 13.2]
         [Processed Buffers: Min: 2, Avg: 3.0, Max: 6, Diff: 4, Sum: 54]
      [Scan RS (ms): Min: 0.0, Avg: 0.0, Max: 0.1, Diff: 0.1, Sum: 0.6]
      [Code Root Scanning (ms): Min: 0.0, Avg: 0.0, Max: 0.0, Diff: 0.0, Sum: 0.0]
      [Object Copy (ms): Min: 15.0, Avg: 15.3, Max: 15.6, Diff: 0.7, Sum: 274.6]
      [Termination (ms): Min: 0.0, Avg: 0.3, Max: 0.5, Diff: 0.5, Sum: 5.0]
         [Termination Attempts: Min: 1, Avg: 1.0, Max: 1, Diff: 0, Sum: 18]
      [GC Worker Other (ms): Min: 0.0, Avg: 0.0, Max: 0.0, Diff: 0.0, Sum: 0.3]
      [GC Worker Total (ms): Min: 16.4, Avg: 16.5, Max: 16.7, Diff: 0.3, Sum: 297.1]
      [GC Worker End (ms): Min: 1276.0, Avg: 1276.0, Max: 1276.0, Diff: 0.0]
   [Code Root Fixup: 0.0 ms]
   [Code Root Purge: 0.0 ms]
   [Clear CT: 0.2 ms]
   [Other: 1.4 ms]
      [Choose CSet: 0.1 ms]
      [Ref Proc: 0.3 ms]
      [Ref Enq: 0.0 ms]
      [Redirty Cards: 0.3 ms]
      [Humongous Register: 0.2 ms]
      [Humongous Reclaim: 0.0 ms]
      [Free CSet: 0.3 ms]
   [Eden: 14.0M(14.0M)->0.0B(46.0M) Survivors: 37.0M->5120.0K Heap: 742.7M(1024.0M)->634.8M(1024.0M)]
 [Times: user=0.10 sys=0.20, real=0.01 secs] 
1.298: [GC pause (G1 Evacuation Pause) (mixed), 0.0188004 secs]
   [Parallel Time: 17.1 ms, GC Workers: 18]
      [GC Worker Start (ms): Min: 1298.5, Avg: 1298.7, Max: 1298.9, Diff: 0.4]
      [Ext Root Scanning (ms): Min: 0.0, Avg: 0.2, Max: 0.4, Diff: 0.4, Sum: 2.7]
      [Update RS (ms): Min: 1.1, Avg: 1.1, Max: 1.2, Diff: 0.2, Sum: 20.1]
         [Processed Buffers: Min: 1, Avg: 3.1, Max: 5, Diff: 4, Sum: 56]
      [Scan RS (ms): Min: 0.0, Avg: 0.1, Max: 0.4, Diff: 0.4, Sum: 2.0]
      [Code Root Scanning (ms): Min: 0.0, Avg: 0.0, Max: 0.0, Diff: 0.0, Sum: 0.0]
      [Object Copy (ms): Min: 13.6, Avg: 14.1, Max: 15.3, Diff: 1.7, Sum: 254.7]
      [Termination (ms): Min: 0.0, Avg: 1.1, Max: 1.4, Diff: 1.4, Sum: 20.0]
         [Termination Attempts: Min: 1, Avg: 1.0, Max: 1, Diff: 0, Sum: 18]
      [GC Worker Other (ms): Min: 0.0, Avg: 0.0, Max: 0.1, Diff: 0.0, Sum: 0.4]
      [GC Worker Total (ms): Min: 16.5, Avg: 16.7, Max: 16.9, Diff: 0.4, Sum: 300.0]
      [GC Worker End (ms): Min: 1315.4, Avg: 1315.4, Max: 1315.4, Diff: 0.0]
   [Code Root Fixup: 0.0 ms]
   [Code Root Purge: 0.0 ms]
   [Clear CT: 0.2 ms]
   [Other: 1.4 ms]
      [Choose CSet: 0.1 ms]
      [Ref Proc: 0.2 ms]
      [Ref Enq: 0.0 ms]
      [Redirty Cards: 0.3 ms]
      [Humongous Register: 0.2 ms]
      [Humongous Reclaim: 0.1 ms]
      [Free CSet: 0.3 ms]
   [Eden: 46.0M(46.0M)->0.0B(236.0M) Survivors: 5120.0K->7168.0K Heap: 693.4M(1024.0M)->578.6M(1024.0M)]
 [Times: user=0.23 sys=0.07, real=0.01 secs] 
1.318: [GC pause (G1 Humongous Allocation) (young) (initial-mark), 0.0035927 secs]
   [Parallel Time: 2.5 ms, GC Workers: 18]
      [GC Worker Start (ms): Min: 1317.9, Avg: 1318.0, Max: 1318.2, Diff: 0.3]
      [Ext Root Scanning (ms): Min: 0.1, Avg: 0.2, Max: 0.4, Diff: 0.3, Sum: 3.6]
      [Update RS (ms): Min: 0.0, Avg: 0.4, Max: 1.8, Diff: 1.8, Sum: 7.5]
         [Processed Buffers: Min: 0, Avg: 1.1, Max: 2, Diff: 2, Sum: 19]
      [Scan RS (ms): Min: 0.0, Avg: 0.0, Max: 0.0, Diff: 0.0, Sum: 0.1]
      [Code Root Scanning (ms): Min: 0.0, Avg: 0.0, Max: 0.0, Diff: 0.0, Sum: 0.0]
      [Object Copy (ms): Min: 0.0, Avg: 1.2, Max: 1.7, Diff: 1.7, Sum: 21.0]
      [Termination (ms): Min: 0.0, Avg: 0.2, Max: 0.5, Diff: 0.5, Sum: 4.4]
         [Termination Attempts: Min: 1, Avg: 1.0, Max: 1, Diff: 0, Sum: 18]
      [GC Worker Other (ms): Min: 0.0, Avg: 0.0, Max: 0.0, Diff: 0.0, Sum: 0.3]
      [GC Worker Total (ms): Min: 1.9, Avg: 2.1, Max: 2.2, Diff: 0.3, Sum: 36.9]
      [GC Worker End (ms): Min: 1320.1, Avg: 1320.1, Max: 1320.1, Diff: 0.0]
   [Code Root Fixup: 0.0 ms]
   [Code Root Purge: 0.0 ms]
   [Clear CT: 0.2 ms]
   [Other: 0.9 ms]
      [Choose CSet: 0.0 ms]
      [Ref Proc: 0.2 ms]
      [Ref Enq: 0.0 ms]
      [Redirty Cards: 0.2 ms]
      [Humongous Register: 0.2 ms]
      [Humongous Reclaim: 0.0 ms]
      [Free CSet: 0.0 ms]
   [Eden: 1024.0K(236.0M)->0.0B(241.0M) Survivors: 7168.0K->6144.0K Heap: 579.4M(1024.0M)->577.3M(1024.0M)]
 [Times: user=0.04 sys=0.01, real=0.01 secs] 
1.321: [GC concurrent-root-region-scan-start]
1.321: [GC concurrent-root-region-scan-end, 0.0001764 secs]
1.321: [GC concurrent-mark-start]
1.325: [GC concurrent-mark-end, 0.0035972 secs]
1.325: [GC remark 1.325: [Finalize Marking, 0.0004445 secs] 1.326: [GC ref-proc, 0.0004158 secs] 1.326: [Unloading, 0.0009395 secs], 0.0028775 secs]
 [Times: user=0.02 sys=0.00, real=0.01 secs] 
1.328: [GC cleanup 585M->570M(1024M), 0.0019168 secs]
 [Times: user=0.02 sys=0.00, real=0.00 secs] 
1.330: [GC concurrent-cleanup-start]
1.330: [GC concurrent-cleanup-end, 0.0000653 secs]
1.434: [GC pause (G1 Evacuation Pause) (young) (to-space exhausted), 0.0220996 secs]
   [Parallel Time: 20.1 ms, GC Workers: 18]
      [GC Worker Start (ms): Min: 1434.3, Avg: 1434.5, Max: 1434.7, Diff: 0.4]
      [Ext Root Scanning (ms): Min: 0.0, Avg: 0.1, Max: 0.3, Diff: 0.3, Sum: 2.4]
      [Update RS (ms): Min: 0.7, Avg: 1.1, Max: 1.3, Diff: 0.5, Sum: 19.7]
         [Processed Buffers: Min: 1, Avg: 2.9, Max: 3, Diff: 2, Sum: 52]
      [Scan RS (ms): Min: 0.0, Avg: 0.1, Max: 0.5, Diff: 0.5, Sum: 2.1]
      [Code Root Scanning (ms): Min: 0.0, Avg: 0.0, Max: 0.0, Diff: 0.0, Sum: 0.0]
      [Object Copy (ms): Min: 17.5, Avg: 18.0, Max: 18.5, Diff: 1.0, Sum: 324.9]
      [Termination (ms): Min: 0.0, Avg: 0.2, Max: 0.3, Diff: 0.3, Sum: 3.7]
         [Termination Attempts: Min: 1, Avg: 1.1, Max: 3, Diff: 2, Sum: 20]
      [GC Worker Other (ms): Min: 0.0, Avg: 0.0, Max: 0.1, Diff: 0.1, Sum: 0.5]
      [GC Worker Total (ms): Min: 19.4, Avg: 19.6, Max: 19.9, Diff: 0.4, Sum: 353.4]
      [GC Worker End (ms): Min: 1454.1, Avg: 1454.1, Max: 1454.1, Diff: 0.0]
   [Code Root Fixup: 0.0 ms]
   [Code Root Purge: 0.0 ms]
   [Clear CT: 0.2 ms]
   [Other: 1.8 ms]
      [Evacuation Failure: 0.5 ms]
      [Choose CSet: 0.0 ms]
      [Ref Proc: 0.2 ms]
      [Ref Enq: 0.0 ms]
      [Redirty Cards: 0.2 ms]
      [Humongous Register: 0.3 ms]
      [Humongous Reclaim: 0.3 ms]
      [Free CSet: 0.3 ms]
   [Eden: 241.0M(241.0M)->0.0B(20.0M) Survivors: 6144.0K->31.0M Heap: 872.0M(1024.0M)->731.2M(1024.0M)]
 [Times: user=0.33 sys=0.03, real=0.02 secs] 
1.465: [GC pause (G1 Evacuation Pause) (mixed), 0.0189739 secs]
   [Parallel Time: 17.3 ms, GC Workers: 18]
      [GC Worker Start (ms): Min: 1465.4, Avg: 1465.6, Max: 1465.9, Diff: 0.5]
      [Ext Root Scanning (ms): Min: 0.0, Avg: 0.1, Max: 0.3, Diff: 0.3, Sum: 2.3]
      [Update RS (ms): Min: 1.0, Avg: 1.2, Max: 1.4, Diff: 0.4, Sum: 22.2]
         [Processed Buffers: Min: 3, Avg: 4.2, Max: 7, Diff: 4, Sum: 76]
      [Scan RS (ms): Min: 0.0, Avg: 0.0, Max: 0.1, Diff: 0.1, Sum: 0.7]
      [Code Root Scanning (ms): Min: 0.0, Avg: 0.0, Max: 0.0, Diff: 0.0, Sum: 0.0]
      [Object Copy (ms): Min: 13.8, Avg: 14.1, Max: 15.2, Diff: 1.4, Sum: 254.5]
      [Termination (ms): Min: 0.0, Avg: 1.2, Max: 1.5, Diff: 1.5, Sum: 22.5]
         [Termination Attempts: Min: 1, Avg: 1.1, Max: 2, Diff: 1, Sum: 19]
      [GC Worker Other (ms): Min: 0.0, Avg: 0.0, Max: 0.1, Diff: 0.1, Sum: 0.6]
      [GC Worker Total (ms): Min: 16.6, Avg: 16.8, Max: 17.0, Diff: 0.5, Sum: 302.7]
      [GC Worker End (ms): Min: 1482.4, Avg: 1482.4, Max: 1482.4, Diff: 0.0]
   [Code Root Fixup: 0.0 ms]
   [Code Root Purge: 0.0 ms]
   [Clear CT: 0.3 ms]
   [Other: 1.5 ms]
      [Choose CSet: 0.1 ms]
      [Ref Proc: 0.3 ms]
      [Ref Enq: 0.0 ms]
      [Redirty Cards: 0.3 ms]
      [Humongous Register: 0.2 ms]
      [Humongous Reclaim: 0.1 ms]
      [Free CSet: 0.3 ms]
   [Eden: 20.0M(20.0M)->0.0B(44.0M) Survivors: 31.0M->7168.0K Heap: 758.4M(1024.0M)->643.1M(1024.0M)]
 [Times: user=0.17 sys=0.13, real=0.02 secs] 
1.503: [GC pause (G1 Evacuation Pause) (mixed), 0.0173083 secs]
   [Parallel Time: 15.6 ms, GC Workers: 18]
      [GC Worker Start (ms): Min: 1503.1, Avg: 1503.4, Max: 1503.6, Diff: 0.5]
      [Ext Root Scanning (ms): Min: 0.0, Avg: 0.1, Max: 0.4, Diff: 0.4, Sum: 2.2]
      [Update RS (ms): Min: 1.0, Avg: 1.2, Max: 1.3, Diff: 0.3, Sum: 21.1]
         [Processed Buffers: Min: 1, Avg: 3.4, Max: 4, Diff: 3, Sum: 62]
      [Scan RS (ms): Min: 0.0, Avg: 0.0, Max: 0.1, Diff: 0.1, Sum: 0.9]
      [Code Root Scanning (ms): Min: 0.0, Avg: 0.0, Max: 0.0, Diff: 0.0, Sum: 0.0]
      [Object Copy (ms): Min: 12.7, Avg: 13.1, Max: 13.7, Diff: 1.0, Sum: 236.7]
      [Termination (ms): Min: 0.0, Avg: 0.6, Max: 1.0, Diff: 1.0, Sum: 10.4]
         [Termination Attempts: Min: 1, Avg: 1.2, Max: 2, Diff: 1, Sum: 21]
      [GC Worker Other (ms): Min: 0.0, Avg: 0.0, Max: 0.0, Diff: 0.0, Sum: 0.2]
      [GC Worker Total (ms): Min: 14.8, Avg: 15.1, Max: 15.4, Diff: 0.5, Sum: 271.5]
      [GC Worker End (ms): Min: 1518.4, Avg: 1518.5, Max: 1518.5, Diff: 0.0]
   [Code Root Fixup: 0.0 ms]
   [Code Root Purge: 0.0 ms]
   [Clear CT: 0.2 ms]
   [Other: 1.5 ms]
      [Choose CSet: 0.1 ms]
      [Ref Proc: 0.3 ms]
      [Ref Enq: 0.0 ms]
      [Redirty Cards: 0.3 ms]
      [Humongous Register: 0.2 ms]
      [Humongous Reclaim: 0.1 ms]
      [Free CSet: 0.3 ms]
   [Eden: 44.0M(44.0M)->0.0B(44.0M) Survivors: 7168.0K->7168.0K Heap: 696.3M(1024.0M)->578.5M(1024.0M)]
 [Times: user=0.19 sys=0.08, real=0.02 secs] 
1.541: [GC pause (G1 Evacuation Pause) (mixed), 0.0148400 secs]
   [Parallel Time: 13.2 ms, GC Workers: 18]
      [GC Worker Start (ms): Min: 1541.0, Avg: 1541.3, Max: 1541.5, Diff: 0.5]
      [Ext Root Scanning (ms): Min: 0.0, Avg: 0.1, Max: 0.4, Diff: 0.4, Sum: 2.6]
      [Update RS (ms): Min: 1.7, Avg: 1.8, Max: 2.0, Diff: 0.3, Sum: 33.2]
         [Processed Buffers: Min: 4, Avg: 5.2, Max: 6, Diff: 2, Sum: 93]
      [Scan RS (ms): Min: 0.0, Avg: 0.0, Max: 0.2, Diff: 0.1, Sum: 0.5]
      [Code Root Scanning (ms): Min: 0.0, Avg: 0.0, Max: 0.0, Diff: 0.0, Sum: 0.0]
      [Object Copy (ms): Min: 9.0, Avg: 9.5, Max: 10.7, Diff: 1.7, Sum: 170.4]
      [Termination (ms): Min: 0.0, Avg: 1.2, Max: 1.6, Diff: 1.6, Sum: 20.8]
         [Termination Attempts: Min: 1, Avg: 1.0, Max: 1, Diff: 0, Sum: 18]
      [GC Worker Other (ms): Min: 0.0, Avg: 0.0, Max: 0.0, Diff: 0.0, Sum: 0.3]
      [GC Worker Total (ms): Min: 12.4, Avg: 12.7, Max: 12.9, Diff: 0.4, Sum: 227.8]
      [GC Worker End (ms): Min: 1553.9, Avg: 1553.9, Max: 1553.9, Diff: 0.0]
   [Code Root Fixup: 0.0 ms]
   [Code Root Purge: 0.0 ms]
   [Clear CT: 0.2 ms]
   [Other: 1.4 ms]
      [Choose CSet: 0.0 ms]
      [Ref Proc: 0.4 ms]
      [Ref Enq: 0.0 ms]
      [Redirty Cards: 0.3 ms]
      [Humongous Register: 0.3 ms]
      [Humongous Reclaim: 0.1 ms]
      [Free CSet: 0.2 ms]
   [Eden: 44.0M(44.0M)->0.0B(232.0M) Survivors: 7168.0K->7168.0K Heap: 636.2M(1024.0M)->573.9M(1024.0M)]
 [Times: user=0.14 sys=0.09, real=0.01 secs] 
1.558: [GC pause (G1 Humongous Allocation) (young) (initial-mark), 0.0047159 secs]
   [Parallel Time: 3.5 ms, GC Workers: 18]
      [GC Worker Start (ms): Min: 1558.5, Avg: 1558.6, Max: 1558.7, Diff: 0.3]
      [Ext Root Scanning (ms): Min: 0.1, Avg: 0.2, Max: 0.4, Diff: 0.3, Sum: 3.8]
      [Update RS (ms): Min: 0.0, Avg: 0.4, Max: 2.0, Diff: 2.0, Sum: 6.7]
         [Processed Buffers: Min: 0, Avg: 0.9, Max: 2, Diff: 2, Sum: 16]
      [Scan RS (ms): Min: 0.0, Avg: 0.0, Max: 0.0, Diff: 0.0, Sum: 0.1]
      [Code Root Scanning (ms): Min: 0.0, Avg: 0.0, Max: 0.0, Diff: 0.0, Sum: 0.0]
      [Object Copy (ms): Min: 0.5, Avg: 2.2, Max: 2.7, Diff: 2.2, Sum: 39.3]
      [Termination (ms): Min: 0.0, Avg: 0.3, Max: 0.7, Diff: 0.6, Sum: 6.0]
         [Termination Attempts: Min: 1, Avg: 1.1, Max: 2, Diff: 1, Sum: 20]
      [GC Worker Other (ms): Min: 0.0, Avg: 0.0, Max: 0.0, Diff: 0.0, Sum: 0.3]
      [GC Worker Total (ms): Min: 3.0, Avg: 3.1, Max: 3.3, Diff: 0.3, Sum: 56.3]
      [GC Worker End (ms): Min: 1561.7, Avg: 1561.7, Max: 1561.8, Diff: 0.0]
   [Code Root Fixup: 0.0 ms]
   [Code Root Purge: 0.0 ms]
   [Clear CT: 0.2 ms]
   [Other: 1.0 ms]
      [Choose CSet: 0.0 ms]
      [Ref Proc: 0.3 ms]
      [Ref Enq: 0.0 ms]
      [Redirty Cards: 0.2 ms]
      [Humongous Register: 0.2 ms]
      [Humongous Reclaim: 0.0 ms]
      [Free CSet: 0.1 ms]
   [Eden: 9216.0K(232.0M)->0.0B(233.0M) Survivors: 7168.0K->9216.0K Heap: 582.2M(1024.0M)->574.7M(1024.0M)]
 [Times: user=0.06 sys=0.00, real=0.00 secs] 
1.563: [GC concurrent-root-region-scan-start]
1.563: [GC concurrent-root-region-scan-end, 0.0002920 secs]
1.563: [GC concurrent-mark-start]
1.565: [GC concurrent-mark-end, 0.0021743 secs]
1.566: [GC remark 1.566: [Finalize Marking, 0.0003867 secs] 1.566: [GC ref-proc, 0.0004072 secs] 1.566: [Unloading, 0.0009777 secs], 0.0029342 secs]
 [Times: user=0.03 sys=0.00, real=0.01 secs] 
1.569: [GC cleanup 582M->569M(1024M), 0.0020781 secs]
 [Times: user=0.02 sys=0.00, real=0.00 secs] 
1.571: [GC concurrent-cleanup-start]
1.571: [GC concurrent-cleanup-end, 0.0000952 secs]
1.667: [GC pause (G1 Evacuation Pause) (young) (to-space exhausted), 0.0271788 secs]
   [Parallel Time: 25.0 ms, GC Workers: 18]
      [GC Worker Start (ms): Min: 1666.9, Avg: 1667.2, Max: 1667.4, Diff: 0.4]
      [Ext Root Scanning (ms): Min: 0.0, Avg: 0.1, Max: 0.3, Diff: 0.3, Sum: 1.6]
      [Update RS (ms): Min: 1.5, Avg: 1.7, Max: 1.9, Diff: 0.4, Sum: 30.6]
         [Processed Buffers: Min: 3, Avg: 4.9, Max: 6, Diff: 3, Sum: 89]
      [Scan RS (ms): Min: 0.0, Avg: 0.1, Max: 0.2, Diff: 0.2, Sum: 1.6]
      [Code Root Scanning (ms): Min: 0.0, Avg: 0.0, Max: 0.0, Diff: 0.0, Sum: 0.0]
      [Object Copy (ms): Min: 22.1, Avg: 22.5, Max: 22.8, Diff: 0.7, Sum: 404.4]
      [Termination (ms): Min: 0.0, Avg: 0.2, Max: 0.4, Diff: 0.4, Sum: 4.3]
         [Termination Attempts: Min: 1, Avg: 1.0, Max: 1, Diff: 0, Sum: 18]
      [GC Worker Other (ms): Min: 0.0, Avg: 0.0, Max: 0.1, Diff: 0.0, Sum: 0.5]
      [GC Worker Total (ms): Min: 24.4, Avg: 24.6, Max: 24.9, Diff: 0.4, Sum: 443.0]
      [GC Worker End (ms): Min: 1691.8, Avg: 1691.8, Max: 1691.8, Diff: 0.1]
   [Code Root Fixup: 0.0 ms]
   [Code Root Purge: 0.0 ms]
   [Clear CT: 0.3 ms]
   [Other: 1.9 ms]
      [Evacuation Failure: 0.4 ms]
      [Choose CSet: 0.0 ms]
      [Ref Proc: 0.3 ms]
      [Ref Enq: 0.0 ms]
      [Redirty Cards: 0.2 ms]
      [Humongous Register: 0.3 ms]
      [Humongous Reclaim: 0.3 ms]
      [Free CSet: 0.3 ms]
   [Eden: 233.0M(233.0M)->0.0B(20.0M) Survivors: 9216.0K->31.0M Heap: 856.9M(1024.0M)->677.9M(1024.0M)]
 [Times: user=0.42 sys=0.02, real=0.03 secs] 
1.704: [GC pause (G1 Evacuation Pause) (mixed), 0.0206113 secs]
   [Parallel Time: 18.9 ms, GC Workers: 18]
      [GC Worker Start (ms): Min: 1704.2, Avg: 1704.5, Max: 1704.7, Diff: 0.4]
      [Ext Root Scanning (ms): Min: 0.0, Avg: 0.1, Max: 0.4, Diff: 0.4, Sum: 2.3]
      [Update RS (ms): Min: 0.2, Avg: 0.3, Max: 0.4, Diff: 0.2, Sum: 5.1]
         [Processed Buffers: Min: 1, Avg: 1.6, Max: 4, Diff: 3, Sum: 29]
      [Scan RS (ms): Min: 0.0, Avg: 0.1, Max: 0.2, Diff: 0.2, Sum: 1.5]
      [Code Root Scanning (ms): Min: 0.0, Avg: 0.0, Max: 0.0, Diff: 0.0, Sum: 0.0]
      [Object Copy (ms): Min: 15.7, Avg: 16.3, Max: 17.8, Diff: 2.0, Sum: 293.7]
      [Termination (ms): Min: 0.0, Avg: 1.5, Max: 2.1, Diff: 2.1, Sum: 26.9]
         [Termination Attempts: Min: 1, Avg: 1.0, Max: 1, Diff: 0, Sum: 18]
      [GC Worker Other (ms): Min: 0.0, Avg: 0.0, Max: 0.0, Diff: 0.0, Sum: 0.4]
      [GC Worker Total (ms): Min: 18.1, Avg: 18.3, Max: 18.6, Diff: 0.5, Sum: 329.9]
      [GC Worker End (ms): Min: 1722.8, Avg: 1722.8, Max: 1722.8, Diff: 0.0]
   [Code Root Fixup: 0.0 ms]
   [Code Root Purge: 0.0 ms]
   [Clear CT: 0.2 ms]
   [Other: 1.5 ms]
      [Choose CSet: 0.1 ms]
      [Ref Proc: 0.3 ms]
      [Ref Enq: 0.0 ms]
      [Redirty Cards: 0.3 ms]
      [Humongous Register: 0.3 ms]
      [Humongous Reclaim: 0.0 ms]
      [Free CSet: 0.3 ms]
   [Eden: 20.0M(20.0M)->0.0B(44.0M) Survivors: 31.0M->7168.0K Heap: 699.1M(1024.0M)->591.0M(1024.0M)]
 [Times: user=0.15 sys=0.18, real=0.02 secs] 
1.742: [GC pause (G1 Evacuation Pause) (mixed), 0.0215474 secs]
   [Parallel Time: 19.9 ms, GC Workers: 18]
      [GC Worker Start (ms): Min: 1742.6, Avg: 1742.8, Max: 1743.0, Diff: 0.4]
      [Ext Root Scanning (ms): Min: 0.0, Avg: 0.2, Max: 0.3, Diff: 0.3, Sum: 2.8]
      [Update RS (ms): Min: 1.4, Avg: 1.6, Max: 1.7, Diff: 0.2, Sum: 28.5]
         [Processed Buffers: Min: 5, Avg: 5.3, Max: 7, Diff: 2, Sum: 96]
      [Scan RS (ms): Min: 0.0, Avg: 0.1, Max: 0.3, Diff: 0.3, Sum: 1.5]
      [Code Root Scanning (ms): Min: 0.0, Avg: 0.0, Max: 0.0, Diff: 0.0, Sum: 0.0]
      [Object Copy (ms): Min: 16.6, Avg: 17.1, Max: 17.7, Diff: 1.1, Sum: 307.1]
      [Termination (ms): Min: 0.0, Avg: 0.8, Max: 1.2, Diff: 1.2, Sum: 13.5]
         [Termination Attempts: Min: 1, Avg: 1.0, Max: 1, Diff: 0, Sum: 18]
      [GC Worker Other (ms): Min: 0.0, Avg: 0.0, Max: 0.0, Diff: 0.0, Sum: 0.4]
      [GC Worker Total (ms): Min: 19.4, Avg: 19.7, Max: 19.8, Diff: 0.4, Sum: 353.8]
      [GC Worker End (ms): Min: 1762.4, Avg: 1762.5, Max: 1762.5, Diff: 0.0]
   [Code Root Fixup: 0.0 ms]
   [Code Root Purge: 0.0 ms]
   [Clear CT: 0.2 ms]
   [Other: 1.4 ms]
      [Choose CSet: 0.1 ms]
      [Ref Proc: 0.3 ms]
      [Ref Enq: 0.0 ms]
      [Redirty Cards: 0.2 ms]
      [Humongous Register: 0.2 ms]
      [Humongous Reclaim: 0.1 ms]
      [Free CSet: 0.3 ms]
   [Eden: 44.0M(44.0M)->0.0B(266.0M) Survivors: 7168.0K->7168.0K Heap: 644.7M(1024.0M)->529.1M(1024.0M)]
 [Times: user=0.12 sys=0.24, real=0.02 secs] 
1.767: [GC pause (G1 Humongous Allocation) (young) (initial-mark), 0.0050326 secs]
   [Parallel Time: 3.9 ms, GC Workers: 18]
      [GC Worker Start (ms): Min: 1767.4, Avg: 1767.6, Max: 1767.8, Diff: 0.4]
      [Ext Root Scanning (ms): Min: 0.0, Avg: 0.2, Max: 0.5, Diff: 0.5, Sum: 4.0]
      [Update RS (ms): Min: 0.0, Avg: 0.3, Max: 1.3, Diff: 1.3, Sum: 5.6]
         [Processed Buffers: Min: 0, Avg: 1.1, Max: 2, Diff: 2, Sum: 19]
      [Scan RS (ms): Min: 0.0, Avg: 0.0, Max: 0.0, Diff: 0.0, Sum: 0.2]
      [Code Root Scanning (ms): Min: 0.0, Avg: 0.0, Max: 0.0, Diff: 0.0, Sum: 0.0]
      [Object Copy (ms): Min: 1.6, Avg: 2.4, Max: 3.0, Diff: 1.5, Sum: 43.9]
      [Termination (ms): Min: 0.0, Avg: 0.3, Max: 0.7, Diff: 0.7, Sum: 5.9]
         [Termination Attempts: Min: 1, Avg: 1.0, Max: 1, Diff: 0, Sum: 18]
      [GC Worker Other (ms): Min: 0.0, Avg: 0.0, Max: 0.0, Diff: 0.0, Sum: 0.3]
      [GC Worker Total (ms): Min: 3.2, Avg: 3.3, Max: 3.6, Diff: 0.4, Sum: 60.0]
      [GC Worker End (ms): Min: 1770.9, Avg: 1770.9, Max: 1770.9, Diff: 0.0]
   [Code Root Fixup: 0.0 ms]
   [Code Root Purge: 0.0 ms]
   [Clear CT: 0.2 ms]
   [Other: 1.0 ms]
      [Choose CSet: 0.0 ms]
      [Ref Proc: 0.3 ms]
      [Ref Enq: 0.0 ms]
      [Redirty Cards: 0.2 ms]
      [Humongous Register: 0.2 ms]
      [Humongous Reclaim: 0.0 ms]
      [Free CSet: 0.1 ms]
   [Eden: 10.0M(266.0M)->0.0B(259.0M) Survivors: 7168.0K->11.0M Heap: 538.2M(1024.0M)->531.4M(1024.0M)]
 [Times: user=0.06 sys=0.00, real=0.01 secs] 
1.772: [GC concurrent-root-region-scan-start]
1.772: [GC concurrent-root-region-scan-end, 0.0002253 secs]
1.772: [GC concurrent-mark-start]
1.777: [GC concurrent-mark-end, 0.0047975 secs]
1.777: [GC remark 1.777: [Finalize Marking, 0.0004720 secs] 1.778: [GC ref-proc, 0.0004179 secs] 1.778: [Unloading, 0.0010928 secs], 0.0030621 secs]
 [Times: user=0.02 sys=0.00, real=0.01 secs] 
1.781: [GC cleanup 546M->535M(1024M), 0.0018164 secs]
 [Times: user=0.02 sys=0.00, real=0.00 secs] 
1.782: [GC concurrent-cleanup-start]
1.782: [GC concurrent-cleanup-end, 0.0000410 secs]
1.890: [GC pause (G1 Evacuation Pause) (young) (to-space exhausted), 0.0292067 secs]
   [Parallel Time: 26.8 ms, GC Workers: 18]
      [GC Worker Start (ms): Min: 1890.0, Avg: 1890.3, Max: 1890.4, Diff: 0.4]
      [Ext Root Scanning (ms): Min: 0.0, Avg: 0.2, Max: 0.4, Diff: 0.4, Sum: 2.7]
      [Update RS (ms): Min: 1.7, Avg: 1.8, Max: 1.9, Diff: 0.2, Sum: 32.2]
         [Processed Buffers: Min: 3, Avg: 5.1, Max: 6, Diff: 3, Sum: 92]
      [Scan RS (ms): Min: 0.0, Avg: 0.1, Max: 0.1, Diff: 0.1, Sum: 1.1]
      [Code Root Scanning (ms): Min: 0.0, Avg: 0.0, Max: 0.0, Diff: 0.0, Sum: 0.0]
      [Object Copy (ms): Min: 24.1, Avg: 24.3, Max: 24.4, Diff: 0.2, Sum: 437.4]
      [Termination (ms): Min: 0.0, Avg: 0.1, Max: 0.2, Diff: 0.2, Sum: 1.2]
         [Termination Attempts: Min: 1, Avg: 1.0, Max: 1, Diff: 0, Sum: 18]
      [GC Worker Other (ms): Min: 0.0, Avg: 0.0, Max: 0.1, Diff: 0.1, Sum: 0.5]
      [GC Worker Total (ms): Min: 26.2, Avg: 26.4, Max: 26.6, Diff: 0.4, Sum: 475.2]
      [GC Worker End (ms): Min: 1916.6, Avg: 1916.7, Max: 1916.7, Diff: 0.0]
   [Code Root Fixup: 0.0 ms]
   [Code Root Purge: 0.0 ms]
   [Clear CT: 0.3 ms]
   [Other: 2.1 ms]
      [Evacuation Failure: 0.4 ms]
      [Choose CSet: 0.0 ms]
      [Ref Proc: 0.3 ms]
      [Ref Enq: 0.0 ms]
      [Redirty Cards: 0.2 ms]
      [Humongous Register: 0.3 ms]
      [Humongous Reclaim: 0.3 ms]
      [Free CSet: 0.3 ms]
   [Eden: 259.0M(259.0M)->0.0B(17.0M) Survivors: 11.0M->34.0M Heap: 852.1M(1024.0M)->660.3M(1024.0M)]
 [Times: user=0.43 sys=0.04, real=0.03 secs] 
1.925: [GC pause (G1 Evacuation Pause) (mixed), 0.0225484 secs]
   [Parallel Time: 20.9 ms, GC Workers: 18]
      [GC Worker Start (ms): Min: 1925.1, Avg: 1925.3, Max: 1925.5, Diff: 0.5]
      [Ext Root Scanning (ms): Min: 0.0, Avg: 0.1, Max: 0.4, Diff: 0.4, Sum: 2.0]
      [Update RS (ms): Min: 0.0, Avg: 0.4, Max: 0.5, Diff: 0.4, Sum: 7.3]
         [Processed Buffers: Min: 1, Avg: 2.1, Max: 5, Diff: 4, Sum: 38]
      [Scan RS (ms): Min: 0.0, Avg: 0.1, Max: 0.7, Diff: 0.7, Sum: 1.9]
      [Code Root Scanning (ms): Min: 0.0, Avg: 0.0, Max: 0.1, Diff: 0.1, Sum: 0.1]
      [Object Copy (ms): Min: 18.1, Avg: 19.0, Max: 19.8, Diff: 1.7, Sum: 342.9]
      [Termination (ms): Min: 0.0, Avg: 0.7, Max: 1.0, Diff: 1.0, Sum: 12.7]
         [Termination Attempts: Min: 1, Avg: 1.0, Max: 1, Diff: 0, Sum: 18]
      [GC Worker Other (ms): Min: 0.0, Avg: 0.0, Max: 0.0, Diff: 0.0, Sum: 0.3]
      [GC Worker Total (ms): Min: 20.1, Avg: 20.4, Max: 20.6, Diff: 0.5, Sum: 367.0]
      [GC Worker End (ms): Min: 1945.6, Avg: 1945.7, Max: 1945.7, Diff: 0.0]
   [Code Root Fixup: 0.0 ms]
   [Code Root Purge: 0.0 ms]
   [Clear CT: 0.2 ms]
   [Other: 1.4 ms]
      [Choose CSet: 0.1 ms]
      [Ref Proc: 0.3 ms]
      [Ref Enq: 0.0 ms]
      [Redirty Cards: 0.3 ms]
      [Humongous Register: 0.2 ms]
      [Humongous Reclaim: 0.0 ms]
      [Free CSet: 0.3 ms]
   [Eden: 17.0M(17.0M)->0.0B(45.0M) Survivors: 34.0M->6144.0K Heap: 679.5M(1024.0M)->579.9M(1024.0M)]
 [Times: user=0.16 sys=0.20, real=0.02 secs] 
1.965: [GC pause (G1 Evacuation Pause) (mixed), 0.0167034 secs]
   [Parallel Time: 15.2 ms, GC Workers: 18]
      [GC Worker Start (ms): Min: 1965.3, Avg: 1965.5, Max: 1965.6, Diff: 0.3]
      [Ext Root Scanning (ms): Min: 0.1, Avg: 0.2, Max: 0.3, Diff: 0.3, Sum: 3.5]
      [Update RS (ms): Min: 1.5, Avg: 1.6, Max: 1.8, Diff: 0.3, Sum: 29.4]
         [Processed Buffers: Min: 5, Avg: 5.2, Max: 6, Diff: 1, Sum: 94]
      [Scan RS (ms): Min: 0.0, Avg: 0.0, Max: 0.1, Diff: 0.1, Sum: 0.5]
      [Code Root Scanning (ms): Min: 0.0, Avg: 0.0, Max: 0.0, Diff: 0.0, Sum: 0.0]
      [Object Copy (ms): Min: 11.5, Avg: 12.2, Max: 13.0, Diff: 1.5, Sum: 218.7]
      [Termination (ms): Min: 0.0, Avg: 0.9, Max: 1.4, Diff: 1.4, Sum: 16.2]
         [Termination Attempts: Min: 1, Avg: 1.0, Max: 1, Diff: 0, Sum: 18]
      [GC Worker Other (ms): Min: 0.0, Avg: 0.0, Max: 0.0, Diff: 0.0, Sum: 0.3]
      [GC Worker Total (ms): Min: 14.8, Avg: 14.9, Max: 15.0, Diff: 0.3, Sum: 268.6]
      [GC Worker End (ms): Min: 1980.4, Avg: 1980.4, Max: 1980.4, Diff: 0.0]
   [Code Root Fixup: 0.0 ms]
   [Code Root Purge: 0.0 ms]
   [Clear CT: 0.2 ms]
   [Other: 1.2 ms]
      [Choose CSet: 0.0 ms]
      [Ref Proc: 0.3 ms]
      [Ref Enq: 0.0 ms]
      [Redirty Cards: 0.3 ms]
      [Humongous Register: 0.1 ms]
      [Humongous Reclaim: 0.1 ms]
      [Free CSet: 0.2 ms]
   [Eden: 45.0M(45.0M)->0.0B(233.0M) Survivors: 6144.0K->7168.0K Heap: 634.2M(1024.0M)->563.0M(1024.0M)]
 [Times: user=0.13 sys=0.14, real=0.02 secs] 
1.983: [GC pause (G1 Humongous Allocation) (young) (initial-mark), 0.0035746 secs]
   [Parallel Time: 2.5 ms, GC Workers: 18]
      [GC Worker Start (ms): Min: 1983.4, Avg: 1983.6, Max: 1983.8, Diff: 0.4]
      [Ext Root Scanning (ms): Min: 0.0, Avg: 0.2, Max: 0.5, Diff: 0.5, Sum: 3.9]
      [Update RS (ms): Min: 0.0, Avg: 0.3, Max: 1.7, Diff: 1.7, Sum: 5.2]
         [Processed Buffers: Min: 0, Avg: 1.1, Max: 2, Diff: 2, Sum: 19]
      [Scan RS (ms): Min: 0.0, Avg: 0.0, Max: 0.0, Diff: 0.0, Sum: 0.1]
      [Code Root Scanning (ms): Min: 0.0, Avg: 0.0, Max: 0.0, Diff: 0.0, Sum: 0.0]
      [Object Copy (ms): Min: 0.0, Avg: 1.3, Max: 1.7, Diff: 1.7, Sum: 23.2]
      [Termination (ms): Min: 0.0, Avg: 0.3, Max: 0.5, Diff: 0.5, Sum: 5.0]
         [Termination Attempts: Min: 1, Avg: 1.1, Max: 2, Diff: 1, Sum: 20]
      [GC Worker Other (ms): Min: 0.0, Avg: 0.0, Max: 0.0, Diff: 0.0, Sum: 0.3]
      [GC Worker Total (ms): Min: 1.9, Avg: 2.1, Max: 2.3, Diff: 0.4, Sum: 37.8]
      [GC Worker End (ms): Min: 1985.7, Avg: 1985.7, Max: 1985.7, Diff: 0.0]
   [Code Root Fixup: 0.0 ms]
   [Code Root Purge: 0.0 ms]
   [Clear CT: 0.2 ms]
   [Other: 0.9 ms]
      [Choose CSet: 0.0 ms]
      [Ref Proc: 0.2 ms]
      [Ref Enq: 0.0 ms]
      [Redirty Cards: 0.2 ms]
      [Humongous Register: 0.2 ms]
      [Humongous Reclaim: 0.0 ms]
      [Free CSet: 0.0 ms]
   [Eden: 3072.0K(233.0M)->0.0B(235.0M) Survivors: 7168.0K->7168.0K Heap: 565.6M(1024.0M)->562.7M(1024.0M)]
 [Times: user=0.03 sys=0.01, real=0.00 secs] 
1.987: [GC concurrent-root-region-scan-start]
1.987: [GC concurrent-root-region-scan-end, 0.0001787 secs]
1.987: [GC concurrent-mark-start]
1.989: [GC concurrent-mark-end, 0.0019971 secs]
1.990: [GC remark 1.990: [Finalize Marking, 0.0004188 secs] 1.990: [GC ref-proc, 0.0004036 secs] 1.990: [Unloading, 0.0011872 secs], 0.0030068 secs]
 [Times: user=0.03 sys=0.00, real=0.00 secs] 
1.993: [GC cleanup 567M->558M(1024M), 0.0017712 secs]
 [Times: user=0.01 sys=0.00, real=0.00 secs] 
1.995: [GC concurrent-cleanup-start]
1.995: [GC concurrent-cleanup-end, 0.0000515 secs]
2.094: [GC pause (G1 Evacuation Pause) (young) (to-space exhausted), 0.0302798 secs]
   [Parallel Time: 27.8 ms, GC Workers: 18]
      [GC Worker Start (ms): Min: 2094.8, Avg: 2095.0, Max: 2095.3, Diff: 0.5]
      [Ext Root Scanning (ms): Min: 0.0, Avg: 0.2, Max: 0.4, Diff: 0.4, Sum: 2.9]
      [Update RS (ms): Min: 2.1, Avg: 2.3, Max: 2.4, Diff: 0.4, Sum: 40.6]
         [Processed Buffers: Min: 6, Avg: 6.5, Max: 7, Diff: 1, Sum: 117]
      [Scan RS (ms): Min: 0.0, Avg: 0.1, Max: 1.0, Diff: 0.9, Sum: 2.7]
      [Code Root Scanning (ms): Min: 0.0, Avg: 0.0, Max: 0.0, Diff: 0.0, Sum: 0.0]
      [Object Copy (ms): Min: 23.5, Avg: 24.5, Max: 24.9, Diff: 1.4, Sum: 440.5]
      [Termination (ms): Min: 0.0, Avg: 0.2, Max: 0.4, Diff: 0.4, Sum: 4.4]
         [Termination Attempts: Min: 1, Avg: 1.7, Max: 4, Diff: 3, Sum: 31]
      [GC Worker Other (ms): Min: 0.0, Avg: 0.0, Max: 0.1, Diff: 0.1, Sum: 0.6]
      [GC Worker Total (ms): Min: 27.1, Avg: 27.3, Max: 27.6, Diff: 0.5, Sum: 491.7]
      [GC Worker End (ms): Min: 2122.3, Avg: 2122.4, Max: 2122.4, Diff: 0.0]
   [Code Root Fixup: 0.0 ms]
   [Code Root Purge: 0.0 ms]
   [Clear CT: 0.4 ms]
   [Other: 2.0 ms]
      [Evacuation Failure: 0.3 ms]
      [Choose CSet: 0.0 ms]
      [Ref Proc: 0.3 ms]
      [Ref Enq: 0.0 ms]
      [Redirty Cards: 0.3 ms]
      [Humongous Register: 0.3 ms]
      [Humongous Reclaim: 0.3 ms]
      [Free CSet: 0.3 ms]
   [Eden: 235.0M(235.0M)->0.0B(20.0M) Survivors: 7168.0K->31.0M Heap: 854.5M(1024.0M)->634.2M(1024.0M)]
 [Times: user=0.46 sys=0.03, real=0.03 secs] 
2.131: [GC pause (G1 Evacuation Pause) (mixed), 0.0213366 secs]
   [Parallel Time: 19.8 ms, GC Workers: 18]
      [GC Worker Start (ms): Min: 2131.3, Avg: 2131.5, Max: 2131.6, Diff: 0.3]
      [Ext Root Scanning (ms): Min: 0.1, Avg: 0.2, Max: 0.4, Diff: 0.3, Sum: 3.2]
      [Update RS (ms): Min: 0.5, Avg: 0.7, Max: 0.9, Diff: 0.4, Sum: 13.3]
         [Processed Buffers: Min: 2, Avg: 2.9, Max: 4, Diff: 2, Sum: 52]
      [Scan RS (ms): Min: 0.0, Avg: 0.0, Max: 0.1, Diff: 0.1, Sum: 0.9]
      [Code Root Scanning (ms): Min: 0.0, Avg: 0.0, Max: 0.0, Diff: 0.0, Sum: 0.0]
      [Object Copy (ms): Min: 16.5, Avg: 17.1, Max: 18.6, Diff: 2.0, Sum: 307.9]
      [Termination (ms): Min: 0.0, Avg: 1.3, Max: 1.7, Diff: 1.7, Sum: 22.7]
         [Termination Attempts: Min: 1, Avg: 1.0, Max: 1, Diff: 0, Sum: 18]
      [GC Worker Other (ms): Min: 0.0, Avg: 0.0, Max: 0.0, Diff: 0.0, Sum: 0.4]
      [GC Worker Total (ms): Min: 19.2, Avg: 19.4, Max: 19.5, Diff: 0.3, Sum: 348.3]
      [GC Worker End (ms): Min: 2150.8, Avg: 2150.9, Max: 2150.9, Diff: 0.0]
   [Code Root Fixup: 0.0 ms]
   [Code Root Purge: 0.0 ms]
   [Clear CT: 0.2 ms]
   [Other: 1.3 ms]
      [Choose CSet: 0.1 ms]
      [Ref Proc: 0.3 ms]
      [Ref Enq: 0.0 ms]
      [Redirty Cards: 0.3 ms]
      [Humongous Register: 0.2 ms]
      [Humongous Reclaim: 0.1 ms]
      [Free CSet: 0.3 ms]
   [Eden: 20.0M(20.0M)->0.0B(44.0M) Survivors: 31.0M->7168.0K Heap: 657.8M(1024.0M)->552.0M(1024.0M)]
 [Times: user=0.24 sys=0.10, real=0.02 secs] 
2.171: [GC pause (G1 Evacuation Pause) (mixed), 0.0199603 secs]
   [Parallel Time: 18.2 ms, GC Workers: 18]
      [GC Worker Start (ms): Min: 2171.0, Avg: 2171.2, Max: 2171.4, Diff: 0.4]
      [Ext Root Scanning (ms): Min: 0.0, Avg: 0.1, Max: 0.3, Diff: 0.3, Sum: 2.7]
      [Update RS (ms): Min: 1.5, Avg: 1.6, Max: 1.8, Diff: 0.2, Sum: 29.7]
         [Processed Buffers: Min: 5, Avg: 5.4, Max: 6, Diff: 1, Sum: 98]
      [Scan RS (ms): Min: 0.0, Avg: 0.0, Max: 0.1, Diff: 0.1, Sum: 0.7]
      [Code Root Scanning (ms): Min: 0.0, Avg: 0.0, Max: 0.0, Diff: 0.0, Sum: 0.0]
      [Object Copy (ms): Min: 14.7, Avg: 15.1, Max: 16.0, Diff: 1.3, Sum: 272.3]
      [Termination (ms): Min: 0.0, Avg: 0.9, Max: 1.3, Diff: 1.3, Sum: 15.9]
         [Termination Attempts: Min: 1, Avg: 1.0, Max: 1, Diff: 0, Sum: 18]
      [GC Worker Other (ms): Min: 0.0, Avg: 0.0, Max: 0.0, Diff: 0.0, Sum: 0.4]
      [GC Worker Total (ms): Min: 17.7, Avg: 17.9, Max: 18.0, Diff: 0.4, Sum: 321.7]
      [GC Worker End (ms): Min: 2189.1, Avg: 2189.1, Max: 2189.1, Diff: 0.0]
   [Code Root Fixup: 0.0 ms]
   [Code Root Purge: 0.0 ms]
   [Clear CT: 0.3 ms]
   [Other: 1.5 ms]
      [Choose CSet: 0.1 ms]
      [Ref Proc: 0.3 ms]
      [Ref Enq: 0.0 ms]
      [Redirty Cards: 0.3 ms]
      [Humongous Register: 0.2 ms]
      [Humongous Reclaim: 0.1 ms]
      [Free CSet: 0.3 ms]
   [Eden: 44.0M(44.0M)->0.0B(274.0M) Survivors: 7168.0K->7168.0K Heap: 605.7M(1024.0M)->513.4M(1024.0M)]
 [Times: user=0.16 sys=0.17, real=0.02 secs] 
2.191: [GC pause (G1 Humongous Allocation) (young) (initial-mark), 0.0038689 secs]
   [Parallel Time: 2.7 ms, GC Workers: 18]
      [GC Worker Start (ms): Min: 2191.4, Avg: 2191.6, Max: 2191.8, Diff: 0.4]
      [Ext Root Scanning (ms): Min: 0.0, Avg: 0.3, Max: 0.6, Diff: 0.6, Sum: 5.2]
      [Update RS (ms): Min: 0.0, Avg: 0.1, Max: 0.3, Diff: 0.3, Sum: 1.9]
         [Processed Buffers: Min: 0, Avg: 1.1, Max: 4, Diff: 4, Sum: 19]
      [Scan RS (ms): Min: 0.0, Avg: 0.0, Max: 0.0, Diff: 0.0, Sum: 0.1]
      [Code Root Scanning (ms): Min: 0.0, Avg: 0.0, Max: 0.0, Diff: 0.0, Sum: 0.0]
      [Object Copy (ms): Min: 1.2, Avg: 1.5, Max: 1.8, Diff: 0.7, Sum: 27.1]
      [Termination (ms): Min: 0.0, Avg: 0.3, Max: 0.5, Diff: 0.5, Sum: 5.5]
         [Termination Attempts: Min: 1, Avg: 1.0, Max: 1, Diff: 0, Sum: 18]
      [GC Worker Other (ms): Min: 0.0, Avg: 0.0, Max: 0.0, Diff: 0.0, Sum: 0.2]
      [GC Worker Total (ms): Min: 2.0, Avg: 2.2, Max: 2.5, Diff: 0.4, Sum: 40.1]
      [GC Worker End (ms): Min: 2193.9, Avg: 2193.9, Max: 2193.9, Diff: 0.0]
   [Code Root Fixup: 0.0 ms]
   [Code Root Purge: 0.0 ms]
   [Clear CT: 0.2 ms]
   [Other: 0.9 ms]
      [Choose CSet: 0.0 ms]
      [Ref Proc: 0.3 ms]
      [Ref Enq: 0.0 ms]
      [Redirty Cards: 0.2 ms]
      [Humongous Register: 0.2 ms]
      [Humongous Reclaim: 0.0 ms]
      [Free CSet: 0.0 ms]
   [Eden: 1024.0K(274.0M)->0.0B(275.0M) Survivors: 7168.0K->8192.0K Heap: 513.6M(1024.0M)->513.6M(1024.0M)]
 [Times: user=0.04 sys=0.00, real=0.00 secs] 
2.195: [GC concurrent-root-region-scan-start]
2.195: [GC concurrent-root-region-scan-end, 0.0001813 secs]
2.195: [GC concurrent-mark-start]
2.197: [GC concurrent-mark-end, 0.0019524 secs]
2.197: [GC remark 2.197: [Finalize Marking, 0.0003205 secs] 2.198: [GC ref-proc, 0.0004083 secs] 2.198: [Unloading, 0.0009856 secs], 0.0026344 secs]
 [Times: user=0.02 sys=0.00, real=0.01 secs] 
2.200: [GC cleanup 519M->514M(1024M), 0.0017435 secs]
 [Times: user=0.02 sys=0.01, real=0.00 secs] 
2.202: [GC concurrent-cleanup-start]
2.202: [GC concurrent-cleanup-end, 0.0000310 secs]
2.327: [GC pause (G1 Evacuation Pause) (young) (to-space exhausted), 0.0317227 secs]
   [Parallel Time: 29.4 ms, GC Workers: 18]
      [GC Worker Start (ms): Min: 2327.7, Avg: 2328.0, Max: 2328.2, Diff: 0.5]
      [Ext Root Scanning (ms): Min: 0.0, Avg: 0.2, Max: 0.4, Diff: 0.4, Sum: 2.7]
      [Update RS (ms): Min: 2.5, Avg: 2.6, Max: 2.7, Diff: 0.2, Sum: 47.7]
         [Processed Buffers: Min: 6, Avg: 7.8, Max: 9, Diff: 3, Sum: 140]
      [Scan RS (ms): Min: 0.0, Avg: 0.1, Max: 0.1, Diff: 0.1, Sum: 0.9]
      [Code Root Scanning (ms): Min: 0.0, Avg: 0.0, Max: 0.0, Diff: 0.0, Sum: 0.0]
      [Object Copy (ms): Min: 24.7, Avg: 25.1, Max: 26.0, Diff: 1.3, Sum: 451.7]
      [Termination (ms): Min: 0.0, Avg: 0.9, Max: 1.3, Diff: 1.3, Sum: 16.8]
         [Termination Attempts: Min: 1, Avg: 1.3, Max: 3, Diff: 2, Sum: 24]
      [GC Worker Other (ms): Min: 0.0, Avg: 0.0, Max: 0.1, Diff: 0.1, Sum: 0.6]
      [GC Worker Total (ms): Min: 28.7, Avg: 28.9, Max: 29.2, Diff: 0.5, Sum: 520.4]
      [GC Worker End (ms): Min: 2356.9, Avg: 2356.9, Max: 2356.9, Diff: 0.1]
   [Code Root Fixup: 0.0 ms]
   [Code Root Purge: 0.0 ms]
   [Clear CT: 0.3 ms]
   [Other: 2.0 ms]
      [Evacuation Failure: 0.4 ms]
      [Choose CSet: 0.0 ms]
      [Ref Proc: 0.3 ms]
      [Ref Enq: 0.0 ms]
      [Redirty Cards: 0.3 ms]
      [Humongous Register: 0.3 ms]
      [Humongous Reclaim: 0.3 ms]
      [Free CSet: 0.3 ms]
   [Eden: 275.0M(275.0M)->0.0B(15.0M) Survivors: 8192.0K->36.0M Heap: 855.7M(1024.0M)->632.2M(1024.0M)]
 [Times: user=0.19 sys=0.33, real=0.04 secs] 
2.368: [GC pause (G1 Evacuation Pause) (mixed), 0.0250529 secs]
   [Parallel Time: 23.3 ms, GC Workers: 18]
      [GC Worker Start (ms): Min: 2368.7, Avg: 2369.1, Max: 2369.3, Diff: 0.6]
      [Ext Root Scanning (ms): Min: 0.0, Avg: 0.1, Max: 0.4, Diff: 0.4, Sum: 1.8]
      [Update RS (ms): Min: 0.7, Avg: 0.9, Max: 1.1, Diff: 0.4, Sum: 16.4]
         [Processed Buffers: Min: 2, Avg: 3.4, Max: 5, Diff: 3, Sum: 61]
      [Scan RS (ms): Min: 0.0, Avg: 0.1, Max: 0.3, Diff: 0.2, Sum: 1.6]
      [Code Root Scanning (ms): Min: 0.0, Avg: 0.0, Max: 0.0, Diff: 0.0, Sum: 0.0]
      [Object Copy (ms): Min: 20.4, Avg: 20.9, Max: 21.6, Diff: 1.2, Sum: 377.0]
      [Termination (ms): Min: 0.0, Avg: 0.6, Max: 1.1, Diff: 1.1, Sum: 11.4]
         [Termination Attempts: Min: 1, Avg: 1.0, Max: 1, Diff: 0, Sum: 18]
      [GC Worker Other (ms): Min: 0.0, Avg: 0.0, Max: 0.0, Diff: 0.0, Sum: 0.4]
      [GC Worker Total (ms): Min: 22.5, Avg: 22.7, Max: 23.1, Diff: 0.6, Sum: 408.6]
      [GC Worker End (ms): Min: 2391.7, Avg: 2391.8, Max: 2391.8, Diff: 0.0]
   [Code Root Fixup: 0.0 ms]
   [Code Root Purge: 0.0 ms]
   [Clear CT: 0.3 ms]
   [Other: 1.5 ms]
      [Choose CSet: 0.1 ms]
      [Ref Proc: 0.3 ms]
      [Ref Enq: 0.0 ms]
      [Redirty Cards: 0.3 ms]
      [Humongous Register: 0.2 ms]
      [Humongous Reclaim: 0.1 ms]
      [Free CSet: 0.3 ms]
   [Eden: 15.0M(15.0M)->0.0B(44.0M) Survivors: 36.0M->7168.0K Heap: 652.5M(1024.0M)->563.7M(1024.0M)]
 [Times: user=0.21 sys=0.20, real=0.02 secs] 
2.414: [GC pause (G1 Evacuation Pause) (mixed), 0.0138841 secs]
   [Parallel Time: 12.4 ms, GC Workers: 18]
      [GC Worker Start (ms): Min: 2414.4, Avg: 2414.7, Max: 2414.9, Diff: 0.5]
      [Ext Root Scanning (ms): Min: 0.0, Avg: 0.2, Max: 0.4, Diff: 0.4, Sum: 2.7]
      [Update RS (ms): Min: 1.1, Avg: 1.4, Max: 1.6, Diff: 0.5, Sum: 24.6]
         [Processed Buffers: Min: 4, Avg: 4.4, Max: 6, Diff: 2, Sum: 79]
      [Scan RS (ms): Min: 0.0, Avg: 0.0, Max: 0.1, Diff: 0.1, Sum: 0.5]
      [Code Root Scanning (ms): Min: 0.0, Avg: 0.0, Max: 0.0, Diff: 0.0, Sum: 0.0]
      [Object Copy (ms): Min: 8.6, Avg: 9.1, Max: 10.4, Diff: 1.8, Sum: 163.7]
      [Termination (ms): Min: 0.0, Avg: 1.3, Max: 1.8, Diff: 1.8, Sum: 22.5]
         [Termination Attempts: Min: 1, Avg: 1.1, Max: 2, Diff: 1, Sum: 19]
      [GC Worker Other (ms): Min: 0.0, Avg: 0.0, Max: 0.0, Diff: 0.0, Sum: 0.4]
      [GC Worker Total (ms): Min: 11.7, Avg: 11.9, Max: 12.1, Diff: 0.4, Sum: 214.4]
      [GC Worker End (ms): Min: 2426.6, Avg: 2426.6, Max: 2426.6, Diff: 0.0]
   [Code Root Fixup: 0.0 ms]
   [Code Root Purge: 0.0 ms]
   [Clear CT: 0.2 ms]
   [Other: 1.2 ms]
      [Choose CSet: 0.0 ms]
      [Ref Proc: 0.2 ms]
      [Ref Enq: 0.0 ms]
      [Redirty Cards: 0.3 ms]
      [Humongous Register: 0.2 ms]
      [Humongous Reclaim: 0.1 ms]
      [Free CSet: 0.2 ms]
   [Eden: 44.0M(44.0M)->0.0B(239.0M) Survivors: 7168.0K->7168.0K Heap: 615.2M(1024.0M)->557.6M(1024.0M)]
 [Times: user=0.18 sys=0.04, real=0.02 secs] 
2.429: [GC pause (G1 Humongous Allocation) (young) (initial-mark), 0.0040229 secs]
   [Parallel Time: 2.8 ms, GC Workers: 18]
      [GC Worker Start (ms): Min: 2429.0, Avg: 2429.2, Max: 2429.3, Diff: 0.3]
      [Ext Root Scanning (ms): Min: 0.1, Avg: 0.2, Max: 0.3, Diff: 0.3, Sum: 3.1]
      [Update RS (ms): Min: 0.0, Avg: 0.4, Max: 1.8, Diff: 1.8, Sum: 7.0]
         [Processed Buffers: Min: 0, Avg: 1.0, Max: 2, Diff: 2, Sum: 18]
      [Scan RS (ms): Min: 0.0, Avg: 0.0, Max: 0.0, Diff: 0.0, Sum: 0.1]
      [Code Root Scanning (ms): Min: 0.0, Avg: 0.0, Max: 0.0, Diff: 0.0, Sum: 0.0]
      [Object Copy (ms): Min: 0.0, Avg: 1.4, Max: 2.1, Diff: 2.1, Sum: 25.4]
      [Termination (ms): Min: 0.0, Avg: 0.5, Max: 1.0, Diff: 1.0, Sum: 8.9]
         [Termination Attempts: Min: 1, Avg: 2.3, Max: 5, Diff: 4, Sum: 41]
      [GC Worker Other (ms): Min: 0.0, Avg: 0.0, Max: 0.1, Diff: 0.0, Sum: 0.3]
      [GC Worker Total (ms): Min: 2.4, Avg: 2.5, Max: 2.7, Diff: 0.3, Sum: 44.8]
      [GC Worker End (ms): Min: 2431.7, Avg: 2431.7, Max: 2431.7, Diff: 0.0]
   [Code Root Fixup: 0.0 ms]
   [Code Root Purge: 0.0 ms]
   [Clear CT: 0.2 ms]
   [Other: 1.0 ms]
      [Choose CSet: 0.0 ms]
      [Ref Proc: 0.3 ms]
      [Ref Enq: 0.0 ms]
      [Redirty Cards: 0.2 ms]
      [Humongous Register: 0.1 ms]
      [Humongous Reclaim: 0.0 ms]
      [Free CSet: 0.0 ms]
   [Eden: 2048.0K(239.0M)->0.0B(224.0M) Survivors: 7168.0K->8192.0K Heap: 559.5M(1024.0M)->557.6M(1024.0M)]
 [Times: user=0.04 sys=0.01, real=0.00 secs] 
2.433: [GC concurrent-root-region-scan-start]
2.433: [GC concurrent-root-region-scan-end, 0.0002535 secs]
2.433: [GC concurrent-mark-start]
2.437: [GC concurrent-mark-end, 0.0041973 secs]
2.438: [GC remark 2.438: [Finalize Marking, 0.0005061 secs] 2.438: [GC ref-proc, 0.0004014 secs] 2.438: [Unloading, 0.0009969 secs], 0.0030228 secs]
 [Times: user=0.03 sys=0.00, real=0.01 secs] 
2.441: [GC cleanup 569M->565M(1024M), 0.0019002 secs]
 [Times: user=0.01 sys=0.00, real=0.00 secs] 
2.443: [GC concurrent-cleanup-start]
2.443: [GC concurrent-cleanup-end, 0.0000272 secs]
2.533: [GC pause (G1 Evacuation Pause) (young), 0.0305447 secs]
   [Parallel Time: 28.7 ms, GC Workers: 18]
      [GC Worker Start (ms): Min: 2533.1, Avg: 2533.4, Max: 2533.6, Diff: 0.5]
      [Ext Root Scanning (ms): Min: 0.0, Avg: 0.1, Max: 0.3, Diff: 0.3, Sum: 1.7]
      [Update RS (ms): Min: 3.0, Avg: 3.2, Max: 3.4, Diff: 0.4, Sum: 56.9]
         [Processed Buffers: Min: 8, Avg: 9.2, Max: 11, Diff: 3, Sum: 165]
      [Scan RS (ms): Min: 0.0, Avg: 0.1, Max: 0.3, Diff: 0.2, Sum: 1.3]
      [Code Root Scanning (ms): Min: 0.0, Avg: 0.0, Max: 0.0, Diff: 0.0, Sum: 0.0]
      [Object Copy (ms): Min: 23.4, Avg: 23.9, Max: 24.6, Diff: 1.1, Sum: 430.9]
      [Termination (ms): Min: 0.0, Avg: 0.8, Max: 1.2, Diff: 1.2, Sum: 14.1]
         [Termination Attempts: Min: 1, Avg: 1.0, Max: 1, Diff: 0, Sum: 18]
      [GC Worker Other (ms): Min: 0.0, Avg: 0.0, Max: 0.1, Diff: 0.1, Sum: 0.5]
      [GC Worker Total (ms): Min: 27.9, Avg: 28.1, Max: 28.4, Diff: 0.5, Sum: 505.5]
      [GC Worker End (ms): Min: 2561.4, Avg: 2561.5, Max: 2561.5, Diff: 0.1]
   [Code Root Fixup: 0.0 ms]
   [Code Root Purge: 0.0 ms]
   [Clear CT: 0.2 ms]
   [Other: 1.6 ms]
      [Choose CSet: 0.0 ms]
      [Ref Proc: 0.3 ms]
      [Ref Enq: 0.0 ms]
      [Redirty Cards: 0.3 ms]
      [Humongous Register: 0.3 ms]
      [Humongous Reclaim: 0.3 ms]
      [Free CSet: 0.3 ms]
   [Eden: 224.0M(224.0M)->0.0B(22.0M) Survivors: 8192.0K->29.0M Heap: 840.1M(1024.0M)->616.5M(1024.0M)]
 [Times: user=0.28 sys=0.22, real=0.03 secs] 
2.574: [GC pause (G1 Evacuation Pause) (mixed), 0.0187443 secs]
   [Parallel Time: 17.0 ms, GC Workers: 18]
      [GC Worker Start (ms): Min: 2574.0, Avg: 2574.3, Max: 2574.7, Diff: 0.7]
      [Ext Root Scanning (ms): Min: 0.0, Avg: 0.3, Max: 0.6, Diff: 0.6, Sum: 5.1]
      [Update RS (ms): Min: 0.6, Avg: 0.8, Max: 0.9, Diff: 0.3, Sum: 13.7]
         [Processed Buffers: Min: 2, Avg: 2.8, Max: 4, Diff: 2, Sum: 51]
      [Scan RS (ms): Min: 0.0, Avg: 0.1, Max: 0.2, Diff: 0.2, Sum: 1.0]
      [Code Root Scanning (ms): Min: 0.0, Avg: 0.0, Max: 0.0, Diff: 0.0, Sum: 0.0]
      [Object Copy (ms): Min: 14.7, Avg: 14.9, Max: 15.3, Diff: 0.6, Sum: 267.3]
      [Termination (ms): Min: 0.0, Avg: 0.4, Max: 0.5, Diff: 0.5, Sum: 7.7]
         [Termination Attempts: Min: 1, Avg: 1.0, Max: 1, Diff: 0, Sum: 18]
      [GC Worker Other (ms): Min: 0.0, Avg: 0.0, Max: 0.0, Diff: 0.0, Sum: 0.4]
      [GC Worker Total (ms): Min: 16.0, Avg: 16.4, Max: 16.7, Diff: 0.7, Sum: 295.3]
      [GC Worker End (ms): Min: 2590.7, Avg: 2590.7, Max: 2590.7, Diff: 0.0]
   [Code Root Fixup: 0.0 ms]
   [Code Root Purge: 0.0 ms]
   [Clear CT: 0.2 ms]
   [Other: 1.5 ms]
      [Choose CSet: 0.1 ms]
      [Ref Proc: 0.3 ms]
      [Ref Enq: 0.0 ms]
      [Redirty Cards: 0.3 ms]
      [Humongous Register: 0.2 ms]
      [Humongous Reclaim: 0.1 ms]
      [Free CSet: 0.3 ms]
   [Eden: 22.0M(22.0M)->0.0B(44.0M) Survivors: 29.0M->7168.0K Heap: 642.6M(1024.0M)->535.8M(1024.0M)]
 [Times: user=0.17 sys=0.12, real=0.02 secs] 
2.609: [GC pause (G1 Evacuation Pause) (mixed), 0.0200353 secs]
   [Parallel Time: 18.4 ms, GC Workers: 18]
      [GC Worker Start (ms): Min: 2608.9, Avg: 2609.1, Max: 2609.3, Diff: 0.4]
      [Ext Root Scanning (ms): Min: 0.0, Avg: 0.1, Max: 0.3, Diff: 0.3, Sum: 2.0]
      [Update RS (ms): Min: 1.5, Avg: 1.6, Max: 1.8, Diff: 0.3, Sum: 29.6]
         [Processed Buffers: Min: 5, Avg: 5.5, Max: 7, Diff: 2, Sum: 99]
      [Scan RS (ms): Min: 0.0, Avg: 0.1, Max: 0.2, Diff: 0.2, Sum: 1.0]
      [Code Root Scanning (ms): Min: 0.0, Avg: 0.0, Max: 0.0, Diff: 0.0, Sum: 0.0]
      [Object Copy (ms): Min: 14.9, Avg: 15.2, Max: 16.2, Diff: 1.3, Sum: 274.2]
      [Termination (ms): Min: 0.0, Avg: 1.0, Max: 1.3, Diff: 1.3, Sum: 17.7]
         [Termination Attempts: Min: 1, Avg: 1.1, Max: 2, Diff: 1, Sum: 19]
      [GC Worker Other (ms): Min: 0.0, Avg: 0.0, Max: 0.1, Diff: 0.0, Sum: 0.4]
      [GC Worker Total (ms): Min: 17.9, Avg: 18.1, Max: 18.2, Diff: 0.4, Sum: 324.9]
      [GC Worker End (ms): Min: 2627.1, Avg: 2627.1, Max: 2627.2, Diff: 0.0]
   [Code Root Fixup: 0.0 ms]
   [Code Root Purge: 0.0 ms]
   [Clear CT: 0.2 ms]
   [Other: 1.4 ms]
      [Choose CSet: 0.1 ms]
      [Ref Proc: 0.3 ms]
      [Ref Enq: 0.0 ms]
      [Redirty Cards: 0.3 ms]
      [Humongous Register: 0.2 ms]
      [Humongous Reclaim: 0.1 ms]
      [Free CSet: 0.3 ms]
   [Eden: 44.0M(44.0M)->0.0B(277.0M) Survivors: 7168.0K->7168.0K Heap: 589.8M(1024.0M)->493.0M(1024.0M)]
 [Times: user=0.19 sys=0.13, real=0.02 secs] 
2.631: [GC pause (G1 Humongous Allocation) (young) (initial-mark), 0.0038058 secs]
   [Parallel Time: 2.7 ms, GC Workers: 18]
      [GC Worker Start (ms): Min: 2630.8, Avg: 2631.0, Max: 2631.1, Diff: 0.2]
      [Ext Root Scanning (ms): Min: 0.1, Avg: 0.2, Max: 0.3, Diff: 0.2, Sum: 3.7]
      [Update RS (ms): Min: 0.1, Avg: 0.3, Max: 0.5, Diff: 0.5, Sum: 4.6]
         [Processed Buffers: Min: 0, Avg: 1.0, Max: 2, Diff: 2, Sum: 18]
      [Scan RS (ms): Min: 0.0, Avg: 0.0, Max: 0.0, Diff: 0.0, Sum: 0.1]
      [Code Root Scanning (ms): Min: 0.0, Avg: 0.0, Max: 0.0, Diff: 0.0, Sum: 0.0]
      [Object Copy (ms): Min: 1.1, Avg: 1.7, Max: 2.0, Diff: 0.9, Sum: 30.1]
      [Termination (ms): Min: 0.0, Avg: 0.2, Max: 0.5, Diff: 0.5, Sum: 3.8]
         [Termination Attempts: Min: 1, Avg: 1.2, Max: 2, Diff: 1, Sum: 22]
      [GC Worker Other (ms): Min: 0.0, Avg: 0.0, Max: 0.0, Diff: 0.0, Sum: 0.3]
      [GC Worker Total (ms): Min: 2.2, Avg: 2.4, Max: 2.5, Diff: 0.2, Sum: 42.6]
      [GC Worker End (ms): Min: 2633.3, Avg: 2633.3, Max: 2633.3, Diff: 0.0]
   [Code Root Fixup: 0.0 ms]
   [Code Root Purge: 0.0 ms]
   [Clear CT: 0.2 ms]
   [Other: 0.9 ms]
      [Choose CSet: 0.0 ms]
      [Ref Proc: 0.3 ms]
      [Ref Enq: 0.0 ms]
      [Redirty Cards: 0.2 ms]
      [Humongous Register: 0.1 ms]
      [Humongous Reclaim: 0.0 ms]
      [Free CSet: 0.0 ms]
   [Eden: 7168.0K(277.0M)->0.0B(282.0M) Survivors: 7168.0K->9216.0K Heap: 499.2M(1024.0M)->494.7M(1024.0M)]
 [Times: user=0.05 sys=0.00, real=0.00 secs] 
2.635: [GC concurrent-root-region-scan-start]
2.635: [GC concurrent-root-region-scan-end, 0.0001767 secs]
2.635: [GC concurrent-mark-start]
2.637: [GC concurrent-mark-end, 0.0022869 secs]
2.637: [GC remark 2.637: [Finalize Marking, 0.0003570 secs] 2.637: [GC ref-proc, 0.0004155 secs] 2.638: [Unloading, 0.0009051 secs], 0.0026515 secs]
 [Times: user=0.01 sys=0.01, real=0.01 secs] 
2.640: [GC cleanup 503M->499M(1024M), 0.0017971 secs]
 [Times: user=0.02 sys=0.00, real=0.00 secs] 
2.642: [GC concurrent-cleanup-start]
2.642: [GC concurrent-cleanup-end, 0.0000318 secs]
2.752: [GC pause (G1 Evacuation Pause) (young) (to-space exhausted), 0.0282000 secs]
   [Parallel Time: 25.9 ms, GC Workers: 18]
      [GC Worker Start (ms): Min: 2752.5, Avg: 2752.6, Max: 2752.8, Diff: 0.4]
      [Ext Root Scanning (ms): Min: 0.0, Avg: 0.1, Max: 0.3, Diff: 0.3, Sum: 2.6]
      [Update RS (ms): Min: 3.3, Avg: 3.4, Max: 3.6, Diff: 0.3, Sum: 61.9]
         [Processed Buffers: Min: 9, Avg: 10.1, Max: 11, Diff: 2, Sum: 181]
      [Scan RS (ms): Min: 0.0, Avg: 0.1, Max: 0.2, Diff: 0.2, Sum: 0.9]
      [Code Root Scanning (ms): Min: 0.0, Avg: 0.0, Max: 0.0, Diff: 0.0, Sum: 0.0]
      [Object Copy (ms): Min: 21.6, Avg: 21.7, Max: 21.9, Diff: 0.3, Sum: 391.5]
      [Termination (ms): Min: 0.0, Avg: 0.1, Max: 0.2, Diff: 0.2, Sum: 2.5]
         [Termination Attempts: Min: 1, Avg: 1.4, Max: 2, Diff: 1, Sum: 25]
      [GC Worker Other (ms): Min: 0.0, Avg: 0.0, Max: 0.1, Diff: 0.1, Sum: 0.7]
      [GC Worker Total (ms): Min: 25.4, Avg: 25.6, Max: 25.7, Diff: 0.4, Sum: 460.2]
      [GC Worker End (ms): Min: 2778.2, Avg: 2778.2, Max: 2778.3, Diff: 0.1]
   [Code Root Fixup: 0.0 ms]
   [Code Root Purge: 0.0 ms]
   [Clear CT: 0.3 ms]
   [Other: 1.9 ms]
      [Evacuation Failure: 0.4 ms]
      [Choose CSet: 0.0 ms]
      [Ref Proc: 0.2 ms]
      [Ref Enq: 0.0 ms]
      [Redirty Cards: 0.2 ms]
      [Humongous Register: 0.2 ms]
      [Humongous Reclaim: 0.4 ms]
      [Free CSet: 0.3 ms]
   [Eden: 282.0M(282.0M)->0.0B(14.0M) Survivors: 9216.0K->37.0M Heap: 853.1M(1024.0M)->644.7M(1024.0M)]
 [Times: user=0.32 sys=0.13, real=0.03 secs] 
2.790: [GC pause (G1 Evacuation Pause) (mixed), 0.0237619 secs]
   [Parallel Time: 22.0 ms, GC Workers: 18]
      [GC Worker Start (ms): Min: 2790.7, Avg: 2790.9, Max: 2791.1, Diff: 0.4]
      [Ext Root Scanning (ms): Min: 0.0, Avg: 0.2, Max: 0.4, Diff: 0.4, Sum: 3.2]
      [Update RS (ms): Min: 0.7, Avg: 0.8, Max: 0.9, Diff: 0.2, Sum: 15.1]
         [Processed Buffers: Min: 2, Avg: 3.6, Max: 6, Diff: 4, Sum: 64]
      [Scan RS (ms): Min: 0.0, Avg: 0.1, Max: 0.5, Diff: 0.5, Sum: 1.5]
      [Code Root Scanning (ms): Min: 0.0, Avg: 0.0, Max: 0.2, Diff: 0.2, Sum: 0.2]
      [Object Copy (ms): Min: 19.3, Avg: 19.9, Max: 20.5, Diff: 1.2, Sum: 358.7]
      [Termination (ms): Min: 0.0, Avg: 0.5, Max: 0.8, Diff: 0.8, Sum: 8.2]
         [Termination Attempts: Min: 1, Avg: 1.0, Max: 1, Diff: 0, Sum: 18]
      [GC Worker Other (ms): Min: 0.0, Avg: 0.0, Max: 0.1, Diff: 0.0, Sum: 0.4]
      [GC Worker Total (ms): Min: 21.3, Avg: 21.5, Max: 21.7, Diff: 0.4, Sum: 387.2]
      [GC Worker End (ms): Min: 2812.4, Avg: 2812.4, Max: 2812.4, Diff: 0.0]
   [Code Root Fixup: 0.0 ms]
   [Code Root Purge: 0.0 ms]
   [Clear CT: 0.3 ms]
   [Other: 1.5 ms]
      [Choose CSet: 0.1 ms]
      [Ref Proc: 0.3 ms]
      [Ref Enq: 0.0 ms]
      [Redirty Cards: 0.3 ms]
      [Humongous Register: 0.2 ms]
      [Humongous Reclaim: 0.1 ms]
      [Free CSet: 0.4 ms]
   [Eden: 14.0M(14.0M)->0.0B(47.0M) Survivors: 37.0M->4096.0K Heap: 664.4M(1024.0M)->582.1M(1024.0M)]
 [Times: user=0.24 sys=0.15, real=0.02 secs] 
2.847: [GC pause (G1 Evacuation Pause) (mixed), 0.0153235 secs]
   [Parallel Time: 14.0 ms, GC Workers: 18]
      [GC Worker Start (ms): Min: 2846.8, Avg: 2847.1, Max: 2847.4, Diff: 0.6]
      [Ext Root Scanning (ms): Min: 0.0, Avg: 0.1, Max: 0.4, Diff: 0.4, Sum: 2.5]
      [Update RS (ms): Min: 2.5, Avg: 2.8, Max: 3.1, Diff: 0.6, Sum: 50.8]
         [Processed Buffers: Min: 7, Avg: 8.1, Max: 10, Diff: 3, Sum: 146]
      [Scan RS (ms): Min: 0.0, Avg: 0.0, Max: 0.1, Diff: 0.1, Sum: 0.3]
      [Code Root Scanning (ms): Min: 0.0, Avg: 0.0, Max: 0.0, Diff: 0.0, Sum: 0.0]
      [Object Copy (ms): Min: 8.4, Avg: 9.1, Max: 10.4, Diff: 2.0, Sum: 163.2]
      [Termination (ms): Min: 0.0, Avg: 1.4, Max: 2.0, Diff: 2.0, Sum: 25.1]
         [Termination Attempts: Min: 1, Avg: 1.0, Max: 1, Diff: 0, Sum: 18]
      [GC Worker Other (ms): Min: 0.0, Avg: 0.0, Max: 0.0, Diff: 0.0, Sum: 0.4]
      [GC Worker Total (ms): Min: 13.2, Avg: 13.5, Max: 13.8, Diff: 0.6, Sum: 242.4]
      [GC Worker End (ms): Min: 2860.6, Avg: 2860.6, Max: 2860.6, Diff: 0.0]
   [Code Root Fixup: 0.0 ms]
   [Code Root Purge: 0.0 ms]
   [Clear CT: 0.3 ms]
   [Other: 1.0 ms]
      [Choose CSet: 0.0 ms]
      [Ref Proc: 0.3 ms]
      [Ref Enq: 0.0 ms]
      [Redirty Cards: 0.2 ms]
      [Humongous Register: 0.1 ms]
      [Humongous Reclaim: 0.1 ms]
      [Free CSet: 0.1 ms]
   [Eden: 47.0M(47.0M)->0.0B(206.0M) Survivors: 4096.0K->7168.0K Heap: 645.0M(1024.0M)->591.8M(1024.0M)]
 [Times: user=0.14 sys=0.10, real=0.02 secs] 
2.863: [GC pause (G1 Humongous Allocation) (young) (initial-mark), 0.0048189 secs]
   [Parallel Time: 3.6 ms, GC Workers: 18]
      [GC Worker Start (ms): Min: 2863.3, Avg: 2863.5, Max: 2863.6, Diff: 0.3]
      [Ext Root Scanning (ms): Min: 0.0, Avg: 0.2, Max: 0.4, Diff: 0.3, Sum: 3.2]
      [Update RS (ms): Min: 0.1, Avg: 0.2, Max: 0.7, Diff: 0.6, Sum: 2.7]
         [Processed Buffers: Min: 0, Avg: 0.9, Max: 2, Diff: 2, Sum: 17]
      [Scan RS (ms): Min: 0.0, Avg: 0.0, Max: 0.0, Diff: 0.0, Sum: 0.0]
      [Code Root Scanning (ms): Min: 0.0, Avg: 0.0, Max: 0.0, Diff: 0.0, Sum: 0.0]
      [Object Copy (ms): Min: 1.0, Avg: 1.9, Max: 2.8, Diff: 1.8, Sum: 34.0]
      [Termination (ms): Min: 0.0, Avg: 0.9, Max: 1.3, Diff: 1.3, Sum: 16.1]
         [Termination Attempts: Min: 1, Avg: 1.0, Max: 1, Diff: 0, Sum: 18]
      [GC Worker Other (ms): Min: 0.0, Avg: 0.0, Max: 0.0, Diff: 0.0, Sum: 0.2]
      [GC Worker Total (ms): Min: 3.0, Avg: 3.1, Max: 3.3, Diff: 0.4, Sum: 56.4]
      [GC Worker End (ms): Min: 2866.6, Avg: 2866.6, Max: 2866.6, Diff: 0.0]
   [Code Root Fixup: 0.0 ms]
   [Code Root Purge: 0.0 ms]
   [Clear CT: 0.2 ms]
   [Other: 1.0 ms]
      [Choose CSet: 0.0 ms]
      [Ref Proc: 0.3 ms]
      [Ref Enq: 0.0 ms]
      [Redirty Cards: 0.2 ms]
      [Humongous Register: 0.2 ms]
      [Humongous Reclaim: 0.0 ms]
      [Free CSet: 0.0 ms]
   [Eden: 2048.0K(206.0M)->0.0B(210.0M) Survivors: 7168.0K->8192.0K Heap: 593.4M(1024.0M)->592.5M(1024.0M)]
 [Times: user=0.03 sys=0.04, real=0.01 secs] 
2.868: [GC concurrent-root-region-scan-start]
2.868: [GC concurrent-root-region-scan-end, 0.0001251 secs]
2.868: [GC concurrent-mark-start]
2.871: [GC concurrent-mark-end, 0.0028498 secs]
2.871: [GC remark 2.871: [Finalize Marking, 0.0004371 secs] 2.871: [GC ref-proc, 0.0004103 secs] 2.872: [Unloading, 0.0009277 secs], 0.0027177 secs]
 [Times: user=0.01 sys=0.01, real=0.00 secs] 
2.874: [GC cleanup 600M->589M(1024M), 0.0017971 secs]
 [Times: user=0.02 sys=0.00, real=0.00 secs] 
2.876: [GC concurrent-cleanup-start]
2.876: [GC concurrent-cleanup-end, 0.0000467 secs]
2.985: [GC pause (G1 Evacuation Pause) (young), 0.0312869 secs]
   [Parallel Time: 29.5 ms, GC Workers: 18]
      [GC Worker Start (ms): Min: 2985.8, Avg: 2986.0, Max: 2986.2, Diff: 0.4]
      [Ext Root Scanning (ms): Min: 0.0, Avg: 0.2, Max: 0.4, Diff: 0.4, Sum: 2.9]
      [Update RS (ms): Min: 4.0, Avg: 4.1, Max: 4.2, Diff: 0.2, Sum: 74.3]
         [Processed Buffers: Min: 11, Avg: 11.9, Max: 14, Diff: 3, Sum: 214]
      [Scan RS (ms): Min: 0.0, Avg: 0.1, Max: 0.1, Diff: 0.1, Sum: 1.1]
      [Code Root Scanning (ms): Min: 0.0, Avg: 0.0, Max: 0.0, Diff: 0.0, Sum: 0.0]
      [Object Copy (ms): Min: 23.6, Avg: 24.0, Max: 24.7, Diff: 1.1, Sum: 431.5]
      [Termination (ms): Min: 0.0, Avg: 0.7, Max: 1.1, Diff: 1.1, Sum: 12.8]
         [Termination Attempts: Min: 1, Avg: 1.0, Max: 1, Diff: 0, Sum: 18]
      [GC Worker Other (ms): Min: 0.0, Avg: 0.0, Max: 0.1, Diff: 0.0, Sum: 0.5]
      [GC Worker Total (ms): Min: 28.9, Avg: 29.1, Max: 29.3, Diff: 0.4, Sum: 523.1]
      [GC Worker End (ms): Min: 3015.1, Avg: 3015.1, Max: 3015.1, Diff: 0.0]
   [Code Root Fixup: 0.0 ms]
   [Code Root Purge: 0.0 ms]
   [Clear CT: 0.2 ms]
   [Other: 1.6 ms]
      [Choose CSet: 0.0 ms]
      [Ref Proc: 0.3 ms]
      [Ref Enq: 0.0 ms]
      [Redirty Cards: 0.3 ms]
      [Humongous Register: 0.3 ms]
      [Humongous Reclaim: 0.2 ms]
      [Free CSet: 0.3 ms]
   [Eden: 210.0M(210.0M)->0.0B(23.0M) Survivors: 8192.0K->28.0M Heap: 846.2M(1024.0M)->653.5M(1024.0M)]
 [Times: user=0.30 sys=0.22, real=0.03 secs] 
3.026: [GC pause (G1 Evacuation Pause) (mixed), 0.0165681 secs]
   [Parallel Time: 15.0 ms, GC Workers: 18]
      [GC Worker Start (ms): Min: 3026.2, Avg: 3026.5, Max: 3026.7, Diff: 0.4]
      [Ext Root Scanning (ms): Min: 0.0, Avg: 0.1, Max: 0.4, Diff: 0.4, Sum: 2.6]
      [Update RS (ms): Min: 1.3, Avg: 1.5, Max: 1.6, Diff: 0.3, Sum: 26.9]
         [Processed Buffers: Min: 4, Avg: 5.1, Max: 7, Diff: 3, Sum: 92]
      [Scan RS (ms): Min: 0.0, Avg: 0.0, Max: 0.1, Diff: 0.1, Sum: 0.7]
      [Code Root Scanning (ms): Min: 0.0, Avg: 0.0, Max: 0.0, Diff: 0.0, Sum: 0.0]
      [Object Copy (ms): Min: 12.1, Avg: 12.4, Max: 12.8, Diff: 0.6, Sum: 222.6]
      [Termination (ms): Min: 0.0, Avg: 0.4, Max: 0.6, Diff: 0.6, Sum: 7.3]
         [Termination Attempts: Min: 1, Avg: 1.1, Max: 2, Diff: 1, Sum: 19]
      [GC Worker Other (ms): Min: 0.0, Avg: 0.0, Max: 0.0, Diff: 0.0, Sum: 0.3]
      [GC Worker Total (ms): Min: 14.3, Avg: 14.5, Max: 14.7, Diff: 0.4, Sum: 260.5]
      [GC Worker End (ms): Min: 3040.9, Avg: 3040.9, Max: 3040.9, Diff: 0.0]
   [Code Root Fixup: 0.0 ms]
   [Code Root Purge: 0.0 ms]
   [Clear CT: 0.2 ms]
   [Other: 1.4 ms]
      [Choose CSet: 0.1 ms]
      [Ref Proc: 0.3 ms]
      [Ref Enq: 0.0 ms]
      [Redirty Cards: 0.3 ms]
      [Humongous Register: 0.2 ms]
      [Humongous Reclaim: 0.1 ms]
      [Free CSet: 0.3 ms]
   [Eden: 23.0M(23.0M)->0.0B(44.0M) Survivors: 28.0M->7168.0K Heap: 685.6M(1024.0M)->569.2M(1024.0M)]
 [Times: user=0.19 sys=0.07, real=0.02 secs] 
3.060: [GC pause (G1 Evacuation Pause) (mixed), 0.0229433 secs]
   [Parallel Time: 21.2 ms, GC Workers: 18]
      [GC Worker Start (ms): Min: 3060.5, Avg: 3060.7, Max: 3060.9, Diff: 0.4]
      [Ext Root Scanning (ms): Min: 0.0, Avg: 0.2, Max: 0.4, Diff: 0.4, Sum: 2.8]
      [Update RS (ms): Min: 1.4, Avg: 1.6, Max: 1.7, Diff: 0.3, Sum: 28.3]
         [Processed Buffers: Min: 5, Avg: 5.3, Max: 7, Diff: 2, Sum: 96]
      [Scan RS (ms): Min: 0.0, Avg: 0.0, Max: 0.2, Diff: 0.2, Sum: 0.8]
      [Code Root Scanning (ms): Min: 0.0, Avg: 0.0, Max: 0.0, Diff: 0.0, Sum: 0.0]
      [Object Copy (ms): Min: 17.9, Avg: 18.3, Max: 19.0, Diff: 1.1, Sum: 329.4]
      [Termination (ms): Min: 0.0, Avg: 0.7, Max: 1.0, Diff: 1.0, Sum: 12.7]
         [Termination Attempts: Min: 1, Avg: 1.0, Max: 1, Diff: 0, Sum: 18]
      [GC Worker Other (ms): Min: 0.0, Avg: 0.0, Max: 0.0, Diff: 0.0, Sum: 0.4]
      [GC Worker Total (ms): Min: 20.6, Avg: 20.8, Max: 21.0, Diff: 0.4, Sum: 374.4]
      [GC Worker End (ms): Min: 3081.5, Avg: 3081.5, Max: 3081.5, Diff: 0.0]
   [Code Root Fixup: 0.0 ms]
   [Code Root Purge: 0.0 ms]
   [Clear CT: 0.3 ms]
   [Other: 1.4 ms]
      [Choose CSet: 0.1 ms]
      [Ref Proc: 0.3 ms]
      [Ref Enq: 0.0 ms]
      [Redirty Cards: 0.3 ms]
      [Humongous Register: 0.2 ms]
      [Humongous Reclaim: 0.1 ms]
      [Free CSet: 0.3 ms]
   [Eden: 44.0M(44.0M)->0.0B(44.0M) Survivors: 7168.0K->7168.0K Heap: 622.8M(1024.0M)->525.4M(1024.0M)]
 [Times: user=0.23 sys=0.14, real=0.02 secs] 
3.099: [GC pause (G1 Evacuation Pause) (mixed), 0.0131284 secs]
   [Parallel Time: 11.7 ms, GC Workers: 18]
      [GC Worker Start (ms): Min: 3099.8, Avg: 3099.9, Max: 3100.1, Diff: 0.3]
      [Ext Root Scanning (ms): Min: 0.1, Avg: 0.2, Max: 0.3, Diff: 0.3, Sum: 3.4]
      [Update RS (ms): Min: 2.3, Avg: 2.4, Max: 2.6, Diff: 0.3, Sum: 43.3]
         [Processed Buffers: Min: 6, Avg: 7.6, Max: 9, Diff: 3, Sum: 137]
      [Scan RS (ms): Min: 0.0, Avg: 0.0, Max: 0.2, Diff: 0.2, Sum: 0.6]
      [Code Root Scanning (ms): Min: 0.0, Avg: 0.0, Max: 0.0, Diff: 0.0, Sum: 0.0]
      [Object Copy (ms): Min: 7.5, Avg: 8.0, Max: 8.8, Diff: 1.2, Sum: 144.6]
      [Termination (ms): Min: 0.0, Avg: 0.7, Max: 1.0, Diff: 1.0, Sum: 12.0]
         [Termination Attempts: Min: 1, Avg: 1.1, Max: 2, Diff: 1, Sum: 19]
      [GC Worker Other (ms): Min: 0.0, Avg: 0.0, Max: 0.1, Diff: 0.0, Sum: 0.6]
      [GC Worker Total (ms): Min: 11.2, Avg: 11.4, Max: 11.5, Diff: 0.3, Sum: 204.5]
      [GC Worker End (ms): Min: 3111.3, Avg: 3111.3, Max: 3111.3, Diff: 0.0]
   [Code Root Fixup: 0.0 ms]
   [Code Root Purge: 0.0 ms]
   [Clear CT: 0.2 ms]
   [Other: 1.1 ms]
      [Choose CSet: 0.0 ms]
      [Ref Proc: 0.3 ms]
      [Ref Enq: 0.0 ms]
      [Redirty Cards: 0.2 ms]
      [Humongous Register: 0.2 ms]
      [Humongous Reclaim: 0.1 ms]
      [Free CSet: 0.1 ms]
   [Eden: 44.0M(44.0M)->0.0B(251.0M) Survivors: 7168.0K->7168.0K Heap: 584.2M(1024.0M)->530.5M(1024.0M)]
 [Times: user=0.19 sys=0.01, real=0.01 secs] 
3.114: [GC pause (G1 Humongous Allocation) (young) (initial-mark), 0.0039326 secs]
   [Parallel Time: 2.7 ms, GC Workers: 18]
      [GC Worker Start (ms): Min: 3114.1, Avg: 3114.3, Max: 3114.5, Diff: 0.4]
      [Ext Root Scanning (ms): Min: 0.0, Avg: 0.2, Max: 0.5, Diff: 0.5, Sum: 3.9]
      [Update RS (ms): Min: 0.0, Avg: 0.2, Max: 0.8, Diff: 0.8, Sum: 4.0]
         [Processed Buffers: Min: 0, Avg: 1.1, Max: 2, Diff: 2, Sum: 19]
      [Scan RS (ms): Min: 0.0, Avg: 0.0, Max: 0.0, Diff: 0.0, Sum: 0.1]
      [Code Root Scanning (ms): Min: 0.0, Avg: 0.0, Max: 0.0, Diff: 0.0, Sum: 0.0]
      [Object Copy (ms): Min: 1.1, Avg: 1.5, Max: 2.0, Diff: 0.9, Sum: 27.5]
      [Termination (ms): Min: 0.0, Avg: 0.2, Max: 0.5, Diff: 0.5, Sum: 4.5]
         [Termination Attempts: Min: 1, Avg: 1.0, Max: 1, Diff: 0, Sum: 18]
      [GC Worker Other (ms): Min: 0.0, Avg: 0.0, Max: 0.0, Diff: 0.0, Sum: 0.2]
      [GC Worker Total (ms): Min: 2.1, Avg: 2.2, Max: 2.4, Diff: 0.4, Sum: 40.2]
      [GC Worker End (ms): Min: 3116.6, Avg: 3116.6, Max: 3116.6, Diff: 0.0]
   [Code Root Fixup: 0.0 ms]
   [Code Root Purge: 0.0 ms]
   [Clear CT: 0.3 ms]
   [Other: 0.9 ms]
      [Choose CSet: 0.0 ms]
      [Ref Proc: 0.3 ms]
      [Ref Enq: 0.0 ms]
      [Redirty Cards: 0.2 ms]
      [Humongous Register: 0.2 ms]
      [Humongous Reclaim: 0.0 ms]
      [Free CSet: 0.0 ms]
   [Eden: 3072.0K(251.0M)->0.0B(250.0M) Survivors: 7168.0K->8192.0K Heap: 533.0M(1024.0M)->530.6M(1024.0M)]
 [Times: user=0.05 sys=0.00, real=0.00 secs] 
3.118: [GC concurrent-root-region-scan-start]
3.118: [GC concurrent-root-region-scan-end, 0.0001770 secs]
3.118: [GC concurrent-mark-start]
3.120: [GC concurrent-mark-end, 0.0022675 secs]
3.120: [GC remark 3.120: [Finalize Marking, 0.0003892 secs] 3.121: [GC ref-proc, 0.0004013 secs] 3.121: [Unloading, 0.0009611 secs], 0.0026738 secs]
 [Times: user=0.02 sys=0.00, real=0.00 secs] 
3.123: [GC cleanup 539M->534M(1024M), 0.0017309 secs]
 [Times: user=0.02 sys=0.00, real=0.00 secs] 
3.125: [GC concurrent-cleanup-start]
3.125: [GC concurrent-cleanup-end, 0.0000266 secs]
3.235: [GC pause (G1 Evacuation Pause) (young), 0.0311090 secs]
   [Parallel Time: 29.2 ms, GC Workers: 18]
      [GC Worker Start (ms): Min: 3235.7, Avg: 3236.0, Max: 3236.2, Diff: 0.4]
      [Ext Root Scanning (ms): Min: 0.0, Avg: 0.2, Max: 0.4, Diff: 0.4, Sum: 3.0]
      [Update RS (ms): Min: 3.1, Avg: 3.3, Max: 3.4, Diff: 0.3, Sum: 58.8]
         [Processed Buffers: Min: 9, Avg: 9.4, Max: 11, Diff: 2, Sum: 169]
      [Scan RS (ms): Min: 0.0, Avg: 0.1, Max: 0.4, Diff: 0.4, Sum: 1.6]
      [Code Root Scanning (ms): Min: 0.0, Avg: 0.0, Max: 0.0, Diff: 0.0, Sum: 0.0]
      [Object Copy (ms): Min: 24.1, Avg: 24.9, Max: 25.3, Diff: 1.2, Sum: 447.4]
      [Termination (ms): Min: 0.0, Avg: 0.4, Max: 0.8, Diff: 0.8, Sum: 7.8]
         [Termination Attempts: Min: 1, Avg: 1.1, Max: 2, Diff: 1, Sum: 20]
      [GC Worker Other (ms): Min: 0.0, Avg: 0.0, Max: 0.0, Diff: 0.0, Sum: 0.5]
      [GC Worker Total (ms): Min: 28.7, Avg: 28.8, Max: 29.1, Diff: 0.5, Sum: 519.1]
      [GC Worker End (ms): Min: 3264.8, Avg: 3264.8, Max: 3264.8, Diff: 0.0]
   [Code Root Fixup: 0.0 ms]
   [Code Root Purge: 0.0 ms]
   [Clear CT: 0.3 ms]
   [Other: 1.5 ms]
      [Choose CSet: 0.0 ms]
      [Ref Proc: 0.2 ms]
      [Ref Enq: 0.0 ms]
      [Redirty Cards: 0.2 ms]
      [Humongous Register: 0.3 ms]
      [Humongous Reclaim: 0.3 ms]
      [Free CSet: 0.3 ms]
   [Eden: 250.0M(250.0M)->0.0B(18.0M) Survivors: 8192.0K->33.0M Heap: 843.8M(1024.0M)->597.4M(1024.0M)]
 [Times: user=0.49 sys=0.02, real=0.03 secs] 
3.274: [GC pause (G1 Evacuation Pause) (mixed), 0.0237386 secs]
   [Parallel Time: 22.1 ms, GC Workers: 18]
      [GC Worker Start (ms): Min: 3274.6, Avg: 3274.8, Max: 3275.0, Diff: 0.4]
      [Ext Root Scanning (ms): Min: 0.0, Avg: 0.2, Max: 0.4, Diff: 0.4, Sum: 3.2]
      [Update RS (ms): Min: 1.7, Avg: 1.9, Max: 2.1, Diff: 0.4, Sum: 34.6]
         [Processed Buffers: Min: 5, Avg: 6.2, Max: 8, Diff: 3, Sum: 111]
      [Scan RS (ms): Min: 0.0, Avg: 0.1, Max: 0.3, Diff: 0.2, Sum: 1.2]
      [Code Root Scanning (ms): Min: 0.0, Avg: 0.0, Max: 0.0, Diff: 0.0, Sum: 0.0]
      [Object Copy (ms): Min: 18.0, Avg: 18.4, Max: 19.7, Diff: 1.7, Sum: 331.4]
      [Termination (ms): Min: 0.0, Avg: 1.0, Max: 1.3, Diff: 1.3, Sum: 18.3]
         [Termination Attempts: Min: 1, Avg: 1.1, Max: 2, Diff: 1, Sum: 19]
      [GC Worker Other (ms): Min: 0.0, Avg: 0.0, Max: 0.1, Diff: 0.0, Sum: 0.4]
      [GC Worker Total (ms): Min: 21.4, Avg: 21.6, Max: 21.8, Diff: 0.4, Sum: 389.2]
      [GC Worker End (ms): Min: 3296.4, Avg: 3296.4, Max: 3296.4, Diff: 0.0]
   [Code Root Fixup: 0.0 ms]
   [Code Root Purge: 0.0 ms]
   [Clear CT: 0.2 ms]
   [Other: 1.4 ms]
      [Choose CSet: 0.1 ms]
      [Ref Proc: 0.3 ms]
      [Ref Enq: 0.0 ms]
      [Redirty Cards: 0.3 ms]
      [Humongous Register: 0.2 ms]
      [Humongous Reclaim: 0.1 ms]
      [Free CSet: 0.3 ms]
   [Eden: 18.0M(18.0M)->0.0B(45.0M) Survivors: 33.0M->6144.0K Heap: 626.9M(1024.0M)->531.7M(1024.0M)]
 [Times: user=0.31 sys=0.08, real=0.03 secs] 
3.314: [GC pause (G1 Evacuation Pause) (mixed), 0.0167604 secs]
   [Parallel Time: 15.3 ms, GC Workers: 18]
      [GC Worker Start (ms): Min: 3314.7, Avg: 3314.9, Max: 3315.1, Diff: 0.4]
      [Ext Root Scanning (ms): Min: 0.0, Avg: 0.2, Max: 0.4, Diff: 0.4, Sum: 3.0]
      [Update RS (ms): Min: 2.1, Avg: 2.2, Max: 2.3, Diff: 0.2, Sum: 39.5]
         [Processed Buffers: Min: 6, Avg: 7.1, Max: 8, Diff: 2, Sum: 127]
      [Scan RS (ms): Min: 0.0, Avg: 0.0, Max: 0.1, Diff: 0.1, Sum: 0.7]
      [Code Root Scanning (ms): Min: 0.0, Avg: 0.0, Max: 0.0, Diff: 0.0, Sum: 0.0]
      [Object Copy (ms): Min: 11.9, Avg: 12.2, Max: 12.5, Diff: 0.5, Sum: 219.4]
      [Termination (ms): Min: 0.0, Avg: 0.2, Max: 0.4, Diff: 0.4, Sum: 4.0]
         [Termination Attempts: Min: 1, Avg: 1.0, Max: 1, Diff: 0, Sum: 18]
      [GC Worker Other (ms): Min: 0.0, Avg: 0.0, Max: 0.0, Diff: 0.0, Sum: 0.3]
      [GC Worker Total (ms): Min: 14.6, Avg: 14.8, Max: 15.0, Diff: 0.4, Sum: 266.8]
      [GC Worker End (ms): Min: 3329.7, Avg: 3329.7, Max: 3329.7, Diff: 0.0]
   [Code Root Fixup: 0.0 ms]
   [Code Root Purge: 0.0 ms]
   [Clear CT: 0.3 ms]
   [Other: 1.2 ms]
      [Choose CSet: 0.0 ms]
      [Ref Proc: 0.2 ms]
      [Ref Enq: 0.0 ms]
      [Redirty Cards: 0.3 ms]
      [Humongous Register: 0.2 ms]
      [Humongous Reclaim: 0.1 ms]
      [Free CSet: 0.2 ms]
   [Eden: 45.0M(45.0M)->0.0B(254.0M) Survivors: 6144.0K->7168.0K Heap: 590.1M(1024.0M)->521.1M(1024.0M)]
 [Times: user=0.23 sys=0.03, real=0.02 secs] 
3.332: [GC pause (G1 Humongous Allocation) (young) (initial-mark), 0.0035682 secs]
   [Parallel Time: 2.4 ms, GC Workers: 18]
      [GC Worker Start (ms): Min: 3332.1, Avg: 3332.2, Max: 3332.4, Diff: 0.3]
      [Ext Root Scanning (ms): Min: 0.0, Avg: 0.2, Max: 0.4, Diff: 0.4, Sum: 4.1]
      [Update RS (ms): Min: 0.0, Avg: 0.2, Max: 0.8, Diff: 0.8, Sum: 4.2]
         [Processed Buffers: Min: 0, Avg: 1.1, Max: 3, Diff: 3, Sum: 19]
      [Scan RS (ms): Min: 0.0, Avg: 0.0, Max: 0.0, Diff: 0.0, Sum: 0.1]
      [Code Root Scanning (ms): Min: 0.0, Avg: 0.0, Max: 0.0, Diff: 0.0, Sum: 0.0]
      [Object Copy (ms): Min: 0.0, Avg: 1.2, Max: 1.8, Diff: 1.7, Sum: 21.2]
      [Termination (ms): Min: 0.0, Avg: 0.4, Max: 1.0, Diff: 1.0, Sum: 7.4]
         [Termination Attempts: Min: 1, Avg: 1.2, Max: 2, Diff: 1, Sum: 21]
      [GC Worker Other (ms): Min: 0.0, Avg: 0.0, Max: 0.0, Diff: 0.0, Sum: 0.2]
      [GC Worker Total (ms): Min: 1.9, Avg: 2.1, Max: 2.2, Diff: 0.3, Sum: 37.2]
      [GC Worker End (ms): Min: 3334.3, Avg: 3334.3, Max: 3334.3, Diff: 0.0]
   [Code Root Fixup: 0.0 ms]
   [Code Root Purge: 0.0 ms]
   [Clear CT: 0.2 ms]
   [Other: 0.9 ms]
      [Choose CSet: 0.0 ms]
      [Ref Proc: 0.3 ms]
      [Ref Enq: 0.0 ms]
      [Redirty Cards: 0.2 ms]
      [Humongous Register: 0.2 ms]
      [Humongous Reclaim: 0.0 ms]
      [Free CSet: 0.0 ms]
   [Eden: 2048.0K(254.0M)->0.0B(231.0M) Survivors: 7168.0K->8192.0K Heap: 522.5M(1024.0M)->520.8M(1024.0M)]
 [Times: user=0.04 sys=0.00, real=0.00 secs] 
3.335: [GC concurrent-root-region-scan-start]
3.336: [GC concurrent-root-region-scan-end, 0.0001659 secs]
3.336: [GC concurrent-mark-start]
3.338: [GC concurrent-mark-end, 0.0023532 secs]
3.338: [GC remark 3.338: [Finalize Marking, 0.0004502 secs] 3.339: [GC ref-proc, 0.0004087 secs] 3.339: [Unloading, 0.0008805 secs], 0.0026634 secs]
 [Times: user=0.02 sys=0.01, real=0.00 secs] 
3.341: [GC cleanup 530M->525M(1024M), 0.0020332 secs]
 [Times: user=0.02 sys=0.00, real=0.00 secs] 
3.343: [GC concurrent-cleanup-start]
3.343: [GC concurrent-cleanup-end, 0.0000353 secs]
3.434: [GC pause (G1 Evacuation Pause) (young), 0.0328259 secs]
   [Parallel Time: 29.2 ms, GC Workers: 18]
      [GC Worker Start (ms): Min: 3435.0, Avg: 3435.4, Max: 3435.9, Diff: 0.9]
      [Ext Root Scanning (ms): Min: 0.2, Avg: 0.7, Max: 1.1, Diff: 0.9, Sum: 12.0]
      [Update RS (ms): Min: 3.3, Avg: 3.5, Max: 3.6, Diff: 0.3, Sum: 63.1]
         [Processed Buffers: Min: 9, Avg: 10.7, Max: 12, Diff: 3, Sum: 193]
      [Scan RS (ms): Min: 0.0, Avg: 0.1, Max: 0.1, Diff: 0.1, Sum: 1.0]
      [Code Root Scanning (ms): Min: 0.0, Avg: 0.0, Max: 0.0, Diff: 0.0, Sum: 0.0]
      [Object Copy (ms): Min: 22.3, Avg: 22.9, Max: 24.3, Diff: 2.0, Sum: 412.4]
      [Termination (ms): Min: 0.0, Avg: 1.3, Max: 1.8, Diff: 1.8, Sum: 24.2]
         [Termination Attempts: Min: 1, Avg: 1.0, Max: 1, Diff: 0, Sum: 18]
      [GC Worker Other (ms): Min: 0.0, Avg: 0.0, Max: 0.1, Diff: 0.1, Sum: 0.9]
      [GC Worker Total (ms): Min: 28.1, Avg: 28.5, Max: 29.0, Diff: 0.9, Sum: 513.6]
      [GC Worker End (ms): Min: 3463.9, Avg: 3464.0, Max: 3464.0, Diff: 0.0]
   [Code Root Fixup: 0.0 ms]
   [Code Root Purge: 0.0 ms]
   [Clear CT: 0.5 ms]
   [Other: 3.1 ms]
      [Choose CSet: 0.0 ms]
      [Ref Proc: 0.3 ms]
      [Ref Enq: 0.0 ms]
      [Redirty Cards: 0.2 ms]
      [Humongous Register: 1.0 ms]
      [Humongous Reclaim: 0.9 ms]
      [Free CSet: 0.5 ms]
   [Eden: 231.0M(231.0M)->0.0B(21.0M) Survivors: 8192.0K->30.0M Heap: 806.5M(1024.0M)->572.9M(1024.0M)]
 [Times: user=0.43 sys=0.08, real=0.03 secs] 
3.474: [GC pause (G1 Evacuation Pause) (mixed), 0.0209221 secs]
   [Parallel Time: 19.0 ms, GC Workers: 18]
      [GC Worker Start (ms): Min: 3474.5, Avg: 3474.7, Max: 3474.9, Diff: 0.4]
      [Ext Root Scanning (ms): Min: 0.0, Avg: 0.1, Max: 0.3, Diff: 0.3, Sum: 2.2]
      [Update RS (ms): Min: 0.5, Avg: 0.7, Max: 0.8, Diff: 0.3, Sum: 13.4]
         [Processed Buffers: Min: 2, Avg: 2.9, Max: 7, Diff: 5, Sum: 53]
      [Scan RS (ms): Min: 0.2, Avg: 0.4, Max: 1.4, Diff: 1.2, Sum: 7.1]
      [Code Root Scanning (ms): Min: 0.0, Avg: 0.0, Max: 0.0, Diff: 0.0, Sum: 0.0]
      [Object Copy (ms): Min: 15.9, Avg: 17.1, Max: 17.4, Diff: 1.5, Sum: 307.8]
      [Termination (ms): Min: 0.0, Avg: 0.2, Max: 0.4, Diff: 0.4, Sum: 4.0]
         [Termination Attempts: Min: 1, Avg: 1.0, Max: 1, Diff: 0, Sum: 18]
      [GC Worker Other (ms): Min: 0.0, Avg: 0.0, Max: 0.1, Diff: 0.0, Sum: 0.3]
      [GC Worker Total (ms): Min: 18.4, Avg: 18.6, Max: 18.8, Diff: 0.4, Sum: 334.8]
      [GC Worker End (ms): Min: 3493.3, Avg: 3493.3, Max: 3493.3, Diff: 0.0]
   [Code Root Fixup: 0.0 ms]
   [Code Root Purge: 0.0 ms]
   [Clear CT: 0.3 ms]
   [Other: 1.6 ms]
      [Choose CSet: 0.1 ms]
      [Ref Proc: 0.3 ms]
      [Ref Enq: 0.0 ms]
      [Redirty Cards: 0.2 ms]
      [Humongous Register: 0.2 ms]
      [Humongous Reclaim: 0.1 ms]
      [Free CSet: 0.5 ms]
   [Eden: 21.0M(21.0M)->0.0B(46.0M) Survivors: 30.0M->5120.0K Heap: 598.1M(1024.0M)->502.0M(1024.0M)]
 [Times: user=0.27 sys=0.05, real=0.02 secs] 
3.511: [GC pause (G1 Evacuation Pause) (mixed), 0.0140177 secs]
   [Parallel Time: 12.4 ms, GC Workers: 18]
      [GC Worker Start (ms): Min: 3511.6, Avg: 3511.7, Max: 3511.9, Diff: 0.3]
      [Ext Root Scanning (ms): Min: 0.1, Avg: 0.2, Max: 0.3, Diff: 0.3, Sum: 3.7]
      [Update RS (ms): Min: 1.2, Avg: 1.4, Max: 1.6, Diff: 0.3, Sum: 25.3]
         [Processed Buffers: Min: 4, Avg: 4.9, Max: 6, Diff: 2, Sum: 88]
      [Scan RS (ms): Min: 0.0, Avg: 0.1, Max: 0.6, Diff: 0.6, Sum: 1.4]
      [Code Root Scanning (ms): Min: 0.0, Avg: 0.0, Max: 0.0, Diff: 0.0, Sum: 0.0]
      [Object Copy (ms): Min: 9.7, Avg: 10.2, Max: 10.4, Diff: 0.7, Sum: 182.9]
      [Termination (ms): Min: 0.0, Avg: 0.2, Max: 0.5, Diff: 0.5, Sum: 3.8]
         [Termination Attempts: Min: 1, Avg: 1.0, Max: 1, Diff: 0, Sum: 18]
      [GC Worker Other (ms): Min: 0.0, Avg: 0.0, Max: 0.0, Diff: 0.0, Sum: 0.4]
      [GC Worker Total (ms): Min: 11.9, Avg: 12.1, Max: 12.2, Diff: 0.3, Sum: 217.6]
      [GC Worker End (ms): Min: 3523.8, Avg: 3523.8, Max: 3523.9, Diff: 0.0]
   [Code Root Fixup: 0.0 ms]
   [Code Root Purge: 0.0 ms]
   [Clear CT: 0.2 ms]
   [Other: 1.4 ms]
      [Choose CSet: 0.0 ms]
      [Ref Proc: 0.3 ms]
      [Ref Enq: 0.0 ms]
      [Redirty Cards: 0.2 ms]
      [Humongous Register: 0.2 ms]
      [Humongous Reclaim: 0.2 ms]
      [Free CSet: 0.2 ms]
   [Eden: 46.0M(46.0M)->0.0B(248.0M) Survivors: 5120.0K->7168.0K Heap: 556.6M(1024.0M)->494.4M(1024.0M)]
 [Times: user=0.21 sys=0.00, real=0.01 secs] 
3.526: [GC pause (G1 Humongous Allocation) (young) (initial-mark), 0.0032211 secs]
   [Parallel Time: 2.2 ms, GC Workers: 18]
      [GC Worker Start (ms): Min: 3526.1, Avg: 3526.2, Max: 3526.3, Diff: 0.2]
      [Ext Root Scanning (ms): Min: 0.1, Avg: 0.2, Max: 0.3, Diff: 0.2, Sum: 3.7]
      [Update RS (ms): Min: 0.1, Avg: 0.3, Max: 0.9, Diff: 0.8, Sum: 5.5]
         [Processed Buffers: Min: 0, Avg: 1.1, Max: 3, Diff: 3, Sum: 19]
      [Scan RS (ms): Min: 0.0, Avg: 0.0, Max: 0.0, Diff: 0.0, Sum: 0.1]
      [Code Root Scanning (ms): Min: 0.0, Avg: 0.0, Max: 0.0, Diff: 0.0, Sum: 0.0]
      [Object Copy (ms): Min: 0.4, Avg: 1.2, Max: 1.5, Diff: 1.2, Sum: 20.9]
      [Termination (ms): Min: 0.0, Avg: 0.2, Max: 0.4, Diff: 0.4, Sum: 4.1]
         [Termination Attempts: Min: 1, Avg: 1.0, Max: 1, Diff: 0, Sum: 18]
      [GC Worker Other (ms): Min: 0.0, Avg: 0.0, Max: 0.0, Diff: 0.0, Sum: 0.3]
      [GC Worker Total (ms): Min: 1.8, Avg: 1.9, Max: 2.0, Diff: 0.2, Sum: 34.5]
      [GC Worker End (ms): Min: 3528.1, Avg: 3528.1, Max: 3528.1, Diff: 0.0]
   [Code Root Fixup: 0.0 ms]
   [Code Root Purge: 0.0 ms]
   [Clear CT: 0.2 ms]
   [Other: 0.8 ms]
      [Choose CSet: 0.0 ms]
      [Ref Proc: 0.2 ms]
      [Ref Enq: 0.0 ms]
      [Redirty Cards: 0.2 ms]
      [Humongous Register: 0.2 ms]
      [Humongous Reclaim: 0.0 ms]
      [Free CSet: 0.0 ms]
   [Eden: 1024.0K(248.0M)->0.0B(279.0M) Survivors: 7168.0K->7168.0K Heap: 495.3M(1024.0M)->493.9M(1024.0M)]
 [Times: user=0.04 sys=0.00, real=0.01 secs] 
3.529: [GC concurrent-root-region-scan-start]
3.529: [GC concurrent-root-region-scan-end, 0.0003552 secs]
3.530: [GC concurrent-mark-start]
3.533: [GC concurrent-mark-end, 0.0036079 secs]
3.533: [GC remark 3.533: [Finalize Marking, 0.0003672 secs] 3.534: [GC ref-proc, 0.0004118 secs] 3.534: [Unloading, 0.0026075 secs], 0.0049696 secs]
 [Times: user=0.01 sys=0.06, real=0.01 secs] 
3.538: [GC cleanup 507M->506M(1024M), 0.0017548 secs]
 [Times: user=0.01 sys=0.00, real=0.00 secs] 
3.540: [GC concurrent-cleanup-start]
3.540: [GC concurrent-cleanup-end, 0.0000249 secs]
3.661: [GC pause (G1 Evacuation Pause) (young) (to-space exhausted), 0.0304047 secs]
   [Parallel Time: 27.8 ms, GC Workers: 18]
      [GC Worker Start (ms): Min: 3661.9, Avg: 3662.1, Max: 3662.3, Diff: 0.5]
      [Ext Root Scanning (ms): Min: 0.0, Avg: 0.2, Max: 0.4, Diff: 0.4, Sum: 3.0]
      [Update RS (ms): Min: 5.3, Avg: 5.4, Max: 5.5, Diff: 0.2, Sum: 97.9]
         [Processed Buffers: Min: 14, Avg: 15.2, Max: 18, Diff: 4, Sum: 273]
      [Scan RS (ms): Min: 0.1, Avg: 0.1, Max: 0.2, Diff: 0.2, Sum: 2.1]
      [Code Root Scanning (ms): Min: 0.0, Avg: 0.0, Max: 0.0, Diff: 0.0, Sum: 0.0]
      [Object Copy (ms): Min: 21.5, Avg: 21.6, Max: 21.6, Diff: 0.1, Sum: 388.1]
      [Termination (ms): Min: 0.0, Avg: 0.1, Max: 0.2, Diff: 0.2, Sum: 1.8]
         [Termination Attempts: Min: 1, Avg: 1.4, Max: 3, Diff: 2, Sum: 25]
      [GC Worker Other (ms): Min: 0.0, Avg: 0.0, Max: 0.0, Diff: 0.0, Sum: 0.4]
      [GC Worker Total (ms): Min: 27.2, Avg: 27.4, Max: 27.7, Diff: 0.5, Sum: 493.2]
      [GC Worker End (ms): Min: 3689.5, Avg: 3689.5, Max: 3689.5, Diff: 0.0]
   [Code Root Fixup: 0.0 ms]
   [Code Root Purge: 0.0 ms]
   [Clear CT: 0.4 ms]
   [Other: 2.3 ms]
      [Evacuation Failure: 0.6 ms]
      [Choose CSet: 0.0 ms]
      [Ref Proc: 0.3 ms]
      [Ref Enq: 0.0 ms]
      [Redirty Cards: 0.2 ms]
      [Humongous Register: 0.3 ms]
      [Humongous Reclaim: 0.4 ms]
      [Free CSet: 0.3 ms]
   [Eden: 279.0M(279.0M)->0.0B(15.0M) Survivors: 7168.0K->36.0M Heap: 849.7M(1024.0M)->617.2M(1024.0M)]
 [Times: user=0.43 sys=0.07, real=0.03 secs] 
3.697: [GC pause (G1 Evacuation Pause) (mixed), 0.0202125 secs]
   [Parallel Time: 18.5 ms, GC Workers: 18]
      [GC Worker Start (ms): Min: 3697.1, Avg: 3697.3, Max: 3697.5, Diff: 0.4]
      [Ext Root Scanning (ms): Min: 0.0, Avg: 0.2, Max: 0.4, Diff: 0.4, Sum: 2.7]
      [Update RS (ms): Min: 0.3, Avg: 0.4, Max: 0.5, Diff: 0.2, Sum: 7.0]
         [Processed Buffers: Min: 1, Avg: 2.2, Max: 5, Diff: 4, Sum: 40]
      [Scan RS (ms): Min: 0.0, Avg: 0.1, Max: 0.2, Diff: 0.2, Sum: 2.2]
      [Code Root Scanning (ms): Min: 0.0, Avg: 0.0, Max: 0.1, Diff: 0.1, Sum: 0.1]
      [Object Copy (ms): Min: 16.7, Avg: 17.1, Max: 17.4, Diff: 0.8, Sum: 307.9]
      [Termination (ms): Min: 0.0, Avg: 0.3, Max: 0.6, Diff: 0.6, Sum: 5.2]
         [Termination Attempts: Min: 1, Avg: 1.0, Max: 1, Diff: 0, Sum: 18]
      [GC Worker Other (ms): Min: 0.0, Avg: 0.0, Max: 0.0, Diff: 0.0, Sum: 0.3]
      [GC Worker Total (ms): Min: 17.9, Avg: 18.1, Max: 18.3, Diff: 0.4, Sum: 325.4]
      [GC Worker End (ms): Min: 3715.4, Avg: 3715.4, Max: 3715.4, Diff: 0.0]
   [Code Root Fixup: 0.0 ms]
   [Code Root Purge: 0.0 ms]
   [Clear CT: 0.3 ms]
   [Other: 1.3 ms]
      [Choose CSet: 0.1 ms]
      [Ref Proc: 0.2 ms]
      [Ref Enq: 0.0 ms]
      [Redirty Cards: 0.2 ms]
      [Humongous Register: 0.2 ms]
      [Humongous Reclaim: 0.0 ms]
      [Free CSet: 0.4 ms]
   [Eden: 15.0M(15.0M)->0.0B(45.0M) Survivors: 36.0M->6144.0K Heap: 634.9M(1024.0M)->546.1M(1024.0M)]
 [Times: user=0.30 sys=0.02, real=0.02 secs] 
3.733: [GC pause (G1 Evacuation Pause) (mixed), 0.0111801 secs]
   [Parallel Time: 9.9 ms, GC Workers: 18]
      [GC Worker Start (ms): Min: 3733.5, Avg: 3733.7, Max: 3733.8, Diff: 0.3]
      [Ext Root Scanning (ms): Min: 0.1, Avg: 0.2, Max: 0.3, Diff: 0.3, Sum: 3.5]
      [Update RS (ms): Min: 1.6, Avg: 1.7, Max: 1.8, Diff: 0.2, Sum: 31.0]
         [Processed Buffers: Min: 5, Avg: 5.4, Max: 7, Diff: 2, Sum: 98]
      [Scan RS (ms): Min: 0.0, Avg: 0.0, Max: 0.1, Diff: 0.1, Sum: 0.4]
      [Code Root Scanning (ms): Min: 0.0, Avg: 0.0, Max: 0.0, Diff: 0.0, Sum: 0.0]
      [Object Copy (ms): Min: 6.9, Avg: 7.3, Max: 7.6, Diff: 0.6, Sum: 130.8]
      [Termination (ms): Min: 0.0, Avg: 0.3, Max: 0.6, Diff: 0.6, Sum: 5.4]
         [Termination Attempts: Min: 1, Avg: 1.2, Max: 2, Diff: 1, Sum: 22]
      [GC Worker Other (ms): Min: 0.0, Avg: 0.0, Max: 0.1, Diff: 0.0, Sum: 0.4]
      [GC Worker Total (ms): Min: 9.4, Avg: 9.5, Max: 9.7, Diff: 0.3, Sum: 171.5]
      [GC Worker End (ms): Min: 3743.2, Avg: 3743.2, Max: 3743.2, Diff: 0.0]
   [Code Root Fixup: 0.0 ms]
   [Code Root Purge: 0.0 ms]
   [Clear CT: 0.2 ms]
   [Other: 1.0 ms]
      [Choose CSet: 0.0 ms]
      [Ref Proc: 0.2 ms]
      [Ref Enq: 0.0 ms]
      [Redirty Cards: 0.3 ms]
      [Humongous Register: 0.1 ms]
      [Humongous Reclaim: 0.1 ms]
      [Free CSet: 0.1 ms]
   [Eden: 45.0M(45.0M)->0.0B(241.0M) Survivors: 6144.0K->7168.0K Heap: 600.8M(1024.0M)->547.6M(1024.0M)]
 [Times: user=0.17 sys=0.00, real=0.01 secs] 
3.745: [GC pause (G1 Humongous Allocation) (young) (initial-mark), 0.0039062 secs]
   [Parallel Time: 2.8 ms, GC Workers: 18]
      [GC Worker Start (ms): Min: 3745.3, Avg: 3745.5, Max: 3745.6, Diff: 0.4]
      [Ext Root Scanning (ms): Min: 0.0, Avg: 0.2, Max: 0.4, Diff: 0.4, Sum: 3.4]
      [Update RS (ms): Min: 0.0, Avg: 0.3, Max: 0.6, Diff: 0.6, Sum: 5.0]
         [Processed Buffers: Min: 0, Avg: 1.0, Max: 3, Diff: 3, Sum: 18]
      [Scan RS (ms): Min: 0.0, Avg: 0.0, Max: 0.0, Diff: 0.0, Sum: 0.1]
      [Code Root Scanning (ms): Min: 0.0, Avg: 0.0, Max: 0.0, Diff: 0.0, Sum: 0.0]
      [Object Copy (ms): Min: 1.2, Avg: 1.6, Max: 2.1, Diff: 0.9, Sum: 29.6]
      [Termination (ms): Min: 0.0, Avg: 0.3, Max: 0.6, Diff: 0.6, Sum: 4.7]
         [Termination Attempts: Min: 1, Avg: 1.0, Max: 1, Diff: 0, Sum: 18]
      [GC Worker Other (ms): Min: 0.0, Avg: 0.0, Max: 0.0, Diff: 0.0, Sum: 0.3]
      [GC Worker Total (ms): Min: 2.2, Avg: 2.4, Max: 2.6, Diff: 0.4, Sum: 43.0]
      [GC Worker End (ms): Min: 3747.8, Avg: 3747.8, Max: 3747.9, Diff: 0.0]
   [Code Root Fixup: 0.0 ms]
   [Code Root Purge: 0.0 ms]
   [Clear CT: 0.2 ms]
   [Other: 0.9 ms]
      [Choose CSet: 0.0 ms]
      [Ref Proc: 0.3 ms]
      [Ref Enq: 0.0 ms]
      [Redirty Cards: 0.2 ms]
      [Humongous Register: 0.2 ms]
      [Humongous Reclaim: 0.0 ms]
      [Free CSet: 0.0 ms]
   [Eden: 1024.0K(241.0M)->0.0B(205.0M) Survivors: 7168.0K->8192.0K Heap: 548.5M(1024.0M)->548.1M(1024.0M)]
 [Times: user=0.04 sys=0.00, real=0.01 secs] 
3.749: [GC concurrent-root-region-scan-start]
3.749: [GC concurrent-root-region-scan-end, 0.0001866 secs]
3.749: [GC concurrent-mark-start]
3.752: [GC concurrent-mark-end, 0.0026368 secs]
3.752: [GC remark 3.752: [Finalize Marking, 0.0004277 secs] 3.752: [GC ref-proc, 0.0004055 secs] 3.753: [Unloading, 0.0008711 secs], 0.0024872 secs]
 [Times: user=0.02 sys=0.01, real=0.00 secs] 
3.755: [GC cleanup 556M->547M(1024M), 0.0018715 secs]
 [Times: user=0.01 sys=0.00, real=0.00 secs] 
3.757: [GC concurrent-cleanup-start]
3.757: [GC concurrent-cleanup-end, 0.0000404 secs]
3.833: [GC pause (G1 Evacuation Pause) (young), 0.0286830 secs]
   [Parallel Time: 26.8 ms, GC Workers: 18]
      [GC Worker Start (ms): Min: 3833.8, Avg: 3834.0, Max: 3834.2, Diff: 0.3]
      [Ext Root Scanning (ms): Min: 0.0, Avg: 0.2, Max: 0.3, Diff: 0.3, Sum: 3.4]
      [Update RS (ms): Min: 4.6, Avg: 4.7, Max: 4.9, Diff: 0.3, Sum: 85.2]
         [Processed Buffers: Min: 13, Avg: 13.8, Max: 16, Diff: 3, Sum: 249]
      [Scan RS (ms): Min: 0.0, Avg: 0.1, Max: 0.1, Diff: 0.1, Sum: 1.1]
      [Code Root Scanning (ms): Min: 0.0, Avg: 0.0, Max: 0.0, Diff: 0.0, Sum: 0.0]
      [Object Copy (ms): Min: 20.6, Avg: 21.0, Max: 21.4, Diff: 0.9, Sum: 378.7]
      [Termination (ms): Min: 0.0, Avg: 0.4, Max: 0.8, Diff: 0.8, Sum: 7.0]
         [Termination Attempts: Min: 1, Avg: 1.0, Max: 1, Diff: 0, Sum: 18]
      [GC Worker Other (ms): Min: 0.0, Avg: 0.0, Max: 0.1, Diff: 0.0, Sum: 0.5]
      [GC Worker Total (ms): Min: 26.3, Avg: 26.4, Max: 26.6, Diff: 0.3, Sum: 475.9]
      [GC Worker End (ms): Min: 3860.4, Avg: 3860.4, Max: 3860.5, Diff: 0.0]
   [Code Root Fixup: 0.0 ms]
   [Code Root Purge: 0.0 ms]
   [Clear CT: 0.2 ms]
   [Other: 1.6 ms]
      [Choose CSet: 0.0 ms]
      [Ref Proc: 0.3 ms]
      [Ref Enq: 0.0 ms]
      [Redirty Cards: 0.3 ms]
      [Humongous Register: 0.3 ms]
      [Humongous Reclaim: 0.3 ms]
      [Free CSet: 0.3 ms]
   [Eden: 205.0M(205.0M)->0.0B(24.0M) Survivors: 8192.0K->27.0M Heap: 806.4M(1024.0M)->605.1M(1024.0M)]
 [Times: user=0.42 sys=0.04, real=0.03 secs] 
3.871: [GC pause (G1 Evacuation Pause) (mixed), 0.0182406 secs]
   [Parallel Time: 16.6 ms, GC Workers: 18]
      [GC Worker Start (ms): Min: 3871.5, Avg: 3871.8, Max: 3871.9, Diff: 0.5]
      [Ext Root Scanning (ms): Min: 0.0, Avg: 0.1, Max: 0.4, Diff: 0.4, Sum: 2.2]
      [Update RS (ms): Min: 0.7, Avg: 0.8, Max: 1.0, Diff: 0.3, Sum: 14.7]
         [Processed Buffers: Min: 2, Avg: 3.0, Max: 6, Diff: 4, Sum: 54]
      [Scan RS (ms): Min: 0.0, Avg: 0.0, Max: 0.1, Diff: 0.1, Sum: 0.8]
      [Code Root Scanning (ms): Min: 0.0, Avg: 0.0, Max: 0.0, Diff: 0.0, Sum: 0.0]
      [Object Copy (ms): Min: 13.8, Avg: 14.2, Max: 15.1, Diff: 1.3, Sum: 255.8]
      [Termination (ms): Min: 0.0, Avg: 0.9, Max: 1.2, Diff: 1.2, Sum: 15.6]
         [Termination Attempts: Min: 1, Avg: 1.2, Max: 4, Diff: 3, Sum: 22]
      [GC Worker Other (ms): Min: 0.0, Avg: 0.0, Max: 0.0, Diff: 0.0, Sum: 0.4]
      [GC Worker Total (ms): Min: 15.9, Avg: 16.1, Max: 16.4, Diff: 0.5, Sum: 289.5]
      [GC Worker End (ms): Min: 3887.8, Avg: 3887.8, Max: 3887.9, Diff: 0.0]
   [Code Root Fixup: 0.0 ms]
   [Code Root Purge: 0.0 ms]
   [Clear CT: 0.3 ms]
   [Other: 1.4 ms]
      [Choose CSet: 0.1 ms]
      [Ref Proc: 0.3 ms]
      [Ref Enq: 0.0 ms]
      [Redirty Cards: 0.2 ms]
      [Humongous Register: 0.2 ms]
      [Humongous Reclaim: 0.1 ms]
      [Free CSet: 0.4 ms]
   [Eden: 24.0M(24.0M)->0.0B(44.0M) Survivors: 27.0M->7168.0K Heap: 633.6M(1024.0M)->526.1M(1024.0M)]
 [Times: user=0.25 sys=0.04, real=0.02 secs] 
3.906: [GC pause (G1 Evacuation Pause) (mixed), 0.0202135 secs]
   [Parallel Time: 18.6 ms, GC Workers: 18]
      [GC Worker Start (ms): Min: 3905.9, Avg: 3906.0, Max: 3906.2, Diff: 0.3]
      [Ext Root Scanning (ms): Min: 0.0, Avg: 0.1, Max: 0.3, Diff: 0.3, Sum: 2.6]
      [Update RS (ms): Min: 2.1, Avg: 2.3, Max: 2.4, Diff: 0.3, Sum: 40.8]
         [Processed Buffers: Min: 6, Avg: 7.3, Max: 9, Diff: 3, Sum: 132]
      [Scan RS (ms): Min: 0.0, Avg: 0.1, Max: 0.2, Diff: 0.2, Sum: 1.0]
      [Code Root Scanning (ms): Min: 0.0, Avg: 0.0, Max: 0.0, Diff: 0.0, Sum: 0.0]
      [Object Copy (ms): Min: 14.6, Avg: 15.0, Max: 15.8, Diff: 1.1, Sum: 270.4]
      [Termination (ms): Min: 0.0, Avg: 0.7, Max: 1.1, Diff: 1.1, Sum: 13.1]
         [Termination Attempts: Min: 1, Avg: 1.0, Max: 1, Diff: 0, Sum: 18]
      [GC Worker Other (ms): Min: 0.0, Avg: 0.0, Max: 0.0, Diff: 0.0, Sum: 0.3]
      [GC Worker Total (ms): Min: 18.0, Avg: 18.2, Max: 18.4, Diff: 0.3, Sum: 328.3]
      [GC Worker End (ms): Min: 3924.3, Avg: 3924.3, Max: 3924.3, Diff: 0.0]
   [Code Root Fixup: 0.0 ms]
   [Code Root Purge: 0.0 ms]
   [Clear CT: 0.3 ms]
   [Other: 1.4 ms]
      [Choose CSet: 0.1 ms]
      [Ref Proc: 0.3 ms]
      [Ref Enq: 0.0 ms]
      [Redirty Cards: 0.2 ms]
      [Humongous Register: 0.2 ms]
      [Humongous Reclaim: 0.1 ms]
      [Free CSet: 0.3 ms]
   [Eden: 44.0M(44.0M)->0.0B(253.0M) Survivors: 7168.0K->7168.0K Heap: 584.2M(1024.0M)->489.7M(1024.0M)]
 [Times: user=0.29 sys=0.04, real=0.02 secs] 
3.926: [GC pause (G1 Humongous Allocation) (young) (initial-mark), 0.0036900 secs]
   [Parallel Time: 2.6 ms, GC Workers: 18]
      [GC Worker Start (ms): Min: 3926.6, Avg: 3926.8, Max: 3926.9, Diff: 0.3]
      [Ext Root Scanning (ms): Min: 0.0, Avg: 0.2, Max: 0.3, Diff: 0.3, Sum: 3.1]
      [Update RS (ms): Min: 0.0, Avg: 0.4, Max: 1.9, Diff: 1.9, Sum: 6.8]
         [Processed Buffers: Min: 1, Avg: 1.0, Max: 1, Diff: 0, Sum: 18]
      [Scan RS (ms): Min: 0.0, Avg: 0.0, Max: 0.0, Diff: 0.0, Sum: 0.1]
      [Code Root Scanning (ms): Min: 0.0, Avg: 0.0, Max: 0.0, Diff: 0.0, Sum: 0.0]
      [Object Copy (ms): Min: 0.0, Avg: 1.4, Max: 1.9, Diff: 1.9, Sum: 25.7]
      [Termination (ms): Min: 0.0, Avg: 0.3, Max: 0.6, Diff: 0.6, Sum: 5.4]
         [Termination Attempts: Min: 1, Avg: 1.6, Max: 3, Diff: 2, Sum: 29]
      [GC Worker Other (ms): Min: 0.0, Avg: 0.0, Max: 0.0, Diff: 0.0, Sum: 0.2]
      [GC Worker Total (ms): Min: 2.2, Avg: 2.3, Max: 2.4, Diff: 0.3, Sum: 41.3]
      [GC Worker End (ms): Min: 3929.0, Avg: 3929.1, Max: 3929.1, Diff: 0.0]
   [Code Root Fixup: 0.0 ms]
   [Code Root Purge: 0.0 ms]
   [Clear CT: 0.2 ms]
   [Other: 0.9 ms]
      [Choose CSet: 0.0 ms]
      [Ref Proc: 0.3 ms]
      [Ref Enq: 0.0 ms]
      [Redirty Cards: 0.2 ms]
      [Humongous Register: 0.1 ms]
      [Humongous Reclaim: 0.0 ms]
      [Free CSet: 0.0 ms]
   [Eden: 1024.0K(253.0M)->0.0B(268.0M) Survivors: 7168.0K->7168.0K Heap: 490.7M(1024.0M)->489.6M(1024.0M)]
 [Times: user=0.04 sys=0.00, real=0.01 secs] 
3.930: [GC concurrent-root-region-scan-start]
3.930: [GC concurrent-root-region-scan-end, 0.0001727 secs]
3.930: [GC concurrent-mark-start]
3.932: [GC concurrent-mark-end, 0.0020110 secs]
3.933: [GC remark 3.933: [Finalize Marking, 0.0003563 secs] 3.933: [GC ref-proc, 0.0004034 secs] 3.933: [Unloading, 0.0009773 secs], 0.0025747 secs]
 [Times: user=0.02 sys=0.01, real=0.00 secs] 
3.935: [GC cleanup 497M->493M(1024M), 0.0017648 secs]
 [Times: user=0.01 sys=0.00, real=0.00 secs] 
3.937: [GC concurrent-cleanup-start]
3.937: [GC concurrent-cleanup-end, 0.0000516 secs]
4.041: [GC pause (G1 Evacuation Pause) (young), 0.0312167 secs]
   [Parallel Time: 28.5 ms, GC Workers: 18]
      [GC Worker Start (ms): Min: 4041.0, Avg: 4041.2, Max: 4041.4, Diff: 0.4]
      [Ext Root Scanning (ms): Min: 0.0, Avg: 0.2, Max: 0.4, Diff: 0.4, Sum: 2.8]
      [Update RS (ms): Min: 6.3, Avg: 6.5, Max: 6.6, Diff: 0.3, Sum: 116.3]
         [Processed Buffers: Min: 17, Avg: 18.9, Max: 21, Diff: 4, Sum: 340]
      [Scan RS (ms): Min: 0.0, Avg: 0.1, Max: 0.2, Diff: 0.1, Sum: 1.4]
      [Code Root Scanning (ms): Min: 0.0, Avg: 0.0, Max: 0.0, Diff: 0.0, Sum: 0.0]
      [Object Copy (ms): Min: 20.9, Avg: 21.2, Max: 21.4, Diff: 0.5, Sum: 381.0]
      [Termination (ms): Min: 0.0, Avg: 0.2, Max: 0.3, Diff: 0.3, Sum: 3.1]
         [Termination Attempts: Min: 1, Avg: 1.0, Max: 1, Diff: 0, Sum: 18]
      [GC Worker Other (ms): Min: 0.0, Avg: 0.0, Max: 0.1, Diff: 0.1, Sum: 0.8]
      [GC Worker Total (ms): Min: 27.9, Avg: 28.1, Max: 28.3, Diff: 0.4, Sum: 505.5]
      [GC Worker End (ms): Min: 4069.3, Avg: 4069.3, Max: 4069.4, Diff: 0.1]
   [Code Root Fixup: 0.0 ms]
   [Code Root Purge: 0.0 ms]
   [Clear CT: 0.4 ms]
   [Other: 2.3 ms]
      [Choose CSet: 0.0 ms]
      [Ref Proc: 0.4 ms]
      [Ref Enq: 0.0 ms]
      [Redirty Cards: 0.7 ms]
      [Humongous Register: 0.4 ms]
      [Humongous Reclaim: 0.3 ms]
      [Free CSet: 0.4 ms]
   [Eden: 268.0M(268.0M)->0.0B(16.0M) Survivors: 7168.0K->35.0M Heap: 834.8M(1024.0M)->561.7M(1024.0M)]
 [Times: user=0.47 sys=0.03, real=0.03 secs] 
4.077: [GC pause (G1 Evacuation Pause) (mixed), 0.0182883 secs]
   [Parallel Time: 16.9 ms, GC Workers: 18]
      [GC Worker Start (ms): Min: 4077.7, Avg: 4078.0, Max: 4078.2, Diff: 0.5]
      [Ext Root Scanning (ms): Min: 0.0, Avg: 0.2, Max: 0.4, Diff: 0.4, Sum: 2.8]
      [Update RS (ms): Min: 0.5, Avg: 0.7, Max: 0.8, Diff: 0.3, Sum: 13.1]
         [Processed Buffers: Min: 2, Avg: 2.8, Max: 4, Diff: 2, Sum: 50]
      [Scan RS (ms): Min: 0.0, Avg: 0.0, Max: 0.2, Diff: 0.2, Sum: 0.8]
      [Code Root Scanning (ms): Min: 0.0, Avg: 0.0, Max: 0.0, Diff: 0.0, Sum: 0.0]
      [Object Copy (ms): Min: 14.8, Avg: 15.1, Max: 15.4, Diff: 0.6, Sum: 272.1]
      [Termination (ms): Min: 0.0, Avg: 0.2, Max: 0.5, Diff: 0.5, Sum: 4.3]
         [Termination Attempts: Min: 1, Avg: 1.0, Max: 1, Diff: 0, Sum: 18]
      [GC Worker Other (ms): Min: 0.0, Avg: 0.0, Max: 0.0, Diff: 0.0, Sum: 0.4]
      [GC Worker Total (ms): Min: 16.1, Avg: 16.3, Max: 16.6, Diff: 0.5, Sum: 293.5]
      [GC Worker End (ms): Min: 4094.3, Avg: 4094.3, Max: 4094.3, Diff: 0.0]
   [Code Root Fixup: 0.0 ms]
   [Code Root Purge: 0.0 ms]
   [Clear CT: 0.2 ms]
   [Other: 1.2 ms]
      [Choose CSet: 0.1 ms]
      [Ref Proc: 0.2 ms]
      [Ref Enq: 0.0 ms]
      [Redirty Cards: 0.2 ms]
      [Humongous Register: 0.2 ms]
      [Humongous Reclaim: 0.1 ms]
      [Free CSet: 0.3 ms]
   [Eden: 16.0M(16.0M)->0.0B(46.0M) Survivors: 35.0M->5120.0K Heap: 581.6M(1024.0M)->514.8M(1024.0M)]
 [Times: user=0.27 sys=0.01, real=0.02 secs] 
4.111: [GC pause (G1 Evacuation Pause) (mixed), 0.0132727 secs]
   [Parallel Time: 11.8 ms, GC Workers: 18]
      [GC Worker Start (ms): Min: 4111.7, Avg: 4111.9, Max: 4112.0, Diff: 0.2]
      [Ext Root Scanning (ms): Min: 0.1, Avg: 0.2, Max: 0.3, Diff: 0.2, Sum: 3.7]
      [Update RS (ms): Min: 1.5, Avg: 1.7, Max: 1.8, Diff: 0.3, Sum: 30.0]
         [Processed Buffers: Min: 4, Avg: 5.5, Max: 7, Diff: 3, Sum: 99]
      [Scan RS (ms): Min: 0.0, Avg: 0.1, Max: 0.4, Diff: 0.4, Sum: 1.1]
      [Code Root Scanning (ms): Min: 0.0, Avg: 0.0, Max: 0.0, Diff: 0.0, Sum: 0.0]
      [Object Copy (ms): Min: 8.8, Avg: 9.2, Max: 9.5, Diff: 0.7, Sum: 165.4]
      [Termination (ms): Min: 0.0, Avg: 0.2, Max: 0.4, Diff: 0.4, Sum: 4.0]
         [Termination Attempts: Min: 1, Avg: 1.2, Max: 3, Diff: 2, Sum: 22]
      [GC Worker Other (ms): Min: 0.0, Avg: 0.0, Max: 0.0, Diff: 0.0, Sum: 0.3]
      [GC Worker Total (ms): Min: 11.3, Avg: 11.4, Max: 11.5, Diff: 0.3, Sum: 204.6]
      [GC Worker End (ms): Min: 4123.2, Avg: 4123.2, Max: 4123.3, Diff: 0.0]
   [Code Root Fixup: 0.0 ms]
   [Code Root Purge: 0.0 ms]
   [Clear CT: 0.4 ms]
   [Other: 1.1 ms]
      [Choose CSet: 0.0 ms]
      [Ref Proc: 0.3 ms]
      [Ref Enq: 0.0 ms]
      [Redirty Cards: 0.2 ms]
      [Humongous Register: 0.2 ms]
      [Humongous Reclaim: 0.1 ms]
      [Free CSet: 0.2 ms]
   [Eden: 46.0M(46.0M)->0.0B(44.0M) Survivors: 5120.0K->7168.0K Heap: 570.7M(1024.0M)->508.0M(1024.0M)]
 [Times: user=0.19 sys=0.01, real=0.01 secs] 
4.139: [GC pause (G1 Evacuation Pause) (mixed), 0.0103959 secs]
   [Parallel Time: 9.0 ms, GC Workers: 18]
      [GC Worker Start (ms): Min: 4139.1, Avg: 4139.3, Max: 4139.4, Diff: 0.3]
      [Ext Root Scanning (ms): Min: 0.0, Avg: 0.2, Max: 0.3, Diff: 0.3, Sum: 2.9]
      [Update RS (ms): Min: 1.2, Avg: 1.4, Max: 1.6, Diff: 0.4, Sum: 25.7]
         [Processed Buffers: Min: 4, Avg: 4.6, Max: 6, Diff: 2, Sum: 83]
      [Scan RS (ms): Min: 0.0, Avg: 0.0, Max: 0.1, Diff: 0.1, Sum: 0.3]
      [Code Root Scanning (ms): Min: 0.0, Avg: 0.0, Max: 0.0, Diff: 0.0, Sum: 0.0]
      [Object Copy (ms): Min: 6.4, Avg: 6.8, Max: 7.1, Diff: 0.7, Sum: 121.7]
      [Termination (ms): Min: 0.0, Avg: 0.2, Max: 0.5, Diff: 0.5, Sum: 3.5]
         [Termination Attempts: Min: 1, Avg: 1.1, Max: 2, Diff: 1, Sum: 19]
      [GC Worker Other (ms): Min: 0.0, Avg: 0.0, Max: 0.0, Diff: 0.0, Sum: 0.3]
      [GC Worker Total (ms): Min: 8.4, Avg: 8.6, Max: 8.8, Diff: 0.3, Sum: 154.4]
      [GC Worker End (ms): Min: 4147.8, Avg: 4147.9, Max: 4147.9, Diff: 0.0]
   [Code Root Fixup: 0.0 ms]
   [Code Root Purge: 0.0 ms]
   [Clear CT: 0.2 ms]
   [Other: 1.2 ms]
      [Choose CSet: 0.0 ms]
      [Ref Proc: 0.3 ms]
      [Ref Enq: 0.0 ms]
      [Redirty Cards: 0.3 ms]
      [Humongous Register: 0.2 ms]
      [Humongous Reclaim: 0.1 ms]
      [Free CSet: 0.1 ms]
   [Eden: 44.0M(44.0M)->0.0B(152.0M) Survivors: 7168.0K->7168.0K Heap: 560.1M(1024.0M)->514.1M(1024.0M)]
 [Times: user=0.16 sys=0.00, real=0.01 secs] 
4.150: [GC pause (G1 Humongous Allocation) (young) (initial-mark), 0.0037536 secs]
   [Parallel Time: 2.6 ms, GC Workers: 18]
      [GC Worker Start (ms): Min: 4150.3, Avg: 4150.4, Max: 4150.6, Diff: 0.3]
      [Ext Root Scanning (ms): Min: 0.0, Avg: 0.2, Max: 0.3, Diff: 0.3, Sum: 3.2]
      [Update RS (ms): Min: 0.0, Avg: 0.2, Max: 1.8, Diff: 1.8, Sum: 4.0]
         [Processed Buffers: Min: 0, Avg: 0.8, Max: 2, Diff: 2, Sum: 14]
      [Scan RS (ms): Min: 0.0, Avg: 0.0, Max: 0.0, Diff: 0.0, Sum: 0.1]
      [Code Root Scanning (ms): Min: 0.0, Avg: 0.0, Max: 0.0, Diff: 0.0, Sum: 0.0]
      [Object Copy (ms): Min: 0.0, Avg: 1.5, Max: 1.9, Diff: 1.9, Sum: 26.2]
      [Termination (ms): Min: 0.0, Avg: 0.3, Max: 0.6, Diff: 0.5, Sum: 5.6]
         [Termination Attempts: Min: 1, Avg: 2.0, Max: 6, Diff: 5, Sum: 36]
      [GC Worker Other (ms): Min: 0.0, Avg: 0.0, Max: 0.0, Diff: 0.0, Sum: 0.2]
      [GC Worker Total (ms): Min: 2.0, Avg: 2.2, Max: 2.4, Diff: 0.3, Sum: 39.3]
      [GC Worker End (ms): Min: 4152.6, Avg: 4152.6, Max: 4152.6, Diff: 0.0]
   [Code Root Fixup: 0.0 ms]
   [Code Root Purge: 0.0 ms]
   [Clear CT: 0.3 ms]
   [Other: 0.9 ms]
      [Choose CSet: 0.0 ms]
      [Ref Proc: 0.3 ms]
      [Ref Enq: 0.0 ms]
      [Redirty Cards: 0.2 ms]
      [Humongous Register: 0.2 ms]
      [Humongous Reclaim: 0.0 ms]
      [Free CSet: 0.0 ms]
   [Eden: 2048.0K(152.0M)->0.0B(165.0M) Survivors: 7168.0K->8192.0K Heap: 516.1M(1024.0M)->515.1M(1024.0M)]
 [Times: user=0.04 sys=0.00, real=0.00 secs] 
4.154: [GC concurrent-root-region-scan-start]
4.154: [GC concurrent-root-region-scan-end, 0.0001824 secs]
4.154: [GC concurrent-mark-start]
4.156: [GC concurrent-mark-end, 0.0021583 secs]
4.156: [GC remark 4.156: [Finalize Marking, 0.0003757 secs] 4.157: [GC ref-proc, 0.0004154 secs] 4.157: [Unloading, 0.0009465 secs], 0.0025529 secs]
 [Times: user=0.02 sys=0.00, real=0.01 secs] 
4.159: [GC cleanup 524M->519M(1024M), 0.0018371 secs]
 [Times: user=0.02 sys=0.01, real=0.00 secs] 
4.161: [GC concurrent-cleanup-start]
4.161: [GC concurrent-cleanup-end, 0.0000437 secs]
4.216: [GC pause (G1 Evacuation Pause) (young), 0.0267993 secs]
   [Parallel Time: 25.0 ms, GC Workers: 18]
      [GC Worker Start (ms): Min: 4216.7, Avg: 4216.9, Max: 4217.1, Diff: 0.4]
      [Ext Root Scanning (ms): Min: 0.0, Avg: 0.2, Max: 0.4, Diff: 0.4, Sum: 2.9]
      [Update RS (ms): Min: 5.5, Avg: 5.6, Max: 5.8, Diff: 0.3, Sum: 101.3]
         [Processed Buffers: Min: 15, Avg: 16.8, Max: 19, Diff: 4, Sum: 302]
      [Scan RS (ms): Min: 0.0, Avg: 0.1, Max: 0.4, Diff: 0.4, Sum: 1.1]
      [Code Root Scanning (ms): Min: 0.0, Avg: 0.0, Max: 0.0, Diff: 0.0, Sum: 0.0]
      [Object Copy (ms): Min: 18.2, Avg: 18.4, Max: 18.7, Diff: 0.6, Sum: 331.4]
      [Termination (ms): Min: 0.0, Avg: 0.4, Max: 0.7, Diff: 0.7, Sum: 6.6]
         [Termination Attempts: Min: 1, Avg: 1.3, Max: 2, Diff: 1, Sum: 24]
      [GC Worker Other (ms): Min: 0.0, Avg: 0.0, Max: 0.1, Diff: 0.1, Sum: 0.6]
      [GC Worker Total (ms): Min: 24.5, Avg: 24.7, Max: 24.9, Diff: 0.4, Sum: 443.9]
      [GC Worker End (ms): Min: 4241.6, Avg: 4241.6, Max: 4241.6, Diff: 0.0]
   [Code Root Fixup: 0.0 ms]
   [Code Root Purge: 0.0 ms]
   [Clear CT: 0.2 ms]
   [Other: 1.5 ms]
      [Choose CSet: 0.0 ms]
      [Ref Proc: 0.4 ms]
      [Ref Enq: 0.0 ms]
      [Redirty Cards: 0.3 ms]
      [Humongous Register: 0.3 ms]
      [Humongous Reclaim: 0.2 ms]
      [Free CSet: 0.2 ms]
   [Eden: 165.0M(165.0M)->0.0B(29.0M) Survivors: 8192.0K->22.0M Heap: 711.6M(1024.0M)->564.0M(1024.0M)]
 [Times: user=0.39 sys=0.03, real=0.03 secs] 
4.253: [GC pause (G1 Evacuation Pause) (mixed), 0.0189445 secs]
   [Parallel Time: 17.1 ms, GC Workers: 18]
      [GC Worker Start (ms): Min: 4253.0, Avg: 4253.3, Max: 4253.5, Diff: 0.5]
      [Ext Root Scanning (ms): Min: 0.0, Avg: 0.1, Max: 0.3, Diff: 0.3, Sum: 2.0]
      [Update RS (ms): Min: 0.3, Avg: 0.4, Max: 0.5, Diff: 0.2, Sum: 7.1]
         [Processed Buffers: Min: 1, Avg: 2.1, Max: 5, Diff: 4, Sum: 38]
      [Scan RS (ms): Min: 0.0, Avg: 0.1, Max: 0.3, Diff: 0.2, Sum: 1.9]
      [Code Root Scanning (ms): Min: 0.0, Avg: 0.0, Max: 0.1, Diff: 0.1, Sum: 0.1]
      [Object Copy (ms): Min: 15.5, Avg: 15.7, Max: 16.0, Diff: 0.6, Sum: 283.4]
      [Termination (ms): Min: 0.0, Avg: 0.2, Max: 0.5, Diff: 0.5, Sum: 4.5]
         [Termination Attempts: Min: 1, Avg: 1.0, Max: 1, Diff: 0, Sum: 18]
      [GC Worker Other (ms): Min: 0.0, Avg: 0.0, Max: 0.0, Diff: 0.0, Sum: 0.2]
      [GC Worker Total (ms): Min: 16.4, Avg: 16.6, Max: 16.9, Diff: 0.6, Sum: 299.2]
      [GC Worker End (ms): Min: 4269.9, Avg: 4269.9, Max: 4269.9, Diff: 0.0]
   [Code Root Fixup: 0.0 ms]
   [Code Root Purge: 0.0 ms]
   [Clear CT: 0.3 ms]
   [Other: 1.5 ms]
      [Choose CSet: 0.1 ms]
      [Ref Proc: 0.3 ms]
      [Ref Enq: 0.0 ms]
      [Redirty Cards: 0.3 ms]
      [Humongous Register: 0.2 ms]
      [Humongous Reclaim: 0.1 ms]
      [Free CSet: 0.4 ms]
   [Eden: 29.0M(29.0M)->0.0B(44.0M) Survivors: 22.0M->7168.0K Heap: 595.6M(1024.0M)->495.7M(1024.0M)]
 [Times: user=0.27 sys=0.02, real=0.02 secs] 
4.287: [GC pause (G1 Evacuation Pause) (mixed), 0.0136489 secs]
   [Parallel Time: 12.3 ms, GC Workers: 18]
      [GC Worker Start (ms): Min: 4287.5, Avg: 4287.7, Max: 4287.9, Diff: 0.5]
      [Ext Root Scanning (ms): Min: 0.0, Avg: 0.1, Max: 0.4, Diff: 0.4, Sum: 2.4]
      [Update RS (ms): Min: 1.4, Avg: 1.7, Max: 1.8, Diff: 0.4, Sum: 29.8]
         [Processed Buffers: Min: 4, Avg: 4.9, Max: 6, Diff: 2, Sum: 89]
      [Scan RS (ms): Min: 0.0, Avg: 0.0, Max: 0.1, Diff: 0.1, Sum: 0.5]
      [Code Root Scanning (ms): Min: 0.0, Avg: 0.0, Max: 0.0, Diff: 0.0, Sum: 0.0]
      [Object Copy (ms): Min: 9.4, Avg: 9.7, Max: 10.0, Diff: 0.6, Sum: 174.1]
      [Termination (ms): Min: 0.0, Avg: 0.2, Max: 0.5, Diff: 0.5, Sum: 4.1]
         [Termination Attempts: Min: 1, Avg: 1.1, Max: 2, Diff: 1, Sum: 19]
      [GC Worker Other (ms): Min: 0.0, Avg: 0.0, Max: 0.1, Diff: 0.1, Sum: 0.6]
      [GC Worker Total (ms): Min: 11.5, Avg: 11.7, Max: 12.0, Diff: 0.5, Sum: 211.5]
      [GC Worker End (ms): Min: 4299.5, Avg: 4299.5, Max: 4299.5, Diff: 0.0]
   [Code Root Fixup: 0.0 ms]
   [Code Root Purge: 0.0 ms]
   [Clear CT: 0.2 ms]
   [Other: 1.1 ms]
      [Choose CSet: 0.0 ms]
      [Ref Proc: 0.3 ms]
      [Ref Enq: 0.0 ms]
      [Redirty Cards: 0.3 ms]
      [Humongous Register: 0.1 ms]
      [Humongous Reclaim: 0.1 ms]
      [Free CSet: 0.2 ms]
   [Eden: 44.0M(44.0M)->0.0B(262.0M) Survivors: 7168.0K->7168.0K Heap: 548.4M(1024.0M)->490.0M(1024.0M)]
 [Times: user=0.20 sys=0.01, real=0.02 secs] 
4.301: [GC pause (G1 Humongous Allocation) (young) (initial-mark), 0.0033420 secs]
   [Parallel Time: 2.2 ms, GC Workers: 18]
      [GC Worker Start (ms): Min: 4301.5, Avg: 4301.6, Max: 4301.7, Diff: 0.1]
      [Ext Root Scanning (ms): Min: 0.2, Avg: 0.2, Max: 0.3, Diff: 0.1, Sum: 4.4]
      [Update RS (ms): Min: 0.1, Avg: 0.3, Max: 1.2, Diff: 1.1, Sum: 5.8]
         [Processed Buffers: Min: 0, Avg: 1.1, Max: 2, Diff: 2, Sum: 19]
      [Scan RS (ms): Min: 0.0, Avg: 0.0, Max: 0.0, Diff: 0.0, Sum: 0.1]
      [Code Root Scanning (ms): Min: 0.0, Avg: 0.0, Max: 0.0, Diff: 0.0, Sum: 0.0]
      [Object Copy (ms): Min: 0.4, Avg: 1.2, Max: 1.7, Diff: 1.3, Sum: 22.4]
      [Termination (ms): Min: 0.0, Avg: 0.2, Max: 0.4, Diff: 0.4, Sum: 3.5]
         [Termination Attempts: Min: 1, Avg: 1.0, Max: 1, Diff: 0, Sum: 18]
      [GC Worker Other (ms): Min: 0.0, Avg: 0.0, Max: 0.0, Diff: 0.0, Sum: 0.2]
      [GC Worker Total (ms): Min: 1.9, Avg: 2.0, Max: 2.1, Diff: 0.1, Sum: 36.4]
      [GC Worker End (ms): Min: 4303.6, Avg: 4303.6, Max: 4303.6, Diff: 0.0]
   [Code Root Fixup: 0.0 ms]
   [Code Root Purge: 0.0 ms]
   [Clear CT: 0.2 ms]
   [Other: 0.9 ms]
      [Choose CSet: 0.0 ms]
      [Ref Proc: 0.3 ms]
      [Ref Enq: 0.0 ms]
      [Redirty Cards: 0.2 ms]
      [Humongous Register: 0.2 ms]
      [Humongous Reclaim: 0.0 ms]
      [Free CSet: 0.0 ms]
   [Eden: 1024.0K(262.0M)->0.0B(273.0M) Survivors: 7168.0K->7168.0K Heap: 490.2M(1024.0M)->490.0M(1024.0M)]
 [Times: user=0.04 sys=0.00, real=0.00 secs] 
4.305: [GC concurrent-root-region-scan-start]
4.305: [GC concurrent-root-region-scan-end, 0.0001380 secs]
4.305: [GC concurrent-mark-start]
4.307: [GC concurrent-mark-end, 0.0025932 secs]
4.308: [GC remark 4.308: [Finalize Marking, 0.0004161 secs] 4.308: [GC ref-proc, 0.0004199 secs] 4.308: [Unloading, 0.0009649 secs], 0.0026712 secs]
 [Times: user=0.02 sys=0.00, real=0.01 secs] 
4.310: [GC cleanup 499M->496M(1024M), 0.0017463 secs]
 [Times: user=0.02 sys=0.00, real=0.00 secs] 
4.312: [GC concurrent-cleanup-start]
4.312: [GC concurrent-cleanup-end, 0.0000312 secs]
4.413: [GC pause (G1 Evacuation Pause) (young) (to-space exhausted), 0.0298807 secs]
   [Parallel Time: 27.6 ms, GC Workers: 18]
      [GC Worker Start (ms): Min: 4413.9, Avg: 4414.0, Max: 4414.2, Diff: 0.4]
      [Ext Root Scanning (ms): Min: 0.0, Avg: 0.2, Max: 0.3, Diff: 0.3, Sum: 2.8]
      [Update RS (ms): Min: 5.6, Avg: 5.8, Max: 5.9, Diff: 0.3, Sum: 104.4]
         [Processed Buffers: Min: 15, Avg: 17.1, Max: 19, Diff: 4, Sum: 307]
      [Scan RS (ms): Min: 0.0, Avg: 0.1, Max: 0.2, Diff: 0.2, Sum: 1.2]
      [Code Root Scanning (ms): Min: 0.0, Avg: 0.0, Max: 0.0, Diff: 0.0, Sum: 0.0]
      [Object Copy (ms): Min: 21.0, Avg: 21.2, Max: 21.3, Diff: 0.3, Sum: 381.5]
      [Termination (ms): Min: 0.0, Avg: 0.1, Max: 0.1, Diff: 0.1, Sum: 0.9]
         [Termination Attempts: Min: 1, Avg: 1.0, Max: 1, Diff: 0, Sum: 18]
      [GC Worker Other (ms): Min: 0.0, Avg: 0.0, Max: 0.1, Diff: 0.1, Sum: 0.6]
      [GC Worker Total (ms): Min: 27.1, Avg: 27.3, Max: 27.5, Diff: 0.4, Sum: 491.5]
      [GC Worker End (ms): Min: 4441.3, Avg: 4441.3, Max: 4441.4, Diff: 0.1]
   [Code Root Fixup: 0.0 ms]
   [Code Root Purge: 0.0 ms]
   [Clear CT: 0.3 ms]
   [Other: 2.1 ms]
      [Evacuation Failure: 0.3 ms]
      [Choose CSet: 0.0 ms]
      [Ref Proc: 0.3 ms]
      [Ref Enq: 0.0 ms]
      [Redirty Cards: 0.2 ms]
      [Humongous Register: 0.4 ms]
      [Humongous Reclaim: 0.3 ms]
      [Free CSet: 0.3 ms]
   [Eden: 273.0M(273.0M)->0.0B(16.0M) Survivors: 7168.0K->35.0M Heap: 838.8M(1024.0M)->608.9M(1024.0M)]
 [Times: user=0.47 sys=0.01, real=0.03 secs] 
4.449: [GC pause (G1 Evacuation Pause) (mixed), 0.0216832 secs]
   [Parallel Time: 20.0 ms, GC Workers: 18]
      [GC Worker Start (ms): Min: 4449.9, Avg: 4450.1, Max: 4450.2, Diff: 0.3]
      [Ext Root Scanning (ms): Min: 0.0, Avg: 0.2, Max: 0.3, Diff: 0.3, Sum: 3.1]
      [Update RS (ms): Min: 0.6, Avg: 0.8, Max: 0.9, Diff: 0.3, Sum: 13.9]
         [Processed Buffers: Min: 2, Avg: 3.2, Max: 5, Diff: 3, Sum: 58]
      [Scan RS (ms): Min: 0.0, Avg: 0.1, Max: 0.3, Diff: 0.3, Sum: 1.1]
      [Code Root Scanning (ms): Min: 0.0, Avg: 0.0, Max: 0.0, Diff: 0.0, Sum: 0.0]
      [Object Copy (ms): Min: 18.3, Avg: 18.4, Max: 18.6, Diff: 0.3, Sum: 331.7]
      [Termination (ms): Min: 0.0, Avg: 0.1, Max: 0.3, Diff: 0.3, Sum: 2.6]
         [Termination Attempts: Min: 1, Avg: 1.3, Max: 3, Diff: 2, Sum: 23]
      [GC Worker Other (ms): Min: 0.0, Avg: 0.0, Max: 0.0, Diff: 0.0, Sum: 0.3]
      [GC Worker Total (ms): Min: 19.5, Avg: 19.6, Max: 19.8, Diff: 0.3, Sum: 352.9]
      [GC Worker End (ms): Min: 4469.7, Avg: 4469.7, Max: 4469.7, Diff: 0.0]
   [Code Root Fixup: 0.0 ms]
   [Code Root Purge: 0.0 ms]
   [Clear CT: 0.2 ms]
   [Other: 1.4 ms]
      [Choose CSet: 0.1 ms]
      [Ref Proc: 0.3 ms]
      [Ref Enq: 0.0 ms]
      [Redirty Cards: 0.2 ms]
      [Humongous Register: 0.2 ms]
      [Humongous Reclaim: 0.1 ms]
      [Free CSet: 0.3 ms]
   [Eden: 16.0M(16.0M)->0.0B(228.0M) Survivors: 35.0M->5120.0K Heap: 629.2M(1024.0M)->552.2M(1024.0M)]
 [Times: user=0.30 sys=0.04, real=0.02 secs] 
4.472: [GC pause (G1 Humongous Allocation) (young) (initial-mark), 0.0029750 secs]
   [Parallel Time: 1.8 ms, GC Workers: 18]
      [GC Worker Start (ms): Min: 4472.3, Avg: 4472.4, Max: 4472.5, Diff: 0.2]
      [Ext Root Scanning (ms): Min: 0.1, Avg: 0.2, Max: 0.3, Diff: 0.2, Sum: 3.8]
      [Update RS (ms): Min: 0.1, Avg: 0.4, Max: 1.2, Diff: 1.1, Sum: 6.4]
         [Processed Buffers: Min: 1, Avg: 1.1, Max: 2, Diff: 1, Sum: 19]
      [Scan RS (ms): Min: 0.0, Avg: 0.0, Max: 0.0, Diff: 0.0, Sum: 0.1]
      [Code Root Scanning (ms): Min: 0.0, Avg: 0.0, Max: 0.0, Diff: 0.0, Sum: 0.0]
      [Object Copy (ms): Min: 0.0, Avg: 0.8, Max: 1.2, Diff: 1.2, Sum: 13.5]
      [Termination (ms): Min: 0.0, Avg: 0.2, Max: 0.4, Diff: 0.4, Sum: 3.7]
         [Termination Attempts: Min: 1, Avg: 1.1, Max: 2, Diff: 1, Sum: 19]
      [GC Worker Other (ms): Min: 0.0, Avg: 0.0, Max: 0.0, Diff: 0.0, Sum: 0.2]
      [GC Worker Total (ms): Min: 1.4, Avg: 1.5, Max: 1.7, Diff: 0.2, Sum: 27.8]
      [GC Worker End (ms): Min: 4473.9, Avg: 4473.9, Max: 4473.9, Diff: 0.0]
   [Code Root Fixup: 0.0 ms]
   [Code Root Purge: 0.0 ms]
   [Clear CT: 0.2 ms]
   [Other: 0.9 ms]
      [Choose CSet: 0.0 ms]
      [Ref Proc: 0.3 ms]
      [Ref Enq: 0.0 ms]
      [Redirty Cards: 0.2 ms]
      [Humongous Register: 0.2 ms]
      [Humongous Reclaim: 0.0 ms]
      [Free CSet: 0.0 ms]
   [Eden: 2048.0K(228.0M)->0.0B(226.0M) Survivors: 5120.0K->6144.0K Heap: 554.1M(1024.0M)->551.3M(1024.0M)]
 [Times: user=0.03 sys=0.00, real=0.00 secs] 
4.475: [GC concurrent-root-region-scan-start]
4.475: [GC concurrent-root-region-scan-end, 0.0001474 secs]
4.475: [GC concurrent-mark-start]
4.478: [GC concurrent-mark-end, 0.0025600 secs]
4.478: [GC remark 4.478: [Finalize Marking, 0.0002958 secs] 4.478: [GC ref-proc, 0.0004054 secs] 4.479: [Unloading, 0.0008797 secs], 0.0024079 secs]
 [Times: user=0.02 sys=0.00, real=0.00 secs] 
4.480: [GC cleanup 561M->557M(1024M), 0.0018315 secs]
 [Times: user=0.02 sys=0.01, real=0.00 secs] 
4.482: [GC concurrent-cleanup-start]
4.482: [GC concurrent-cleanup-end, 0.0000271 secs]
4.563: [GC pause (G1 Evacuation Pause) (young), 0.0320419 secs]
   [Parallel Time: 30.1 ms, GC Workers: 18]
      [GC Worker Start (ms): Min: 4564.0, Avg: 4564.2, Max: 4564.4, Diff: 0.4]
      [Ext Root Scanning (ms): Min: 0.0, Avg: 0.2, Max: 0.4, Diff: 0.4, Sum: 2.7]
      [Update RS (ms): Min: 6.7, Avg: 6.8, Max: 7.0, Diff: 0.3, Sum: 122.3]
         [Processed Buffers: Min: 17, Avg: 18.5, Max: 21, Diff: 4, Sum: 333]
      [Scan RS (ms): Min: 0.0, Avg: 0.1, Max: 0.3, Diff: 0.3, Sum: 1.5]
      [Code Root Scanning (ms): Min: 0.0, Avg: 0.0, Max: 0.0, Diff: 0.0, Sum: 0.0]
      [Object Copy (ms): Min: 21.4, Avg: 21.9, Max: 22.7, Diff: 1.3, Sum: 393.6]
      [Termination (ms): Min: 0.0, Avg: 0.8, Max: 1.3, Diff: 1.3, Sum: 13.9]
         [Termination Attempts: Min: 1, Avg: 1.0, Max: 1, Diff: 0, Sum: 18]
      [GC Worker Other (ms): Min: 0.0, Avg: 0.0, Max: 0.1, Diff: 0.0, Sum: 0.5]
      [GC Worker Total (ms): Min: 29.5, Avg: 29.7, Max: 29.9, Diff: 0.4, Sum: 534.5]
      [GC Worker End (ms): Min: 4593.9, Avg: 4593.9, Max: 4593.9, Diff: 0.0]
   [Code Root Fixup: 0.0 ms]
   [Code Root Purge: 0.0 ms]
   [Clear CT: 0.2 ms]
   [Other: 1.7 ms]
      [Choose CSet: 0.0 ms]
      [Ref Proc: 0.3 ms]
      [Ref Enq: 0.0 ms]
      [Redirty Cards: 0.3 ms]
      [Humongous Register: 0.3 ms]
      [Humongous Reclaim: 0.3 ms]
      [Free CSet: 0.3 ms]
   [Eden: 226.0M(226.0M)->0.0B(22.0M) Survivors: 6144.0K->29.0M Heap: 836.4M(1024.0M)->620.9M(1024.0M)]
 [Times: user=0.50 sys=0.03, real=0.03 secs] 
4.603: [GC pause (G1 Evacuation Pause) (mixed), 0.0182355 secs]
   [Parallel Time: 16.3 ms, GC Workers: 18]
      [GC Worker Start (ms): Min: 4603.9, Avg: 4604.2, Max: 4604.4, Diff: 0.5]
      [Ext Root Scanning (ms): Min: 0.0, Avg: 0.1, Max: 0.4, Diff: 0.4, Sum: 2.4]
      [Update RS (ms): Min: 0.9, Avg: 1.0, Max: 1.1, Diff: 0.3, Sum: 18.4]
         [Processed Buffers: Min: 3, Avg: 3.8, Max: 6, Diff: 3, Sum: 68]
      [Scan RS (ms): Min: 0.0, Avg: 0.1, Max: 0.2, Diff: 0.2, Sum: 0.9]
      [Code Root Scanning (ms): Min: 0.0, Avg: 0.0, Max: 0.0, Diff: 0.0, Sum: 0.0]
      [Object Copy (ms): Min: 13.9, Avg: 14.3, Max: 14.6, Diff: 0.7, Sum: 257.5]
      [Termination (ms): Min: 0.0, Avg: 0.3, Max: 0.6, Diff: 0.6, Sum: 5.3]
         [Termination Attempts: Min: 1, Avg: 1.0, Max: 1, Diff: 0, Sum: 18]
      [GC Worker Other (ms): Min: 0.0, Avg: 0.0, Max: 0.0, Diff: 0.0, Sum: 0.3]
      [GC Worker Total (ms): Min: 15.6, Avg: 15.8, Max: 16.1, Diff: 0.5, Sum: 284.8]
      [GC Worker End (ms): Min: 4620.0, Avg: 4620.0, Max: 4620.0, Diff: 0.0]
   [Code Root Fixup: 0.0 ms]
   [Code Root Purge: 0.0 ms]
   [Clear CT: 0.3 ms]
   [Other: 1.7 ms]
      [Choose CSet: 0.1 ms]
      [Ref Proc: 0.3 ms]
      [Ref Enq: 0.0 ms]
      [Redirty Cards: 0.3 ms]
      [Humongous Register: 0.4 ms]
      [Humongous Reclaim: 0.1 ms]
      [Free CSet: 0.4 ms]
   [Eden: 22.0M(22.0M)->0.0B(45.0M) Survivors: 29.0M->6144.0K Heap: 649.2M(1024.0M)->546.0M(1024.0M)]
 [Times: user=0.27 sys=0.02, real=0.02 secs] 
4.639: [GC pause (G1 Evacuation Pause) (mixed), 0.0166920 secs]
   [Parallel Time: 15.1 ms, GC Workers: 18]
      [GC Worker Start (ms): Min: 4639.2, Avg: 4639.3, Max: 4639.5, Diff: 0.4]
      [Ext Root Scanning (ms): Min: 0.0, Avg: 0.2, Max: 0.4, Diff: 0.4, Sum: 3.0]
      [Update RS (ms): Min: 2.4, Avg: 2.5, Max: 2.7, Diff: 0.3, Sum: 45.8]
         [Processed Buffers: Min: 7, Avg: 8.3, Max: 10, Diff: 3, Sum: 150]
      [Scan RS (ms): Min: 0.0, Avg: 0.1, Max: 0.2, Diff: 0.2, Sum: 1.1]
      [Code Root Scanning (ms): Min: 0.0, Avg: 0.0, Max: 0.0, Diff: 0.0, Sum: 0.0]
      [Object Copy (ms): Min: 11.4, Avg: 11.7, Max: 12.0, Diff: 0.5, Sum: 210.7]
      [Termination (ms): Min: 0.0, Avg: 0.2, Max: 0.5, Diff: 0.5, Sum: 4.2]
         [Termination Attempts: Min: 1, Avg: 1.1, Max: 3, Diff: 2, Sum: 20]
      [GC Worker Other (ms): Min: 0.0, Avg: 0.0, Max: 0.0, Diff: 0.0, Sum: 0.3]
      [GC Worker Total (ms): Min: 14.5, Avg: 14.7, Max: 14.9, Diff: 0.4, Sum: 265.2]
      [GC Worker End (ms): Min: 4654.1, Avg: 4654.1, Max: 4654.1, Diff: 0.0]
   [Code Root Fixup: 0.0 ms]
   [Code Root Purge: 0.0 ms]
   [Clear CT: 0.2 ms]
   [Other: 1.3 ms]
      [Choose CSet: 0.1 ms]
      [Ref Proc: 0.2 ms]
      [Ref Enq: 0.0 ms]
      [Redirty Cards: 0.3 ms]
      [Humongous Register: 0.2 ms]
      [Humongous Reclaim: 0.1 ms]
      [Free CSet: 0.3 ms]
   [Eden: 45.0M(45.0M)->0.0B(252.0M) Survivors: 6144.0K->7168.0K Heap: 607.8M(1024.0M)->517.3M(1024.0M)]
 [Times: user=0.25 sys=0.01, real=0.01 secs] 
4.660: [GC pause (G1 Humongous Allocation) (young) (initial-mark), 0.0055457 secs]
   [Parallel Time: 4.3 ms, GC Workers: 18]
      [GC Worker Start (ms): Min: 4660.2, Avg: 4660.3, Max: 4660.5, Diff: 0.3]
      [Ext Root Scanning (ms): Min: 0.0, Avg: 0.2, Max: 0.3, Diff: 0.3, Sum: 3.3]
      [Update RS (ms): Min: 0.1, Avg: 0.5, Max: 1.8, Diff: 1.7, Sum: 8.4]
         [Processed Buffers: Min: 0, Avg: 1.1, Max: 2, Diff: 2, Sum: 19]
      [Scan RS (ms): Min: 0.0, Avg: 0.0, Max: 0.0, Diff: 0.0, Sum: 0.3]
      [Code Root Scanning (ms): Min: 0.0, Avg: 0.0, Max: 0.0, Diff: 0.0, Sum: 0.0]
      [Object Copy (ms): Min: 1.6, Avg: 2.9, Max: 3.5, Diff: 1.8, Sum: 52.9]
      [Termination (ms): Min: 0.0, Avg: 0.3, Max: 0.5, Diff: 0.5, Sum: 4.7]
         [Termination Attempts: Min: 1, Avg: 1.0, Max: 1, Diff: 0, Sum: 18]
      [GC Worker Other (ms): Min: 0.0, Avg: 0.0, Max: 0.0, Diff: 0.0, Sum: 0.3]
      [GC Worker Total (ms): Min: 3.7, Avg: 3.9, Max: 4.1, Diff: 0.3, Sum: 69.9]
      [GC Worker End (ms): Min: 4664.2, Avg: 4664.2, Max: 4664.2, Diff: 0.0]
   [Code Root Fixup: 0.0 ms]
   [Code Root Purge: 0.0 ms]
   [Clear CT: 0.2 ms]
   [Other: 1.0 ms]
      [Choose CSet: 0.0 ms]
      [Ref Proc: 0.3 ms]
      [Ref Enq: 0.0 ms]
      [Redirty Cards: 0.2 ms]
      [Humongous Register: 0.2 ms]
      [Humongous Reclaim: 0.0 ms]
      [Free CSet: 0.1 ms]
   [Eden: 14.0M(252.0M)->0.0B(237.0M) Survivors: 7168.0K->12.0M Heap: 531.3M(1024.0M)->522.0M(1024.0M)]
 [Times: user=0.07 sys=0.01, real=0.00 secs] 
4.665: [GC concurrent-root-region-scan-start]
4.666: [GC concurrent-root-region-scan-end, 0.0002037 secs]
4.666: [GC concurrent-mark-start]
4.668: [GC concurrent-mark-end, 0.0026170 secs]
4.668: [GC remark 4.668: [Finalize Marking, 0.0004753 secs] 4.669: [GC ref-proc, 0.0004010 secs] 4.669: [Unloading, 0.0009818 secs], 0.0026929 secs]
 [Times: user=0.03 sys=0.00, real=0.00 secs] 
4.671: [GC cleanup 530M->526M(1024M), 0.0017220 secs]
 [Times: user=0.01 sys=0.00, real=0.00 secs] 
4.673: [GC concurrent-cleanup-start]
4.673: [GC concurrent-cleanup-end, 0.0000332 secs]
4.761: [GC pause (G1 Evacuation Pause) (young), 0.0344462 secs]
   [Parallel Time: 32.6 ms, GC Workers: 18]
      [GC Worker Start (ms): Min: 4761.5, Avg: 4761.7, Max: 4761.9, Diff: 0.3]
      [Ext Root Scanning (ms): Min: 0.0, Avg: 0.2, Max: 0.4, Diff: 0.3, Sum: 3.1]
      [Update RS (ms): Min: 8.8, Avg: 9.1, Max: 9.3, Diff: 0.5, Sum: 164.1]
         [Processed Buffers: Min: 26, Avg: 28.6, Max: 32, Diff: 6, Sum: 514]
      [Scan RS (ms): Min: 0.0, Avg: 0.1, Max: 0.4, Diff: 0.4, Sum: 1.4]
      [Code Root Scanning (ms): Min: 0.0, Avg: 0.0, Max: 0.0, Diff: 0.0, Sum: 0.0]
      [Object Copy (ms): Min: 22.0, Avg: 22.5, Max: 23.0, Diff: 1.0, Sum: 404.5]
      [Termination (ms): Min: 0.0, Avg: 0.3, Max: 0.6, Diff: 0.6, Sum: 5.8]
         [Termination Attempts: Min: 1, Avg: 1.0, Max: 1, Diff: 0, Sum: 18]
      [GC Worker Other (ms): Min: 0.0, Avg: 0.0, Max: 0.1, Diff: 0.1, Sum: 0.7]
      [GC Worker Total (ms): Min: 32.0, Avg: 32.2, Max: 32.4, Diff: 0.3, Sum: 579.6]
      [GC Worker End (ms): Min: 4793.9, Avg: 4793.9, Max: 4794.0, Diff: 0.1]
   [Code Root Fixup: 0.0 ms]
   [Code Root Purge: 0.0 ms]
   [Clear CT: 0.3 ms]
   [Other: 1.6 ms]
      [Choose CSet: 0.0 ms]
      [Ref Proc: 0.3 ms]
      [Ref Enq: 0.0 ms]
      [Redirty Cards: 0.3 ms]
      [Humongous Register: 0.3 ms]
      [Humongous Reclaim: 0.3 ms]
      [Free CSet: 0.3 ms]
   [Eden: 237.0M(237.0M)->0.0B(19.0M) Survivors: 12.0M->32.0M Heap: 817.7M(1024.0M)->578.6M(1024.0M)]
 [Times: user=0.57 sys=0.01, real=0.03 secs] 
4.804: [GC pause (G1 Evacuation Pause) (mixed), 0.0210670 secs]
   [Parallel Time: 19.1 ms, GC Workers: 18]
      [GC Worker Start (ms): Min: 4804.0, Avg: 4804.2, Max: 4804.5, Diff: 0.5]
      [Ext Root Scanning (ms): Min: 0.0, Avg: 0.1, Max: 0.3, Diff: 0.3, Sum: 2.4]
      [Update RS (ms): Min: 1.0, Avg: 1.1, Max: 1.2, Diff: 0.3, Sum: 20.5]
         [Processed Buffers: Min: 3, Avg: 4.3, Max: 6, Diff: 3, Sum: 77]
      [Scan RS (ms): Min: 0.0, Avg: 0.1, Max: 0.2, Diff: 0.2, Sum: 1.4]
      [Code Root Scanning (ms): Min: 0.0, Avg: 0.0, Max: 0.0, Diff: 0.0, Sum: 0.0]
      [Object Copy (ms): Min: 16.8, Avg: 17.0, Max: 17.3, Diff: 0.4, Sum: 305.8]
      [Termination (ms): Min: 0.0, Avg: 0.3, Max: 0.4, Diff: 0.4, Sum: 5.2]
         [Termination Attempts: Min: 1, Avg: 1.1, Max: 2, Diff: 1, Sum: 20]
      [GC Worker Other (ms): Min: 0.0, Avg: 0.0, Max: 0.1, Diff: 0.1, Sum: 0.7]
      [GC Worker Total (ms): Min: 18.4, Avg: 18.7, Max: 18.9, Diff: 0.5, Sum: 336.0]
      [GC Worker End (ms): Min: 4822.9, Avg: 4822.9, Max: 4822.9, Diff: 0.1]
   [Code Root Fixup: 0.0 ms]
   [Code Root Purge: 0.0 ms]
   [Clear CT: 0.3 ms]
   [Other: 1.6 ms]
      [Choose CSet: 0.1 ms]
      [Ref Proc: 0.3 ms]
      [Ref Enq: 0.0 ms]
      [Redirty Cards: 0.3 ms]
      [Humongous Register: 0.3 ms]
      [Humongous Reclaim: 0.1 ms]
      [Free CSet: 0.4 ms]
   [Eden: 19.0M(19.0M)->0.0B(46.0M) Survivors: 32.0M->5120.0K Heap: 604.7M(1024.0M)->509.5M(1024.0M)]
 [Times: user=0.31 sys=0.02, real=0.02 secs] 
4.840: [GC pause (G1 Evacuation Pause) (mixed), 0.0128768 secs]
   [Parallel Time: 11.4 ms, GC Workers: 18]
      [GC Worker Start (ms): Min: 4840.8, Avg: 4841.0, Max: 4841.1, Diff: 0.3]
      [Ext Root Scanning (ms): Min: 0.0, Avg: 0.2, Max: 0.3, Diff: 0.3, Sum: 3.0]
      [Update RS (ms): Min: 1.9, Avg: 2.1, Max: 2.2, Diff: 0.3, Sum: 36.9]
         [Processed Buffers: Min: 6, Avg: 6.6, Max: 8, Diff: 2, Sum: 119]
      [Scan RS (ms): Min: 0.0, Avg: 0.0, Max: 0.3, Diff: 0.3, Sum: 0.8]
      [Code Root Scanning (ms): Min: 0.0, Avg: 0.0, Max: 0.0, Diff: 0.0, Sum: 0.0]
      [Object Copy (ms): Min: 8.2, Avg: 8.6, Max: 8.8, Diff: 0.6, Sum: 154.0]
      [Termination (ms): Min: 0.0, Avg: 0.2, Max: 0.4, Diff: 0.4, Sum: 3.1]
         [Termination Attempts: Min: 1, Avg: 1.0, Max: 1, Diff: 0, Sum: 18]
      [GC Worker Other (ms): Min: 0.0, Avg: 0.0, Max: 0.0, Diff: 0.0, Sum: 0.3]
      [GC Worker Total (ms): Min: 10.9, Avg: 11.0, Max: 11.2, Diff: 0.3, Sum: 198.2]
      [GC Worker End (ms): Min: 4852.0, Avg: 4852.0, Max: 4852.0, Diff: 0.0]
   [Code Root Fixup: 0.0 ms]
   [Code Root Purge: 0.0 ms]
   [Clear CT: 0.2 ms]
   [Other: 1.2 ms]
      [Choose CSet: 0.0 ms]
      [Ref Proc: 0.2 ms]
      [Ref Enq: 0.0 ms]
      [Redirty Cards: 0.3 ms]
      [Humongous Register: 0.2 ms]
      [Humongous Reclaim: 0.1 ms]
      [Free CSet: 0.2 ms]
   [Eden: 46.0M(46.0M)->0.0B(258.0M) Survivors: 5120.0K->7168.0K Heap: 568.0M(1024.0M)->502.2M(1024.0M)]
 [Times: user=0.19 sys=0.00, real=0.01 secs] 
4.854: [GC pause (G1 Humongous Allocation) (young) (initial-mark), 0.0033658 secs]
   [Parallel Time: 2.3 ms, GC Workers: 18]
      [GC Worker Start (ms): Min: 4854.0, Avg: 4854.2, Max: 4854.3, Diff: 0.3]
      [Ext Root Scanning (ms): Min: 0.0, Avg: 0.2, Max: 0.4, Diff: 0.3, Sum: 3.2]
      [Update RS (ms): Min: 0.0, Avg: 0.3, Max: 0.9, Diff: 0.9, Sum: 6.1]
         [Processed Buffers: Min: 0, Avg: 0.9, Max: 2, Diff: 2, Sum: 17]
      [Scan RS (ms): Min: 0.0, Avg: 0.0, Max: 0.0, Diff: 0.0, Sum: 0.1]
      [Code Root Scanning (ms): Min: 0.0, Avg: 0.0, Max: 0.0, Diff: 0.0, Sum: 0.0]
      [Object Copy (ms): Min: 0.1, Avg: 1.1, Max: 1.6, Diff: 1.5, Sum: 19.4]
      [Termination (ms): Min: 0.0, Avg: 0.3, Max: 0.7, Diff: 0.7, Sum: 5.1]
         [Termination Attempts: Min: 1, Avg: 1.1, Max: 2, Diff: 1, Sum: 19]
      [GC Worker Other (ms): Min: 0.0, Avg: 0.0, Max: 0.0, Diff: 0.0, Sum: 0.2]
      [GC Worker Total (ms): Min: 1.7, Avg: 1.9, Max: 2.1, Diff: 0.3, Sum: 34.2]
      [GC Worker End (ms): Min: 4856.1, Avg: 4856.1, Max: 4856.1, Diff: 0.0]
   [Code Root Fixup: 0.0 ms]
   [Code Root Purge: 0.0 ms]
   [Clear CT: 0.2 ms]
   [Other: 0.9 ms]
      [Choose CSet: 0.0 ms]
      [Ref Proc: 0.2 ms]
      [Ref Enq: 0.0 ms]
      [Redirty Cards: 0.2 ms]
      [Humongous Register: 0.2 ms]
      [Humongous Reclaim: 0.0 ms]
      [Free CSet: 0.0 ms]
   [Eden: 1024.0K(258.0M)->0.0B(265.0M) Survivors: 7168.0K->8192.0K Heap: 502.8M(1024.0M)->502.9M(1024.0M)]
 [Times: user=0.04 sys=0.00, real=0.00 secs] 
4.857: [GC concurrent-root-region-scan-start]
4.857: [GC concurrent-root-region-scan-end, 0.0001627 secs]
4.857: [GC concurrent-mark-start]
4.860: [GC concurrent-mark-end, 0.0026803 secs]
4.860: [GC remark 4.860: [Finalize Marking, 0.0003930 secs] 4.861: [GC ref-proc, 0.0004176 secs] 4.861: [Unloading, 0.0009018 secs], 0.0025362 secs]
 [Times: user=0.02 sys=0.00, real=0.00 secs] 
4.863: [GC cleanup 512M->511M(1024M), 0.0018213 secs]
 [Times: user=0.01 sys=0.00, real=0.00 secs] 
4.865: [GC concurrent-cleanup-start]
4.865: [GC concurrent-cleanup-end, 0.0000197 secs]
4.965: [GC pause (G1 Evacuation Pause) (young) (to-space exhausted), 0.0296835 secs]
   [Parallel Time: 27.4 ms, GC Workers: 18]
      [GC Worker Start (ms): Min: 4965.0, Avg: 4965.1, Max: 4965.3, Diff: 0.3]
      [Ext Root Scanning (ms): Min: 0.1, Avg: 0.2, Max: 0.3, Diff: 0.3, Sum: 3.6]
      [Update RS (ms): Min: 6.7, Avg: 6.8, Max: 6.8, Diff: 0.2, Sum: 121.8]
         [Processed Buffers: Min: 19, Avg: 21.1, Max: 24, Diff: 5, Sum: 380]
      [Scan RS (ms): Min: 0.0, Avg: 0.1, Max: 0.1, Diff: 0.1, Sum: 1.2]
      [Code Root Scanning (ms): Min: 0.0, Avg: 0.0, Max: 0.0, Diff: 0.0, Sum: 0.0]
      [Object Copy (ms): Min: 19.8, Avg: 19.9, Max: 20.0, Diff: 0.2, Sum: 357.7]
      [Termination (ms): Min: 0.0, Avg: 0.1, Max: 0.2, Diff: 0.2, Sum: 2.3]
         [Termination Attempts: Min: 1, Avg: 1.1, Max: 2, Diff: 1, Sum: 19]
      [GC Worker Other (ms): Min: 0.0, Avg: 0.0, Max: 0.1, Diff: 0.1, Sum: 0.8]
      [GC Worker Total (ms): Min: 26.9, Avg: 27.1, Max: 27.2, Diff: 0.3, Sum: 487.4]
      [GC Worker End (ms): Min: 4992.2, Avg: 4992.2, Max: 4992.3, Diff: 0.1]
   [Code Root Fixup: 0.0 ms]
   [Code Root Purge: 0.0 ms]
   [Clear CT: 0.3 ms]
   [Other: 2.0 ms]
      [Evacuation Failure: 0.5 ms]
      [Choose CSet: 0.0 ms]
      [Ref Proc: 0.3 ms]
      [Ref Enq: 0.0 ms]
      [Redirty Cards: 0.2 ms]
      [Humongous Register: 0.4 ms]
      [Humongous Reclaim: 0.3 ms]
      [Free CSet: 0.3 ms]
   [Eden: 265.0M(265.0M)->0.0B(16.0M) Survivors: 8192.0K->35.0M Heap: 845.3M(1024.0M)->642.5M(1024.0M)]
 [Times: user=0.46 sys=0.01, real=0.03 secs] 
4.999: [GC pause (G1 Evacuation Pause) (mixed), 0.0205439 secs]
   [Parallel Time: 18.8 ms, GC Workers: 18]
      [GC Worker Start (ms): Min: 4999.7, Avg: 4999.9, Max: 5000.1, Diff: 0.4]
      [Ext Root Scanning (ms): Min: 0.0, Avg: 0.2, Max: 0.4, Diff: 0.4, Sum: 3.1]
      [Update RS (ms): Min: 0.3, Avg: 0.4, Max: 0.5, Diff: 0.2, Sum: 6.7]
         [Processed Buffers: Min: 1, Avg: 2.5, Max: 5, Diff: 4, Sum: 45]
      [Scan RS (ms): Min: 0.0, Avg: 0.1, Max: 0.2, Diff: 0.2, Sum: 1.8]
      [Code Root Scanning (ms): Min: 0.0, Avg: 0.0, Max: 0.1, Diff: 0.1, Sum: 0.1]
      [Object Copy (ms): Min: 17.1, Avg: 17.4, Max: 17.6, Diff: 0.5, Sum: 313.1]
      [Termination (ms): Min: 0.0, Avg: 0.4, Max: 0.6, Diff: 0.6, Sum: 6.9]
         [Termination Attempts: Min: 1, Avg: 1.0, Max: 1, Diff: 0, Sum: 18]
      [GC Worker Other (ms): Min: 0.0, Avg: 0.0, Max: 0.0, Diff: 0.0, Sum: 0.3]
      [GC Worker Total (ms): Min: 18.3, Avg: 18.4, Max: 18.7, Diff: 0.4, Sum: 332.0]
      [GC Worker End (ms): Min: 5018.3, Avg: 5018.3, Max: 5018.4, Diff: 0.0]
   [Code Root Fixup: 0.0 ms]
   [Code Root Purge: 0.0 ms]
   [Clear CT: 0.2 ms]
   [Other: 1.4 ms]
      [Choose CSet: 0.1 ms]
      [Ref Proc: 0.3 ms]
      [Ref Enq: 0.0 ms]
      [Redirty Cards: 0.3 ms]
      [Humongous Register: 0.2 ms]
      [Humongous Reclaim: 0.1 ms]
      [Free CSet: 0.3 ms]
   [Eden: 16.0M(16.0M)->0.0B(45.0M) Survivors: 35.0M->6144.0K Heap: 661.0M(1024.0M)->572.4M(1024.0M)]
 [Times: user=0.32 sys=0.02, real=0.02 secs] 
5.035: [GC pause (G1 Evacuation Pause) (mixed), 0.0113624 secs]
   [Parallel Time: 10.0 ms, GC Workers: 18]
      [GC Worker Start (ms): Min: 5035.3, Avg: 5035.5, Max: 5035.8, Diff: 0.4]
      [Ext Root Scanning (ms): Min: 0.0, Avg: 0.2, Max: 0.3, Diff: 0.3, Sum: 2.8]
      [Update RS (ms): Min: 1.7, Avg: 1.9, Max: 2.1, Diff: 0.4, Sum: 34.2]
         [Processed Buffers: Min: 5, Avg: 6.1, Max: 8, Diff: 3, Sum: 109]
      [Scan RS (ms): Min: 0.0, Avg: 0.0, Max: 0.1, Diff: 0.1, Sum: 0.4]
      [Code Root Scanning (ms): Min: 0.0, Avg: 0.0, Max: 0.0, Diff: 0.0, Sum: 0.0]
      [Object Copy (ms): Min: 6.8, Avg: 7.2, Max: 7.6, Diff: 0.8, Sum: 129.3]
      [Termination (ms): Min: 0.0, Avg: 0.3, Max: 0.9, Diff: 0.9, Sum: 6.1]
         [Termination Attempts: Min: 1, Avg: 1.0, Max: 1, Diff: 0, Sum: 18]
      [GC Worker Other (ms): Min: 0.0, Avg: 0.0, Max: 0.1, Diff: 0.1, Sum: 0.4]
      [GC Worker Total (ms): Min: 9.4, Avg: 9.6, Max: 9.8, Diff: 0.4, Sum: 173.3]
      [GC Worker End (ms): Min: 5045.2, Avg: 5045.2, Max: 5045.2, Diff: 0.0]
   [Code Root Fixup: 0.0 ms]
   [Code Root Purge: 0.0 ms]
   [Clear CT: 0.2 ms]
   [Other: 1.1 ms]
      [Choose CSet: 0.0 ms]
      [Ref Proc: 0.3 ms]
      [Ref Enq: 0.0 ms]
      [Redirty Cards: 0.3 ms]
      [Humongous Register: 0.1 ms]
      [Humongous Reclaim: 0.1 ms]
      [Free CSet: 0.1 ms]
   [Eden: 45.0M(45.0M)->0.0B(204.0M) Survivors: 6144.0K->7168.0K Heap: 628.5M(1024.0M)->582.6M(1024.0M)]
 [Times: user=0.17 sys=0.00, real=0.01 secs] 
5.048: [GC pause (G1 Humongous Allocation) (young) (initial-mark), 0.0037575 secs]
   [Parallel Time: 2.6 ms, GC Workers: 18]
      [GC Worker Start (ms): Min: 5047.9, Avg: 5048.1, Max: 5048.2, Diff: 0.3]
      [Ext Root Scanning (ms): Min: 0.0, Avg: 0.2, Max: 0.3, Diff: 0.3, Sum: 2.8]
      [Update RS (ms): Min: 0.0, Avg: 0.3, Max: 0.8, Diff: 0.7, Sum: 5.1]
         [Processed Buffers: Min: 0, Avg: 0.8, Max: 1, Diff: 1, Sum: 15]
      [Scan RS (ms): Min: 0.0, Avg: 0.0, Max: 0.0, Diff: 0.0, Sum: 0.1]
      [Code Root Scanning (ms): Min: 0.0, Avg: 0.0, Max: 0.0, Diff: 0.0, Sum: 0.0]
      [Object Copy (ms): Min: 0.8, Avg: 1.5, Max: 1.9, Diff: 1.0, Sum: 27.3]
      [Termination (ms): Min: 0.0, Avg: 0.2, Max: 0.4, Diff: 0.4, Sum: 3.2]
         [Termination Attempts: Min: 1, Avg: 1.0, Max: 1, Diff: 0, Sum: 18]
      [GC Worker Other (ms): Min: 0.0, Avg: 0.0, Max: 0.0, Diff: 0.0, Sum: 0.3]
      [GC Worker Total (ms): Min: 2.0, Avg: 2.2, Max: 2.3, Diff: 0.3, Sum: 38.9]
      [GC Worker End (ms): Min: 5050.3, Avg: 5050.3, Max: 5050.3, Diff: 0.0]
   [Code Root Fixup: 0.0 ms]
   [Code Root Purge: 0.0 ms]
   [Clear CT: 0.2 ms]
   [Other: 1.0 ms]
      [Choose CSet: 0.0 ms]
      [Ref Proc: 0.3 ms]
      [Ref Enq: 0.0 ms]
      [Redirty Cards: 0.2 ms]
      [Humongous Register: 0.2 ms]
      [Humongous Reclaim: 0.0 ms]
      [Free CSet: 0.0 ms]
   [Eden: 2048.0K(204.0M)->0.0B(212.0M) Survivors: 7168.0K->8192.0K Heap: 584.4M(1024.0M)->582.9M(1024.0M)]
 [Times: user=0.04 sys=0.00, real=0.01 secs] 
5.051: [GC concurrent-root-region-scan-start]
5.052: [GC concurrent-root-region-scan-end, 0.0001838 secs]
5.052: [GC concurrent-mark-start]
5.054: [GC concurrent-mark-end, 0.0022927 secs]
5.054: [GC remark 5.054: [Finalize Marking, 0.0003990 secs] 5.055: [GC ref-proc, 0.0004153 secs] 5.055: [Unloading, 0.0010001 secs], 0.0026902 secs]
 [Times: user=0.01 sys=0.01, real=0.00 secs] 
5.057: [GC cleanup 592M->588M(1024M), 0.0017308 secs]
 [Times: user=0.02 sys=0.00, real=0.01 secs] 
5.059: [GC concurrent-cleanup-start]
5.059: [GC concurrent-cleanup-end, 0.0000310 secs]
5.138: [GC pause (G1 Evacuation Pause) (young) (to-space exhausted), 0.0309032 secs]
   [Parallel Time: 28.8 ms, GC Workers: 18]
      [GC Worker Start (ms): Min: 5138.4, Avg: 5138.7, Max: 5139.0, Diff: 0.5]
      [Ext Root Scanning (ms): Min: 0.0, Avg: 0.1, Max: 0.4, Diff: 0.4, Sum: 2.4]
      [Update RS (ms): Min: 9.4, Avg: 9.6, Max: 9.8, Diff: 0.4, Sum: 173.4]
         [Processed Buffers: Min: 28, Avg: 30.1, Max: 35, Diff: 7, Sum: 542]
      [Scan RS (ms): Min: 0.0, Avg: 0.0, Max: 0.1, Diff: 0.1, Sum: 0.8]
      [Code Root Scanning (ms): Min: 0.0, Avg: 0.0, Max: 0.0, Diff: 0.0, Sum: 0.0]
      [Object Copy (ms): Min: 18.3, Avg: 18.4, Max: 18.6, Diff: 0.4, Sum: 331.8]
      [Termination (ms): Min: 0.0, Avg: 0.1, Max: 0.1, Diff: 0.1, Sum: 1.6]
         [Termination Attempts: Min: 1, Avg: 1.0, Max: 1, Diff: 0, Sum: 18]
      [GC Worker Other (ms): Min: 0.0, Avg: 0.0, Max: 0.1, Diff: 0.1, Sum: 0.6]
      [GC Worker Total (ms): Min: 28.1, Avg: 28.4, Max: 28.6, Diff: 0.5, Sum: 510.6]
      [GC Worker End (ms): Min: 5167.1, Avg: 5167.1, Max: 5167.1, Diff: 0.0]
   [Code Root Fixup: 0.0 ms]
   [Code Root Purge: 0.0 ms]
   [Clear CT: 0.3 ms]
   [Other: 1.8 ms]
      [Evacuation Failure: 0.3 ms]
      [Choose CSet: 0.0 ms]
      [Ref Proc: 0.3 ms]
      [Ref Enq: 0.0 ms]
      [Redirty Cards: 0.2 ms]
      [Humongous Register: 0.3 ms]
      [Humongous Reclaim: 0.3 ms]
      [Free CSet: 0.3 ms]
   [Eden: 212.0M(212.0M)->0.0B(23.0M) Survivors: 8192.0K->28.0M Heap: 857.1M(1024.0M)->657.0M(1024.0M)]
 [Times: user=0.49 sys=0.01, real=0.03 secs] 
5.178: [GC pause (G1 Evacuation Pause) (mixed), 0.0162305 secs]
   [Parallel Time: 14.4 ms, GC Workers: 18]
      [GC Worker Start (ms): Min: 5178.5, Avg: 5178.7, Max: 5179.0, Diff: 0.5]
      [Ext Root Scanning (ms): Min: 0.0, Avg: 0.2, Max: 0.4, Diff: 0.4, Sum: 3.1]
      [Update RS (ms): Min: 0.8, Avg: 0.9, Max: 1.0, Diff: 0.2, Sum: 16.1]
         [Processed Buffers: Min: 3, Avg: 4.1, Max: 9, Diff: 6, Sum: 73]
      [Scan RS (ms): Min: 0.0, Avg: 0.1, Max: 0.1, Diff: 0.1, Sum: 1.0]
      [Code Root Scanning (ms): Min: 0.0, Avg: 0.0, Max: 0.0, Diff: 0.0, Sum: 0.0]
      [Object Copy (ms): Min: 12.0, Avg: 12.3, Max: 12.8, Diff: 0.8, Sum: 220.7]
      [Termination (ms): Min: 0.0, Avg: 0.5, Max: 0.8, Diff: 0.8, Sum: 9.6]
         [Termination Attempts: Min: 1, Avg: 1.0, Max: 1, Diff: 0, Sum: 18]
      [GC Worker Other (ms): Min: 0.0, Avg: 0.0, Max: 0.0, Diff: 0.0, Sum: 0.3]
      [GC Worker Total (ms): Min: 13.7, Avg: 13.9, Max: 14.2, Diff: 0.4, Sum: 250.9]
      [GC Worker End (ms): Min: 5192.7, Avg: 5192.7, Max: 5192.7, Diff: 0.0]
   [Code Root Fixup: 0.0 ms]
   [Code Root Purge: 0.0 ms]
   [Clear CT: 0.2 ms]
   [Other: 1.5 ms]
      [Choose CSet: 0.1 ms]
      [Ref Proc: 0.3 ms]
      [Ref Enq: 0.0 ms]
      [Redirty Cards: 0.3 ms]
      [Humongous Register: 0.3 ms]
      [Humongous Reclaim: 0.1 ms]
      [Free CSet: 0.3 ms]
   [Eden: 23.0M(23.0M)->0.0B(45.0M) Survivors: 28.0M->6144.0K Heap: 685.2M(1024.0M)->569.8M(1024.0M)]
 [Times: user=0.23 sys=0.02, real=0.01 secs] 
5.212: [GC pause (G1 Evacuation Pause) (mixed), 0.0207960 secs]
   [Parallel Time: 19.0 ms, GC Workers: 18]
      [GC Worker Start (ms): Min: 5212.9, Avg: 5213.1, Max: 5213.4, Diff: 0.5]
      [Ext Root Scanning (ms): Min: 0.0, Avg: 0.2, Max: 0.4, Diff: 0.4, Sum: 2.8]
      [Update RS (ms): Min: 2.6, Avg: 2.8, Max: 3.0, Diff: 0.4, Sum: 50.9]
         [Processed Buffers: Min: 8, Avg: 9.0, Max: 11, Diff: 3, Sum: 162]
      [Scan RS (ms): Min: 0.0, Avg: 0.1, Max: 0.2, Diff: 0.1, Sum: 1.1]
      [Code Root Scanning (ms): Min: 0.0, Avg: 0.0, Max: 0.0, Diff: 0.0, Sum: 0.0]
      [Object Copy (ms): Min: 14.7, Avg: 15.0, Max: 15.5, Diff: 0.8, Sum: 270.8]
      [Termination (ms): Min: 0.0, Avg: 0.4, Max: 0.6, Diff: 0.6, Sum: 6.4]
         [Termination Attempts: Min: 1, Avg: 1.0, Max: 1, Diff: 0, Sum: 18]
      [GC Worker Other (ms): Min: 0.0, Avg: 0.0, Max: 0.1, Diff: 0.0, Sum: 0.4]
      [GC Worker Total (ms): Min: 18.2, Avg: 18.5, Max: 18.7, Diff: 0.5, Sum: 332.6]
      [GC Worker End (ms): Min: 5231.6, Avg: 5231.6, Max: 5231.6, Diff: 0.0]
   [Code Root Fixup: 0.0 ms]
   [Code Root Purge: 0.0 ms]
   [Clear CT: 0.3 ms]
   [Other: 1.5 ms]
      [Choose CSet: 0.1 ms]
      [Ref Proc: 0.3 ms]
      [Ref Enq: 0.0 ms]
      [Redirty Cards: 0.3 ms]
      [Humongous Register: 0.2 ms]
      [Humongous Reclaim: 0.1 ms]
      [Free CSet: 0.3 ms]
   [Eden: 45.0M(45.0M)->0.0B(256.0M) Survivors: 6144.0K->7168.0K Heap: 632.6M(1024.0M)->525.3M(1024.0M)]
 [Times: user=0.30 sys=0.02, real=0.02 secs] 
5.234: [GC pause (G1 Humongous Allocation) (young) (initial-mark), 0.0037214 secs]
   [Parallel Time: 2.6 ms, GC Workers: 18]
      [GC Worker Start (ms): Min: 5234.6, Avg: 5234.7, Max: 5234.9, Diff: 0.3]
      [Ext Root Scanning (ms): Min: 0.1, Avg: 0.2, Max: 0.4, Diff: 0.3, Sum: 3.6]
      [Update RS (ms): Min: 0.0, Avg: 0.4, Max: 1.7, Diff: 1.7, Sum: 7.5]
         [Processed Buffers: Min: 1, Avg: 1.1, Max: 2, Diff: 1, Sum: 19]
      [Scan RS (ms): Min: 0.0, Avg: 0.0, Max: 0.0, Diff: 0.0, Sum: 0.1]
      [Code Root Scanning (ms): Min: 0.0, Avg: 0.0, Max: 0.0, Diff: 0.0, Sum: 0.0]
      [Object Copy (ms): Min: 0.0, Avg: 1.2, Max: 1.8, Diff: 1.8, Sum: 20.7]
      [Termination (ms): Min: 0.1, Avg: 0.5, Max: 0.9, Diff: 0.8, Sum: 8.6]
         [Termination Attempts: Min: 1, Avg: 1.8, Max: 3, Diff: 2, Sum: 32]
      [GC Worker Other (ms): Min: 0.0, Avg: 0.0, Max: 0.0, Diff: 0.0, Sum: 0.3]
      [GC Worker Total (ms): Min: 2.1, Avg: 2.3, Max: 2.4, Diff: 0.3, Sum: 40.7]
      [GC Worker End (ms): Min: 5237.0, Avg: 5237.0, Max: 5237.0, Diff: 0.0]
   [Code Root Fixup: 0.0 ms]
   [Code Root Purge: 0.0 ms]
   [Clear CT: 0.2 ms]
   [Other: 0.9 ms]
      [Choose CSet: 0.0 ms]
      [Ref Proc: 0.3 ms]
      [Ref Enq: 0.0 ms]
      [Redirty Cards: 0.2 ms]
      [Humongous Register: 0.2 ms]
      [Humongous Reclaim: 0.0 ms]
      [Free CSet: 0.0 ms]
   [Eden: 3072.0K(256.0M)->0.0B(269.0M) Survivors: 7168.0K->8192.0K Heap: 527.9M(1024.0M)->525.4M(1024.0M)]
 [Times: user=0.05 sys=0.00, real=0.01 secs] 
5.238: [GC concurrent-root-region-scan-start]
5.238: [GC concurrent-root-region-scan-end, 0.0001307 secs]
5.238: [GC concurrent-mark-start]
5.241: [GC concurrent-mark-end, 0.0022817 secs]
5.241: [GC remark 5.241: [Finalize Marking, 0.0003841 secs] 5.241: [GC ref-proc, 0.0004005 secs] 5.241: [Unloading, 0.0009603 secs], 0.0025726 secs]
 [Times: user=0.02 sys=0.00, real=0.00 secs] 
5.243: [GC cleanup 535M->530M(1024M), 0.0018115 secs]
 [Times: user=0.02 sys=0.00, real=0.00 secs] 
5.245: [GC concurrent-cleanup-start]
5.245: [GC concurrent-cleanup-end, 0.0000354 secs]
5.345: [GC pause (G1 Evacuation Pause) (young) (to-space exhausted), 0.0278557 secs]
   [Parallel Time: 25.6 ms, GC Workers: 18]
      [GC Worker Start (ms): Min: 5345.9, Avg: 5346.1, Max: 5346.2, Diff: 0.4]
      [Ext Root Scanning (ms): Min: 0.0, Avg: 0.2, Max: 0.4, Diff: 0.4, Sum: 3.0]
      [Update RS (ms): Min: 9.9, Avg: 10.1, Max: 10.3, Diff: 0.4, Sum: 182.0]
         [Processed Buffers: Min: 29, Avg: 31.7, Max: 36, Diff: 7, Sum: 571]
      [Scan RS (ms): Min: 0.0, Avg: 0.1, Max: 0.2, Diff: 0.2, Sum: 1.6]
      [Code Root Scanning (ms): Min: 0.0, Avg: 0.0, Max: 0.0, Diff: 0.0, Sum: 0.0]
      [Object Copy (ms): Min: 14.4, Avg: 14.7, Max: 14.9, Diff: 0.5, Sum: 264.4]
      [Termination (ms): Min: 0.0, Avg: 0.1, Max: 0.1, Diff: 0.1, Sum: 1.3]
         [Termination Attempts: Min: 1, Avg: 1.0, Max: 1, Diff: 0, Sum: 18]
      [GC Worker Other (ms): Min: 0.0, Avg: 0.1, Max: 0.1, Diff: 0.1, Sum: 0.9]
      [GC Worker Total (ms): Min: 25.0, Avg: 25.2, Max: 25.4, Diff: 0.4, Sum: 453.2]
      [GC Worker End (ms): Min: 5371.2, Avg: 5371.2, Max: 5371.3, Diff: 0.1]
   [Code Root Fixup: 0.0 ms]
   [Code Root Purge: 0.0 ms]
   [Clear CT: 0.3 ms]
   [Other: 2.0 ms]
      [Evacuation Failure: 0.5 ms]
      [Choose CSet: 0.0 ms]
      [Ref Proc: 0.3 ms]
      [Ref Enq: 0.0 ms]
      [Redirty Cards: 0.2 ms]
      [Humongous Register: 0.3 ms]
      [Humongous Reclaim: 0.3 ms]
      [Free CSet: 0.3 ms]
   [Eden: 269.0M(269.0M)->0.0B(16.0M) Survivors: 8192.0K->35.0M Heap: 859.4M(1024.0M)->690.9M(1024.0M)]
 [Times: user=0.45 sys=0.01, real=0.03 secs] 
5.379: [GC pause (G1 Evacuation Pause) (mixed), 0.0211555 secs]
   [Parallel Time: 19.4 ms, GC Workers: 18]
      [GC Worker Start (ms): Min: 5379.1, Avg: 5379.3, Max: 5379.4, Diff: 0.2]
      [Ext Root Scanning (ms): Min: 0.1, Avg: 0.2, Max: 0.3, Diff: 0.2, Sum: 3.8]
      [Update RS (ms): Min: 0.5, Avg: 0.8, Max: 0.9, Diff: 0.4, Sum: 13.7]
         [Processed Buffers: Min: 2, Avg: 3.6, Max: 7, Diff: 5, Sum: 65]
      [Scan RS (ms): Min: 0.0, Avg: 0.1, Max: 0.2, Diff: 0.2, Sum: 1.2]
      [Code Root Scanning (ms): Min: 0.0, Avg: 0.0, Max: 0.0, Diff: 0.0, Sum: 0.0]
      [Object Copy (ms): Min: 17.4, Avg: 17.7, Max: 18.0, Diff: 0.5, Sum: 319.3]
      [Termination (ms): Min: 0.0, Avg: 0.3, Max: 0.4, Diff: 0.4, Sum: 4.8]
         [Termination Attempts: Min: 1, Avg: 1.3, Max: 3, Diff: 2, Sum: 23]
      [GC Worker Other (ms): Min: 0.0, Avg: 0.0, Max: 0.1, Diff: 0.1, Sum: 0.5]
      [GC Worker Total (ms): Min: 19.0, Avg: 19.1, Max: 19.2, Diff: 0.2, Sum: 343.3]
      [GC Worker End (ms): Min: 5398.3, Avg: 5398.3, Max: 5398.4, Diff: 0.0]
   [Code Root Fixup: 0.0 ms]
   [Code Root Purge: 0.0 ms]
   [Clear CT: 0.3 ms]
   [Other: 1.5 ms]
      [Choose CSet: 0.1 ms]
      [Ref Proc: 0.3 ms]
      [Ref Enq: 0.0 ms]
      [Redirty Cards: 0.3 ms]
      [Humongous Register: 0.2 ms]
      [Humongous Reclaim: 0.1 ms]
      [Free CSet: 0.4 ms]
   [Eden: 16.0M(16.0M)->0.0B(44.0M) Survivors: 35.0M->7168.0K Heap: 710.7M(1024.0M)->623.8M(1024.0M)]
 [Times: user=0.32 sys=0.02, real=0.02 secs] 
5.416: [GC pause (G1 Evacuation Pause) (mixed), 0.0134401 secs]
   [Parallel Time: 12.0 ms, GC Workers: 18]
      [GC Worker Start (ms): Min: 5416.0, Avg: 5416.2, Max: 5416.3, Diff: 0.3]
      [Ext Root Scanning (ms): Min: 0.1, Avg: 0.2, Max: 0.3, Diff: 0.3, Sum: 3.4]
      [Update RS (ms): Min: 1.7, Avg: 1.9, Max: 2.0, Diff: 0.3, Sum: 33.6]
         [Processed Buffers: Min: 6, Avg: 6.3, Max: 7, Diff: 1, Sum: 113]
      [Scan RS (ms): Min: 0.0, Avg: 0.0, Max: 0.2, Diff: 0.2, Sum: 0.5]
      [Code Root Scanning (ms): Min: 0.0, Avg: 0.0, Max: 0.0, Diff: 0.0, Sum: 0.0]
      [Object Copy (ms): Min: 8.8, Avg: 9.1, Max: 9.5, Diff: 0.6, Sum: 164.6]
      [Termination (ms): Min: 0.0, Avg: 0.3, Max: 0.6, Diff: 0.6, Sum: 5.3]
         [Termination Attempts: Min: 1, Avg: 1.0, Max: 1, Diff: 0, Sum: 18]
      [GC Worker Other (ms): Min: 0.0, Avg: 0.0, Max: 0.0, Diff: 0.0, Sum: 0.4]
      [GC Worker Total (ms): Min: 11.4, Avg: 11.5, Max: 11.7, Diff: 0.3, Sum: 207.8]
      [GC Worker End (ms): Min: 5427.7, Avg: 5427.7, Max: 5427.7, Diff: 0.0]
   [Code Root Fixup: 0.0 ms]
   [Code Root Purge: 0.0 ms]
   [Clear CT: 0.2 ms]
   [Other: 1.2 ms]
      [Choose CSet: 0.0 ms]
      [Ref Proc: 0.2 ms]
      [Ref Enq: 0.0 ms]
      [Redirty Cards: 0.3 ms]
      [Humongous Register: 0.3 ms]
      [Humongous Reclaim: 0.1 ms]
      [Free CSet: 0.2 ms]
   [Eden: 44.0M(44.0M)->0.0B(186.0M) Survivors: 7168.0K->7168.0K Heap: 679.5M(1024.0M)->622.6M(1024.0M)]
 [Times: user=0.21 sys=0.00, real=0.02 secs] 
5.434: [GC pause (G1 Humongous Allocation) (young) (initial-mark), 0.0050479 secs]
   [Parallel Time: 3.7 ms, GC Workers: 18]
      [GC Worker Start (ms): Min: 5434.4, Avg: 5434.6, Max: 5434.8, Diff: 0.4]
      [Ext Root Scanning (ms): Min: 0.0, Avg: 0.3, Max: 0.5, Diff: 0.5, Sum: 4.5]
      [Update RS (ms): Min: 0.0, Avg: 0.2, Max: 0.6, Diff: 0.6, Sum: 3.5]
         [Processed Buffers: Min: 0, Avg: 1.0, Max: 2, Diff: 2, Sum: 18]
      [Scan RS (ms): Min: 0.0, Avg: 0.0, Max: 0.0, Diff: 0.0, Sum: 0.2]
      [Code Root Scanning (ms): Min: 0.0, Avg: 0.0, Max: 0.0, Diff: 0.0, Sum: 0.0]
      [Object Copy (ms): Min: 1.9, Avg: 2.5, Max: 3.0, Diff: 1.1, Sum: 44.5]
      [Termination (ms): Min: 0.0, Avg: 0.4, Max: 0.8, Diff: 0.8, Sum: 7.3]
         [Termination Attempts: Min: 1, Avg: 1.2, Max: 2, Diff: 1, Sum: 21]
      [GC Worker Other (ms): Min: 0.0, Avg: 0.0, Max: 0.0, Diff: 0.0, Sum: 0.3]
      [GC Worker Total (ms): Min: 3.2, Avg: 3.3, Max: 3.6, Diff: 0.4, Sum: 60.2]
      [GC Worker End (ms): Min: 5437.9, Avg: 5438.0, Max: 5438.0, Diff: 0.0]
   [Code Root Fixup: 0.0 ms]
   [Code Root Purge: 0.0 ms]
   [Clear CT: 0.2 ms]
   [Other: 1.1 ms]
      [Choose CSet: 0.0 ms]
      [Ref Proc: 0.3 ms]
      [Ref Enq: 0.0 ms]
      [Redirty Cards: 0.2 ms]
      [Humongous Register: 0.2 ms]
      [Humongous Reclaim: 0.0 ms]
      [Free CSet: 0.1 ms]
   [Eden: 16.0M(186.0M)->0.0B(193.0M) Survivors: 7168.0K->11.0M Heap: 638.1M(1024.0M)->623.5M(1024.0M)]
 [Times: user=0.06 sys=0.00, real=0.01 secs] 
5.439: [GC concurrent-root-region-scan-start]
5.439: [GC concurrent-root-region-scan-end, 0.0002600 secs]
5.439: [GC concurrent-mark-start]
5.442: [GC concurrent-mark-end, 0.0023998 secs]
5.442: [GC remark 5.442: [Finalize Marking, 0.0003546 secs] 5.442: [GC ref-proc, 0.0004218 secs] 5.443: [Unloading, 0.0009600 secs], 0.0027354 secs]
 [Times: user=0.02 sys=0.01, real=0.00 secs] 
5.445: [GC cleanup 633M->622M(1024M), 0.0019786 secs]
 [Times: user=0.02 sys=0.00, real=0.00 secs] 
5.447: [GC concurrent-cleanup-start]
5.447: [GC concurrent-cleanup-end, 0.0000481 secs]
5.516: [GC pause (G1 Evacuation Pause) (young), 0.0361796 secs]
   [Parallel Time: 34.2 ms, GC Workers: 18]
      [GC Worker Start (ms): Min: 5516.1, Avg: 5516.3, Max: 5516.5, Diff: 0.4]
      [Ext Root Scanning (ms): Min: 0.0, Avg: 0.2, Max: 0.4, Diff: 0.4, Sum: 3.1]
      [Update RS (ms): Min: 5.6, Avg: 5.8, Max: 6.2, Diff: 0.6, Sum: 104.0]
         [Processed Buffers: Min: 18, Avg: 18.6, Max: 20, Diff: 2, Sum: 334]
      [Scan RS (ms): Min: 0.0, Avg: 0.0, Max: 0.2, Diff: 0.2, Sum: 0.8]
      [Code Root Scanning (ms): Min: 0.0, Avg: 0.0, Max: 0.0, Diff: 0.0, Sum: 0.0]
      [Object Copy (ms): Min: 18.8, Avg: 19.7, Max: 27.9, Diff: 9.0, Sum: 353.7]
      [Termination (ms): Min: 0.0, Avg: 8.1, Max: 8.8, Diff: 8.8, Sum: 145.8]
         [Termination Attempts: Min: 1, Avg: 1.0, Max: 1, Diff: 0, Sum: 18]
      [GC Worker Other (ms): Min: 0.0, Avg: 0.0, Max: 0.1, Diff: 0.0, Sum: 0.6]
      [GC Worker Total (ms): Min: 33.6, Avg: 33.8, Max: 34.0, Diff: 0.4, Sum: 608.1]
      [GC Worker End (ms): Min: 5550.1, Avg: 5550.1, Max: 5550.1, Diff: 0.1]
   [Code Root Fixup: 0.0 ms]
   [Code Root Purge: 0.0 ms]
   [Clear CT: 0.2 ms]
   [Other: 1.7 ms]
      [Choose CSet: 0.0 ms]
      [Ref Proc: 0.3 ms]
      [Ref Enq: 0.0 ms]
      [Redirty Cards: 0.3 ms]
      [Humongous Register: 0.3 ms]
      [Humongous Reclaim: 0.3 ms]
      [Free CSet: 0.3 ms]
   [Eden: 193.0M(193.0M)->0.0B(25.0M) Survivors: 11.0M->26.0M Heap: 845.5M(1024.0M)->665.0M(1024.0M)]
 [Times: user=0.56 sys=0.04, real=0.04 secs] 
5.565: [GC pause (G1 Evacuation Pause) (mixed), 0.0161750 secs]
   [Parallel Time: 14.3 ms, GC Workers: 18]
      [GC Worker Start (ms): Min: 5565.6, Avg: 5565.8, Max: 5566.1, Diff: 0.5]
      [Ext Root Scanning (ms): Min: 0.0, Avg: 0.2, Max: 0.4, Diff: 0.4, Sum: 2.8]
      [Update RS (ms): Min: 1.6, Avg: 1.7, Max: 1.8, Diff: 0.3, Sum: 31.2]
         [Processed Buffers: Min: 5, Avg: 6.0, Max: 8, Diff: 3, Sum: 108]
      [Scan RS (ms): Min: 0.0, Avg: 0.0, Max: 0.1, Diff: 0.1, Sum: 0.8]
      [Code Root Scanning (ms): Min: 0.0, Avg: 0.0, Max: 0.0, Diff: 0.0, Sum: 0.0]
      [Object Copy (ms): Min: 11.4, Avg: 11.7, Max: 11.8, Diff: 0.4, Sum: 210.0]
      [Termination (ms): Min: 0.0, Avg: 0.1, Max: 0.3, Diff: 0.3, Sum: 2.6]
         [Termination Attempts: Min: 1, Avg: 1.0, Max: 1, Diff: 0, Sum: 18]
      [GC Worker Other (ms): Min: 0.0, Avg: 0.0, Max: 0.0, Diff: 0.0, Sum: 0.3]
      [GC Worker Total (ms): Min: 13.5, Avg: 13.8, Max: 14.0, Diff: 0.5, Sum: 247.7]
      [GC Worker End (ms): Min: 5579.6, Avg: 5579.6, Max: 5579.6, Diff: 0.0]
   [Code Root Fixup: 0.0 ms]
   [Code Root Purge: 0.0 ms]
   [Clear CT: 0.2 ms]
   [Other: 1.6 ms]
      [Choose CSet: 0.1 ms]
      [Ref Proc: 0.3 ms]
      [Ref Enq: 0.0 ms]
      [Redirty Cards: 0.3 ms]
      [Humongous Register: 0.3 ms]
      [Humongous Reclaim: 0.1 ms]
      [Free CSet: 0.3 ms]
   [Eden: 25.0M(25.0M)->0.0B(44.0M) Survivors: 26.0M->7168.0K Heap: 701.3M(1024.0M)->581.0M(1024.0M)]
 [Times: user=0.19 sys=0.06, real=0.02 secs] 
5.600: [GC pause (G1 Evacuation Pause) (mixed), 0.0178965 secs]
   [Parallel Time: 16.2 ms, GC Workers: 18]
      [GC Worker Start (ms): Min: 5600.1, Avg: 5600.3, Max: 5600.4, Diff: 0.4]
      [Ext Root Scanning (ms): Min: 0.0, Avg: 0.2, Max: 0.4, Diff: 0.4, Sum: 2.8]
      [Update RS (ms): Min: 1.5, Avg: 1.7, Max: 1.8, Diff: 0.3, Sum: 30.1]
         [Processed Buffers: Min: 4, Avg: 5.5, Max: 8, Diff: 4, Sum: 99]
      [Scan RS (ms): Min: 0.0, Avg: 0.1, Max: 0.3, Diff: 0.3, Sum: 1.3]
      [Code Root Scanning (ms): Min: 0.0, Avg: 0.0, Max: 0.0, Diff: 0.0, Sum: 0.0]
      [Object Copy (ms): Min: 13.1, Avg: 13.6, Max: 14.0, Diff: 0.9, Sum: 243.9]
      [Termination (ms): Min: 0.0, Avg: 0.3, Max: 0.7, Diff: 0.7, Sum: 5.2]
         [Termination Attempts: Min: 1, Avg: 1.0, Max: 1, Diff: 0, Sum: 18]
      [GC Worker Other (ms): Min: 0.0, Avg: 0.0, Max: 0.0, Diff: 0.0, Sum: 0.3]
      [GC Worker Total (ms): Min: 15.6, Avg: 15.8, Max: 16.0, Diff: 0.4, Sum: 283.7]
      [GC Worker End (ms): Min: 5616.0, Avg: 5616.0, Max: 5616.1, Diff: 0.0]
   [Code Root Fixup: 0.0 ms]
   [Code Root Purge: 0.0 ms]
   [Clear CT: 0.2 ms]
   [Other: 1.4 ms]
      [Choose CSet: 0.1 ms]
      [Ref Proc: 0.3 ms]
      [Ref Enq: 0.0 ms]
      [Redirty Cards: 0.3 ms]
      [Humongous Register: 0.2 ms]
      [Humongous Reclaim: 0.1 ms]
      [Free CSet: 0.3 ms]
   [Eden: 44.0M(44.0M)->0.0B(44.0M) Survivors: 7168.0K->7168.0K Heap: 635.0M(1024.0M)->523.1M(1024.0M)]
 [Times: user=0.25 sys=0.03, real=0.01 secs] 
5.635: [GC pause (G1 Evacuation Pause) (mixed), 0.0156970 secs]
   [Parallel Time: 14.2 ms, GC Workers: 18]
      [GC Worker Start (ms): Min: 5635.9, Avg: 5636.0, Max: 5636.2, Diff: 0.4]
      [Ext Root Scanning (ms): Min: 0.0, Avg: 0.2, Max: 0.3, Diff: 0.3, Sum: 2.9]
      [Update RS (ms): Min: 1.9, Avg: 2.0, Max: 2.2, Diff: 0.3, Sum: 36.3]
         [Processed Buffers: Min: 5, Avg: 6.4, Max: 8, Diff: 3, Sum: 116]
      [Scan RS (ms): Min: 0.0, Avg: 0.0, Max: 0.2, Diff: 0.1, Sum: 0.8]
      [Code Root Scanning (ms): Min: 0.0, Avg: 0.0, Max: 0.0, Diff: 0.0, Sum: 0.0]
      [Object Copy (ms): Min: 10.9, Avg: 11.2, Max: 11.6, Diff: 0.6, Sum: 202.3]
      [Termination (ms): Min: 0.0, Avg: 0.2, Max: 0.5, Diff: 0.5, Sum: 4.1]
         [Termination Attempts: Min: 1, Avg: 1.1, Max: 2, Diff: 1, Sum: 20]
      [GC Worker Other (ms): Min: 0.0, Avg: 0.0, Max: 0.0, Diff: 0.0, Sum: 0.4]
      [GC Worker Total (ms): Min: 13.5, Avg: 13.7, Max: 13.9, Diff: 0.4, Sum: 246.8]
      [GC Worker End (ms): Min: 5649.7, Avg: 5649.8, Max: 5649.8, Diff: 0.0]
   [Code Root Fixup: 0.0 ms]
   [Code Root Purge: 0.0 ms]
   [Clear CT: 0.2 ms]
   [Other: 1.3 ms]
      [Choose CSet: 0.0 ms]
      [Ref Proc: 0.3 ms]
      [Ref Enq: 0.0 ms]
      [Redirty Cards: 0.3 ms]
      [Humongous Register: 0.2 ms]
      [Humongous Reclaim: 0.1 ms]
      [Free CSet: 0.2 ms]
   [Eden: 44.0M(44.0M)->0.0B(291.0M) Survivors: 7168.0K->7168.0K Heap: 579.2M(1024.0M)->506.5M(1024.0M)]
 [Times: user=0.19 sys=0.06, real=0.02 secs] 
5.652: [GC pause (G1 Humongous Allocation) (young) (initial-mark), 0.0035221 secs]
   [Parallel Time: 2.4 ms, GC Workers: 18]
      [GC Worker Start (ms): Min: 5651.9, Avg: 5652.1, Max: 5652.2, Diff: 0.3]
      [Ext Root Scanning (ms): Min: 0.1, Avg: 0.2, Max: 0.3, Diff: 0.3, Sum: 3.5]
      [Update RS (ms): Min: 0.1, Avg: 0.3, Max: 1.5, Diff: 1.4, Sum: 6.0]
         [Processed Buffers: Min: 0, Avg: 1.1, Max: 2, Diff: 2, Sum: 19]
      [Scan RS (ms): Min: 0.0, Avg: 0.0, Max: 0.0, Diff: 0.0, Sum: 0.1]
      [Code Root Scanning (ms): Min: 0.0, Avg: 0.0, Max: 0.0, Diff: 0.0, Sum: 0.0]
      [Object Copy (ms): Min: 0.0, Avg: 1.2, Max: 1.8, Diff: 1.7, Sum: 21.0]
      [Termination (ms): Min: 0.0, Avg: 0.4, Max: 0.7, Diff: 0.7, Sum: 7.6]
         [Termination Attempts: Min: 1, Avg: 1.7, Max: 3, Diff: 2, Sum: 30]
      [GC Worker Other (ms): Min: 0.0, Avg: 0.0, Max: 0.0, Diff: 0.0, Sum: 0.2]
      [GC Worker Total (ms): Min: 2.0, Avg: 2.1, Max: 2.3, Diff: 0.2, Sum: 38.5]
      [GC Worker End (ms): Min: 5654.2, Avg: 5654.2, Max: 5654.2, Diff: 0.0]
   [Code Root Fixup: 0.0 ms]
   [Code Root Purge: 0.0 ms]
   [Clear CT: 0.2 ms]
   [Other: 0.9 ms]
      [Choose CSet: 0.0 ms]
      [Ref Proc: 0.2 ms]
      [Ref Enq: 0.0 ms]
      [Redirty Cards: 0.2 ms]
      [Humongous Register: 0.2 ms]
      [Humongous Reclaim: 0.0 ms]
      [Free CSet: 0.0 ms]
   [Eden: 1024.0K(291.0M)->0.0B(292.0M) Survivors: 7168.0K->7168.0K Heap: 507.3M(1024.0M)->505.4M(1024.0M)]
 [Times: user=0.04 sys=0.01, real=0.00 secs] 
5.655: [GC concurrent-root-region-scan-start]
5.655: [GC concurrent-root-region-scan-end, 0.0001510 secs]
5.655: [GC concurrent-mark-start]
5.658: [GC concurrent-mark-end, 0.0026541 secs]
5.658: [GC remark 5.658: [Finalize Marking, 0.0003805 secs] 5.659: [GC ref-proc, 0.0004054 secs] 5.659: [Unloading, 0.0009711 secs], 0.0025168 secs]
 [Times: user=0.01 sys=0.00, real=0.00 secs] 
5.661: [GC cleanup 515M->514M(1024M), 0.0018469 secs]
 [Times: user=0.01 sys=0.00, real=0.00 secs] 
5.663: [GC concurrent-cleanup-start]
5.663: [GC concurrent-cleanup-end, 0.0000247 secs]
5.770: [GC pause (G1 Evacuation Pause) (young) (to-space exhausted), 0.0263543 secs]
   [Parallel Time: 23.9 ms, GC Workers: 18]
      [GC Worker Start (ms): Min: 5770.7, Avg: 5770.9, Max: 5771.1, Diff: 0.4]
      [Ext Root Scanning (ms): Min: 0.0, Avg: 0.2, Max: 0.3, Diff: 0.3, Sum: 3.0]
      [Update RS (ms): Min: 12.6, Avg: 12.7, Max: 12.8, Diff: 0.2, Sum: 228.4]
         [Processed Buffers: Min: 34, Avg: 37.6, Max: 42, Diff: 8, Sum: 677]
      [Scan RS (ms): Min: 0.0, Avg: 0.1, Max: 0.3, Diff: 0.2, Sum: 1.5]
      [Code Root Scanning (ms): Min: 0.0, Avg: 0.0, Max: 0.0, Diff: 0.0, Sum: 0.0]
      [Object Copy (ms): Min: 10.2, Avg: 10.5, Max: 10.6, Diff: 0.4, Sum: 189.7]
      [Termination (ms): Min: 0.0, Avg: 0.1, Max: 0.1, Diff: 0.1, Sum: 1.1]
         [Termination Attempts: Min: 1, Avg: 1.0, Max: 1, Diff: 0, Sum: 18]
      [GC Worker Other (ms): Min: 0.0, Avg: 0.0, Max: 0.1, Diff: 0.1, Sum: 0.9]
      [GC Worker Total (ms): Min: 23.4, Avg: 23.6, Max: 23.8, Diff: 0.4, Sum: 424.6]
      [GC Worker End (ms): Min: 5794.5, Avg: 5794.5, Max: 5794.5, Diff: 0.1]
   [Code Root Fixup: 0.0 ms]
   [Code Root Purge: 0.0 ms]
   [Clear CT: 0.3 ms]
   [Other: 2.1 ms]
      [Evacuation Failure: 0.6 ms]
      [Choose CSet: 0.0 ms]
      [Ref Proc: 0.3 ms]
      [Ref Enq: 0.0 ms]
      [Redirty Cards: 0.2 ms]
      [Humongous Register: 0.3 ms]
      [Humongous Reclaim: 0.3 ms]
      [Free CSet: 0.2 ms]
   [Eden: 292.0M(292.0M)->0.0B(18.0M) Survivors: 7168.0K->33.0M Heap: 879.8M(1024.0M)->739.0M(1024.0M)]
 [Times: user=0.42 sys=0.01, real=0.02 secs] 
5.804: [GC pause (G1 Evacuation Pause) (mixed), 0.0219406 secs]
   [Parallel Time: 19.9 ms, GC Workers: 18]
      [GC Worker Start (ms): Min: 5804.1, Avg: 5804.3, Max: 5804.7, Diff: 0.6]
      [Ext Root Scanning (ms): Min: 0.0, Avg: 0.1, Max: 0.4, Diff: 0.4, Sum: 2.4]
      [Update RS (ms): Min: 0.4, Avg: 0.6, Max: 0.9, Diff: 0.5, Sum: 11.1]
         [Processed Buffers: Min: 1, Avg: 2.8, Max: 7, Diff: 6, Sum: 51]
      [Scan RS (ms): Min: 0.0, Avg: 0.1, Max: 0.1, Diff: 0.1, Sum: 1.2]
      [Code Root Scanning (ms): Min: 0.0, Avg: 0.0, Max: 0.0, Diff: 0.0, Sum: 0.0]
      [Object Copy (ms): Min: 17.9, Avg: 18.3, Max: 18.6, Diff: 0.7, Sum: 329.1]
      [Termination (ms): Min: 0.0, Avg: 0.3, Max: 0.6, Diff: 0.6, Sum: 5.1]
         [Termination Attempts: Min: 1, Avg: 1.0, Max: 1, Diff: 0, Sum: 18]
      [GC Worker Other (ms): Min: 0.0, Avg: 0.0, Max: 0.0, Diff: 0.0, Sum: 0.4]
      [GC Worker Total (ms): Min: 19.1, Avg: 19.4, Max: 19.7, Diff: 0.6, Sum: 349.3]
      [GC Worker End (ms): Min: 5823.7, Avg: 5823.7, Max: 5823.8, Diff: 0.0]
   [Code Root Fixup: 0.0 ms]
   [Code Root Purge: 0.0 ms]
   [Clear CT: 0.3 ms]
   [Other: 1.8 ms]
      [Choose CSet: 0.1 ms]
      [Ref Proc: 0.4 ms]
      [Ref Enq: 0.0 ms]
      [Redirty Cards: 0.2 ms]
      [Humongous Register: 0.3 ms]
      [Humongous Reclaim: 0.1 ms]
      [Free CSet: 0.5 ms]
   [Eden: 18.0M(18.0M)->0.0B(46.0M) Survivors: 33.0M->5120.0K Heap: 760.2M(1024.0M)->675.3M(1024.0M)]
 [Times: user=0.26 sys=0.09, real=0.02 secs] 
5.844: [GC pause (G1 Evacuation Pause) (mixed), 0.0133056 secs]
   [Parallel Time: 11.9 ms, GC Workers: 18]
      [GC Worker Start (ms): Min: 5844.4, Avg: 5844.6, Max: 5844.8, Diff: 0.4]
      [Ext Root Scanning (ms): Min: 0.0, Avg: 0.2, Max: 0.4, Diff: 0.4, Sum: 3.1]
      [Update RS (ms): Min: 1.9, Avg: 2.6, Max: 11.2, Diff: 9.3, Sum: 47.1]
         [Processed Buffers: Min: 1, Avg: 6.4, Max: 8, Diff: 7, Sum: 116]
      [Scan RS (ms): Min: 0.0, Avg: 0.0, Max: 0.1, Diff: 0.1, Sum: 0.5]
      [Code Root Scanning (ms): Min: 0.0, Avg: 0.0, Max: 0.0, Diff: 0.0, Sum: 0.0]
      [Object Copy (ms): Min: 0.0, Avg: 6.6, Max: 7.7, Diff: 7.7, Sum: 118.8]
      [Termination (ms): Min: 0.1, Avg: 2.1, Max: 2.7, Diff: 2.6, Sum: 37.5]
         [Termination Attempts: Min: 1, Avg: 1.1, Max: 2, Diff: 1, Sum: 20]
      [GC Worker Other (ms): Min: 0.0, Avg: 0.0, Max: 0.0, Diff: 0.0, Sum: 0.4]
      [GC Worker Total (ms): Min: 11.3, Avg: 11.5, Max: 11.7, Diff: 0.4, Sum: 207.4]
      [GC Worker End (ms): Min: 5856.1, Avg: 5856.1, Max: 5856.1, Diff: 0.0]
   [Code Root Fixup: 0.0 ms]
   [Code Root Purge: 0.0 ms]
   [Clear CT: 0.2 ms]
   [Other: 1.1 ms]
      [Choose CSet: 0.0 ms]
      [Ref Proc: 0.3 ms]
      [Ref Enq: 0.0 ms]
      [Redirty Cards: 0.2 ms]
      [Humongous Register: 0.2 ms]
      [Humongous Reclaim: 0.1 ms]
      [Free CSet: 0.1 ms]
   [Eden: 46.0M(46.0M)->0.0B(141.0M) Survivors: 5120.0K->7168.0K Heap: 733.4M(1024.0M)->676.3M(1024.0M)]
 [Times: user=0.16 sys=0.05, real=0.01 secs] 
5.858: [GC pause (G1 Humongous Allocation) (young) (initial-mark), 0.0036657 secs]
   [Parallel Time: 2.4 ms, GC Workers: 18]
      [GC Worker Start (ms): Min: 5858.3, Avg: 5858.6, Max: 5858.7, Diff: 0.4]
      [Ext Root Scanning (ms): Min: 0.0, Avg: 0.2, Max: 0.4, Diff: 0.4, Sum: 3.1]
      [Update RS (ms): Min: 0.1, Avg: 0.4, Max: 1.6, Diff: 1.5, Sum: 6.5]
         [Processed Buffers: Min: 0, Avg: 0.9, Max: 2, Diff: 2, Sum: 16]
      [Scan RS (ms): Min: 0.0, Avg: 0.0, Max: 0.0, Diff: 0.0, Sum: 0.1]
      [Code Root Scanning (ms): Min: 0.0, Avg: 0.0, Max: 0.0, Diff: 0.0, Sum: 0.0]
      [Object Copy (ms): Min: 0.0, Avg: 1.1, Max: 1.7, Diff: 1.7, Sum: 20.2]
      [Termination (ms): Min: 0.0, Avg: 0.3, Max: 0.8, Diff: 0.8, Sum: 6.1]
         [Termination Attempts: Min: 1, Avg: 1.9, Max: 4, Diff: 3, Sum: 34]
      [GC Worker Other (ms): Min: 0.0, Avg: 0.0, Max: 0.0, Diff: 0.0, Sum: 0.3]
      [GC Worker Total (ms): Min: 1.9, Avg: 2.0, Max: 2.2, Diff: 0.4, Sum: 36.4]
      [GC Worker End (ms): Min: 5860.6, Avg: 5860.6, Max: 5860.6, Diff: 0.0]
   [Code Root Fixup: 0.0 ms]
   [Code Root Purge: 0.0 ms]
   [Clear CT: 0.2 ms]
   [Other: 1.0 ms]
      [Choose CSet: 0.0 ms]
      [Ref Proc: 0.3 ms]
      [Ref Enq: 0.0 ms]
      [Redirty Cards: 0.2 ms]
      [Humongous Register: 0.2 ms]
      [Humongous Reclaim: 0.0 ms]
      [Free CSet: 0.0 ms]
   [Eden: 1024.0K(141.0M)->0.0B(147.0M) Survivors: 7168.0K->7168.0K Heap: 677.2M(1024.0M)->676.1M(1024.0M)]
 [Times: user=0.04 sys=0.00, real=0.00 secs] 
5.862: [GC concurrent-root-region-scan-start]
5.862: [GC concurrent-root-region-scan-end, 0.0001305 secs]
5.862: [GC concurrent-mark-start]
5.865: [GC concurrent-mark-end, 0.0028572 secs]
5.865: [GC remark 5.865: [Finalize Marking, 0.0002771 secs] 5.865: [GC ref-proc, 0.0004048 secs] 5.866: [Unloading, 0.0009683 secs], 0.0025552 secs]
 [Times: user=0.02 sys=0.00, real=0.00 secs] 
5.868: [GC cleanup 687M->676M(1024M), 0.0017001 secs]
 [Times: user=0.02 sys=0.00, real=0.01 secs] 
5.869: [GC concurrent-cleanup-start]
5.869: [GC concurrent-cleanup-end, 0.0000440 secs]
5.926: [GC pause (G1 Evacuation Pause) (young), 0.0253097 secs]
   [Parallel Time: 23.6 ms, GC Workers: 18]
      [GC Worker Start (ms): Min: 5926.7, Avg: 5926.9, Max: 5927.0, Diff: 0.4]
      [Ext Root Scanning (ms): Min: 0.0, Avg: 0.2, Max: 0.4, Diff: 0.4, Sum: 2.9]
      [Update RS (ms): Min: 8.3, Avg: 8.4, Max: 8.6, Diff: 0.4, Sum: 151.0]
         [Processed Buffers: Min: 16, Avg: 20.1, Max: 25, Diff: 9, Sum: 361]
      [Scan RS (ms): Min: 0.0, Avg: 0.0, Max: 0.1, Diff: 0.1, Sum: 0.8]
      [Code Root Scanning (ms): Min: 0.0, Avg: 0.0, Max: 0.0, Diff: 0.0, Sum: 0.0]
      [Object Copy (ms): Min: 14.0, Avg: 14.3, Max: 14.8, Diff: 0.8, Sum: 258.0]
      [Termination (ms): Min: 0.0, Avg: 0.3, Max: 0.7, Diff: 0.7, Sum: 6.1]
         [Termination Attempts: Min: 1, Avg: 1.0, Max: 1, Diff: 0, Sum: 18]
      [GC Worker Other (ms): Min: 0.0, Avg: 0.0, Max: 0.1, Diff: 0.1, Sum: 0.6]
      [GC Worker Total (ms): Min: 23.1, Avg: 23.3, Max: 23.5, Diff: 0.4, Sum: 419.5]
      [GC Worker End (ms): Min: 5950.2, Avg: 5950.2, Max: 5950.2, Diff: 0.0]
   [Code Root Fixup: 0.0 ms]
   [Code Root Purge: 0.0 ms]
   [Clear CT: 0.2 ms]
   [Other: 1.5 ms]
      [Choose CSet: 0.0 ms]
      [Ref Proc: 0.3 ms]
      [Ref Enq: 0.0 ms]
      [Redirty Cards: 0.3 ms]
      [Humongous Register: 0.3 ms]
      [Humongous Reclaim: 0.3 ms]
      [Free CSet: 0.2 ms]
   [Eden: 147.0M(147.0M)->0.0B(31.0M) Survivors: 7168.0K->20.0M Heap: 855.8M(1024.0M)->710.7M(1024.0M)]
 [Times: user=0.39 sys=0.03, real=0.03 secs] 
5.964: [GC pause (G1 Evacuation Pause) (mixed), 0.0148545 secs]
   [Parallel Time: 13.1 ms, GC Workers: 18]
      [GC Worker Start (ms): Min: 5964.2, Avg: 5964.5, Max: 5964.8, Diff: 0.5]
      [Ext Root Scanning (ms): Min: 0.0, Avg: 0.1, Max: 0.3, Diff: 0.3, Sum: 2.3]
      [Update RS (ms): Min: 1.1, Avg: 1.4, Max: 1.6, Diff: 0.6, Sum: 24.7]
         [Processed Buffers: Min: 3, Avg: 4.5, Max: 7, Diff: 4, Sum: 81]
      [Scan RS (ms): Min: 0.0, Avg: 0.0, Max: 0.1, Diff: 0.1, Sum: 0.6]
      [Code Root Scanning (ms): Min: 0.0, Avg: 0.0, Max: 0.0, Diff: 0.0, Sum: 0.0]
      [Object Copy (ms): Min: 10.3, Avg: 10.6, Max: 10.9, Diff: 0.6, Sum: 191.5]
      [Termination (ms): Min: 0.0, Avg: 0.4, Max: 0.6, Diff: 0.6, Sum: 6.7]
         [Termination Attempts: Min: 1, Avg: 1.0, Max: 1, Diff: 0, Sum: 18]
      [GC Worker Other (ms): Min: 0.0, Avg: 0.0, Max: 0.0, Diff: 0.0, Sum: 0.4]
      [GC Worker Total (ms): Min: 12.3, Avg: 12.6, Max: 12.8, Diff: 0.5, Sum: 226.2]
      [GC Worker End (ms): Min: 5977.0, Avg: 5977.0, Max: 5977.1, Diff: 0.0]
   [Code Root Fixup: 0.0 ms]
   [Code Root Purge: 0.0 ms]
   [Clear CT: 0.2 ms]
   [Other: 1.5 ms]
      [Choose CSet: 0.1 ms]
      [Ref Proc: 0.3 ms]
      [Ref Enq: 0.0 ms]
      [Redirty Cards: 0.3 ms]
      [Humongous Register: 0.3 ms]
      [Humongous Reclaim: 0.1 ms]
      [Free CSet: 0.3 ms]
   [Eden: 31.0M(31.0M)->0.0B(44.0M) Survivors: 20.0M->7168.0K Heap: 749.6M(1024.0M)->630.1M(1024.0M)]
 [Times: user=0.19 sys=0.04, real=0.02 secs] 
5.996: [GC pause (G1 Evacuation Pause) (mixed), 0.0173710 secs]
   [Parallel Time: 15.6 ms, GC Workers: 18]
      [GC Worker Start (ms): Min: 5996.4, Avg: 5996.7, Max: 5997.0, Diff: 0.5]
      [Ext Root Scanning (ms): Min: 0.0, Avg: 0.1, Max: 0.4, Diff: 0.4, Sum: 2.6]
      [Update RS (ms): Min: 1.5, Avg: 1.7, Max: 1.8, Diff: 0.3, Sum: 30.1]
         [Processed Buffers: Min: 4, Avg: 5.4, Max: 7, Diff: 3, Sum: 97]
      [Scan RS (ms): Min: 0.0, Avg: 0.1, Max: 0.1, Diff: 0.1, Sum: 1.0]
      [Code Root Scanning (ms): Min: 0.0, Avg: 0.0, Max: 0.0, Diff: 0.0, Sum: 0.0]
      [Object Copy (ms): Min: 12.6, Avg: 12.9, Max: 13.3, Diff: 0.7, Sum: 231.3]
      [Termination (ms): Min: 0.0, Avg: 0.4, Max: 0.6, Diff: 0.6, Sum: 6.6]
         [Termination Attempts: Min: 1, Avg: 1.3, Max: 4, Diff: 3, Sum: 23]
      [GC Worker Other (ms): Min: 0.0, Avg: 0.0, Max: 0.1, Diff: 0.1, Sum: 0.5]
      [GC Worker Total (ms): Min: 14.9, Avg: 15.1, Max: 15.4, Diff: 0.5, Sum: 272.2]
      [GC Worker End (ms): Min: 6011.8, Avg: 6011.8, Max: 6011.8, Diff: 0.0]
   [Code Root Fixup: 0.0 ms]
   [Code Root Purge: 0.0 ms]
   [Clear CT: 0.2 ms]
   [Other: 1.6 ms]
      [Choose CSet: 0.1 ms]
      [Ref Proc: 0.4 ms]
      [Ref Enq: 0.0 ms]
      [Redirty Cards: 0.3 ms]
      [Humongous Register: 0.3 ms]
      [Humongous Reclaim: 0.1 ms]
      [Free CSet: 0.3 ms]
   [Eden: 44.0M(44.0M)->0.0B(44.0M) Survivors: 7168.0K->7168.0K Heap: 683.8M(1024.0M)->564.6M(1024.0M)]
 [Times: user=0.25 sys=0.02, real=0.02 secs] 
6.030: [GC pause (G1 Evacuation Pause) (mixed), 0.0204386 secs]
   [Parallel Time: 18.8 ms, GC Workers: 18]
      [GC Worker Start (ms): Min: 6029.9, Avg: 6030.2, Max: 6030.3, Diff: 0.4]
      [Ext Root Scanning (ms): Min: 0.0, Avg: 0.1, Max: 0.4, Diff: 0.4, Sum: 2.7]
      [Update RS (ms): Min: 1.9, Avg: 2.0, Max: 2.1, Diff: 0.3, Sum: 36.1]
         [Processed Buffers: Min: 5, Avg: 6.7, Max: 8, Diff: 3, Sum: 120]
      [Scan RS (ms): Min: 0.0, Avg: 0.1, Max: 0.3, Diff: 0.3, Sum: 1.2]
      [Code Root Scanning (ms): Min: 0.0, Avg: 0.0, Max: 0.0, Diff: 0.0, Sum: 0.0]
      [Object Copy (ms): Min: 15.4, Avg: 15.8, Max: 16.2, Diff: 0.7, Sum: 284.5]
      [Termination (ms): Min: 0.0, Avg: 0.3, Max: 0.6, Diff: 0.6, Sum: 5.5]
         [Termination Attempts: Min: 1, Avg: 1.0, Max: 1, Diff: 0, Sum: 18]
      [GC Worker Other (ms): Min: 0.0, Avg: 0.0, Max: 0.0, Diff: 0.0, Sum: 0.4]
      [GC Worker Total (ms): Min: 18.2, Avg: 18.4, Max: 18.6, Diff: 0.4, Sum: 330.4]
      [GC Worker End (ms): Min: 6048.5, Avg: 6048.5, Max: 6048.5, Diff: 0.0]
   [Code Root Fixup: 0.0 ms]
   [Code Root Purge: 0.0 ms]
   [Clear CT: 0.2 ms]
   [Other: 1.4 ms]
      [Choose CSet: 0.1 ms]
      [Ref Proc: 0.3 ms]
      [Ref Enq: 0.0 ms]
      [Redirty Cards: 0.3 ms]
      [Humongous Register: 0.3 ms]
      [Humongous Reclaim: 0.1 ms]
      [Free CSet: 0.3 ms]
   [Eden: 44.0M(44.0M)->0.0B(256.0M) Survivors: 7168.0K->7168.0K Heap: 621.1M(1024.0M)->526.4M(1024.0M)]
 [Times: user=0.25 sys=0.07, real=0.02 secs] 
6.053: [GC pause (G1 Humongous Allocation) (young) (initial-mark), 0.0044979 secs]
   [Parallel Time: 3.3 ms, GC Workers: 18]
      [GC Worker Start (ms): Min: 6053.4, Avg: 6053.5, Max: 6053.7, Diff: 0.2]
      [Ext Root Scanning (ms): Min: 0.1, Avg: 0.2, Max: 0.3, Diff: 0.2, Sum: 3.5]
      [Update RS (ms): Min: 0.1, Avg: 0.4, Max: 1.5, Diff: 1.4, Sum: 8.0]
         [Processed Buffers: Min: 0, Avg: 1.1, Max: 2, Diff: 2, Sum: 19]
      [Scan RS (ms): Min: 0.0, Avg: 0.0, Max: 0.0, Diff: 0.0, Sum: 0.2]
      [Code Root Scanning (ms): Min: 0.0, Avg: 0.0, Max: 0.0, Diff: 0.0, Sum: 0.0]
      [Object Copy (ms): Min: 0.8, Avg: 2.0, Max: 2.6, Diff: 1.8, Sum: 36.0]
      [Termination (ms): Min: 0.0, Avg: 0.3, Max: 0.6, Diff: 0.6, Sum: 5.8]
         [Termination Attempts: Min: 1, Avg: 1.0, Max: 1, Diff: 0, Sum: 18]
      [GC Worker Other (ms): Min: 0.0, Avg: 0.0, Max: 0.1, Diff: 0.0, Sum: 0.4]
      [GC Worker Total (ms): Min: 2.9, Avg: 3.0, Max: 3.1, Diff: 0.3, Sum: 53.9]
      [GC Worker End (ms): Min: 6056.5, Avg: 6056.5, Max: 6056.6, Diff: 0.0]
   [Code Root Fixup: 0.0 ms]
   [Code Root Purge: 0.0 ms]
   [Clear CT: 0.3 ms]
   [Other: 0.9 ms]
      [Choose CSet: 0.0 ms]
      [Ref Proc: 0.2 ms]
      [Ref Enq: 0.0 ms]
      [Redirty Cards: 0.2 ms]
      [Humongous Register: 0.2 ms]
      [Humongous Reclaim: 0.0 ms]
      [Free CSet: 0.1 ms]
   [Eden: 12.0M(256.0M)->0.0B(224.0M) Survivors: 7168.0K->11.0M Heap: 538.0M(1024.0M)->526.8M(1024.0M)]
 [Times: user=0.05 sys=0.00, real=0.00 secs] 
6.058: [GC concurrent-root-region-scan-start]
6.058: [GC concurrent-root-region-scan-end, 0.0002054 secs]
6.058: [GC concurrent-mark-start]
6.060: [GC concurrent-mark-end, 0.0022513 secs]
6.060: [GC remark 6.060: [Finalize Marking, 0.0003366 secs] 6.061: [GC ref-proc, 0.0004196 secs] 6.061: [Unloading, 0.0008949 secs], 0.0024907 secs]
 [Times: user=0.02 sys=0.00, real=0.00 secs] 
6.063: [GC cleanup 535M->533M(1024M), 0.0017247 secs]
 [Times: user=0.02 sys=0.00, real=0.00 secs] 
6.065: [GC concurrent-cleanup-start]
6.065: [GC concurrent-cleanup-end, 0.0000292 secs]
6.157: [GC pause (G1 Evacuation Pause) (young), 0.0409091 secs]
   [Parallel Time: 38.7 ms, GC Workers: 18]
      [GC Worker Start (ms): Min: 6157.6, Avg: 6157.9, Max: 6158.1, Diff: 0.5]
      [Ext Root Scanning (ms): Min: 0.0, Avg: 0.1, Max: 0.4, Diff: 0.4, Sum: 2.5]
      [Update RS (ms): Min: 14.4, Avg: 14.7, Max: 14.9, Diff: 0.5, Sum: 264.5]
         [Processed Buffers: Min: 17, Avg: 31.8, Max: 40, Diff: 23, Sum: 572]
      [Scan RS (ms): Min: 0.0, Avg: 0.1, Max: 0.2, Diff: 0.2, Sum: 1.9]
      [Code Root Scanning (ms): Min: 0.0, Avg: 0.0, Max: 0.0, Diff: 0.0, Sum: 0.0]
      [Object Copy (ms): Min: 22.3, Avg: 22.8, Max: 23.2, Diff: 0.9, Sum: 409.9]
      [Termination (ms): Min: 0.0, Avg: 0.5, Max: 0.8, Diff: 0.8, Sum: 8.6]
         [Termination Attempts: Min: 1, Avg: 1.0, Max: 1, Diff: 0, Sum: 18]
      [GC Worker Other (ms): Min: 0.0, Avg: 0.0, Max: 0.1, Diff: 0.1, Sum: 0.6]
      [GC Worker Total (ms): Min: 38.0, Avg: 38.2, Max: 38.5, Diff: 0.5, Sum: 688.0]
      [GC Worker End (ms): Min: 6196.1, Avg: 6196.1, Max: 6196.1, Diff: 0.0]
   [Code Root Fixup: 0.0 ms]
   [Code Root Purge: 0.0 ms]
   [Clear CT: 0.3 ms]
   [Other: 1.9 ms]
      [Choose CSet: 0.0 ms]
      [Ref Proc: 0.4 ms]
      [Ref Enq: 0.0 ms]
      [Redirty Cards: 0.4 ms]
      [Humongous Register: 0.3 ms]
      [Humongous Reclaim: 0.3 ms]
      [Free CSet: 0.3 ms]
   [Eden: 224.0M(224.0M)->0.0B(21.0M) Survivors: 11.0M->30.0M Heap: 818.5M(1024.0M)->591.3M(1024.0M)]
 [Times: user=0.55 sys=0.14, real=0.05 secs] 
6.206: [GC pause (G1 Evacuation Pause) (mixed), 0.0227583 secs]
   [Parallel Time: 20.9 ms, GC Workers: 18]
      [GC Worker Start (ms): Min: 6206.2, Avg: 6206.4, Max: 6206.7, Diff: 0.5]
      [Ext Root Scanning (ms): Min: 0.0, Avg: 0.1, Max: 0.4, Diff: 0.4, Sum: 2.5]
      [Update RS (ms): Min: 0.8, Avg: 0.9, Max: 1.0, Diff: 0.2, Sum: 15.7]
         [Processed Buffers: Min: 2, Avg: 3.6, Max: 5, Diff: 3, Sum: 64]
      [Scan RS (ms): Min: 0.0, Avg: 0.1, Max: 0.3, Diff: 0.3, Sum: 1.5]
      [Code Root Scanning (ms): Min: 0.0, Avg: 0.0, Max: 0.1, Diff: 0.1, Sum: 0.1]
      [Object Copy (ms): Min: 18.8, Avg: 19.1, Max: 19.3, Diff: 0.5, Sum: 343.6]
      [Termination (ms): Min: 0.0, Avg: 0.2, Max: 0.5, Diff: 0.5, Sum: 3.9]
         [Termination Attempts: Min: 1, Avg: 1.0, Max: 1, Diff: 0, Sum: 18]
      [GC Worker Other (ms): Min: 0.0, Avg: 0.0, Max: 0.0, Diff: 0.0, Sum: 0.3]
      [GC Worker Total (ms): Min: 20.2, Avg: 20.4, Max: 20.7, Diff: 0.5, Sum: 367.7]
      [GC Worker End (ms): Min: 6226.9, Avg: 6226.9, Max: 6226.9, Diff: 0.0]
   [Code Root Fixup: 0.0 ms]
   [Code Root Purge: 0.0 ms]
   [Clear CT: 0.3 ms]
   [Other: 1.5 ms]
      [Choose CSet: 0.1 ms]
      [Ref Proc: 0.3 ms]
      [Ref Enq: 0.0 ms]
      [Redirty Cards: 0.2 ms]
      [Humongous Register: 0.3 ms]
      [Humongous Reclaim: 0.1 ms]
      [Free CSet: 0.4 ms]
   [Eden: 21.0M(21.0M)->0.0B(44.0M) Survivors: 30.0M->7168.0K Heap: 617.9M(1024.0M)->526.8M(1024.0M)]
 [Times: user=0.25 sys=0.11, real=0.03 secs] 
6.246: [GC pause (G1 Evacuation Pause) (mixed), 0.0121675 secs]
   [Parallel Time: 10.8 ms, GC Workers: 18]
      [GC Worker Start (ms): Min: 6246.1, Avg: 6246.3, Max: 6246.6, Diff: 0.4]
      [Ext Root Scanning (ms): Min: 0.0, Avg: 0.2, Max: 0.4, Diff: 0.4, Sum: 2.9]
      [Update RS (ms): Min: 1.9, Avg: 2.1, Max: 2.3, Diff: 0.4, Sum: 37.3]
         [Processed Buffers: Min: 6, Avg: 6.4, Max: 8, Diff: 2, Sum: 116]
      [Scan RS (ms): Min: 0.0, Avg: 0.0, Max: 0.1, Diff: 0.1, Sum: 0.5]
      [Code Root Scanning (ms): Min: 0.0, Avg: 0.0, Max: 0.0, Diff: 0.0, Sum: 0.0]
      [Object Copy (ms): Min: 7.3, Avg: 7.9, Max: 8.2, Diff: 0.9, Sum: 141.8]
      [Termination (ms): Min: 0.0, Avg: 0.3, Max: 0.6, Diff: 0.6, Sum: 5.5]
         [Termination Attempts: Min: 1, Avg: 1.0, Max: 1, Diff: 0, Sum: 18]
      [GC Worker Other (ms): Min: 0.0, Avg: 0.0, Max: 0.1, Diff: 0.0, Sum: 0.5]
      [GC Worker Total (ms): Min: 10.2, Avg: 10.5, Max: 10.7, Diff: 0.5, Sum: 188.5]
      [GC Worker End (ms): Min: 6256.8, Avg: 6256.8, Max: 6256.8, Diff: 0.0]
   [Code Root Fixup: 0.0 ms]
   [Code Root Purge: 0.0 ms]
   [Clear CT: 0.2 ms]
   [Other: 1.1 ms]
      [Choose CSet: 0.0 ms]
      [Ref Proc: 0.3 ms]
      [Ref Enq: 0.0 ms]
      [Redirty Cards: 0.3 ms]
      [Humongous Register: 0.1 ms]
      [Humongous Reclaim: 0.1 ms]
      [Free CSet: 0.1 ms]
   [Eden: 44.0M(44.0M)->0.0B(229.0M) Survivors: 7168.0K->7168.0K Heap: 582.8M(1024.0M)->526.5M(1024.0M)]
 [Times: user=0.16 sys=0.02, real=0.02 secs] 
6.258: [GC pause (G1 Humongous Allocation) (young) (initial-mark), 0.0035417 secs]
   [Parallel Time: 2.5 ms, GC Workers: 18]
      [GC Worker Start (ms): Min: 6258.8, Avg: 6258.9, Max: 6259.0, Diff: 0.2]
      [Ext Root Scanning (ms): Min: 0.1, Avg: 0.2, Max: 0.3, Diff: 0.2, Sum: 3.5]
      [Update RS (ms): Min: 0.1, Avg: 0.3, Max: 1.8, Diff: 1.7, Sum: 5.1]
         [Processed Buffers: Min: 0, Avg: 1.1, Max: 3, Diff: 3, Sum: 19]
      [Scan RS (ms): Min: 0.0, Avg: 0.0, Max: 0.0, Diff: 0.0, Sum: 0.1]
      [Code Root Scanning (ms): Min: 0.0, Avg: 0.0, Max: 0.0, Diff: 0.0, Sum: 0.0]
      [Object Copy (ms): Min: 0.0, Avg: 1.3, Max: 1.8, Diff: 1.8, Sum: 23.6]
      [Termination (ms): Min: 0.1, Avg: 0.4, Max: 1.1, Diff: 1.0, Sum: 7.5]
         [Termination Attempts: Min: 1, Avg: 2.5, Max: 7, Diff: 6, Sum: 45]
      [GC Worker Other (ms): Min: 0.0, Avg: 0.0, Max: 0.0, Diff: 0.0, Sum: 0.2]
      [GC Worker Total (ms): Min: 2.1, Avg: 2.2, Max: 2.3, Diff: 0.2, Sum: 40.0]
      [GC Worker End (ms): Min: 6261.1, Avg: 6261.1, Max: 6261.1, Diff: 0.0]
   [Code Root Fixup: 0.0 ms]
   [Code Root Purge: 0.0 ms]
   [Clear CT: 0.2 ms]
   [Other: 0.9 ms]
      [Choose CSet: 0.0 ms]
      [Ref Proc: 0.2 ms]
      [Ref Enq: 0.0 ms]
      [Redirty Cards: 0.2 ms]
      [Humongous Register: 0.2 ms]
      [Humongous Reclaim: 0.0 ms]
      [Free CSet: 0.0 ms]
   [Eden: 1024.0K(229.0M)->0.0B(221.0M) Survivors: 7168.0K->8192.0K Heap: 527.2M(1024.0M)->527.2M(1024.0M)]
 [Times: user=0.04 sys=0.01, real=0.00 secs] 
6.262: [GC concurrent-root-region-scan-start]
6.262: [GC concurrent-root-region-scan-end, 0.0001460 secs]
6.262: [GC concurrent-mark-start]
6.265: [GC concurrent-mark-end, 0.0032129 secs]
6.266: [GC remark 6.266: [Finalize Marking, 0.0003077 secs] 6.266: [GC ref-proc, 0.0004031 secs] 6.266: [Unloading, 0.0008578 secs], 0.0024087 secs]
 [Times: user=0.02 sys=0.00, real=0.01 secs] 
6.268: [GC cleanup 540M->537M(1024M), 0.0017748 secs]
 [Times: user=0.01 sys=0.00, real=0.00 secs] 
6.270: [GC concurrent-cleanup-start]
6.270: [GC concurrent-cleanup-end, 0.0000238 secs]
6.357: [GC pause (G1 Evacuation Pause) (young), 0.0335968 secs]
   [Parallel Time: 31.7 ms, GC Workers: 18]
      [GC Worker Start (ms): Min: 6357.2, Avg: 6357.4, Max: 6357.5, Diff: 0.3]
      [Ext Root Scanning (ms): Min: 0.0, Avg: 0.2, Max: 0.3, Diff: 0.3, Sum: 3.1]
      [Update RS (ms): Min: 8.9, Avg: 9.2, Max: 9.5, Diff: 0.5, Sum: 164.9]
         [Processed Buffers: Min: 24, Avg: 27.1, Max: 31, Diff: 7, Sum: 488]
      [Scan RS (ms): Min: 0.0, Avg: 0.1, Max: 0.5, Diff: 0.5, Sum: 2.5]
      [Code Root Scanning (ms): Min: 0.0, Avg: 0.0, Max: 0.0, Diff: 0.0, Sum: 0.0]
      [Object Copy (ms): Min: 20.5, Avg: 21.3, Max: 22.1, Diff: 1.5, Sum: 383.7]
      [Termination (ms): Min: 0.0, Avg: 0.5, Max: 0.8, Diff: 0.8, Sum: 8.7]
         [Termination Attempts: Min: 1, Avg: 1.0, Max: 1, Diff: 0, Sum: 18]
      [GC Worker Other (ms): Min: 0.0, Avg: 0.0, Max: 0.1, Diff: 0.1, Sum: 0.8]
      [GC Worker Total (ms): Min: 31.2, Avg: 31.3, Max: 31.5, Diff: 0.4, Sum: 563.8]
      [GC Worker End (ms): Min: 6388.7, Avg: 6388.7, Max: 6388.7, Diff: 0.1]
   [Code Root Fixup: 0.0 ms]
   [Code Root Purge: 0.0 ms]
   [Clear CT: 0.3 ms]
   [Other: 1.6 ms]
      [Choose CSet: 0.0 ms]
      [Ref Proc: 0.3 ms]
      [Ref Enq: 0.0 ms]
      [Redirty Cards: 0.3 ms]
      [Humongous Register: 0.3 ms]
      [Humongous Reclaim: 0.3 ms]
      [Free CSet: 0.3 ms]
   [Eden: 221.0M(221.0M)->0.0B(22.0M) Survivors: 8192.0K->29.0M Heap: 804.9M(1024.0M)->580.3M(1024.0M)]
 [Times: user=0.50 sys=0.06, real=0.04 secs] 
6.398: [GC pause (G1 Evacuation Pause) (mixed), 0.0261013 secs]
   [Parallel Time: 24.4 ms, GC Workers: 18]
      [GC Worker Start (ms): Min: 6398.2, Avg: 6398.4, Max: 6398.7, Diff: 0.5]
      [Ext Root Scanning (ms): Min: 0.0, Avg: 0.1, Max: 0.3, Diff: 0.3, Sum: 2.4]
      [Update RS (ms): Min: 0.4, Avg: 0.7, Max: 0.9, Diff: 0.5, Sum: 11.9]
         [Processed Buffers: Min: 1, Avg: 2.4, Max: 4, Diff: 3, Sum: 44]
      [Scan RS (ms): Min: 0.0, Avg: 0.1, Max: 0.3, Diff: 0.2, Sum: 2.2]
      [Code Root Scanning (ms): Min: 0.0, Avg: 0.0, Max: 0.0, Diff: 0.0, Sum: 0.0]
      [Object Copy (ms): Min: 16.9, Avg: 17.5, Max: 23.0, Diff: 6.1, Sum: 314.2]
      [Termination (ms): Min: 0.0, Avg: 5.5, Max: 6.0, Diff: 6.0, Sum: 99.3]
         [Termination Attempts: Min: 1, Avg: 1.0, Max: 1, Diff: 0, Sum: 18]
      [GC Worker Other (ms): Min: 0.0, Avg: 0.0, Max: 0.0, Diff: 0.0, Sum: 0.4]
      [GC Worker Total (ms): Min: 23.7, Avg: 23.9, Max: 24.1, Diff: 0.5, Sum: 430.4]
      [GC Worker End (ms): Min: 6422.3, Avg: 6422.3, Max: 6422.3, Diff: 0.0]
   [Code Root Fixup: 0.0 ms]
   [Code Root Purge: 0.0 ms]
   [Clear CT: 0.3 ms]
   [Other: 1.4 ms]
      [Choose CSet: 0.1 ms]
      [Ref Proc: 0.2 ms]
      [Ref Enq: 0.0 ms]
      [Redirty Cards: 0.3 ms]
      [Humongous Register: 0.3 ms]
      [Humongous Reclaim: 0.1 ms]
      [Free CSet: 0.3 ms]
   [Eden: 22.0M(22.0M)->0.0B(45.0M) Survivors: 29.0M->6144.0K Heap: 605.3M(1024.0M)->508.3M(1024.0M)]
 [Times: user=0.33 sys=0.10, real=0.03 secs] 
6.450: [GC pause (G1 Evacuation Pause) (mixed), 0.0128880 secs]
   [Parallel Time: 11.3 ms, GC Workers: 18]
      [GC Worker Start (ms): Min: 6450.5, Avg: 6450.8, Max: 6451.0, Diff: 0.4]
      [Ext Root Scanning (ms): Min: 0.0, Avg: 0.2, Max: 0.4, Diff: 0.4, Sum: 2.8]
      [Update RS (ms): Min: 1.5, Avg: 1.9, Max: 2.0, Diff: 0.5, Sum: 33.8]
         [Processed Buffers: Min: 5, Avg: 5.9, Max: 7, Diff: 2, Sum: 107]
      [Scan RS (ms): Min: 0.0, Avg: 0.0, Max: 0.1, Diff: 0.1, Sum: 0.5]
      [Code Root Scanning (ms): Min: 0.0, Avg: 0.0, Max: 0.0, Diff: 0.0, Sum: 0.0]
      [Object Copy (ms): Min: 8.1, Avg: 8.5, Max: 8.9, Diff: 0.8, Sum: 153.3]
      [Termination (ms): Min: 0.0, Avg: 0.3, Max: 0.6, Diff: 0.6, Sum: 5.0]
         [Termination Attempts: Min: 1, Avg: 1.0, Max: 1, Diff: 0, Sum: 18]
      [GC Worker Other (ms): Min: 0.0, Avg: 0.0, Max: 0.0, Diff: 0.0, Sum: 0.4]
      [GC Worker Total (ms): Min: 10.7, Avg: 10.9, Max: 11.1, Diff: 0.5, Sum: 195.8]
      [GC Worker End (ms): Min: 6461.6, Avg: 6461.6, Max: 6461.7, Diff: 0.0]
   [Code Root Fixup: 0.0 ms]
   [Code Root Purge: 0.0 ms]
   [Clear CT: 0.2 ms]
   [Other: 1.3 ms]
      [Choose CSet: 0.0 ms]
      [Ref Proc: 0.3 ms]
      [Ref Enq: 0.0 ms]
      [Redirty Cards: 0.3 ms]
      [Humongous Register: 0.3 ms]
      [Humongous Reclaim: 0.1 ms]
      [Free CSet: 0.1 ms]
   [Eden: 45.0M(45.0M)->0.0B(241.0M) Survivors: 6144.0K->7168.0K Heap: 564.3M(1024.0M)->511.3M(1024.0M)]
 [Times: user=0.16 sys=0.03, real=0.01 secs] 
6.465: [GC pause (G1 Humongous Allocation) (young) (initial-mark), 0.0043966 secs]
   [Parallel Time: 3.1 ms, GC Workers: 18]
      [GC Worker Start (ms): Min: 6465.8, Avg: 6466.0, Max: 6466.1, Diff: 0.4]
      [Ext Root Scanning (ms): Min: 0.0, Avg: 0.3, Max: 0.7, Diff: 0.7, Sum: 5.7]
      [Update RS (ms): Min: 0.0, Avg: 0.2, Max: 2.4, Diff: 2.4, Sum: 4.3]
         [Processed Buffers: Min: 0, Avg: 1.0, Max: 3, Diff: 3, Sum: 18]
      [Scan RS (ms): Min: 0.0, Avg: 0.0, Max: 0.0, Diff: 0.0, Sum: 0.1]
      [Code Root Scanning (ms): Min: 0.0, Avg: 0.0, Max: 0.0, Diff: 0.0, Sum: 0.0]
      [Object Copy (ms): Min: 0.0, Avg: 1.9, Max: 2.4, Diff: 2.4, Sum: 33.9]
      [Termination (ms): Min: 0.0, Avg: 0.3, Max: 0.7, Diff: 0.7, Sum: 5.4]
         [Termination Attempts: Min: 1, Avg: 1.4, Max: 3, Diff: 2, Sum: 25]
      [GC Worker Other (ms): Min: 0.0, Avg: 0.0, Max: 0.0, Diff: 0.0, Sum: 0.2]
      [GC Worker Total (ms): Min: 2.6, Avg: 2.8, Max: 3.0, Diff: 0.4, Sum: 49.7]
      [GC Worker End (ms): Min: 6468.7, Avg: 6468.7, Max: 6468.7, Diff: 0.0]
   [Code Root Fixup: 0.0 ms]
   [Code Root Purge: 0.0 ms]
   [Clear CT: 0.3 ms]
   [Other: 1.0 ms]
      [Choose CSet: 0.0 ms]
      [Ref Proc: 0.3 ms]
      [Ref Enq: 0.0 ms]
      [Redirty Cards: 0.2 ms]
      [Humongous Register: 0.2 ms]
      [Humongous Reclaim: 0.0 ms]
      [Free CSet: 0.0 ms]
   [Eden: 7168.0K(241.0M)->0.0B(248.0M) Survivors: 7168.0K->9216.0K Heap: 518.3M(1024.0M)->509.1M(1024.0M)]
 [Times: user=0.05 sys=0.00, real=0.01 secs] 
6.470: [GC concurrent-root-region-scan-start]
6.470: [GC concurrent-root-region-scan-end, 0.0001784 secs]
6.470: [GC concurrent-mark-start]
6.473: [GC concurrent-mark-end, 0.0026020 secs]
6.473: [GC remark 6.473: [Finalize Marking, 0.0004191 secs] 6.473: [GC ref-proc, 0.0004056 secs] 6.474: [Unloading, 0.0008442 secs], 0.0025488 secs]
 [Times: user=0.02 sys=0.00, real=0.00 secs] 
6.476: [GC cleanup 518M->514M(1024M), 0.0017637 secs]
 [Times: user=0.01 sys=0.00, real=0.00 secs] 
6.477: [GC concurrent-cleanup-start]
6.477: [GC concurrent-cleanup-end, 0.0000307 secs]
6.606: [GC pause (G1 Evacuation Pause) (young), 0.0390424 secs]
   [Parallel Time: 37.0 ms, GC Workers: 18]
      [GC Worker Start (ms): Min: 6606.1, Avg: 6606.4, Max: 6606.7, Diff: 0.6]
      [Ext Root Scanning (ms): Min: 0.0, Avg: 0.2, Max: 0.5, Diff: 0.5, Sum: 3.1]
      [Update RS (ms): Min: 10.7, Avg: 11.0, Max: 11.2, Diff: 0.5, Sum: 198.0]
         [Processed Buffers: Min: 21, Avg: 27.4, Max: 35, Diff: 14, Sum: 493]
      [Scan RS (ms): Min: 0.0, Avg: 0.1, Max: 0.3, Diff: 0.3, Sum: 1.5]
      [Code Root Scanning (ms): Min: 0.0, Avg: 0.0, Max: 0.0, Diff: 0.0, Sum: 0.0]
      [Object Copy (ms): Min: 24.3, Avg: 24.8, Max: 25.3, Diff: 1.0, Sum: 447.1]
      [Termination (ms): Min: 0.0, Avg: 0.3, Max: 0.7, Diff: 0.7, Sum: 6.0]
         [Termination Attempts: Min: 1, Avg: 1.0, Max: 1, Diff: 0, Sum: 18]
      [GC Worker Other (ms): Min: 0.0, Avg: 0.0, Max: 0.1, Diff: 0.1, Sum: 0.7]
      [GC Worker Total (ms): Min: 36.2, Avg: 36.5, Max: 36.8, Diff: 0.7, Sum: 656.4]
      [GC Worker End (ms): Min: 6642.9, Avg: 6642.9, Max: 6642.9, Diff: 0.1]
   [Code Root Fixup: 0.0 ms]
   [Code Root Purge: 0.0 ms]
   [Clear CT: 0.3 ms]
   [Other: 1.7 ms]
      [Choose CSet: 0.0 ms]
      [Ref Proc: 0.3 ms]
      [Ref Enq: 0.0 ms]
      [Redirty Cards: 0.3 ms]
      [Humongous Register: 0.3 ms]
      [Humongous Reclaim: 0.3 ms]
      [Free CSet: 0.3 ms]
   [Eden: 248.0M(248.0M)->0.0B(18.0M) Survivors: 9216.0K->33.0M Heap: 813.4M(1024.0M)->581.7M(1024.0M)]
 [Times: user=0.54 sys=0.11, real=0.04 secs] 
6.652: [GC pause (G1 Evacuation Pause) (mixed), 0.0243541 secs]
   [Parallel Time: 22.6 ms, GC Workers: 18]
      [GC Worker Start (ms): Min: 6652.5, Avg: 6652.7, Max: 6652.9, Diff: 0.4]
      [Ext Root Scanning (ms): Min: 0.0, Avg: 0.2, Max: 0.4, Diff: 0.4, Sum: 3.3]
      [Update RS (ms): Min: 1.0, Avg: 1.1, Max: 1.2, Diff: 0.2, Sum: 20.7]
         [Processed Buffers: Min: 3, Avg: 4.1, Max: 7, Diff: 4, Sum: 74]
      [Scan RS (ms): Min: 0.0, Avg: 0.1, Max: 0.2, Diff: 0.2, Sum: 1.5]
      [Code Root Scanning (ms): Min: 0.0, Avg: 0.0, Max: 0.0, Diff: 0.0, Sum: 0.0]
      [Object Copy (ms): Min: 20.3, Avg: 20.5, Max: 20.7, Diff: 0.5, Sum: 368.4]
      [Termination (ms): Min: 0.0, Avg: 0.3, Max: 0.5, Diff: 0.5, Sum: 4.9]
         [Termination Attempts: Min: 1, Avg: 1.2, Max: 2, Diff: 1, Sum: 22]
      [GC Worker Other (ms): Min: 0.0, Avg: 0.0, Max: 0.0, Diff: 0.0, Sum: 0.3]
      [GC Worker Total (ms): Min: 22.0, Avg: 22.2, Max: 22.4, Diff: 0.4, Sum: 399.0]
      [GC Worker End (ms): Min: 6674.9, Avg: 6674.9, Max: 6674.9, Diff: 0.0]
   [Code Root Fixup: 0.0 ms]
   [Code Root Purge: 0.0 ms]
   [Clear CT: 0.2 ms]
   [Other: 1.5 ms]
      [Choose CSet: 0.1 ms]
      [Ref Proc: 0.3 ms]
      [Ref Enq: 0.0 ms]
      [Redirty Cards: 0.3 ms]
      [Humongous Register: 0.3 ms]
      [Humongous Reclaim: 0.1 ms]
      [Free CSet: 0.3 ms]
   [Eden: 18.0M(18.0M)->0.0B(45.0M) Survivors: 33.0M->6144.0K Heap: 606.5M(1024.0M)->523.5M(1024.0M)]
 [Times: user=0.32 sys=0.07, real=0.02 secs] 
6.694: [GC pause (G1 Evacuation Pause) (mixed), 0.0145003 secs]
   [Parallel Time: 11.8 ms, GC Workers: 18]
      [GC Worker Start (ms): Min: 6694.8, Avg: 6695.0, Max: 6695.2, Diff: 0.4]
      [Ext Root Scanning (ms): Min: 0.0, Avg: 0.1, Max: 0.3, Diff: 0.3, Sum: 2.5]
      [Update RS (ms): Min: 1.5, Avg: 1.7, Max: 2.0, Diff: 0.5, Sum: 31.1]
         [Processed Buffers: Min: 5, Avg: 5.7, Max: 6, Diff: 1, Sum: 102]
      [Scan RS (ms): Min: 0.0, Avg: 0.0, Max: 0.1, Diff: 0.1, Sum: 0.6]
      [Code Root Scanning (ms): Min: 0.0, Avg: 0.0, Max: 0.0, Diff: 0.0, Sum: 0.0]
      [Object Copy (ms): Min: 6.0, Avg: 6.7, Max: 9.3, Diff: 3.3, Sum: 119.8]
      [Termination (ms): Min: 0.0, Avg: 2.7, Max: 3.0, Diff: 3.0, Sum: 48.5]
         [Termination Attempts: Min: 1, Avg: 1.1, Max: 2, Diff: 1, Sum: 19]
      [GC Worker Other (ms): Min: 0.0, Avg: 0.1, Max: 0.1, Diff: 0.1, Sum: 1.4]
      [GC Worker Total (ms): Min: 11.1, Avg: 11.3, Max: 11.6, Diff: 0.5, Sum: 203.9]
      [GC Worker End (ms): Min: 6706.3, Avg: 6706.4, Max: 6706.4, Diff: 0.1]
   [Code Root Fixup: 0.0 ms]
   [Code Root Purge: 0.0 ms]
   [Clear CT: 0.5 ms]
   [Other: 2.1 ms]
      [Choose CSet: 0.0 ms]
      [Ref Proc: 0.3 ms]
      [Ref Enq: 0.0 ms]
      [Redirty Cards: 0.2 ms]
      [Humongous Register: 0.3 ms]
      [Humongous Reclaim: 0.5 ms]
      [Free CSet: 0.2 ms]
   [Eden: 45.0M(45.0M)->0.0B(240.0M) Survivors: 6144.0K->7168.0K Heap: 578.8M(1024.0M)->524.4M(1024.0M)]
 [Times: user=0.19 sys=0.02, real=0.02 secs] 
6.709: [GC pause (G1 Humongous Allocation) (young) (initial-mark), 0.0039495 secs]
   [Parallel Time: 2.8 ms, GC Workers: 18]
      [GC Worker Start (ms): Min: 6709.7, Avg: 6709.9, Max: 6710.1, Diff: 0.4]
      [Ext Root Scanning (ms): Min: 0.3, Avg: 0.5, Max: 0.7, Diff: 0.4, Sum: 8.3]
      [Update RS (ms): Min: 0.1, Avg: 0.3, Max: 1.0, Diff: 0.9, Sum: 5.4]
         [Processed Buffers: Min: 0, Avg: 1.1, Max: 3, Diff: 3, Sum: 19]
      [Scan RS (ms): Min: 0.0, Avg: 0.0, Max: 0.0, Diff: 0.0, Sum: 0.1]
      [Code Root Scanning (ms): Min: 0.0, Avg: 0.0, Max: 0.0, Diff: 0.0, Sum: 0.0]
      [Object Copy (ms): Min: 0.7, Avg: 1.4, Max: 1.8, Diff: 1.1, Sum: 25.1]
      [Termination (ms): Min: 0.0, Avg: 0.2, Max: 0.4, Diff: 0.4, Sum: 3.3]
         [Termination Attempts: Min: 1, Avg: 1.0, Max: 1, Diff: 0, Sum: 18]
      [GC Worker Other (ms): Min: 0.0, Avg: 0.0, Max: 0.0, Diff: 0.0, Sum: 0.4]
      [GC Worker Total (ms): Min: 2.2, Avg: 2.4, Max: 2.6, Diff: 0.4, Sum: 42.6]
      [GC Worker End (ms): Min: 6712.3, Avg: 6712.3, Max: 6712.3, Diff: 0.0]
   [Code Root Fixup: 0.0 ms]
   [Code Root Purge: 0.0 ms]
   [Clear CT: 0.3 ms]
   [Other: 0.9 ms]
      [Choose CSet: 0.0 ms]
      [Ref Proc: 0.2 ms]
      [Ref Enq: 0.0 ms]
      [Redirty Cards: 0.2 ms]
      [Humongous Register: 0.2 ms]
      [Humongous Reclaim: 0.0 ms]
      [Free CSet: 0.0 ms]
   [Eden: 1024.0K(240.0M)->0.0B(237.0M) Survivors: 7168.0K->8192.0K Heap: 525.4M(1024.0M)->524.7M(1024.0M)]
 [Times: user=0.04 sys=0.00, real=0.00 secs] 
6.714: [GC concurrent-root-region-scan-start]
6.714: [GC concurrent-root-region-scan-end, 0.0002020 secs]
6.714: [GC concurrent-mark-start]
6.717: [GC concurrent-mark-end, 0.0033473 secs]
6.717: [GC remark 6.717: [Finalize Marking, 0.0003848 secs] 6.718: [GC ref-proc, 0.0004116 secs] 6.718: [Unloading, 0.0012369 secs], 0.0030067 secs]
 [Times: user=0.02 sys=0.00, real=0.01 secs] 
6.720: [GC cleanup 539M->536M(1024M), 0.0019164 secs]
 [Times: user=0.02 sys=0.00, real=0.00 secs] 
6.722: [GC concurrent-cleanup-start]
6.722: [GC concurrent-cleanup-end, 0.0000386 secs]
6.811: [GC pause (G1 Evacuation Pause) (young), 0.0342593 secs]
   [Parallel Time: 32.3 ms, GC Workers: 18]
      [GC Worker Start (ms): Min: 6811.4, Avg: 6811.6, Max: 6811.8, Diff: 0.4]
      [Ext Root Scanning (ms): Min: 0.0, Avg: 0.2, Max: 0.3, Diff: 0.3, Sum: 2.8]
      [Update RS (ms): Min: 8.7, Avg: 8.8, Max: 9.0, Diff: 0.3, Sum: 159.2]
         [Processed Buffers: Min: 25, Avg: 28.3, Max: 34, Diff: 9, Sum: 510]
      [Scan RS (ms): Min: 0.0, Avg: 0.1, Max: 0.3, Diff: 0.3, Sum: 1.2]
      [Code Root Scanning (ms): Min: 0.0, Avg: 0.0, Max: 0.0, Diff: 0.0, Sum: 0.0]
      [Object Copy (ms): Min: 22.0, Avg: 22.6, Max: 22.9, Diff: 0.9, Sum: 406.3]
      [Termination (ms): Min: 0.0, Avg: 0.3, Max: 0.7, Diff: 0.7, Sum: 5.4]
         [Termination Attempts: Min: 1, Avg: 1.0, Max: 1, Diff: 0, Sum: 18]
      [GC Worker Other (ms): Min: 0.0, Avg: 0.0, Max: 0.1, Diff: 0.1, Sum: 0.8]
      [GC Worker Total (ms): Min: 31.8, Avg: 32.0, Max: 32.2, Diff: 0.3, Sum: 575.8]
      [GC Worker End (ms): Min: 6843.6, Avg: 6843.6, Max: 6843.6, Diff: 0.1]
   [Code Root Fixup: 0.0 ms]
   [Code Root Purge: 0.0 ms]
   [Clear CT: 0.2 ms]
   [Other: 1.8 ms]
      [Choose CSet: 0.0 ms]
      [Ref Proc: 0.2 ms]
      [Ref Enq: 0.0 ms]
      [Redirty Cards: 0.3 ms]
      [Humongous Register: 0.3 ms]
      [Humongous Reclaim: 0.4 ms]
      [Free CSet: 0.4 ms]
   [Eden: 237.0M(237.0M)->0.0B(20.0M) Survivors: 8192.0K->31.0M Heap: 820.4M(1024.0M)->579.9M(1024.0M)]
 [Times: user=0.49 sys=0.08, real=0.03 secs] 
6.853: [GC pause (G1 Evacuation Pause) (mixed), 0.0223022 secs]
   [Parallel Time: 20.4 ms, GC Workers: 18]
      [GC Worker Start (ms): Min: 6853.3, Avg: 6853.6, Max: 6853.9, Diff: 0.5]
      [Ext Root Scanning (ms): Min: 0.0, Avg: 0.2, Max: 0.4, Diff: 0.4, Sum: 2.7]
      [Update RS (ms): Min: 0.7, Avg: 0.9, Max: 1.1, Diff: 0.3, Sum: 16.5]
         [Processed Buffers: Min: 2, Avg: 3.7, Max: 6, Diff: 4, Sum: 66]
      [Scan RS (ms): Min: 0.0, Avg: 0.1, Max: 0.3, Diff: 0.2, Sum: 1.4]
      [Code Root Scanning (ms): Min: 0.0, Avg: 0.0, Max: 0.2, Diff: 0.2, Sum: 0.2]
      [Object Copy (ms): Min: 18.2, Avg: 18.5, Max: 18.7, Diff: 0.6, Sum: 333.5]
      [Termination (ms): Min: 0.0, Avg: 0.2, Max: 0.3, Diff: 0.3, Sum: 2.9]
         [Termination Attempts: Min: 1, Avg: 1.0, Max: 1, Diff: 0, Sum: 18]
      [GC Worker Other (ms): Min: 0.0, Avg: 0.0, Max: 0.1, Diff: 0.1, Sum: 0.4]
      [GC Worker Total (ms): Min: 19.6, Avg: 19.9, Max: 20.2, Diff: 0.5, Sum: 357.7]
      [GC Worker End (ms): Min: 6873.5, Avg: 6873.5, Max: 6873.5, Diff: 0.0]
   [Code Root Fixup: 0.0 ms]
   [Code Root Purge: 0.0 ms]
   [Clear CT: 0.3 ms]
   [Other: 1.6 ms]
      [Choose CSet: 0.1 ms]
      [Ref Proc: 0.3 ms]
      [Ref Enq: 0.0 ms]
      [Redirty Cards: 0.3 ms]
      [Humongous Register: 0.2 ms]
      [Humongous Reclaim: 0.1 ms]
      [Free CSet: 0.5 ms]
   [Eden: 20.0M(20.0M)->0.0B(44.0M) Survivors: 31.0M->7168.0K Heap: 605.9M(1024.0M)->511.3M(1024.0M)]
 [Times: user=0.30 sys=0.05, real=0.02 secs] 
6.893: [GC pause (G1 Evacuation Pause) (mixed), 0.0127426 secs]
   [Parallel Time: 11.4 ms, GC Workers: 18]
      [GC Worker Start (ms): Min: 6892.8, Avg: 6893.0, Max: 6893.2, Diff: 0.4]
      [Ext Root Scanning (ms): Min: 0.0, Avg: 0.2, Max: 0.4, Diff: 0.4, Sum: 3.0]
      [Update RS (ms): Min: 2.1, Avg: 2.4, Max: 2.6, Diff: 0.4, Sum: 42.8]
         [Processed Buffers: Min: 5, Avg: 7.1, Max: 8, Diff: 3, Sum: 128]
      [Scan RS (ms): Min: 0.0, Avg: 0.0, Max: 0.1, Diff: 0.0, Sum: 0.4]
      [Code Root Scanning (ms): Min: 0.0, Avg: 0.0, Max: 0.0, Diff: 0.0, Sum: 0.0]
      [Object Copy (ms): Min: 7.6, Avg: 7.9, Max: 8.4, Diff: 0.9, Sum: 143.1]
      [Termination (ms): Min: 0.0, Avg: 0.4, Max: 0.6, Diff: 0.6, Sum: 6.4]
         [Termination Attempts: Min: 1, Avg: 1.2, Max: 2, Diff: 1, Sum: 22]
      [GC Worker Other (ms): Min: 0.0, Avg: 0.0, Max: 0.2, Diff: 0.2, Sum: 0.5]
      [GC Worker Total (ms): Min: 10.7, Avg: 10.9, Max: 11.1, Diff: 0.4, Sum: 196.2]
      [GC Worker End (ms): Min: 6903.9, Avg: 6903.9, Max: 6903.9, Diff: 0.0]
   [Code Root Fixup: 0.0 ms]
   [Code Root Purge: 0.0 ms]
   [Clear CT: 0.2 ms]
   [Other: 1.2 ms]
      [Choose CSet: 0.0 ms]
      [Ref Proc: 0.3 ms]
      [Ref Enq: 0.0 ms]
      [Redirty Cards: 0.3 ms]
      [Humongous Register: 0.1 ms]
      [Humongous Reclaim: 0.1 ms]
      [Free CSet: 0.2 ms]
   [Eden: 44.0M(44.0M)->0.0B(251.0M) Survivors: 7168.0K->7168.0K Heap: 568.9M(1024.0M)->513.4M(1024.0M)]
 [Times: user=0.18 sys=0.01, real=0.01 secs] 
6.908: [GC pause (G1 Humongous Allocation) (young) (initial-mark), 0.0053554 secs]
   [Parallel Time: 4.1 ms, GC Workers: 18]
      [GC Worker Start (ms): Min: 6908.5, Avg: 6908.7, Max: 6908.8, Diff: 0.4]
      [Ext Root Scanning (ms): Min: 0.0, Avg: 0.2, Max: 0.5, Diff: 0.5, Sum: 4.3]
      [Update RS (ms): Min: 0.0, Avg: 0.1, Max: 0.4, Diff: 0.4, Sum: 2.3]
         [Processed Buffers: Min: 0, Avg: 1.0, Max: 3, Diff: 3, Sum: 18]
      [Scan RS (ms): Min: 0.0, Avg: 0.0, Max: 0.0, Diff: 0.0, Sum: 0.1]
      [Code Root Scanning (ms): Min: 0.0, Avg: 0.0, Max: 0.0, Diff: 0.0, Sum: 0.0]
      [Object Copy (ms): Min: 2.3, Avg: 2.9, Max: 3.3, Diff: 1.0, Sum: 52.1]
      [Termination (ms): Min: 0.0, Avg: 0.3, Max: 0.8, Diff: 0.8, Sum: 5.9]
         [Termination Attempts: Min: 1, Avg: 1.0, Max: 1, Diff: 0, Sum: 18]
      [GC Worker Other (ms): Min: 0.0, Avg: 0.0, Max: 0.0, Diff: 0.0, Sum: 0.3]
      [GC Worker Total (ms): Min: 3.4, Avg: 3.6, Max: 3.8, Diff: 0.4, Sum: 65.1]
      [GC Worker End (ms): Min: 6912.3, Avg: 6912.3, Max: 6912.3, Diff: 0.0]
   [Code Root Fixup: 0.0 ms]
   [Code Root Purge: 0.0 ms]
   [Clear CT: 0.2 ms]
   [Other: 1.0 ms]
      [Choose CSet: 0.0 ms]
      [Ref Proc: 0.3 ms]
      [Ref Enq: 0.0 ms]
      [Redirty Cards: 0.2 ms]
      [Humongous Register: 0.2 ms]
      [Humongous Reclaim: 0.1 ms]
      [Free CSet: 0.1 ms]
   [Eden: 10.0M(251.0M)->0.0B(254.0M) Survivors: 7168.0K->11.0M Heap: 523.1M(1024.0M)->514.0M(1024.0M)]
 [Times: user=0.06 sys=0.00, real=0.00 secs] 
6.914: [GC concurrent-root-region-scan-start]
6.914: [GC concurrent-root-region-scan-end, 0.0002302 secs]
6.914: [GC concurrent-mark-start]
6.916: [GC concurrent-mark-end, 0.0026102 secs]
6.917: [GC remark 6.917: [Finalize Marking, 0.0003363 secs] 6.917: [GC ref-proc, 0.0004017 secs] 6.917: [Unloading, 0.0008531 secs], 0.0025395 secs]
 [Times: user=0.02 sys=0.00, real=0.01 secs] 
6.919: [GC cleanup 522M->519M(1024M), 0.0018622 secs]
 [Times: user=0.02 sys=0.00, real=0.00 secs] 
6.921: [GC concurrent-cleanup-start]
6.921: [GC concurrent-cleanup-end, 0.0000283 secs]
7.020: [GC pause (G1 Evacuation Pause) (young), 0.0376664 secs]
   [Parallel Time: 35.6 ms, GC Workers: 18]
      [GC Worker Start (ms): Min: 7020.6, Avg: 7020.8, Max: 7021.0, Diff: 0.4]
      [Ext Root Scanning (ms): Min: 0.0, Avg: 0.1, Max: 0.3, Diff: 0.3, Sum: 2.3]
      [Update RS (ms): Min: 11.0, Avg: 11.2, Max: 11.4, Diff: 0.4, Sum: 202.2]
         [Processed Buffers: Min: 30, Avg: 33.4, Max: 39, Diff: 9, Sum: 601]
      [Scan RS (ms): Min: 0.0, Avg: 0.1, Max: 0.4, Diff: 0.4, Sum: 1.5]
      [Code Root Scanning (ms): Min: 0.0, Avg: 0.0, Max: 0.0, Diff: 0.0, Sum: 0.0]
      [Object Copy (ms): Min: 23.2, Avg: 23.5, Max: 23.8, Diff: 0.7, Sum: 423.8]
      [Termination (ms): Min: 0.0, Avg: 0.2, Max: 0.4, Diff: 0.4, Sum: 3.5]
         [Termination Attempts: Min: 1, Avg: 1.0, Max: 1, Diff: 0, Sum: 18]
      [GC Worker Other (ms): Min: 0.0, Avg: 0.1, Max: 0.1, Diff: 0.1, Sum: 1.0]
      [GC Worker Total (ms): Min: 35.0, Avg: 35.2, Max: 35.4, Diff: 0.4, Sum: 634.3]
      [GC Worker End (ms): Min: 7056.0, Avg: 7056.0, Max: 7056.0, Diff: 0.1]
   [Code Root Fixup: 0.0 ms]
   [Code Root Purge: 0.0 ms]
   [Clear CT: 0.3 ms]
   [Other: 1.7 ms]
      [Choose CSet: 0.0 ms]
      [Ref Proc: 0.4 ms]
      [Ref Enq: 0.0 ms]
      [Redirty Cards: 0.2 ms]
      [Humongous Register: 0.3 ms]
      [Humongous Reclaim: 0.4 ms]
      [Free CSet: 0.3 ms]
   [Eden: 254.0M(254.0M)->0.0B(17.0M) Survivors: 11.0M->34.0M Heap: 838.4M(1024.0M)->572.2M(1024.0M)]
 [Times: user=0.59 sys=0.04, real=0.04 secs] 
7.064: [GC pause (G1 Evacuation Pause) (mixed), 0.0222049 secs]
   [Parallel Time: 20.5 ms, GC Workers: 18]
      [GC Worker Start (ms): Min: 7064.6, Avg: 7064.8, Max: 7065.1, Diff: 0.5]
      [Ext Root Scanning (ms): Min: 0.0, Avg: 0.1, Max: 0.3, Diff: 0.3, Sum: 1.3]
      [Update RS (ms): Min: 0.7, Avg: 0.9, Max: 1.0, Diff: 0.4, Sum: 15.7]
         [Processed Buffers: Min: 2, Avg: 3.3, Max: 6, Diff: 4, Sum: 59]
      [Scan RS (ms): Min: 0.0, Avg: 0.1, Max: 0.2, Diff: 0.2, Sum: 1.7]
      [Code Root Scanning (ms): Min: 0.0, Avg: 0.0, Max: 0.3, Diff: 0.3, Sum: 0.3]
      [Object Copy (ms): Min: 18.4, Avg: 18.7, Max: 18.9, Diff: 0.5, Sum: 335.8]
      [Termination (ms): Min: 0.0, Avg: 0.3, Max: 0.5, Diff: 0.5, Sum: 5.3]
         [Termination Attempts: Min: 1, Avg: 1.1, Max: 2, Diff: 1, Sum: 19]
      [GC Worker Other (ms): Min: 0.0, Avg: 0.0, Max: 0.1, Diff: 0.0, Sum: 0.4]
      [GC Worker Total (ms): Min: 19.8, Avg: 20.0, Max: 20.3, Diff: 0.4, Sum: 360.5]
      [GC Worker End (ms): Min: 7084.9, Avg: 7084.9, Max: 7084.9, Diff: 0.0]
   [Code Root Fixup: 0.0 ms]
   [Code Root Purge: 0.0 ms]
   [Clear CT: 0.3 ms]
   [Other: 1.4 ms]
      [Choose CSet: 0.1 ms]
      [Ref Proc: 0.3 ms]
      [Ref Enq: 0.0 ms]
      [Redirty Cards: 0.2 ms]
      [Humongous Register: 0.3 ms]
      [Humongous Reclaim: 0.0 ms]
      [Free CSet: 0.4 ms]
   [Eden: 17.0M(17.0M)->0.0B(44.0M) Survivors: 34.0M->7168.0K Heap: 594.1M(1024.0M)->507.6M(1024.0M)]
 [Times: user=0.30 sys=0.05, real=0.02 secs] 
7.101: [GC pause (G1 Evacuation Pause) (mixed), 0.0148501 secs]
   [Parallel Time: 13.4 ms, GC Workers: 18]
      [GC Worker Start (ms): Min: 7101.1, Avg: 7101.2, Max: 7101.4, Diff: 0.4]
      [Ext Root Scanning (ms): Min: 0.0, Avg: 0.2, Max: 0.3, Diff: 0.3, Sum: 3.2]
      [Update RS (ms): Min: 2.2, Avg: 2.3, Max: 2.5, Diff: 0.3, Sum: 41.4]
         [Processed Buffers: Min: 6, Avg: 7.3, Max: 9, Diff: 3, Sum: 131]
      [Scan RS (ms): Min: 0.0, Avg: 0.0, Max: 0.1, Diff: 0.1, Sum: 0.6]
      [Code Root Scanning (ms): Min: 0.0, Avg: 0.0, Max: 0.0, Diff: 0.0, Sum: 0.0]
      [Object Copy (ms): Min: 9.1, Avg: 9.7, Max: 10.5, Diff: 1.4, Sum: 174.6]
      [Termination (ms): Min: 0.0, Avg: 0.7, Max: 1.1, Diff: 1.1, Sum: 13.2]
         [Termination Attempts: Min: 1, Avg: 1.0, Max: 1, Diff: 0, Sum: 18]
      [GC Worker Other (ms): Min: 0.0, Avg: 0.0, Max: 0.0, Diff: 0.0, Sum: 0.4]
      [GC Worker Total (ms): Min: 12.8, Avg: 13.0, Max: 13.2, Diff: 0.4, Sum: 233.7]
      [GC Worker End (ms): Min: 7114.2, Avg: 7114.2, Max: 7114.2, Diff: 0.0]
   [Code Root Fixup: 0.0 ms]
   [Code Root Purge: 0.0 ms]
   [Clear CT: 0.2 ms]
   [Other: 1.2 ms]
      [Choose CSet: 0.0 ms]
      [Ref Proc: 0.3 ms]
      [Ref Enq: 0.0 ms]
      [Redirty Cards: 0.2 ms]
      [Humongous Register: 0.2 ms]
      [Humongous Reclaim: 0.1 ms]
      [Free CSet: 0.1 ms]
   [Eden: 44.0M(44.0M)->0.0B(256.0M) Survivors: 7168.0K->7168.0K Heap: 565.5M(1024.0M)->513.0M(1024.0M)]
 [Times: user=0.20 sys=0.02, real=0.01 secs] 
7.117: [GC pause (G1 Humongous Allocation) (young) (initial-mark), 0.0034107 secs]
   [Parallel Time: 2.3 ms, GC Workers: 18]
      [GC Worker Start (ms): Min: 7117.3, Avg: 7117.5, Max: 7117.6, Diff: 0.3]
      [Ext Root Scanning (ms): Min: 0.1, Avg: 0.2, Max: 0.3, Diff: 0.3, Sum: 3.3]
      [Update RS (ms): Min: 0.1, Avg: 0.3, Max: 0.7, Diff: 0.6, Sum: 5.0]
         [Processed Buffers: Min: 0, Avg: 1.1, Max: 4, Diff: 4, Sum: 19]
      [Scan RS (ms): Min: 0.0, Avg: 0.0, Max: 0.0, Diff: 0.0, Sum: 0.1]
      [Code Root Scanning (ms): Min: 0.0, Avg: 0.0, Max: 0.0, Diff: 0.0, Sum: 0.0]
      [Object Copy (ms): Min: 0.8, Avg: 1.2, Max: 1.7, Diff: 0.9, Sum: 22.0]
      [Termination (ms): Min: 0.0, Avg: 0.3, Max: 0.7, Diff: 0.7, Sum: 4.7]
         [Termination Attempts: Min: 1, Avg: 1.0, Max: 1, Diff: 0, Sum: 18]
      [GC Worker Other (ms): Min: 0.0, Avg: 0.0, Max: 0.0, Diff: 0.0, Sum: 0.2]
      [GC Worker Total (ms): Min: 1.8, Avg: 2.0, Max: 2.1, Diff: 0.3, Sum: 35.4]
      [GC Worker End (ms): Min: 7119.4, Avg: 7119.4, Max: 7119.4, Diff: 0.0]
   [Code Root Fixup: 0.0 ms]
   [Code Root Purge: 0.0 ms]
   [Clear CT: 0.2 ms]
   [Other: 0.9 ms]
      [Choose CSet: 0.0 ms]
      [Ref Proc: 0.3 ms]
      [Ref Enq: 0.0 ms]
      [Redirty Cards: 0.2 ms]
      [Humongous Register: 0.2 ms]
      [Humongous Reclaim: 0.0 ms]
      [Free CSet: 0.0 ms]
   [Eden: 4096.0K(256.0M)->0.0B(269.0M) Survivors: 7168.0K->7168.0K Heap: 516.5M(1024.0M)->512.2M(1024.0M)]
 [Times: user=0.04 sys=0.00, real=0.01 secs] 
7.121: [GC concurrent-root-region-scan-start]
7.121: [GC concurrent-root-region-scan-end, 0.0001613 secs]
7.121: [GC concurrent-mark-start]
7.123: [GC concurrent-mark-end, 0.0026887 secs]
7.124: [GC remark 7.124: [Finalize Marking, 0.0004809 secs] 7.124: [GC ref-proc, 0.0004022 secs] 7.124: [Unloading, 0.0009444 secs], 0.0026759 secs]
 [Times: user=0.03 sys=0.00, real=0.00 secs] 
7.126: [GC cleanup 524M->520M(1024M), 0.0014989 secs]
 [Times: user=0.01 sys=0.00, real=0.01 secs] 
7.128: [GC concurrent-cleanup-start]
7.128: [GC concurrent-cleanup-end, 0.0000372 secs]
7.224: [GC pause (G1 Evacuation Pause) (young) (to-space exhausted), 0.0363886 secs]
   [Parallel Time: 34.1 ms, GC Workers: 18]
      [GC Worker Start (ms): Min: 7224.5, Avg: 7224.7, Max: 7224.9, Diff: 0.4]
      [Ext Root Scanning (ms): Min: 0.0, Avg: 0.2, Max: 0.3, Diff: 0.3, Sum: 2.8]
      [Update RS (ms): Min: 12.7, Avg: 12.8, Max: 12.9, Diff: 0.2, Sum: 230.5]
         [Processed Buffers: Min: 30, Avg: 34.8, Max: 42, Diff: 12, Sum: 627]
      [Scan RS (ms): Min: 0.0, Avg: 0.1, Max: 0.2, Diff: 0.1, Sum: 1.1]
      [Code Root Scanning (ms): Min: 0.0, Avg: 0.0, Max: 0.0, Diff: 0.0, Sum: 0.0]
      [Object Copy (ms): Min: 20.5, Avg: 20.6, Max: 20.8, Diff: 0.3, Sum: 371.0]
      [Termination (ms): Min: 0.0, Avg: 0.1, Max: 0.1, Diff: 0.1, Sum: 1.4]
         [Termination Attempts: Min: 1, Avg: 1.0, Max: 1, Diff: 0, Sum: 18]
      [GC Worker Other (ms): Min: 0.0, Avg: 0.1, Max: 0.1, Diff: 0.1, Sum: 0.9]
      [GC Worker Total (ms): Min: 33.6, Avg: 33.8, Max: 34.0, Diff: 0.4, Sum: 607.8]
      [GC Worker End (ms): Min: 7258.5, Avg: 7258.5, Max: 7258.6, Diff: 0.1]
   [Code Root Fixup: 0.0 ms]
   [Code Root Purge: 0.0 ms]
   [Clear CT: 0.3 ms]
   [Other: 2.0 ms]
      [Evacuation Failure: 0.5 ms]
      [Choose CSet: 0.0 ms]
      [Ref Proc: 0.3 ms]
      [Ref Enq: 0.0 ms]
      [Redirty Cards: 0.2 ms]
      [Humongous Register: 0.3 ms]
      [Humongous Reclaim: 0.3 ms]
      [Free CSet: 0.3 ms]
   [Eden: 269.0M(269.0M)->0.0B(16.0M) Survivors: 7168.0K->35.0M Heap: 854.2M(1024.0M)->666.7M(1024.0M)]
 [Times: user=0.56 sys=0.03, real=0.04 secs] 
7.267: [GC pause (G1 Evacuation Pause) (mixed), 0.0210685 secs]
   [Parallel Time: 19.4 ms, GC Workers: 18]
      [GC Worker Start (ms): Min: 7267.0, Avg: 7267.2, Max: 7267.4, Diff: 0.4]
      [Ext Root Scanning (ms): Min: 0.0, Avg: 0.2, Max: 0.4, Diff: 0.4, Sum: 3.0]
      [Update RS (ms): Min: 0.8, Avg: 0.8, Max: 0.9, Diff: 0.1, Sum: 14.9]
         [Processed Buffers: Min: 3, Avg: 3.8, Max: 7, Diff: 4, Sum: 69]
      [Scan RS (ms): Min: 0.0, Avg: 0.1, Max: 0.2, Diff: 0.2, Sum: 1.6]
      [Code Root Scanning (ms): Min: 0.0, Avg: 0.0, Max: 0.0, Diff: 0.0, Sum: 0.0]
      [Object Copy (ms): Min: 17.4, Avg: 17.5, Max: 17.8, Diff: 0.4, Sum: 315.5]
      [Termination (ms): Min: 0.0, Avg: 0.2, Max: 0.3, Diff: 0.3, Sum: 4.0]
         [Termination Attempts: Min: 1, Avg: 1.4, Max: 4, Diff: 3, Sum: 25]
      [GC Worker Other (ms): Min: 0.0, Avg: 0.0, Max: 0.0, Diff: 0.0, Sum: 0.3]
      [GC Worker Total (ms): Min: 18.7, Avg: 18.9, Max: 19.1, Diff: 0.4, Sum: 339.4]
      [GC Worker End (ms): Min: 7286.1, Avg: 7286.1, Max: 7286.1, Diff: 0.0]
   [Code Root Fixup: 0.0 ms]
   [Code Root Purge: 0.0 ms]
   [Clear CT: 0.3 ms]
   [Other: 1.4 ms]
      [Choose CSet: 0.1 ms]
      [Ref Proc: 0.3 ms]
      [Ref Enq: 0.0 ms]
      [Redirty Cards: 0.2 ms]
      [Humongous Register: 0.3 ms]
      [Humongous Reclaim: 0.1 ms]
      [Free CSet: 0.4 ms]
   [Eden: 16.0M(16.0M)->0.0B(46.0M) Survivors: 35.0M->5120.0K Heap: 687.3M(1024.0M)->596.6M(1024.0M)]
 [Times: user=0.31 sys=0.03, real=0.03 secs] 
7.306: [GC pause (G1 Evacuation Pause) (mixed), 0.0143193 secs]
   [Parallel Time: 12.8 ms, GC Workers: 18]
      [GC Worker Start (ms): Min: 7306.5, Avg: 7306.8, Max: 7307.1, Diff: 0.5]
      [Ext Root Scanning (ms): Min: 0.0, Avg: 0.1, Max: 0.3, Diff: 0.3, Sum: 1.4]
      [Update RS (ms): Min: 3.0, Avg: 3.3, Max: 3.5, Diff: 0.4, Sum: 58.9]
         [Processed Buffers: Min: 9, Avg: 9.8, Max: 12, Diff: 3, Sum: 177]
      [Scan RS (ms): Min: 0.0, Avg: 0.0, Max: 0.1, Diff: 0.1, Sum: 0.6]
      [Code Root Scanning (ms): Min: 0.0, Avg: 0.0, Max: 0.0, Diff: 0.0, Sum: 0.0]
      [Object Copy (ms): Min: 8.2, Avg: 8.6, Max: 9.1, Diff: 0.9, Sum: 154.6]
      [Termination (ms): Min: 0.0, Avg: 0.3, Max: 0.5, Diff: 0.5, Sum: 5.7]
         [Termination Attempts: Min: 1, Avg: 1.2, Max: 3, Diff: 2, Sum: 22]
      [GC Worker Other (ms): Min: 0.0, Avg: 0.0, Max: 0.1, Diff: 0.0, Sum: 0.5]
      [GC Worker Total (ms): Min: 12.0, Avg: 12.3, Max: 12.6, Diff: 0.5, Sum: 221.8]
      [GC Worker End (ms): Min: 7319.1, Avg: 7319.1, Max: 7319.2, Diff: 0.0]
   [Code Root Fixup: 0.0 ms]
   [Code Root Purge: 0.0 ms]
   [Clear CT: 0.2 ms]
   [Other: 1.3 ms]
      [Choose CSet: 0.0 ms]
      [Ref Proc: 0.3 ms]
      [Ref Enq: 0.0 ms]
      [Redirty Cards: 0.3 ms]
      [Humongous Register: 0.2 ms]
      [Humongous Reclaim: 0.1 ms]
      [Free CSet: 0.2 ms]
   [Eden: 46.0M(46.0M)->0.0B(197.0M) Survivors: 5120.0K->7168.0K Heap: 662.3M(1024.0M)->599.3M(1024.0M)]
 [Times: user=0.21 sys=0.00, real=0.02 secs] 
7.322: [GC pause (G1 Humongous Allocation) (young) (initial-mark), 0.0037920 secs]
   [Parallel Time: 2.6 ms, GC Workers: 18]
      [GC Worker Start (ms): Min: 7322.6, Avg: 7322.8, Max: 7322.9, Diff: 0.4]
      [Ext Root Scanning (ms): Min: 0.0, Avg: 0.2, Max: 0.4, Diff: 0.4, Sum: 4.1]
      [Update RS (ms): Min: 0.0, Avg: 0.2, Max: 0.9, Diff: 0.9, Sum: 4.1]
         [Processed Buffers: Min: 0, Avg: 1.0, Max: 2, Diff: 2, Sum: 18]
      [Scan RS (ms): Min: 0.0, Avg: 0.0, Max: 0.0, Diff: 0.0, Sum: 0.1]
      [Code Root Scanning (ms): Min: 0.0, Avg: 0.0, Max: 0.0, Diff: 0.0, Sum: 0.0]
      [Object Copy (ms): Min: 0.9, Avg: 1.6, Max: 1.9, Diff: 1.0, Sum: 29.6]
      [Termination (ms): Min: 0.0, Avg: 0.2, Max: 0.4, Diff: 0.4, Sum: 3.4]
         [Termination Attempts: Min: 1, Avg: 1.0, Max: 1, Diff: 0, Sum: 18]
      [GC Worker Other (ms): Min: 0.0, Avg: 0.0, Max: 0.0, Diff: 0.0, Sum: 0.2]
      [GC Worker Total (ms): Min: 2.1, Avg: 2.3, Max: 2.5, Diff: 0.4, Sum: 41.5]
      [GC Worker End (ms): Min: 7325.0, Avg: 7325.1, Max: 7325.1, Diff: 0.0]
   [Code Root Fixup: 0.0 ms]
   [Code Root Purge: 0.0 ms]
   [Clear CT: 0.2 ms]
   [Other: 1.0 ms]
      [Choose CSet: 0.0 ms]
      [Ref Proc: 0.3 ms]
      [Ref Enq: 0.0 ms]
      [Redirty Cards: 0.2 ms]
      [Humongous Register: 0.2 ms]
      [Humongous Reclaim: 0.0 ms]
      [Free CSet: 0.0 ms]
   [Eden: 6144.0K(197.0M)->0.0B(202.0M) Survivors: 7168.0K->9216.0K Heap: 605.1M(1024.0M)->600.3M(1024.0M)]
 [Times: user=0.04 sys=0.00, real=0.00 secs] 
7.326: [GC concurrent-root-region-scan-start]
7.326: [GC concurrent-root-region-scan-end, 0.0002082 secs]
7.326: [GC concurrent-mark-start]
7.329: [GC concurrent-mark-end, 0.0028744 secs]
7.329: [GC remark 7.329: [Finalize Marking, 0.0004214 secs] 7.330: [GC ref-proc, 0.0004023 secs] 7.330: [Unloading, 0.0009732 secs], 0.0026312 secs]
 [Times: user=0.02 sys=0.01, real=0.00 secs] 
7.332: [GC cleanup 610M->600M(1024M), 0.0017218 secs]
 [Times: user=0.01 sys=0.00, real=0.00 secs] 
7.334: [GC concurrent-cleanup-start]
7.334: [GC concurrent-cleanup-end, 0.0000375 secs]
7.408: [GC pause (G1 Evacuation Pause) (young), 0.0281420 secs]
   [Parallel Time: 26.3 ms, GC Workers: 18]
      [GC Worker Start (ms): Min: 7408.0, Avg: 7408.2, Max: 7408.4, Diff: 0.4]
      [Ext Root Scanning (ms): Min: 0.0, Avg: 0.2, Max: 0.4, Diff: 0.4, Sum: 3.7]
      [Update RS (ms): Min: 8.3, Avg: 8.4, Max: 8.6, Diff: 0.2, Sum: 151.8]
         [Processed Buffers: Min: 22, Avg: 24.5, Max: 29, Diff: 7, Sum: 441]
      [Scan RS (ms): Min: 0.0, Avg: 0.0, Max: 0.1, Diff: 0.1, Sum: 0.9]
      [Code Root Scanning (ms): Min: 0.0, Avg: 0.0, Max: 0.0, Diff: 0.0, Sum: 0.0]
      [Object Copy (ms): Min: 16.6, Avg: 16.9, Max: 17.3, Diff: 0.7, Sum: 304.7]
      [Termination (ms): Min: 0.0, Avg: 0.3, Max: 0.6, Diff: 0.6, Sum: 5.9]
         [Termination Attempts: Min: 1, Avg: 1.0, Max: 1, Diff: 0, Sum: 18]
      [GC Worker Other (ms): Min: 0.0, Avg: 0.0, Max: 0.1, Diff: 0.1, Sum: 0.8]
      [GC Worker Total (ms): Min: 25.8, Avg: 26.0, Max: 26.1, Diff: 0.4, Sum: 467.8]
      [GC Worker End (ms): Min: 7434.2, Avg: 7434.2, Max: 7434.2, Diff: 0.1]
   [Code Root Fixup: 0.0 ms]
   [Code Root Purge: 0.0 ms]
   [Clear CT: 0.2 ms]
   [Other: 1.6 ms]
      [Choose CSet: 0.0 ms]
      [Ref Proc: 0.3 ms]
      [Ref Enq: 0.0 ms]
      [Redirty Cards: 0.3 ms]
      [Humongous Register: 0.3 ms]
      [Humongous Reclaim: 0.2 ms]
      [Free CSet: 0.3 ms]
   [Eden: 202.0M(202.0M)->0.0B(24.0M) Survivors: 9216.0K->27.0M Heap: 846.0M(1024.0M)->649.7M(1024.0M)]
 [Times: user=0.44 sys=0.02, real=0.03 secs] 
7.444: [GC pause (G1 Evacuation Pause) (mixed), 0.0162672 secs]
   [Parallel Time: 14.3 ms, GC Workers: 18]
      [GC Worker Start (ms): Min: 7444.3, Avg: 7444.6, Max: 7444.7, Diff: 0.5]
      [Ext Root Scanning (ms): Min: 0.0, Avg: 0.1, Max: 0.4, Diff: 0.4, Sum: 2.3]
      [Update RS (ms): Min: 0.8, Avg: 1.0, Max: 1.2, Diff: 0.3, Sum: 18.6]
         [Processed Buffers: Min: 3, Avg: 3.8, Max: 5, Diff: 2, Sum: 68]
      [Scan RS (ms): Min: 0.0, Avg: 0.1, Max: 0.3, Diff: 0.3, Sum: 1.0]
      [Code Root Scanning (ms): Min: 0.0, Avg: 0.0, Max: 0.0, Diff: 0.0, Sum: 0.0]
      [Object Copy (ms): Min: 12.1, Avg: 12.4, Max: 12.6, Diff: 0.5, Sum: 223.0]
      [Termination (ms): Min: 0.0, Avg: 0.2, Max: 0.4, Diff: 0.4, Sum: 3.0]
         [Termination Attempts: Min: 1, Avg: 1.1, Max: 2, Diff: 1, Sum: 19]
      [GC Worker Other (ms): Min: 0.0, Avg: 0.0, Max: 0.0, Diff: 0.0, Sum: 0.3]
      [GC Worker Total (ms): Min: 13.6, Avg: 13.8, Max: 14.0, Diff: 0.4, Sum: 248.2]
      [GC Worker End (ms): Min: 7458.3, Avg: 7458.3, Max: 7458.4, Diff: 0.0]
   [Code Root Fixup: 0.0 ms]
   [Code Root Purge: 0.0 ms]
   [Clear CT: 0.2 ms]
   [Other: 1.7 ms]
      [Choose CSet: 0.1 ms]
      [Ref Proc: 0.3 ms]
      [Ref Enq: 0.0 ms]
      [Redirty Cards: 0.3 ms]
      [Humongous Register: 0.4 ms]
      [Humongous Reclaim: 0.1 ms]
      [Free CSet: 0.4 ms]
   [Eden: 24.0M(24.0M)->0.0B(44.0M) Survivors: 27.0M->7168.0K Heap: 679.8M(1024.0M)->567.9M(1024.0M)]
 [Times: user=0.24 sys=0.01, real=0.02 secs] 
7.477: [GC pause (G1 Evacuation Pause) (mixed), 0.0204219 secs]
   [Parallel Time: 18.7 ms, GC Workers: 18]
      [GC Worker Start (ms): Min: 7477.1, Avg: 7477.3, Max: 7477.5, Diff: 0.4]
      [Ext Root Scanning (ms): Min: 0.0, Avg: 0.2, Max: 0.3, Diff: 0.3, Sum: 2.9]
      [Update RS (ms): Min: 2.3, Avg: 2.4, Max: 2.4, Diff: 0.2, Sum: 42.7]
         [Processed Buffers: Min: 7, Avg: 7.8, Max: 9, Diff: 2, Sum: 141]
      [Scan RS (ms): Min: 0.0, Avg: 0.1, Max: 0.2, Diff: 0.2, Sum: 1.5]
      [Code Root Scanning (ms): Min: 0.0, Avg: 0.0, Max: 0.1, Diff: 0.1, Sum: 0.1]
      [Object Copy (ms): Min: 15.0, Avg: 15.3, Max: 15.5, Diff: 0.5, Sum: 274.7]
      [Termination (ms): Min: 0.0, Avg: 0.4, Max: 0.6, Diff: 0.6, Sum: 6.3]
         [Termination Attempts: Min: 1, Avg: 1.1, Max: 2, Diff: 1, Sum: 19]
      [GC Worker Other (ms): Min: 0.0, Avg: 0.0, Max: 0.0, Diff: 0.0, Sum: 0.4]
      [GC Worker Total (ms): Min: 18.1, Avg: 18.3, Max: 18.4, Diff: 0.3, Sum: 328.6]
      [GC Worker End (ms): Min: 7495.5, Avg: 7495.5, Max: 7495.5, Diff: 0.0]
   [Code Root Fixup: 0.0 ms]
   [Code Root Purge: 0.0 ms]
   [Clear CT: 0.2 ms]
   [Other: 1.5 ms]
      [Choose CSet: 0.1 ms]
      [Ref Proc: 0.2 ms]
      [Ref Enq: 0.0 ms]
      [Redirty Cards: 0.3 ms]
      [Humongous Register: 0.3 ms]
      [Humongous Reclaim: 0.1 ms]
      [Free CSet: 0.4 ms]
   [Eden: 44.0M(44.0M)->0.0B(44.0M) Survivors: 7168.0K->7168.0K Heap: 627.0M(1024.0M)->510.2M(1024.0M)]
 [Times: user=0.31 sys=0.02, real=0.02 secs] 
7.512: [GC pause (G1 Evacuation Pause) (mixed), 0.0122505 secs]
   [Parallel Time: 10.9 ms, GC Workers: 18]
      [GC Worker Start (ms): Min: 7512.6, Avg: 7512.8, Max: 7512.9, Diff: 0.4]
      [Ext Root Scanning (ms): Min: 0.0, Avg: 0.2, Max: 0.4, Diff: 0.4, Sum: 3.3]
      [Update RS (ms): Min: 1.5, Avg: 1.7, Max: 1.9, Diff: 0.4, Sum: 30.2]
         [Processed Buffers: Min: 5, Avg: 5.3, Max: 6, Diff: 1, Sum: 96]
      [Scan RS (ms): Min: 0.0, Avg: 0.0, Max: 0.1, Diff: 0.1, Sum: 0.4]
      [Code Root Scanning (ms): Min: 0.0, Avg: 0.0, Max: 0.0, Diff: 0.0, Sum: 0.0]
      [Object Copy (ms): Min: 7.9, Avg: 8.3, Max: 8.7, Diff: 0.7, Sum: 149.4]
      [Termination (ms): Min: 0.0, Avg: 0.3, Max: 0.5, Diff: 0.5, Sum: 5.0]
         [Termination Attempts: Min: 1, Avg: 1.4, Max: 5, Diff: 4, Sum: 25]
      [GC Worker Other (ms): Min: 0.0, Avg: 0.0, Max: 0.0, Diff: 0.0, Sum: 0.4]
      [GC Worker Total (ms): Min: 10.3, Avg: 10.5, Max: 10.7, Diff: 0.4, Sum: 188.7]
      [GC Worker End (ms): Min: 7523.3, Avg: 7523.3, Max: 7523.3, Diff: 0.0]
   [Code Root Fixup: 0.0 ms]
   [Code Root Purge: 0.0 ms]
   [Clear CT: 0.2 ms]
   [Other: 1.2 ms]
      [Choose CSet: 0.0 ms]
      [Ref Proc: 0.3 ms]
      [Ref Enq: 0.0 ms]
      [Redirty Cards: 0.3 ms]
      [Humongous Register: 0.2 ms]
      [Humongous Reclaim: 0.1 ms]
      [Free CSet: 0.1 ms]
   [Eden: 44.0M(44.0M)->0.0B(270.0M) Survivors: 7168.0K->7168.0K Heap: 563.8M(1024.0M)->514.1M(1024.0M)]
 [Times: user=0.18 sys=0.00, real=0.01 secs] 
7.525: [GC pause (G1 Humongous Allocation) (young) (initial-mark), 0.0036702 secs]
   [Parallel Time: 2.6 ms, GC Workers: 18]
      [GC Worker Start (ms): Min: 7525.5, Avg: 7525.7, Max: 7525.9, Diff: 0.3]
      [Ext Root Scanning (ms): Min: 0.0, Avg: 0.2, Max: 0.3, Diff: 0.3, Sum: 3.2]
      [Update RS (ms): Min: 0.0, Avg: 0.3, Max: 1.3, Diff: 1.3, Sum: 5.8]
         [Processed Buffers: Min: 0, Avg: 1.0, Max: 3, Diff: 3, Sum: 18]
      [Scan RS (ms): Min: 0.0, Avg: 0.0, Max: 0.0, Diff: 0.0, Sum: 0.1]
      [Code Root Scanning (ms): Min: 0.0, Avg: 0.0, Max: 0.0, Diff: 0.0, Sum: 0.0]
      [Object Copy (ms): Min: 0.4, Avg: 1.4, Max: 1.9, Diff: 1.5, Sum: 24.8]
      [Termination (ms): Min: 0.0, Avg: 0.3, Max: 0.7, Diff: 0.7, Sum: 5.8]
         [Termination Attempts: Min: 1, Avg: 1.2, Max: 3, Diff: 2, Sum: 21]
      [GC Worker Other (ms): Min: 0.0, Avg: 0.0, Max: 0.0, Diff: 0.0, Sum: 0.3]
      [GC Worker Total (ms): Min: 2.1, Avg: 2.2, Max: 2.4, Diff: 0.3, Sum: 40.0]
      [GC Worker End (ms): Min: 7527.9, Avg: 7527.9, Max: 7527.9, Diff: 0.0]
   [Code Root Fixup: 0.0 ms]
   [Code Root Purge: 0.0 ms]
   [Clear CT: 0.2 ms]
   [Other: 0.9 ms]
      [Choose CSet: 0.0 ms]
      [Ref Proc: 0.2 ms]
      [Ref Enq: 0.0 ms]
      [Redirty Cards: 0.2 ms]
      [Humongous Register: 0.2 ms]
      [Humongous Reclaim: 0.0 ms]
      [Free CSet: 0.0 ms]
   [Eden: 1024.0K(270.0M)->0.0B(274.0M) Survivors: 7168.0K->7168.0K Heap: 515.1M(1024.0M)->513.3M(1024.0M)]
 [Times: user=0.05 sys=0.00, real=0.01 secs] 
7.529: [GC concurrent-root-region-scan-start]
7.529: [GC concurrent-root-region-scan-end, 0.0001437 secs]
7.529: [GC concurrent-mark-start]
7.532: [GC concurrent-mark-end, 0.0025573 secs]
7.532: [GC remark 7.532: [Finalize Marking, 0.0002491 secs] 7.532: [GC ref-proc, 0.0004057 secs] 7.533: [Unloading, 0.0010097 secs], 0.0024713 secs]
 [Times: user=0.02 sys=0.00, real=0.00 secs] 
7.534: [GC cleanup 523M->522M(1024M), 0.0016979 secs]
 [Times: user=0.02 sys=0.00, real=0.00 secs] 
7.536: [GC concurrent-cleanup-start]
7.536: [GC concurrent-cleanup-end, 0.0000260 secs]
7.639: [GC pause (G1 Evacuation Pause) (young) (to-space exhausted), 0.0329119 secs]
   [Parallel Time: 30.5 ms, GC Workers: 18]
      [GC Worker Start (ms): Min: 7639.6, Avg: 7639.9, Max: 7640.2, Diff: 0.7]
      [Ext Root Scanning (ms): Min: 0.0, Avg: 0.2, Max: 0.5, Diff: 0.5, Sum: 3.1]
      [Update RS (ms): Min: 13.9, Avg: 14.1, Max: 14.3, Diff: 0.3, Sum: 253.9]
         [Processed Buffers: Min: 28, Avg: 35.3, Max: 42, Diff: 14, Sum: 636]
      [Scan RS (ms): Min: 0.0, Avg: 0.1, Max: 0.2, Diff: 0.2, Sum: 1.5]
      [Code Root Scanning (ms): Min: 0.0, Avg: 0.0, Max: 0.0, Diff: 0.0, Sum: 0.0]
      [Object Copy (ms): Min: 15.1, Avg: 15.4, Max: 15.5, Diff: 0.5, Sum: 277.0]
      [Termination (ms): Min: 0.0, Avg: 0.1, Max: 0.1, Diff: 0.1, Sum: 1.6]
         [Termination Attempts: Min: 1, Avg: 1.1, Max: 2, Diff: 1, Sum: 19]
      [GC Worker Other (ms): Min: 0.0, Avg: 0.1, Max: 0.1, Diff: 0.1, Sum: 1.3]
      [GC Worker Total (ms): Min: 29.6, Avg: 29.9, Max: 30.3, Diff: 0.7, Sum: 538.3]
      [GC Worker End (ms): Min: 7669.8, Avg: 7669.8, Max: 7669.9, Diff: 0.1]
   [Code Root Fixup: 0.0 ms]
   [Code Root Purge: 0.0 ms]
   [Clear CT: 0.3 ms]
   [Other: 2.2 ms]
      [Evacuation Failure: 0.6 ms]
      [Choose CSet: 0.0 ms]
      [Ref Proc: 0.3 ms]
      [Ref Enq: 0.0 ms]
      [Redirty Cards: 0.2 ms]
      [Humongous Register: 0.3 ms]
      [Humongous Reclaim: 0.4 ms]
      [Free CSet: 0.2 ms]
   [Eden: 274.0M(274.0M)->0.0B(15.0M) Survivors: 7168.0K->36.0M Heap: 864.5M(1024.0M)->722.6M(1024.0M)]
 [Times: user=0.52 sys=0.01, real=0.03 secs] 
7.678: [GC pause (G1 Evacuation Pause) (mixed), 0.0224487 secs]
   [Parallel Time: 20.8 ms, GC Workers: 18]
      [GC Worker Start (ms): Min: 7678.0, Avg: 7678.1, Max: 7678.3, Diff: 0.3]
      [Ext Root Scanning (ms): Min: 0.0, Avg: 0.2, Max: 0.4, Diff: 0.3, Sum: 3.5]
      [Update RS (ms): Min: 0.9, Avg: 1.0, Max: 1.1, Diff: 0.2, Sum: 18.4]
         [Processed Buffers: Min: 2, Avg: 4.4, Max: 9, Diff: 7, Sum: 79]
      [Scan RS (ms): Min: 0.0, Avg: 0.1, Max: 0.2, Diff: 0.2, Sum: 1.4]
      [Code Root Scanning (ms): Min: 0.0, Avg: 0.0, Max: 0.1, Diff: 0.1, Sum: 0.1]
      [Object Copy (ms): Min: 18.4, Avg: 18.6, Max: 19.0, Diff: 0.6, Sum: 334.7]
      [Termination (ms): Min: 0.0, Avg: 0.4, Max: 0.6, Diff: 0.6, Sum: 7.1]
         [Termination Attempts: Min: 1, Avg: 1.5, Max: 4, Diff: 3, Sum: 27]
      [GC Worker Other (ms): Min: 0.0, Avg: 0.0, Max: 0.1, Diff: 0.1, Sum: 0.6]
      [GC Worker Total (ms): Min: 20.1, Avg: 20.3, Max: 20.5, Diff: 0.4, Sum: 365.7]
      [GC Worker End (ms): Min: 7698.4, Avg: 7698.4, Max: 7698.5, Diff: 0.1]
   [Code Root Fixup: 0.0 ms]
   [Code Root Purge: 0.0 ms]
   [Clear CT: 0.3 ms]
   [Other: 1.4 ms]
      [Choose CSet: 0.1 ms]
      [Ref Proc: 0.2 ms]
      [Ref Enq: 0.0 ms]
      [Redirty Cards: 0.3 ms]
      [Humongous Register: 0.2 ms]
      [Humongous Reclaim: 0.1 ms]
      [Free CSet: 0.4 ms]
   [Eden: 15.0M(15.0M)->0.0B(45.0M) Survivors: 36.0M->6144.0K Heap: 743.2M(1024.0M)->657.0M(1024.0M)]
 [Times: user=0.34 sys=0.02, real=0.03 secs] 
7.715: [GC pause (G1 Evacuation Pause) (mixed), 0.0129730 secs]
   [Parallel Time: 11.5 ms, GC Workers: 18]
      [GC Worker Start (ms): Min: 7714.9, Avg: 7715.1, Max: 7715.2, Diff: 0.3]
      [Ext Root Scanning (ms): Min: 0.0, Avg: 0.2, Max: 0.3, Diff: 0.3, Sum: 3.0]
      [Update RS (ms): Min: 1.3, Avg: 1.5, Max: 1.7, Diff: 0.4, Sum: 27.3]
         [Processed Buffers: Min: 4, Avg: 4.8, Max: 6, Diff: 2, Sum: 86]
      [Scan RS (ms): Min: 0.0, Avg: 0.0, Max: 0.1, Diff: 0.1, Sum: 0.6]
      [Code Root Scanning (ms): Min: 0.0, Avg: 0.0, Max: 0.0, Diff: 0.0, Sum: 0.0]
      [Object Copy (ms): Min: 8.9, Avg: 9.2, Max: 9.4, Diff: 0.5, Sum: 164.9]
      [Termination (ms): Min: 0.0, Avg: 0.2, Max: 0.3, Diff: 0.3, Sum: 4.0]
         [Termination Attempts: Min: 1, Avg: 1.3, Max: 4, Diff: 3, Sum: 24]
      [GC Worker Other (ms): Min: 0.0, Avg: 0.0, Max: 0.0, Diff: 0.0, Sum: 0.3]
      [GC Worker Total (ms): Min: 11.0, Avg: 11.1, Max: 11.3, Diff: 0.3, Sum: 200.2]
      [GC Worker End (ms): Min: 7726.2, Avg: 7726.2, Max: 7726.2, Diff: 0.0]
   [Code Root Fixup: 0.0 ms]
   [Code Root Purge: 0.0 ms]
   [Clear CT: 0.2 ms]
   [Other: 1.2 ms]
      [Choose CSet: 0.0 ms]
      [Ref Proc: 0.3 ms]
      [Ref Enq: 0.0 ms]
      [Redirty Cards: 0.3 ms]
      [Humongous Register: 0.2 ms]
      [Humongous Reclaim: 0.1 ms]
      [Free CSet: 0.2 ms]
   [Eden: 45.0M(45.0M)->0.0B(157.0M) Survivors: 6144.0K->7168.0K Heap: 710.3M(1024.0M)->654.9M(1024.0M)]
 [Times: user=0.19 sys=0.01, real=0.01 secs] 
7.729: [GC pause (G1 Humongous Allocation) (young) (initial-mark), 0.0039737 secs]
   [Parallel Time: 2.8 ms, GC Workers: 18]
      [GC Worker Start (ms): Min: 7729.4, Avg: 7729.7, Max: 7729.9, Diff: 0.5]
      [Ext Root Scanning (ms): Min: 0.0, Avg: 0.3, Max: 0.5, Diff: 0.5, Sum: 4.5]
      [Update RS (ms): Min: 0.0, Avg: 0.2, Max: 0.9, Diff: 0.9, Sum: 4.3]
         [Processed Buffers: Min: 0, Avg: 1.1, Max: 3, Diff: 3, Sum: 19]
      [Scan RS (ms): Min: 0.0, Avg: 0.0, Max: 0.0, Diff: 0.0, Sum: 0.1]
      [Code Root Scanning (ms): Min: 0.0, Avg: 0.0, Max: 0.0, Diff: 0.0, Sum: 0.0]
      [Object Copy (ms): Min: 1.1, Avg: 1.6, Max: 2.0, Diff: 0.9, Sum: 28.8]
      [Termination (ms): Min: 0.0, Avg: 0.3, Max: 0.5, Diff: 0.5, Sum: 4.5]
         [Termination Attempts: Min: 1, Avg: 1.1, Max: 2, Diff: 1, Sum: 19]
      [GC Worker Other (ms): Min: 0.0, Avg: 0.0, Max: 0.0, Diff: 0.0, Sum: 0.3]
      [GC Worker Total (ms): Min: 2.2, Avg: 2.4, Max: 2.6, Diff: 0.5, Sum: 42.6]
      [GC Worker End (ms): Min: 7732.0, Avg: 7732.1, Max: 7732.1, Diff: 0.0]
   [Code Root Fixup: 0.0 ms]
   [Code Root Purge: 0.0 ms]
   [Clear CT: 0.2 ms]
   [Other: 1.0 ms]
      [Choose CSet: 0.0 ms]
      [Ref Proc: 0.2 ms]
      [Ref Enq: 0.0 ms]
      [Redirty Cards: 0.2 ms]
      [Humongous Register: 0.2 ms]
      [Humongous Reclaim: 0.0 ms]
      [Free CSet: 0.0 ms]
   [Eden: 4096.0K(157.0M)->0.0B(155.0M) Survivors: 7168.0K->8192.0K Heap: 658.5M(1024.0M)->655.9M(1024.0M)]
 [Times: user=0.04 sys=0.00, real=0.00 secs] 
7.733: [GC concurrent-root-region-scan-start]
7.733: [GC concurrent-root-region-scan-end, 0.0001860 secs]
7.733: [GC concurrent-mark-start]
7.736: [GC concurrent-mark-end, 0.0030663 secs]
7.737: [GC remark 7.737: [Finalize Marking, 0.0004212 secs] 7.737: [GC ref-proc, 0.0004024 secs] 7.737: [Unloading, 0.0008451 secs], 0.0025279 secs]
 [Times: user=0.02 sys=0.00, real=0.01 secs] 
7.739: [GC cleanup 668M->657M(1024M), 0.0016657 secs]
 [Times: user=0.01 sys=0.00, real=0.00 secs] 
7.741: [GC concurrent-cleanup-start]
7.741: [GC concurrent-cleanup-end, 0.0000393 secs]
7.800: [GC pause (G1 Evacuation Pause) (young), 0.0268412 secs]
   [Parallel Time: 25.1 ms, GC Workers: 18]
      [GC Worker Start (ms): Min: 7800.3, Avg: 7800.5, Max: 7800.6, Diff: 0.3]
      [Ext Root Scanning (ms): Min: 0.1, Avg: 0.2, Max: 0.3, Diff: 0.3, Sum: 3.3]
      [Update RS (ms): Min: 9.1, Avg: 9.2, Max: 9.4, Diff: 0.4, Sum: 165.2]
         [Processed Buffers: Min: 20, Avg: 23.3, Max: 29, Diff: 9, Sum: 419]
      [Scan RS (ms): Min: 0.0, Avg: 0.0, Max: 0.1, Diff: 0.1, Sum: 0.7]
      [Code Root Scanning (ms): Min: 0.0, Avg: 0.0, Max: 0.0, Diff: 0.0, Sum: 0.0]
      [Object Copy (ms): Min: 14.8, Avg: 15.2, Max: 15.5, Diff: 0.7, Sum: 273.7]
      [Termination (ms): Min: 0.0, Avg: 0.2, Max: 0.6, Diff: 0.6, Sum: 3.8]
         [Termination Attempts: Min: 1, Avg: 1.0, Max: 1, Diff: 0, Sum: 18]
      [GC Worker Other (ms): Min: 0.0, Avg: 0.0, Max: 0.1, Diff: 0.1, Sum: 0.6]
      [GC Worker Total (ms): Min: 24.7, Avg: 24.9, Max: 25.0, Diff: 0.3, Sum: 447.4]
      [GC Worker End (ms): Min: 7825.3, Avg: 7825.3, Max: 7825.4, Diff: 0.1]
   [Code Root Fixup: 0.0 ms]
   [Code Root Purge: 0.0 ms]
   [Clear CT: 0.3 ms]
   [Other: 1.5 ms]
      [Choose CSet: 0.0 ms]
      [Ref Proc: 0.3 ms]
      [Ref Enq: 0.0 ms]
      [Redirty Cards: 0.3 ms]
      [Humongous Register: 0.3 ms]
      [Humongous Reclaim: 0.2 ms]
      [Free CSet: 0.3 ms]
   [Eden: 155.0M(155.0M)->0.0B(30.0M) Survivors: 8192.0K->21.0M Heap: 850.6M(1024.0M)->695.7M(1024.0M)]
 [Times: user=0.44 sys=0.01, real=0.02 secs] 
7.839: [GC pause (G1 Evacuation Pause) (mixed), 0.0137328 secs]
   [Parallel Time: 12.1 ms, GC Workers: 18]
      [GC Worker Start (ms): Min: 7839.8, Avg: 7840.0, Max: 7840.2, Diff: 0.4]
      [Ext Root Scanning (ms): Min: 0.0, Avg: 0.2, Max: 0.4, Diff: 0.4, Sum: 3.9]
      [Update RS (ms): Min: 1.4, Avg: 1.6, Max: 1.7, Diff: 0.4, Sum: 29.1]
         [Processed Buffers: Min: 4, Avg: 4.8, Max: 6, Diff: 2, Sum: 87]
      [Scan RS (ms): Min: 0.0, Avg: 0.0, Max: 0.1, Diff: 0.1, Sum: 0.7]
      [Code Root Scanning (ms): Min: 0.0, Avg: 0.0, Max: 0.0, Diff: 0.0, Sum: 0.0]
      [Object Copy (ms): Min: 9.2, Avg: 9.4, Max: 9.7, Diff: 0.4, Sum: 170.0]
      [Termination (ms): Min: 0.0, Avg: 0.2, Max: 0.4, Diff: 0.4, Sum: 4.4]
         [Termination Attempts: Min: 1, Avg: 1.0, Max: 1, Diff: 0, Sum: 18]
      [GC Worker Other (ms): Min: 0.0, Avg: 0.0, Max: 0.0, Diff: 0.0, Sum: 0.5]
      [GC Worker Total (ms): Min: 11.4, Avg: 11.6, Max: 11.8, Diff: 0.4, Sum: 208.7]
      [GC Worker End (ms): Min: 7851.6, Avg: 7851.6, Max: 7851.6, Diff: 0.0]
   [Code Root Fixup: 0.0 ms]
   [Code Root Purge: 0.0 ms]
   [Clear CT: 0.2 ms]
   [Other: 1.4 ms]
      [Choose CSet: 0.1 ms]
      [Ref Proc: 0.3 ms]
      [Ref Enq: 0.0 ms]
      [Redirty Cards: 0.2 ms]
      [Humongous Register: 0.3 ms]
      [Humongous Reclaim: 0.1 ms]
      [Free CSet: 0.4 ms]
   [Eden: 30.0M(30.0M)->0.0B(44.0M) Survivors: 21.0M->7168.0K Heap: 734.4M(1024.0M)->607.1M(1024.0M)]
 [Times: user=0.18 sys=0.01, real=0.01 secs] 
7.871: [GC pause (G1 Evacuation Pause) (mixed), 0.0193194 secs]
   [Parallel Time: 17.5 ms, GC Workers: 18]
      [GC Worker Start (ms): Min: 7871.2, Avg: 7871.4, Max: 7871.7, Diff: 0.5]
      [Ext Root Scanning (ms): Min: 0.0, Avg: 0.1, Max: 0.4, Diff: 0.4, Sum: 2.3]
      [Update RS (ms): Min: 1.9, Avg: 2.0, Max: 2.2, Diff: 0.3, Sum: 36.9]
         [Processed Buffers: Min: 6, Avg: 6.8, Max: 8, Diff: 2, Sum: 122]
      [Scan RS (ms): Min: 0.0, Avg: 0.0, Max: 0.2, Diff: 0.1, Sum: 0.8]
      [Code Root Scanning (ms): Min: 0.0, Avg: 0.0, Max: 0.0, Diff: 0.0, Sum: 0.0]
      [Object Copy (ms): Min: 14.1, Avg: 14.4, Max: 14.7, Diff: 0.6, Sum: 259.5]
      [Termination (ms): Min: 0.0, Avg: 0.3, Max: 0.6, Diff: 0.6, Sum: 4.8]
         [Termination Attempts: Min: 1, Avg: 1.0, Max: 1, Diff: 0, Sum: 18]
      [GC Worker Other (ms): Min: 0.0, Avg: 0.0, Max: 0.0, Diff: 0.0, Sum: 0.3]
      [GC Worker Total (ms): Min: 16.7, Avg: 16.9, Max: 17.2, Diff: 0.5, Sum: 304.6]
      [GC Worker End (ms): Min: 7888.4, Avg: 7888.4, Max: 7888.4, Diff: 0.0]
   [Code Root Fixup: 0.0 ms]
   [Code Root Purge: 0.0 ms]
   [Clear CT: 0.2 ms]
   [Other: 1.6 ms]
      [Choose CSet: 0.1 ms]
      [Ref Proc: 0.3 ms]
      [Ref Enq: 0.0 ms]
      [Redirty Cards: 0.3 ms]
      [Humongous Register: 0.2 ms]
      [Humongous Reclaim: 0.1 ms]
      [Free CSet: 0.4 ms]
   [Eden: 44.0M(44.0M)->0.0B(44.0M) Survivors: 7168.0K->7168.0K Heap: 664.1M(1024.0M)->548.3M(1024.0M)]
 [Times: user=0.27 sys=0.03, real=0.02 secs] 
7.906: [GC pause (G1 Evacuation Pause) (mixed), 0.0177737 secs]
   [Parallel Time: 16.1 ms, GC Workers: 18]
      [GC Worker Start (ms): Min: 7906.5, Avg: 7906.7, Max: 7906.9, Diff: 0.4]
      [Ext Root Scanning (ms): Min: 0.0, Avg: 0.2, Max: 0.4, Diff: 0.4, Sum: 2.7]
      [Update RS (ms): Min: 2.0, Avg: 2.2, Max: 2.4, Diff: 0.3, Sum: 39.4]
         [Processed Buffers: Min: 6, Avg: 7.0, Max: 9, Diff: 3, Sum: 126]
      [Scan RS (ms): Min: 0.0, Avg: 0.0, Max: 0.1, Diff: 0.1, Sum: 0.8]
      [Code Root Scanning (ms): Min: 0.0, Avg: 0.0, Max: 0.0, Diff: 0.0, Sum: 0.0]
      [Object Copy (ms): Min: 12.5, Avg: 12.8, Max: 13.2, Diff: 0.7, Sum: 230.8]
      [Termination (ms): Min: 0.0, Avg: 0.3, Max: 0.6, Diff: 0.5, Sum: 5.7]
         [Termination Attempts: Min: 1, Avg: 1.0, Max: 1, Diff: 0, Sum: 18]
      [GC Worker Other (ms): Min: 0.0, Avg: 0.0, Max: 0.1, Diff: 0.1, Sum: 0.6]
      [GC Worker Total (ms): Min: 15.3, Avg: 15.6, Max: 15.8, Diff: 0.4, Sum: 280.0]
      [GC Worker End (ms): Min: 7922.3, Avg: 7922.3, Max: 7922.3, Diff: 0.0]
   [Code Root Fixup: 0.0 ms]
   [Code Root Purge: 0.0 ms]
   [Clear CT: 0.2 ms]
   [Other: 1.4 ms]
      [Choose CSet: 0.1 ms]
      [Ref Proc: 0.3 ms]
      [Ref Enq: 0.0 ms]
      [Redirty Cards: 0.3 ms]
      [Humongous Register: 0.3 ms]
      [Humongous Reclaim: 0.1 ms]
      [Free CSet: 0.3 ms]
   [Eden: 44.0M(44.0M)->0.0B(269.0M) Survivors: 7168.0K->7168.0K Heap: 605.6M(1024.0M)->515.2M(1024.0M)]
 [Times: user=0.27 sys=0.00, real=0.02 secs] 
7.925: [GC pause (G1 Humongous Allocation) (young) (initial-mark), 0.0036087 secs]
   [Parallel Time: 2.3 ms, GC Workers: 18]
      [GC Worker Start (ms): Min: 7925.3, Avg: 7925.4, Max: 7925.5, Diff: 0.3]
      [Ext Root Scanning (ms): Min: 0.1, Avg: 0.2, Max: 0.3, Diff: 0.3, Sum: 3.7]
      [Update RS (ms): Min: 0.0, Avg: 0.3, Max: 1.4, Diff: 1.4, Sum: 5.3]
         [Processed Buffers: Min: 0, Avg: 1.1, Max: 2, Diff: 2, Sum: 19]
      [Scan RS (ms): Min: 0.0, Avg: 0.0, Max: 0.0, Diff: 0.0, Sum: 0.1]
      [Code Root Scanning (ms): Min: 0.0, Avg: 0.0, Max: 0.0, Diff: 0.0, Sum: 0.0]
      [Object Copy (ms): Min: 0.0, Avg: 1.0, Max: 1.6, Diff: 1.6, Sum: 17.5]
      [Termination (ms): Min: 0.1, Avg: 0.6, Max: 1.1, Diff: 1.0, Sum: 10.1]
         [Termination Attempts: Min: 1, Avg: 2.9, Max: 7, Diff: 6, Sum: 52]
      [GC Worker Other (ms): Min: 0.0, Avg: 0.0, Max: 0.0, Diff: 0.0, Sum: 0.2]
      [GC Worker Total (ms): Min: 1.9, Avg: 2.1, Max: 2.2, Diff: 0.2, Sum: 36.9]
      [GC Worker End (ms): Min: 7927.4, Avg: 7927.4, Max: 7927.5, Diff: 0.0]
   [Code Root Fixup: 0.0 ms]
   [Code Root Purge: 0.0 ms]
   [Clear CT: 0.2 ms]
   [Other: 1.0 ms]
      [Choose CSet: 0.0 ms]
      [Ref Proc: 0.4 ms]
      [Ref Enq: 0.0 ms]
      [Redirty Cards: 0.2 ms]
      [Humongous Register: 0.2 ms]
      [Humongous Reclaim: 0.0 ms]
      [Free CSet: 0.0 ms]
   [Eden: 3072.0K(269.0M)->0.0B(263.0M) Survivors: 7168.0K->7168.0K Heap: 517.8M(1024.0M)->515.1M(1024.0M)]
 [Times: user=0.03 sys=0.01, real=0.01 secs] 
7.929: [GC concurrent-root-region-scan-start]
7.929: [GC concurrent-root-region-scan-end, 0.0001454 secs]
7.929: [GC concurrent-mark-start]
7.931: [GC concurrent-mark-end, 0.0025521 secs]
7.931: [GC remark 7.932: [Finalize Marking, 0.0004071 secs] 7.932: [GC ref-proc, 0.0004169 secs] 7.932: [Unloading, 0.0009994 secs], 0.0025601 secs]
 [Times: user=0.02 sys=0.00, real=0.00 secs] 
7.934: [GC cleanup 524M->522M(1024M), 0.0016554 secs]
 [Times: user=0.02 sys=0.00, real=0.00 secs] 
7.936: [GC concurrent-cleanup-start]
7.936: [GC concurrent-cleanup-end, 0.0000293 secs]
8.036: [GC pause (G1 Evacuation Pause) (young) (to-space exhausted), 0.0351665 secs]
   [Parallel Time: 32.1 ms, GC Workers: 18]
      [GC Worker Start (ms): Min: 8035.9, Avg: 8036.3, Max: 8036.6, Diff: 0.7]
      [Ext Root Scanning (ms): Min: 0.0, Avg: 0.2, Max: 0.5, Diff: 0.5, Sum: 3.1]
      [Update RS (ms): Min: 14.7, Avg: 15.1, Max: 15.4, Diff: 0.7, Sum: 271.4]
         [Processed Buffers: Min: 32, Avg: 38.3, Max: 45, Diff: 13, Sum: 690]
      [Scan RS (ms): Min: 0.0, Avg: 0.1, Max: 0.7, Diff: 0.7, Sum: 2.2]
      [Code Root Scanning (ms): Min: 0.0, Avg: 0.0, Max: 0.0, Diff: 0.0, Sum: 0.0]
      [Object Copy (ms): Min: 15.0, Avg: 16.0, Max: 16.4, Diff: 1.4, Sum: 288.6]
      [Termination (ms): Min: 0.0, Avg: 0.2, Max: 0.2, Diff: 0.2, Sum: 2.9]
         [Termination Attempts: Min: 1, Avg: 1.0, Max: 1, Diff: 0, Sum: 18]
      [GC Worker Other (ms): Min: 0.0, Avg: 0.0, Max: 0.1, Diff: 0.1, Sum: 0.6]
      [GC Worker Total (ms): Min: 31.3, Avg: 31.6, Max: 32.0, Diff: 0.7, Sum: 568.8]
      [GC Worker End (ms): Min: 8067.9, Avg: 8067.9, Max: 8067.9, Diff: 0.0]
   [Code Root Fixup: 0.0 ms]
   [Code Root Purge: 0.0 ms]
   [Clear CT: 0.3 ms]
   [Other: 2.8 ms]
      [Evacuation Failure: 0.5 ms]
      [Choose CSet: 0.0 ms]
      [Ref Proc: 0.9 ms]
      [Ref Enq: 0.0 ms]
      [Redirty Cards: 0.3 ms]
      [Humongous Register: 0.3 ms]
      [Humongous Reclaim: 0.4 ms]
      [Free CSet: 0.3 ms]
   [Eden: 263.0M(263.0M)->0.0B(17.0M) Survivors: 7168.0K->34.0M Heap: 860.9M(1024.0M)->690.5M(1024.0M)]
 [Times: user=0.56 sys=0.00, real=0.04 secs] 
8.077: [GC pause (G1 Evacuation Pause) (mixed), 0.0217683 secs]
   [Parallel Time: 19.9 ms, GC Workers: 18]
      [GC Worker Start (ms): Min: 8077.9, Avg: 8078.3, Max: 8078.5, Diff: 0.6]
      [Ext Root Scanning (ms): Min: 0.0, Avg: 0.2, Max: 0.6, Diff: 0.6, Sum: 3.8]
      [Update RS (ms): Min: 0.8, Avg: 1.0, Max: 1.2, Diff: 0.4, Sum: 18.0]
         [Processed Buffers: Min: 3, Avg: 4.2, Max: 7, Diff: 4, Sum: 75]
      [Scan RS (ms): Min: 0.0, Avg: 0.1, Max: 0.3, Diff: 0.3, Sum: 1.7]
      [Code Root Scanning (ms): Min: 0.0, Avg: 0.0, Max: 0.0, Diff: 0.0, Sum: 0.0]
      [Object Copy (ms): Min: 17.6, Avg: 17.7, Max: 18.1, Diff: 0.5, Sum: 319.3]
      [Termination (ms): Min: 0.0, Avg: 0.3, Max: 0.4, Diff: 0.4, Sum: 4.7]
         [Termination Attempts: Min: 1, Avg: 1.0, Max: 1, Diff: 0, Sum: 18]
      [GC Worker Other (ms): Min: 0.0, Avg: 0.0, Max: 0.0, Diff: 0.0, Sum: 0.4]
      [GC Worker Total (ms): Min: 19.1, Avg: 19.3, Max: 19.7, Diff: 0.6, Sum: 347.9]
      [GC Worker End (ms): Min: 8097.6, Avg: 8097.6, Max: 8097.6, Diff: 0.0]
   [Code Root Fixup: 0.0 ms]
   [Code Root Purge: 0.0 ms]
   [Clear CT: 0.3 ms]
   [Other: 1.6 ms]
      [Choose CSet: 0.1 ms]
      [Ref Proc: 0.4 ms]
      [Ref Enq: 0.0 ms]
      [Redirty Cards: 0.3 ms]
      [Humongous Register: 0.3 ms]
      [Humongous Reclaim: 0.1 ms]
      [Free CSet: 0.3 ms]
   [Eden: 17.0M(17.0M)->0.0B(46.0M) Survivors: 34.0M->5120.0K Heap: 712.9M(1024.0M)->625.3M(1024.0M)]
 [Times: user=0.32 sys=0.03, real=0.03 secs] 
8.114: [GC pause (G1 Evacuation Pause) (mixed), 0.0115386 secs]
   [Parallel Time: 10.1 ms, GC Workers: 18]
      [GC Worker Start (ms): Min: 8114.7, Avg: 8114.9, Max: 8115.1, Diff: 0.4]
      [Ext Root Scanning (ms): Min: 0.0, Avg: 0.2, Max: 0.4, Diff: 0.3, Sum: 2.8]
      [Update RS (ms): Min: 1.4, Avg: 1.6, Max: 1.7, Diff: 0.3, Sum: 28.5]
         [Processed Buffers: Min: 5, Avg: 5.1, Max: 6, Diff: 1, Sum: 92]
      [Scan RS (ms): Min: 0.0, Avg: 0.0, Max: 0.1, Diff: 0.1, Sum: 0.6]
      [Code Root Scanning (ms): Min: 0.0, Avg: 0.0, Max: 0.0, Diff: 0.0, Sum: 0.0]
      [Object Copy (ms): Min: 7.5, Avg: 7.7, Max: 8.0, Diff: 0.5, Sum: 139.1]
      [Termination (ms): Min: 0.0, Avg: 0.2, Max: 0.3, Diff: 0.3, Sum: 3.5]
         [Termination Attempts: Min: 1, Avg: 1.8, Max: 4, Diff: 3, Sum: 32]
      [GC Worker Other (ms): Min: 0.0, Avg: 0.0, Max: 0.0, Diff: 0.0, Sum: 0.4]
      [GC Worker Total (ms): Min: 9.5, Avg: 9.7, Max: 9.9, Diff: 0.4, Sum: 175.0]
      [GC Worker End (ms): Min: 8124.6, Avg: 8124.6, Max: 8124.6, Diff: 0.0]
   [Code Root Fixup: 0.0 ms]
   [Code Root Purge: 0.0 ms]
   [Clear CT: 0.2 ms]
   [Other: 1.2 ms]
      [Choose CSet: 0.0 ms]
      [Ref Proc: 0.3 ms]
      [Ref Enq: 0.0 ms]
      [Redirty Cards: 0.3 ms]
      [Humongous Register: 0.2 ms]
      [Humongous Reclaim: 0.1 ms]
      [Free CSet: 0.2 ms]
   [Eden: 46.0M(46.0M)->0.0B(179.0M) Survivors: 5120.0K->7168.0K Heap: 680.4M(1024.0M)->620.9M(1024.0M)]
 [Times: user=0.17 sys=0.00, real=0.01 secs] 
8.126: [GC pause (G1 Humongous Allocation) (young) (initial-mark), 0.0036290 secs]
   [Parallel Time: 2.6 ms, GC Workers: 18]
      [GC Worker Start (ms): Min: 8126.6, Avg: 8126.7, Max: 8126.8, Diff: 0.2]
      [Ext Root Scanning (ms): Min: 0.1, Avg: 0.2, Max: 0.3, Diff: 0.2, Sum: 3.9]
      [Update RS (ms): Min: 0.1, Avg: 0.3, Max: 1.7, Diff: 1.6, Sum: 5.5]
         [Processed Buffers: Min: 0, Avg: 1.1, Max: 2, Diff: 2, Sum: 19]
      [Scan RS (ms): Min: 0.0, Avg: 0.0, Max: 0.0, Diff: 0.0, Sum: 0.1]
      [Code Root Scanning (ms): Min: 0.0, Avg: 0.0, Max: 0.0, Diff: 0.0, Sum: 0.0]
      [Object Copy (ms): Min: 0.0, Avg: 1.4, Max: 1.9, Diff: 1.9, Sum: 24.9]
      [Termination (ms): Min: 0.0, Avg: 0.4, Max: 0.8, Diff: 0.8, Sum: 7.2]
         [Termination Attempts: Min: 1, Avg: 1.0, Max: 1, Diff: 0, Sum: 18]
      [GC Worker Other (ms): Min: 0.0, Avg: 0.0, Max: 0.0, Diff: 0.0, Sum: 0.2]
      [GC Worker Total (ms): Min: 2.2, Avg: 2.3, Max: 2.4, Diff: 0.2, Sum: 41.8]
      [GC Worker End (ms): Min: 8129.0, Avg: 8129.0, Max: 8129.0, Diff: 0.0]
   [Code Root Fixup: 0.0 ms]
   [Code Root Purge: 0.0 ms]
   [Clear CT: 0.2 ms]
   [Other: 0.9 ms]
      [Choose CSet: 0.0 ms]
      [Ref Proc: 0.2 ms]
      [Ref Enq: 0.0 ms]
      [Redirty Cards: 0.2 ms]
      [Humongous Register: 0.2 ms]
      [Humongous Reclaim: 0.0 ms]
      [Free CSet: 0.0 ms]
   [Eden: 1024.0K(179.0M)->0.0B(169.0M) Survivors: 7168.0K->8192.0K Heap: 621.8M(1024.0M)->620.9M(1024.0M)]
 [Times: user=0.04 sys=0.00, real=0.01 secs] 
8.130: [GC concurrent-root-region-scan-start]
8.130: [GC concurrent-root-region-scan-end, 0.0001434 secs]
8.130: [GC concurrent-mark-start]
8.133: [GC concurrent-mark-end, 0.0028181 secs]
8.133: [GC remark 8.133: [Finalize Marking, 0.0002264 secs] 8.133: [GC ref-proc, 0.0004361 secs] 8.134: [Unloading, 0.0008796 secs], 0.0024554 secs]
 [Times: user=0.02 sys=0.00, real=0.00 secs] 
8.136: [GC cleanup 632M->623M(1024M), 0.0017983 secs]
 [Times: user=0.01 sys=0.00, real=0.00 secs] 
8.138: [GC concurrent-cleanup-start]
8.138: [GC concurrent-cleanup-end, 0.0000380 secs]
8.202: [GC pause (G1 Evacuation Pause) (young), 0.0291170 secs]
   [Parallel Time: 27.3 ms, GC Workers: 18]
      [GC Worker Start (ms): Min: 8202.2, Avg: 8202.4, Max: 8202.6, Diff: 0.4]
      [Ext Root Scanning (ms): Min: 0.0, Avg: 0.2, Max: 0.3, Diff: 0.3, Sum: 2.9]
      [Update RS (ms): Min: 9.3, Avg: 9.4, Max: 9.6, Diff: 0.3, Sum: 169.2]
         [Processed Buffers: Min: 25, Avg: 28.2, Max: 32, Diff: 7, Sum: 507]
      [Scan RS (ms): Min: 0.0, Avg: 0.0, Max: 0.1, Diff: 0.1, Sum: 0.7]
      [Code Root Scanning (ms): Min: 0.0, Avg: 0.0, Max: 0.0, Diff: 0.0, Sum: 0.0]
      [Object Copy (ms): Min: 16.6, Avg: 17.0, Max: 17.4, Diff: 0.8, Sum: 306.3]
      [Termination (ms): Min: 0.0, Avg: 0.3, Max: 0.6, Diff: 0.6, Sum: 5.7]
         [Termination Attempts: Min: 1, Avg: 1.0, Max: 1, Diff: 0, Sum: 18]
      [GC Worker Other (ms): Min: 0.0, Avg: 0.0, Max: 0.1, Diff: 0.1, Sum: 0.6]
      [GC Worker Total (ms): Min: 26.8, Avg: 27.0, Max: 27.2, Diff: 0.4, Sum: 485.4]
      [GC Worker End (ms): Min: 8229.3, Avg: 8229.3, Max: 8229.4, Diff: 0.1]
   [Code Root Fixup: 0.0 ms]
   [Code Root Purge: 0.0 ms]
   [Clear CT: 0.2 ms]
   [Other: 1.5 ms]
      [Choose CSet: 0.0 ms]
      [Ref Proc: 0.3 ms]
      [Ref Enq: 0.0 ms]
      [Redirty Cards: 0.3 ms]
      [Humongous Register: 0.3 ms]
      [Humongous Reclaim: 0.3 ms]
      [Free CSet: 0.3 ms]
   [Eden: 169.0M(169.0M)->0.0B(28.0M) Survivors: 8192.0K->23.0M Heap: 842.7M(1024.0M)->672.5M(1024.0M)]
 [Times: user=0.46 sys=0.02, real=0.03 secs] 
8.240: [GC pause (G1 Evacuation Pause) (mixed), 0.0134298 secs]
   [Parallel Time: 11.7 ms, GC Workers: 18]
      [GC Worker Start (ms): Min: 8240.5, Avg: 8240.7, Max: 8240.9, Diff: 0.4]
      [Ext Root Scanning (ms): Min: 0.0, Avg: 0.2, Max: 0.4, Diff: 0.4, Sum: 3.2]
      [Update RS (ms): Min: 0.8, Avg: 0.8, Max: 1.0, Diff: 0.2, Sum: 15.1]
         [Processed Buffers: Min: 2, Avg: 3.3, Max: 5, Diff: 3, Sum: 59]
      [Scan RS (ms): Min: 0.0, Avg: 0.1, Max: 0.2, Diff: 0.2, Sum: 1.0]
      [Code Root Scanning (ms): Min: 0.0, Avg: 0.0, Max: 0.0, Diff: 0.0, Sum: 0.0]
      [Object Copy (ms): Min: 9.8, Avg: 10.1, Max: 10.3, Diff: 0.5, Sum: 181.1]
      [Termination (ms): Min: 0.0, Avg: 0.2, Max: 0.5, Diff: 0.5, Sum: 4.1]
         [Termination Attempts: Min: 1, Avg: 1.0, Max: 1, Diff: 0, Sum: 18]
      [GC Worker Other (ms): Min: 0.0, Avg: 0.0, Max: 0.1, Diff: 0.1, Sum: 0.6]
      [GC Worker Total (ms): Min: 11.2, Avg: 11.4, Max: 11.6, Diff: 0.4, Sum: 205.1]
      [GC Worker End (ms): Min: 8252.1, Avg: 8252.1, Max: 8252.1, Diff: 0.1]
   [Code Root Fixup: 0.0 ms]
   [Code Root Purge: 0.0 ms]
   [Clear CT: 0.2 ms]
   [Other: 1.5 ms]
      [Choose CSet: 0.1 ms]
      [Ref Proc: 0.3 ms]
      [Ref Enq: 0.0 ms]
      [Redirty Cards: 0.3 ms]
      [Humongous Register: 0.2 ms]
      [Humongous Reclaim: 0.1 ms]
      [Free CSet: 0.4 ms]
   [Eden: 28.0M(28.0M)->0.0B(44.0M) Survivors: 23.0M->7168.0K Heap: 705.4M(1024.0M)->584.7M(1024.0M)]
 [Times: user=0.19 sys=0.00, real=0.01 secs] 
8.271: [GC pause (G1 Evacuation Pause) (mixed), 0.0181829 secs]
   [Parallel Time: 16.4 ms, GC Workers: 18]
      [GC Worker Start (ms): Min: 8271.5, Avg: 8271.7, Max: 8271.9, Diff: 0.4]
      [Ext Root Scanning (ms): Min: 0.0, Avg: 0.1, Max: 0.4, Diff: 0.3, Sum: 2.4]
      [Update RS (ms): Min: 2.2, Avg: 2.2, Max: 2.4, Diff: 0.2, Sum: 40.3]
         [Processed Buffers: Min: 6, Avg: 7.3, Max: 9, Diff: 3, Sum: 132]
      [Scan RS (ms): Min: 0.0, Avg: 0.1, Max: 0.1, Diff: 0.1, Sum: 1.0]
      [Code Root Scanning (ms): Min: 0.0, Avg: 0.0, Max: 0.0, Diff: 0.0, Sum: 0.0]
      [Object Copy (ms): Min: 13.0, Avg: 13.2, Max: 13.4, Diff: 0.4, Sum: 237.9]
      [Termination (ms): Min: 0.0, Avg: 0.2, Max: 0.4, Diff: 0.4, Sum: 4.0]
         [Termination Attempts: Min: 1, Avg: 1.2, Max: 2, Diff: 1, Sum: 21]
      [GC Worker Other (ms): Min: 0.0, Avg: 0.0, Max: 0.1, Diff: 0.0, Sum: 0.4]
      [GC Worker Total (ms): Min: 15.7, Avg: 15.9, Max: 16.1, Diff: 0.4, Sum: 286.1]
      [GC Worker End (ms): Min: 8287.6, Avg: 8287.6, Max: 8287.6, Diff: 0.0]
   [Code Root Fixup: 0.0 ms]
   [Code Root Purge: 0.0 ms]
   [Clear CT: 0.2 ms]
   [Other: 1.5 ms]
      [Choose CSet: 0.1 ms]
      [Ref Proc: 0.3 ms]
      [Ref Enq: 0.0 ms]
      [Redirty Cards: 0.3 ms]
      [Humongous Register: 0.3 ms]
      [Humongous Reclaim: 0.1 ms]
      [Free CSet: 0.3 ms]
   [Eden: 44.0M(44.0M)->0.0B(44.0M) Survivors: 7168.0K->7168.0K Heap: 642.8M(1024.0M)->525.3M(1024.0M)]
 [Times: user=0.27 sys=0.02, real=0.02 secs] 
8.305: [GC pause (G1 Evacuation Pause) (mixed), 0.0147535 secs]
   [Parallel Time: 13.3 ms, GC Workers: 18]
      [GC Worker Start (ms): Min: 8305.3, Avg: 8305.5, Max: 8305.7, Diff: 0.4]
      [Ext Root Scanning (ms): Min: 0.0, Avg: 0.2, Max: 0.4, Diff: 0.4, Sum: 2.9]
      [Update RS (ms): Min: 1.9, Avg: 2.1, Max: 2.2, Diff: 0.3, Sum: 37.1]
         [Processed Buffers: Min: 5, Avg: 6.7, Max: 8, Diff: 3, Sum: 121]
      [Scan RS (ms): Min: 0.0, Avg: 0.1, Max: 0.3, Diff: 0.3, Sum: 1.0]
      [Code Root Scanning (ms): Min: 0.0, Avg: 0.0, Max: 0.0, Diff: 0.0, Sum: 0.0]
      [Object Copy (ms): Min: 10.1, Avg: 10.4, Max: 10.6, Diff: 0.5, Sum: 186.4]
      [Termination (ms): Min: 0.0, Avg: 0.2, Max: 0.3, Diff: 0.3, Sum: 3.6]
         [Termination Attempts: Min: 1, Avg: 1.1, Max: 2, Diff: 1, Sum: 20]
      [GC Worker Other (ms): Min: 0.0, Avg: 0.0, Max: 0.0, Diff: 0.0, Sum: 0.3]
      [GC Worker Total (ms): Min: 12.6, Avg: 12.9, Max: 13.1, Diff: 0.4, Sum: 231.3]
      [GC Worker End (ms): Min: 8318.3, Avg: 8318.3, Max: 8318.3, Diff: 0.0]
   [Code Root Fixup: 0.0 ms]
   [Code Root Purge: 0.0 ms]
   [Clear CT: 0.2 ms]
   [Other: 1.3 ms]
      [Choose CSet: 0.0 ms]
      [Ref Proc: 0.3 ms]
      [Ref Enq: 0.0 ms]
      [Redirty Cards: 0.3 ms]
      [Humongous Register: 0.2 ms]
      [Humongous Reclaim: 0.1 ms]
      [Free CSet: 0.2 ms]
   [Eden: 44.0M(44.0M)->0.0B(251.0M) Survivors: 7168.0K->7168.0K Heap: 582.1M(1024.0M)->509.4M(1024.0M)]
 [Times: user=0.23 sys=0.00, real=0.02 secs] 
8.321: [GC pause (G1 Humongous Allocation) (young) (initial-mark), 0.0041467 secs]
   [Parallel Time: 3.0 ms, GC Workers: 18]
      [GC Worker Start (ms): Min: 8321.1, Avg: 8321.3, Max: 8321.4, Diff: 0.2]
      [Ext Root Scanning (ms): Min: 0.1, Avg: 0.2, Max: 0.3, Diff: 0.2, Sum: 3.7]
      [Update RS (ms): Min: 0.1, Avg: 0.2, Max: 0.7, Diff: 0.6, Sum: 4.3]
         [Processed Buffers: Min: 0, Avg: 1.0, Max: 2, Diff: 2, Sum: 18]
      [Scan RS (ms): Min: 0.0, Avg: 0.0, Max: 0.0, Diff: 0.0, Sum: 0.1]
      [Code Root Scanning (ms): Min: 0.0, Avg: 0.0, Max: 0.0, Diff: 0.0, Sum: 0.0]
      [Object Copy (ms): Min: 1.5, Avg: 1.8, Max: 2.3, Diff: 0.9, Sum: 31.8]
      [Termination (ms): Min: 0.0, Avg: 0.4, Max: 0.8, Diff: 0.8, Sum: 8.1]
         [Termination Attempts: Min: 1, Avg: 1.1, Max: 2, Diff: 1, Sum: 20]
      [GC Worker Other (ms): Min: 0.0, Avg: 0.0, Max: 0.0, Diff: 0.0, Sum: 0.2]
      [GC Worker Total (ms): Min: 2.6, Avg: 2.7, Max: 2.8, Diff: 0.2, Sum: 48.3]
      [GC Worker End (ms): Min: 8324.0, Avg: 8324.0, Max: 8324.0, Diff: 0.0]
   [Code Root Fixup: 0.0 ms]
   [Code Root Purge: 0.0 ms]
   [Clear CT: 0.2 ms]
   [Other: 0.9 ms]
      [Choose CSet: 0.0 ms]
      [Ref Proc: 0.3 ms]
      [Ref Enq: 0.0 ms]
      [Redirty Cards: 0.2 ms]
      [Humongous Register: 0.2 ms]
      [Humongous Reclaim: 0.0 ms]
      [Free CSet: 0.0 ms]
   [Eden: 3072.0K(251.0M)->0.0B(243.0M) Survivors: 7168.0K->9216.0K Heap: 512.1M(1024.0M)->510.0M(1024.0M)]
 [Times: user=0.05 sys=0.00, real=0.00 secs] 
8.325: [GC concurrent-root-region-scan-start]
8.325: [GC concurrent-root-region-scan-end, 0.0001488 secs]
8.325: [GC concurrent-mark-start]
8.328: [GC concurrent-mark-end, 0.0025621 secs]
8.328: [GC remark 8.328: [Finalize Marking, 0.0004042 secs] 8.328: [GC ref-proc, 0.0004153 secs] 8.329: [Unloading, 0.0010449 secs], 0.0026047 secs]
 [Times: user=0.02 sys=0.01, real=0.00 secs] 
8.331: [GC cleanup 521M->519M(1024M), 0.0018070 secs]
 [Times: user=0.01 sys=0.00, real=0.00 secs] 
8.333: [GC concurrent-cleanup-start]
8.333: [GC concurrent-cleanup-end, 0.0000245 secs]
8.427: [GC pause (G1 Evacuation Pause) (young) (to-space exhausted), 0.0378165 secs]
   [Parallel Time: 35.8 ms, GC Workers: 18]
      [GC Worker Start (ms): Min: 8427.3, Avg: 8427.5, Max: 8427.7, Diff: 0.3]
      [Ext Root Scanning (ms): Min: 0.0, Avg: 0.2, Max: 0.3, Diff: 0.3, Sum: 2.9]
      [Update RS (ms): Min: 13.2, Avg: 13.3, Max: 13.4, Diff: 0.2, Sum: 240.3]
         [Processed Buffers: Min: 37, Avg: 39.7, Max: 45, Diff: 8, Sum: 715]
      [Scan RS (ms): Min: 0.0, Avg: 0.1, Max: 0.2, Diff: 0.2, Sum: 1.3]
      [Code Root Scanning (ms): Min: 0.0, Avg: 0.0, Max: 0.0, Diff: 0.0, Sum: 0.0]
      [Object Copy (ms): Min: 21.4, Avg: 21.8, Max: 22.0, Diff: 0.6, Sum: 392.3]
      [Termination (ms): Min: 0.0, Avg: 0.2, Max: 0.3, Diff: 0.3, Sum: 3.2]
         [Termination Attempts: Min: 1, Avg: 1.2, Max: 2, Diff: 1, Sum: 21]
      [GC Worker Other (ms): Min: 0.0, Avg: 0.0, Max: 0.1, Diff: 0.0, Sum: 0.5]
      [GC Worker Total (ms): Min: 35.4, Avg: 35.6, Max: 35.8, Diff: 0.3, Sum: 640.6]
      [GC Worker End (ms): Min: 8463.1, Avg: 8463.1, Max: 8463.1, Diff: 0.0]
   [Code Root Fixup: 0.0 ms]
   [Code Root Purge: 0.0 ms]
   [Clear CT: 0.2 ms]
   [Other: 1.8 ms]
      [Evacuation Failure: 0.3 ms]
      [Choose CSet: 0.0 ms]
      [Ref Proc: 0.2 ms]
      [Ref Enq: 0.0 ms]
      [Redirty Cards: 0.2 ms]
      [Humongous Register: 0.3 ms]
      [Humongous Reclaim: 0.3 ms]
      [Free CSet: 0.3 ms]
   [Eden: 243.0M(243.0M)->0.0B(19.0M) Survivors: 9216.0K->32.0M Heap: 838.8M(1024.0M)->629.7M(1024.0M)]
 [Times: user=0.63 sys=0.01, real=0.04 secs] 
8.471: [GC pause (G1 Evacuation Pause) (mixed), 0.0219172 secs]
   [Parallel Time: 19.8 ms, GC Workers: 18]
      [GC Worker Start (ms): Min: 8471.8, Avg: 8472.0, Max: 8472.3, Diff: 0.5]
      [Ext Root Scanning (ms): Min: 0.0, Avg: 0.2, Max: 0.4, Diff: 0.4, Sum: 2.9]
      [Update RS (ms): Min: 0.3, Avg: 0.4, Max: 0.6, Diff: 0.3, Sum: 7.4]
         [Processed Buffers: Min: 1, Avg: 2.8, Max: 6, Diff: 5, Sum: 50]
      [Scan RS (ms): Min: 0.0, Avg: 0.2, Max: 0.8, Diff: 0.8, Sum: 3.1]
      [Code Root Scanning (ms): Min: 0.0, Avg: 0.0, Max: 0.2, Diff: 0.2, Sum: 0.3]
      [Object Copy (ms): Min: 17.8, Avg: 18.2, Max: 18.4, Diff: 0.6, Sum: 328.1]
      [Termination (ms): Min: 0.0, Avg: 0.2, Max: 0.5, Diff: 0.5, Sum: 4.5]
         [Termination Attempts: Min: 1, Avg: 1.0, Max: 1, Diff: 0, Sum: 18]
      [GC Worker Other (ms): Min: 0.0, Avg: 0.0, Max: 0.0, Diff: 0.0, Sum: 0.2]
      [GC Worker Total (ms): Min: 19.0, Avg: 19.2, Max: 19.5, Diff: 0.5, Sum: 346.4]
      [GC Worker End (ms): Min: 8491.3, Avg: 8491.3, Max: 8491.3, Diff: 0.0]
   [Code Root Fixup: 0.0 ms]
   [Code Root Purge: 0.0 ms]
   [Clear CT: 0.3 ms]
   [Other: 1.8 ms]
      [Choose CSet: 0.1 ms]
      [Ref Proc: 0.3 ms]
      [Ref Enq: 0.0 ms]
      [Redirty Cards: 0.3 ms]
      [Humongous Register: 0.5 ms]
      [Humongous Reclaim: 0.1 ms]
      [Free CSet: 0.4 ms]
   [Eden: 19.0M(19.0M)->0.0B(44.0M) Survivors: 32.0M->7168.0K Heap: 651.0M(1024.0M)->564.3M(1024.0M)]
 [Times: user=0.31 sys=0.03, real=0.02 secs] 
8.510: [GC pause (G1 Evacuation Pause) (mixed), 0.0134891 secs]
   [Parallel Time: 12.0 ms, GC Workers: 18]
      [GC Worker Start (ms): Min: 8510.2, Avg: 8510.5, Max: 8510.7, Diff: 0.6]
      [Ext Root Scanning (ms): Min: 0.0, Avg: 0.1, Max: 0.4, Diff: 0.4, Sum: 2.5]
      [Update RS (ms): Min: 2.4, Avg: 2.6, Max: 2.8, Diff: 0.4, Sum: 47.6]
         [Processed Buffers: Min: 7, Avg: 8.0, Max: 9, Diff: 2, Sum: 144]
      [Scan RS (ms): Min: 0.0, Avg: 0.0, Max: 0.1, Diff: 0.1, Sum: 0.4]
      [Code Root Scanning (ms): Min: 0.0, Avg: 0.0, Max: 0.0, Diff: 0.0, Sum: 0.0]
      [Object Copy (ms): Min: 8.0, Avg: 8.3, Max: 8.7, Diff: 0.6, Sum: 149.6]
      [Termination (ms): Min: 0.0, Avg: 0.3, Max: 0.7, Diff: 0.7, Sum: 5.6]
         [Termination Attempts: Min: 1, Avg: 1.0, Max: 1, Diff: 0, Sum: 18]
      [GC Worker Other (ms): Min: 0.0, Avg: 0.0, Max: 0.0, Diff: 0.0, Sum: 0.4]
      [GC Worker Total (ms): Min: 11.2, Avg: 11.5, Max: 11.7, Diff: 0.5, Sum: 206.2]
      [GC Worker End (ms): Min: 8521.9, Avg: 8521.9, Max: 8521.9, Diff: 0.0]
   [Code Root Fixup: 0.0 ms]
   [Code Root Purge: 0.0 ms]
   [Clear CT: 0.2 ms]
   [Other: 1.2 ms]
      [Choose CSet: 0.0 ms]
      [Ref Proc: 0.3 ms]
      [Ref Enq: 0.0 ms]
      [Redirty Cards: 0.3 ms]
      [Humongous Register: 0.1 ms]
      [Humongous Reclaim: 0.1 ms]
      [Free CSet: 0.1 ms]
   [Eden: 44.0M(44.0M)->0.0B(193.0M) Survivors: 7168.0K->7168.0K Heap: 623.8M(1024.0M)->572.1M(1024.0M)]
 [Times: user=0.20 sys=0.01, real=0.01 secs] 
8.524: [GC pause (G1 Humongous Allocation) (young) (initial-mark), 0.0039459 secs]
   [Parallel Time: 2.7 ms, GC Workers: 18]
      [GC Worker Start (ms): Min: 8524.9, Avg: 8525.1, Max: 8525.3, Diff: 0.4]
      [Ext Root Scanning (ms): Min: 0.0, Avg: 0.2, Max: 0.4, Diff: 0.4, Sum: 3.1]
      [Update RS (ms): Min: 0.1, Avg: 0.4, Max: 1.0, Diff: 0.9, Sum: 6.6]
         [Processed Buffers: Min: 0, Avg: 1.0, Max: 2, Diff: 2, Sum: 18]
      [Scan RS (ms): Min: 0.0, Avg: 0.0, Max: 0.0, Diff: 0.0, Sum: 0.1]
      [Code Root Scanning (ms): Min: 0.0, Avg: 0.0, Max: 0.0, Diff: 0.0, Sum: 0.0]
      [Object Copy (ms): Min: 0.6, Avg: 1.3, Max: 1.9, Diff: 1.2, Sum: 23.2]
      [Termination (ms): Min: 0.0, Avg: 0.3, Max: 0.8, Diff: 0.8, Sum: 6.0]
         [Termination Attempts: Min: 1, Avg: 1.1, Max: 2, Diff: 1, Sum: 19]
      [GC Worker Other (ms): Min: 0.0, Avg: 0.0, Max: 0.0, Diff: 0.0, Sum: 0.2]
      [GC Worker Total (ms): Min: 2.0, Avg: 2.2, Max: 2.4, Diff: 0.3, Sum: 39.2]
      [GC Worker End (ms): Min: 8527.3, Avg: 8527.3, Max: 8527.3, Diff: 0.0]
   [Code Root Fixup: 0.0 ms]
   [Code Root Purge: 0.0 ms]
   [Clear CT: 0.2 ms]
   [Other: 1.0 ms]
      [Choose CSet: 0.0 ms]
      [Ref Proc: 0.3 ms]
      [Ref Enq: 0.0 ms]
      [Redirty Cards: 0.2 ms]
      [Humongous Register: 0.2 ms]
      [Humongous Reclaim: 0.0 ms]
      [Free CSet: 0.0 ms]
   [Eden: 2048.0K(193.0M)->0.0B(200.0M) Survivors: 7168.0K->8192.0K Heap: 574.1M(1024.0M)->572.2M(1024.0M)]
 [Times: user=0.04 sys=0.00, real=0.01 secs] 
8.529: [GC concurrent-root-region-scan-start]
8.529: [GC concurrent-root-region-scan-end, 0.0002520 secs]
8.529: [GC concurrent-mark-start]
8.531: [GC concurrent-mark-end, 0.0022211 secs]
8.531: [GC remark 8.531: [Finalize Marking, 0.0004489 secs] 8.532: [GC ref-proc, 0.0004146 secs] 8.532: [Unloading, 0.0009283 secs], 0.0027269 secs]
 [Times: user=0.02 sys=0.00, real=0.00 secs] 
8.534: [GC cleanup 582M->574M(1024M), 0.0016739 secs]
 [Times: user=0.01 sys=0.00, real=0.00 secs] 
8.536: [GC concurrent-cleanup-start]
8.536: [GC concurrent-cleanup-end, 0.0000321 secs]
8.608: [GC pause (G1 Evacuation Pause) (young), 0.0307459 secs]
   [Parallel Time: 29.0 ms, GC Workers: 18]
      [GC Worker Start (ms): Min: 8608.6, Avg: 8608.9, Max: 8609.2, Diff: 0.6]
      [Ext Root Scanning (ms): Min: 0.0, Avg: 0.2, Max: 0.5, Diff: 0.5, Sum: 2.9]
      [Update RS (ms): Min: 7.4, Avg: 7.6, Max: 7.9, Diff: 0.5, Sum: 137.4]
         [Processed Buffers: Min: 18, Avg: 20.1, Max: 24, Diff: 6, Sum: 362]
      [Scan RS (ms): Min: 0.0, Avg: 0.1, Max: 0.3, Diff: 0.3, Sum: 1.5]
      [Code Root Scanning (ms): Min: 0.0, Avg: 0.0, Max: 0.0, Diff: 0.0, Sum: 0.0]
      [Object Copy (ms): Min: 19.6, Avg: 20.1, Max: 20.7, Diff: 1.1, Sum: 362.3]
      [Termination (ms): Min: 0.0, Avg: 0.4, Max: 0.9, Diff: 0.9, Sum: 7.5]
         [Termination Attempts: Min: 1, Avg: 1.0, Max: 1, Diff: 0, Sum: 18]
      [GC Worker Other (ms): Min: 0.0, Avg: 0.0, Max: 0.1, Diff: 0.1, Sum: 0.8]
      [GC Worker Total (ms): Min: 28.2, Avg: 28.5, Max: 28.8, Diff: 0.6, Sum: 512.4]
      [GC Worker End (ms): Min: 8637.4, Avg: 8637.4, Max: 8637.4, Diff: 0.1]
   [Code Root Fixup: 0.0 ms]
   [Code Root Purge: 0.0 ms]
   [Clear CT: 0.3 ms]
   [Other: 1.5 ms]
      [Choose CSet: 0.0 ms]
      [Ref Proc: 0.2 ms]
      [Ref Enq: 0.0 ms]
      [Redirty Cards: 0.2 ms]
      [Humongous Register: 0.3 ms]
      [Humongous Reclaim: 0.3 ms]
      [Free CSet: 0.3 ms]
   [Eden: 200.0M(200.0M)->0.0B(25.0M) Survivors: 8192.0K->26.0M Heap: 808.3M(1024.0M)->623.7M(1024.0M)]
 [Times: user=0.47 sys=0.01, real=0.03 secs] 
8.648: [GC pause (G1 Evacuation Pause) (mixed), 0.0188372 secs]
   [Parallel Time: 17.0 ms, GC Workers: 18]
      [GC Worker Start (ms): Min: 8648.8, Avg: 8649.0, Max: 8649.2, Diff: 0.4]
      [Ext Root Scanning (ms): Min: 0.0, Avg: 0.1, Max: 0.4, Diff: 0.4, Sum: 2.5]
      [Update RS (ms): Min: 0.9, Avg: 1.2, Max: 1.3, Diff: 0.4, Sum: 21.1]
         [Processed Buffers: Min: 3, Avg: 3.9, Max: 7, Diff: 4, Sum: 71]
      [Scan RS (ms): Min: 0.0, Avg: 0.1, Max: 0.2, Diff: 0.1, Sum: 1.1]
      [Code Root Scanning (ms): Min: 0.0, Avg: 0.0, Max: 0.0, Diff: 0.0, Sum: 0.0]
      [Object Copy (ms): Min: 14.5, Avg: 14.9, Max: 15.2, Diff: 0.8, Sum: 268.2]
      [Termination (ms): Min: 0.0, Avg: 0.2, Max: 0.5, Diff: 0.5, Sum: 4.3]
         [Termination Attempts: Min: 1, Avg: 1.0, Max: 1, Diff: 0, Sum: 18]
      [GC Worker Other (ms): Min: 0.0, Avg: 0.0, Max: 0.1, Diff: 0.0, Sum: 0.4]
      [GC Worker Total (ms): Min: 16.4, Avg: 16.5, Max: 16.8, Diff: 0.4, Sum: 297.6]
      [GC Worker End (ms): Min: 8665.6, Avg: 8665.6, Max: 8665.6, Diff: 0.0]
   [Code Root Fixup: 0.0 ms]
   [Code Root Purge: 0.0 ms]
   [Clear CT: 0.3 ms]
   [Other: 1.5 ms]
      [Choose CSet: 0.1 ms]
      [Ref Proc: 0.3 ms]
      [Ref Enq: 0.0 ms]
      [Redirty Cards: 0.3 ms]
      [Humongous Register: 0.3 ms]
      [Humongous Reclaim: 0.1 ms]
      [Free CSet: 0.3 ms]
   [Eden: 25.0M(25.0M)->0.0B(44.0M) Survivors: 26.0M->7168.0K Heap: 655.3M(1024.0M)->552.0M(1024.0M)]
 [Times: user=0.28 sys=0.01, real=0.01 secs] 
8.683: [GC pause (G1 Evacuation Pause) (mixed), 0.0179483 secs]
   [Parallel Time: 16.3 ms, GC Workers: 18]
      [GC Worker Start (ms): Min: 8683.8, Avg: 8684.0, Max: 8684.2, Diff: 0.4]
      [Ext Root Scanning (ms): Min: 0.0, Avg: 0.2, Max: 0.4, Diff: 0.4, Sum: 3.2]
      [Update RS (ms): Min: 1.6, Avg: 1.8, Max: 1.9, Diff: 0.3, Sum: 31.8]
         [Processed Buffers: Min: 5, Avg: 5.8, Max: 7, Diff: 2, Sum: 104]
      [Scan RS (ms): Min: 0.0, Avg: 0.1, Max: 0.2, Diff: 0.2, Sum: 0.9]
      [Code Root Scanning (ms): Min: 0.0, Avg: 0.0, Max: 0.1, Diff: 0.1, Sum: 0.1]
      [Object Copy (ms): Min: 12.0, Avg: 12.6, Max: 13.7, Diff: 1.6, Sum: 227.7]
      [Termination (ms): Min: 0.0, Avg: 1.2, Max: 1.7, Diff: 1.7, Sum: 20.7]
         [Termination Attempts: Min: 1, Avg: 1.0, Max: 1, Diff: 0, Sum: 18]
      [GC Worker Other (ms): Min: 0.0, Avg: 0.0, Max: 0.1, Diff: 0.0, Sum: 0.5]
      [GC Worker Total (ms): Min: 15.6, Avg: 15.8, Max: 16.0, Diff: 0.4, Sum: 285.0]
      [GC Worker End (ms): Min: 8699.8, Avg: 8699.8, Max: 8699.8, Diff: 0.0]
   [Code Root Fixup: 0.0 ms]
   [Code Root Purge: 0.0 ms]
   [Clear CT: 0.2 ms]
   [Other: 1.4 ms]
      [Choose CSet: 0.1 ms]
      [Ref Proc: 0.3 ms]
      [Ref Enq: 0.0 ms]
      [Redirty Cards: 0.3 ms]
      [Humongous Register: 0.3 ms]
      [Humongous Reclaim: 0.1 ms]
      [Free CSet: 0.2 ms]
   [Eden: 44.0M(44.0M)->0.0B(228.0M) Survivors: 7168.0K->7168.0K Heap: 606.6M(1024.0M)->529.5M(1024.0M)]
 [Times: user=0.27 sys=0.01, real=0.02 secs] 
8.702: [GC pause (G1 Humongous Allocation) (young) (initial-mark), 0.0034117 secs]
   [Parallel Time: 2.2 ms, GC Workers: 18]
      [GC Worker Start (ms): Min: 8702.0, Avg: 8702.2, Max: 8702.3, Diff: 0.3]
      [Ext Root Scanning (ms): Min: 0.1, Avg: 0.2, Max: 0.3, Diff: 0.3, Sum: 3.3]
      [Update RS (ms): Min: 0.1, Avg: 0.4, Max: 1.3, Diff: 1.2, Sum: 6.5]
         [Processed Buffers: Min: 0, Avg: 1.1, Max: 2, Diff: 2, Sum: 19]
      [Scan RS (ms): Min: 0.0, Avg: 0.0, Max: 0.0, Diff: 0.0, Sum: 0.1]
      [Code Root Scanning (ms): Min: 0.0, Avg: 0.0, Max: 0.0, Diff: 0.0, Sum: 0.0]
      [Object Copy (ms): Min: 0.4, Avg: 1.3, Max: 1.6, Diff: 1.1, Sum: 22.7]
      [Termination (ms): Min: 0.0, Avg: 0.2, Max: 0.4, Diff: 0.4, Sum: 2.9]
         [Termination Attempts: Min: 1, Avg: 1.0, Max: 1, Diff: 0, Sum: 18]
      [GC Worker Other (ms): Min: 0.0, Avg: 0.0, Max: 0.0, Diff: 0.0, Sum: 0.2]
      [GC Worker Total (ms): Min: 1.9, Avg: 2.0, Max: 2.1, Diff: 0.3, Sum: 35.7]
      [GC Worker End (ms): Min: 8704.1, Avg: 8704.1, Max: 8704.2, Diff: 0.0]
   [Code Root Fixup: 0.0 ms]
   [Code Root Purge: 0.0 ms]
   [Clear CT: 0.2 ms]
   [Other: 1.0 ms]
      [Choose CSet: 0.0 ms]
      [Ref Proc: 0.3 ms]
      [Ref Enq: 0.0 ms]
      [Redirty Cards: 0.2 ms]
      [Humongous Register: 0.2 ms]
      [Humongous Reclaim: 0.0 ms]
      [Free CSet: 0.0 ms]
   [Eden: 1024.0K(228.0M)->0.0B(239.0M) Survivors: 7168.0K->8192.0K Heap: 530.3M(1024.0M)->530.1M(1024.0M)]
 [Times: user=0.04 sys=0.00, real=0.00 secs] 
8.705: [GC concurrent-root-region-scan-start]
8.705: [GC concurrent-root-region-scan-end, 0.0001486 secs]
8.705: [GC concurrent-mark-start]
8.707: [GC concurrent-mark-end, 0.0020702 secs]
8.708: [GC remark 8.708: [Finalize Marking, 0.0003975 secs] 8.708: [GC ref-proc, 0.0004019 secs] 8.708: [Unloading, 0.0008867 secs], 0.0024853 secs]
 [Times: user=0.02 sys=0.00, real=0.01 secs] 
8.710: [GC cleanup 537M->536M(1024M), 0.0018066 secs]
 [Times: user=0.02 sys=0.00, real=0.00 secs] 
8.712: [GC concurrent-cleanup-start]
8.712: [GC concurrent-cleanup-end, 0.0000192 secs]
8.800: [GC pause (G1 Evacuation Pause) (young), 0.0324076 secs]
   [Parallel Time: 30.1 ms, GC Workers: 18]
      [GC Worker Start (ms): Min: 8800.7, Avg: 8800.9, Max: 8801.1, Diff: 0.4]
      [Ext Root Scanning (ms): Min: 0.0, Avg: 0.2, Max: 0.4, Diff: 0.4, Sum: 2.9]
      [Update RS (ms): Min: 8.2, Avg: 8.4, Max: 8.5, Diff: 0.3, Sum: 150.9]
         [Processed Buffers: Min: 22, Avg: 24.8, Max: 27, Diff: 5, Sum: 446]
      [Scan RS (ms): Min: 0.0, Avg: 0.1, Max: 0.1, Diff: 0.1, Sum: 1.1]
      [Code Root Scanning (ms): Min: 0.0, Avg: 0.0, Max: 0.0, Diff: 0.0, Sum: 0.0]
      [Object Copy (ms): Min: 20.3, Avg: 20.8, Max: 21.2, Diff: 0.8, Sum: 373.9]
      [Termination (ms): Min: 0.0, Avg: 0.3, Max: 0.7, Diff: 0.7, Sum: 5.3]
         [Termination Attempts: Min: 1, Avg: 1.0, Max: 1, Diff: 0, Sum: 18]
      [GC Worker Other (ms): Min: 0.0, Avg: 0.0, Max: 0.1, Diff: 0.1, Sum: 0.8]
      [GC Worker Total (ms): Min: 29.6, Avg: 29.7, Max: 29.9, Diff: 0.3, Sum: 534.9]
      [GC Worker End (ms): Min: 8830.6, Avg: 8830.6, Max: 8830.7, Diff: 0.1]
   [Code Root Fixup: 0.0 ms]
   [Code Root Purge: 0.0 ms]
   [Clear CT: 0.3 ms]
   [Other: 1.9 ms]
      [Choose CSet: 0.0 ms]
      [Ref Proc: 0.3 ms]
      [Ref Enq: 0.0 ms]
      [Redirty Cards: 0.2 ms]
      [Humongous Register: 0.3 ms]
      [Humongous Reclaim: 0.5 ms]
      [Free CSet: 0.4 ms]
   [Eden: 239.0M(239.0M)->0.0B(20.0M) Survivors: 8192.0K->31.0M Heap: 822.9M(1024.0M)->576.8M(1024.0M)]
 [Times: user=0.51 sys=0.01, real=0.03 secs] 
8.841: [GC pause (G1 Evacuation Pause) (mixed), 0.0147709 secs]
   [Parallel Time: 13.2 ms, GC Workers: 18]
      [GC Worker Start (ms): Min: 8841.2, Avg: 8841.5, Max: 8841.7, Diff: 0.5]
      [Ext Root Scanning (ms): Min: 0.0, Avg: 0.2, Max: 0.5, Diff: 0.5, Sum: 4.1]
      [Update RS (ms): Min: 1.2, Avg: 1.3, Max: 1.4, Diff: 0.2, Sum: 22.8]
         [Processed Buffers: Min: 3, Avg: 4.2, Max: 6, Diff: 3, Sum: 76]
      [Scan RS (ms): Min: 0.0, Avg: 0.1, Max: 0.9, Diff: 0.9, Sum: 1.5]
      [Code Root Scanning (ms): Min: 0.0, Avg: 0.0, Max: 0.0, Diff: 0.0, Sum: 0.0]
      [Object Copy (ms): Min: 9.9, Avg: 10.8, Max: 11.0, Diff: 1.1, Sum: 194.5]
      [Termination (ms): Min: 0.0, Avg: 0.2, Max: 0.4, Diff: 0.4, Sum: 3.5]
         [Termination Attempts: Min: 1, Avg: 1.3, Max: 3, Diff: 2, Sum: 24]
      [GC Worker Other (ms): Min: 0.0, Avg: 0.0, Max: 0.1, Diff: 0.0, Sum: 0.6]
      [GC Worker Total (ms): Min: 12.4, Avg: 12.6, Max: 12.9, Diff: 0.5, Sum: 227.1]
      [GC Worker End (ms): Min: 8854.1, Avg: 8854.1, Max: 8854.2, Diff: 0.1]
   [Code Root Fixup: 0.0 ms]
   [Code Root Purge: 0.0 ms]
   [Clear CT: 0.2 ms]
   [Other: 1.4 ms]
      [Choose CSet: 0.0 ms]
      [Ref Proc: 0.3 ms]
      [Ref Enq: 0.0 ms]
      [Redirty Cards: 0.3 ms]
      [Humongous Register: 0.3 ms]
      [Humongous Reclaim: 0.1 ms]
      [Free CSet: 0.2 ms]
   [Eden: 20.0M(20.0M)->0.0B(45.0M) Survivors: 31.0M->6144.0K Heap: 603.9M(1024.0M)->556.0M(1024.0M)]
 [Times: user=0.22 sys=0.01, real=0.01 secs] 
8.872: [GC pause (G1 Evacuation Pause) (mixed), 0.0138133 secs]
   [Parallel Time: 12.2 ms, GC Workers: 18]
      [GC Worker Start (ms): Min: 8873.0, Avg: 8873.2, Max: 8873.4, Diff: 0.4]
      [Ext Root Scanning (ms): Min: 0.0, Avg: 0.1, Max: 0.4, Diff: 0.4, Sum: 2.7]
      [Update RS (ms): Min: 1.5, Avg: 1.7, Max: 2.0, Diff: 0.5, Sum: 31.1]
         [Processed Buffers: Min: 4, Avg: 5.4, Max: 8, Diff: 4, Sum: 97]
      [Scan RS (ms): Min: 0.0, Avg: 0.0, Max: 0.1, Diff: 0.1, Sum: 0.6]
      [Code Root Scanning (ms): Min: 0.0, Avg: 0.0, Max: 0.0, Diff: 0.0, Sum: 0.0]
      [Object Copy (ms): Min: 9.2, Avg: 9.5, Max: 9.9, Diff: 0.7, Sum: 171.9]
      [Termination (ms): Min: 0.0, Avg: 0.2, Max: 0.3, Diff: 0.3, Sum: 3.8]
         [Termination Attempts: Min: 1, Avg: 1.0, Max: 1, Diff: 0, Sum: 18]
      [GC Worker Other (ms): Min: 0.0, Avg: 0.0, Max: 0.1, Diff: 0.0, Sum: 0.4]
      [GC Worker Total (ms): Min: 11.5, Avg: 11.7, Max: 11.9, Diff: 0.4, Sum: 210.5]
      [GC Worker End (ms): Min: 8884.9, Avg: 8884.9, Max: 8884.9, Diff: 0.0]
   [Code Root Fixup: 0.0 ms]
   [Code Root Purge: 0.0 ms]
   [Clear CT: 0.2 ms]
   [Other: 1.4 ms]
      [Choose CSet: 0.0 ms]
      [Ref Proc: 0.4 ms]
      [Ref Enq: 0.0 ms]
      [Redirty Cards: 0.3 ms]
      [Humongous Register: 0.3 ms]
      [Humongous Reclaim: 0.1 ms]
      [Free CSet: 0.2 ms]
   [Eden: 45.0M(45.0M)->0.0B(44.0M) Survivors: 6144.0K->7168.0K Heap: 610.9M(1024.0M)->547.2M(1024.0M)]
 [Times: user=0.20 sys=0.00, real=0.01 secs] 
8.902: [GC pause (G1 Evacuation Pause) (mixed), 0.0138043 secs]
   [Parallel Time: 12.3 ms, GC Workers: 18]
      [GC Worker Start (ms): Min: 8902.8, Avg: 8903.1, Max: 8903.3, Diff: 0.5]
      [Ext Root Scanning (ms): Min: 0.0, Avg: 0.1, Max: 0.3, Diff: 0.3, Sum: 2.1]
      [Update RS (ms): Min: 1.5, Avg: 1.6, Max: 1.7, Diff: 0.2, Sum: 28.5]
         [Processed Buffers: Min: 4, Avg: 5.4, Max: 7, Diff: 3, Sum: 97]
      [Scan RS (ms): Min: 0.0, Avg: 0.1, Max: 0.3, Diff: 0.3, Sum: 1.4]
      [Code Root Scanning (ms): Min: 0.0, Avg: 0.0, Max: 0.0, Diff: 0.0, Sum: 0.0]
      [Object Copy (ms): Min: 9.5, Avg: 9.8, Max: 10.0, Diff: 0.5, Sum: 176.1]
      [Termination (ms): Min: 0.0, Avg: 0.2, Max: 0.5, Diff: 0.5, Sum: 3.8]
         [Termination Attempts: Min: 1, Avg: 1.0, Max: 1, Diff: 0, Sum: 18]
      [GC Worker Other (ms): Min: 0.0, Avg: 0.0, Max: 0.1, Diff: 0.1, Sum: 0.5]
      [GC Worker Total (ms): Min: 11.6, Avg: 11.8, Max: 12.1, Diff: 0.5, Sum: 212.5]
      [GC Worker End (ms): Min: 8914.9, Avg: 8914.9, Max: 8914.9, Diff: 0.0]
   [Code Root Fixup: 0.0 ms]
   [Code Root Purge: 0.0 ms]
   [Clear CT: 0.2 ms]
   [Other: 1.2 ms]
      [Choose CSet: 0.0 ms]
      [Ref Proc: 0.2 ms]
      [Ref Enq: 0.0 ms]
      [Redirty Cards: 0.3 ms]
      [Humongous Register: 0.3 ms]
      [Humongous Reclaim: 0.1 ms]
      [Free CSet: 0.2 ms]
   [Eden: 44.0M(44.0M)->0.0B(44.0M) Survivors: 7168.0K->7168.0K Heap: 601.1M(1024.0M)->540.0M(1024.0M)]
 [Times: user=0.21 sys=0.00, real=0.01 secs] 
8.932: [GC pause (G1 Evacuation Pause) (mixed), 0.0108079 secs]
   [Parallel Time: 9.3 ms, GC Workers: 18]
      [GC Worker Start (ms): Min: 8932.4, Avg: 8932.6, Max: 8932.9, Diff: 0.4]
      [Ext Root Scanning (ms): Min: 0.0, Avg: 0.1, Max: 0.3, Diff: 0.3, Sum: 1.9]
      [Update RS (ms): Min: 1.7, Avg: 1.9, Max: 2.1, Diff: 0.4, Sum: 34.0]
         [Processed Buffers: Min: 5, Avg: 6.1, Max: 7, Diff: 2, Sum: 110]
      [Scan RS (ms): Min: 0.0, Avg: 0.0, Max: 0.1, Diff: 0.1, Sum: 0.5]
      [Code Root Scanning (ms): Min: 0.0, Avg: 0.0, Max: 0.0, Diff: 0.0, Sum: 0.0]
      [Object Copy (ms): Min: 6.2, Avg: 6.5, Max: 6.9, Diff: 0.7, Sum: 117.8]
      [Termination (ms): Min: 0.0, Avg: 0.3, Max: 0.5, Diff: 0.5, Sum: 5.6]
         [Termination Attempts: Min: 1, Avg: 1.2, Max: 4, Diff: 3, Sum: 21]
      [GC Worker Other (ms): Min: 0.0, Avg: 0.0, Max: 0.0, Diff: 0.0, Sum: 0.3]
      [GC Worker Total (ms): Min: 8.7, Avg: 8.9, Max: 9.1, Diff: 0.4, Sum: 160.2]
      [GC Worker End (ms): Min: 8941.5, Avg: 8941.5, Max: 8941.6, Diff: 0.0]
   [Code Root Fixup: 0.0 ms]
   [Code Root Purge: 0.0 ms]
   [Clear CT: 0.2 ms]
   [Other: 1.3 ms]
      [Choose CSet: 0.0 ms]
      [Ref Proc: 0.3 ms]
      [Ref Enq: 0.0 ms]
      [Redirty Cards: 0.3 ms]
      [Humongous Register: 0.3 ms]
      [Humongous Reclaim: 0.1 ms]
      [Free CSet: 0.1 ms]
   [Eden: 44.0M(44.0M)->0.0B(69.0M) Survivors: 7168.0K->7168.0K Heap: 595.3M(1024.0M)->549.0M(1024.0M)]
 [Times: user=0.16 sys=0.00, real=0.01 secs] 
8.943: [GC pause (G1 Humongous Allocation) (young) (initial-mark), 0.0033636 secs]
   [Parallel Time: 2.2 ms, GC Workers: 18]
      [GC Worker Start (ms): Min: 8943.6, Avg: 8943.6, Max: 8943.7, Diff: 0.1]
      [Ext Root Scanning (ms): Min: 0.2, Avg: 0.2, Max: 0.3, Diff: 0.1, Sum: 4.5]
      [Update RS (ms): Min: 0.1, Avg: 0.2, Max: 0.6, Diff: 0.6, Sum: 4.0]
         [Processed Buffers: Min: 0, Avg: 1.1, Max: 3, Diff: 3, Sum: 19]
      [Scan RS (ms): Min: 0.0, Avg: 0.0, Max: 0.0, Diff: 0.0, Sum: 0.1]
      [Code Root Scanning (ms): Min: 0.0, Avg: 0.0, Max: 0.0, Diff: 0.0, Sum: 0.0]
      [Object Copy (ms): Min: 0.9, Avg: 1.2, Max: 1.5, Diff: 0.6, Sum: 21.3]
      [Termination (ms): Min: 0.0, Avg: 0.2, Max: 0.4, Diff: 0.4, Sum: 4.1]
         [Termination Attempts: Min: 1, Avg: 1.1, Max: 2, Diff: 1, Sum: 20]
      [GC Worker Other (ms): Min: 0.0, Avg: 0.0, Max: 0.0, Diff: 0.0, Sum: 0.2]
      [GC Worker Total (ms): Min: 1.8, Avg: 1.9, Max: 2.0, Diff: 0.1, Sum: 34.3]
      [GC Worker End (ms): Min: 8945.5, Avg: 8945.5, Max: 8945.5, Diff: 0.0]
   [Code Root Fixup: 0.0 ms]
   [Code Root Purge: 0.0 ms]
   [Clear CT: 0.2 ms]
   [Other: 1.0 ms]
      [Choose CSet: 0.0 ms]
      [Ref Proc: 0.3 ms]
      [Ref Enq: 0.0 ms]
      [Redirty Cards: 0.2 ms]
      [Humongous Register: 0.2 ms]
      [Humongous Reclaim: 0.0 ms]
      [Free CSet: 0.0 ms]
   [Eden: 1024.0K(69.0M)->0.0B(148.0M) Survivors: 7168.0K->1024.0K Heap: 549.1M(1024.0M)->549.1M(1024.0M)]
 [Times: user=0.03 sys=0.00, real=0.00 secs] 
8.947: [GC concurrent-root-region-scan-start]
8.947: [GC concurrent-root-region-scan-end, 0.0001308 secs]
8.947: [GC concurrent-mark-start]
8.949: [GC concurrent-mark-end, 0.0023013 secs]
8.949: [GC remark 8.949: [Finalize Marking, 0.0003376 secs] 8.950: [GC ref-proc, 0.0004135 secs] 8.950: [Unloading, 0.0009935 secs], 0.0025788 secs]
 [Times: user=0.02 sys=0.01, real=0.00 secs] 
8.952: [GC cleanup 559M->552M(1024M), 0.0018104 secs]
 [Times: user=0.02 sys=0.00, real=0.00 secs] 
8.954: [GC concurrent-cleanup-start]
8.954: [GC concurrent-cleanup-end, 0.0000382 secs]
9.005: [GC pause (G1 Evacuation Pause) (young), 0.0199683 secs]
   [Parallel Time: 18.1 ms, GC Workers: 18]
      [GC Worker Start (ms): Min: 9005.1, Avg: 9005.4, Max: 9005.6, Diff: 0.5]
      [Ext Root Scanning (ms): Min: 0.0, Avg: 0.1, Max: 0.3, Diff: 0.3, Sum: 2.0]
      [Update RS (ms): Min: 4.8, Avg: 5.0, Max: 5.2, Diff: 0.4, Sum: 89.9]
         [Processed Buffers: Min: 13, Avg: 14.9, Max: 17, Diff: 4, Sum: 268]
      [Scan RS (ms): Min: 0.0, Avg: 0.0, Max: 0.1, Diff: 0.1, Sum: 0.6]
      [Code Root Scanning (ms): Min: 0.0, Avg: 0.0, Max: 0.0, Diff: 0.0, Sum: 0.0]
      [Object Copy (ms): Min: 11.7, Avg: 12.1, Max: 12.4, Diff: 0.7, Sum: 217.9]
      [Termination (ms): Min: 0.0, Avg: 0.3, Max: 0.6, Diff: 0.6, Sum: 4.6]
         [Termination Attempts: Min: 1, Avg: 1.0, Max: 1, Diff: 0, Sum: 18]
      [GC Worker Other (ms): Min: 0.0, Avg: 0.0, Max: 0.1, Diff: 0.1, Sum: 0.5]
      [GC Worker Total (ms): Min: 17.3, Avg: 17.5, Max: 17.8, Diff: 0.5, Sum: 315.6]
      [GC Worker End (ms): Min: 9022.9, Avg: 9022.9, Max: 9022.9, Diff: 0.0]
   [Code Root Fixup: 0.0 ms]
   [Code Root Purge: 0.0 ms]
   [Clear CT: 0.2 ms]
   [Other: 1.6 ms]
      [Choose CSet: 0.0 ms]
      [Ref Proc: 0.4 ms]
      [Ref Enq: 0.0 ms]
      [Redirty Cards: 0.3 ms]
      [Humongous Register: 0.3 ms]
      [Humongous Reclaim: 0.2 ms]
      [Free CSet: 0.2 ms]
   [Eden: 148.0M(148.0M)->0.0B(32.0M) Survivors: 1024.0K->19.0M Heap: 721.9M(1024.0M)->573.8M(1024.0M)]
 [Times: user=0.31 sys=0.00, real=0.02 secs] 
9.036: [GC pause (G1 Evacuation Pause) (mixed), 0.0133438 secs]
   [Parallel Time: 11.7 ms, GC Workers: 18]
      [GC Worker Start (ms): Min: 9036.8, Avg: 9037.0, Max: 9037.2, Diff: 0.4]
      [Ext Root Scanning (ms): Min: 0.0, Avg: 0.2, Max: 0.4, Diff: 0.4, Sum: 2.9]
      [Update RS (ms): Min: 1.1, Avg: 1.4, Max: 1.7, Diff: 0.5, Sum: 25.2]
         [Processed Buffers: Min: 4, Avg: 4.6, Max: 7, Diff: 3, Sum: 82]
      [Scan RS (ms): Min: 0.0, Avg: 0.0, Max: 0.1, Diff: 0.1, Sum: 0.7]
      [Code Root Scanning (ms): Min: 0.0, Avg: 0.0, Max: 0.0, Diff: 0.0, Sum: 0.0]
      [Object Copy (ms): Min: 8.7, Avg: 9.3, Max: 9.8, Diff: 1.1, Sum: 166.5]
      [Termination (ms): Min: 0.0, Avg: 0.4, Max: 0.6, Diff: 0.6, Sum: 6.3]
         [Termination Attempts: Min: 1, Avg: 1.1, Max: 2, Diff: 1, Sum: 19]
      [GC Worker Other (ms): Min: 0.0, Avg: 0.0, Max: 0.1, Diff: 0.0, Sum: 0.4]
      [GC Worker Total (ms): Min: 11.1, Avg: 11.2, Max: 11.4, Diff: 0.3, Sum: 202.1]
      [GC Worker End (ms): Min: 9048.3, Avg: 9048.3, Max: 9048.3, Diff: 0.0]
   [Code Root Fixup: 0.0 ms]
   [Code Root Purge: 0.0 ms]
   [Clear CT: 0.2 ms]
   [Other: 1.4 ms]
      [Choose CSet: 0.0 ms]
      [Ref Proc: 0.3 ms]
      [Ref Enq: 0.0 ms]
      [Redirty Cards: 0.3 ms]
      [Humongous Register: 0.3 ms]
      [Humongous Reclaim: 0.1 ms]
      [Free CSet: 0.2 ms]
   [Eden: 32.0M(32.0M)->0.0B(44.0M) Survivors: 19.0M->7168.0K Heap: 613.9M(1024.0M)->543.1M(1024.0M)]
 [Times: user=0.20 sys=0.01, real=0.02 secs] 
9.066: [GC pause (G1 Evacuation Pause) (mixed), 0.0140901 secs]
   [Parallel Time: 12.5 ms, GC Workers: 18]
      [GC Worker Start (ms): Min: 9066.6, Avg: 9066.8, Max: 9067.1, Diff: 0.4]
      [Ext Root Scanning (ms): Min: 0.0, Avg: 0.1, Max: 0.3, Diff: 0.3, Sum: 2.4]
      [Update RS (ms): Min: 2.2, Avg: 2.3, Max: 2.4, Diff: 0.2, Sum: 42.0]
         [Processed Buffers: Min: 5, Avg: 6.8, Max: 10, Diff: 5, Sum: 123]
      [Scan RS (ms): Min: 0.0, Avg: 0.2, Max: 1.3, Diff: 1.3, Sum: 3.0]
      [Code Root Scanning (ms): Min: 0.0, Avg: 0.0, Max: 0.1, Diff: 0.1, Sum: 0.1]
      [Object Copy (ms): Min: 7.8, Avg: 9.0, Max: 9.5, Diff: 1.7, Sum: 162.9]
      [Termination (ms): Min: 0.0, Avg: 0.3, Max: 0.6, Diff: 0.6, Sum: 5.5]
         [Termination Attempts: Min: 1, Avg: 1.0, Max: 1, Diff: 0, Sum: 18]
      [GC Worker Other (ms): Min: 0.0, Avg: 0.0, Max: 0.0, Diff: 0.0, Sum: 0.3]
      [GC Worker Total (ms): Min: 11.8, Avg: 12.0, Max: 12.2, Diff: 0.4, Sum: 216.1]
      [GC Worker End (ms): Min: 9078.8, Avg: 9078.9, Max: 9078.9, Diff: 0.0]
   [Code Root Fixup: 0.0 ms]
   [Code Root Purge: 0.0 ms]
   [Clear CT: 0.2 ms]
   [Other: 1.3 ms]
      [Choose CSet: 0.0 ms]
      [Ref Proc: 0.3 ms]
      [Ref Enq: 0.0 ms]
      [Redirty Cards: 0.2 ms]
      [Humongous Register: 0.3 ms]
      [Humongous Reclaim: 0.1 ms]
      [Free CSet: 0.2 ms]
   [Eden: 44.0M(44.0M)->0.0B(44.0M) Survivors: 7168.0K->7168.0K Heap: 600.1M(1024.0M)->527.3M(1024.0M)]
 [Times: user=0.21 sys=0.00, real=0.02 secs] 
9.098: [GC pause (G1 Evacuation Pause) (mixed), 0.0167417 secs]
   [Parallel Time: 15.3 ms, GC Workers: 18]
      [GC Worker Start (ms): Min: 9097.9, Avg: 9098.2, Max: 9098.4, Diff: 0.4]
      [Ext Root Scanning (ms): Min: 0.0, Avg: 0.1, Max: 0.3, Diff: 0.3, Sum: 2.5]
      [Update RS (ms): Min: 3.0, Avg: 3.2, Max: 3.4, Diff: 0.5, Sum: 58.1]
         [Processed Buffers: Min: 9, Avg: 9.6, Max: 11, Diff: 2, Sum: 173]
      [Scan RS (ms): Min: 0.0, Avg: 0.0, Max: 0.1, Diff: 0.1, Sum: 0.7]
      [Code Root Scanning (ms): Min: 0.0, Avg: 0.0, Max: 0.0, Diff: 0.0, Sum: 0.0]
      [Object Copy (ms): Min: 10.6, Avg: 11.0, Max: 11.4, Diff: 0.9, Sum: 198.5]
      [Termination (ms): Min: 0.0, Avg: 0.3, Max: 0.6, Diff: 0.6, Sum: 5.3]
         [Termination Attempts: Min: 1, Avg: 1.1, Max: 2, Diff: 1, Sum: 20]
      [GC Worker Other (ms): Min: 0.0, Avg: 0.0, Max: 0.1, Diff: 0.1, Sum: 0.6]
      [GC Worker Total (ms): Min: 14.6, Avg: 14.8, Max: 15.0, Diff: 0.4, Sum: 265.7]
      [GC Worker End (ms): Min: 9112.9, Avg: 9112.9, Max: 9112.9, Diff: 0.0]
   [Code Root Fixup: 0.0 ms]
   [Code Root Purge: 0.0 ms]
   [Clear CT: 0.2 ms]
   [Other: 1.2 ms]
      [Choose CSet: 0.0 ms]
      [Ref Proc: 0.3 ms]
      [Ref Enq: 0.0 ms]
      [Redirty Cards: 0.3 ms]
      [Humongous Register: 0.1 ms]
      [Humongous Reclaim: 0.1 ms]
      [Free CSet: 0.2 ms]
   [Eden: 44.0M(44.0M)->0.0B(44.0M) Survivors: 7168.0K->7168.0K Heap: 590.5M(1024.0M)->520.9M(1024.0M)]
 [Times: user=0.25 sys=0.01, real=0.02 secs] 
9.130: [GC pause (G1 Evacuation Pause) (mixed), 0.0137028 secs]
   [Parallel Time: 12.2 ms, GC Workers: 18]
      [GC Worker Start (ms): Min: 9130.4, Avg: 9130.6, Max: 9130.9, Diff: 0.5]
      [Ext Root Scanning (ms): Min: 0.0, Avg: 0.1, Max: 0.3, Diff: 0.3, Sum: 2.1]
      [Update RS (ms): Min: 1.2, Avg: 1.4, Max: 1.7, Diff: 0.5, Sum: 25.2]
         [Processed Buffers: Min: 4, Avg: 4.6, Max: 6, Diff: 2, Sum: 82]
      [Scan RS (ms): Min: 0.0, Avg: 0.1, Max: 0.2, Diff: 0.2, Sum: 0.9]
      [Code Root Scanning (ms): Min: 0.0, Avg: 0.0, Max: 0.3, Diff: 0.3, Sum: 0.3]
      [Object Copy (ms): Min: 9.6, Avg: 9.9, Max: 10.2, Diff: 0.6, Sum: 178.7]
      [Termination (ms): Min: 0.0, Avg: 0.2, Max: 0.3, Diff: 0.3, Sum: 3.0]
         [Termination Attempts: Min: 1, Avg: 1.2, Max: 2, Diff: 1, Sum: 21]
      [GC Worker Other (ms): Min: 0.0, Avg: 0.0, Max: 0.0, Diff: 0.0, Sum: 0.3]
      [GC Worker Total (ms): Min: 11.5, Avg: 11.7, Max: 11.9, Diff: 0.5, Sum: 210.5]
      [GC Worker End (ms): Min: 9142.3, Avg: 9142.3, Max: 9142.4, Diff: 0.0]
   [Code Root Fixup: 0.0 ms]
   [Code Root Purge: 0.0 ms]
   [Clear CT: 0.3 ms]
   [Other: 1.2 ms]
      [Choose CSet: 0.0 ms]
      [Ref Proc: 0.3 ms]
      [Ref Enq: 0.0 ms]
      [Redirty Cards: 0.2 ms]
      [Humongous Register: 0.3 ms]
      [Humongous Reclaim: 0.1 ms]
      [Free CSet: 0.2 ms]
   [Eden: 44.0M(44.0M)->0.0B(44.0M) Survivors: 7168.0K->7168.0K Heap: 572.6M(1024.0M)->515.6M(1024.0M)]
 [Times: user=0.20 sys=0.00, real=0.01 secs] 
9.144: [GC pause (G1 Humongous Allocation) (young) (initial-mark), 0.0034490 secs]
   [Parallel Time: 2.3 ms, GC Workers: 18]
      [GC Worker Start (ms): Min: 9144.8, Avg: 9144.9, Max: 9145.0, Diff: 0.2]
      [Ext Root Scanning (ms): Min: 0.1, Avg: 0.2, Max: 0.3, Diff: 0.2, Sum: 3.6]
      [Update RS (ms): Min: 0.0, Avg: 0.2, Max: 0.8, Diff: 0.8, Sum: 4.0]
         [Processed Buffers: Min: 0, Avg: 1.1, Max: 2, Diff: 2, Sum: 19]
      [Scan RS (ms): Min: 0.0, Avg: 0.0, Max: 0.0, Diff: 0.0, Sum: 0.1]
      [Code Root Scanning (ms): Min: 0.0, Avg: 0.0, Max: 0.0, Diff: 0.0, Sum: 0.0]
      [Object Copy (ms): Min: 0.9, Avg: 1.4, Max: 1.7, Diff: 0.9, Sum: 25.7]
      [Termination (ms): Min: 0.0, Avg: 0.2, Max: 0.4, Diff: 0.4, Sum: 3.7]
         [Termination Attempts: Min: 1, Avg: 1.2, Max: 2, Diff: 1, Sum: 22]
      [GC Worker Other (ms): Min: 0.0, Avg: 0.0, Max: 0.0, Diff: 0.0, Sum: 0.2]
      [GC Worker Total (ms): Min: 1.9, Avg: 2.1, Max: 2.2, Diff: 0.2, Sum: 37.3]
      [GC Worker End (ms): Min: 9147.0, Avg: 9147.0, Max: 9147.0, Diff: 0.0]
   [Code Root Fixup: 0.0 ms]
   [Code Root Purge: 0.0 ms]
   [Clear CT: 0.2 ms]
   [Other: 0.9 ms]
      [Choose CSet: 0.0 ms]
      [Ref Proc: 0.3 ms]
      [Ref Enq: 0.0 ms]
      [Redirty Cards: 0.2 ms]
      [Humongous Register: 0.2 ms]
      [Humongous Reclaim: 0.0 ms]
      [Free CSet: 0.0 ms]
   [Eden: 2048.0K(44.0M)->0.0B(50.0M) Survivors: 7168.0K->1024.0K Heap: 517.0M(1024.0M)->514.6M(1024.0M)]
 [Times: user=0.03 sys=0.01, real=0.01 secs] 
9.148: [GC concurrent-root-region-scan-start]
9.148: [GC concurrent-root-region-scan-end, 0.0001388 secs]
9.148: [GC concurrent-mark-start]
9.151: [GC concurrent-mark-end, 0.0025590 secs]
9.151: [GC remark 9.151: [Finalize Marking, 0.0003347 secs] 9.151: [GC ref-proc, 0.0004089 secs] 9.152: [Unloading, 0.0010014 secs], 0.0026020 secs]
 [Times: user=0.02 sys=0.00, real=0.00 secs] 
9.154: [GC cleanup 523M->520M(1024M), 0.0015897 secs]
 [Times: user=0.01 sys=0.00, real=0.00 secs] 
9.155: [GC concurrent-cleanup-start]
9.155: [GC concurrent-cleanup-end, 0.0000312 secs]
9.170: [GC pause (G1 Evacuation Pause) (young), 0.0069510 secs]
   [Parallel Time: 5.7 ms, GC Workers: 18]
      [GC Worker Start (ms): Min: 9170.8, Avg: 9170.9, Max: 9171.1, Diff: 0.3]
      [Ext Root Scanning (ms): Min: 0.0, Avg: 0.2, Max: 0.3, Diff: 0.3, Sum: 3.4]
      [Update RS (ms): Min: 1.4, Avg: 1.6, Max: 1.7, Diff: 0.3, Sum: 28.4]
         [Processed Buffers: Min: 4, Avg: 5.1, Max: 6, Diff: 2, Sum: 91]
      [Scan RS (ms): Min: 0.0, Avg: 0.0, Max: 0.0, Diff: 0.0, Sum: 0.2]
      [Code Root Scanning (ms): Min: 0.0, Avg: 0.0, Max: 0.0, Diff: 0.0, Sum: 0.0]
      [Object Copy (ms): Min: 3.1, Avg: 3.4, Max: 3.6, Diff: 0.6, Sum: 60.4]
      [Termination (ms): Min: 0.0, Avg: 0.2, Max: 0.4, Diff: 0.4, Sum: 3.4]
         [Termination Attempts: Min: 1, Avg: 1.0, Max: 1, Diff: 0, Sum: 18]
      [GC Worker Other (ms): Min: 0.0, Avg: 0.0, Max: 0.0, Diff: 0.0, Sum: 0.4]
      [GC Worker Total (ms): Min: 5.2, Avg: 5.3, Max: 5.5, Diff: 0.3, Sum: 96.0]
      [GC Worker End (ms): Min: 9176.3, Avg: 9176.3, Max: 9176.3, Diff: 0.0]
   [Code Root Fixup: 0.0 ms]
   [Code Root Purge: 0.0 ms]
   [Clear CT: 0.2 ms]
   [Other: 1.1 ms]
      [Choose CSet: 0.0 ms]
      [Ref Proc: 0.3 ms]
      [Ref Enq: 0.0 ms]
      [Redirty Cards: 0.2 ms]
      [Humongous Register: 0.3 ms]
      [Humongous Reclaim: 0.1 ms]
      [Free CSet: 0.1 ms]
   [Eden: 50.0M(50.0M)->0.0B(44.0M) Survivors: 1024.0K->7168.0K Heap: 571.3M(1024.0M)->522.0M(1024.0M)]
 [Times: user=0.09 sys=0.00, real=0.00 secs] 
9.195: [GC pause (G1 Evacuation Pause) (mixed), 0.0129890 secs]
   [Parallel Time: 11.4 ms, GC Workers: 18]
      [GC Worker Start (ms): Min: 9195.6, Avg: 9195.8, Max: 9196.0, Diff: 0.4]
      [Ext Root Scanning (ms): Min: 0.0, Avg: 0.2, Max: 0.4, Diff: 0.4, Sum: 2.8]
      [Update RS (ms): Min: 2.6, Avg: 2.8, Max: 3.0, Diff: 0.5, Sum: 50.9]
         [Processed Buffers: Min: 7, Avg: 8.3, Max: 11, Diff: 4, Sum: 150]
      [Scan RS (ms): Min: 0.0, Avg: 0.0, Max: 0.3, Diff: 0.3, Sum: 0.9]
      [Code Root Scanning (ms): Min: 0.0, Avg: 0.0, Max: 0.1, Diff: 0.1, Sum: 0.1]
      [Object Copy (ms): Min: 7.2, Avg: 7.6, Max: 8.0, Diff: 0.8, Sum: 136.3]
      [Termination (ms): Min: 0.0, Avg: 0.3, Max: 0.6, Diff: 0.6, Sum: 5.1]
         [Termination Attempts: Min: 1, Avg: 1.0, Max: 1, Diff: 0, Sum: 18]
      [GC Worker Other (ms): Min: 0.0, Avg: 0.0, Max: 0.0, Diff: 0.0, Sum: 0.3]
      [GC Worker Total (ms): Min: 10.7, Avg: 10.9, Max: 11.1, Diff: 0.4, Sum: 196.4]
      [GC Worker End (ms): Min: 9206.7, Avg: 9206.7, Max: 9206.8, Diff: 0.0]
   [Code Root Fixup: 0.0 ms]
   [Code Root Purge: 0.0 ms]
   [Clear CT: 0.2 ms]
   [Other: 1.4 ms]
      [Choose CSet: 0.0 ms]
      [Ref Proc: 0.4 ms]
      [Ref Enq: 0.0 ms]
      [Redirty Cards: 0.2 ms]
      [Humongous Register: 0.3 ms]
      [Humongous Reclaim: 0.1 ms]
      [Free CSet: 0.2 ms]
   [Eden: 44.0M(44.0M)->0.0B(44.0M) Survivors: 7168.0K->7168.0K Heap: 583.1M(1024.0M)->508.8M(1024.0M)]
 [Times: user=0.18 sys=0.01, real=0.02 secs] 
9.223: [GC pause (G1 Evacuation Pause) (mixed), 0.0136241 secs]
   [Parallel Time: 12.0 ms, GC Workers: 18]
      [GC Worker Start (ms): Min: 9223.4, Avg: 9223.6, Max: 9223.8, Diff: 0.4]
      [Ext Root Scanning (ms): Min: 0.0, Avg: 0.2, Max: 0.3, Diff: 0.3, Sum: 2.8]
      [Update RS (ms): Min: 1.5, Avg: 1.7, Max: 1.8, Diff: 0.3, Sum: 29.7]
         [Processed Buffers: Min: 4, Avg: 5.4, Max: 7, Diff: 3, Sum: 97]
      [Scan RS (ms): Min: 0.0, Avg: 0.0, Max: 0.2, Diff: 0.2, Sum: 0.8]
      [Code Root Scanning (ms): Min: 0.0, Avg: 0.0, Max: 0.0, Diff: 0.0, Sum: 0.0]
      [Object Copy (ms): Min: 9.2, Avg: 9.5, Max: 9.7, Diff: 0.5, Sum: 170.4]
      [Termination (ms): Min: 0.0, Avg: 0.2, Max: 0.5, Diff: 0.5, Sum: 4.1]
         [Termination Attempts: Min: 1, Avg: 1.1, Max: 2, Diff: 1, Sum: 20]
      [GC Worker Other (ms): Min: 0.0, Avg: 0.0, Max: 0.0, Diff: 0.0, Sum: 0.4]
      [GC Worker Total (ms): Min: 11.4, Avg: 11.6, Max: 11.8, Diff: 0.4, Sum: 208.3]
      [GC Worker End (ms): Min: 9235.1, Avg: 9235.1, Max: 9235.2, Diff: 0.0]
   [Code Root Fixup: 0.0 ms]
   [Code Root Purge: 0.0 ms]
   [Clear CT: 0.2 ms]
   [Other: 1.4 ms]
      [Choose CSet: 0.0 ms]
      [Ref Proc: 0.3 ms]
      [Ref Enq: 0.0 ms]
      [Redirty Cards: 0.3 ms]
      [Humongous Register: 0.3 ms]
      [Humongous Reclaim: 0.1 ms]
      [Free CSet: 0.2 ms]
   [Eden: 44.0M(44.0M)->0.0B(44.0M) Survivors: 7168.0K->7168.0K Heap: 562.8M(1024.0M)->498.0M(1024.0M)]
 [Times: user=0.20 sys=0.01, real=0.01 secs] 
9.254: [GC pause (G1 Evacuation Pause) (mixed), 0.0147888 secs]
   [Parallel Time: 13.2 ms, GC Workers: 18]
      [GC Worker Start (ms): Min: 9254.2, Avg: 9254.4, Max: 9254.6, Diff: 0.4]
      [Ext Root Scanning (ms): Min: 0.0, Avg: 0.2, Max: 0.4, Diff: 0.4, Sum: 3.0]
      [Update RS (ms): Min: 1.6, Avg: 1.8, Max: 2.0, Diff: 0.4, Sum: 32.9]
         [Processed Buffers: Min: 5, Avg: 5.9, Max: 7, Diff: 2, Sum: 107]
      [Scan RS (ms): Min: 0.0, Avg: 0.0, Max: 0.1, Diff: 0.1, Sum: 0.8]
      [Code Root Scanning (ms): Min: 0.0, Avg: 0.0, Max: 0.0, Diff: 0.0, Sum: 0.0]
      [Object Copy (ms): Min: 9.9, Avg: 10.2, Max: 10.5, Diff: 0.6, Sum: 183.5]
      [Termination (ms): Min: 0.0, Avg: 0.3, Max: 0.4, Diff: 0.4, Sum: 4.8]
         [Termination Attempts: Min: 1, Avg: 1.1, Max: 2, Diff: 1, Sum: 19]
      [GC Worker Other (ms): Min: 0.0, Avg: 0.0, Max: 0.1, Diff: 0.1, Sum: 0.5]
      [GC Worker Total (ms): Min: 12.4, Avg: 12.5, Max: 12.7, Diff: 0.4, Sum: 225.5]
      [GC Worker End (ms): Min: 9266.9, Avg: 9266.9, Max: 9267.0, Diff: 0.0]
   [Code Root Fixup: 0.0 ms]
   [Code Root Purge: 0.0 ms]
   [Clear CT: 0.3 ms]
   [Other: 1.3 ms]
      [Choose CSet: 0.0 ms]
      [Ref Proc: 0.3 ms]
      [Ref Enq: 0.0 ms]
      [Redirty Cards: 0.3 ms]
      [Humongous Register: 0.3 ms]
      [Humongous Reclaim: 0.1 ms]
      [Free CSet: 0.2 ms]
   [Eden: 44.0M(44.0M)->0.0B(44.0M) Survivors: 7168.0K->7168.0K Heap: 553.1M(1024.0M)->491.5M(1024.0M)]
 [Times: user=0.22 sys=0.01, real=0.02 secs] 
9.284: [GC pause (G1 Evacuation Pause) (mixed), 0.0108147 secs]
   [Parallel Time: 9.4 ms, GC Workers: 18]
      [GC Worker Start (ms): Min: 9283.9, Avg: 9284.1, Max: 9284.4, Diff: 0.4]
      [Ext Root Scanning (ms): Min: 0.0, Avg: 0.2, Max: 0.3, Diff: 0.3, Sum: 3.3]
      [Update RS (ms): Min: 1.4, Avg: 1.8, Max: 2.5, Diff: 1.2, Sum: 31.8]
         [Processed Buffers: Min: 1, Avg: 5.3, Max: 7, Diff: 6, Sum: 95]
      [Scan RS (ms): Min: 0.0, Avg: 0.0, Max: 0.3, Diff: 0.3, Sum: 0.8]
      [Code Root Scanning (ms): Min: 0.0, Avg: 0.0, Max: 0.0, Diff: 0.0, Sum: 0.0]
      [Object Copy (ms): Min: 6.3, Avg: 6.8, Max: 7.2, Diff: 1.0, Sum: 123.0]
      [Termination (ms): Min: 0.0, Avg: 0.2, Max: 0.4, Diff: 0.4, Sum: 3.5]
         [Termination Attempts: Min: 1, Avg: 1.1, Max: 2, Diff: 1, Sum: 19]
      [GC Worker Other (ms): Min: 0.0, Avg: 0.0, Max: 0.1, Diff: 0.1, Sum: 0.6]
      [GC Worker Total (ms): Min: 8.8, Avg: 9.1, Max: 9.2, Diff: 0.5, Sum: 163.0]
      [GC Worker End (ms): Min: 9293.1, Avg: 9293.2, Max: 9293.2, Diff: 0.0]
   [Code Root Fixup: 0.0 ms]
   [Code Root Purge: 0.0 ms]
   [Clear CT: 0.2 ms]
   [Other: 1.2 ms]
      [Choose CSet: 0.0 ms]
      [Ref Proc: 0.3 ms]
      [Ref Enq: 0.0 ms]
      [Redirty Cards: 0.2 ms]
      [Humongous Register: 0.3 ms]
      [Humongous Reclaim: 0.1 ms]
      [Free CSet: 0.1 ms]
   [Eden: 44.0M(44.0M)->0.0B(44.0M) Survivors: 7168.0K->7168.0K Heap: 545.1M(1024.0M)->496.9M(1024.0M)]
 [Times: user=0.15 sys=0.00, real=0.01 secs] 
9.295: [GC pause (G1 Humongous Allocation) (young) (initial-mark), 0.0034646 secs]
   [Parallel Time: 2.3 ms, GC Workers: 18]
      [GC Worker Start (ms): Min: 9295.2, Avg: 9295.3, Max: 9295.5, Diff: 0.3]
      [Ext Root Scanning (ms): Min: 0.1, Avg: 0.2, Max: 0.3, Diff: 0.3, Sum: 3.3]
      [Update RS (ms): Min: 0.1, Avg: 0.2, Max: 0.7, Diff: 0.6, Sum: 4.2]
         [Processed Buffers: Min: 0, Avg: 1.0, Max: 2, Diff: 2, Sum: 18]
      [Scan RS (ms): Min: 0.0, Avg: 0.0, Max: 0.0, Diff: 0.0, Sum: 0.1]
      [Code Root Scanning (ms): Min: 0.0, Avg: 0.0, Max: 0.0, Diff: 0.0, Sum: 0.0]
      [Object Copy (ms): Min: 0.8, Avg: 1.3, Max: 1.6, Diff: 0.8, Sum: 22.9]
      [Termination (ms): Min: 0.0, Avg: 0.2, Max: 0.6, Diff: 0.6, Sum: 4.2]
         [Termination Attempts: Min: 1, Avg: 1.2, Max: 2, Diff: 1, Sum: 21]
      [GC Worker Other (ms): Min: 0.0, Avg: 0.0, Max: 0.0, Diff: 0.0, Sum: 0.2]
      [GC Worker Total (ms): Min: 1.8, Avg: 1.9, Max: 2.1, Diff: 0.3, Sum: 34.8]
      [GC Worker End (ms): Min: 9297.3, Avg: 9297.3, Max: 9297.3, Diff: 0.0]
   [Code Root Fixup: 0.0 ms]
   [Code Root Purge: 0.0 ms]
   [Clear CT: 0.3 ms]
   [Other: 0.9 ms]
      [Choose CSet: 0.0 ms]
      [Ref Proc: 0.2 ms]
      [Ref Enq: 0.0 ms]
      [Redirty Cards: 0.2 ms]
      [Humongous Register: 0.2 ms]
      [Humongous Reclaim: 0.0 ms]
      [Free CSet: 0.0 ms]
   [Eden: 1024.0K(44.0M)->0.0B(50.0M) Survivors: 7168.0K->1024.0K Heap: 497.5M(1024.0M)->496.5M(1024.0M)]
 [Times: user=0.03 sys=0.01, real=0.01 secs] 
9.298: [GC concurrent-root-region-scan-start]
9.299: [GC concurrent-root-region-scan-end, 0.0001545 secs]
9.299: [GC concurrent-mark-start]
9.302: [GC concurrent-mark-end, 0.0030257 secs]
9.302: [GC remark 9.302: [Finalize Marking, 0.0003118 secs] 9.302: [GC ref-proc, 0.0004277 secs] 9.303: [Unloading, 0.0009995 secs], 0.0025800 secs]
 [Times: user=0.02 sys=0.00, real=0.00 secs] 
9.304: [GC cleanup 511M->508M(1024M), 0.0017525 secs]
 [Times: user=0.01 sys=0.00, real=0.00 secs] 
9.306: [GC concurrent-cleanup-start]
9.306: [GC concurrent-cleanup-end, 0.0000248 secs]
9.320: [GC pause (G1 Evacuation Pause) (young), 0.0082007 secs]
   [Parallel Time: 6.8 ms, GC Workers: 18]
      [GC Worker Start (ms): Min: 9320.7, Avg: 9320.8, Max: 9321.0, Diff: 0.3]
      [Ext Root Scanning (ms): Min: 0.1, Avg: 0.2, Max: 0.4, Diff: 0.3, Sum: 3.7]
      [Update RS (ms): Min: 2.1, Avg: 2.4, Max: 2.6, Diff: 0.5, Sum: 42.4]
         [Processed Buffers: Min: 7, Avg: 7.6, Max: 9, Diff: 2, Sum: 136]
      [Scan RS (ms): Min: 0.0, Avg: 0.0, Max: 0.0, Diff: 0.0, Sum: 0.3]
      [Code Root Scanning (ms): Min: 0.0, Avg: 0.0, Max: 0.0, Diff: 0.0, Sum: 0.0]
      [Object Copy (ms): Min: 3.1, Avg: 3.6, Max: 4.1, Diff: 1.1, Sum: 64.3]
      [Termination (ms): Min: 0.0, Avg: 0.4, Max: 0.6, Diff: 0.6, Sum: 6.6]
         [Termination Attempts: Min: 1, Avg: 1.0, Max: 1, Diff: 0, Sum: 18]
      [GC Worker Other (ms): Min: 0.0, Avg: 0.0, Max: 0.0, Diff: 0.0, Sum: 0.4]
      [GC Worker Total (ms): Min: 6.4, Avg: 6.5, Max: 6.7, Diff: 0.3, Sum: 117.6]
      [GC Worker End (ms): Min: 9327.3, Avg: 9327.4, Max: 9327.4, Diff: 0.0]
   [Code Root Fixup: 0.0 ms]
   [Code Root Purge: 0.0 ms]
   [Clear CT: 0.2 ms]
   [Other: 1.1 ms]
      [Choose CSet: 0.0 ms]
      [Ref Proc: 0.2 ms]
      [Ref Enq: 0.0 ms]
      [Redirty Cards: 0.3 ms]
      [Humongous Register: 0.3 ms]
      [Humongous Reclaim: 0.1 ms]
      [Free CSet: 0.1 ms]
   [Eden: 50.0M(50.0M)->0.0B(44.0M) Survivors: 1024.0K->7168.0K Heap: 558.8M(1024.0M)->506.0M(1024.0M)]
 [Times: user=0.11 sys=0.01, real=0.01 secs] 
9.346: [GC pause (G1 Evacuation Pause) (mixed), 0.0129336 secs]
   [Parallel Time: 11.3 ms, GC Workers: 18]
      [GC Worker Start (ms): Min: 9346.5, Avg: 9346.7, Max: 9346.9, Diff: 0.4]
      [Ext Root Scanning (ms): Min: 0.0, Avg: 0.1, Max: 0.4, Diff: 0.4, Sum: 2.7]
      [Update RS (ms): Min: 2.3, Avg: 2.4, Max: 2.5, Diff: 0.2, Sum: 42.7]
         [Processed Buffers: Min: 7, Avg: 8.0, Max: 9, Diff: 2, Sum: 144]
      [Scan RS (ms): Min: 0.0, Avg: 0.0, Max: 0.1, Diff: 0.1, Sum: 0.5]
      [Code Root Scanning (ms): Min: 0.0, Avg: 0.0, Max: 0.0, Diff: 0.0, Sum: 0.0]
      [Object Copy (ms): Min: 8.0, Avg: 8.2, Max: 8.5, Diff: 0.6, Sum: 148.4]
      [Termination (ms): Min: 0.0, Avg: 0.3, Max: 0.5, Diff: 0.5, Sum: 4.7]
         [Termination Attempts: Min: 1, Avg: 1.0, Max: 1, Diff: 0, Sum: 18]
      [GC Worker Other (ms): Min: 0.0, Avg: 0.0, Max: 0.0, Diff: 0.0, Sum: 0.3]
      [GC Worker Total (ms): Min: 10.9, Avg: 11.1, Max: 11.3, Diff: 0.4, Sum: 199.3]
      [GC Worker End (ms): Min: 9357.8, Avg: 9357.8, Max: 9357.8, Diff: 0.0]
   [Code Root Fixup: 0.0 ms]
   [Code Root Purge: 0.0 ms]
   [Clear CT: 0.2 ms]
   [Other: 1.3 ms]
      [Choose CSet: 0.0 ms]
      [Ref Proc: 0.3 ms]
      [Ref Enq: 0.0 ms]
      [Redirty Cards: 0.3 ms]
      [Humongous Register: 0.3 ms]
      [Humongous Reclaim: 0.1 ms]
      [Free CSet: 0.2 ms]
   [Eden: 44.0M(44.0M)->0.0B(44.0M) Survivors: 7168.0K->7168.0K Heap: 566.3M(1024.0M)->494.9M(1024.0M)]
 [Times: user=0.20 sys=0.00, real=0.02 secs] 
9.375: [GC pause (G1 Evacuation Pause) (mixed), 0.0139663 secs]
   [Parallel Time: 12.4 ms, GC Workers: 18]
      [GC Worker Start (ms): Min: 9375.0, Avg: 9375.3, Max: 9375.6, Diff: 0.5]
      [Ext Root Scanning (ms): Min: 0.0, Avg: 0.1, Max: 0.4, Diff: 0.4, Sum: 2.5]
      [Update RS (ms): Min: 1.7, Avg: 1.9, Max: 2.2, Diff: 0.4, Sum: 35.0]
         [Processed Buffers: Min: 6, Avg: 6.6, Max: 7, Diff: 1, Sum: 118]
      [Scan RS (ms): Min: 0.0, Avg: 0.1, Max: 0.2, Diff: 0.2, Sum: 0.9]
      [Code Root Scanning (ms): Min: 0.0, Avg: 0.0, Max: 0.0, Diff: 0.0, Sum: 0.0]
      [Object Copy (ms): Min: 9.2, Avg: 9.5, Max: 9.9, Diff: 0.6, Sum: 171.1]
      [Termination (ms): Min: 0.0, Avg: 0.2, Max: 0.3, Diff: 0.3, Sum: 3.5]
         [Termination Attempts: Min: 1, Avg: 1.0, Max: 1, Diff: 0, Sum: 18]
      [GC Worker Other (ms): Min: 0.0, Avg: 0.0, Max: 0.1, Diff: 0.0, Sum: 0.6]
      [GC Worker Total (ms): Min: 11.6, Avg: 11.9, Max: 12.1, Diff: 0.6, Sum: 213.5]
      [GC Worker End (ms): Min: 9387.1, Avg: 9387.2, Max: 9387.2, Diff: 0.0]
   [Code Root Fixup: 0.0 ms]
   [Code Root Purge: 0.0 ms]
   [Clear CT: 0.2 ms]
   [Other: 1.3 ms]
      [Choose CSet: 0.0 ms]
      [Ref Proc: 0.3 ms]
      [Ref Enq: 0.0 ms]
      [Redirty Cards: 0.3 ms]
      [Humongous Register: 0.3 ms]
      [Humongous Reclaim: 0.1 ms]
      [Free CSet: 0.2 ms]
   [Eden: 44.0M(44.0M)->0.0B(44.0M) Survivors: 7168.0K->7168.0K Heap: 551.4M(1024.0M)->490.8M(1024.0M)]
 [Times: user=0.21 sys=0.01, real=0.02 secs] 
9.404: [GC pause (G1 Evacuation Pause) (mixed), 0.0137905 secs]
   [Parallel Time: 12.3 ms, GC Workers: 18]
      [GC Worker Start (ms): Min: 9404.4, Avg: 9404.6, Max: 9404.8, Diff: 0.4]
      [Ext Root Scanning (ms): Min: 0.0, Avg: 0.1, Max: 0.4, Diff: 0.4, Sum: 2.4]
      [Update RS (ms): Min: 1.3, Avg: 1.4, Max: 1.5, Diff: 0.2, Sum: 25.5]
         [Processed Buffers: Min: 4, Avg: 5.0, Max: 7, Diff: 3, Sum: 90]
      [Scan RS (ms): Min: 0.0, Avg: 0.0, Max: 0.2, Diff: 0.1, Sum: 0.9]
      [Code Root Scanning (ms): Min: 0.0, Avg: 0.0, Max: 0.0, Diff: 0.0, Sum: 0.0]
      [Object Copy (ms): Min: 9.6, Avg: 9.8, Max: 10.1, Diff: 0.6, Sum: 177.0]
      [Termination (ms): Min: 0.0, Avg: 0.3, Max: 0.6, Diff: 0.6, Sum: 5.0]
         [Termination Attempts: Min: 1, Avg: 1.1, Max: 2, Diff: 1, Sum: 20]
      [GC Worker Other (ms): Min: 0.0, Avg: 0.0, Max: 0.1, Diff: 0.0, Sum: 0.5]
      [GC Worker Total (ms): Min: 11.6, Avg: 11.7, Max: 12.0, Diff: 0.4, Sum: 211.4]
      [GC Worker End (ms): Min: 9416.4, Avg: 9416.4, Max: 9416.4, Diff: 0.0]
   [Code Root Fixup: 0.0 ms]
   [Code Root Purge: 0.0 ms]
   [Clear CT: 0.2 ms]
   [Other: 1.3 ms]
      [Choose CSet: 0.0 ms]
      [Ref Proc: 0.3 ms]
      [Ref Enq: 0.0 ms]
      [Redirty Cards: 0.2 ms]
      [Humongous Register: 0.3 ms]
      [Humongous Reclaim: 0.1 ms]
      [Free CSet: 0.2 ms]
   [Eden: 44.0M(44.0M)->0.0B(44.0M) Survivors: 7168.0K->7168.0K Heap: 543.8M(1024.0M)->480.6M(1024.0M)]
 [Times: user=0.20 sys=0.00, real=0.02 secs] 
9.435: [GC pause (G1 Evacuation Pause) (mixed), 0.0119704 secs]
   [Parallel Time: 10.5 ms, GC Workers: 18]
      [GC Worker Start (ms): Min: 9435.8, Avg: 9436.0, Max: 9436.2, Diff: 0.4]
      [Ext Root Scanning (ms): Min: 0.0, Avg: 0.2, Max: 0.4, Diff: 0.4, Sum: 2.7]
      [Update RS (ms): Min: 2.3, Avg: 2.4, Max: 2.6, Diff: 0.4, Sum: 43.4]
         [Processed Buffers: Min: 7, Avg: 8.3, Max: 10, Diff: 3, Sum: 150]
      [Scan RS (ms): Min: 0.0, Avg: 0.0, Max: 0.1, Diff: 0.1, Sum: 0.3]
      [Code Root Scanning (ms): Min: 0.0, Avg: 0.0, Max: 0.0, Diff: 0.0, Sum: 0.0]
      [Object Copy (ms): Min: 6.6, Avg: 7.0, Max: 7.4, Diff: 0.7, Sum: 126.7]
      [Termination (ms): Min: 0.0, Avg: 0.3, Max: 0.6, Diff: 0.6, Sum: 6.0]
         [Termination Attempts: Min: 1, Avg: 1.3, Max: 3, Diff: 2, Sum: 23]
      [GC Worker Other (ms): Min: 0.0, Avg: 0.0, Max: 0.0, Diff: 0.0, Sum: 0.3]
      [GC Worker Total (ms): Min: 9.8, Avg: 10.0, Max: 10.2, Diff: 0.4, Sum: 179.5]
      [GC Worker End (ms): Min: 9446.0, Avg: 9446.0, Max: 9446.0, Diff: 0.0]
   [Code Root Fixup: 0.0 ms]
   [Code Root Purge: 0.0 ms]
   [Clear CT: 0.2 ms]
   [Other: 1.3 ms]
      [Choose CSet: 0.0 ms]
      [Ref Proc: 0.3 ms]
      [Ref Enq: 0.0 ms]
      [Redirty Cards: 0.3 ms]
      [Humongous Register: 0.3 ms]
      [Humongous Reclaim: 0.1 ms]
      [Free CSet: 0.1 ms]
   [Eden: 44.0M(44.0M)->0.0B(44.0M) Survivors: 7168.0K->7168.0K Heap: 540.9M(1024.0M)->489.6M(1024.0M)]
 [Times: user=0.17 sys=0.01, real=0.01 secs] 
9.449: [GC pause (G1 Humongous Allocation) (young) (initial-mark), 0.0038271 secs]
   [Parallel Time: 2.7 ms, GC Workers: 18]
      [GC Worker Start (ms): Min: 9449.4, Avg: 9449.6, Max: 9449.7, Diff: 0.3]
      [Ext Root Scanning (ms): Min: 0.1, Avg: 0.2, Max: 0.3, Diff: 0.3, Sum: 3.4]
      [Update RS (ms): Min: 0.0, Avg: 0.2, Max: 0.4, Diff: 0.4, Sum: 3.0]
         [Processed Buffers: Min: 0, Avg: 0.9, Max: 3, Diff: 3, Sum: 16]
      [Scan RS (ms): Min: 0.0, Avg: 0.0, Max: 0.0, Diff: 0.0, Sum: 0.1]
      [Code Root Scanning (ms): Min: 0.0, Avg: 0.0, Max: 0.0, Diff: 0.0, Sum: 0.0]
      [Object Copy (ms): Min: 1.3, Avg: 1.7, Max: 2.1, Diff: 0.8, Sum: 31.4]
      [Termination (ms): Min: 0.0, Avg: 0.3, Max: 0.5, Diff: 0.5, Sum: 4.6]
         [Termination Attempts: Min: 1, Avg: 1.0, Max: 1, Diff: 0, Sum: 18]
      [GC Worker Other (ms): Min: 0.0, Avg: 0.0, Max: 0.0, Diff: 0.0, Sum: 0.2]
      [GC Worker Total (ms): Min: 2.2, Avg: 2.4, Max: 2.5, Diff: 0.3, Sum: 42.7]
      [GC Worker End (ms): Min: 9452.0, Avg: 9452.0, Max: 9452.0, Diff: 0.0]
   [Code Root Fixup: 0.0 ms]
   [Code Root Purge: 0.0 ms]
   [Clear CT: 0.2 ms]
   [Other: 0.9 ms]
      [Choose CSet: 0.0 ms]
      [Ref Proc: 0.2 ms]
      [Ref Enq: 0.0 ms]
      [Redirty Cards: 0.2 ms]
      [Humongous Register: 0.2 ms]
      [Humongous Reclaim: 0.0 ms]
      [Free CSet: 0.0 ms]
   [Eden: 6144.0K(44.0M)->0.0B(49.0M) Survivors: 7168.0K->2048.0K Heap: 495.6M(1024.0M)->491.0M(1024.0M)]
 [Times: user=0.05 sys=0.00, real=0.00 secs] 
9.453: [GC concurrent-root-region-scan-start]
9.453: [GC concurrent-root-region-scan-end, 0.0002310 secs]
9.453: [GC concurrent-mark-start]
9.456: [GC concurrent-mark-end, 0.0026026 secs]
9.456: [GC remark 9.456: [Finalize Marking, 0.0003191 secs] 9.456: [GC ref-proc, 0.0004167 secs] 9.457: [Unloading, 0.0009810 secs], 0.0025784 secs]
 [Times: user=0.02 sys=0.00, real=0.01 secs] 
9.459: [GC cleanup 503M->502M(1024M), 0.0017309 secs]
 [Times: user=0.01 sys=0.00, real=0.00 secs] 
9.461: [GC concurrent-cleanup-start]
9.461: [GC concurrent-cleanup-end, 0.0000205 secs]
9.476: [GC pause (G1 Evacuation Pause) (young), 0.0098441 secs]
   [Parallel Time: 8.5 ms, GC Workers: 18]
      [GC Worker Start (ms): Min: 9476.6, Avg: 9476.8, Max: 9476.9, Diff: 0.3]
      [Ext Root Scanning (ms): Min: 0.1, Avg: 0.2, Max: 0.3, Diff: 0.3, Sum: 3.6]
      [Update RS (ms): Min: 2.5, Avg: 2.7, Max: 2.9, Diff: 0.3, Sum: 49.2]
         [Processed Buffers: Min: 8, Avg: 8.9, Max: 10, Diff: 2, Sum: 160]
      [Scan RS (ms): Min: 0.0, Avg: 0.0, Max: 0.0, Diff: 0.0, Sum: 0.2]
      [Code Root Scanning (ms): Min: 0.0, Avg: 0.0, Max: 0.0, Diff: 0.0, Sum: 0.0]
      [Object Copy (ms): Min: 4.5, Avg: 4.8, Max: 5.2, Diff: 0.8, Sum: 87.2]
      [Termination (ms): Min: 0.0, Avg: 0.3, Max: 0.6, Diff: 0.6, Sum: 5.8]
         [Termination Attempts: Min: 1, Avg: 1.0, Max: 1, Diff: 0, Sum: 18]
      [GC Worker Other (ms): Min: 0.0, Avg: 0.0, Max: 0.0, Diff: 0.0, Sum: 0.4]
      [GC Worker Total (ms): Min: 8.0, Avg: 8.1, Max: 8.3, Diff: 0.3, Sum: 146.4]
      [GC Worker End (ms): Min: 9484.9, Avg: 9484.9, Max: 9484.9, Diff: 0.0]
   [Code Root Fixup: 0.0 ms]
   [Code Root Purge: 0.0 ms]
   [Clear CT: 0.2 ms]
   [Other: 1.1 ms]
      [Choose CSet: 0.0 ms]
      [Ref Proc: 0.3 ms]
      [Ref Enq: 0.0 ms]
      [Redirty Cards: 0.3 ms]
      [Humongous Register: 0.3 ms]
      [Humongous Reclaim: 0.1 ms]
      [Free CSet: 0.1 ms]
   [Eden: 49.0M(49.0M)->0.0B(44.0M) Survivors: 2048.0K->7168.0K Heap: 557.2M(1024.0M)->506.0M(1024.0M)]
 [Times: user=0.15 sys=0.00, real=0.01 secs] 
9.502: [GC pause (G1 Evacuation Pause) (mixed), 0.0112460 secs]
   [Parallel Time: 9.7 ms, GC Workers: 18]
      [GC Worker Start (ms): Min: 9502.5, Avg: 9502.7, Max: 9502.9, Diff: 0.4]
      [Ext Root Scanning (ms): Min: 0.0, Avg: 0.2, Max: 0.3, Diff: 0.3, Sum: 3.0]
      [Update RS (ms): Min: 1.3, Avg: 1.4, Max: 1.5, Diff: 0.2, Sum: 25.7]
         [Processed Buffers: Min: 4, Avg: 5.2, Max: 6, Diff: 2, Sum: 93]
      [Scan RS (ms): Min: 0.0, Avg: 0.0, Max: 0.1, Diff: 0.1, Sum: 0.5]
      [Code Root Scanning (ms): Min: 0.0, Avg: 0.0, Max: 0.0, Diff: 0.0, Sum: 0.0]
      [Object Copy (ms): Min: 7.2, Avg: 7.4, Max: 7.6, Diff: 0.4, Sum: 133.3]
      [Termination (ms): Min: 0.0, Avg: 0.2, Max: 0.4, Diff: 0.4, Sum: 4.0]
         [Termination Attempts: Min: 1, Avg: 1.0, Max: 1, Diff: 0, Sum: 18]
      [GC Worker Other (ms): Min: 0.0, Avg: 0.0, Max: 0.0, Diff: 0.0, Sum: 0.3]
      [GC Worker Total (ms): Min: 9.1, Avg: 9.3, Max: 9.4, Diff: 0.4, Sum: 166.8]
      [GC Worker End (ms): Min: 9512.0, Avg: 9512.0, Max: 9512.0, Diff: 0.0]
   [Code Root Fixup: 0.0 ms]
   [Code Root Purge: 0.0 ms]
   [Clear CT: 0.2 ms]
   [Other: 1.3 ms]
      [Choose CSet: 0.0 ms]
      [Ref Proc: 0.3 ms]
      [Ref Enq: 0.0 ms]
      [Redirty Cards: 0.3 ms]
      [Humongous Register: 0.3 ms]
      [Humongous Reclaim: 0.1 ms]
      [Free CSet: 0.2 ms]
   [Eden: 44.0M(44.0M)->0.0B(44.0M) Survivors: 7168.0K->7168.0K Heap: 559.4M(1024.0M)->488.8M(1024.0M)]
 [Times: user=0.17 sys=0.00, real=0.01 secs] 
9.531: [GC pause (G1 Evacuation Pause) (mixed), 0.0136848 secs]
   [Parallel Time: 12.1 ms, GC Workers: 18]
      [GC Worker Start (ms): Min: 9531.5, Avg: 9531.7, Max: 9531.9, Diff: 0.4]
      [Ext Root Scanning (ms): Min: 0.0, Avg: 0.2, Max: 0.4, Diff: 0.4, Sum: 2.9]
      [Update RS (ms): Min: 2.2, Avg: 2.4, Max: 2.5, Diff: 0.4, Sum: 42.6]
         [Processed Buffers: Min: 7, Avg: 8.0, Max: 9, Diff: 2, Sum: 144]
      [Scan RS (ms): Min: 0.0, Avg: 0.1, Max: 0.3, Diff: 0.3, Sum: 1.0]
      [Code Root Scanning (ms): Min: 0.0, Avg: 0.0, Max: 0.0, Diff: 0.0, Sum: 0.0]
      [Object Copy (ms): Min: 8.5, Avg: 8.8, Max: 9.1, Diff: 0.6, Sum: 157.5]
      [Termination (ms): Min: 0.0, Avg: 0.3, Max: 0.5, Diff: 0.5, Sum: 6.3]
         [Termination Attempts: Min: 1, Avg: 1.4, Max: 4, Diff: 3, Sum: 25]
      [GC Worker Other (ms): Min: 0.0, Avg: 0.0, Max: 0.1, Diff: 0.1, Sum: 0.5]
      [GC Worker Total (ms): Min: 11.5, Avg: 11.7, Max: 11.9, Diff: 0.4, Sum: 210.8]
      [GC Worker End (ms): Min: 9543.4, Avg: 9543.4, Max: 9543.4, Diff: 0.0]
   [Code Root Fixup: 0.0 ms]
   [Code Root Purge: 0.0 ms]
   [Clear CT: 0.2 ms]
   [Other: 1.3 ms]
      [Choose CSet: 0.0 ms]
      [Ref Proc: 0.2 ms]
      [Ref Enq: 0.0 ms]
      [Redirty Cards: 0.3 ms]
      [Humongous Register: 0.3 ms]
      [Humongous Reclaim: 0.1 ms]
      [Free CSet: 0.2 ms]
   [Eden: 44.0M(44.0M)->0.0B(44.0M) Survivors: 7168.0K->7168.0K Heap: 548.3M(1024.0M)->476.1M(1024.0M)]
 [Times: user=0.21 sys=0.01, real=0.01 secs] 
9.560: [GC pause (G1 Evacuation Pause) (mixed), 0.0156999 secs]
   [Parallel Time: 14.2 ms, GC Workers: 18]
      [GC Worker Start (ms): Min: 9560.9, Avg: 9561.1, Max: 9561.3, Diff: 0.4]
      [Ext Root Scanning (ms): Min: 0.0, Avg: 0.2, Max: 0.4, Diff: 0.4, Sum: 3.0]
      [Update RS (ms): Min: 2.4, Avg: 2.6, Max: 2.7, Diff: 0.3, Sum: 46.3]
         [Processed Buffers: Min: 8, Avg: 8.5, Max: 11, Diff: 3, Sum: 153]
      [Scan RS (ms): Min: 0.0, Avg: 0.0, Max: 0.1, Diff: 0.1, Sum: 0.7]
      [Code Root Scanning (ms): Min: 0.0, Avg: 0.0, Max: 0.0, Diff: 0.0, Sum: 0.0]
      [Object Copy (ms): Min: 10.5, Avg: 10.7, Max: 11.0, Diff: 0.5, Sum: 193.1]
      [Termination (ms): Min: 0.0, Avg: 0.2, Max: 0.4, Diff: 0.4, Sum: 3.4]
         [Termination Attempts: Min: 1, Avg: 1.1, Max: 2, Diff: 1, Sum: 19]
      [GC Worker Other (ms): Min: 0.0, Avg: 0.0, Max: 0.1, Diff: 0.1, Sum: 0.4]
      [GC Worker Total (ms): Min: 13.5, Avg: 13.7, Max: 13.9, Diff: 0.4, Sum: 246.9]
      [GC Worker End (ms): Min: 9574.8, Avg: 9574.8, Max: 9574.8, Diff: 0.0]
   [Code Root Fixup: 0.0 ms]
   [Code Root Purge: 0.0 ms]
   [Clear CT: 0.2 ms]
   [Other: 1.3 ms]
      [Choose CSet: 0.0 ms]
      [Ref Proc: 0.2 ms]
      [Ref Enq: 0.0 ms]
      [Redirty Cards: 0.3 ms]
      [Humongous Register: 0.3 ms]
      [Humongous Reclaim: 0.1 ms]
      [Free CSet: 0.2 ms]
   [Eden: 44.0M(44.0M)->0.0B(44.0M) Survivors: 7168.0K->7168.0K Heap: 536.8M(1024.0M)->476.3M(1024.0M)]
 [Times: user=0.24 sys=0.01, real=0.01 secs] 
9.593: [GC pause (G1 Evacuation Pause) (mixed), 0.0089925 secs]
   [Parallel Time: 7.6 ms, GC Workers: 18]
      [GC Worker Start (ms): Min: 9593.1, Avg: 9593.3, Max: 9593.5, Diff: 0.4]
      [Ext Root Scanning (ms): Min: 0.0, Avg: 0.2, Max: 0.4, Diff: 0.4, Sum: 3.3]
      [Update RS (ms): Min: 1.1, Avg: 1.3, Max: 1.6, Diff: 0.5, Sum: 23.0]
         [Processed Buffers: Min: 4, Avg: 4.4, Max: 6, Diff: 2, Sum: 80]
      [Scan RS (ms): Min: 0.0, Avg: 0.0, Max: 0.0, Diff: 0.0, Sum: 0.3]
      [Code Root Scanning (ms): Min: 0.0, Avg: 0.0, Max: 0.0, Diff: 0.0, Sum: 0.0]
      [Object Copy (ms): Min: 5.1, Avg: 5.5, Max: 5.8, Diff: 0.7, Sum: 98.9]
      [Termination (ms): Min: 0.0, Avg: 0.1, Max: 0.3, Diff: 0.3, Sum: 2.3]
         [Termination Attempts: Min: 1, Avg: 1.1, Max: 2, Diff: 1, Sum: 19]
      [GC Worker Other (ms): Min: 0.0, Avg: 0.0, Max: 0.1, Diff: 0.0, Sum: 0.4]
      [GC Worker Total (ms): Min: 6.9, Avg: 7.1, Max: 7.3, Diff: 0.4, Sum: 128.2]
      [GC Worker End (ms): Min: 9600.4, Avg: 9600.4, Max: 9600.5, Diff: 0.0]
   [Code Root Fixup: 0.0 ms]
   [Code Root Purge: 0.0 ms]
   [Clear CT: 0.2 ms]
   [Other: 1.2 ms]
      [Choose CSet: 0.0 ms]
      [Ref Proc: 0.3 ms]
      [Ref Enq: 0.0 ms]
      [Redirty Cards: 0.3 ms]
      [Humongous Register: 0.3 ms]
      [Humongous Reclaim: 0.1 ms]
      [Free CSet: 0.1 ms]
   [Eden: 44.0M(44.0M)->0.0B(44.0M) Survivors: 7168.0K->7168.0K Heap: 527.8M(1024.0M)->483.7M(1024.0M)]
 [Times: user=0.12 sys=0.00, real=0.01 secs] 
9.602: [GC pause (G1 Humongous Allocation) (young) (initial-mark), 0.0035157 secs]
   [Parallel Time: 2.4 ms, GC Workers: 18]
      [GC Worker Start (ms): Min: 9602.3, Avg: 9602.5, Max: 9602.6, Diff: 0.3]
      [Ext Root Scanning (ms): Min: 0.0, Avg: 0.1, Max: 0.3, Diff: 0.3, Sum: 2.6]
      [Update RS (ms): Min: 0.0, Avg: 0.2, Max: 1.2, Diff: 1.2, Sum: 3.2]
         [Processed Buffers: Min: 0, Avg: 0.7, Max: 2, Diff: 2, Sum: 12]
      [Scan RS (ms): Min: 0.0, Avg: 0.0, Max: 0.0, Diff: 0.0, Sum: 0.0]
      [Code Root Scanning (ms): Min: 0.0, Avg: 0.0, Max: 0.0, Diff: 0.0, Sum: 0.0]
      [Object Copy (ms): Min: 0.6, Avg: 1.5, Max: 1.9, Diff: 1.3, Sum: 27.2]
      [Termination (ms): Min: 0.0, Avg: 0.3, Max: 0.6, Diff: 0.6, Sum: 4.9]
         [Termination Attempts: Min: 1, Avg: 1.0, Max: 1, Diff: 0, Sum: 18]
      [GC Worker Other (ms): Min: 0.0, Avg: 0.0, Max: 0.0, Diff: 0.0, Sum: 0.2]
      [GC Worker Total (ms): Min: 2.0, Avg: 2.1, Max: 2.3, Diff: 0.3, Sum: 38.1]
      [GC Worker End (ms): Min: 9604.6, Avg: 9604.6, Max: 9604.6, Diff: 0.0]
   [Code Root Fixup: 0.0 ms]
   [Code Root Purge: 0.0 ms]
   [Clear CT: 0.2 ms]
   [Other: 0.9 ms]
      [Choose CSet: 0.0 ms]
      [Ref Proc: 0.3 ms]
      [Ref Enq: 0.0 ms]
      [Redirty Cards: 0.2 ms]
      [Humongous Register: 0.2 ms]
      [Humongous Reclaim: 0.0 ms]
      [Free CSet: 0.0 ms]
   [Eden: 1024.0K(44.0M)->0.0B(66.0M) Survivors: 7168.0K->1024.0K Heap: 484.3M(1024.0M)->483.5M(1024.0M)]
 [Times: user=0.04 sys=0.00, real=0.00 secs] 
9.606: [GC concurrent-root-region-scan-start]
9.606: [GC concurrent-root-region-scan-end, 0.0001544 secs]
9.606: [GC concurrent-mark-start]
9.609: [GC concurrent-mark-end, 0.0026744 secs]
9.609: [GC remark 9.609: [Finalize Marking, 0.0003443 secs] 9.609: [GC ref-proc, 0.0004062 secs] 9.609: [Unloading, 0.0009579 secs], 0.0025926 secs]
 [Times: user=0.03 sys=0.00, real=0.00 secs] 
9.611: [GC cleanup 495M->494M(1024M), 0.0016381 secs]
 [Times: user=0.01 sys=0.00, real=0.00 secs] 
9.613: [GC concurrent-cleanup-start]
9.613: [GC concurrent-cleanup-end, 0.0000207 secs]
9.634: [GC pause (G1 Evacuation Pause) (young), 0.0111673 secs]
   [Parallel Time: 9.8 ms, GC Workers: 18]
      [GC Worker Start (ms): Min: 9634.3, Avg: 9634.4, Max: 9634.6, Diff: 0.3]
      [Ext Root Scanning (ms): Min: 0.1, Avg: 0.2, Max: 0.3, Diff: 0.3, Sum: 3.5]
      [Update RS (ms): Min: 2.5, Avg: 2.7, Max: 2.9, Diff: 0.4, Sum: 49.2]
         [Processed Buffers: Min: 8, Avg: 8.6, Max: 10, Diff: 2, Sum: 155]
      [Scan RS (ms): Min: 0.0, Avg: 0.0, Max: 0.1, Diff: 0.1, Sum: 0.5]
      [Code Root Scanning (ms): Min: 0.0, Avg: 0.0, Max: 0.0, Diff: 0.0, Sum: 0.0]
      [Object Copy (ms): Min: 5.7, Avg: 6.1, Max: 6.5, Diff: 0.9, Sum: 109.0]
      [Termination (ms): Min: 0.0, Avg: 0.4, Max: 0.7, Diff: 0.7, Sum: 7.6]
         [Termination Attempts: Min: 1, Avg: 1.0, Max: 1, Diff: 0, Sum: 18]
      [GC Worker Other (ms): Min: 0.0, Avg: 0.0, Max: 0.1, Diff: 0.0, Sum: 0.4]
      [GC Worker Total (ms): Min: 9.3, Avg: 9.4, Max: 9.6, Diff: 0.3, Sum: 170.1]
      [GC Worker End (ms): Min: 9643.9, Avg: 9643.9, Max: 9643.9, Diff: 0.0]
   [Code Root Fixup: 0.0 ms]
   [Code Root Purge: 0.0 ms]
   [Clear CT: 0.2 ms]
   [Other: 1.2 ms]
      [Choose CSet: 0.0 ms]
      [Ref Proc: 0.3 ms]
      [Ref Enq: 0.0 ms]
      [Redirty Cards: 0.3 ms]
      [Humongous Register: 0.3 ms]
      [Humongous Reclaim: 0.1 ms]
      [Free CSet: 0.1 ms]
   [Eden: 66.0M(66.0M)->0.0B(42.0M) Survivors: 1024.0K->9216.0K Heap: 566.3M(1024.0M)->503.7M(1024.0M)]
 [Times: user=0.16 sys=0.00, real=0.01 secs] 
9.662: [GC pause (G1 Evacuation Pause) (mixed), 0.0121211 secs]
   [Parallel Time: 10.6 ms, GC Workers: 18]
      [GC Worker Start (ms): Min: 9662.3, Avg: 9662.4, Max: 9662.5, Diff: 0.3]
      [Ext Root Scanning (ms): Min: 0.1, Avg: 0.2, Max: 0.3, Diff: 0.3, Sum: 3.4]
      [Update RS (ms): Min: 1.8, Avg: 1.9, Max: 2.1, Diff: 0.4, Sum: 34.6]
         [Processed Buffers: Min: 5, Avg: 6.4, Max: 8, Diff: 3, Sum: 116]
      [Scan RS (ms): Min: 0.0, Avg: 0.1, Max: 0.2, Diff: 0.2, Sum: 1.2]
      [Code Root Scanning (ms): Min: 0.0, Avg: 0.0, Max: 0.0, Diff: 0.0, Sum: 0.0]
      [Object Copy (ms): Min: 7.7, Avg: 7.9, Max: 8.1, Diff: 0.5, Sum: 142.7]
      [Termination (ms): Min: 0.0, Avg: 0.1, Max: 0.1, Diff: 0.1, Sum: 1.6]
         [Termination Attempts: Min: 1, Avg: 1.6, Max: 5, Diff: 4, Sum: 29]
      [GC Worker Other (ms): Min: 0.0, Avg: 0.0, Max: 0.0, Diff: 0.0, Sum: 0.4]
      [GC Worker Total (ms): Min: 10.1, Avg: 10.2, Max: 10.4, Diff: 0.3, Sum: 183.9]
      [GC Worker End (ms): Min: 9672.6, Avg: 9672.6, Max: 9672.6, Diff: 0.0]
   [Code Root Fixup: 0.0 ms]
   [Code Root Purge: 0.0 ms]
   [Clear CT: 0.3 ms]
   [Other: 1.2 ms]
      [Choose CSet: 0.0 ms]
      [Ref Proc: 0.3 ms]
      [Ref Enq: 0.0 ms]
      [Redirty Cards: 0.2 ms]
      [Humongous Register: 0.2 ms]
      [Humongous Reclaim: 0.1 ms]
      [Free CSet: 0.2 ms]
   [Eden: 42.0M(42.0M)->0.0B(44.0M) Survivors: 9216.0K->7168.0K Heap: 558.4M(1024.0M)->488.2M(1024.0M)]
 [Times: user=0.19 sys=0.00, real=0.01 secs] 
9.691: [GC pause (G1 Evacuation Pause) (mixed), 0.0134744 secs]
   [Parallel Time: 11.8 ms, GC Workers: 18]
      [GC Worker Start (ms): Min: 9691.0, Avg: 9691.3, Max: 9691.5, Diff: 0.4]
      [Ext Root Scanning (ms): Min: 0.0, Avg: 0.2, Max: 0.4, Diff: 0.4, Sum: 2.8]
      [Update RS (ms): Min: 1.1, Avg: 1.3, Max: 1.5, Diff: 0.4, Sum: 24.2]
         [Processed Buffers: Min: 4, Avg: 4.8, Max: 6, Diff: 2, Sum: 86]
      [Scan RS (ms): Min: 0.0, Avg: 0.0, Max: 0.2, Diff: 0.2, Sum: 0.8]
      [Code Root Scanning (ms): Min: 0.0, Avg: 0.0, Max: 0.0, Diff: 0.0, Sum: 0.0]
      [Object Copy (ms): Min: 9.3, Avg: 9.5, Max: 9.8, Diff: 0.5, Sum: 171.1]
      [Termination (ms): Min: 0.0, Avg: 0.2, Max: 0.5, Diff: 0.5, Sum: 3.6]
         [Termination Attempts: Min: 1, Avg: 1.0, Max: 1, Diff: 0, Sum: 18]
      [GC Worker Other (ms): Min: 0.0, Avg: 0.0, Max: 0.1, Diff: 0.1, Sum: 0.7]
      [GC Worker Total (ms): Min: 11.1, Avg: 11.3, Max: 11.5, Diff: 0.4, Sum: 203.2]
      [GC Worker End (ms): Min: 9702.5, Avg: 9702.6, Max: 9702.6, Diff: 0.1]
   [Code Root Fixup: 0.0 ms]
   [Code Root Purge: 0.0 ms]
   [Clear CT: 0.3 ms]
   [Other: 1.4 ms]
      [Choose CSet: 0.0 ms]
      [Ref Proc: 0.4 ms]
      [Ref Enq: 0.0 ms]
      [Redirty Cards: 0.3 ms]
      [Humongous Register: 0.3 ms]
      [Humongous Reclaim: 0.1 ms]
      [Free CSet: 0.2 ms]
   [Eden: 44.0M(44.0M)->0.0B(44.0M) Survivors: 7168.0K->7168.0K Heap: 540.5M(1024.0M)->481.5M(1024.0M)]
 [Times: user=0.20 sys=0.00, real=0.01 secs] 
9.718: [GC pause (G1 Evacuation Pause) (mixed), 0.0133572 secs]
   [Parallel Time: 12.0 ms, GC Workers: 18]
      [GC Worker Start (ms): Min: 9718.8, Avg: 9718.9, Max: 9719.1, Diff: 0.3]
      [Ext Root Scanning (ms): Min: 0.0, Avg: 0.2, Max: 0.3, Diff: 0.3, Sum: 3.1]
      [Update RS (ms): Min: 1.2, Avg: 1.4, Max: 1.5, Diff: 0.3, Sum: 24.9]
         [Processed Buffers: Min: 4, Avg: 4.9, Max: 6, Diff: 2, Sum: 88]
      [Scan RS (ms): Min: 0.0, Avg: 0.0, Max: 0.1, Diff: 0.1, Sum: 0.6]
      [Code Root Scanning (ms): Min: 0.0, Avg: 0.0, Max: 0.0, Diff: 0.0, Sum: 0.0]
      [Object Copy (ms): Min: 9.3, Avg: 9.6, Max: 9.9, Diff: 0.6, Sum: 172.7]
      [Termination (ms): Min: 0.0, Avg: 0.2, Max: 0.3, Diff: 0.3, Sum: 3.3]
         [Termination Attempts: Min: 1, Avg: 1.2, Max: 3, Diff: 2, Sum: 22]
      [GC Worker Other (ms): Min: 0.0, Avg: 0.0, Max: 0.1, Diff: 0.1, Sum: 0.7]
      [GC Worker Total (ms): Min: 11.2, Avg: 11.4, Max: 11.6, Diff: 0.4, Sum: 205.3]
      [GC Worker End (ms): Min: 9730.3, Avg: 9730.3, Max: 9730.4, Diff: 0.0]
   [Code Root Fixup: 0.0 ms]
   [Code Root Purge: 0.0 ms]
   [Clear CT: 0.2 ms]
   [Other: 1.2 ms]
      [Choose CSet: 0.0 ms]
      [Ref Proc: 0.2 ms]
      [Ref Enq: 0.0 ms]
      [Redirty Cards: 0.3 ms]
      [Humongous Register: 0.2 ms]
      [Humongous Reclaim: 0.1 ms]
      [Free CSet: 0.2 ms]
   [Eden: 44.0M(44.0M)->0.0B(44.0M) Survivors: 7168.0K->7168.0K Heap: 534.1M(1024.0M)->477.7M(1024.0M)]
 [Times: user=0.20 sys=0.01, real=0.01 secs] 
9.746: [GC pause (G1 Evacuation Pause) (mixed), 0.0091538 secs]
   [Parallel Time: 7.8 ms, GC Workers: 18]
      [GC Worker Start (ms): Min: 9746.8, Avg: 9747.0, Max: 9747.1, Diff: 0.3]
      [Ext Root Scanning (ms): Min: 0.1, Avg: 0.2, Max: 0.3, Diff: 0.3, Sum: 3.4]
      [Update RS (ms): Min: 1.2, Avg: 1.5, Max: 1.8, Diff: 0.6, Sum: 26.5]
         [Processed Buffers: Min: 4, Avg: 4.8, Max: 6, Diff: 2, Sum: 86]
      [Scan RS (ms): Min: 0.0, Avg: 0.0, Max: 0.1, Diff: 0.1, Sum: 0.4]
      [Code Root Scanning (ms): Min: 0.0, Avg: 0.0, Max: 0.0, Diff: 0.0, Sum: 0.0]
      [Object Copy (ms): Min: 5.0, Avg: 5.4, Max: 5.9, Diff: 1.0, Sum: 97.7]
      [Termination (ms): Min: 0.0, Avg: 0.3, Max: 0.4, Diff: 0.4, Sum: 4.8]
         [Termination Attempts: Min: 1, Avg: 1.0, Max: 1, Diff: 0, Sum: 18]
      [GC Worker Other (ms): Min: 0.0, Avg: 0.0, Max: 0.0, Diff: 0.0, Sum: 0.3]
      [GC Worker Total (ms): Min: 7.3, Avg: 7.4, Max: 7.5, Diff: 0.2, Sum: 133.1]
      [GC Worker End (ms): Min: 9754.4, Avg: 9754.4, Max: 9754.4, Diff: 0.0]
   [Code Root Fixup: 0.0 ms]
   [Code Root Purge: 0.0 ms]
   [Clear CT: 0.2 ms]
   [Other: 1.2 ms]
      [Choose CSet: 0.0 ms]
      [Ref Proc: 0.3 ms]
      [Ref Enq: 0.0 ms]
      [Redirty Cards: 0.3 ms]
      [Humongous Register: 0.2 ms]
      [Humongous Reclaim: 0.1 ms]
      [Free CSet: 0.1 ms]
   [Eden: 44.0M(44.0M)->0.0B(123.0M) Survivors: 7168.0K->7168.0K Heap: 530.0M(1024.0M)->485.8M(1024.0M)]
 [Times: user=0.13 sys=0.01, real=0.01 secs] 
9.758: [GC pause (G1 Humongous Allocation) (young) (initial-mark), 0.0042075 secs]
   [Parallel Time: 3.1 ms, GC Workers: 18]
      [GC Worker Start (ms): Min: 9758.5, Avg: 9758.7, Max: 9758.8, Diff: 0.3]
      [Ext Root Scanning (ms): Min: 0.1, Avg: 0.2, Max: 0.3, Diff: 0.3, Sum: 3.7]
      [Update RS (ms): Min: 0.0, Avg: 0.2, Max: 0.8, Diff: 0.8, Sum: 3.5]
         [Processed Buffers: Min: 0, Avg: 0.8, Max: 1, Diff: 1, Sum: 14]
      [Scan RS (ms): Min: 0.0, Avg: 0.0, Max: 0.0, Diff: 0.0, Sum: 0.1]
      [Code Root Scanning (ms): Min: 0.0, Avg: 0.0, Max: 0.0, Diff: 0.0, Sum: 0.0]
      [Object Copy (ms): Min: 1.8, Avg: 2.1, Max: 2.3, Diff: 0.6, Sum: 37.0]
      [Termination (ms): Min: 0.0, Avg: 0.4, Max: 0.7, Diff: 0.7, Sum: 6.3]
         [Termination Attempts: Min: 1, Avg: 1.0, Max: 1, Diff: 0, Sum: 18]
      [GC Worker Other (ms): Min: 0.0, Avg: 0.0, Max: 0.0, Diff: 0.0, Sum: 0.2]
      [GC Worker Total (ms): Min: 2.7, Avg: 2.8, Max: 3.0, Diff: 0.3, Sum: 50.9]
      [GC Worker End (ms): Min: 9761.5, Avg: 9761.5, Max: 9761.5, Diff: 0.0]
   [Code Root Fixup: 0.0 ms]
   [Code Root Purge: 0.0 ms]
   [Clear CT: 0.2 ms]
   [Other: 0.9 ms]
      [Choose CSet: 0.0 ms]
      [Ref Proc: 0.2 ms]
      [Ref Enq: 0.0 ms]
      [Redirty Cards: 0.2 ms]
      [Humongous Register: 0.2 ms]
      [Humongous Reclaim: 0.0 ms]
      [Free CSet: 0.0 ms]
   [Eden: 9216.0K(123.0M)->0.0B(151.0M) Survivors: 7168.0K->10.0M Heap: 494.0M(1024.0M)->488.1M(1024.0M)]
 [Times: user=0.05 sys=0.00, real=0.00 secs] 
9.763: [GC concurrent-root-region-scan-start]
9.763: [GC concurrent-root-region-scan-end, 0.0001528 secs]
9.763: [GC concurrent-mark-start]
9.766: [GC concurrent-mark-end, 0.0027869 secs]
9.766: [GC remark 9.766: [Finalize Marking, 0.0004100 secs] 9.766: [GC ref-proc, 0.0004091 secs] 9.767: [Unloading, 0.0009250 secs], 0.0026079 secs]
 [Times: user=0.03 sys=0.00, real=0.01 secs] 
9.768: [GC cleanup 499M->498M(1024M), 0.0016743 secs]
 [Times: user=0.01 sys=0.00, real=0.00 secs] 
9.770: [GC concurrent-cleanup-start]
9.770: [GC concurrent-cleanup-end, 0.0000215 secs]
9.823: [GC pause (G1 Evacuation Pause) (young), 0.0248979 secs]
   [Parallel Time: 23.1 ms, GC Workers: 18]
      [GC Worker Start (ms): Min: 9823.4, Avg: 9823.6, Max: 9823.8, Diff: 0.3]
      [Ext Root Scanning (ms): Min: 0.0, Avg: 0.2, Max: 0.4, Diff: 0.4, Sum: 3.3]
      [Update RS (ms): Min: 5.6, Avg: 5.8, Max: 6.0, Diff: 0.4, Sum: 103.6]
         [Processed Buffers: Min: 15, Avg: 17.2, Max: 19, Diff: 4, Sum: 310]
      [Scan RS (ms): Min: 0.0, Avg: 0.0, Max: 0.1, Diff: 0.1, Sum: 0.7]
      [Code Root Scanning (ms): Min: 0.0, Avg: 0.0, Max: 0.0, Diff: 0.0, Sum: 0.0]
      [Object Copy (ms): Min: 16.2, Avg: 16.4, Max: 16.7, Diff: 0.5, Sum: 295.4]
      [Termination (ms): Min: 0.0, Avg: 0.3, Max: 0.5, Diff: 0.5, Sum: 5.6]
         [Termination Attempts: Min: 1, Avg: 1.0, Max: 1, Diff: 0, Sum: 18]
      [GC Worker Other (ms): Min: 0.0, Avg: 0.1, Max: 0.2, Diff: 0.1, Sum: 0.9]
      [GC Worker Total (ms): Min: 22.6, Avg: 22.8, Max: 22.9, Diff: 0.3, Sum: 409.5]
      [GC Worker End (ms): Min: 9846.3, Avg: 9846.4, Max: 9846.4, Diff: 0.1]
   [Code Root Fixup: 0.0 ms]
   [Code Root Purge: 0.0 ms]
   [Clear CT: 0.3 ms]
   [Other: 1.5 ms]
      [Choose CSet: 0.0 ms]
      [Ref Proc: 0.3 ms]
      [Ref Enq: 0.0 ms]
      [Redirty Cards: 0.3 ms]
      [Humongous Register: 0.3 ms]
      [Humongous Reclaim: 0.2 ms]
      [Free CSet: 0.2 ms]
   [Eden: 151.0M(151.0M)->0.0B(30.0M) Survivors: 10.0M->21.0M Heap: 675.3M(1024.0M)->528.5M(1024.0M)]
 [Times: user=0.40 sys=0.00, real=0.03 secs] 
9.858: [GC pause (G1 Evacuation Pause) (mixed), 0.0186761 secs]
   [Parallel Time: 17.0 ms, GC Workers: 18]
      [GC Worker Start (ms): Min: 9858.5, Avg: 9858.7, Max: 9858.9, Diff: 0.4]
      [Ext Root Scanning (ms): Min: 0.0, Avg: 0.2, Max: 0.4, Diff: 0.4, Sum: 3.2]
      [Update RS (ms): Min: 0.3, Avg: 0.5, Max: 0.7, Diff: 0.4, Sum: 9.0]
         [Processed Buffers: Min: 1, Avg: 2.6, Max: 6, Diff: 5, Sum: 46]
      [Scan RS (ms): Min: 0.0, Avg: 0.1, Max: 0.5, Diff: 0.5, Sum: 1.7]
      [Code Root Scanning (ms): Min: 0.0, Avg: 0.0, Max: 0.1, Diff: 0.1, Sum: 0.1]
      [Object Copy (ms): Min: 15.1, Avg: 15.4, Max: 15.8, Diff: 0.7, Sum: 277.2]
      [Termination (ms): Min: 0.0, Avg: 0.4, Max: 0.6, Diff: 0.6, Sum: 6.4]
         [Termination Attempts: Min: 1, Avg: 1.0, Max: 1, Diff: 0, Sum: 18]
      [GC Worker Other (ms): Min: 0.0, Avg: 0.0, Max: 0.0, Diff: 0.0, Sum: 0.3]
      [GC Worker Total (ms): Min: 16.4, Avg: 16.5, Max: 16.7, Diff: 0.3, Sum: 297.8]
      [GC Worker End (ms): Min: 9875.2, Avg: 9875.2, Max: 9875.2, Diff: 0.0]
   [Code Root Fixup: 0.0 ms]
   [Code Root Purge: 0.0 ms]
   [Clear CT: 0.2 ms]
   [Other: 1.4 ms]
      [Choose CSet: 0.1 ms]
      [Ref Proc: 0.3 ms]
      [Ref Enq: 0.0 ms]
      [Redirty Cards: 0.3 ms]
      [Humongous Register: 0.2 ms]
      [Humongous Reclaim: 0.1 ms]
      [Free CSet: 0.3 ms]
   [Eden: 30.0M(30.0M)->0.0B(44.0M) Survivors: 21.0M->7168.0K Heap: 562.1M(1024.0M)->463.3M(1024.0M)]
 [Times: user=0.28 sys=0.02, real=0.01 secs] 
9.893: [GC pause (G1 Evacuation Pause) (mixed), 0.0112831 secs]
   [Parallel Time: 9.9 ms, GC Workers: 18]
      [GC Worker Start (ms): Min: 9893.1, Avg: 9893.2, Max: 9893.4, Diff: 0.3]
      [Ext Root Scanning (ms): Min: 0.0, Avg: 0.2, Max: 0.3, Diff: 0.3, Sum: 2.8]
      [Update RS (ms): Min: 1.8, Avg: 2.0, Max: 2.3, Diff: 0.5, Sum: 36.6]
         [Processed Buffers: Min: 5, Avg: 6.2, Max: 7, Diff: 2, Sum: 112]
      [Scan RS (ms): Min: 0.0, Avg: 0.0, Max: 0.1, Diff: 0.1, Sum: 0.6]
      [Code Root Scanning (ms): Min: 0.0, Avg: 0.0, Max: 0.1, Diff: 0.1, Sum: 0.1]
      [Object Copy (ms): Min: 6.6, Avg: 6.9, Max: 7.3, Diff: 0.7, Sum: 124.6]
      [Termination (ms): Min: 0.0, Avg: 0.4, Max: 0.6, Diff: 0.6, Sum: 6.8]
         [Termination Attempts: Min: 1, Avg: 1.0, Max: 1, Diff: 0, Sum: 18]
      [GC Worker Other (ms): Min: 0.0, Avg: 0.0, Max: 0.1, Diff: 0.0, Sum: 0.5]
      [GC Worker Total (ms): Min: 9.4, Avg: 9.6, Max: 9.7, Diff: 0.3, Sum: 172.0]
      [GC Worker End (ms): Min: 9902.8, Avg: 9902.8, Max: 9902.8, Diff: 0.0]
   [Code Root Fixup: 0.0 ms]
   [Code Root Purge: 0.0 ms]
   [Clear CT: 0.2 ms]
   [Other: 1.1 ms]
      [Choose CSet: 0.0 ms]
      [Ref Proc: 0.3 ms]
      [Ref Enq: 0.0 ms]
      [Redirty Cards: 0.3 ms]
      [Humongous Register: 0.1 ms]
      [Humongous Reclaim: 0.1 ms]
      [Free CSet: 0.1 ms]
   [Eden: 44.0M(44.0M)->0.0B(262.0M) Survivors: 7168.0K->7168.0K Heap: 518.8M(1024.0M)->470.1M(1024.0M)]
 [Times: user=0.17 sys=0.00, real=0.01 secs] 
9.905: [GC pause (G1 Humongous Allocation) (young) (initial-mark), 0.0035188 secs]
   [Parallel Time: 2.4 ms, GC Workers: 18]
      [GC Worker Start (ms): Min: 9904.9, Avg: 9905.1, Max: 9905.2, Diff: 0.2]
      [Ext Root Scanning (ms): Min: 0.1, Avg: 0.2, Max: 0.3, Diff: 0.2, Sum: 3.7]
      [Update RS (ms): Min: 0.0, Avg: 0.3, Max: 0.8, Diff: 0.8, Sum: 4.5]
         [Processed Buffers: Min: 0, Avg: 1.1, Max: 2, Diff: 2, Sum: 19]
      [Scan RS (ms): Min: 0.0, Avg: 0.0, Max: 0.0, Diff: 0.0, Sum: 0.1]
      [Code Root Scanning (ms): Min: 0.0, Avg: 0.0, Max: 0.0, Diff: 0.0, Sum: 0.0]
      [Object Copy (ms): Min: 0.8, Avg: 1.3, Max: 1.8, Diff: 1.1, Sum: 23.2]
      [Termination (ms): Min: 0.0, Avg: 0.3, Max: 0.6, Diff: 0.6, Sum: 6.1]
         [Termination Attempts: Min: 1, Avg: 1.2, Max: 2, Diff: 1, Sum: 21]
      [GC Worker Other (ms): Min: 0.0, Avg: 0.0, Max: 0.0, Diff: 0.0, Sum: 0.3]
      [GC Worker Total (ms): Min: 2.0, Avg: 2.1, Max: 2.2, Diff: 0.2, Sum: 37.9]
      [GC Worker End (ms): Min: 9907.1, Avg: 9907.2, Max: 9907.2, Diff: 0.0]
   [Code Root Fixup: 0.0 ms]
   [Code Root Purge: 0.0 ms]
   [Clear CT: 0.3 ms]
   [Other: 0.8 ms]
      [Choose CSet: 0.0 ms]
      [Ref Proc: 0.2 ms]
      [Ref Enq: 0.0 ms]
      [Redirty Cards: 0.2 ms]
      [Humongous Register: 0.2 ms]
      [Humongous Reclaim: 0.0 ms]
      [Free CSet: 0.0 ms]
   [Eden: 2048.0K(262.0M)->0.0B(277.0M) Survivors: 7168.0K->7168.0K Heap: 471.3M(1024.0M)->468.7M(1024.0M)]
 [Times: user=0.04 sys=0.00, real=0.01 secs] 
9.908: [GC concurrent-root-region-scan-start]
9.909: [GC concurrent-root-region-scan-end, 0.0002441 secs]
9.909: [GC concurrent-mark-start]
9.911: [GC concurrent-mark-end, 0.0028080 secs]
9.912: [GC remark 9.912: [Finalize Marking, 0.0004944 secs] 9.912: [GC ref-proc, 0.0004085 secs] 9.912: [Unloading, 0.0010474 secs], 0.0027564 secs]
 [Times: user=0.02 sys=0.00, real=0.00 secs] 
9.914: [GC cleanup 482M->481M(1024M), 0.0015650 secs]
 [Times: user=0.02 sys=0.00, real=0.00 secs] 
9.916: [GC concurrent-cleanup-start]
9.916: [GC concurrent-cleanup-end, 0.0000250 secs]
10.017: [GC pause (G1 Evacuation Pause) (young), 0.0373486 secs]
   [Parallel Time: 35.3 ms, GC Workers: 18]
      [GC Worker Start (ms): Min: 10016.9, Avg: 10017.0, Max: 10017.2, Diff: 0.3]
      [Ext Root Scanning (ms): Min: 0.1, Avg: 0.2, Max: 0.3, Diff: 0.3, Sum: 3.8]
      [Update RS (ms): Min: 10.6, Avg: 10.8, Max: 10.9, Diff: 0.3, Sum: 193.6]
         [Processed Buffers: Min: 29, Avg: 31.9, Max: 35, Diff: 6, Sum: 575]
      [Scan RS (ms): Min: 0.0, Avg: 0.1, Max: 0.4, Diff: 0.3, Sum: 1.8]
      [Code Root Scanning (ms): Min: 0.0, Avg: 0.0, Max: 0.0, Diff: 0.0, Sum: 0.0]
      [Object Copy (ms): Min: 23.0, Avg: 23.7, Max: 24.0, Diff: 1.0, Sum: 426.0]
      [Termination (ms): Min: 0.0, Avg: 0.2, Max: 0.5, Diff: 0.5, Sum: 4.1]
         [Termination Attempts: Min: 1, Avg: 1.1, Max: 2, Diff: 1, Sum: 19]
      [GC Worker Other (ms): Min: 0.0, Avg: 0.0, Max: 0.1, Diff: 0.1, Sum: 0.9]
      [GC Worker Total (ms): Min: 34.9, Avg: 35.0, Max: 35.1, Diff: 0.3, Sum: 630.1]
      [GC Worker End (ms): Min: 10052.0, Avg: 10052.0, Max: 10052.1, Diff: 0.1]
   [Code Root Fixup: 0.0 ms]
   [Code Root Purge: 0.0 ms]
   [Clear CT: 0.4 ms]
   [Other: 1.7 ms]
      [Choose CSet: 0.0 ms]
      [Ref Proc: 0.3 ms]
      [Ref Enq: 0.0 ms]
      [Redirty Cards: 0.2 ms]
      [Humongous Register: 0.3 ms]
      [Humongous Reclaim: 0.3 ms]
      [Free CSet: 0.3 ms]
   [Eden: 277.0M(277.0M)->0.0B(15.0M) Survivors: 7168.0K->36.0M Heap: 815.3M(1024.0M)->542.3M(1024.0M)]
 [Times: user=0.61 sys=0.01, real=0.04 secs] 
10.060: [GC pause (G1 Evacuation Pause) (mixed), 0.0215125 secs]
   [Parallel Time: 19.8 ms, GC Workers: 18]
      [GC Worker Start (ms): Min: 10059.9, Avg: 10060.1, Max: 10060.3, Diff: 0.4]
      [Ext Root Scanning (ms): Min: 0.0, Avg: 0.2, Max: 0.4, Diff: 0.4, Sum: 2.9]
      [Update RS (ms): Min: 0.9, Avg: 1.0, Max: 1.1, Diff: 0.3, Sum: 18.2]
         [Processed Buffers: Min: 3, Avg: 3.7, Max: 7, Diff: 4, Sum: 67]
      [Scan RS (ms): Min: 0.0, Avg: 0.1, Max: 0.2, Diff: 0.2, Sum: 1.2]
      [Code Root Scanning (ms): Min: 0.0, Avg: 0.0, Max: 0.0, Diff: 0.0, Sum: 0.1]
      [Object Copy (ms): Min: 17.7, Avg: 17.9, Max: 18.2, Diff: 0.4, Sum: 322.0]
      [Termination (ms): Min: 0.0, Avg: 0.3, Max: 0.4, Diff: 0.4, Sum: 5.1]
         [Termination Attempts: Min: 1, Avg: 1.1, Max: 3, Diff: 2, Sum: 20]
      [GC Worker Other (ms): Min: 0.0, Avg: 0.0, Max: 0.0, Diff: 0.0, Sum: 0.3]
      [GC Worker Total (ms): Min: 19.2, Avg: 19.4, Max: 19.6, Diff: 0.4, Sum: 349.9]
      [GC Worker End (ms): Min: 10079.5, Avg: 10079.6, Max: 10079.6, Diff: 0.0]
   [Code Root Fixup: 0.0 ms]
   [Code Root Purge: 0.0 ms]
   [Clear CT: 0.3 ms]
   [Other: 1.4 ms]
      [Choose CSet: 0.1 ms]
      [Ref Proc: 0.3 ms]
      [Ref Enq: 0.0 ms]
      [Redirty Cards: 0.3 ms]
      [Humongous Register: 0.2 ms]
      [Humongous Reclaim: 0.0 ms]
      [Free CSet: 0.3 ms]
   [Eden: 15.0M(15.0M)->0.0B(269.0M) Survivors: 36.0M->6144.0K Heap: 563.2M(1024.0M)->485.1M(1024.0M)]
 [Times: user=0.33 sys=0.01, real=0.02 secs] 
10.082: [GC pause (G1 Humongous Allocation) (young) (initial-mark), 0.0032599 secs]
   [Parallel Time: 2.1 ms, GC Workers: 18]
      [GC Worker Start (ms): Min: 10081.9, Avg: 10082.0, Max: 10082.1, Diff: 0.2]
      [Ext Root Scanning (ms): Min: 0.1, Avg: 0.2, Max: 0.3, Diff: 0.2, Sum: 3.7]
      [Update RS (ms): Min: 0.1, Avg: 0.4, Max: 1.2, Diff: 1.1, Sum: 7.6]
         [Processed Buffers: Min: 0, Avg: 1.1, Max: 2, Diff: 2, Sum: 19]
      [Scan RS (ms): Min: 0.0, Avg: 0.0, Max: 0.0, Diff: 0.0, Sum: 0.1]
      [Code Root Scanning (ms): Min: 0.0, Avg: 0.0, Max: 0.0, Diff: 0.0, Sum: 0.0]
      [Object Copy (ms): Min: 0.0, Avg: 0.9, Max: 1.5, Diff: 1.5, Sum: 15.6]
      [Termination (ms): Min: 0.0, Avg: 0.3, Max: 0.6, Diff: 0.6, Sum: 6.2]
         [Termination Attempts: Min: 1, Avg: 1.1, Max: 2, Diff: 1, Sum: 20]
      [GC Worker Other (ms): Min: 0.0, Avg: 0.0, Max: 0.0, Diff: 0.0, Sum: 0.2]
      [GC Worker Total (ms): Min: 1.8, Avg: 1.9, Max: 2.0, Diff: 0.2, Sum: 33.5]
      [GC Worker End (ms): Min: 10083.9, Avg: 10083.9, Max: 10083.9, Diff: 0.0]
   [Code Root Fixup: 0.0 ms]
   [Code Root Purge: 0.0 ms]
   [Clear CT: 0.3 ms]
   [Other: 0.9 ms]
      [Choose CSet: 0.0 ms]
      [Ref Proc: 0.2 ms]
      [Ref Enq: 0.0 ms]
      [Redirty Cards: 0.2 ms]
      [Humongous Register: 0.2 ms]
      [Humongous Reclaim: 0.0 ms]
      [Free CSet: 0.0 ms]
   [Eden: 2048.0K(269.0M)->0.0B(269.0M) Survivors: 6144.0K->7168.0K Heap: 486.5M(1024.0M)->485.5M(1024.0M)]
 [Times: user=0.04 sys=0.00, real=0.00 secs] 
10.085: [GC concurrent-root-region-scan-start]
10.085: [GC concurrent-root-region-scan-end, 0.0001665 secs]
10.085: [GC concurrent-mark-start]
10.088: [GC concurrent-mark-end, 0.0029780 secs]
10.088: [GC remark 10.088: [Finalize Marking, 0.0003322 secs] 10.089: [GC ref-proc, 0.0004196 secs] 10.089: [Unloading, 0.0009897 secs], 0.0026925 secs]
 [Times: user=0.02 sys=0.00, real=0.00 secs] 
10.091: [GC cleanup 498M->497M(1024M), 0.0018686 secs]
 [Times: user=0.02 sys=0.00, real=0.00 secs] 
10.093: [GC concurrent-cleanup-start]
10.093: [GC concurrent-cleanup-end, 0.0000250 secs]
执行结束。共生成对象次数:69736
Heap
 garbage-first heap   total 1048576K, used 669175K [0x00000000c0000000, 0x00000000c0102000, 0x0000000100000000)
  region size 1024K, 141 young (144384K), 7 survivors (7168K)
 Metaspace       used 2541K, capacity 4490K, committed 4864K, reserved 1056768K
  class space    used 273K, capacity 386K, committed 512K, reserved 1048576K
开始执行.......
0.144: [GC pause (G1 Evacuation Pause) (young), 0.0078527 secs]
   [Parallel Time: 5.5 ms, GC Workers: 18]
      [GC Worker Start (ms): Min: 144.3, Avg: 146.1, Max: 149.1, Diff: 4.8]
      [Ext Root Scanning (ms): Min: 0.0, Avg: 0.2, Max: 0.4, Diff: 0.4, Sum: 2.8]
      [Update RS (ms): Min: 0.0, Avg: 0.0, Max: 0.0, Diff: 0.0, Sum: 0.0]
         [Processed Buffers: Min: 0, Avg: 0.0, Max: 0, Diff: 0, Sum: 0]
      [Scan RS (ms): Min: 0.0, Avg: 0.0, Max: 0.0, Diff: 0.0, Sum: 0.2]
      [Code Root Scanning (ms): Min: 0.0, Avg: 0.0, Max: 0.0, Diff: 0.0, Sum: 0.0]
      [Object Copy (ms): Min: 0.0, Avg: 2.7, Max: 4.7, Diff: 4.7, Sum: 49.3]
      [Termination (ms): Min: 0.0, Avg: 0.5, Max: 0.7, Diff: 0.7, Sum: 8.4]
         [Termination Attempts: Min: 1, Avg: 1.0, Max: 1, Diff: 0, Sum: 18]
      [GC Worker Other (ms): Min: 0.0, Avg: 0.0, Max: 0.0, Diff: 0.0, Sum: 0.4]
      [GC Worker Total (ms): Min: 0.4, Avg: 3.4, Max: 5.2, Diff: 4.8, Sum: 61.1]
      [GC Worker End (ms): Min: 149.5, Avg: 149.5, Max: 149.5, Diff: 0.0]
   [Code Root Fixup: 0.0 ms]
   [Code Root Purge: 0.0 ms]
   [Clear CT: 0.2 ms]
   [Other: 2.1 ms]
      [Choose CSet: 0.0 ms]
      [Ref Proc: 1.4 ms]
      [Ref Enq: 0.0 ms]
      [Redirty Cards: 0.2 ms]
      [Humongous Register: 0.0 ms]
      [Humongous Reclaim: 0.1 ms]
      [Free CSet: 0.1 ms]
   [Eden: 51.0M(51.0M)->0.0B(44.0M) Survivors: 0.0B->7168.0K Heap: 65.4M(1024.0M)->24.5M(1024.0M)]
 [Times: user=0.05 sys=0.03, real=0.01 secs] 
0.174: [GC pause (G1 Evacuation Pause) (young), 0.0082908 secs]
   [Parallel Time: 7.1 ms, GC Workers: 18]
      [GC Worker Start (ms): Min: 174.3, Avg: 174.5, Max: 174.8, Diff: 0.5]
      [Ext Root Scanning (ms): Min: 0.0, Avg: 0.2, Max: 0.4, Diff: 0.4, Sum: 3.4]
      [Update RS (ms): Min: 0.3, Avg: 0.7, Max: 1.5, Diff: 1.2, Sum: 12.8]
         [Processed Buffers: Min: 1, Avg: 2.3, Max: 4, Diff: 3, Sum: 42]
      [Scan RS (ms): Min: 0.0, Avg: 0.0, Max: 0.0, Diff: 0.0, Sum: 0.1]
      [Code Root Scanning (ms): Min: 0.0, Avg: 0.0, Max: 0.0, Diff: 0.0, Sum: 0.0]
      [Object Copy (ms): Min: 4.7, Avg: 5.4, Max: 5.8, Diff: 1.1, Sum: 97.9]
      [Termination (ms): Min: 0.0, Avg: 0.3, Max: 0.4, Diff: 0.4, Sum: 5.1]
         [Termination Attempts: Min: 1, Avg: 1.6, Max: 5, Diff: 4, Sum: 29]
      [GC Worker Other (ms): Min: 0.0, Avg: 0.0, Max: 0.0, Diff: 0.0, Sum: 0.3]
      [GC Worker Total (ms): Min: 6.4, Avg: 6.6, Max: 6.9, Diff: 0.5, Sum: 119.7]
      [GC Worker End (ms): Min: 181.2, Avg: 181.2, Max: 181.2, Diff: 0.0]
   [Code Root Fixup: 0.0 ms]
   [Code Root Purge: 0.0 ms]
   [Clear CT: 0.2 ms]
   [Other: 1.0 ms]
      [Choose CSet: 0.0 ms]
      [Ref Proc: 0.3 ms]
      [Ref Enq: 0.0 ms]
      [Redirty Cards: 0.3 ms]
      [Humongous Register: 0.0 ms]
      [Humongous Reclaim: 0.0 ms]
      [Free CSet: 0.1 ms]
   [Eden: 44.0M(44.0M)->0.0B(44.0M) Survivors: 7168.0K->7168.0K Heap: 76.8M(1024.0M)->39.1M(1024.0M)]
 [Times: user=0.08 sys=0.03, real=0.00 secs] 
0.205: [GC pause (G1 Evacuation Pause) (young), 0.0093064 secs]
   [Parallel Time: 8.0 ms, GC Workers: 18]
      [GC Worker Start (ms): Min: 205.4, Avg: 205.7, Max: 205.9, Diff: 0.5]
      [Ext Root Scanning (ms): Min: 0.0, Avg: 0.1, Max: 0.4, Diff: 0.4, Sum: 2.6]
      [Update RS (ms): Min: 1.7, Avg: 1.9, Max: 2.1, Diff: 0.4, Sum: 34.0]
         [Processed Buffers: Min: 5, Avg: 6.4, Max: 10, Diff: 5, Sum: 116]
      [Scan RS (ms): Min: 0.0, Avg: 0.0, Max: 0.0, Diff: 0.0, Sum: 0.2]
      [Code Root Scanning (ms): Min: 0.0, Avg: 0.0, Max: 0.0, Diff: 0.0, Sum: 0.0]
      [Object Copy (ms): Min: 4.8, Avg: 5.2, Max: 5.6, Diff: 0.8, Sum: 93.8]
      [Termination (ms): Min: 0.0, Avg: 0.4, Max: 0.9, Diff: 0.9, Sum: 7.0]
         [Termination Attempts: Min: 1, Avg: 1.0, Max: 1, Diff: 0, Sum: 18]
      [GC Worker Other (ms): Min: 0.0, Avg: 0.0, Max: 0.0, Diff: 0.0, Sum: 0.3]
      [GC Worker Total (ms): Min: 7.4, Avg: 7.7, Max: 7.9, Diff: 0.5, Sum: 137.9]
      [GC Worker End (ms): Min: 213.3, Avg: 213.3, Max: 213.4, Diff: 0.0]
   [Code Root Fixup: 0.0 ms]
   [Code Root Purge: 0.0 ms]
   [Clear CT: 0.2 ms]
   [Other: 1.1 ms]
      [Choose CSet: 0.0 ms]
      [Ref Proc: 0.3 ms]
      [Ref Enq: 0.0 ms]
      [Redirty Cards: 0.3 ms]
      [Humongous Register: 0.0 ms]
      [Humongous Reclaim: 0.1 ms]
      [Free CSet: 0.1 ms]
   [Eden: 44.0M(44.0M)->0.0B(59.0M) Survivors: 7168.0K->7168.0K Heap: 99.2M(1024.0M)->61.9M(1024.0M)]
 [Times: user=0.10 sys=0.04, real=0.01 secs] 
0.244: [GC pause (G1 Evacuation Pause) (young), 0.0078278 secs]
   [Parallel Time: 6.5 ms, GC Workers: 18]
      [GC Worker Start (ms): Min: 244.0, Avg: 244.3, Max: 244.5, Diff: 0.5]
      [Ext Root Scanning (ms): Min: 0.0, Avg: 0.1, Max: 0.4, Diff: 0.4, Sum: 2.5]
      [Update RS (ms): Min: 0.3, Avg: 0.5, Max: 0.7, Diff: 0.4, Sum: 8.5]
         [Processed Buffers: Min: 1, Avg: 1.5, Max: 2, Diff: 1, Sum: 27]
      [Scan RS (ms): Min: 0.0, Avg: 0.0, Max: 0.0, Diff: 0.0, Sum: 0.3]
      [Code Root Scanning (ms): Min: 0.0, Avg: 0.0, Max: 0.0, Diff: 0.0, Sum: 0.0]
      [Object Copy (ms): Min: 4.6, Avg: 5.0, Max: 5.3, Diff: 0.7, Sum: 89.5]
      [Termination (ms): Min: 0.0, Avg: 0.3, Max: 0.5, Diff: 0.5, Sum: 5.0]
         [Termination Attempts: Min: 1, Avg: 1.1, Max: 2, Diff: 1, Sum: 20]
      [GC Worker Other (ms): Min: 0.0, Avg: 0.0, Max: 0.0, Diff: 0.0, Sum: 0.3]
      [GC Worker Total (ms): Min: 5.7, Avg: 5.9, Max: 6.2, Diff: 0.4, Sum: 106.0]
      [GC Worker End (ms): Min: 250.2, Avg: 250.2, Max: 250.2, Diff: 0.0]
   [Code Root Fixup: 0.0 ms]
   [Code Root Purge: 0.0 ms]
   [Clear CT: 0.2 ms]
   [Other: 1.1 ms]
      [Choose CSet: 0.0 ms]
      [Ref Proc: 0.3 ms]
      [Ref Enq: 0.0 ms]
      [Redirty Cards: 0.3 ms]
      [Humongous Register: 0.1 ms]
      [Humongous Reclaim: 0.1 ms]
      [Free CSet: 0.1 ms]
   [Eden: 59.0M(59.0M)->0.0B(605.0M) Survivors: 7168.0K->9216.0K Heap: 136.5M(1024.0M)->89.7M(1024.0M)]
 [Times: user=0.04 sys=0.07, real=0.01 secs] 
0.723: [GC pause (G1 Evacuation Pause) (young) (to-space exhausted), 0.0192491 secs]
   [Parallel Time: 13.5 ms, GC Workers: 18]
      [GC Worker Start (ms): Min: 723.4, Avg: 723.6, Max: 723.9, Diff: 0.4]
      [Ext Root Scanning (ms): Min: 0.0, Avg: 0.1, Max: 0.4, Diff: 0.4, Sum: 2.4]
      [Update RS (ms): Min: 0.3, Avg: 0.5, Max: 0.6, Diff: 0.3, Sum: 9.2]
         [Processed Buffers: Min: 0, Avg: 1.6, Max: 2, Diff: 2, Sum: 29]
      [Scan RS (ms): Min: 0.1, Avg: 0.2, Max: 0.3, Diff: 0.2, Sum: 3.3]
      [Code Root Scanning (ms): Min: 0.0, Avg: 0.0, Max: 0.0, Diff: 0.0, Sum: 0.0]
      [Object Copy (ms): Min: 12.1, Avg: 12.2, Max: 12.3, Diff: 0.2, Sum: 218.8]
      [Termination (ms): Min: 0.0, Avg: 0.1, Max: 0.1, Diff: 0.1, Sum: 1.0]
         [Termination Attempts: Min: 1, Avg: 1.0, Max: 1, Diff: 0, Sum: 18]
      [GC Worker Other (ms): Min: 0.0, Avg: 0.1, Max: 0.1, Diff: 0.1, Sum: 1.0]
      [GC Worker Total (ms): Min: 12.9, Avg: 13.1, Max: 13.3, Diff: 0.4, Sum: 235.8]
      [GC Worker End (ms): Min: 736.7, Avg: 736.7, Max: 736.8, Diff: 0.1]
   [Code Root Fixup: 0.0 ms]
   [Code Root Purge: 0.0 ms]
   [Clear CT: 0.5 ms]
   [Other: 5.2 ms]
      [Evacuation Failure: 3.2 ms]
      [Choose CSet: 0.0 ms]
      [Ref Proc: 0.3 ms]
      [Ref Enq: 0.0 ms]
      [Redirty Cards: 0.2 ms]
      [Humongous Register: 0.2 ms]
      [Humongous Reclaim: 0.5 ms]
      [Free CSet: 0.6 ms]
   [Eden: 605.0M(605.0M)->0.0B(2048.0K) Survivors: 9216.0K->57.0M Heap: 862.5M(1024.0M)->537.9M(1024.0M)]
 [Times: user=0.10 sys=0.19, real=0.02 secs] 
0.743: [GC pause (G1 Humongous Allocation) (young) (initial-mark), 0.0170310 secs]
   [Parallel Time: 15.8 ms, GC Workers: 18]
      [GC Worker Start (ms): Min: 743.3, Avg: 743.4, Max: 743.5, Diff: 0.3]
      [Ext Root Scanning (ms): Min: 0.1, Avg: 0.2, Max: 0.3, Diff: 0.3, Sum: 3.2]
      [Update RS (ms): Min: 0.1, Avg: 0.1, Max: 0.2, Diff: 0.1, Sum: 1.8]
         [Processed Buffers: Min: 1, Avg: 1.5, Max: 4, Diff: 3, Sum: 27]
      [Scan RS (ms): Min: 0.0, Avg: 0.0, Max: 0.0, Diff: 0.0, Sum: 0.3]
      [Code Root Scanning (ms): Min: 0.0, Avg: 0.0, Max: 0.0, Diff: 0.0, Sum: 0.0]
      [Object Copy (ms): Min: 14.6, Avg: 14.8, Max: 15.1, Diff: 0.5, Sum: 267.0]
      [Termination (ms): Min: 0.0, Avg: 0.3, Max: 0.6, Diff: 0.6, Sum: 5.3]
         [Termination Attempts: Min: 1, Avg: 1.1, Max: 2, Diff: 1, Sum: 20]
      [GC Worker Other (ms): Min: 0.0, Avg: 0.0, Max: 0.0, Diff: 0.0, Sum: 0.3]
      [GC Worker Total (ms): Min: 15.3, Avg: 15.4, Max: 15.6, Diff: 0.3, Sum: 278.0]
      [GC Worker End (ms): Min: 758.9, Avg: 758.9, Max: 758.9, Diff: 0.0]
   [Code Root Fixup: 0.0 ms]
   [Code Root Purge: 0.0 ms]
   [Clear CT: 0.2 ms]
   [Other: 1.0 ms]
      [Choose CSet: 0.0 ms]
      [Ref Proc: 0.2 ms]
      [Ref Enq: 0.0 ms]
      [Redirty Cards: 0.2 ms]
      [Humongous Register: 0.1 ms]
      [Humongous Reclaim: 0.1 ms]
      [Free CSet: 0.1 ms]
   [Eden: 2048.0K(2048.0K)->0.0B(308.0M) Survivors: 57.0M->1024.0K Heap: 539.3M(1024.0M)->536.6M(1024.0M)]
 [Times: user=0.21 sys=0.06, real=0.02 secs] 
0.760: [GC concurrent-root-region-scan-start]
0.761: [GC concurrent-root-region-scan-end, 0.0001990 secs]
0.761: [GC concurrent-mark-start]
0.766: [GC concurrent-mark-end, 0.0055558 secs]
0.766: [GC remark 0.766: [Finalize Marking, 0.0003675 secs] 0.767: [GC ref-proc, 0.0004132 secs] 0.767: [Unloading, 0.0012381 secs], 0.0033541 secs]
 [Times: user=0.02 sys=0.01, real=0.00 secs] 
0.770: [GC cleanup 552M->546M(1024M), 0.0019443 secs]
 [Times: user=0.02 sys=0.00, real=0.00 secs] 
0.772: [GC concurrent-cleanup-start]
0.772: [GC concurrent-cleanup-end, 0.0000312 secs]
0.904: [GC pause (G1 Evacuation Pause) (young) (to-space exhausted), 0.0162272 secs]
   [Parallel Time: 12.3 ms, GC Workers: 18]
      [GC Worker Start (ms): Min: 903.8, Avg: 904.1, Max: 904.3, Diff: 0.5]
      [Ext Root Scanning (ms): Min: 0.0, Avg: 0.1, Max: 0.4, Diff: 0.4, Sum: 2.0]
      [Update RS (ms): Min: 0.3, Avg: 0.7, Max: 2.5, Diff: 2.2, Sum: 12.9]
         [Processed Buffers: Min: 0, Avg: 1.7, Max: 2, Diff: 2, Sum: 31]
      [Scan RS (ms): Min: 0.0, Avg: 0.1, Max: 0.4, Diff: 0.4, Sum: 2.3]
      [Code Root Scanning (ms): Min: 0.0, Avg: 0.0, Max: 0.0, Diff: 0.0, Sum: 0.0]
      [Object Copy (ms): Min: 8.7, Avg: 10.8, Max: 11.2, Diff: 2.5, Sum: 194.3]
      [Termination (ms): Min: 0.0, Avg: 0.0, Max: 0.1, Diff: 0.1, Sum: 0.9]
         [Termination Attempts: Min: 1, Avg: 2.9, Max: 4, Diff: 3, Sum: 52]
      [GC Worker Other (ms): Min: 0.0, Avg: 0.0, Max: 0.1, Diff: 0.1, Sum: 0.6]
      [GC Worker Total (ms): Min: 11.6, Avg: 11.8, Max: 12.1, Diff: 0.5, Sum: 213.0]
      [GC Worker End (ms): Min: 915.9, Avg: 916.0, Max: 916.0, Diff: 0.1]
   [Code Root Fixup: 0.0 ms]
   [Code Root Purge: 0.0 ms]
   [Clear CT: 0.3 ms]
   [Other: 3.6 ms]
      [Evacuation Failure: 2.1 ms]
      [Choose CSet: 0.0 ms]
      [Ref Proc: 0.3 ms]
      [Ref Enq: 0.0 ms]
      [Redirty Cards: 0.2 ms]
      [Humongous Register: 0.2 ms]
      [Humongous Reclaim: 0.3 ms]
      [Free CSet: 0.4 ms]
   [Eden: 308.0M(308.0M)->0.0B(15.0M) Survivors: 1024.0K->36.0M Heap: 911.3M(1024.0M)->770.7M(1024.0M)]
 [Times: user=0.15 sys=0.09, real=0.02 secs] 
0.924: [GC pause (G1 Evacuation Pause) (mixed), 0.0158911 secs]
   [Parallel Time: 14.3 ms, GC Workers: 18]
      [GC Worker Start (ms): Min: 924.7, Avg: 924.9, Max: 925.0, Diff: 0.2]
      [Ext Root Scanning (ms): Min: 0.1, Avg: 0.2, Max: 0.3, Diff: 0.2, Sum: 4.0]
      [Update RS (ms): Min: 0.0, Avg: 0.2, Max: 0.2, Diff: 0.2, Sum: 2.8]
         [Processed Buffers: Min: 0, Avg: 1.1, Max: 2, Diff: 2, Sum: 20]
      [Scan RS (ms): Min: 0.0, Avg: 0.1, Max: 0.1, Diff: 0.1, Sum: 1.3]
      [Code Root Scanning (ms): Min: 0.0, Avg: 0.0, Max: 0.0, Diff: 0.0, Sum: 0.0]
      [Object Copy (ms): Min: 13.0, Avg: 13.3, Max: 13.6, Diff: 0.6, Sum: 238.7]
      [Termination (ms): Min: 0.0, Avg: 0.3, Max: 0.5, Diff: 0.5, Sum: 4.6]
         [Termination Attempts: Min: 1, Avg: 1.0, Max: 1, Diff: 0, Sum: 18]
      [GC Worker Other (ms): Min: 0.0, Avg: 0.0, Max: 0.1, Diff: 0.1, Sum: 0.3]
      [GC Worker Total (ms): Min: 13.9, Avg: 14.0, Max: 14.1, Diff: 0.2, Sum: 251.7]
      [GC Worker End (ms): Min: 938.8, Avg: 938.8, Max: 938.9, Diff: 0.0]
   [Code Root Fixup: 0.0 ms]
   [Code Root Purge: 0.0 ms]
   [Clear CT: 0.2 ms]
   [Other: 1.4 ms]
      [Choose CSet: 0.1 ms]
      [Ref Proc: 0.3 ms]
      [Ref Enq: 0.0 ms]
      [Redirty Cards: 0.3 ms]
      [Humongous Register: 0.1 ms]
      [Humongous Reclaim: 0.1 ms]
      [Free CSet: 0.4 ms]
   [Eden: 15.0M(15.0M)->0.0B(45.0M) Survivors: 36.0M->6144.0K Heap: 785.7M(1024.0M)->673.1M(1024.0M)]
 [Times: user=0.19 sys=0.05, real=0.01 secs] 
0.959: [GC pause (G1 Evacuation Pause) (mixed), 0.0143503 secs]
   [Parallel Time: 12.7 ms, GC Workers: 18]
      [GC Worker Start (ms): Min: 959.7, Avg: 959.8, Max: 960.0, Diff: 0.4]
      [Ext Root Scanning (ms): Min: 0.0, Avg: 0.2, Max: 0.3, Diff: 0.3, Sum: 3.2]
      [Update RS (ms): Min: 0.4, Avg: 0.7, Max: 1.6, Diff: 1.3, Sum: 13.4]
         [Processed Buffers: Min: 0, Avg: 1.7, Max: 2, Diff: 2, Sum: 30]
      [Scan RS (ms): Min: 0.0, Avg: 0.0, Max: 0.2, Diff: 0.2, Sum: 0.8]
      [Code Root Scanning (ms): Min: 0.0, Avg: 0.0, Max: 0.0, Diff: 0.0, Sum: 0.0]
      [Object Copy (ms): Min: 10.0, Avg: 10.9, Max: 11.2, Diff: 1.3, Sum: 195.4]
      [Termination (ms): Min: 0.0, Avg: 0.4, Max: 0.9, Diff: 0.9, Sum: 7.4]
         [Termination Attempts: Min: 1, Avg: 1.0, Max: 1, Diff: 0, Sum: 18]
      [GC Worker Other (ms): Min: 0.0, Avg: 0.0, Max: 0.0, Diff: 0.0, Sum: 0.3]
      [GC Worker Total (ms): Min: 12.0, Avg: 12.2, Max: 12.4, Diff: 0.4, Sum: 220.4]
      [GC Worker End (ms): Min: 972.1, Avg: 972.1, Max: 972.1, Diff: 0.0]
   [Code Root Fixup: 0.0 ms]
   [Code Root Purge: 0.0 ms]
   [Clear CT: 0.2 ms]
   [Other: 1.4 ms]
      [Choose CSet: 0.1 ms]
      [Ref Proc: 0.3 ms]
      [Ref Enq: 0.0 ms]
      [Redirty Cards: 0.3 ms]
      [Humongous Register: 0.1 ms]
      [Humongous Reclaim: 0.1 ms]
      [Free CSet: 0.4 ms]
   [Eden: 45.0M(45.0M)->0.0B(44.0M) Survivors: 6144.0K->7168.0K Heap: 732.1M(1024.0M)->596.9M(1024.0M)]
 [Times: user=0.18 sys=0.04, real=0.01 secs] 
0.993: [GC pause (G1 Evacuation Pause) (mixed), 0.0164181 secs]
   [Parallel Time: 14.6 ms, GC Workers: 18]
      [GC Worker Start (ms): Min: 993.2, Avg: 993.4, Max: 993.6, Diff: 0.4]
      [Ext Root Scanning (ms): Min: 0.0, Avg: 0.2, Max: 0.4, Diff: 0.4, Sum: 3.2]
      [Update RS (ms): Min: 0.6, Avg: 0.7, Max: 0.7, Diff: 0.1, Sum: 12.7]
         [Processed Buffers: Min: 1, Avg: 2.0, Max: 3, Diff: 2, Sum: 36]
      [Scan RS (ms): Min: 0.0, Avg: 0.1, Max: 0.1, Diff: 0.1, Sum: 0.9]
      [Code Root Scanning (ms): Min: 0.0, Avg: 0.0, Max: 0.0, Diff: 0.0, Sum: 0.0]
      [Object Copy (ms): Min: 12.5, Avg: 12.9, Max: 13.2, Diff: 0.7, Sum: 231.5]
      [Termination (ms): Min: 0.0, Avg: 0.3, Max: 0.6, Diff: 0.6, Sum: 5.5]
         [Termination Attempts: Min: 1, Avg: 1.0, Max: 1, Diff: 0, Sum: 18]
      [GC Worker Other (ms): Min: 0.0, Avg: 0.0, Max: 0.0, Diff: 0.0, Sum: 0.2]
      [GC Worker Total (ms): Min: 13.9, Avg: 14.1, Max: 14.3, Diff: 0.4, Sum: 254.1]
      [GC Worker End (ms): Min: 1007.5, Avg: 1007.5, Max: 1007.6, Diff: 0.0]
   [Code Root Fixup: 0.0 ms]
   [Code Root Purge: 0.0 ms]
   [Clear CT: 0.3 ms]
   [Other: 1.5 ms]
      [Choose CSet: 0.1 ms]
      [Ref Proc: 0.3 ms]
      [Ref Enq: 0.0 ms]
      [Redirty Cards: 0.3 ms]
      [Humongous Register: 0.2 ms]
      [Humongous Reclaim: 0.1 ms]
      [Free CSet: 0.4 ms]
   [Eden: 44.0M(44.0M)->0.0B(44.0M) Survivors: 7168.0K->7168.0K Heap: 657.5M(1024.0M)->529.2M(1024.0M)]
 [Times: user=0.21 sys=0.05, real=0.02 secs] 
1.027: [GC pause (G1 Evacuation Pause) (mixed), 0.0098177 secs]
   [Parallel Time: 8.6 ms, GC Workers: 18]
      [GC Worker Start (ms): Min: 1027.6, Avg: 1027.8, Max: 1028.0, Diff: 0.4]
      [Ext Root Scanning (ms): Min: 0.0, Avg: 0.2, Max: 0.4, Diff: 0.4, Sum: 2.7]
      [Update RS (ms): Min: 0.7, Avg: 0.8, Max: 0.9, Diff: 0.2, Sum: 14.1]
         [Processed Buffers: Min: 1, Avg: 2.3, Max: 3, Diff: 2, Sum: 41]
      [Scan RS (ms): Min: 0.0, Avg: 0.0, Max: 0.0, Diff: 0.0, Sum: 0.2]
      [Code Root Scanning (ms): Min: 0.0, Avg: 0.0, Max: 0.0, Diff: 0.0, Sum: 0.0]
      [Object Copy (ms): Min: 6.7, Avg: 7.0, Max: 7.2, Diff: 0.5, Sum: 125.8]
      [Termination (ms): Min: 0.0, Avg: 0.2, Max: 0.4, Diff: 0.4, Sum: 3.6]
         [Termination Attempts: Min: 1, Avg: 1.0, Max: 1, Diff: 0, Sum: 18]
      [GC Worker Other (ms): Min: 0.0, Avg: 0.0, Max: 0.0, Diff: 0.0, Sum: 0.3]
      [GC Worker Total (ms): Min: 8.0, Avg: 8.2, Max: 8.4, Diff: 0.4, Sum: 146.7]
      [GC Worker End (ms): Min: 1036.0, Avg: 1036.0, Max: 1036.0, Diff: 0.0]
   [Code Root Fixup: 0.0 ms]
   [Code Root Purge: 0.0 ms]
   [Clear CT: 0.2 ms]
   [Other: 1.0 ms]
      [Choose CSet: 0.0 ms]
      [Ref Proc: 0.2 ms]
      [Ref Enq: 0.0 ms]
      [Redirty Cards: 0.2 ms]
      [Humongous Register: 0.2 ms]
      [Humongous Reclaim: 0.1 ms]
      [Free CSet: 0.1 ms]
   [Eden: 44.0M(44.0M)->0.0B(295.0M) Survivors: 7168.0K->7168.0K Heap: 587.1M(1024.0M)->538.9M(1024.0M)]
 [Times: user=0.13 sys=0.02, real=0.01 secs] 
1.038: [GC pause (G1 Humongous Allocation) (young) (initial-mark), 0.0037168 secs]
   [Parallel Time: 2.6 ms, GC Workers: 18]
      [GC Worker Start (ms): Min: 1037.9, Avg: 1038.1, Max: 1038.2, Diff: 0.3]
      [Ext Root Scanning (ms): Min: 0.0, Avg: 0.2, Max: 0.4, Diff: 0.3, Sum: 3.6]
      [Update RS (ms): Min: 0.0, Avg: 0.3, Max: 1.3, Diff: 1.2, Sum: 4.7]
         [Processed Buffers: Min: 0, Avg: 0.8, Max: 2, Diff: 2, Sum: 14]
      [Scan RS (ms): Min: 0.0, Avg: 0.0, Max: 0.0, Diff: 0.0, Sum: 0.1]
      [Code Root Scanning (ms): Min: 0.0, Avg: 0.0, Max: 0.0, Diff: 0.0, Sum: 0.0]
      [Object Copy (ms): Min: 0.7, Avg: 1.5, Max: 2.0, Diff: 1.3, Sum: 26.2]
      [Termination (ms): Min: 0.0, Avg: 0.3, Max: 0.7, Diff: 0.7, Sum: 5.0]
         [Termination Attempts: Min: 1, Avg: 1.1, Max: 2, Diff: 1, Sum: 19]
      [GC Worker Other (ms): Min: 0.0, Avg: 0.0, Max: 0.0, Diff: 0.0, Sum: 0.3]
      [GC Worker Total (ms): Min: 2.1, Avg: 2.2, Max: 2.4, Diff: 0.3, Sum: 39.9]
      [GC Worker End (ms): Min: 1040.3, Avg: 1040.3, Max: 1040.3, Diff: 0.0]
   [Code Root Fixup: 0.0 ms]
   [Code Root Purge: 0.0 ms]
   [Clear CT: 0.2 ms]
   [Other: 0.9 ms]
      [Choose CSet: 0.0 ms]
      [Ref Proc: 0.3 ms]
      [Ref Enq: 0.0 ms]
      [Redirty Cards: 0.2 ms]
      [Humongous Register: 0.1 ms]
      [Humongous Reclaim: 0.0 ms]
      [Free CSet: 0.0 ms]
   [Eden: 1024.0K(295.0M)->0.0B(298.0M) Survivors: 7168.0K->7168.0K Heap: 539.5M(1024.0M)->538.7M(1024.0M)]
 [Times: user=0.04 sys=0.00, real=0.00 secs] 
1.041: [GC concurrent-root-region-scan-start]
1.042: [GC concurrent-root-region-scan-end, 0.0001543 secs]
1.042: [GC concurrent-mark-start]
1.044: [GC concurrent-mark-end, 0.0021211 secs]
1.044: [GC remark 1.044: [Finalize Marking, 0.0006284 secs] 1.045: [GC ref-proc, 0.0004488 secs] 1.045: [Unloading, 0.0010028 secs], 0.0031905 secs]
 [Times: user=0.03 sys=0.00, real=0.01 secs] 
1.047: [GC cleanup 545M->510M(1024M), 0.0017063 secs]
 [Times: user=0.01 sys=0.00, real=0.00 secs] 
1.049: [GC concurrent-cleanup-start]
1.049: [GC concurrent-cleanup-end, 0.0000873 secs]
1.178: [GC pause (G1 Evacuation Pause) (young) (to-space exhausted), 0.0240121 secs]
   [Parallel Time: 20.1 ms, GC Workers: 18]
      [GC Worker Start (ms): Min: 1179.1, Avg: 1179.3, Max: 1179.5, Diff: 0.4]
      [Ext Root Scanning (ms): Min: 0.0, Avg: 0.1, Max: 0.3, Diff: 0.3, Sum: 2.1]
      [Update RS (ms): Min: 0.9, Avg: 1.0, Max: 1.1, Diff: 0.2, Sum: 18.9]
         [Processed Buffers: Min: 2, Avg: 3.0, Max: 4, Diff: 2, Sum: 54]
      [Scan RS (ms): Min: 0.0, Avg: 0.1, Max: 0.4, Diff: 0.4, Sum: 1.6]
      [Code Root Scanning (ms): Min: 0.0, Avg: 0.0, Max: 0.0, Diff: 0.0, Sum: 0.0]
      [Object Copy (ms): Min: 17.9, Avg: 18.3, Max: 18.4, Diff: 0.5, Sum: 328.9]
      [Termination (ms): Min: 0.0, Avg: 0.1, Max: 0.1, Diff: 0.1, Sum: 1.1]
         [Termination Attempts: Min: 1, Avg: 1.0, Max: 1, Diff: 0, Sum: 18]
      [GC Worker Other (ms): Min: 0.0, Avg: 0.0, Max: 0.1, Diff: 0.0, Sum: 0.5]
      [GC Worker Total (ms): Min: 19.4, Avg: 19.6, Max: 19.8, Diff: 0.4, Sum: 353.2]
      [GC Worker End (ms): Min: 1198.9, Avg: 1198.9, Max: 1198.9, Diff: 0.0]
   [Code Root Fixup: 0.0 ms]
   [Code Root Purge: 0.0 ms]
   [Clear CT: 0.3 ms]
   [Other: 3.6 ms]
      [Evacuation Failure: 0.9 ms]
      [Choose CSet: 0.0 ms]
      [Ref Proc: 0.3 ms]
      [Ref Enq: 0.0 ms]
      [Redirty Cards: 0.2 ms]
      [Humongous Register: 1.3 ms]
      [Humongous Reclaim: 0.4 ms]
      [Free CSet: 0.3 ms]
   [Eden: 298.0M(298.0M)->0.0B(12.0M) Survivors: 7168.0K->39.0M Heap: 882.5M(1024.0M)->743.1M(1024.0M)]
 [Times: user=0.34 sys=0.01, real=0.02 secs] 
1.206: [GC pause (G1 Evacuation Pause) (mixed), 0.0192939 secs]
   [Parallel Time: 17.7 ms, GC Workers: 18]
      [GC Worker Start (ms): Min: 1206.7, Avg: 1206.8, Max: 1206.9, Diff: 0.3]
      [Ext Root Scanning (ms): Min: 0.1, Avg: 0.2, Max: 0.4, Diff: 0.3, Sum: 4.1]
      [Update RS (ms): Min: 0.3, Avg: 0.5, Max: 0.6, Diff: 0.3, Sum: 8.7]
         [Processed Buffers: Min: 1, Avg: 2.3, Max: 4, Diff: 3, Sum: 42]
      [Scan RS (ms): Min: 0.0, Avg: 0.0, Max: 0.2, Diff: 0.2, Sum: 0.7]
      [Code Root Scanning (ms): Min: 0.0, Avg: 0.0, Max: 0.0, Diff: 0.0, Sum: 0.0]
      [Object Copy (ms): Min: 15.4, Avg: 15.8, Max: 16.6, Diff: 1.2, Sum: 284.6]
      [Termination (ms): Min: 0.0, Avg: 0.7, Max: 1.1, Diff: 1.1, Sum: 13.1]
         [Termination Attempts: Min: 1, Avg: 1.0, Max: 1, Diff: 0, Sum: 18]
      [GC Worker Other (ms): Min: 0.0, Avg: 0.0, Max: 0.0, Diff: 0.0, Sum: 0.3]
      [GC Worker Total (ms): Min: 17.2, Avg: 17.3, Max: 17.4, Diff: 0.3, Sum: 311.4]
      [GC Worker End (ms): Min: 1224.1, Avg: 1224.1, Max: 1224.1, Diff: 0.0]
   [Code Root Fixup: 0.0 ms]
   [Code Root Purge: 0.0 ms]
   [Clear CT: 0.2 ms]
   [Other: 1.4 ms]
      [Choose CSet: 0.1 ms]
      [Ref Proc: 0.2 ms]
      [Ref Enq: 0.0 ms]
      [Redirty Cards: 0.3 ms]
      [Humongous Register: 0.2 ms]
      [Humongous Reclaim: 0.1 ms]
      [Free CSet: 0.4 ms]
   [Eden: 12.0M(12.0M)->0.0B(47.0M) Survivors: 39.0M->4096.0K Heap: 756.9M(1024.0M)->649.4M(1024.0M)]
 [Times: user=0.11 sys=0.20, real=0.02 secs] 
1.247: [GC pause (G1 Evacuation Pause) (mixed), 0.0163839 secs]
   [Parallel Time: 14.7 ms, GC Workers: 18]
      [GC Worker Start (ms): Min: 1247.6, Avg: 1247.8, Max: 1248.0, Diff: 0.3]
      [Ext Root Scanning (ms): Min: 0.0, Avg: 0.2, Max: 0.4, Diff: 0.3, Sum: 3.1]
      [Update RS (ms): Min: 0.8, Avg: 1.0, Max: 1.1, Diff: 0.3, Sum: 18.3]
         [Processed Buffers: Min: 0, Avg: 2.8, Max: 3, Diff: 3, Sum: 50]
      [Scan RS (ms): Min: 0.0, Avg: 0.1, Max: 0.5, Diff: 0.5, Sum: 1.3]
      [Code Root Scanning (ms): Min: 0.0, Avg: 0.0, Max: 0.0, Diff: 0.0, Sum: 0.0]
      [Object Copy (ms): Min: 12.1, Avg: 12.5, Max: 13.1, Diff: 1.0, Sum: 225.4]
      [Termination (ms): Min: 0.0, Avg: 0.5, Max: 0.7, Diff: 0.7, Sum: 9.5]
         [Termination Attempts: Min: 1, Avg: 1.0, Max: 1, Diff: 0, Sum: 18]
      [GC Worker Other (ms): Min: 0.0, Avg: 0.0, Max: 0.0, Diff: 0.0, Sum: 0.4]
      [GC Worker Total (ms): Min: 14.2, Avg: 14.3, Max: 14.5, Diff: 0.4, Sum: 258.0]
      [GC Worker End (ms): Min: 1262.1, Avg: 1262.1, Max: 1262.1, Diff: 0.0]
   [Code Root Fixup: 0.0 ms]
   [Code Root Purge: 0.0 ms]
   [Clear CT: 0.2 ms]
   [Other: 1.4 ms]
      [Choose CSet: 0.1 ms]
      [Ref Proc: 0.3 ms]
      [Ref Enq: 0.0 ms]
      [Redirty Cards: 0.2 ms]
      [Humongous Register: 0.2 ms]
      [Humongous Reclaim: 0.1 ms]
      [Free CSet: 0.4 ms]
   [Eden: 47.0M(47.0M)->0.0B(44.0M) Survivors: 4096.0K->7168.0K Heap: 706.5M(1024.0M)->587.9M(1024.0M)]
 [Times: user=0.22 sys=0.04, real=0.01 secs] 
1.283: [GC pause (G1 Evacuation Pause) (mixed), 0.0118605 secs]
   [Parallel Time: 10.4 ms, GC Workers: 18]
      [GC Worker Start (ms): Min: 1283.6, Avg: 1283.8, Max: 1283.9, Diff: 0.4]
      [Ext Root Scanning (ms): Min: 0.0, Avg: 0.1, Max: 0.3, Diff: 0.3, Sum: 2.0]
      [Update RS (ms): Min: 1.2, Avg: 1.4, Max: 1.6, Diff: 0.4, Sum: 25.1]
         [Processed Buffers: Min: 3, Avg: 3.9, Max: 5, Diff: 2, Sum: 70]
      [Scan RS (ms): Min: 0.0, Avg: 0.0, Max: 0.3, Diff: 0.3, Sum: 0.8]
      [Code Root Scanning (ms): Min: 0.0, Avg: 0.0, Max: 0.0, Diff: 0.0, Sum: 0.0]
      [Object Copy (ms): Min: 7.4, Avg: 7.8, Max: 8.6, Diff: 1.2, Sum: 141.2]
      [Termination (ms): Min: 0.0, Avg: 0.6, Max: 1.0, Diff: 1.0, Sum: 10.4]
         [Termination Attempts: Min: 1, Avg: 1.2, Max: 3, Diff: 2, Sum: 21]
      [GC Worker Other (ms): Min: 0.0, Avg: 0.0, Max: 0.0, Diff: 0.0, Sum: 0.3]
      [GC Worker Total (ms): Min: 9.8, Avg: 10.0, Max: 10.2, Diff: 0.4, Sum: 179.8]
      [GC Worker End (ms): Min: 1293.8, Avg: 1293.8, Max: 1293.8, Diff: 0.0]
   [Code Root Fixup: 0.0 ms]
   [Code Root Purge: 0.0 ms]
   [Clear CT: 0.2 ms]
   [Other: 1.2 ms]
      [Choose CSet: 0.0 ms]
      [Ref Proc: 0.3 ms]
      [Ref Enq: 0.0 ms]
      [Redirty Cards: 0.3 ms]
      [Humongous Register: 0.2 ms]
      [Humongous Reclaim: 0.1 ms]
      [Free CSet: 0.2 ms]
   [Eden: 44.0M(44.0M)->0.0B(230.0M) Survivors: 7168.0K->7168.0K Heap: 641.1M(1024.0M)->594.1M(1024.0M)]
 [Times: user=0.10 sys=0.08, real=0.02 secs] 
1.297: [GC pause (G1 Humongous Allocation) (young) (initial-mark), 0.0040901 secs]
   [Parallel Time: 2.8 ms, GC Workers: 18]
      [GC Worker Start (ms): Min: 1297.3, Avg: 1297.4, Max: 1297.6, Diff: 0.3]
      [Ext Root Scanning (ms): Min: 0.0, Avg: 0.2, Max: 0.4, Diff: 0.3, Sum: 3.5]
      [Update RS (ms): Min: 0.0, Avg: 0.4, Max: 1.6, Diff: 1.5, Sum: 6.8]
         [Processed Buffers: Min: 0, Avg: 0.9, Max: 3, Diff: 3, Sum: 17]
      [Scan RS (ms): Min: 0.0, Avg: 0.0, Max: 0.0, Diff: 0.0, Sum: 0.1]
      [Code Root Scanning (ms): Min: 0.0, Avg: 0.0, Max: 0.0, Diff: 0.0, Sum: 0.0]
      [Object Copy (ms): Min: 0.0, Avg: 1.5, Max: 2.2, Diff: 2.2, Sum: 27.0]
      [Termination (ms): Min: 0.0, Avg: 0.4, Max: 0.7, Diff: 0.7, Sum: 6.8]
         [Termination Attempts: Min: 1, Avg: 1.1, Max: 2, Diff: 1, Sum: 19]
      [GC Worker Other (ms): Min: 0.0, Avg: 0.0, Max: 0.0, Diff: 0.0, Sum: 0.3]
      [GC Worker Total (ms): Min: 2.3, Avg: 2.5, Max: 2.6, Diff: 0.3, Sum: 44.4]
      [GC Worker End (ms): Min: 1299.9, Avg: 1299.9, Max: 1299.9, Diff: 0.0]
   [Code Root Fixup: 0.0 ms]
   [Code Root Purge: 0.0 ms]
   [Clear CT: 0.3 ms]
   [Other: 1.0 ms]
      [Choose CSet: 0.0 ms]
      [Ref Proc: 0.3 ms]
      [Ref Enq: 0.0 ms]
      [Redirty Cards: 0.2 ms]
      [Humongous Register: 0.2 ms]
      [Humongous Reclaim: 0.0 ms]
      [Free CSet: 0.0 ms]
   [Eden: 5120.0K(230.0M)->0.0B(219.0M) Survivors: 7168.0K->8192.0K Heap: 598.6M(1024.0M)->594.2M(1024.0M)]
 [Times: user=0.05 sys=0.00, real=0.00 secs] 
1.301: [GC concurrent-root-region-scan-start]
1.301: [GC concurrent-root-region-scan-end, 0.0001413 secs]
1.301: [GC concurrent-mark-start]
1.304: [GC concurrent-mark-end, 0.0026382 secs]
1.304: [GC remark 1.304: [Finalize Marking, 0.0004294 secs] 1.305: [GC ref-proc, 0.0009719 secs] 1.306: [Unloading, 0.0013176 secs], 0.0038722 secs]
 [Times: user=0.03 sys=0.00, real=0.01 secs] 
1.308: [GC cleanup 602M->579M(1024M), 0.0018214 secs]
 [Times: user=0.02 sys=0.00, real=0.00 secs] 
1.310: [GC concurrent-cleanup-start]
1.310: [GC concurrent-cleanup-end, 0.0000579 secs]
1.400: [GC pause (G1 Evacuation Pause) (young), 0.0297932 secs]
   [Parallel Time: 27.9 ms, GC Workers: 18]
      [GC Worker Start (ms): Min: 1400.7, Avg: 1400.9, Max: 1401.1, Diff: 0.4]
      [Ext Root Scanning (ms): Min: 0.0, Avg: 0.1, Max: 0.3, Diff: 0.3, Sum: 1.9]
      [Update RS (ms): Min: 1.3, Avg: 1.5, Max: 1.6, Diff: 0.4, Sum: 27.5]
         [Processed Buffers: Min: 3, Avg: 4.1, Max: 5, Diff: 2, Sum: 73]
      [Scan RS (ms): Min: 0.0, Avg: 0.1, Max: 0.3, Diff: 0.2, Sum: 1.2]
      [Code Root Scanning (ms): Min: 0.0, Avg: 0.0, Max: 0.0, Diff: 0.0, Sum: 0.0]
      [Object Copy (ms): Min: 25.1, Avg: 25.4, Max: 25.7, Diff: 0.6, Sum: 457.1]
      [Termination (ms): Min: 0.0, Avg: 0.3, Max: 0.6, Diff: 0.6, Sum: 5.2]
         [Termination Attempts: Min: 1, Avg: 1.4, Max: 2, Diff: 1, Sum: 26]
      [GC Worker Other (ms): Min: 0.0, Avg: 0.0, Max: 0.1, Diff: 0.1, Sum: 0.6]
      [GC Worker Total (ms): Min: 27.2, Avg: 27.4, Max: 27.6, Diff: 0.4, Sum: 493.5]
      [GC Worker End (ms): Min: 1428.3, Avg: 1428.3, Max: 1428.4, Diff: 0.1]
   [Code Root Fixup: 0.0 ms]
   [Code Root Purge: 0.0 ms]
   [Clear CT: 0.2 ms]
   [Other: 1.7 ms]
      [Choose CSet: 0.0 ms]
      [Ref Proc: 0.3 ms]
      [Ref Enq: 0.0 ms]
      [Redirty Cards: 0.3 ms]
      [Humongous Register: 0.2 ms]
      [Humongous Reclaim: 0.3 ms]
      [Free CSet: 0.5 ms]
   [Eden: 219.0M(219.0M)->0.0B(22.0M) Survivors: 8192.0K->29.0M Heap: 854.8M(1024.0M)->651.6M(1024.0M)]
 [Times: user=0.48 sys=0.01, real=0.03 secs] 
1.441: [GC pause (G1 Evacuation Pause) (mixed), 0.0170463 secs]
   [Parallel Time: 15.3 ms, GC Workers: 18]
      [GC Worker Start (ms): Min: 1441.7, Avg: 1441.9, Max: 1442.2, Diff: 0.5]
      [Ext Root Scanning (ms): Min: 0.0, Avg: 0.3, Max: 0.5, Diff: 0.5, Sum: 5.5]
      [Update RS (ms): Min: 1.4, Avg: 1.6, Max: 1.8, Diff: 0.3, Sum: 28.7]
         [Processed Buffers: Min: 2, Avg: 3.4, Max: 5, Diff: 3, Sum: 62]
      [Scan RS (ms): Min: 0.0, Avg: 0.0, Max: 0.1, Diff: 0.1, Sum: 0.8]
      [Code Root Scanning (ms): Min: 0.0, Avg: 0.0, Max: 0.0, Diff: 0.0, Sum: 0.0]
      [Object Copy (ms): Min: 11.9, Avg: 12.4, Max: 12.9, Diff: 1.1, Sum: 224.0]
      [Termination (ms): Min: 0.0, Avg: 0.4, Max: 0.9, Diff: 0.9, Sum: 7.5]
         [Termination Attempts: Min: 1, Avg: 1.1, Max: 2, Diff: 1, Sum: 20]
      [GC Worker Other (ms): Min: 0.0, Avg: 0.0, Max: 0.0, Diff: 0.0, Sum: 0.4]
      [GC Worker Total (ms): Min: 14.5, Avg: 14.8, Max: 15.1, Diff: 0.5, Sum: 266.9]
      [GC Worker End (ms): Min: 1456.7, Avg: 1456.7, Max: 1456.7, Diff: 0.0]
   [Code Root Fixup: 0.0 ms]
   [Code Root Purge: 0.0 ms]
   [Clear CT: 0.2 ms]
   [Other: 1.5 ms]
      [Choose CSet: 0.1 ms]
      [Ref Proc: 0.2 ms]
      [Ref Enq: 0.0 ms]
      [Redirty Cards: 0.3 ms]
      [Humongous Register: 0.2 ms]
      [Humongous Reclaim: 0.1 ms]
      [Free CSet: 0.4 ms]
   [Eden: 22.0M(22.0M)->0.0B(44.0M) Survivors: 29.0M->7168.0K Heap: 683.4M(1024.0M)->564.3M(1024.0M)]
 [Times: user=0.19 sys=0.07, real=0.02 secs] 
1.478: [GC pause (G1 Evacuation Pause) (mixed), 0.0184468 secs]
   [Parallel Time: 16.6 ms, GC Workers: 18]
      [GC Worker Start (ms): Min: 1478.4, Avg: 1478.6, Max: 1478.8, Diff: 0.4]
      [Ext Root Scanning (ms): Min: 0.0, Avg: 0.2, Max: 0.4, Diff: 0.4, Sum: 2.7]
      [Update RS (ms): Min: 1.2, Avg: 1.4, Max: 1.5, Diff: 0.3, Sum: 24.5]
         [Processed Buffers: Min: 4, Avg: 4.0, Max: 4, Diff: 0, Sum: 72]
      [Scan RS (ms): Min: 0.0, Avg: 0.0, Max: 0.1, Diff: 0.1, Sum: 0.7]
      [Code Root Scanning (ms): Min: 0.0, Avg: 0.0, Max: 0.0, Diff: 0.0, Sum: 0.0]
      [Object Copy (ms): Min: 13.9, Avg: 14.3, Max: 14.6, Diff: 0.8, Sum: 257.2]
      [Termination (ms): Min: 0.0, Avg: 0.3, Max: 0.6, Diff: 0.6, Sum: 5.0]
         [Termination Attempts: Min: 1, Avg: 1.1, Max: 3, Diff: 2, Sum: 20]
      [GC Worker Other (ms): Min: 0.0, Avg: 0.0, Max: 0.0, Diff: 0.0, Sum: 0.3]
      [GC Worker Total (ms): Min: 16.0, Avg: 16.1, Max: 16.4, Diff: 0.4, Sum: 290.4]
      [GC Worker End (ms): Min: 1494.7, Avg: 1494.8, Max: 1494.8, Diff: 0.0]
   [Code Root Fixup: 0.0 ms]
   [Code Root Purge: 0.0 ms]
   [Clear CT: 0.3 ms]
   [Other: 1.6 ms]
      [Choose CSet: 0.1 ms]
      [Ref Proc: 0.3 ms]
      [Ref Enq: 0.0 ms]
      [Redirty Cards: 0.2 ms]
      [Humongous Register: 0.3 ms]
      [Humongous Reclaim: 0.1 ms]
      [Free CSet: 0.5 ms]
   [Eden: 44.0M(44.0M)->0.0B(44.0M) Survivors: 7168.0K->7168.0K Heap: 620.9M(1024.0M)->494.0M(1024.0M)]
 [Times: user=0.23 sys=0.07, real=0.02 secs] 
1.516: [GC pause (G1 Evacuation Pause) (mixed), 0.0194129 secs]
   [Parallel Time: 17.6 ms, GC Workers: 18]
      [GC Worker Start (ms): Min: 1516.7, Avg: 1517.0, Max: 1517.2, Diff: 0.4]
      [Ext Root Scanning (ms): Min: 0.0, Avg: 0.2, Max: 0.4, Diff: 0.4, Sum: 2.9]
      [Update RS (ms): Min: 1.4, Avg: 1.7, Max: 1.8, Diff: 0.4, Sum: 29.9]
         [Processed Buffers: Min: 3, Avg: 4.9, Max: 5, Diff: 2, Sum: 88]
      [Scan RS (ms): Min: 0.0, Avg: 0.0, Max: 0.3, Diff: 0.3, Sum: 0.8]
      [Code Root Scanning (ms): Min: 0.0, Avg: 0.0, Max: 0.0, Diff: 0.0, Sum: 0.0]
      [Object Copy (ms): Min: 13.6, Avg: 14.3, Max: 15.2, Diff: 1.7, Sum: 258.0]
      [Termination (ms): Min: 0.0, Avg: 0.9, Max: 1.6, Diff: 1.6, Sum: 16.4]
         [Termination Attempts: Min: 1, Avg: 1.1, Max: 2, Diff: 1, Sum: 19]
      [GC Worker Other (ms): Min: 0.0, Avg: 0.0, Max: 0.0, Diff: 0.0, Sum: 0.3]
      [GC Worker Total (ms): Min: 16.9, Avg: 17.1, Max: 17.4, Diff: 0.4, Sum: 308.4]
      [GC Worker End (ms): Min: 1534.1, Avg: 1534.1, Max: 1534.1, Diff: 0.0]
   [Code Root Fixup: 0.0 ms]
   [Code Root Purge: 0.0 ms]
   [Clear CT: 0.2 ms]
   [Other: 1.6 ms]
      [Choose CSet: 0.1 ms]
      [Ref Proc: 0.4 ms]
      [Ref Enq: 0.0 ms]
      [Redirty Cards: 0.3 ms]
      [Humongous Register: 0.2 ms]
      [Humongous Reclaim: 0.1 ms]
      [Free CSet: 0.3 ms]
   [Eden: 44.0M(44.0M)->0.0B(305.0M) Survivors: 7168.0K->7168.0K Heap: 551.5M(1024.0M)->475.0M(1024.0M)]
 [Times: user=0.18 sys=0.13, real=0.02 secs] 
1.536: [GC pause (G1 Humongous Allocation) (young) (initial-mark), 0.0041626 secs]
   [Parallel Time: 2.9 ms, GC Workers: 18]
      [GC Worker Start (ms): Min: 1536.6, Avg: 1536.8, Max: 1536.9, Diff: 0.3]
      [Ext Root Scanning (ms): Min: 0.1, Avg: 0.2, Max: 0.4, Diff: 0.3, Sum: 3.8]
      [Update RS (ms): Min: 0.0, Avg: 0.4, Max: 1.2, Diff: 1.2, Sum: 6.7]
         [Processed Buffers: Min: 0, Avg: 1.0, Max: 2, Diff: 2, Sum: 18]
      [Scan RS (ms): Min: 0.0, Avg: 0.0, Max: 0.0, Diff: 0.0, Sum: 0.1]
      [Code Root Scanning (ms): Min: 0.0, Avg: 0.0, Max: 0.0, Diff: 0.0, Sum: 0.0]
      [Object Copy (ms): Min: 0.6, Avg: 1.7, Max: 2.2, Diff: 1.6, Sum: 29.8]
      [Termination (ms): Min: 0.0, Avg: 0.2, Max: 0.6, Diff: 0.6, Sum: 4.5]
         [Termination Attempts: Min: 1, Avg: 1.4, Max: 3, Diff: 2, Sum: 25]
      [GC Worker Other (ms): Min: 0.0, Avg: 0.0, Max: 0.0, Diff: 0.0, Sum: 0.3]
      [GC Worker Total (ms): Min: 2.4, Avg: 2.5, Max: 2.7, Diff: 0.3, Sum: 45.1]
      [GC Worker End (ms): Min: 1539.3, Avg: 1539.3, Max: 1539.3, Diff: 0.0]
   [Code Root Fixup: 0.0 ms]
   [Code Root Purge: 0.0 ms]
   [Clear CT: 0.3 ms]
   [Other: 1.0 ms]
      [Choose CSet: 0.0 ms]
      [Ref Proc: 0.3 ms]
      [Ref Enq: 0.0 ms]
      [Redirty Cards: 0.2 ms]
      [Humongous Register: 0.2 ms]
      [Humongous Reclaim: 0.0 ms]
      [Free CSet: 0.0 ms]
   [Eden: 1024.0K(305.0M)->0.0B(313.0M) Survivors: 7168.0K->8192.0K Heap: 475.6M(1024.0M)->475.1M(1024.0M)]
 [Times: user=0.04 sys=0.00, real=0.00 secs] 
1.541: [GC concurrent-root-region-scan-start]
1.541: [GC concurrent-root-region-scan-end, 0.0002091 secs]
1.541: [GC concurrent-mark-start]
1.543: [GC concurrent-mark-end, 0.0019731 secs]
1.543: [GC remark 1.543: [Finalize Marking, 0.0003099 secs] 1.543: [GC ref-proc, 0.0004115 secs] 1.544: [Unloading, 0.0009798 secs], 0.0027074 secs]
 [Times: user=0.03 sys=0.00, real=0.01 secs] 
1.546: [GC cleanup 479M->472M(1024M), 0.0015903 secs]
 [Times: user=0.01 sys=0.00, real=0.00 secs] 
1.547: [GC concurrent-cleanup-start]
1.547: [GC concurrent-cleanup-end, 0.0000292 secs]
1.674: [GC pause (G1 Evacuation Pause) (young) (to-space exhausted), 0.0183238 secs]
   [Parallel Time: 15.2 ms, GC Workers: 18]
      [GC Worker Start (ms): Min: 1674.0, Avg: 1674.2, Max: 1674.4, Diff: 0.3]
      [Ext Root Scanning (ms): Min: 0.0, Avg: 0.2, Max: 0.3, Diff: 0.3, Sum: 3.6]
      [Update RS (ms): Min: 1.8, Avg: 1.9, Max: 2.1, Diff: 0.3, Sum: 33.7]
         [Processed Buffers: Min: 4, Avg: 5.6, Max: 7, Diff: 3, Sum: 100]
      [Scan RS (ms): Min: 0.0, Avg: 0.2, Max: 0.9, Diff: 0.8, Sum: 2.9]
      [Code Root Scanning (ms): Min: 0.0, Avg: 0.0, Max: 0.0, Diff: 0.0, Sum: 0.0]
      [Object Copy (ms): Min: 11.7, Avg: 12.6, Max: 12.7, Diff: 1.0, Sum: 226.5]
      [Termination (ms): Min: 0.0, Avg: 0.0, Max: 0.1, Diff: 0.1, Sum: 0.7]
         [Termination Attempts: Min: 1, Avg: 2.9, Max: 4, Diff: 3, Sum: 53]
      [GC Worker Other (ms): Min: 0.0, Avg: 0.0, Max: 0.1, Diff: 0.1, Sum: 0.7]
      [GC Worker Total (ms): Min: 14.7, Avg: 14.9, Max: 15.1, Diff: 0.3, Sum: 268.2]
      [GC Worker End (ms): Min: 1689.1, Avg: 1689.1, Max: 1689.1, Diff: 0.1]
   [Code Root Fixup: 0.0 ms]
   [Code Root Purge: 0.0 ms]
   [Clear CT: 0.4 ms]
   [Other: 2.7 ms]
      [Evacuation Failure: 1.1 ms]
      [Choose CSet: 0.0 ms]
      [Ref Proc: 0.2 ms]
      [Ref Enq: 0.0 ms]
      [Redirty Cards: 0.2 ms]
      [Humongous Register: 0.3 ms]
      [Humongous Reclaim: 0.5 ms]
      [Free CSet: 0.3 ms]
   [Eden: 313.0M(313.0M)->0.0B(19.0M) Survivors: 8192.0K->32.0M Heap: 871.3M(1024.0M)->728.9M(1024.0M)]
 [Times: user=0.26 sys=0.01, real=0.02 secs] 
1.698: [GC pause (G1 Evacuation Pause) (mixed), 0.0227046 secs]
   [Parallel Time: 21.0 ms, GC Workers: 18]
      [GC Worker Start (ms): Min: 1698.5, Avg: 1698.6, Max: 1698.8, Diff: 0.3]
      [Ext Root Scanning (ms): Min: 0.1, Avg: 0.2, Max: 0.3, Diff: 0.3, Sum: 3.8]
      [Update RS (ms): Min: 0.1, Avg: 0.4, Max: 0.6, Diff: 0.5, Sum: 6.7]
         [Processed Buffers: Min: 1, Avg: 1.6, Max: 3, Diff: 2, Sum: 28]
      [Scan RS (ms): Min: 0.0, Avg: 0.1, Max: 0.2, Diff: 0.2, Sum: 1.3]
      [Code Root Scanning (ms): Min: 0.0, Avg: 0.0, Max: 0.0, Diff: 0.0, Sum: 0.0]
      [Object Copy (ms): Min: 18.8, Avg: 19.1, Max: 20.2, Diff: 1.3, Sum: 344.3]
      [Termination (ms): Min: 0.0, Avg: 0.9, Max: 1.1, Diff: 1.1, Sum: 15.9]
         [Termination Attempts: Min: 1, Avg: 1.1, Max: 2, Diff: 1, Sum: 20]
      [GC Worker Other (ms): Min: 0.0, Avg: 0.0, Max: 0.0, Diff: 0.0, Sum: 0.3]
      [GC Worker Total (ms): Min: 20.6, Avg: 20.7, Max: 20.8, Diff: 0.3, Sum: 372.4]
      [GC Worker End (ms): Min: 1719.3, Avg: 1719.3, Max: 1719.4, Diff: 0.0]
   [Code Root Fixup: 0.0 ms]
   [Code Root Purge: 0.0 ms]
   [Clear CT: 0.3 ms]
   [Other: 1.4 ms]
      [Choose CSet: 0.1 ms]
      [Ref Proc: 0.3 ms]
      [Ref Enq: 0.0 ms]
      [Redirty Cards: 0.2 ms]
      [Humongous Register: 0.2 ms]
      [Humongous Reclaim: 0.1 ms]
      [Free CSet: 0.4 ms]
   [Eden: 19.0M(19.0M)->0.0B(159.0M) Survivors: 32.0M->6144.0K Heap: 749.1M(1024.0M)->654.8M(1024.0M)]
 [Times: user=0.19 sys=0.17, real=0.02 secs] 
1.723: [GC pause (G1 Humongous Allocation) (young) (initial-mark), 0.0041009 secs]
   [Parallel Time: 2.9 ms, GC Workers: 18]
      [GC Worker Start (ms): Min: 1723.0, Avg: 1723.2, Max: 1723.3, Diff: 0.3]
      [Ext Root Scanning (ms): Min: 0.1, Avg: 0.2, Max: 0.3, Diff: 0.3, Sum: 3.2]
      [Update RS (ms): Min: 0.0, Avg: 0.5, Max: 1.5, Diff: 1.5, Sum: 9.1]
         [Processed Buffers: Min: 0, Avg: 1.1, Max: 2, Diff: 2, Sum: 19]
      [Scan RS (ms): Min: 0.0, Avg: 0.0, Max: 0.0, Diff: 0.0, Sum: 0.1]
      [Code Root Scanning (ms): Min: 0.0, Avg: 0.0, Max: 0.0, Diff: 0.0, Sum: 0.0]
      [Object Copy (ms): Min: 0.2, Avg: 1.5, Max: 2.2, Diff: 1.9, Sum: 26.9]
      [Termination (ms): Min: 0.0, Avg: 0.3, Max: 0.5, Diff: 0.5, Sum: 4.6]
         [Termination Attempts: Min: 1, Avg: 1.0, Max: 1, Diff: 0, Sum: 18]
      [GC Worker Other (ms): Min: 0.0, Avg: 0.0, Max: 0.0, Diff: 0.0, Sum: 0.3]
      [GC Worker Total (ms): Min: 2.3, Avg: 2.5, Max: 2.6, Diff: 0.3, Sum: 44.3]
      [GC Worker End (ms): Min: 1725.6, Avg: 1725.6, Max: 1725.6, Diff: 0.0]
   [Code Root Fixup: 0.0 ms]
   [Code Root Purge: 0.0 ms]
   [Clear CT: 0.2 ms]
   [Other: 1.0 ms]
      [Choose CSet: 0.0 ms]
      [Ref Proc: 0.3 ms]
      [Ref Enq: 0.0 ms]
      [Redirty Cards: 0.2 ms]
      [Humongous Register: 0.2 ms]
      [Humongous Reclaim: 0.0 ms]
      [Free CSet: 0.0 ms]
   [Eden: 5120.0K(159.0M)->0.0B(152.0M) Survivors: 6144.0K->8192.0K Heap: 659.6M(1024.0M)->655.2M(1024.0M)]
 [Times: user=0.05 sys=0.01, real=0.01 secs] 
1.727: [GC concurrent-root-region-scan-start]
1.727: [GC concurrent-root-region-scan-end, 0.0001627 secs]
1.727: [GC concurrent-mark-start]
1.729: [GC concurrent-mark-end, 0.0023177 secs]
1.730: [GC remark 1.730: [Finalize Marking, 0.0005776 secs] 1.730: [GC ref-proc, 0.0004076 secs] 1.731: [Unloading, 0.0010272 secs], 0.0032496 secs]
 [Times: user=0.03 sys=0.00, real=0.00 secs] 
1.733: [GC cleanup 661M->656M(1024M), 0.0017078 secs]
 [Times: user=0.01 sys=0.00, real=0.01 secs] 
1.735: [GC concurrent-cleanup-start]
1.735: [GC concurrent-cleanup-end, 0.0000302 secs]
1.799: [GC pause (G1 Evacuation Pause) (young), 0.0248404 secs]
   [Parallel Time: 22.7 ms, GC Workers: 18]
      [GC Worker Start (ms): Min: 1799.4, Avg: 1799.6, Max: 1799.8, Diff: 0.4]
      [Ext Root Scanning (ms): Min: 0.0, Avg: 0.1, Max: 0.3, Diff: 0.3, Sum: 2.5]
      [Update RS (ms): Min: 1.6, Avg: 1.8, Max: 1.9, Diff: 0.3, Sum: 31.6]
         [Processed Buffers: Min: 4, Avg: 5.1, Max: 7, Diff: 3, Sum: 92]
      [Scan RS (ms): Min: 0.0, Avg: 0.0, Max: 0.1, Diff: 0.1, Sum: 0.6]
      [Code Root Scanning (ms): Min: 0.0, Avg: 0.0, Max: 0.0, Diff: 0.0, Sum: 0.0]
      [Object Copy (ms): Min: 19.0, Avg: 19.6, Max: 20.2, Diff: 1.2, Sum: 352.3]
      [Termination (ms): Min: 0.0, Avg: 0.7, Max: 1.3, Diff: 1.3, Sum: 13.0]
         [Termination Attempts: Min: 1, Avg: 1.0, Max: 1, Diff: 0, Sum: 18]
      [GC Worker Other (ms): Min: 0.0, Avg: 0.0, Max: 0.1, Diff: 0.1, Sum: 0.5]
      [GC Worker Total (ms): Min: 22.1, Avg: 22.3, Max: 22.5, Diff: 0.4, Sum: 400.6]
      [GC Worker End (ms): Min: 1821.9, Avg: 1821.9, Max: 1821.9, Diff: 0.0]
   [Code Root Fixup: 0.0 ms]
   [Code Root Purge: 0.0 ms]
   [Clear CT: 0.2 ms]
   [Other: 1.9 ms]
      [Choose CSet: 0.0 ms]
      [Ref Proc: 0.3 ms]
      [Ref Enq: 0.0 ms]
      [Redirty Cards: 0.2 ms]
      [Humongous Register: 0.6 ms]
      [Humongous Reclaim: 0.3 ms]
      [Free CSet: 0.4 ms]
   [Eden: 152.0M(152.0M)->0.0B(31.0M) Survivors: 8192.0K->20.0M Heap: 831.8M(1024.0M)->695.8M(1024.0M)]
 [Times: user=0.23 sys=0.18, real=0.02 secs] 
1.836: [GC pause (G1 Evacuation Pause) (mixed), 0.0194023 secs]
   [Parallel Time: 17.5 ms, GC Workers: 18]
      [GC Worker Start (ms): Min: 1836.3, Avg: 1836.6, Max: 1836.9, Diff: 0.6]
      [Ext Root Scanning (ms): Min: 0.0, Avg: 0.1, Max: 0.4, Diff: 0.4, Sum: 2.3]
      [Update RS (ms): Min: 1.6, Avg: 1.8, Max: 1.9, Diff: 0.3, Sum: 31.7]
         [Processed Buffers: Min: 4, Avg: 5.6, Max: 7, Diff: 3, Sum: 100]
      [Scan RS (ms): Min: 0.0, Avg: 0.0, Max: 0.1, Diff: 0.1, Sum: 0.6]
      [Code Root Scanning (ms): Min: 0.0, Avg: 0.0, Max: 0.0, Diff: 0.0, Sum: 0.0]
      [Object Copy (ms): Min: 13.2, Avg: 13.8, Max: 15.0, Diff: 1.7, Sum: 248.2]
      [Termination (ms): Min: 0.0, Avg: 1.1, Max: 1.7, Diff: 1.7, Sum: 20.6]
         [Termination Attempts: Min: 1, Avg: 1.1, Max: 2, Diff: 1, Sum: 20]
      [GC Worker Other (ms): Min: 0.0, Avg: 0.0, Max: 0.0, Diff: 0.0, Sum: 0.4]
      [GC Worker Total (ms): Min: 16.6, Avg: 16.9, Max: 17.2, Diff: 0.6, Sum: 303.9]
      [GC Worker End (ms): Min: 1853.5, Avg: 1853.5, Max: 1853.5, Diff: 0.0]
   [Code Root Fixup: 0.0 ms]
   [Code Root Purge: 0.0 ms]
   [Clear CT: 0.2 ms]
   [Other: 1.7 ms]
      [Choose CSet: 0.1 ms]
      [Ref Proc: 0.3 ms]
      [Ref Enq: 0.0 ms]
      [Redirty Cards: 0.3 ms]
      [Humongous Register: 0.3 ms]
      [Humongous Reclaim: 0.1 ms]
      [Free CSet: 0.4 ms]
   [Eden: 31.0M(31.0M)->0.0B(44.0M) Survivors: 20.0M->7168.0K Heap: 737.2M(1024.0M)->612.3M(1024.0M)]
 [Times: user=0.15 sys=0.15, real=0.02 secs] 
1.873: [GC pause (G1 Evacuation Pause) (mixed), 0.0195380 secs]
   [Parallel Time: 17.7 ms, GC Workers: 18]
      [GC Worker Start (ms): Min: 1873.0, Avg: 1873.2, Max: 1873.4, Diff: 0.4]
      [Ext Root Scanning (ms): Min: 0.0, Avg: 0.2, Max: 0.4, Diff: 0.4, Sum: 2.9]
      [Update RS (ms): Min: 1.0, Avg: 1.1, Max: 1.2, Diff: 0.2, Sum: 20.6]
         [Processed Buffers: Min: 3, Avg: 4.1, Max: 5, Diff: 2, Sum: 73]
      [Scan RS (ms): Min: 0.0, Avg: 0.1, Max: 0.2, Diff: 0.2, Sum: 1.0]
      [Code Root Scanning (ms): Min: 0.0, Avg: 0.0, Max: 0.0, Diff: 0.0, Sum: 0.0]
      [Object Copy (ms): Min: 14.5, Avg: 15.0, Max: 15.8, Diff: 1.3, Sum: 269.7]
      [Termination (ms): Min: 0.0, Avg: 0.8, Max: 1.3, Diff: 1.3, Sum: 15.0]
         [Termination Attempts: Min: 1, Avg: 1.1, Max: 2, Diff: 1, Sum: 20]
      [GC Worker Other (ms): Min: 0.0, Avg: 0.0, Max: 0.0, Diff: 0.0, Sum: 0.3]
      [GC Worker Total (ms): Min: 17.0, Avg: 17.2, Max: 17.4, Diff: 0.4, Sum: 309.5]
      [GC Worker End (ms): Min: 1890.4, Avg: 1890.4, Max: 1890.4, Diff: 0.0]
   [Code Root Fixup: 0.0 ms]
   [Code Root Purge: 0.0 ms]
   [Clear CT: 0.2 ms]
   [Other: 1.6 ms]
      [Choose CSet: 0.1 ms]
      [Ref Proc: 0.3 ms]
      [Ref Enq: 0.0 ms]
      [Redirty Cards: 0.3 ms]
      [Humongous Register: 0.2 ms]
      [Humongous Reclaim: 0.1 ms]
      [Free CSet: 0.4 ms]
   [Eden: 44.0M(44.0M)->0.0B(44.0M) Survivors: 7168.0K->7168.0K Heap: 662.9M(1024.0M)->540.5M(1024.0M)]
 [Times: user=0.11 sys=0.20, real=0.02 secs] 
1.913: [GC pause (G1 Evacuation Pause) (mixed), 0.0249811 secs]
   [Parallel Time: 23.2 ms, GC Workers: 18]
      [GC Worker Start (ms): Min: 1913.1, Avg: 1913.3, Max: 1913.5, Diff: 0.3]
      [Ext Root Scanning (ms): Min: 0.0, Avg: 0.2, Max: 0.4, Diff: 0.3, Sum: 3.4]
      [Update RS (ms): Min: 2.2, Avg: 2.3, Max: 2.4, Diff: 0.2, Sum: 41.1]
         [Processed Buffers: Min: 4, Avg: 6.6, Max: 8, Diff: 4, Sum: 118]
      [Scan RS (ms): Min: 0.0, Avg: 0.1, Max: 0.2, Diff: 0.2, Sum: 1.3]
      [Code Root Scanning (ms): Min: 0.0, Avg: 0.0, Max: 0.0, Diff: 0.0, Sum: 0.0]
      [Object Copy (ms): Min: 19.1, Avg: 19.5, Max: 20.2, Diff: 1.0, Sum: 351.3]
      [Termination (ms): Min: 0.0, Avg: 0.7, Max: 1.0, Diff: 1.0, Sum: 12.1]
         [Termination Attempts: Min: 1, Avg: 1.2, Max: 2, Diff: 1, Sum: 21]
      [GC Worker Other (ms): Min: 0.0, Avg: 0.0, Max: 0.0, Diff: 0.0, Sum: 0.3]
      [GC Worker Total (ms): Min: 22.6, Avg: 22.7, Max: 22.9, Diff: 0.3, Sum: 409.5]
      [GC Worker End (ms): Min: 1936.1, Avg: 1936.1, Max: 1936.1, Diff: 0.0]
   [Code Root Fixup: 0.0 ms]
   [Code Root Purge: 0.0 ms]
   [Clear CT: 0.3 ms]
   [Other: 1.5 ms]
      [Choose CSet: 0.1 ms]
      [Ref Proc: 0.3 ms]
      [Ref Enq: 0.0 ms]
      [Redirty Cards: 0.2 ms]
      [Humongous Register: 0.2 ms]
      [Humongous Reclaim: 0.1 ms]
      [Free CSet: 0.4 ms]
   [Eden: 44.0M(44.0M)->0.0B(44.0M) Survivors: 7168.0K->7168.0K Heap: 603.2M(1024.0M)->499.3M(1024.0M)]
 [Times: user=0.18 sys=0.24, real=0.03 secs] 
1.957: [GC pause (G1 Evacuation Pause) (mixed), 0.0135361 secs]
   [Parallel Time: 12.0 ms, GC Workers: 18]
      [GC Worker Start (ms): Min: 1957.2, Avg: 1957.4, Max: 1957.6, Diff: 0.4]
      [Ext Root Scanning (ms): Min: 0.0, Avg: 0.2, Max: 0.4, Diff: 0.4, Sum: 3.1]
      [Update RS (ms): Min: 2.3, Avg: 2.6, Max: 2.8, Diff: 0.5, Sum: 46.4]
         [Processed Buffers: Min: 7, Avg: 7.6, Max: 8, Diff: 1, Sum: 136]
      [Scan RS (ms): Min: 0.0, Avg: 0.0, Max: 0.1, Diff: 0.1, Sum: 0.4]
      [Code Root Scanning (ms): Min: 0.0, Avg: 0.0, Max: 0.0, Diff: 0.0, Sum: 0.0]
      [Object Copy (ms): Min: 6.9, Avg: 7.5, Max: 9.0, Diff: 2.1, Sum: 135.1]
      [Termination (ms): Min: 0.0, Avg: 1.3, Max: 1.8, Diff: 1.8, Sum: 22.6]
         [Termination Attempts: Min: 1, Avg: 1.0, Max: 1, Diff: 0, Sum: 18]
      [GC Worker Other (ms): Min: 0.0, Avg: 0.0, Max: 0.1, Diff: 0.1, Sum: 0.4]
      [GC Worker Total (ms): Min: 11.4, Avg: 11.6, Max: 11.8, Diff: 0.4, Sum: 208.2]
      [GC Worker End (ms): Min: 1969.0, Avg: 1969.0, Max: 1969.0, Diff: 0.0]
   [Code Root Fixup: 0.0 ms]
   [Code Root Purge: 0.0 ms]
   [Clear CT: 0.2 ms]
   [Other: 1.3 ms]
      [Choose CSet: 0.0 ms]
      [Ref Proc: 0.3 ms]
      [Ref Enq: 0.0 ms]
      [Redirty Cards: 0.3 ms]
      [Humongous Register: 0.2 ms]
      [Humongous Reclaim: 0.1 ms]
      [Free CSet: 0.1 ms]
   [Eden: 44.0M(44.0M)->0.0B(270.0M) Survivors: 7168.0K->7168.0K Heap: 557.9M(1024.0M)->512.8M(1024.0M)]
 [Times: user=0.14 sys=0.06, real=0.01 secs] 
1.971: [GC pause (G1 Humongous Allocation) (young) (initial-mark), 0.0043089 secs]
   [Parallel Time: 3.1 ms, GC Workers: 18]
      [GC Worker Start (ms): Min: 1971.5, Avg: 1971.8, Max: 1971.9, Diff: 0.4]
      [Ext Root Scanning (ms): Min: 0.0, Avg: 0.3, Max: 0.5, Diff: 0.5, Sum: 4.5]
      [Update RS (ms): Min: 0.0, Avg: 0.2, Max: 1.8, Diff: 1.8, Sum: 3.4]
         [Processed Buffers: Min: 0, Avg: 0.8, Max: 2, Diff: 2, Sum: 14]
      [Scan RS (ms): Min: 0.0, Avg: 0.0, Max: 0.0, Diff: 0.0, Sum: 0.1]
      [Code Root Scanning (ms): Min: 0.0, Avg: 0.0, Max: 0.0, Diff: 0.0, Sum: 0.0]
      [Object Copy (ms): Min: 0.0, Avg: 1.8, Max: 2.3, Diff: 2.3, Sum: 32.8]
      [Termination (ms): Min: 0.0, Avg: 0.4, Max: 0.6, Diff: 0.6, Sum: 6.4]
         [Termination Attempts: Min: 1, Avg: 1.1, Max: 2, Diff: 1, Sum: 20]
      [GC Worker Other (ms): Min: 0.0, Avg: 0.0, Max: 0.0, Diff: 0.0, Sum: 0.2]
      [GC Worker Total (ms): Min: 2.5, Avg: 2.6, Max: 2.9, Diff: 0.4, Sum: 47.4]
      [GC Worker End (ms): Min: 1974.4, Avg: 1974.4, Max: 1974.4, Diff: 0.0]
   [Code Root Fixup: 0.0 ms]
   [Code Root Purge: 0.0 ms]
   [Clear CT: 0.2 ms]
   [Other: 1.1 ms]
      [Choose CSet: 0.0 ms]
      [Ref Proc: 0.2 ms]
      [Ref Enq: 0.0 ms]
      [Redirty Cards: 0.2 ms]
      [Humongous Register: 0.3 ms]
      [Humongous Reclaim: 0.0 ms]
      [Free CSet: 0.0 ms]
   [Eden: 2048.0K(270.0M)->0.0B(218.0M) Survivors: 7168.0K->9216.0K Heap: 514.2M(1024.0M)->513.7M(1024.0M)]
 [Times: user=0.05 sys=0.00, real=0.01 secs] 
1.975: [GC concurrent-root-region-scan-start]
1.976: [GC concurrent-root-region-scan-end, 0.0001686 secs]
1.976: [GC concurrent-mark-start]
1.978: [GC concurrent-mark-end, 0.0026984 secs]
1.978: [GC remark 1.978: [Finalize Marking, 0.0003108 secs] 1.979: [GC ref-proc, 0.0004135 secs] 1.979: [Unloading, 0.0009102 secs], 0.0027021 secs]
 [Times: user=0.01 sys=0.01, real=0.00 secs] 
1.981: [GC cleanup 523M->518M(1024M), 0.0018496 secs]
 [Times: user=0.02 sys=0.00, real=0.00 secs] 
1.983: [GC concurrent-cleanup-start]
1.983: [GC concurrent-cleanup-end, 0.0000285 secs]
2.074: [GC pause (G1 Evacuation Pause) (young), 0.0310839 secs]
   [Parallel Time: 28.6 ms, GC Workers: 18]
      [GC Worker Start (ms): Min: 2074.9, Avg: 2075.1, Max: 2075.2, Diff: 0.3]
      [Ext Root Scanning (ms): Min: 0.0, Avg: 0.1, Max: 0.3, Diff: 0.3, Sum: 2.1]
      [Update RS (ms): Min: 2.7, Avg: 2.9, Max: 3.1, Diff: 0.4, Sum: 52.7]
         [Processed Buffers: Min: 6, Avg: 8.9, Max: 11, Diff: 5, Sum: 161]
      [Scan RS (ms): Min: 0.0, Avg: 0.1, Max: 0.2, Diff: 0.2, Sum: 1.3]
      [Code Root Scanning (ms): Min: 0.0, Avg: 0.0, Max: 0.0, Diff: 0.0, Sum: 0.0]
      [Object Copy (ms): Min: 24.3, Avg: 24.7, Max: 25.2, Diff: 0.8, Sum: 445.1]
      [Termination (ms): Min: 0.0, Avg: 0.3, Max: 0.7, Diff: 0.7, Sum: 6.0]
         [Termination Attempts: Min: 1, Avg: 1.1, Max: 2, Diff: 1, Sum: 19]
      [GC Worker Other (ms): Min: 0.0, Avg: 0.0, Max: 0.1, Diff: 0.1, Sum: 0.6]
      [GC Worker Total (ms): Min: 28.1, Avg: 28.2, Max: 28.4, Diff: 0.3, Sum: 508.0]
      [GC Worker End (ms): Min: 2103.2, Avg: 2103.3, Max: 2103.3, Diff: 0.1]
   [Code Root Fixup: 0.0 ms]
   [Code Root Purge: 0.0 ms]
   [Clear CT: 0.3 ms]
   [Other: 2.2 ms]
      [Choose CSet: 0.0 ms]
      [Ref Proc: 0.4 ms]
      [Ref Enq: 0.0 ms]
      [Redirty Cards: 0.3 ms]
      [Humongous Register: 0.3 ms]
      [Humongous Reclaim: 0.4 ms]
      [Free CSet: 0.4 ms]
   [Eden: 218.0M(218.0M)->0.0B(22.0M) Survivors: 9216.0K->29.0M Heap: 781.1M(1024.0M)->566.0M(1024.0M)]
 [Times: user=0.47 sys=0.04, real=0.03 secs] 
2.114: [GC pause (G1 Evacuation Pause) (mixed), 0.0257450 secs]
   [Parallel Time: 24.0 ms, GC Workers: 18]
      [GC Worker Start (ms): Min: 2114.7, Avg: 2115.0, Max: 2115.3, Diff: 0.6]
      [Ext Root Scanning (ms): Min: 0.0, Avg: 0.1, Max: 0.4, Diff: 0.4, Sum: 2.2]
      [Update RS (ms): Min: 1.0, Avg: 1.1, Max: 1.3, Diff: 0.3, Sum: 20.5]
         [Processed Buffers: Min: 3, Avg: 4.1, Max: 7, Diff: 4, Sum: 74]
      [Scan RS (ms): Min: 0.0, Avg: 0.1, Max: 0.2, Diff: 0.1, Sum: 1.1]
      [Code Root Scanning (ms): Min: 0.0, Avg: 0.0, Max: 0.0, Diff: 0.0, Sum: 0.0]
      [Object Copy (ms): Min: 21.0, Avg: 21.3, Max: 22.2, Diff: 1.2, Sum: 382.7]
      [Termination (ms): Min: 0.0, Avg: 0.9, Max: 1.2, Diff: 1.2, Sum: 16.1]
         [Termination Attempts: Min: 1, Avg: 1.0, Max: 1, Diff: 0, Sum: 18]
      [GC Worker Other (ms): Min: 0.0, Avg: 0.0, Max: 0.1, Diff: 0.0, Sum: 0.5]
      [GC Worker Total (ms): Min: 23.2, Avg: 23.5, Max: 23.8, Diff: 0.5, Sum: 423.0]
      [GC Worker End (ms): Min: 2138.5, Avg: 2138.5, Max: 2138.6, Diff: 0.0]
   [Code Root Fixup: 0.0 ms]
   [Code Root Purge: 0.0 ms]
   [Clear CT: 0.2 ms]
   [Other: 1.5 ms]
      [Choose CSet: 0.1 ms]
      [Ref Proc: 0.2 ms]
      [Ref Enq: 0.0 ms]
      [Redirty Cards: 0.3 ms]
      [Humongous Register: 0.3 ms]
      [Humongous Reclaim: 0.1 ms]
      [Free CSet: 0.4 ms]
   [Eden: 22.0M(22.0M)->0.0B(44.0M) Survivors: 29.0M->7168.0K Heap: 594.8M(1024.0M)->497.6M(1024.0M)]
 [Times: user=0.21 sys=0.22, real=0.02 secs] 
2.157: [GC pause (G1 Evacuation Pause) (mixed), 0.0155234 secs]
   [Parallel Time: 13.9 ms, GC Workers: 18]
      [GC Worker Start (ms): Min: 2157.9, Avg: 2158.2, Max: 2158.4, Diff: 0.6]
      [Ext Root Scanning (ms): Min: 0.0, Avg: 0.1, Max: 0.3, Diff: 0.3, Sum: 1.4]
      [Update RS (ms): Min: 1.6, Avg: 1.9, Max: 2.2, Diff: 0.6, Sum: 34.6]
         [Processed Buffers: Min: 4, Avg: 6.0, Max: 8, Diff: 4, Sum: 108]
      [Scan RS (ms): Min: 0.0, Avg: 0.0, Max: 0.1, Diff: 0.1, Sum: 0.4]
      [Code Root Scanning (ms): Min: 0.0, Avg: 0.0, Max: 0.0, Diff: 0.0, Sum: 0.0]
      [Object Copy (ms): Min: 8.8, Avg: 9.8, Max: 11.5, Diff: 2.6, Sum: 175.7]
      [Termination (ms): Min: 0.0, Avg: 1.5, Max: 2.4, Diff: 2.4, Sum: 27.8]
         [Termination Attempts: Min: 1, Avg: 1.0, Max: 1, Diff: 0, Sum: 18]
      [GC Worker Other (ms): Min: 0.0, Avg: 0.0, Max: 0.0, Diff: 0.0, Sum: 0.4]
      [GC Worker Total (ms): Min: 13.1, Avg: 13.3, Max: 13.7, Diff: 0.6, Sum: 240.3]
      [GC Worker End (ms): Min: 2171.6, Avg: 2171.6, Max: 2171.6, Diff: 0.0]
   [Code Root Fixup: 0.0 ms]
   [Code Root Purge: 0.0 ms]
   [Clear CT: 0.2 ms]
   [Other: 1.4 ms]
      [Choose CSet: 0.0 ms]
      [Ref Proc: 0.2 ms]
      [Ref Enq: 0.0 ms]
      [Redirty Cards: 0.3 ms]
      [Humongous Register: 0.3 ms]
      [Humongous Reclaim: 0.1 ms]
      [Free CSet: 0.2 ms]
   [Eden: 44.0M(44.0M)->0.0B(242.0M) Survivors: 7168.0K->7168.0K Heap: 552.8M(1024.0M)->496.7M(1024.0M)]
 [Times: user=0.16 sys=0.08, real=0.01 secs] 
2.174: [GC pause (G1 Humongous Allocation) (young) (initial-mark), 0.0038893 secs]
   [Parallel Time: 2.6 ms, GC Workers: 18]
      [GC Worker Start (ms): Min: 2174.2, Avg: 2174.4, Max: 2174.6, Diff: 0.4]
      [Ext Root Scanning (ms): Min: 0.0, Avg: 0.2, Max: 0.4, Diff: 0.4, Sum: 4.3]
      [Update RS (ms): Min: 0.0, Avg: 0.2, Max: 0.9, Diff: 0.9, Sum: 3.0]
         [Processed Buffers: Min: 0, Avg: 1.1, Max: 3, Diff: 3, Sum: 19]
      [Scan RS (ms): Min: 0.0, Avg: 0.0, Max: 0.0, Diff: 0.0, Sum: 0.1]
      [Code Root Scanning (ms): Min: 0.0, Avg: 0.0, Max: 0.0, Diff: 0.0, Sum: 0.0]
      [Object Copy (ms): Min: 0.0, Avg: 0.9, Max: 1.8, Diff: 1.8, Sum: 17.0]
      [Termination (ms): Min: 0.0, Avg: 0.7, Max: 1.4, Diff: 1.4, Sum: 13.1]
         [Termination Attempts: Min: 1, Avg: 2.8, Max: 6, Diff: 5, Sum: 51]
      [GC Worker Other (ms): Min: 0.0, Avg: 0.0, Max: 0.0, Diff: 0.0, Sum: 0.2]
      [GC Worker Total (ms): Min: 1.9, Avg: 2.1, Max: 2.3, Diff: 0.4, Sum: 37.7]
      [GC Worker End (ms): Min: 2176.5, Avg: 2176.5, Max: 2176.5, Diff: 0.0]
   [Code Root Fixup: 0.0 ms]
   [Code Root Purge: 0.0 ms]
   [Clear CT: 0.3 ms]
   [Other: 1.0 ms]
      [Choose CSet: 0.0 ms]
      [Ref Proc: 0.2 ms]
      [Ref Enq: 0.0 ms]
      [Redirty Cards: 0.2 ms]
      [Humongous Register: 0.3 ms]
      [Humongous Reclaim: 0.0 ms]
      [Free CSet: 0.0 ms]
   [Eden: 2048.0K(242.0M)->0.0B(252.0M) Survivors: 7168.0K->7168.0K Heap: 498.0M(1024.0M)->496.2M(1024.0M)]
 [Times: user=0.04 sys=0.00, real=0.01 secs] 
2.178: [GC concurrent-root-region-scan-start]
2.178: [GC concurrent-root-region-scan-end, 0.0002041 secs]
2.178: [GC concurrent-mark-start]
2.180: [GC concurrent-mark-end, 0.0021006 secs]
2.180: [GC remark 2.180: [Finalize Marking, 0.0004230 secs] 2.181: [GC ref-proc, 0.0004059 secs] 2.181: [Unloading, 0.0009053 secs], 0.0027763 secs]
 [Times: user=0.03 sys=0.01, real=0.00 secs] 
2.183: [GC cleanup 505M->504M(1024M), 0.0017162 secs]
 [Times: user=0.01 sys=0.00, real=0.01 secs] 
2.185: [GC concurrent-cleanup-start]
2.185: [GC concurrent-cleanup-end, 0.0000200 secs]
2.296: [GC pause (G1 Evacuation Pause) (young), 0.0369047 secs]
   [Parallel Time: 34.4 ms, GC Workers: 18]
      [GC Worker Start (ms): Min: 2296.7, Avg: 2296.8, Max: 2297.0, Diff: 0.3]
      [Ext Root Scanning (ms): Min: 0.0, Avg: 0.1, Max: 0.3, Diff: 0.3, Sum: 2.6]
      [Update RS (ms): Min: 2.3, Avg: 2.5, Max: 2.5, Diff: 0.2, Sum: 44.1]
         [Processed Buffers: Min: 5, Avg: 7.0, Max: 8, Diff: 3, Sum: 126]
      [Scan RS (ms): Min: 0.0, Avg: 0.0, Max: 0.1, Diff: 0.1, Sum: 0.5]
      [Code Root Scanning (ms): Min: 0.0, Avg: 0.0, Max: 0.0, Diff: 0.0, Sum: 0.0]
      [Object Copy (ms): Min: 28.9, Avg: 29.7, Max: 31.3, Diff: 2.4, Sum: 534.2]
      [Termination (ms): Min: 0.0, Avg: 1.6, Max: 2.3, Diff: 2.3, Sum: 28.4]
         [Termination Attempts: Min: 1, Avg: 1.0, Max: 1, Diff: 0, Sum: 18]
      [GC Worker Other (ms): Min: 0.0, Avg: 0.0, Max: 0.0, Diff: 0.0, Sum: 0.3]
      [GC Worker Total (ms): Min: 33.8, Avg: 33.9, Max: 34.1, Diff: 0.3, Sum: 610.3]
      [GC Worker End (ms): Min: 2330.7, Avg: 2330.7, Max: 2330.8, Diff: 0.0]
   [Code Root Fixup: 0.0 ms]
   [Code Root Purge: 0.0 ms]
   [Clear CT: 0.4 ms]
   [Other: 2.1 ms]
      [Choose CSet: 0.0 ms]
      [Ref Proc: 0.3 ms]
      [Ref Enq: 0.0 ms]
      [Redirty Cards: 0.2 ms]
      [Humongous Register: 0.6 ms]
      [Humongous Reclaim: 0.4 ms]
      [Free CSet: 0.5 ms]
   [Eden: 252.0M(252.0M)->0.0B(18.0M) Survivors: 7168.0K->33.0M Heap: 825.0M(1024.0M)->569.8M(1024.0M)]
 [Times: user=0.23 sys=0.38, real=0.03 secs] 
2.339: [GC pause (G1 Evacuation Pause) (mixed), 0.0177223 secs]
   [Parallel Time: 16.2 ms, GC Workers: 18]
      [GC Worker Start (ms): Min: 2339.0, Avg: 2339.2, Max: 2339.4, Diff: 0.4]
      [Ext Root Scanning (ms): Min: 0.0, Avg: 0.2, Max: 0.4, Diff: 0.4, Sum: 3.3]
      [Update RS (ms): Min: 0.1, Avg: 0.3, Max: 0.5, Diff: 0.4, Sum: 5.4]
         [Processed Buffers: Min: 1, Avg: 1.5, Max: 4, Diff: 3, Sum: 27]
      [Scan RS (ms): Min: 0.0, Avg: 0.1, Max: 0.3, Diff: 0.3, Sum: 0.9]
      [Code Root Scanning (ms): Min: 0.0, Avg: 0.0, Max: 0.0, Diff: 0.0, Sum: 0.0]
      [Object Copy (ms): Min: 13.3, Avg: 13.8, Max: 15.0, Diff: 1.7, Sum: 248.6]
      [Termination (ms): Min: 0.0, Avg: 1.2, Max: 1.7, Diff: 1.7, Sum: 22.3]
         [Termination Attempts: Min: 1, Avg: 1.0, Max: 1, Diff: 0, Sum: 18]
      [GC Worker Other (ms): Min: 0.0, Avg: 0.0, Max: 0.0, Diff: 0.0, Sum: 0.4]
      [GC Worker Total (ms): Min: 15.4, Avg: 15.6, Max: 15.8, Diff: 0.4, Sum: 280.9]
      [GC Worker End (ms): Min: 2354.8, Avg: 2354.9, Max: 2354.9, Diff: 0.0]
   [Code Root Fixup: 0.0 ms]
   [Code Root Purge: 0.0 ms]
   [Clear CT: 0.2 ms]
   [Other: 1.3 ms]
      [Choose CSet: 0.0 ms]
      [Ref Proc: 0.3 ms]
      [Ref Enq: 0.0 ms]
      [Redirty Cards: 0.3 ms]
      [Humongous Register: 0.3 ms]
      [Humongous Reclaim: 0.1 ms]
      [Free CSet: 0.2 ms]
   [Eden: 18.0M(18.0M)->0.0B(44.0M) Survivors: 33.0M->7168.0K Heap: 589.1M(1024.0M)->543.9M(1024.0M)]
 [Times: user=0.20 sys=0.08, real=0.02 secs] 
2.373: [GC pause (G1 Evacuation Pause) (mixed), 0.0191688 secs]
   [Parallel Time: 17.5 ms, GC Workers: 18]
      [GC Worker Start (ms): Min: 2373.7, Avg: 2374.0, Max: 2374.2, Diff: 0.5]
      [Ext Root Scanning (ms): Min: 0.0, Avg: 0.2, Max: 0.4, Diff: 0.4, Sum: 3.0]
      [Update RS (ms): Min: 1.3, Avg: 1.4, Max: 1.6, Diff: 0.3, Sum: 26.0]
         [Processed Buffers: Min: 4, Avg: 5.1, Max: 8, Diff: 4, Sum: 92]
      [Scan RS (ms): Min: 0.0, Avg: 0.1, Max: 0.4, Diff: 0.4, Sum: 1.5]
      [Code Root Scanning (ms): Min: 0.0, Avg: 0.0, Max: 0.1, Diff: 0.1, Sum: 0.1]
      [Object Copy (ms): Min: 13.2, Avg: 13.7, Max: 15.2, Diff: 2.0, Sum: 246.7]
      [Termination (ms): Min: 0.0, Avg: 1.5, Max: 2.0, Diff: 2.0, Sum: 27.4]
         [Termination Attempts: Min: 1, Avg: 1.0, Max: 1, Diff: 0, Sum: 18]
      [GC Worker Other (ms): Min: 0.0, Avg: 0.0, Max: 0.0, Diff: 0.0, Sum: 0.4]
      [GC Worker Total (ms): Min: 16.7, Avg: 17.0, Max: 17.2, Diff: 0.5, Sum: 305.2]
      [GC Worker End (ms): Min: 2390.9, Avg: 2390.9, Max: 2390.9, Diff: 0.0]
   [Code Root Fixup: 0.0 ms]
   [Code Root Purge: 0.0 ms]
   [Clear CT: 0.2 ms]
   [Other: 1.4 ms]
      [Choose CSet: 0.1 ms]
      [Ref Proc: 0.3 ms]
      [Ref Enq: 0.0 ms]
      [Redirty Cards: 0.2 ms]
      [Humongous Register: 0.3 ms]
      [Humongous Reclaim: 0.1 ms]
      [Free CSet: 0.3 ms]
   [Eden: 44.0M(44.0M)->0.0B(44.0M) Survivors: 7168.0K->7168.0K Heap: 597.2M(1024.0M)->520.9M(1024.0M)]
 [Times: user=0.20 sys=0.11, real=0.02 secs] 
2.412: [GC pause (G1 Evacuation Pause) (mixed), 0.0156583 secs]
   [Parallel Time: 14.2 ms, GC Workers: 18]
      [GC Worker Start (ms): Min: 2412.7, Avg: 2412.9, Max: 2413.2, Diff: 0.5]
      [Ext Root Scanning (ms): Min: 0.0, Avg: 0.2, Max: 0.4, Diff: 0.4, Sum: 2.7]
      [Update RS (ms): Min: 2.6, Avg: 3.0, Max: 3.2, Diff: 0.6, Sum: 53.2]
         [Processed Buffers: Min: 8, Avg: 8.7, Max: 10, Diff: 2, Sum: 157]
      [Scan RS (ms): Min: 0.0, Avg: 0.0, Max: 0.1, Diff: 0.1, Sum: 0.4]
      [Code Root Scanning (ms): Min: 0.0, Avg: 0.0, Max: 0.0, Diff: 0.0, Sum: 0.0]
      [Object Copy (ms): Min: 8.1, Avg: 8.9, Max: 10.5, Diff: 2.4, Sum: 159.9]
      [Termination (ms): Min: 0.0, Avg: 1.7, Max: 2.3, Diff: 2.3, Sum: 31.4]
         [Termination Attempts: Min: 1, Avg: 1.0, Max: 1, Diff: 0, Sum: 18]
      [GC Worker Other (ms): Min: 0.0, Avg: 0.0, Max: 0.0, Diff: 0.0, Sum: 0.5]
      [GC Worker Total (ms): Min: 13.5, Avg: 13.8, Max: 14.0, Diff: 0.5, Sum: 248.1]
      [GC Worker End (ms): Min: 2426.7, Avg: 2426.7, Max: 2426.7, Diff: 0.0]
   [Code Root Fixup: 0.0 ms]
   [Code Root Purge: 0.0 ms]
   [Clear CT: 0.4 ms]
   [Other: 1.1 ms]
      [Choose CSet: 0.0 ms]
      [Ref Proc: 0.3 ms]
      [Ref Enq: 0.0 ms]
      [Redirty Cards: 0.2 ms]
      [Humongous Register: 0.1 ms]
      [Humongous Reclaim: 0.2 ms]
      [Free CSet: 0.2 ms]
   [Eden: 44.0M(44.0M)->0.0B(178.0M) Survivors: 7168.0K->7168.0K Heap: 582.0M(1024.0M)->526.5M(1024.0M)]
 [Times: user=0.19 sys=0.06, real=0.02 secs] 
2.429: [GC pause (G1 Humongous Allocation) (young) (initial-mark), 0.0040437 secs]
   [Parallel Time: 2.7 ms, GC Workers: 18]
      [GC Worker Start (ms): Min: 2429.7, Avg: 2429.9, Max: 2430.0, Diff: 0.3]
      [Ext Root Scanning (ms): Min: 0.1, Avg: 0.2, Max: 0.4, Diff: 0.3, Sum: 3.4]
      [Update RS (ms): Min: 0.1, Avg: 0.3, Max: 1.0, Diff: 0.9, Sum: 5.0]
         [Processed Buffers: Min: 1, Avg: 1.1, Max: 2, Diff: 1, Sum: 19]
      [Scan RS (ms): Min: 0.0, Avg: 0.0, Max: 0.0, Diff: 0.0, Sum: 0.1]
      [Code Root Scanning (ms): Min: 0.0, Avg: 0.0, Max: 0.0, Diff: 0.0, Sum: 0.0]
      [Object Copy (ms): Min: 0.8, Avg: 1.7, Max: 2.1, Diff: 1.3, Sum: 29.8]
      [Termination (ms): Min: 0.0, Avg: 0.3, Max: 0.6, Diff: 0.6, Sum: 4.5]
         [Termination Attempts: Min: 1, Avg: 1.2, Max: 2, Diff: 1, Sum: 21]
      [GC Worker Other (ms): Min: 0.0, Avg: 0.0, Max: 0.0, Diff: 0.0, Sum: 0.2]
      [GC Worker Total (ms): Min: 2.3, Avg: 2.4, Max: 2.6, Diff: 0.3, Sum: 43.1]
      [GC Worker End (ms): Min: 2432.3, Avg: 2432.3, Max: 2432.3, Diff: 0.0]
   [Code Root Fixup: 0.0 ms]
   [Code Root Purge: 0.0 ms]
   [Clear CT: 0.2 ms]
   [Other: 1.1 ms]
      [Choose CSet: 0.0 ms]
      [Ref Proc: 0.3 ms]
      [Ref Enq: 0.0 ms]
      [Redirty Cards: 0.2 ms]
      [Humongous Register: 0.3 ms]
      [Humongous Reclaim: 0.0 ms]
      [Free CSet: 0.0 ms]
   [Eden: 3072.0K(178.0M)->0.0B(212.0M) Survivors: 7168.0K->9216.0K Heap: 529.2M(1024.0M)->527.9M(1024.0M)]
 [Times: user=0.04 sys=0.00, real=0.00 secs] 
2.433: [GC concurrent-root-region-scan-start]
2.434: [GC concurrent-root-region-scan-end, 0.0001373 secs]
2.434: [GC concurrent-mark-start]
2.436: [GC concurrent-mark-end, 0.0026125 secs]
2.436: [GC remark 2.436: [Finalize Marking, 0.0003477 secs] 2.437: [GC ref-proc, 0.0004105 secs] 2.437: [Unloading, 0.0009801 secs], 0.0029023 secs]
 [Times: user=0.02 sys=0.00, real=0.00 secs] 
2.439: [GC cleanup 536M->531M(1024M), 0.0017516 secs]
 [Times: user=0.02 sys=0.00, real=0.00 secs] 
2.441: [GC concurrent-cleanup-start]
2.441: [GC concurrent-cleanup-end, 0.0000364 secs]
2.528: [GC pause (G1 Evacuation Pause) (young), 0.0332605 secs]
   [Parallel Time: 31.1 ms, GC Workers: 18]
      [GC Worker Start (ms): Min: 2528.8, Avg: 2529.0, Max: 2529.1, Diff: 0.3]
      [Ext Root Scanning (ms): Min: 0.0, Avg: 0.1, Max: 0.3, Diff: 0.3, Sum: 2.6]
      [Update RS (ms): Min: 3.9, Avg: 4.1, Max: 4.3, Diff: 0.4, Sum: 73.6]
         [Processed Buffers: Min: 10, Avg: 11.7, Max: 14, Diff: 4, Sum: 210]
      [Scan RS (ms): Min: 0.0, Avg: 0.1, Max: 0.4, Diff: 0.4, Sum: 1.8]
      [Code Root Scanning (ms): Min: 0.0, Avg: 0.0, Max: 0.0, Diff: 0.0, Sum: 0.0]
      [Object Copy (ms): Min: 24.5, Avg: 25.6, Max: 26.5, Diff: 2.0, Sum: 461.0]
      [Termination (ms): Min: 0.0, Avg: 0.7, Max: 1.4, Diff: 1.4, Sum: 13.3]
         [Termination Attempts: Min: 1, Avg: 1.0, Max: 1, Diff: 0, Sum: 18]
      [GC Worker Other (ms): Min: 0.0, Avg: 0.0, Max: 0.1, Diff: 0.1, Sum: 0.6]
      [GC Worker Total (ms): Min: 30.6, Avg: 30.7, Max: 30.9, Diff: 0.3, Sum: 552.9]
      [GC Worker End (ms): Min: 2559.7, Avg: 2559.7, Max: 2559.7, Diff: 0.1]
   [Code Root Fixup: 0.0 ms]
   [Code Root Purge: 0.0 ms]
   [Clear CT: 0.3 ms]
   [Other: 1.9 ms]
      [Choose CSet: 0.0 ms]
      [Ref Proc: 0.3 ms]
      [Ref Enq: 0.0 ms]
      [Redirty Cards: 0.3 ms]
      [Humongous Register: 0.3 ms]
      [Humongous Reclaim: 0.3 ms]
      [Free CSet: 0.4 ms]
   [Eden: 212.0M(212.0M)->0.0B(23.0M) Survivors: 9216.0K->28.0M Heap: 798.1M(1024.0M)->580.8M(1024.0M)]
 [Times: user=0.38 sys=0.18, real=0.03 secs] 
2.571: [GC pause (G1 Evacuation Pause) (mixed), 0.0209555 secs]
   [Parallel Time: 19.0 ms, GC Workers: 18]
      [GC Worker Start (ms): Min: 2571.0, Avg: 2571.3, Max: 2571.5, Diff: 0.5]
      [Ext Root Scanning (ms): Min: 0.0, Avg: 0.1, Max: 0.3, Diff: 0.3, Sum: 1.5]
      [Update RS (ms): Min: 0.7, Avg: 0.9, Max: 1.2, Diff: 0.5, Sum: 17.1]
         [Processed Buffers: Min: 2, Avg: 3.6, Max: 8, Diff: 6, Sum: 64]
      [Scan RS (ms): Min: 0.0, Avg: 0.1, Max: 0.2, Diff: 0.2, Sum: 1.0]
      [Code Root Scanning (ms): Min: 0.0, Avg: 0.0, Max: 0.0, Diff: 0.0, Sum: 0.0]
      [Object Copy (ms): Min: 15.6, Avg: 16.3, Max: 17.4, Diff: 1.8, Sum: 292.7]
      [Termination (ms): Min: 0.0, Avg: 1.1, Max: 1.6, Diff: 1.6, Sum: 19.2]
         [Termination Attempts: Min: 1, Avg: 1.0, Max: 1, Diff: 0, Sum: 18]
      [GC Worker Other (ms): Min: 0.0, Avg: 0.0, Max: 0.0, Diff: 0.0, Sum: 0.3]
      [GC Worker Total (ms): Min: 18.2, Avg: 18.4, Max: 18.7, Diff: 0.5, Sum: 331.8]
      [GC Worker End (ms): Min: 2589.7, Avg: 2589.7, Max: 2589.7, Diff: 0.0]
   [Code Root Fixup: 0.0 ms]
   [Code Root Purge: 0.0 ms]
   [Clear CT: 0.2 ms]
   [Other: 1.7 ms]
      [Choose CSet: 0.1 ms]
      [Ref Proc: 0.4 ms]
      [Ref Enq: 0.0 ms]
      [Redirty Cards: 0.3 ms]
      [Humongous Register: 0.3 ms]
      [Humongous Reclaim: 0.1 ms]
      [Free CSet: 0.4 ms]
   [Eden: 23.0M(23.0M)->0.0B(44.0M) Survivors: 28.0M->7168.0K Heap: 609.6M(1024.0M)->519.6M(1024.0M)]
 [Times: user=0.19 sys=0.13, real=0.02 secs] 
2.609: [GC pause (G1 Evacuation Pause) (mixed), 0.0177860 secs]
   [Parallel Time: 16.1 ms, GC Workers: 18]
      [GC Worker Start (ms): Min: 2609.8, Avg: 2610.0, Max: 2610.2, Diff: 0.4]
      [Ext Root Scanning (ms): Min: 0.0, Avg: 0.2, Max: 0.3, Diff: 0.3, Sum: 3.0]
      [Update RS (ms): Min: 1.9, Avg: 2.1, Max: 2.3, Diff: 0.4, Sum: 38.6]
         [Processed Buffers: Min: 6, Avg: 6.8, Max: 8, Diff: 2, Sum: 123]
      [Scan RS (ms): Min: 0.0, Avg: 0.1, Max: 0.3, Diff: 0.3, Sum: 1.1]
      [Code Root Scanning (ms): Min: 0.0, Avg: 0.0, Max: 0.0, Diff: 0.0, Sum: 0.0]
      [Object Copy (ms): Min: 12.1, Avg: 12.5, Max: 13.3, Diff: 1.3, Sum: 225.3]
      [Termination (ms): Min: 0.0, Avg: 0.7, Max: 1.0, Diff: 1.0, Sum: 12.2]
         [Termination Attempts: Min: 1, Avg: 1.1, Max: 2, Diff: 1, Sum: 20]
      [GC Worker Other (ms): Min: 0.0, Avg: 0.0, Max: 0.0, Diff: 0.0, Sum: 0.4]
      [GC Worker Total (ms): Min: 15.3, Avg: 15.6, Max: 15.8, Diff: 0.5, Sum: 280.6]
      [GC Worker End (ms): Min: 2625.6, Avg: 2625.6, Max: 2625.6, Diff: 0.0]
   [Code Root Fixup: 0.0 ms]
   [Code Root Purge: 0.0 ms]
   [Clear CT: 0.3 ms]
   [Other: 1.4 ms]
      [Choose CSet: 0.1 ms]
      [Ref Proc: 0.3 ms]
      [Ref Enq: 0.0 ms]
      [Redirty Cards: 0.3 ms]
      [Humongous Register: 0.3 ms]
      [Humongous Reclaim: 0.1 ms]
      [Free CSet: 0.3 ms]
   [Eden: 44.0M(44.0M)->0.0B(147.0M) Survivors: 7168.0K->7168.0K Heap: 576.7M(1024.0M)->499.2M(1024.0M)]
 [Times: user=0.21 sys=0.07, real=0.02 secs] 
2.628: [GC pause (G1 Humongous Allocation) (young) (initial-mark), 0.0038430 secs]
   [Parallel Time: 2.5 ms, GC Workers: 18]
      [GC Worker Start (ms): Min: 2628.4, Avg: 2628.5, Max: 2628.6, Diff: 0.2]
      [Ext Root Scanning (ms): Min: 0.1, Avg: 0.2, Max: 0.3, Diff: 0.2, Sum: 4.4]
      [Update RS (ms): Min: 0.1, Avg: 0.4, Max: 1.4, Diff: 1.3, Sum: 7.3]
         [Processed Buffers: Min: 0, Avg: 1.1, Max: 2, Diff: 2, Sum: 19]
      [Scan RS (ms): Min: 0.0, Avg: 0.0, Max: 0.0, Diff: 0.0, Sum: 0.1]
      [Code Root Scanning (ms): Min: 0.0, Avg: 0.0, Max: 0.0, Diff: 0.0, Sum: 0.0]
      [Object Copy (ms): Min: 0.0, Avg: 1.1, Max: 1.7, Diff: 1.6, Sum: 19.0]
      [Termination (ms): Min: 0.0, Avg: 0.3, Max: 0.5, Diff: 0.5, Sum: 5.2]
         [Termination Attempts: Min: 1, Avg: 1.1, Max: 2, Diff: 1, Sum: 19]
      [GC Worker Other (ms): Min: 0.0, Avg: 0.0, Max: 0.0, Diff: 0.0, Sum: 0.3]
      [GC Worker Total (ms): Min: 1.9, Avg: 2.0, Max: 2.1, Diff: 0.2, Sum: 36.2]
      [GC Worker End (ms): Min: 2630.5, Avg: 2630.5, Max: 2630.5, Diff: 0.0]
   [Code Root Fixup: 0.0 ms]
   [Code Root Purge: 0.0 ms]
   [Clear CT: 0.3 ms]
   [Other: 1.1 ms]
      [Choose CSet: 0.0 ms]
      [Ref Proc: 0.3 ms]
      [Ref Enq: 0.0 ms]
      [Redirty Cards: 0.2 ms]
      [Humongous Register: 0.3 ms]
      [Humongous Reclaim: 0.0 ms]
      [Free CSet: 0.0 ms]
   [Eden: 1024.0K(147.0M)->0.0B(249.0M) Survivors: 7168.0K->6144.0K Heap: 500.1M(1024.0M)->498.2M(1024.0M)]
 [Times: user=0.03 sys=0.00, real=0.00 secs] 
2.632: [GC concurrent-root-region-scan-start]
2.632: [GC concurrent-root-region-scan-end, 0.0001708 secs]
2.632: [GC concurrent-mark-start]
2.634: [GC concurrent-mark-end, 0.0023013 secs]
2.634: [GC remark 2.634: [Finalize Marking, 0.0003334 secs] 2.635: [GC ref-proc, 0.0004221 secs] 2.635: [Unloading, 0.0010228 secs], 0.0028414 secs]
 [Times: user=0.02 sys=0.01, real=0.00 secs] 
2.637: [GC cleanup 507M->505M(1024M), 0.0017977 secs]
 [Times: user=0.01 sys=0.00, real=0.00 secs] 
2.639: [GC concurrent-cleanup-start]
2.639: [GC concurrent-cleanup-end, 0.0000239 secs]
2.738: [GC pause (G1 Evacuation Pause) (young), 0.0327796 secs]
   [Parallel Time: 30.5 ms, GC Workers: 18]
      [GC Worker Start (ms): Min: 2738.4, Avg: 2738.6, Max: 2738.8, Diff: 0.3]
      [Ext Root Scanning (ms): Min: 0.0, Avg: 0.2, Max: 0.3, Diff: 0.3, Sum: 3.1]
      [Update RS (ms): Min: 4.2, Avg: 4.4, Max: 4.6, Diff: 0.4, Sum: 78.5]
         [Processed Buffers: Min: 11, Avg: 12.3, Max: 14, Diff: 3, Sum: 222]
      [Scan RS (ms): Min: 0.0, Avg: 0.1, Max: 0.2, Diff: 0.2, Sum: 1.3]
      [Code Root Scanning (ms): Min: 0.0, Avg: 0.0, Max: 0.0, Diff: 0.0, Sum: 0.0]
      [Object Copy (ms): Min: 23.9, Avg: 24.4, Max: 25.6, Diff: 1.8, Sum: 438.6]
      [Termination (ms): Min: 0.0, Avg: 1.2, Max: 1.5, Diff: 1.5, Sum: 21.7]
         [Termination Attempts: Min: 1, Avg: 1.3, Max: 3, Diff: 2, Sum: 23]
      [GC Worker Other (ms): Min: 0.0, Avg: 0.0, Max: 0.1, Diff: 0.1, Sum: 0.6]
      [GC Worker Total (ms): Min: 30.1, Avg: 30.2, Max: 30.4, Diff: 0.3, Sum: 543.8]
      [GC Worker End (ms): Min: 2768.8, Avg: 2768.8, Max: 2768.8, Diff: 0.1]
   [Code Root Fixup: 0.0 ms]
   [Code Root Purge: 0.0 ms]
   [Clear CT: 0.4 ms]
   [Other: 1.9 ms]
      [Choose CSet: 0.0 ms]
      [Ref Proc: 0.3 ms]
      [Ref Enq: 0.0 ms]
      [Redirty Cards: 0.2 ms]
      [Humongous Register: 0.4 ms]
      [Humongous Reclaim: 0.4 ms]
      [Free CSet: 0.5 ms]
   [Eden: 249.0M(249.0M)->0.0B(19.0M) Survivors: 6144.0K->32.0M Heap: 809.0M(1024.0M)->557.7M(1024.0M)]
 [Times: user=0.35 sys=0.19, real=0.03 secs] 
2.779: [GC pause (G1 Evacuation Pause) (mixed), 0.0216542 secs]
   [Parallel Time: 19.9 ms, GC Workers: 18]
      [GC Worker Start (ms): Min: 2779.7, Avg: 2780.0, Max: 2780.2, Diff: 0.5]
      [Ext Root Scanning (ms): Min: 0.0, Avg: 0.2, Max: 0.4, Diff: 0.4, Sum: 2.7]
      [Update RS (ms): Min: 1.3, Avg: 1.5, Max: 1.7, Diff: 0.4, Sum: 26.8]
         [Processed Buffers: Min: 4, Avg: 4.8, Max: 6, Diff: 2, Sum: 86]
      [Scan RS (ms): Min: 0.0, Avg: 0.1, Max: 0.2, Diff: 0.2, Sum: 1.0]
      [Code Root Scanning (ms): Min: 0.0, Avg: 0.0, Max: 0.0, Diff: 0.0, Sum: 0.0]
      [Object Copy (ms): Min: 16.1, Avg: 16.6, Max: 17.7, Diff: 1.6, Sum: 298.3]
      [Termination (ms): Min: 0.0, Avg: 1.1, Max: 1.4, Diff: 1.4, Sum: 19.4]
         [Termination Attempts: Min: 1, Avg: 1.1, Max: 2, Diff: 1, Sum: 19]
      [GC Worker Other (ms): Min: 0.0, Avg: 0.0, Max: 0.1, Diff: 0.1, Sum: 0.6]
      [GC Worker Total (ms): Min: 19.1, Avg: 19.4, Max: 19.6, Diff: 0.5, Sum: 348.8]
      [GC Worker End (ms): Min: 2799.3, Avg: 2799.4, Max: 2799.4, Diff: 0.0]
   [Code Root Fixup: 0.0 ms]
   [Code Root Purge: 0.0 ms]
   [Clear CT: 0.2 ms]
   [Other: 1.5 ms]
      [Choose CSet: 0.1 ms]
      [Ref Proc: 0.3 ms]
      [Ref Enq: 0.0 ms]
      [Redirty Cards: 0.3 ms]
      [Humongous Register: 0.2 ms]
      [Humongous Reclaim: 0.1 ms]
      [Free CSet: 0.4 ms]
   [Eden: 19.0M(19.0M)->0.0B(46.0M) Survivors: 32.0M->5120.0K Heap: 585.2M(1024.0M)->509.6M(1024.0M)]
 [Times: user=0.25 sys=0.09, real=0.02 secs] 
2.819: [GC pause (G1 Evacuation Pause) (mixed), 0.0155411 secs]
   [Parallel Time: 13.9 ms, GC Workers: 18]
      [GC Worker Start (ms): Min: 2819.0, Avg: 2819.3, Max: 2819.5, Diff: 0.5]
      [Ext Root Scanning (ms): Min: 0.0, Avg: 0.2, Max: 0.4, Diff: 0.4, Sum: 3.1]
      [Update RS (ms): Min: 1.7, Avg: 2.1, Max: 2.3, Diff: 0.6, Sum: 37.7]
         [Processed Buffers: Min: 5, Avg: 6.2, Max: 7, Diff: 2, Sum: 112]
      [Scan RS (ms): Min: 0.0, Avg: 0.0, Max: 0.1, Diff: 0.1, Sum: 0.6]
      [Code Root Scanning (ms): Min: 0.0, Avg: 0.0, Max: 0.0, Diff: 0.0, Sum: 0.0]
      [Object Copy (ms): Min: 9.9, Avg: 10.3, Max: 10.9, Diff: 1.0, Sum: 185.8]
      [Termination (ms): Min: 0.0, Avg: 0.7, Max: 1.1, Diff: 1.1, Sum: 12.7]
         [Termination Attempts: Min: 1, Avg: 1.1, Max: 2, Diff: 1, Sum: 20]
      [GC Worker Other (ms): Min: 0.0, Avg: 0.0, Max: 0.1, Diff: 0.1, Sum: 0.5]
      [GC Worker Total (ms): Min: 13.2, Avg: 13.4, Max: 13.6, Diff: 0.5, Sum: 240.4]
      [GC Worker End (ms): Min: 2832.6, Avg: 2832.6, Max: 2832.7, Diff: 0.0]
   [Code Root Fixup: 0.0 ms]
   [Code Root Purge: 0.0 ms]
   [Clear CT: 0.2 ms]
   [Other: 1.5 ms]
      [Choose CSet: 0.0 ms]
      [Ref Proc: 0.4 ms]
      [Ref Enq: 0.0 ms]
      [Redirty Cards: 0.3 ms]
      [Humongous Register: 0.2 ms]
      [Humongous Reclaim: 0.2 ms]
      [Free CSet: 0.2 ms]
   [Eden: 46.0M(46.0M)->0.0B(196.0M) Survivors: 5120.0K->7168.0K Heap: 567.2M(1024.0M)->508.8M(1024.0M)]
 [Times: user=0.23 sys=0.02, real=0.02 secs] 
2.836: [GC pause (G1 Humongous Allocation) (young) (initial-mark), 0.0043879 secs]
   [Parallel Time: 3.1 ms, GC Workers: 18]
      [GC Worker Start (ms): Min: 2836.2, Avg: 2836.4, Max: 2836.5, Diff: 0.3]
      [Ext Root Scanning (ms): Min: 0.0, Avg: 0.2, Max: 0.4, Diff: 0.3, Sum: 3.2]
      [Update RS (ms): Min: 0.1, Avg: 0.3, Max: 1.2, Diff: 1.1, Sum: 5.3]
         [Processed Buffers: Min: 0, Avg: 1.1, Max: 2, Diff: 2, Sum: 19]
      [Scan RS (ms): Min: 0.0, Avg: 0.0, Max: 0.0, Diff: 0.0, Sum: 0.1]
      [Code Root Scanning (ms): Min: 0.0, Avg: 0.0, Max: 0.0, Diff: 0.0, Sum: 0.0]
      [Object Copy (ms): Min: 1.0, Avg: 1.7, Max: 2.4, Diff: 1.3, Sum: 31.1]
      [Termination (ms): Min: 0.0, Avg: 0.4, Max: 0.8, Diff: 0.8, Sum: 7.8]
         [Termination Attempts: Min: 1, Avg: 1.1, Max: 2, Diff: 1, Sum: 20]
      [GC Worker Other (ms): Min: 0.0, Avg: 0.0, Max: 0.0, Diff: 0.0, Sum: 0.3]
      [GC Worker Total (ms): Min: 2.5, Avg: 2.7, Max: 2.8, Diff: 0.3, Sum: 47.8]
      [GC Worker End (ms): Min: 2839.0, Avg: 2839.0, Max: 2839.0, Diff: 0.0]
   [Code Root Fixup: 0.0 ms]
   [Code Root Purge: 0.0 ms]
   [Clear CT: 0.2 ms]
   [Other: 1.1 ms]
      [Choose CSet: 0.0 ms]
      [Ref Proc: 0.3 ms]
      [Ref Enq: 0.0 ms]
      [Redirty Cards: 0.2 ms]
      [Humongous Register: 0.2 ms]
      [Humongous Reclaim: 0.0 ms]
      [Free CSet: 0.0 ms]
   [Eden: 5120.0K(196.0M)->0.0B(218.0M) Survivors: 7168.0K->9216.0K Heap: 513.1M(1024.0M)->508.9M(1024.0M)]
 [Times: user=0.04 sys=0.00, real=0.00 secs] 
2.840: [GC concurrent-root-region-scan-start]
2.840: [GC concurrent-root-region-scan-end, 0.0001830 secs]
2.840: [GC concurrent-mark-start]
2.843: [GC concurrent-mark-end, 0.0024657 secs]
2.843: [GC remark 2.843: [Finalize Marking, 0.0003379 secs] 2.843: [GC ref-proc, 0.0003998 secs] 2.844: [Unloading, 0.0009783 secs], 0.0027028 secs]
 [Times: user=0.02 sys=0.00, real=0.01 secs] 
2.846: [GC cleanup 517M->514M(1024M), 0.0016032 secs]
 [Times: user=0.01 sys=0.00, real=0.00 secs] 
2.848: [GC concurrent-cleanup-start]
2.848: [GC concurrent-cleanup-end, 0.0000223 secs]
2.958: [GC pause (G1 Evacuation Pause) (young), 0.0356552 secs]
   [Parallel Time: 33.6 ms, GC Workers: 18]
      [GC Worker Start (ms): Min: 2958.1, Avg: 2958.3, Max: 2958.5, Diff: 0.4]
      [Ext Root Scanning (ms): Min: 0.0, Avg: 0.1, Max: 0.3, Diff: 0.3, Sum: 2.2]
      [Update RS (ms): Min: 5.1, Avg: 5.2, Max: 5.4, Diff: 0.3, Sum: 94.2]
         [Processed Buffers: Min: 5, Avg: 13.9, Max: 17, Diff: 12, Sum: 250]
      [Scan RS (ms): Min: 0.0, Avg: 0.0, Max: 0.1, Diff: 0.1, Sum: 0.7]
      [Code Root Scanning (ms): Min: 0.0, Avg: 0.0, Max: 0.0, Diff: 0.0, Sum: 0.0]
      [Object Copy (ms): Min: 25.8, Avg: 26.2, Max: 27.8, Diff: 2.0, Sum: 471.8]
      [Termination (ms): Min: 0.0, Avg: 1.5, Max: 1.9, Diff: 1.9, Sum: 27.6]
         [Termination Attempts: Min: 1, Avg: 1.0, Max: 1, Diff: 0, Sum: 18]
      [GC Worker Other (ms): Min: 0.0, Avg: 0.0, Max: 0.1, Diff: 0.1, Sum: 0.7]
      [GC Worker Total (ms): Min: 33.0, Avg: 33.2, Max: 33.4, Diff: 0.4, Sum: 597.2]
      [GC Worker End (ms): Min: 2991.4, Avg: 2991.5, Max: 2991.5, Diff: 0.1]
   [Code Root Fixup: 0.0 ms]
   [Code Root Purge: 0.0 ms]
   [Clear CT: 0.2 ms]
   [Other: 1.8 ms]
      [Choose CSet: 0.0 ms]
      [Ref Proc: 0.3 ms]
      [Ref Enq: 0.0 ms]
      [Redirty Cards: 0.2 ms]
      [Humongous Register: 0.4 ms]
      [Humongous Reclaim: 0.4 ms]
      [Free CSet: 0.4 ms]
   [Eden: 218.0M(218.0M)->0.0B(22.0M) Survivors: 9216.0K->29.0M Heap: 781.8M(1024.0M)->568.8M(1024.0M)]
 [Times: user=0.26 sys=0.34, real=0.03 secs] 
3.004: [GC pause (G1 Evacuation Pause) (mixed), 0.0204378 secs]
   [Parallel Time: 18.6 ms, GC Workers: 18]
      [GC Worker Start (ms): Min: 3004.3, Avg: 3004.6, Max: 3004.8, Diff: 0.5]
      [Ext Root Scanning (ms): Min: 0.0, Avg: 0.2, Max: 0.4, Diff: 0.4, Sum: 2.8]
      [Update RS (ms): Min: 1.0, Avg: 1.1, Max: 1.2, Diff: 0.2, Sum: 20.2]
         [Processed Buffers: Min: 3, Avg: 4.1, Max: 5, Diff: 2, Sum: 73]
      [Scan RS (ms): Min: 0.0, Avg: 0.1, Max: 0.3, Diff: 0.2, Sum: 1.5]
      [Code Root Scanning (ms): Min: 0.0, Avg: 0.0, Max: 0.0, Diff: 0.0, Sum: 0.0]
      [Object Copy (ms): Min: 16.1, Avg: 16.3, Max: 16.7, Diff: 0.6, Sum: 293.0]
      [Termination (ms): Min: 0.0, Avg: 0.4, Max: 0.7, Diff: 0.7, Sum: 8.0]
         [Termination Attempts: Min: 1, Avg: 1.1, Max: 2, Diff: 1, Sum: 20]
      [GC Worker Other (ms): Min: 0.0, Avg: 0.0, Max: 0.0, Diff: 0.0, Sum: 0.4]
      [GC Worker Total (ms): Min: 17.9, Avg: 18.1, Max: 18.3, Diff: 0.5, Sum: 325.8]
      [GC Worker End (ms): Min: 3022.6, Avg: 3022.7, Max: 3022.7, Diff: 0.0]
   [Code Root Fixup: 0.0 ms]
   [Code Root Purge: 0.0 ms]
   [Clear CT: 0.3 ms]
   [Other: 1.6 ms]
      [Choose CSet: 0.1 ms]
      [Ref Proc: 0.3 ms]
      [Ref Enq: 0.0 ms]
      [Redirty Cards: 0.2 ms]
      [Humongous Register: 0.3 ms]
      [Humongous Reclaim: 0.1 ms]
      [Free CSet: 0.4 ms]
   [Eden: 22.0M(22.0M)->0.0B(45.0M) Survivors: 29.0M->6144.0K Heap: 597.4M(1024.0M)->499.8M(1024.0M)]
 [Times: user=0.24 sys=0.09, real=0.03 secs] 
3.046: [GC pause (G1 Evacuation Pause) (mixed), 0.0130742 secs]
   [Parallel Time: 11.7 ms, GC Workers: 18]
      [GC Worker Start (ms): Min: 3045.9, Avg: 3046.1, Max: 3046.3, Diff: 0.4]
      [Ext Root Scanning (ms): Min: 0.0, Avg: 0.2, Max: 0.4, Diff: 0.4, Sum: 3.2]
      [Update RS (ms): Min: 1.6, Avg: 1.8, Max: 1.9, Diff: 0.3, Sum: 31.9]
         [Processed Buffers: Min: 5, Avg: 5.8, Max: 7, Diff: 2, Sum: 104]
      [Scan RS (ms): Min: 0.0, Avg: 0.0, Max: 0.2, Diff: 0.2, Sum: 0.5]
      [Code Root Scanning (ms): Min: 0.0, Avg: 0.0, Max: 0.0, Diff: 0.0, Sum: 0.0]
      [Object Copy (ms): Min: 8.1, Avg: 8.5, Max: 9.3, Diff: 1.2, Sum: 153.0]
      [Termination (ms): Min: 0.0, Avg: 0.7, Max: 1.1, Diff: 1.1, Sum: 12.7]
         [Termination Attempts: Min: 1, Avg: 1.1, Max: 2, Diff: 1, Sum: 19]
      [GC Worker Other (ms): Min: 0.0, Avg: 0.0, Max: 0.0, Diff: 0.0, Sum: 0.3]
      [GC Worker Total (ms): Min: 11.0, Avg: 11.2, Max: 11.4, Diff: 0.4, Sum: 201.7]
      [GC Worker End (ms): Min: 3057.3, Avg: 3057.3, Max: 3057.3, Diff: 0.0]
   [Code Root Fixup: 0.0 ms]
   [Code Root Purge: 0.0 ms]
   [Clear CT: 0.2 ms]
   [Other: 1.2 ms]
      [Choose CSet: 0.0 ms]
      [Ref Proc: 0.2 ms]
      [Ref Enq: 0.0 ms]
      [Redirty Cards: 0.3 ms]
      [Humongous Register: 0.2 ms]
      [Humongous Reclaim: 0.1 ms]
      [Free CSet: 0.2 ms]
   [Eden: 45.0M(45.0M)->0.0B(266.0M) Survivors: 6144.0K->7168.0K Heap: 555.4M(1024.0M)->499.2M(1024.0M)]
 [Times: user=0.16 sys=0.05, real=0.01 secs] 
3.060: [GC pause (G1 Humongous Allocation) (young) (initial-mark), 0.0031856 secs]
   [Parallel Time: 1.9 ms, GC Workers: 18]
      [GC Worker Start (ms): Min: 3060.3, Avg: 3060.4, Max: 3060.6, Diff: 0.3]
      [Ext Root Scanning (ms): Min: 0.1, Avg: 0.2, Max: 0.3, Diff: 0.3, Sum: 3.5]
      [Update RS (ms): Min: 0.0, Avg: 0.3, Max: 1.2, Diff: 1.1, Sum: 4.7]
         [Processed Buffers: Min: 0, Avg: 0.9, Max: 2, Diff: 2, Sum: 17]
      [Scan RS (ms): Min: 0.0, Avg: 0.0, Max: 0.0, Diff: 0.0, Sum: 0.1]
      [Code Root Scanning (ms): Min: 0.0, Avg: 0.0, Max: 0.0, Diff: 0.0, Sum: 0.0]
      [Object Copy (ms): Min: 0.0, Avg: 1.0, Max: 1.3, Diff: 1.3, Sum: 17.5]
      [Termination (ms): Min: 0.0, Avg: 0.2, Max: 0.4, Diff: 0.4, Sum: 3.5]
         [Termination Attempts: Min: 1, Avg: 1.4, Max: 3, Diff: 2, Sum: 25]
      [GC Worker Other (ms): Min: 0.0, Avg: 0.0, Max: 0.0, Diff: 0.0, Sum: 0.2]
      [GC Worker Total (ms): Min: 1.5, Avg: 1.6, Max: 1.8, Diff: 0.3, Sum: 29.5]
      [GC Worker End (ms): Min: 3062.1, Avg: 3062.1, Max: 3062.1, Diff: 0.0]
   [Code Root Fixup: 0.0 ms]
   [Code Root Purge: 0.0 ms]
   [Clear CT: 0.2 ms]
   [Other: 1.0 ms]
      [Choose CSet: 0.0 ms]
      [Ref Proc: 0.3 ms]
      [Ref Enq: 0.0 ms]
      [Redirty Cards: 0.2 ms]
      [Humongous Register: 0.2 ms]
      [Humongous Reclaim: 0.0 ms]
      [Free CSet: 0.0 ms]
   [Eden: 3072.0K(266.0M)->0.0B(280.0M) Survivors: 7168.0K->7168.0K Heap: 501.9M(1024.0M)->498.9M(1024.0M)]
 [Times: user=0.02 sys=0.01, real=0.00 secs] 
3.063: [GC concurrent-root-region-scan-start]
3.064: [GC concurrent-root-region-scan-end, 0.0002456 secs]
3.064: [GC concurrent-mark-start]
3.066: [GC concurrent-mark-end, 0.0022857 secs]
3.066: [GC remark 3.066: [Finalize Marking, 0.0004382 secs] 3.066: [GC ref-proc, 0.0003983 secs] 3.067: [Unloading, 0.0010622 secs], 0.0029355 secs]
 [Times: user=0.02 sys=0.00, real=0.00 secs] 
3.069: [GC cleanup 508M->507M(1024M), 0.0017557 secs]
 [Times: user=0.02 sys=0.00, real=0.00 secs] 
3.071: [GC concurrent-cleanup-start]
3.071: [GC concurrent-cleanup-end, 0.0000258 secs]
3.195: [GC pause (G1 Evacuation Pause) (young) (to-space exhausted), 0.0279908 secs]
   [Parallel Time: 25.3 ms, GC Workers: 18]
      [GC Worker Start (ms): Min: 3195.2, Avg: 3195.3, Max: 3195.5, Diff: 0.3]
      [Ext Root Scanning (ms): Min: 0.0, Avg: 0.2, Max: 0.3, Diff: 0.3, Sum: 3.2]
      [Update RS (ms): Min: 3.8, Avg: 3.9, Max: 4.0, Diff: 0.2, Sum: 70.7]
         [Processed Buffers: Min: 10, Avg: 11.3, Max: 13, Diff: 3, Sum: 204]
      [Scan RS (ms): Min: 0.0, Avg: 0.1, Max: 0.1, Diff: 0.1, Sum: 1.0]
      [Code Root Scanning (ms): Min: 0.0, Avg: 0.0, Max: 0.0, Diff: 0.0, Sum: 0.0]
      [Object Copy (ms): Min: 20.4, Avg: 20.6, Max: 20.9, Diff: 0.5, Sum: 370.0]
      [Termination (ms): Min: 0.0, Avg: 0.3, Max: 0.4, Diff: 0.4, Sum: 5.1]
         [Termination Attempts: Min: 1, Avg: 1.5, Max: 4, Diff: 3, Sum: 27]
      [GC Worker Other (ms): Min: 0.0, Avg: 0.0, Max: 0.1, Diff: 0.1, Sum: 0.6]
      [GC Worker Total (ms): Min: 24.9, Avg: 25.0, Max: 25.2, Diff: 0.3, Sum: 450.8]
      [GC Worker End (ms): Min: 3220.3, Avg: 3220.4, Max: 3220.4, Diff: 0.1]
   [Code Root Fixup: 0.0 ms]
   [Code Root Purge: 0.0 ms]
   [Clear CT: 0.4 ms]
   [Other: 2.3 ms]
      [Evacuation Failure: 0.5 ms]
      [Choose CSet: 0.0 ms]
      [Ref Proc: 0.3 ms]
      [Ref Enq: 0.0 ms]
      [Redirty Cards: 0.2 ms]
      [Humongous Register: 0.3 ms]
      [Humongous Reclaim: 0.4 ms]
      [Free CSet: 0.4 ms]
   [Eden: 280.0M(280.0M)->0.0B(15.0M) Survivors: 7168.0K->36.0M Heap: 851.2M(1024.0M)->634.2M(1024.0M)]
 [Times: user=0.33 sys=0.12, real=0.02 secs] 
3.228: [GC pause (G1 Evacuation Pause) (mixed), 0.0216200 secs]
   [Parallel Time: 19.8 ms, GC Workers: 18]
      [GC Worker Start (ms): Min: 3227.9, Avg: 3228.0, Max: 3228.1, Diff: 0.2]
      [Ext Root Scanning (ms): Min: 0.1, Avg: 0.2, Max: 0.3, Diff: 0.2, Sum: 3.8]
      [Update RS (ms): Min: 0.4, Avg: 0.4, Max: 0.5, Diff: 0.2, Sum: 8.0]
         [Processed Buffers: Min: 1, Avg: 2.1, Max: 4, Diff: 3, Sum: 37]
      [Scan RS (ms): Min: 0.0, Avg: 0.1, Max: 0.2, Diff: 0.2, Sum: 1.3]
      [Code Root Scanning (ms): Min: 0.0, Avg: 0.0, Max: 0.0, Diff: 0.0, Sum: 0.0]
      [Object Copy (ms): Min: 18.2, Avg: 18.5, Max: 18.7, Diff: 0.5, Sum: 332.7]
      [Termination (ms): Min: 0.0, Avg: 0.2, Max: 0.5, Diff: 0.5, Sum: 3.9]
         [Termination Attempts: Min: 1, Avg: 1.0, Max: 1, Diff: 0, Sum: 18]
      [GC Worker Other (ms): Min: 0.0, Avg: 0.0, Max: 0.0, Diff: 0.0, Sum: 0.2]
      [GC Worker Total (ms): Min: 19.3, Avg: 19.4, Max: 19.6, Diff: 0.2, Sum: 350.0]
      [GC Worker End (ms): Min: 3247.4, Avg: 3247.4, Max: 3247.5, Diff: 0.0]
   [Code Root Fixup: 0.0 ms]
   [Code Root Purge: 0.0 ms]
   [Clear CT: 0.3 ms]
   [Other: 1.5 ms]
      [Choose CSet: 0.1 ms]
      [Ref Proc: 0.3 ms]
      [Ref Enq: 0.0 ms]
      [Redirty Cards: 0.2 ms]
      [Humongous Register: 0.2 ms]
      [Humongous Reclaim: 0.1 ms]
      [Free CSet: 0.4 ms]
   [Eden: 15.0M(15.0M)->0.0B(47.0M) Survivors: 36.0M->4096.0K Heap: 651.6M(1024.0M)->565.5M(1024.0M)]
 [Times: user=0.28 sys=0.06, real=0.02 secs] 
3.268: [GC pause (G1 Evacuation Pause) (mixed), 0.0126504 secs]
   [Parallel Time: 11.1 ms, GC Workers: 18]
      [GC Worker Start (ms): Min: 3268.8, Avg: 3269.1, Max: 3269.2, Diff: 0.4]
      [Ext Root Scanning (ms): Min: 0.0, Avg: 0.2, Max: 0.4, Diff: 0.4, Sum: 2.9]
      [Update RS (ms): Min: 3.1, Avg: 3.5, Max: 3.7, Diff: 0.7, Sum: 63.1]
         [Processed Buffers: Min: 8, Avg: 10.3, Max: 12, Diff: 4, Sum: 186]
      [Scan RS (ms): Min: 0.0, Avg: 0.0, Max: 0.1, Diff: 0.1, Sum: 0.4]
      [Code Root Scanning (ms): Min: 0.0, Avg: 0.0, Max: 0.0, Diff: 0.0, Sum: 0.0]
      [Object Copy (ms): Min: 6.4, Avg: 6.8, Max: 7.2, Diff: 0.8, Sum: 122.0]
      [Termination (ms): Min: 0.0, Avg: 0.1, Max: 0.2, Diff: 0.2, Sum: 2.5]
         [Termination Attempts: Min: 1, Avg: 1.0, Max: 1, Diff: 0, Sum: 18]
      [GC Worker Other (ms): Min: 0.0, Avg: 0.0, Max: 0.1, Diff: 0.0, Sum: 0.4]
      [GC Worker Total (ms): Min: 10.5, Avg: 10.6, Max: 10.9, Diff: 0.4, Sum: 191.2]
      [GC Worker End (ms): Min: 3279.7, Avg: 3279.7, Max: 3279.7, Diff: 0.0]
   [Code Root Fixup: 0.0 ms]
   [Code Root Purge: 0.0 ms]
   [Clear CT: 0.2 ms]
   [Other: 1.3 ms]
      [Choose CSet: 0.0 ms]
      [Ref Proc: 0.2 ms]
      [Ref Enq: 0.0 ms]
      [Redirty Cards: 0.2 ms]
      [Humongous Register: 0.3 ms]
      [Humongous Reclaim: 0.2 ms]
      [Free CSet: 0.1 ms]
   [Eden: 47.0M(47.0M)->0.0B(218.0M) Survivors: 4096.0K->7168.0K Heap: 633.3M(1024.0M)->575.9M(1024.0M)]
 [Times: user=0.18 sys=0.01, real=0.01 secs] 
3.283: [GC pause (G1 Humongous Allocation) (young) (initial-mark), 0.0039569 secs]
   [Parallel Time: 2.7 ms, GC Workers: 18]
      [GC Worker Start (ms): Min: 3283.1, Avg: 3283.3, Max: 3283.5, Diff: 0.4]
      [Ext Root Scanning (ms): Min: 0.0, Avg: 0.2, Max: 0.5, Diff: 0.4, Sum: 4.3]
      [Update RS (ms): Min: 0.0, Avg: 0.2, Max: 1.0, Diff: 1.0, Sum: 3.2]
         [Processed Buffers: Min: 0, Avg: 0.9, Max: 3, Diff: 3, Sum: 16]
      [Scan RS (ms): Min: 0.0, Avg: 0.0, Max: 0.0, Diff: 0.0, Sum: 0.1]
      [Code Root Scanning (ms): Min: 0.0, Avg: 0.0, Max: 0.0, Diff: 0.0, Sum: 0.0]
      [Object Copy (ms): Min: 1.0, Avg: 1.5, Max: 1.8, Diff: 0.9, Sum: 27.6]
      [Termination (ms): Min: 0.0, Avg: 0.2, Max: 0.5, Diff: 0.5, Sum: 4.2]
         [Termination Attempts: Min: 1, Avg: 1.0, Max: 1, Diff: 0, Sum: 18]
      [GC Worker Other (ms): Min: 0.0, Avg: 0.0, Max: 0.0, Diff: 0.0, Sum: 0.2]
      [GC Worker Total (ms): Min: 2.0, Avg: 2.2, Max: 2.4, Diff: 0.4, Sum: 39.7]
      [GC Worker End (ms): Min: 3285.5, Avg: 3285.5, Max: 3285.5, Diff: 0.0]
   [Code Root Fixup: 0.0 ms]
   [Code Root Purge: 0.0 ms]
   [Clear CT: 0.2 ms]
   [Other: 1.1 ms]
      [Choose CSet: 0.0 ms]
      [Ref Proc: 0.2 ms]
      [Ref Enq: 0.0 ms]
      [Redirty Cards: 0.2 ms]
      [Humongous Register: 0.2 ms]
      [Humongous Reclaim: 0.0 ms]
      [Free CSet: 0.0 ms]
   [Eden: 5120.0K(218.0M)->0.0B(218.0M) Survivors: 7168.0K->8192.0K Heap: 580.4M(1024.0M)->576.1M(1024.0M)]
 [Times: user=0.04 sys=0.00, real=0.01 secs] 
3.287: [GC concurrent-root-region-scan-start]
3.287: [GC concurrent-root-region-scan-end, 0.0002101 secs]
3.287: [GC concurrent-mark-start]
3.290: [GC concurrent-mark-end, 0.0027169 secs]
3.290: [GC remark 3.290: [Finalize Marking, 0.0005297 secs] 3.290: [GC ref-proc, 0.0004498 secs] 3.291: [Unloading, 0.0009904 secs], 0.0030698 secs]
 [Times: user=0.03 sys=0.00, real=0.00 secs] 
3.293: [GC cleanup 584M->574M(1024M), 0.0016400 secs]
 [Times: user=0.02 sys=0.00, real=0.01 secs] 
3.295: [GC concurrent-cleanup-start]
3.295: [GC concurrent-cleanup-end, 0.0000422 secs]
3.377: [GC pause (G1 Evacuation Pause) (young), 0.0303055 secs]
   [Parallel Time: 28.1 ms, GC Workers: 18]
      [GC Worker Start (ms): Min: 3377.1, Avg: 3377.4, Max: 3377.6, Diff: 0.5]
      [Ext Root Scanning (ms): Min: 0.0, Avg: 0.1, Max: 0.4, Diff: 0.4, Sum: 1.7]
      [Update RS (ms): Min: 4.6, Avg: 5.0, Max: 5.2, Diff: 0.6, Sum: 89.7]
         [Processed Buffers: Min: 11, Avg: 13.2, Max: 16, Diff: 5, Sum: 237]
      [Scan RS (ms): Min: 0.0, Avg: 0.1, Max: 0.2, Diff: 0.2, Sum: 1.2]
      [Code Root Scanning (ms): Min: 0.0, Avg: 0.0, Max: 0.0, Diff: 0.0, Sum: 0.0]
      [Object Copy (ms): Min: 20.8, Avg: 21.4, Max: 22.2, Diff: 1.4, Sum: 385.0]
      [Termination (ms): Min: 0.0, Avg: 0.9, Max: 1.4, Diff: 1.4, Sum: 16.8]
         [Termination Attempts: Min: 1, Avg: 2.9, Max: 4, Diff: 3, Sum: 53]
      [GC Worker Other (ms): Min: 0.0, Avg: 0.0, Max: 0.1, Diff: 0.0, Sum: 0.5]
      [GC Worker Total (ms): Min: 27.3, Avg: 27.5, Max: 27.9, Diff: 0.6, Sum: 494.9]
      [GC Worker End (ms): Min: 3404.9, Avg: 3404.9, Max: 3404.9, Diff: 0.0]
   [Code Root Fixup: 0.0 ms]
   [Code Root Purge: 0.0 ms]
   [Clear CT: 0.2 ms]
   [Other: 2.0 ms]
      [Choose CSet: 0.0 ms]
      [Ref Proc: 0.3 ms]
      [Ref Enq: 0.0 ms]
      [Redirty Cards: 0.3 ms]
      [Humongous Register: 0.4 ms]
      [Humongous Reclaim: 0.4 ms]
      [Free CSet: 0.5 ms]
   [Eden: 218.0M(218.0M)->0.0B(22.0M) Survivors: 8192.0K->29.0M Heap: 842.6M(1024.0M)->627.0M(1024.0M)]
 [Times: user=0.39 sys=0.09, real=0.03 secs] 
3.416: [GC pause (G1 Evacuation Pause) (mixed), 0.0175489 secs]
   [Parallel Time: 15.6 ms, GC Workers: 18]
      [GC Worker Start (ms): Min: 3416.4, Avg: 3416.6, Max: 3416.7, Diff: 0.3]
      [Ext Root Scanning (ms): Min: 0.0, Avg: 0.2, Max: 0.4, Diff: 0.3, Sum: 3.2]
      [Update RS (ms): Min: 1.2, Avg: 1.4, Max: 1.6, Diff: 0.4, Sum: 25.5]
         [Processed Buffers: Min: 4, Avg: 4.7, Max: 6, Diff: 2, Sum: 84]
      [Scan RS (ms): Min: 0.0, Avg: 0.1, Max: 0.1, Diff: 0.1, Sum: 1.2]
      [Code Root Scanning (ms): Min: 0.0, Avg: 0.0, Max: 0.0, Diff: 0.0, Sum: 0.0]
      [Object Copy (ms): Min: 12.4, Avg: 12.8, Max: 13.5, Diff: 1.1, Sum: 229.6]
      [Termination (ms): Min: 0.0, Avg: 0.8, Max: 1.0, Diff: 1.0, Sum: 14.3]
         [Termination Attempts: Min: 1, Avg: 1.6, Max: 3, Diff: 2, Sum: 28]
      [GC Worker Other (ms): Min: 0.0, Avg: 0.0, Max: 0.1, Diff: 0.0, Sum: 0.4]
      [GC Worker Total (ms): Min: 15.1, Avg: 15.2, Max: 15.5, Diff: 0.4, Sum: 274.3]
      [GC Worker End (ms): Min: 3431.8, Avg: 3431.8, Max: 3431.8, Diff: 0.0]
   [Code Root Fixup: 0.0 ms]
   [Code Root Purge: 0.0 ms]
   [Clear CT: 0.3 ms]
   [Other: 1.6 ms]
      [Choose CSet: 0.1 ms]
      [Ref Proc: 0.3 ms]
      [Ref Enq: 0.0 ms]
      [Redirty Cards: 0.3 ms]
      [Humongous Register: 0.2 ms]
      [Humongous Reclaim: 0.1 ms]
      [Free CSet: 0.5 ms]
   [Eden: 22.0M(22.0M)->0.0B(45.0M) Survivors: 29.0M->6144.0K Heap: 657.2M(1024.0M)->547.1M(1024.0M)]
 [Times: user=0.24 sys=0.03, real=0.01 secs] 
3.451: [GC pause (G1 Evacuation Pause) (mixed), 0.0258638 secs]
   [Parallel Time: 18.5 ms, GC Workers: 18]
      [GC Worker Start (ms): Min: 3455.6, Avg: 3456.0, Max: 3456.4, Diff: 0.8]
      [Ext Root Scanning (ms): Min: 0.3, Avg: 0.7, Max: 1.1, Diff: 0.8, Sum: 12.4]
      [Update RS (ms): Min: 2.2, Avg: 2.3, Max: 2.4, Diff: 0.2, Sum: 41.5]
         [Processed Buffers: Min: 5, Avg: 6.7, Max: 9, Diff: 4, Sum: 121]
      [Scan RS (ms): Min: 0.1, Avg: 0.3, Max: 0.7, Diff: 0.6, Sum: 5.2]
      [Code Root Scanning (ms): Min: 0.0, Avg: 0.0, Max: 0.5, Diff: 0.5, Sum: 0.5]
      [Object Copy (ms): Min: 12.6, Avg: 13.6, Max: 14.5, Diff: 1.9, Sum: 245.5]
      [Termination (ms): Min: 0.0, Avg: 0.7, Max: 1.0, Diff: 1.0, Sum: 12.7]
         [Termination Attempts: Min: 1, Avg: 1.0, Max: 1, Diff: 0, Sum: 18]
      [GC Worker Other (ms): Min: 0.0, Avg: 0.0, Max: 0.1, Diff: 0.0, Sum: 0.6]
      [GC Worker Total (ms): Min: 17.3, Avg: 17.7, Max: 18.1, Diff: 0.8, Sum: 318.5]
      [GC Worker End (ms): Min: 3473.7, Avg: 3473.7, Max: 3473.8, Diff: 0.0]
   [Code Root Fixup: 0.0 ms]
   [Code Root Purge: 0.0 ms]
   [Clear CT: 0.4 ms]
   [Other: 7.0 ms]
      [Choose CSet: 0.8 ms]
      [Ref Proc: 0.3 ms]
      [Ref Enq: 0.0 ms]
      [Redirty Cards: 0.2 ms]
      [Humongous Register: 3.8 ms]
      [Humongous Reclaim: 0.3 ms]
      [Free CSet: 1.3 ms]
   [Eden: 45.0M(45.0M)->0.0B(270.0M) Survivors: 6144.0K->7168.0K Heap: 604.8M(1024.0M)->500.0M(1024.0M)]
 [Times: user=0.27 sys=0.05, real=0.03 secs] 
3.477: [GC pause (G1 Humongous Allocation) (young) (initial-mark), 0.0036980 secs]
   [Parallel Time: 2.4 ms, GC Workers: 18]
      [GC Worker Start (ms): Min: 3477.6, Avg: 3477.7, Max: 3477.8, Diff: 0.2]
      [Ext Root Scanning (ms): Min: 0.1, Avg: 0.2, Max: 0.3, Diff: 0.2, Sum: 4.0]
      [Update RS (ms): Min: 0.1, Avg: 0.4, Max: 1.1, Diff: 1.0, Sum: 6.8]
         [Processed Buffers: Min: 1, Avg: 1.1, Max: 2, Diff: 1, Sum: 19]
      [Scan RS (ms): Min: 0.0, Avg: 0.0, Max: 0.0, Diff: 0.0, Sum: 0.1]
      [Code Root Scanning (ms): Min: 0.0, Avg: 0.0, Max: 0.0, Diff: 0.0, Sum: 0.0]
      [Object Copy (ms): Min: 0.4, Avg: 1.2, Max: 1.8, Diff: 1.5, Sum: 22.3]
      [Termination (ms): Min: 0.0, Avg: 0.3, Max: 0.7, Diff: 0.7, Sum: 5.3]
         [Termination Attempts: Min: 1, Avg: 1.0, Max: 1, Diff: 0, Sum: 18]
      [GC Worker Other (ms): Min: 0.0, Avg: 0.0, Max: 0.0, Diff: 0.0, Sum: 0.3]
      [GC Worker Total (ms): Min: 2.0, Avg: 2.2, Max: 2.3, Diff: 0.2, Sum: 38.8]
      [GC Worker End (ms): Min: 3479.8, Avg: 3479.8, Max: 3479.8, Diff: 0.0]
   [Code Root Fixup: 0.0 ms]
   [Code Root Purge: 0.0 ms]
   [Clear CT: 0.2 ms]
   [Other: 1.1 ms]
      [Choose CSet: 0.0 ms]
      [Ref Proc: 0.2 ms]
      [Ref Enq: 0.0 ms]
      [Redirty Cards: 0.2 ms]
      [Humongous Register: 0.2 ms]
      [Humongous Reclaim: 0.0 ms]
      [Free CSet: 0.1 ms]
   [Eden: 1024.0K(270.0M)->0.0B(283.0M) Survivors: 7168.0K->8192.0K Heap: 500.6M(1024.0M)->500.4M(1024.0M)]
 [Times: user=0.04 sys=0.01, real=0.00 secs] 
3.481: [GC concurrent-root-region-scan-start]
3.481: [GC concurrent-root-region-scan-end, 0.0002164 secs]
3.481: [GC concurrent-mark-start]
3.484: [GC concurrent-mark-end, 0.0028253 secs]
3.484: [GC remark 3.484: [Finalize Marking, 0.0003757 secs] 3.485: [GC ref-proc, 0.0004044 secs] 3.485: [Unloading, 0.0025477 secs], 0.0048262 secs]
 [Times: user=0.02 sys=0.05, real=0.01 secs] 
3.489: [GC cleanup 510M->508M(1024M), 0.0017463 secs]
 [Times: user=0.02 sys=0.00, real=0.00 secs] 
3.491: [GC concurrent-cleanup-start]
3.491: [GC concurrent-cleanup-end, 0.0000248 secs]
3.598: [GC pause (G1 Evacuation Pause) (young) (to-space exhausted), 0.0279436 secs]
   [Parallel Time: 24.7 ms, GC Workers: 18]
      [GC Worker Start (ms): Min: 3598.8, Avg: 3599.1, Max: 3599.3, Diff: 0.5]
      [Ext Root Scanning (ms): Min: 0.0, Avg: 0.1, Max: 0.3, Diff: 0.3, Sum: 2.4]
      [Update RS (ms): Min: 5.1, Avg: 5.3, Max: 5.5, Diff: 0.4, Sum: 95.6]
         [Processed Buffers: Min: 13, Avg: 14.8, Max: 18, Diff: 5, Sum: 267]
      [Scan RS (ms): Min: 0.0, Avg: 0.1, Max: 0.2, Diff: 0.2, Sum: 1.0]
      [Code Root Scanning (ms): Min: 0.0, Avg: 0.0, Max: 0.0, Diff: 0.0, Sum: 0.0]
      [Object Copy (ms): Min: 18.0, Avg: 18.3, Max: 19.0, Diff: 1.0, Sum: 329.7]
      [Termination (ms): Min: 0.0, Avg: 0.5, Max: 0.6, Diff: 0.6, Sum: 9.1]
         [Termination Attempts: Min: 1, Avg: 1.1, Max: 2, Diff: 1, Sum: 19]
      [GC Worker Other (ms): Min: 0.0, Avg: 0.0, Max: 0.1, Diff: 0.1, Sum: 0.7]
      [GC Worker Total (ms): Min: 24.1, Avg: 24.4, Max: 24.6, Diff: 0.4, Sum: 438.6]
      [GC Worker End (ms): Min: 3623.4, Avg: 3623.4, Max: 3623.5, Diff: 0.1]
   [Code Root Fixup: 0.0 ms]
   [Code Root Purge: 0.0 ms]
   [Clear CT: 0.2 ms]
   [Other: 3.0 ms]
      [Evacuation Failure: 0.7 ms]
      [Choose CSet: 0.0 ms]
      [Ref Proc: 0.2 ms]
      [Ref Enq: 0.0 ms]
      [Redirty Cards: 0.2 ms]
      [Humongous Register: 0.4 ms]
      [Humongous Reclaim: 0.6 ms]
      [Free CSet: 0.6 ms]
   [Eden: 283.0M(283.0M)->0.0B(14.0M) Survivors: 8192.0K->37.0M Heap: 852.1M(1024.0M)->649.6M(1024.0M)]
 [Times: user=0.38 sys=0.07, real=0.03 secs] 
3.631: [GC pause (G1 Evacuation Pause) (mixed), 0.0208628 secs]
   [Parallel Time: 18.7 ms, GC Workers: 18]
      [GC Worker Start (ms): Min: 3631.5, Avg: 3631.8, Max: 3631.9, Diff: 0.4]
      [Ext Root Scanning (ms): Min: 0.0, Avg: 0.2, Max: 0.4, Diff: 0.4, Sum: 2.9]
      [Update RS (ms): Min: 0.5, Avg: 0.6, Max: 0.8, Diff: 0.3, Sum: 11.1]
         [Processed Buffers: Min: 2, Avg: 2.6, Max: 6, Diff: 4, Sum: 47]
      [Scan RS (ms): Min: 0.0, Avg: 0.1, Max: 0.2, Diff: 0.2, Sum: 1.3]
      [Code Root Scanning (ms): Min: 0.0, Avg: 0.0, Max: 0.1, Diff: 0.1, Sum: 0.1]
      [Object Copy (ms): Min: 16.7, Avg: 17.1, Max: 17.5, Diff: 0.8, Sum: 308.4]
      [Termination (ms): Min: 0.0, Avg: 0.3, Max: 0.6, Diff: 0.6, Sum: 5.4]
         [Termination Attempts: Min: 1, Avg: 1.2, Max: 3, Diff: 2, Sum: 22]
      [GC Worker Other (ms): Min: 0.0, Avg: 0.0, Max: 0.0, Diff: 0.0, Sum: 0.4]
      [GC Worker Total (ms): Min: 18.1, Avg: 18.3, Max: 18.5, Diff: 0.4, Sum: 329.4]
      [GC Worker End (ms): Min: 3650.0, Avg: 3650.1, Max: 3650.1, Diff: 0.0]
   [Code Root Fixup: 0.0 ms]
   [Code Root Purge: 0.0 ms]
   [Clear CT: 0.2 ms]
   [Other: 1.9 ms]
      [Choose CSet: 0.1 ms]
      [Ref Proc: 0.3 ms]
      [Ref Enq: 0.0 ms]
      [Redirty Cards: 0.2 ms]
      [Humongous Register: 0.2 ms]
      [Humongous Reclaim: 0.1 ms]
      [Free CSet: 0.9 ms]
   [Eden: 14.0M(14.0M)->0.0B(46.0M) Survivors: 37.0M->5120.0K Heap: 667.1M(1024.0M)->580.8M(1024.0M)]
 [Times: user=0.30 sys=0.03, real=0.02 secs] 
3.668: [GC pause (G1 Evacuation Pause) (mixed), 0.0118669 secs]
   [Parallel Time: 10.4 ms, GC Workers: 18]
      [GC Worker Start (ms): Min: 3668.5, Avg: 3668.7, Max: 3668.9, Diff: 0.4]
      [Ext Root Scanning (ms): Min: 0.0, Avg: 0.2, Max: 0.4, Diff: 0.3, Sum: 2.8]
      [Update RS (ms): Min: 1.8, Avg: 2.0, Max: 2.2, Diff: 0.4, Sum: 35.2]
         [Processed Buffers: Min: 6, Avg: 6.3, Max: 7, Diff: 1, Sum: 113]
      [Scan RS (ms): Min: 0.0, Avg: 0.0, Max: 0.1, Diff: 0.1, Sum: 0.4]
      [Code Root Scanning (ms): Min: 0.0, Avg: 0.0, Max: 0.0, Diff: 0.0, Sum: 0.0]
      [Object Copy (ms): Min: 7.2, Avg: 7.5, Max: 7.9, Diff: 0.7, Sum: 135.5]
      [Termination (ms): Min: 0.0, Avg: 0.3, Max: 0.6, Diff: 0.6, Sum: 5.0]
         [Termination Attempts: Min: 1, Avg: 1.0, Max: 1, Diff: 0, Sum: 18]
      [GC Worker Other (ms): Min: 0.0, Avg: 0.0, Max: 0.1, Diff: 0.1, Sum: 0.5]
      [GC Worker Total (ms): Min: 9.8, Avg: 10.0, Max: 10.2, Diff: 0.4, Sum: 179.4]
      [GC Worker End (ms): Min: 3678.7, Avg: 3678.7, Max: 3678.7, Diff: 0.0]
   [Code Root Fixup: 0.0 ms]
   [Code Root Purge: 0.0 ms]
   [Clear CT: 0.2 ms]
   [Other: 1.2 ms]
      [Choose CSet: 0.0 ms]
      [Ref Proc: 0.3 ms]
      [Ref Enq: 0.0 ms]
      [Redirty Cards: 0.3 ms]
      [Humongous Register: 0.2 ms]
      [Humongous Reclaim: 0.1 ms]
      [Free CSet: 0.2 ms]
   [Eden: 46.0M(46.0M)->0.0B(211.0M) Survivors: 5120.0K->7168.0K Heap: 638.5M(1024.0M)->589.2M(1024.0M)]
 [Times: user=0.16 sys=0.01, real=0.01 secs] 
3.681: [GC pause (G1 Humongous Allocation) (young) (initial-mark), 0.0037735 secs]
   [Parallel Time: 2.7 ms, GC Workers: 18]
      [GC Worker Start (ms): Min: 3681.5, Avg: 3681.7, Max: 3681.9, Diff: 0.4]
      [Ext Root Scanning (ms): Min: 0.0, Avg: 0.2, Max: 0.4, Diff: 0.4, Sum: 2.9]
      [Update RS (ms): Min: 0.1, Avg: 0.2, Max: 1.4, Diff: 1.3, Sum: 3.9]
         [Processed Buffers: Min: 0, Avg: 0.9, Max: 2, Diff: 2, Sum: 17]
      [Scan RS (ms): Min: 0.0, Avg: 0.0, Max: 0.0, Diff: 0.0, Sum: 0.1]
      [Code Root Scanning (ms): Min: 0.0, Avg: 0.0, Max: 0.0, Diff: 0.0, Sum: 0.0]
      [Object Copy (ms): Min: 0.6, Avg: 1.6, Max: 2.0, Diff: 1.4, Sum: 29.1]
      [Termination (ms): Min: 0.0, Avg: 0.3, Max: 0.6, Diff: 0.6, Sum: 4.9]
         [Termination Attempts: Min: 1, Avg: 1.0, Max: 1, Diff: 0, Sum: 18]
      [GC Worker Other (ms): Min: 0.0, Avg: 0.0, Max: 0.0, Diff: 0.0, Sum: 0.2]
      [GC Worker Total (ms): Min: 2.1, Avg: 2.3, Max: 2.5, Diff: 0.3, Sum: 41.0]
      [GC Worker End (ms): Min: 3684.0, Avg: 3684.0, Max: 3684.0, Diff: 0.0]
   [Code Root Fixup: 0.0 ms]
   [Code Root Purge: 0.0 ms]
   [Clear CT: 0.2 ms]
   [Other: 0.9 ms]
      [Choose CSet: 0.0 ms]
      [Ref Proc: 0.2 ms]
      [Ref Enq: 0.0 ms]
      [Redirty Cards: 0.2 ms]
      [Humongous Register: 0.2 ms]
      [Humongous Reclaim: 0.0 ms]
      [Free CSet: 0.0 ms]
   [Eden: 3072.0K(211.0M)->0.0B(219.0M) Survivors: 7168.0K->9216.0K Heap: 591.4M(1024.0M)->590.7M(1024.0M)]
 [Times: user=0.05 sys=0.00, real=0.01 secs] 
3.685: [GC concurrent-root-region-scan-start]
3.685: [GC concurrent-root-region-scan-end, 0.0001596 secs]
3.685: [GC concurrent-mark-start]
3.688: [GC concurrent-mark-end, 0.0024902 secs]
3.688: [GC remark 3.688: [Finalize Marking, 0.0003967 secs] 3.688: [GC ref-proc, 0.0004150 secs] 3.689: [Unloading, 0.0009738 secs], 0.0027318 secs]
 [Times: user=0.02 sys=0.00, real=0.00 secs] 
3.691: [GC cleanup 601M->596M(1024M), 0.0017053 secs]
 [Times: user=0.02 sys=0.00, real=0.00 secs] 
3.692: [GC concurrent-cleanup-start]
3.692: [GC concurrent-cleanup-end, 0.0000297 secs]
3.772: [GC pause (G1 Evacuation Pause) (young), 0.0310485 secs]
   [Parallel Time: 29.0 ms, GC Workers: 18]
      [GC Worker Start (ms): Min: 3772.3, Avg: 3772.5, Max: 3772.6, Diff: 0.3]
      [Ext Root Scanning (ms): Min: 0.1, Avg: 0.2, Max: 0.3, Diff: 0.3, Sum: 3.3]
      [Update RS (ms): Min: 7.0, Avg: 7.2, Max: 7.3, Diff: 0.3, Sum: 129.2]
         [Processed Buffers: Min: 18, Avg: 21.1, Max: 25, Diff: 7, Sum: 380]
      [Scan RS (ms): Min: 0.0, Avg: 0.1, Max: 0.1, Diff: 0.1, Sum: 1.0]
      [Code Root Scanning (ms): Min: 0.0, Avg: 0.0, Max: 0.0, Diff: 0.0, Sum: 0.0]
      [Object Copy (ms): Min: 19.8, Avg: 20.4, Max: 21.2, Diff: 1.4, Sum: 366.3]
      [Termination (ms): Min: 0.0, Avg: 0.8, Max: 1.2, Diff: 1.2, Sum: 14.7]
         [Termination Attempts: Min: 1, Avg: 1.0, Max: 1, Diff: 0, Sum: 18]
      [GC Worker Other (ms): Min: 0.0, Avg: 0.0, Max: 0.1, Diff: 0.1, Sum: 0.5]
      [GC Worker Total (ms): Min: 28.5, Avg: 28.6, Max: 28.8, Diff: 0.3, Sum: 515.1]
      [GC Worker End (ms): Min: 3801.1, Avg: 3801.1, Max: 3801.1, Diff: 0.0]
   [Code Root Fixup: 0.0 ms]
   [Code Root Purge: 0.0 ms]
   [Clear CT: 0.2 ms]
   [Other: 1.8 ms]
      [Choose CSet: 0.0 ms]
      [Ref Proc: 0.4 ms]
      [Ref Enq: 0.0 ms]
      [Redirty Cards: 0.3 ms]
      [Humongous Register: 0.4 ms]
      [Humongous Reclaim: 0.3 ms]
      [Free CSet: 0.3 ms]
   [Eden: 219.0M(219.0M)->0.0B(22.0M) Survivors: 9216.0K->29.0M Heap: 850.7M(1024.0M)->643.2M(1024.0M)]
 [Times: user=0.45 sys=0.06, real=0.03 secs] 
3.812: [GC pause (G1 Evacuation Pause) (mixed), 0.0164665 secs]
   [Parallel Time: 14.4 ms, GC Workers: 18]
      [GC Worker Start (ms): Min: 3812.0, Avg: 3812.1, Max: 3812.3, Diff: 0.3]
      [Ext Root Scanning (ms): Min: 0.0, Avg: 0.2, Max: 0.3, Diff: 0.3, Sum: 3.2]
      [Update RS (ms): Min: 1.0, Avg: 1.1, Max: 1.2, Diff: 0.2, Sum: 19.9]
         [Processed Buffers: Min: 3, Avg: 4.0, Max: 7, Diff: 4, Sum: 72]
      [Scan RS (ms): Min: 0.0, Avg: 0.0, Max: 0.1, Diff: 0.1, Sum: 0.7]
      [Code Root Scanning (ms): Min: 0.0, Avg: 0.0, Max: 0.0, Diff: 0.0, Sum: 0.0]
      [Object Copy (ms): Min: 12.1, Avg: 12.3, Max: 12.5, Diff: 0.5, Sum: 220.9]
      [Termination (ms): Min: 0.0, Avg: 0.3, Max: 0.5, Diff: 0.5, Sum: 5.7]
         [Termination Attempts: Min: 1, Avg: 1.1, Max: 2, Diff: 1, Sum: 20]
      [GC Worker Other (ms): Min: 0.0, Avg: 0.0, Max: 0.0, Diff: 0.0, Sum: 0.3]
      [GC Worker Total (ms): Min: 13.8, Avg: 13.9, Max: 14.1, Diff: 0.3, Sum: 250.6]
      [GC Worker End (ms): Min: 3826.0, Avg: 3826.0, Max: 3826.1, Diff: 0.0]
   [Code Root Fixup: 0.0 ms]
   [Code Root Purge: 0.0 ms]
   [Clear CT: 0.2 ms]
   [Other: 1.9 ms]
      [Choose CSet: 0.1 ms]
      [Ref Proc: 0.3 ms]
      [Ref Enq: 0.0 ms]
      [Redirty Cards: 0.3 ms]
      [Humongous Register: 0.2 ms]
      [Humongous Reclaim: 0.1 ms]
      [Free CSet: 0.8 ms]
   [Eden: 22.0M(22.0M)->0.0B(44.0M) Survivors: 29.0M->7168.0K Heap: 671.7M(1024.0M)->556.1M(1024.0M)]
 [Times: user=0.23 sys=0.03, real=0.02 secs] 
3.843: [GC pause (G1 Evacuation Pause) (mixed), 0.0208275 secs]
   [Parallel Time: 18.9 ms, GC Workers: 18]
      [GC Worker Start (ms): Min: 3843.3, Avg: 3843.6, Max: 3843.8, Diff: 0.6]
      [Ext Root Scanning (ms): Min: 0.0, Avg: 0.2, Max: 0.5, Diff: 0.5, Sum: 3.0]
      [Update RS (ms): Min: 1.0, Avg: 1.3, Max: 1.4, Diff: 0.4, Sum: 23.5]
         [Processed Buffers: Min: 4, Avg: 5.0, Max: 10, Diff: 6, Sum: 90]
      [Scan RS (ms): Min: 0.0, Avg: 0.1, Max: 0.4, Diff: 0.4, Sum: 1.7]
      [Code Root Scanning (ms): Min: 0.0, Avg: 0.0, Max: 0.2, Diff: 0.2, Sum: 0.2]
      [Object Copy (ms): Min: 15.9, Avg: 16.4, Max: 16.8, Diff: 0.9, Sum: 295.3]
      [Termination (ms): Min: 0.0, Avg: 0.3, Max: 0.8, Diff: 0.8, Sum: 5.8]
         [Termination Attempts: Min: 1, Avg: 1.0, Max: 1, Diff: 0, Sum: 18]
      [GC Worker Other (ms): Min: 0.0, Avg: 0.0, Max: 0.0, Diff: 0.0, Sum: 0.5]
      [GC Worker Total (ms): Min: 18.1, Avg: 18.3, Max: 18.6, Diff: 0.5, Sum: 330.0]
      [GC Worker End (ms): Min: 3861.9, Avg: 3861.9, Max: 3861.9, Diff: 0.0]
   [Code Root Fixup: 0.0 ms]
   [Code Root Purge: 0.0 ms]
   [Clear CT: 0.3 ms]
   [Other: 1.6 ms]
      [Choose CSet: 0.1 ms]
      [Ref Proc: 0.3 ms]
      [Ref Enq: 0.0 ms]
      [Redirty Cards: 0.2 ms]
      [Humongous Register: 0.2 ms]
      [Humongous Reclaim: 0.1 ms]
      [Free CSet: 0.7 ms]
   [Eden: 44.0M(44.0M)->0.0B(44.0M) Survivors: 7168.0K->7168.0K Heap: 609.0M(1024.0M)->505.9M(1024.0M)]
 [Times: user=0.30 sys=0.03, real=0.02 secs] 
3.881: [GC pause (G1 Evacuation Pause) (mixed), 0.0113877 secs]
   [Parallel Time: 10.1 ms, GC Workers: 18]
      [GC Worker Start (ms): Min: 3880.6, Avg: 3880.8, Max: 3881.0, Diff: 0.3]
      [Ext Root Scanning (ms): Min: 0.0, Avg: 0.2, Max: 0.3, Diff: 0.3, Sum: 2.9]
      [Update RS (ms): Min: 1.8, Avg: 2.0, Max: 2.2, Diff: 0.4, Sum: 35.7]
         [Processed Buffers: Min: 5, Avg: 6.1, Max: 7, Diff: 2, Sum: 110]
      [Scan RS (ms): Min: 0.0, Avg: 0.0, Max: 0.1, Diff: 0.1, Sum: 0.4]
      [Code Root Scanning (ms): Min: 0.0, Avg: 0.0, Max: 0.0, Diff: 0.0, Sum: 0.0]
      [Object Copy (ms): Min: 6.5, Avg: 7.0, Max: 7.6, Diff: 1.0, Sum: 126.3]
      [Termination (ms): Min: 0.0, Avg: 0.5, Max: 0.8, Diff: 0.8, Sum: 8.5]
         [Termination Attempts: Min: 1, Avg: 1.0, Max: 1, Diff: 0, Sum: 18]
      [GC Worker Other (ms): Min: 0.0, Avg: 0.0, Max: 0.0, Diff: 0.0, Sum: 0.4]
      [GC Worker Total (ms): Min: 9.5, Avg: 9.7, Max: 9.8, Diff: 0.3, Sum: 174.2]
      [GC Worker End (ms): Min: 3890.5, Avg: 3890.5, Max: 3890.5, Diff: 0.0]
   [Code Root Fixup: 0.0 ms]
   [Code Root Purge: 0.0 ms]
   [Clear CT: 0.2 ms]
   [Other: 1.1 ms]
      [Choose CSet: 0.0 ms]
      [Ref Proc: 0.3 ms]
      [Ref Enq: 0.0 ms]
      [Redirty Cards: 0.3 ms]
      [Humongous Register: 0.1 ms]
      [Humongous Reclaim: 0.1 ms]
      [Free CSet: 0.2 ms]
   [Eden: 44.0M(44.0M)->0.0B(282.0M) Survivors: 7168.0K->7168.0K Heap: 561.2M(1024.0M)->508.0M(1024.0M)]
 [Times: user=0.16 sys=0.00, real=0.01 secs] 
3.893: [GC pause (G1 Humongous Allocation) (young) (initial-mark), 0.0038286 secs]
   [Parallel Time: 2.6 ms, GC Workers: 18]
      [GC Worker Start (ms): Min: 3893.1, Avg: 3893.2, Max: 3893.4, Diff: 0.3]
      [Ext Root Scanning (ms): Min: 0.1, Avg: 0.2, Max: 0.4, Diff: 0.3, Sum: 3.4]
      [Update RS (ms): Min: 0.0, Avg: 0.2, Max: 1.2, Diff: 1.2, Sum: 3.9]
         [Processed Buffers: Min: 0, Avg: 1.0, Max: 2, Diff: 2, Sum: 18]
      [Scan RS (ms): Min: 0.0, Avg: 0.0, Max: 0.0, Diff: 0.0, Sum: 0.1]
      [Code Root Scanning (ms): Min: 0.0, Avg: 0.0, Max: 0.0, Diff: 0.0, Sum: 0.0]
      [Object Copy (ms): Min: 0.8, Avg: 1.6, Max: 2.0, Diff: 1.2, Sum: 28.2]
      [Termination (ms): Min: 0.0, Avg: 0.2, Max: 0.5, Diff: 0.5, Sum: 3.9]
         [Termination Attempts: Min: 1, Avg: 1.0, Max: 1, Diff: 0, Sum: 18]
      [GC Worker Other (ms): Min: 0.0, Avg: 0.0, Max: 0.0, Diff: 0.0, Sum: 0.2]
      [GC Worker Total (ms): Min: 2.1, Avg: 2.2, Max: 2.4, Diff: 0.3, Sum: 39.8]
      [GC Worker End (ms): Min: 3895.4, Avg: 3895.5, Max: 3895.5, Diff: 0.0]
   [Code Root Fixup: 0.0 ms]
   [Code Root Purge: 0.0 ms]
   [Clear CT: 0.3 ms]
   [Other: 1.0 ms]
      [Choose CSet: 0.0 ms]
      [Ref Proc: 0.3 ms]
      [Ref Enq: 0.0 ms]
      [Redirty Cards: 0.2 ms]
      [Humongous Register: 0.2 ms]
      [Humongous Reclaim: 0.0 ms]
      [Free CSet: 0.0 ms]
   [Eden: 3072.0K(282.0M)->0.0B(261.0M) Survivors: 7168.0K->9216.0K Heap: 510.2M(1024.0M)->509.5M(1024.0M)]
 [Times: user=0.04 sys=0.00, real=0.01 secs] 
3.897: [GC concurrent-root-region-scan-start]
3.897: [GC concurrent-root-region-scan-end, 0.0001544 secs]
3.897: [GC concurrent-mark-start]
3.899: [GC concurrent-mark-end, 0.0025680 secs]
3.900: [GC remark 3.900: [Finalize Marking, 0.0005656 secs] 3.900: [GC ref-proc, 0.0004068 secs] 3.901: [Unloading, 0.0010556 secs], 0.0030337 secs]
 [Times: user=0.03 sys=0.00, real=0.00 secs] 
3.903: [GC cleanup 520M->516M(1024M), 0.0015566 secs]
 [Times: user=0.01 sys=0.00, real=0.01 secs] 
3.904: [GC concurrent-cleanup-start]
3.904: [GC concurrent-cleanup-end, 0.0000374 secs]
4.004: [GC pause (G1 Evacuation Pause) (young) (to-space exhausted), 0.0277548 secs]
   [Parallel Time: 25.5 ms, GC Workers: 18]
      [GC Worker Start (ms): Min: 4004.2, Avg: 4004.3, Max: 4004.5, Diff: 0.4]
      [Ext Root Scanning (ms): Min: 0.0, Avg: 0.1, Max: 0.3, Diff: 0.3, Sum: 2.2]
      [Update RS (ms): Min: 5.9, Avg: 6.0, Max: 6.1, Diff: 0.2, Sum: 108.1]
         [Processed Buffers: Min: 15, Avg: 17.3, Max: 20, Diff: 5, Sum: 312]
      [Scan RS (ms): Min: 0.0, Avg: 0.1, Max: 0.1, Diff: 0.1, Sum: 1.2]
      [Code Root Scanning (ms): Min: 0.0, Avg: 0.0, Max: 0.0, Diff: 0.0, Sum: 0.0]
      [Object Copy (ms): Min: 18.5, Avg: 18.7, Max: 19.0, Diff: 0.4, Sum: 336.7]
      [Termination (ms): Min: 0.0, Avg: 0.2, Max: 0.4, Diff: 0.4, Sum: 3.9]
         [Termination Attempts: Min: 1, Avg: 1.0, Max: 1, Diff: 0, Sum: 18]
      [GC Worker Other (ms): Min: 0.0, Avg: 0.0, Max: 0.1, Diff: 0.1, Sum: 0.5]
      [GC Worker Total (ms): Min: 25.0, Avg: 25.1, Max: 25.3, Diff: 0.4, Sum: 452.6]
      [GC Worker End (ms): Min: 4029.5, Avg: 4029.5, Max: 4029.5, Diff: 0.1]
   [Code Root Fixup: 0.0 ms]
   [Code Root Purge: 0.0 ms]
   [Clear CT: 0.3 ms]
   [Other: 1.9 ms]
      [Evacuation Failure: 0.3 ms]
      [Choose CSet: 0.0 ms]
      [Ref Proc: 0.3 ms]
      [Ref Enq: 0.0 ms]
      [Redirty Cards: 0.2 ms]
      [Humongous Register: 0.2 ms]
      [Humongous Reclaim: 0.4 ms]
      [Free CSet: 0.4 ms]
   [Eden: 261.0M(261.0M)->0.0B(17.0M) Survivors: 9216.0K->34.0M Heap: 849.3M(1024.0M)->606.0M(1024.0M)]
 [Times: user=0.45 sys=0.00, real=0.03 secs] 
4.038: [GC pause (G1 Evacuation Pause) (mixed), 0.0223270 secs]
   [Parallel Time: 20.6 ms, GC Workers: 18]
      [GC Worker Start (ms): Min: 4038.3, Avg: 4038.5, Max: 4038.7, Diff: 0.4]
      [Ext Root Scanning (ms): Min: 0.0, Avg: 0.2, Max: 0.3, Diff: 0.3, Sum: 2.7]
      [Update RS (ms): Min: 1.3, Avg: 1.5, Max: 1.6, Diff: 0.3, Sum: 26.1]
         [Processed Buffers: Min: 4, Avg: 5.3, Max: 8, Diff: 4, Sum: 96]
      [Scan RS (ms): Min: 0.0, Avg: 0.1, Max: 0.2, Diff: 0.2, Sum: 0.9]
      [Code Root Scanning (ms): Min: 0.0, Avg: 0.0, Max: 0.0, Diff: 0.0, Sum: 0.0]
      [Object Copy (ms): Min: 18.0, Avg: 18.3, Max: 18.5, Diff: 0.5, Sum: 328.5]
      [Termination (ms): Min: 0.0, Avg: 0.3, Max: 0.6, Diff: 0.6, Sum: 4.8]
         [Termination Attempts: Min: 1, Avg: 1.1, Max: 2, Diff: 1, Sum: 19]
      [GC Worker Other (ms): Min: 0.0, Avg: 0.0, Max: 0.1, Diff: 0.0, Sum: 0.4]
      [GC Worker Total (ms): Min: 20.0, Avg: 20.2, Max: 20.4, Diff: 0.4, Sum: 363.6]
      [GC Worker End (ms): Min: 4058.7, Avg: 4058.7, Max: 4058.7, Diff: 0.0]
   [Code Root Fixup: 0.0 ms]
   [Code Root Purge: 0.0 ms]
   [Clear CT: 0.3 ms]
   [Other: 1.4 ms]
      [Choose CSet: 0.1 ms]
      [Ref Proc: 0.3 ms]
      [Ref Enq: 0.0 ms]
      [Redirty Cards: 0.3 ms]
      [Humongous Register: 0.2 ms]
      [Humongous Reclaim: 0.1 ms]
      [Free CSet: 0.4 ms]
   [Eden: 17.0M(17.0M)->0.0B(44.0M) Survivors: 34.0M->7168.0K Heap: 631.8M(1024.0M)->545.7M(1024.0M)]
 [Times: user=0.33 sys=0.03, real=0.02 secs] 
4.075: [GC pause (G1 Evacuation Pause) (mixed), 0.0122178 secs]
   [Parallel Time: 10.8 ms, GC Workers: 18]
      [GC Worker Start (ms): Min: 4075.5, Avg: 4075.7, Max: 4075.8, Diff: 0.3]
      [Ext Root Scanning (ms): Min: 0.1, Avg: 0.2, Max: 0.3, Diff: 0.3, Sum: 3.4]
      [Update RS (ms): Min: 1.4, Avg: 1.6, Max: 1.7, Diff: 0.3, Sum: 28.7]
         [Processed Buffers: Min: 4, Avg: 5.1, Max: 6, Diff: 2, Sum: 92]
      [Scan RS (ms): Min: 0.0, Avg: 0.0, Max: 0.2, Diff: 0.2, Sum: 0.6]
      [Code Root Scanning (ms): Min: 0.0, Avg: 0.0, Max: 0.1, Diff: 0.1, Sum: 0.1]
      [Object Copy (ms): Min: 8.0, Avg: 8.4, Max: 8.8, Diff: 0.7, Sum: 150.3]
      [Termination (ms): Min: 0.0, Avg: 0.3, Max: 0.5, Diff: 0.5, Sum: 5.1]
         [Termination Attempts: Min: 1, Avg: 1.0, Max: 1, Diff: 0, Sum: 18]
      [GC Worker Other (ms): Min: 0.0, Avg: 0.0, Max: 0.0, Diff: 0.0, Sum: 0.3]
      [GC Worker Total (ms): Min: 10.4, Avg: 10.5, Max: 10.6, Diff: 0.3, Sum: 188.5]
      [GC Worker End (ms): Min: 4086.2, Avg: 4086.2, Max: 4086.2, Diff: 0.0]
   [Code Root Fixup: 0.0 ms]
   [Code Root Purge: 0.0 ms]
   [Clear CT: 0.2 ms]
   [Other: 1.2 ms]
      [Choose CSet: 0.0 ms]
      [Ref Proc: 0.3 ms]
      [Ref Enq: 0.0 ms]
      [Redirty Cards: 0.3 ms]
      [Humongous Register: 0.2 ms]
      [Humongous Reclaim: 0.1 ms]
      [Free CSet: 0.2 ms]
   [Eden: 44.0M(44.0M)->0.0B(236.0M) Survivors: 7168.0K->7168.0K Heap: 598.8M(1024.0M)->545.5M(1024.0M)]
 [Times: user=0.18 sys=0.01, real=0.01 secs] 
4.089: [GC pause (G1 Humongous Allocation) (young) (initial-mark), 0.0036764 secs]
   [Parallel Time: 2.5 ms, GC Workers: 18]
      [GC Worker Start (ms): Min: 4089.0, Avg: 4089.1, Max: 4089.2, Diff: 0.2]
      [Ext Root Scanning (ms): Min: 0.1, Avg: 0.2, Max: 0.3, Diff: 0.2, Sum: 4.1]
      [Update RS (ms): Min: 0.1, Avg: 0.2, Max: 0.9, Diff: 0.9, Sum: 4.3]
         [Processed Buffers: Min: 0, Avg: 1.1, Max: 2, Diff: 2, Sum: 19]
      [Scan RS (ms): Min: 0.0, Avg: 0.0, Max: 0.0, Diff: 0.0, Sum: 0.1]
      [Code Root Scanning (ms): Min: 0.0, Avg: 0.0, Max: 0.0, Diff: 0.0, Sum: 0.0]
      [Object Copy (ms): Min: 1.0, Avg: 1.6, Max: 2.0, Diff: 1.0, Sum: 28.4]
      [Termination (ms): Min: 0.0, Avg: 0.2, Max: 0.5, Diff: 0.5, Sum: 4.3]
         [Termination Attempts: Min: 1, Avg: 1.0, Max: 1, Diff: 0, Sum: 18]
      [GC Worker Other (ms): Min: 0.0, Avg: 0.0, Max: 0.0, Diff: 0.0, Sum: 0.2]
      [GC Worker Total (ms): Min: 2.2, Avg: 2.3, Max: 2.4, Diff: 0.2, Sum: 41.4]
      [GC Worker End (ms): Min: 4091.4, Avg: 4091.4, Max: 4091.4, Diff: 0.0]
   [Code Root Fixup: 0.0 ms]
   [Code Root Purge: 0.0 ms]
   [Clear CT: 0.2 ms]
   [Other: 0.9 ms]
      [Choose CSet: 0.0 ms]
      [Ref Proc: 0.3 ms]
      [Ref Enq: 0.0 ms]
      [Redirty Cards: 0.2 ms]
      [Humongous Register: 0.2 ms]
      [Humongous Reclaim: 0.0 ms]
      [Free CSet: 0.0 ms]
   [Eden: 3072.0K(236.0M)->0.0B(230.0M) Survivors: 7168.0K->8192.0K Heap: 548.5M(1024.0M)->546.3M(1024.0M)]
 [Times: user=0.05 sys=0.00, real=0.00 secs] 
4.093: [GC concurrent-root-region-scan-start]
4.093: [GC concurrent-root-region-scan-end, 0.0001166 secs]
4.093: [GC concurrent-mark-start]
4.095: [GC concurrent-mark-end, 0.0024343 secs]
4.095: [GC remark 4.095: [Finalize Marking, 0.0003522 secs] 4.096: [GC ref-proc, 0.0004053 secs] 4.096: [Unloading, 0.0008973 secs], 0.0026207 secs]
 [Times: user=0.02 sys=0.00, real=0.00 secs] 
4.098: [GC cleanup 556M->551M(1024M), 0.0016515 secs]
 [Times: user=0.01 sys=0.00, real=0.00 secs] 
4.100: [GC concurrent-cleanup-start]
4.100: [GC concurrent-cleanup-end, 0.0000294 secs]
4.183: [GC pause (G1 Evacuation Pause) (young), 0.0317890 secs]
   [Parallel Time: 29.8 ms, GC Workers: 18]
      [GC Worker Start (ms): Min: 4183.6, Avg: 4183.9, Max: 4184.1, Diff: 0.5]
      [Ext Root Scanning (ms): Min: 0.0, Avg: 0.1, Max: 0.2, Diff: 0.2, Sum: 0.9]
      [Update RS (ms): Min: 8.4, Avg: 8.7, Max: 9.0, Diff: 0.6, Sum: 156.8]
         [Processed Buffers: Min: 20, Avg: 24.6, Max: 29, Diff: 9, Sum: 442]
      [Scan RS (ms): Min: 0.0, Avg: 0.1, Max: 0.3, Diff: 0.3, Sum: 1.2]
      [Code Root Scanning (ms): Min: 0.0, Avg: 0.0, Max: 0.0, Diff: 0.0, Sum: 0.0]
      [Object Copy (ms): Min: 18.6, Avg: 19.5, Max: 20.6, Diff: 2.0, Sum: 350.9]
      [Termination (ms): Min: 0.0, Avg: 1.0, Max: 1.5, Diff: 1.5, Sum: 17.7]
         [Termination Attempts: Min: 1, Avg: 1.0, Max: 1, Diff: 0, Sum: 18]
      [GC Worker Other (ms): Min: 0.0, Avg: 0.0, Max: 0.1, Diff: 0.1, Sum: 0.7]
      [GC Worker Total (ms): Min: 29.2, Avg: 29.3, Max: 29.6, Diff: 0.4, Sum: 528.2]
      [GC Worker End (ms): Min: 4213.2, Avg: 4213.2, Max: 4213.3, Diff: 0.1]
   [Code Root Fixup: 0.0 ms]
   [Code Root Purge: 0.0 ms]
   [Clear CT: 0.2 ms]
   [Other: 1.8 ms]
      [Choose CSet: 0.0 ms]
      [Ref Proc: 0.3 ms]
      [Ref Enq: 0.0 ms]
      [Redirty Cards: 0.3 ms]
      [Humongous Register: 0.4 ms]
      [Humongous Reclaim: 0.3 ms]
      [Free CSet: 0.3 ms]
   [Eden: 230.0M(230.0M)->0.0B(21.0M) Survivors: 8192.0K->30.0M Heap: 825.1M(1024.0M)->606.7M(1024.0M)]
 [Times: user=0.49 sys=0.04, real=0.04 secs] 
4.222: [GC pause (G1 Evacuation Pause) (mixed), 0.0171529 secs]
   [Parallel Time: 15.5 ms, GC Workers: 18]
      [GC Worker Start (ms): Min: 4222.5, Avg: 4222.8, Max: 4222.9, Diff: 0.4]
      [Ext Root Scanning (ms): Min: 0.0, Avg: 0.2, Max: 0.4, Diff: 0.4, Sum: 2.7]
      [Update RS (ms): Min: 0.5, Avg: 0.7, Max: 0.8, Diff: 0.3, Sum: 12.7]
         [Processed Buffers: Min: 2, Avg: 2.9, Max: 5, Diff: 3, Sum: 53]
      [Scan RS (ms): Min: 0.0, Avg: 0.0, Max: 0.3, Diff: 0.3, Sum: 0.9]
      [Code Root Scanning (ms): Min: 0.0, Avg: 0.0, Max: 0.0, Diff: 0.0, Sum: 0.0]
      [Object Copy (ms): Min: 13.7, Avg: 13.8, Max: 14.1, Diff: 0.4, Sum: 249.1]
      [Termination (ms): Min: 0.0, Avg: 0.3, Max: 0.5, Diff: 0.5, Sum: 5.3]
         [Termination Attempts: Min: 1, Avg: 1.2, Max: 2, Diff: 1, Sum: 21]
      [GC Worker Other (ms): Min: 0.0, Avg: 0.0, Max: 0.0, Diff: 0.0, Sum: 0.3]
      [GC Worker Total (ms): Min: 14.9, Avg: 15.1, Max: 15.3, Diff: 0.4, Sum: 271.0]
      [GC Worker End (ms): Min: 4237.8, Avg: 4237.8, Max: 4237.8, Diff: 0.0]
   [Code Root Fixup: 0.0 ms]
   [Code Root Purge: 0.0 ms]
   [Clear CT: 0.2 ms]
   [Other: 1.4 ms]
      [Choose CSet: 0.1 ms]
      [Ref Proc: 0.3 ms]
      [Ref Enq: 0.0 ms]
      [Redirty Cards: 0.3 ms]
      [Humongous Register: 0.2 ms]
      [Humongous Reclaim: 0.0 ms]
      [Free CSet: 0.5 ms]
   [Eden: 21.0M(21.0M)->0.0B(44.0M) Survivors: 30.0M->7168.0K Heap: 631.8M(1024.0M)->529.1M(1024.0M)]
 [Times: user=0.24 sys=0.02, real=0.02 secs] 
4.255: [GC pause (G1 Evacuation Pause) (mixed), 0.0149141 secs]
   [Parallel Time: 13.3 ms, GC Workers: 18]
      [GC Worker Start (ms): Min: 4255.4, Avg: 4255.7, Max: 4256.0, Diff: 0.6]
      [Ext Root Scanning (ms): Min: 0.0, Avg: 0.1, Max: 0.4, Diff: 0.4, Sum: 2.6]
      [Update RS (ms): Min: 1.5, Avg: 1.7, Max: 1.8, Diff: 0.3, Sum: 30.5]
         [Processed Buffers: Min: 0, Avg: 5.2, Max: 7, Diff: 7, Sum: 93]
      [Scan RS (ms): Min: 0.0, Avg: 0.1, Max: 0.2, Diff: 0.2, Sum: 0.9]
      [Code Root Scanning (ms): Min: 0.0, Avg: 0.0, Max: 0.1, Diff: 0.1, Sum: 0.1]
      [Object Copy (ms): Min: 10.6, Avg: 10.7, Max: 11.0, Diff: 0.4, Sum: 193.2]
      [Termination (ms): Min: 0.0, Avg: 0.3, Max: 0.4, Diff: 0.4, Sum: 5.1]
         [Termination Attempts: Min: 1, Avg: 1.4, Max: 3, Diff: 2, Sum: 25]
      [GC Worker Other (ms): Min: 0.0, Avg: 0.0, Max: 0.0, Diff: 0.0, Sum: 0.4]
      [GC Worker Total (ms): Min: 12.6, Avg: 12.9, Max: 13.2, Diff: 0.6, Sum: 232.7]
      [GC Worker End (ms): Min: 4268.6, Avg: 4268.7, Max: 4268.7, Diff: 0.0]
   [Code Root Fixup: 0.0 ms]
   [Code Root Purge: 0.0 ms]
   [Clear CT: 0.2 ms]
   [Other: 1.4 ms]
      [Choose CSet: 0.1 ms]
      [Ref Proc: 0.3 ms]
      [Ref Enq: 0.0 ms]
      [Redirty Cards: 0.3 ms]
      [Humongous Register: 0.2 ms]
      [Humongous Reclaim: 0.1 ms]
      [Free CSet: 0.3 ms]
   [Eden: 44.0M(44.0M)->0.0B(263.0M) Survivors: 7168.0K->7168.0K Heap: 582.3M(1024.0M)->502.5M(1024.0M)]
 [Times: user=0.21 sys=0.01, real=0.01 secs] 
4.271: [GC pause (G1 Humongous Allocation) (young) (initial-mark), 0.0036820 secs]
   [Parallel Time: 2.5 ms, GC Workers: 18]
      [GC Worker Start (ms): Min: 4271.7, Avg: 4272.0, Max: 4272.1, Diff: 0.4]
      [Ext Root Scanning (ms): Min: 0.0, Avg: 0.2, Max: 0.4, Diff: 0.4, Sum: 3.0]
      [Update RS (ms): Min: 0.1, Avg: 0.4, Max: 1.8, Diff: 1.7, Sum: 6.3]
         [Processed Buffers: Min: 0, Avg: 1.1, Max: 2, Diff: 2, Sum: 19]
      [Scan RS (ms): Min: 0.0, Avg: 0.0, Max: 0.0, Diff: 0.0, Sum: 0.1]
      [Code Root Scanning (ms): Min: 0.0, Avg: 0.0, Max: 0.0, Diff: 0.0, Sum: 0.0]
      [Object Copy (ms): Min: 0.0, Avg: 1.2, Max: 1.7, Diff: 1.7, Sum: 21.7]
      [Termination (ms): Min: 0.0, Avg: 0.3, Max: 0.5, Diff: 0.5, Sum: 5.0]
         [Termination Attempts: Min: 1, Avg: 1.0, Max: 1, Diff: 0, Sum: 18]
      [GC Worker Other (ms): Min: 0.0, Avg: 0.0, Max: 0.0, Diff: 0.0, Sum: 0.2]
      [GC Worker Total (ms): Min: 1.9, Avg: 2.0, Max: 2.2, Diff: 0.4, Sum: 36.3]
      [GC Worker End (ms): Min: 4274.0, Avg: 4274.0, Max: 4274.0, Diff: 0.0]
   [Code Root Fixup: 0.0 ms]
   [Code Root Purge: 0.0 ms]
   [Clear CT: 0.2 ms]
   [Other: 1.0 ms]
      [Choose CSet: 0.0 ms]
      [Ref Proc: 0.3 ms]
      [Ref Enq: 0.0 ms]
      [Redirty Cards: 0.2 ms]
      [Humongous Register: 0.2 ms]
      [Humongous Reclaim: 0.0 ms]
      [Free CSet: 0.0 ms]
   [Eden: 4096.0K(263.0M)->0.0B(271.0M) Survivors: 7168.0K->9216.0K Heap: 506.4M(1024.0M)->503.1M(1024.0M)]
 [Times: user=0.03 sys=0.00, real=0.01 secs] 
4.275: [GC concurrent-root-region-scan-start]
4.275: [GC concurrent-root-region-scan-end, 0.0002055 secs]
4.275: [GC concurrent-mark-start]
4.278: [GC concurrent-mark-end, 0.0024146 secs]
4.278: [GC remark 4.278: [Finalize Marking, 0.0003967 secs] 4.278: [GC ref-proc, 0.0003976 secs] 4.279: [Unloading, 0.0008817 secs], 0.0025396 secs]
 [Times: user=0.03 sys=0.00, real=0.00 secs] 
4.281: [GC cleanup 511M->506M(1024M), 0.0017220 secs]
 [Times: user=0.01 sys=0.00, real=0.00 secs] 
4.282: [GC concurrent-cleanup-start]
4.282: [GC concurrent-cleanup-end, 0.0000371 secs]
4.382: [GC pause (G1 Evacuation Pause) (young), 0.0318092 secs]
   [Parallel Time: 30.0 ms, GC Workers: 18]
      [GC Worker Start (ms): Min: 4381.8, Avg: 4382.1, Max: 4382.3, Diff: 0.4]
      [Ext Root Scanning (ms): Min: 0.0, Avg: 0.1, Max: 0.3, Diff: 0.3, Sum: 2.7]
      [Update RS (ms): Min: 6.9, Avg: 7.0, Max: 7.3, Diff: 0.4, Sum: 126.3]
         [Processed Buffers: Min: 17, Avg: 20.3, Max: 23, Diff: 6, Sum: 366]
      [Scan RS (ms): Min: 0.0, Avg: 0.1, Max: 0.3, Diff: 0.3, Sum: 1.5]
      [Code Root Scanning (ms): Min: 0.0, Avg: 0.0, Max: 0.0, Diff: 0.0, Sum: 0.0]
      [Object Copy (ms): Min: 21.3, Avg: 22.0, Max: 22.3, Diff: 0.9, Sum: 395.6]
      [Termination (ms): Min: 0.0, Avg: 0.3, Max: 0.8, Diff: 0.8, Sum: 6.0]
         [Termination Attempts: Min: 1, Avg: 1.2, Max: 3, Diff: 2, Sum: 22]
      [GC Worker Other (ms): Min: 0.0, Avg: 0.0, Max: 0.1, Diff: 0.1, Sum: 0.6]
      [GC Worker Total (ms): Min: 29.4, Avg: 29.6, Max: 29.8, Diff: 0.4, Sum: 532.6]
      [GC Worker End (ms): Min: 4411.6, Avg: 4411.6, Max: 4411.7, Diff: 0.1]
   [Code Root Fixup: 0.0 ms]
   [Code Root Purge: 0.0 ms]
   [Clear CT: 0.3 ms]
   [Other: 1.6 ms]
      [Choose CSet: 0.0 ms]
      [Ref Proc: 0.2 ms]
      [Ref Enq: 0.0 ms]
      [Redirty Cards: 0.3 ms]
      [Humongous Register: 0.3 ms]
      [Humongous Reclaim: 0.3 ms]
      [Free CSet: 0.4 ms]
   [Eden: 271.0M(271.0M)->0.0B(16.0M) Survivors: 9216.0K->35.0M Heap: 834.3M(1024.0M)->568.1M(1024.0M)]
 [Times: user=0.49 sys=0.02, real=0.03 secs] 
4.419: [GC pause (G1 Evacuation Pause) (mixed), 0.0216975 secs]
   [Parallel Time: 20.0 ms, GC Workers: 18]
      [GC Worker Start (ms): Min: 4419.2, Avg: 4419.3, Max: 4419.5, Diff: 0.3]
      [Ext Root Scanning (ms): Min: 0.1, Avg: 0.2, Max: 0.3, Diff: 0.3, Sum: 3.4]
      [Update RS (ms): Min: 1.1, Avg: 1.3, Max: 1.4, Diff: 0.2, Sum: 22.5]
         [Processed Buffers: Min: 4, Avg: 4.6, Max: 7, Diff: 3, Sum: 82]
      [Scan RS (ms): Min: 0.0, Avg: 0.1, Max: 0.3, Diff: 0.3, Sum: 1.6]
      [Code Root Scanning (ms): Min: 0.0, Avg: 0.0, Max: 0.0, Diff: 0.0, Sum: 0.0]
      [Object Copy (ms): Min: 17.4, Avg: 17.6, Max: 18.1, Diff: 0.7, Sum: 316.9]
      [Termination (ms): Min: 0.0, Avg: 0.5, Max: 0.6, Diff: 0.6, Sum: 8.9]
         [Termination Attempts: Min: 1, Avg: 1.2, Max: 2, Diff: 1, Sum: 21]
      [GC Worker Other (ms): Min: 0.0, Avg: 0.0, Max: 0.0, Diff: 0.0, Sum: 0.3]
      [GC Worker Total (ms): Min: 19.5, Avg: 19.6, Max: 19.8, Diff: 0.3, Sum: 353.7]
      [GC Worker End (ms): Min: 4439.0, Avg: 4439.0, Max: 4439.0, Diff: 0.0]
   [Code Root Fixup: 0.0 ms]
   [Code Root Purge: 0.0 ms]
   [Clear CT: 0.3 ms]
   [Other: 1.4 ms]
      [Choose CSet: 0.1 ms]
      [Ref Proc: 0.3 ms]
      [Ref Enq: 0.0 ms]
      [Redirty Cards: 0.3 ms]
      [Humongous Register: 0.2 ms]
      [Humongous Reclaim: 0.1 ms]
      [Free CSet: 0.4 ms]
   [Eden: 16.0M(16.0M)->0.0B(45.0M) Survivors: 35.0M->6144.0K Heap: 591.9M(1024.0M)->502.9M(1024.0M)]
 [Times: user=0.33 sys=0.01, real=0.02 secs] 
4.457: [GC pause (G1 Evacuation Pause) (mixed), 0.0117269 secs]
   [Parallel Time: 10.3 ms, GC Workers: 18]
      [GC Worker Start (ms): Min: 4457.1, Avg: 4457.3, Max: 4457.5, Diff: 0.3]
      [Ext Root Scanning (ms): Min: 0.0, Avg: 0.2, Max: 0.4, Diff: 0.3, Sum: 3.7]
      [Update RS (ms): Min: 1.7, Avg: 2.0, Max: 2.2, Diff: 0.5, Sum: 35.4]
         [Processed Buffers: Min: 5, Avg: 6.2, Max: 7, Diff: 2, Sum: 111]
      [Scan RS (ms): Min: 0.0, Avg: 0.0, Max: 0.2, Diff: 0.2, Sum: 0.8]
      [Code Root Scanning (ms): Min: 0.0, Avg: 0.0, Max: 0.0, Diff: 0.0, Sum: 0.0]
      [Object Copy (ms): Min: 7.1, Avg: 7.4, Max: 7.8, Diff: 0.7, Sum: 132.6]
      [Termination (ms): Min: 0.0, Avg: 0.2, Max: 0.3, Diff: 0.3, Sum: 3.8]
         [Termination Attempts: Min: 1, Avg: 1.1, Max: 2, Diff: 1, Sum: 20]
      [GC Worker Other (ms): Min: 0.0, Avg: 0.0, Max: 0.0, Diff: 0.0, Sum: 0.4]
      [GC Worker Total (ms): Min: 9.6, Avg: 9.8, Max: 10.0, Diff: 0.3, Sum: 176.6]
      [GC Worker End (ms): Min: 4467.1, Avg: 4467.1, Max: 4467.1, Diff: 0.0]
   [Code Root Fixup: 0.0 ms]
   [Code Root Purge: 0.0 ms]
   [Clear CT: 0.2 ms]
   [Other: 1.2 ms]
      [Choose CSet: 0.0 ms]
      [Ref Proc: 0.4 ms]
      [Ref Enq: 0.0 ms]
      [Redirty Cards: 0.3 ms]
      [Humongous Register: 0.2 ms]
      [Humongous Reclaim: 0.1 ms]
      [Free CSet: 0.1 ms]
   [Eden: 45.0M(45.0M)->0.0B(270.0M) Survivors: 6144.0K->7168.0K Heap: 559.3M(1024.0M)->504.1M(1024.0M)]
 [Times: user=0.18 sys=0.01, real=0.01 secs] 
4.469: [GC pause (G1 Humongous Allocation) (young) (initial-mark), 0.0035036 secs]
   [Parallel Time: 2.3 ms, GC Workers: 18]
      [GC Worker Start (ms): Min: 4469.6, Avg: 4469.7, Max: 4469.8, Diff: 0.3]
      [Ext Root Scanning (ms): Min: 0.1, Avg: 0.2, Max: 0.3, Diff: 0.3, Sum: 3.5]
      [Update RS (ms): Min: 0.1, Avg: 0.3, Max: 1.0, Diff: 1.0, Sum: 4.6]
         [Processed Buffers: Min: 0, Avg: 1.1, Max: 2, Diff: 2, Sum: 19]
      [Scan RS (ms): Min: 0.0, Avg: 0.0, Max: 0.0, Diff: 0.0, Sum: 0.1]
      [Code Root Scanning (ms): Min: 0.0, Avg: 0.0, Max: 0.0, Diff: 0.0, Sum: 0.0]
      [Object Copy (ms): Min: 0.6, Avg: 1.3, Max: 1.7, Diff: 1.0, Sum: 22.9]
      [Termination (ms): Min: 0.0, Avg: 0.3, Max: 0.6, Diff: 0.6, Sum: 4.5]
         [Termination Attempts: Min: 1, Avg: 1.0, Max: 1, Diff: 0, Sum: 18]
      [GC Worker Other (ms): Min: 0.0, Avg: 0.0, Max: 0.0, Diff: 0.0, Sum: 0.2]
      [GC Worker Total (ms): Min: 1.8, Avg: 2.0, Max: 2.1, Diff: 0.3, Sum: 35.9]
      [GC Worker End (ms): Min: 4471.7, Avg: 4471.7, Max: 4471.7, Diff: 0.0]
   [Code Root Fixup: 0.0 ms]
   [Code Root Purge: 0.0 ms]
   [Clear CT: 0.3 ms]
   [Other: 0.9 ms]
      [Choose CSet: 0.0 ms]
      [Ref Proc: 0.3 ms]
      [Ref Enq: 0.0 ms]
      [Redirty Cards: 0.2 ms]
      [Humongous Register: 0.2 ms]
      [Humongous Reclaim: 0.0 ms]
      [Free CSet: 0.0 ms]
   [Eden: 1024.0K(270.0M)->0.0B(279.0M) Survivors: 7168.0K->7168.0K Heap: 505.1M(1024.0M)->503.7M(1024.0M)]
 [Times: user=0.04 sys=0.00, real=0.00 secs] 
4.473: [GC concurrent-root-region-scan-start]
4.473: [GC concurrent-root-region-scan-end, 0.0001971 secs]
4.473: [GC concurrent-mark-start]
4.475: [GC concurrent-mark-end, 0.0022997 secs]
4.476: [GC remark 4.476: [Finalize Marking, 0.0003503 secs] 4.476: [GC ref-proc, 0.0004031 secs] 4.476: [Unloading, 0.0008692 secs], 0.0024611 secs]
 [Times: user=0.02 sys=0.01, real=0.00 secs] 
4.478: [GC cleanup 512M->507M(1024M), 0.0017849 secs]
 [Times: user=0.01 sys=0.00, real=0.00 secs] 
4.480: [GC concurrent-cleanup-start]
4.480: [GC concurrent-cleanup-end, 0.0000333 secs]
4.585: [GC pause (G1 Evacuation Pause) (young) (to-space exhausted), 0.0321357 secs]
   [Parallel Time: 30.0 ms, GC Workers: 18]
      [GC Worker Start (ms): Min: 4585.3, Avg: 4585.5, Max: 4585.6, Diff: 0.4]
      [Ext Root Scanning (ms): Min: 0.0, Avg: 0.2, Max: 0.4, Diff: 0.4, Sum: 3.0]
      [Update RS (ms): Min: 9.1, Avg: 9.3, Max: 10.0, Diff: 0.9, Sum: 166.9]
         [Processed Buffers: Min: 24, Avg: 26.5, Max: 31, Diff: 7, Sum: 477]
      [Scan RS (ms): Min: 0.0, Avg: 0.1, Max: 0.4, Diff: 0.4, Sum: 1.6]
      [Code Root Scanning (ms): Min: 0.0, Avg: 0.0, Max: 0.0, Diff: 0.0, Sum: 0.0]
      [Object Copy (ms): Min: 19.0, Avg: 19.8, Max: 20.1, Diff: 1.1, Sum: 355.5]
      [Termination (ms): Min: 0.0, Avg: 0.2, Max: 0.4, Diff: 0.4, Sum: 4.2]
         [Termination Attempts: Min: 1, Avg: 1.1, Max: 2, Diff: 1, Sum: 20]
      [GC Worker Other (ms): Min: 0.0, Avg: 0.0, Max: 0.1, Diff: 0.1, Sum: 0.7]
      [GC Worker Total (ms): Min: 29.4, Avg: 29.5, Max: 29.8, Diff: 0.4, Sum: 531.9]
      [GC Worker End (ms): Min: 4615.0, Avg: 4615.0, Max: 4615.1, Diff: 0.1]
   [Code Root Fixup: 0.0 ms]
   [Code Root Purge: 0.0 ms]
   [Clear CT: 0.3 ms]
   [Other: 1.8 ms]
      [Evacuation Failure: 0.3 ms]
      [Choose CSet: 0.0 ms]
      [Ref Proc: 0.2 ms]
      [Ref Enq: 0.0 ms]
      [Redirty Cards: 0.3 ms]
      [Humongous Register: 0.3 ms]
      [Humongous Reclaim: 0.3 ms]
      [Free CSet: 0.4 ms]
   [Eden: 279.0M(279.0M)->0.0B(15.0M) Survivors: 7168.0K->36.0M Heap: 848.5M(1024.0M)->588.2M(1024.0M)]
 [Times: user=0.51 sys=0.00, real=0.03 secs] 
4.623: [GC pause (G1 Evacuation Pause) (mixed), 0.0207175 secs]
   [Parallel Time: 19.2 ms, GC Workers: 18]
      [GC Worker Start (ms): Min: 4622.9, Avg: 4623.1, Max: 4623.3, Diff: 0.4]
      [Ext Root Scanning (ms): Min: 0.0, Avg: 0.2, Max: 0.4, Diff: 0.4, Sum: 3.4]
      [Update RS (ms): Min: 0.7, Avg: 0.8, Max: 0.9, Diff: 0.2, Sum: 14.9]
         [Processed Buffers: Min: 2, Avg: 3.5, Max: 6, Diff: 4, Sum: 63]
      [Scan RS (ms): Min: 0.0, Avg: 0.1, Max: 0.2, Diff: 0.2, Sum: 1.5]
      [Code Root Scanning (ms): Min: 0.0, Avg: 0.0, Max: 0.0, Diff: 0.0, Sum: 0.0]
      [Object Copy (ms): Min: 17.2, Avg: 17.5, Max: 17.7, Diff: 0.6, Sum: 314.7]
      [Termination (ms): Min: 0.0, Avg: 0.2, Max: 0.4, Diff: 0.4, Sum: 4.3]
         [Termination Attempts: Min: 1, Avg: 1.3, Max: 4, Diff: 3, Sum: 24]
      [GC Worker Other (ms): Min: 0.0, Avg: 0.0, Max: 0.0, Diff: 0.0, Sum: 0.3]
      [GC Worker Total (ms): Min: 18.7, Avg: 18.8, Max: 19.0, Diff: 0.4, Sum: 339.0]
      [GC Worker End (ms): Min: 4642.0, Avg: 4642.0, Max: 4642.0, Diff: 0.0]
   [Code Root Fixup: 0.0 ms]
   [Code Root Purge: 0.0 ms]
   [Clear CT: 0.3 ms]
   [Other: 1.3 ms]
      [Choose CSet: 0.1 ms]
      [Ref Proc: 0.3 ms]
      [Ref Enq: 0.0 ms]
      [Redirty Cards: 0.2 ms]
      [Humongous Register: 0.2 ms]
      [Humongous Reclaim: 0.1 ms]
      [Free CSet: 0.4 ms]
   [Eden: 15.0M(15.0M)->0.0B(46.0M) Survivors: 36.0M->5120.0K Heap: 608.2M(1024.0M)->519.8M(1024.0M)]
 [Times: user=0.29 sys=0.04, real=0.02 secs] 
4.661: [GC pause (G1 Evacuation Pause) (mixed), 0.0142683 secs]
   [Parallel Time: 12.8 ms, GC Workers: 18]
      [GC Worker Start (ms): Min: 4660.9, Avg: 4661.1, Max: 4661.3, Diff: 0.4]
      [Ext Root Scanning (ms): Min: 0.0, Avg: 0.2, Max: 0.4, Diff: 0.4, Sum: 3.4]
      [Update RS (ms): Min: 2.6, Avg: 2.8, Max: 2.9, Diff: 0.2, Sum: 49.9]
         [Processed Buffers: Min: 1, Avg: 8.7, Max: 11, Diff: 10, Sum: 157]
      [Scan RS (ms): Min: 0.0, Avg: 0.0, Max: 0.2, Diff: 0.1, Sum: 0.7]
      [Code Root Scanning (ms): Min: 0.0, Avg: 0.0, Max: 0.0, Diff: 0.0, Sum: 0.0]
      [Object Copy (ms): Min: 8.9, Avg: 9.2, Max: 9.5, Diff: 0.6, Sum: 165.8]
      [Termination (ms): Min: 0.0, Avg: 0.3, Max: 0.5, Diff: 0.5, Sum: 5.0]
         [Termination Attempts: Min: 1, Avg: 1.1, Max: 2, Diff: 1, Sum: 20]
      [GC Worker Other (ms): Min: 0.0, Avg: 0.0, Max: 0.1, Diff: 0.1, Sum: 0.6]
      [GC Worker Total (ms): Min: 12.3, Avg: 12.5, Max: 12.7, Diff: 0.4, Sum: 225.5]
      [GC Worker End (ms): Min: 4673.7, Avg: 4673.7, Max: 4673.7, Diff: 0.0]
   [Code Root Fixup: 0.0 ms]
   [Code Root Purge: 0.0 ms]
   [Clear CT: 0.2 ms]
   [Other: 1.2 ms]
      [Choose CSet: 0.0 ms]
      [Ref Proc: 0.3 ms]
      [Ref Enq: 0.0 ms]
      [Redirty Cards: 0.2 ms]
      [Humongous Register: 0.2 ms]
      [Humongous Reclaim: 0.1 ms]
      [Free CSet: 0.2 ms]
   [Eden: 46.0M(46.0M)->0.0B(254.0M) Survivors: 5120.0K->7168.0K Heap: 582.9M(1024.0M)->524.5M(1024.0M)]
 [Times: user=0.22 sys=0.00, real=0.02 secs] 
4.676: [GC pause (G1 Humongous Allocation) (young) (initial-mark), 0.0034497 secs]
   [Parallel Time: 2.3 ms, GC Workers: 18]
      [GC Worker Start (ms): Min: 4676.7, Avg: 4676.9, Max: 4677.0, Diff: 0.3]
      [Ext Root Scanning (ms): Min: 0.1, Avg: 0.2, Max: 0.3, Diff: 0.3, Sum: 3.3]
      [Update RS (ms): Min: 0.1, Avg: 0.2, Max: 0.5, Diff: 0.5, Sum: 4.3]
         [Processed Buffers: Min: 0, Avg: 1.1, Max: 2, Diff: 2, Sum: 19]
      [Scan RS (ms): Min: 0.0, Avg: 0.0, Max: 0.0, Diff: 0.0, Sum: 0.1]
      [Code Root Scanning (ms): Min: 0.0, Avg: 0.0, Max: 0.0, Diff: 0.0, Sum: 0.0]
      [Object Copy (ms): Min: 0.9, Avg: 1.3, Max: 1.6, Diff: 0.7, Sum: 23.3]
      [Termination (ms): Min: 0.0, Avg: 0.2, Max: 0.5, Diff: 0.5, Sum: 4.2]
         [Termination Attempts: Min: 1, Avg: 1.0, Max: 1, Diff: 0, Sum: 18]
      [GC Worker Other (ms): Min: 0.0, Avg: 0.0, Max: 0.0, Diff: 0.0, Sum: 0.2]
      [GC Worker Total (ms): Min: 1.8, Avg: 2.0, Max: 2.1, Diff: 0.3, Sum: 35.4]
      [GC Worker End (ms): Min: 4678.9, Avg: 4678.9, Max: 4678.9, Diff: 0.0]
   [Code Root Fixup: 0.0 ms]
   [Code Root Purge: 0.0 ms]
   [Clear CT: 0.2 ms]
   [Other: 0.9 ms]
      [Choose CSet: 0.0 ms]
      [Ref Proc: 0.3 ms]
      [Ref Enq: 0.0 ms]
      [Redirty Cards: 0.2 ms]
      [Humongous Register: 0.2 ms]
      [Humongous Reclaim: 0.0 ms]
      [Free CSet: 0.0 ms]
   [Eden: 3072.0K(254.0M)->0.0B(265.0M) Survivors: 7168.0K->9216.0K Heap: 527.5M(1024.0M)->526.4M(1024.0M)]
 [Times: user=0.04 sys=0.00, real=0.00 secs] 
4.680: [GC concurrent-root-region-scan-start]
4.680: [GC concurrent-root-region-scan-end, 0.0002135 secs]
4.680: [GC concurrent-mark-start]
4.683: [GC concurrent-mark-end, 0.0023540 secs]
4.683: [GC remark 4.683: [Finalize Marking, 0.0003627 secs] 4.683: [GC ref-proc, 0.0004087 secs] 4.684: [Unloading, 0.0007893 secs], 0.0024045 secs]
 [Times: user=0.02 sys=0.00, real=0.01 secs] 
4.685: [GC cleanup 536M->531M(1024M), 0.0015314 secs]
 [Times: user=0.02 sys=0.00, real=0.00 secs] 
4.687: [GC concurrent-cleanup-start]
4.687: [GC concurrent-cleanup-end, 0.0000307 secs]
4.787: [GC pause (G1 Evacuation Pause) (young) (to-space exhausted), 0.0288175 secs]
   [Parallel Time: 26.4 ms, GC Workers: 18]
      [GC Worker Start (ms): Min: 4787.5, Avg: 4787.7, Max: 4787.9, Diff: 0.4]
      [Ext Root Scanning (ms): Min: 0.0, Avg: 0.1, Max: 0.3, Diff: 0.3, Sum: 2.4]
      [Update RS (ms): Min: 9.7, Avg: 9.9, Max: 10.1, Diff: 0.3, Sum: 178.5]
         [Processed Buffers: Min: 26, Avg: 30.8, Max: 39, Diff: 13, Sum: 555]
      [Scan RS (ms): Min: 0.0, Avg: 0.1, Max: 0.2, Diff: 0.2, Sum: 1.2]
      [Code Root Scanning (ms): Min: 0.0, Avg: 0.0, Max: 0.0, Diff: 0.0, Sum: 0.0]
      [Object Copy (ms): Min: 15.4, Avg: 15.8, Max: 15.9, Diff: 0.5, Sum: 283.9]
      [Termination (ms): Min: 0.0, Avg: 0.1, Max: 0.1, Diff: 0.1, Sum: 1.0]
         [Termination Attempts: Min: 1, Avg: 1.3, Max: 3, Diff: 2, Sum: 23]
      [GC Worker Other (ms): Min: 0.0, Avg: 0.0, Max: 0.1, Diff: 0.1, Sum: 0.7]
      [GC Worker Total (ms): Min: 25.8, Avg: 26.0, Max: 26.2, Diff: 0.4, Sum: 467.7]
      [GC Worker End (ms): Min: 4813.7, Avg: 4813.7, Max: 4813.7, Diff: 0.1]
   [Code Root Fixup: 0.0 ms]
   [Code Root Purge: 0.0 ms]
   [Clear CT: 0.3 ms]
   [Other: 2.2 ms]
      [Evacuation Failure: 0.5 ms]
      [Choose CSet: 0.0 ms]
      [Ref Proc: 0.2 ms]
      [Ref Enq: 0.0 ms]
      [Redirty Cards: 0.2 ms]
      [Humongous Register: 0.4 ms]
      [Humongous Reclaim: 0.3 ms]
      [Free CSet: 0.3 ms]
   [Eden: 265.0M(265.0M)->0.0B(16.0M) Survivors: 9216.0K->35.0M Heap: 853.9M(1024.0M)->665.4M(1024.0M)]
 [Times: user=0.45 sys=0.01, real=0.03 secs] 
4.822: [GC pause (G1 Evacuation Pause) (mixed), 0.0200881 secs]
   [Parallel Time: 18.5 ms, GC Workers: 18]
      [GC Worker Start (ms): Min: 4822.4, Avg: 4822.6, Max: 4822.7, Diff: 0.3]
      [Ext Root Scanning (ms): Min: 0.0, Avg: 0.2, Max: 0.4, Diff: 0.3, Sum: 3.7]
      [Update RS (ms): Min: 0.8, Avg: 1.0, Max: 1.2, Diff: 0.4, Sum: 18.0]
         [Processed Buffers: Min: 3, Avg: 4.4, Max: 7, Diff: 4, Sum: 79]
      [Scan RS (ms): Min: 0.0, Avg: 0.1, Max: 0.5, Diff: 0.5, Sum: 1.5]
      [Code Root Scanning (ms): Min: 0.0, Avg: 0.0, Max: 0.0, Diff: 0.0, Sum: 0.0]
      [Object Copy (ms): Min: 16.2, Avg: 16.4, Max: 16.9, Diff: 0.7, Sum: 296.0]
      [Termination (ms): Min: 0.0, Avg: 0.3, Max: 0.5, Diff: 0.5, Sum: 5.8]
         [Termination Attempts: Min: 1, Avg: 1.1, Max: 3, Diff: 2, Sum: 20]
      [GC Worker Other (ms): Min: 0.0, Avg: 0.0, Max: 0.0, Diff: 0.0, Sum: 0.4]
      [GC Worker Total (ms): Min: 17.9, Avg: 18.1, Max: 18.2, Diff: 0.3, Sum: 325.5]
      [GC Worker End (ms): Min: 4840.6, Avg: 4840.6, Max: 4840.7, Diff: 0.0]
   [Code Root Fixup: 0.0 ms]
   [Code Root Purge: 0.0 ms]
   [Clear CT: 0.3 ms]
   [Other: 1.4 ms]
      [Choose CSet: 0.1 ms]
      [Ref Proc: 0.3 ms]
      [Ref Enq: 0.0 ms]
      [Redirty Cards: 0.3 ms]
      [Humongous Register: 0.2 ms]
      [Humongous Reclaim: 0.1 ms]
      [Free CSet: 0.4 ms]
   [Eden: 16.0M(16.0M)->0.0B(45.0M) Survivors: 35.0M->6144.0K Heap: 687.4M(1024.0M)->596.6M(1024.0M)]
 [Times: user=0.30 sys=0.02, real=0.02 secs] 
4.858: [GC pause (G1 Evacuation Pause) (mixed), 0.0139659 secs]
   [Parallel Time: 12.5 ms, GC Workers: 18]
      [GC Worker Start (ms): Min: 4858.2, Avg: 4858.3, Max: 4858.5, Diff: 0.3]
      [Ext Root Scanning (ms): Min: 0.0, Avg: 0.2, Max: 0.3, Diff: 0.3, Sum: 3.4]
      [Update RS (ms): Min: 2.0, Avg: 2.1, Max: 2.4, Diff: 0.4, Sum: 38.6]
         [Processed Buffers: Min: 6, Avg: 7.1, Max: 8, Diff: 2, Sum: 127]
      [Scan RS (ms): Min: 0.0, Avg: 0.0, Max: 0.1, Diff: 0.1, Sum: 0.6]
      [Code Root Scanning (ms): Min: 0.0, Avg: 0.0, Max: 0.0, Diff: 0.0, Sum: 0.0]
      [Object Copy (ms): Min: 9.3, Avg: 9.6, Max: 10.0, Diff: 0.6, Sum: 173.6]
      [Termination (ms): Min: 0.0, Avg: 0.2, Max: 0.5, Diff: 0.5, Sum: 3.8]
         [Termination Attempts: Min: 1, Avg: 1.0, Max: 1, Diff: 0, Sum: 18]
      [GC Worker Other (ms): Min: 0.0, Avg: 0.0, Max: 0.0, Diff: 0.0, Sum: 0.4]
      [GC Worker Total (ms): Min: 12.1, Avg: 12.2, Max: 12.4, Diff: 0.3, Sum: 220.2]
      [GC Worker End (ms): Min: 4870.6, Avg: 4870.6, Max: 4870.6, Diff: 0.0]
   [Code Root Fixup: 0.0 ms]
   [Code Root Purge: 0.0 ms]
   [Clear CT: 0.3 ms]
   [Other: 1.1 ms]
      [Choose CSet: 0.0 ms]
      [Ref Proc: 0.3 ms]
      [Ref Enq: 0.0 ms]
      [Redirty Cards: 0.2 ms]
      [Humongous Register: 0.2 ms]
      [Humongous Reclaim: 0.1 ms]
      [Free CSet: 0.2 ms]
   [Eden: 45.0M(45.0M)->0.0B(208.0M) Survivors: 6144.0K->7168.0K Heap: 655.3M(1024.0M)->589.8M(1024.0M)]
 [Times: user=0.21 sys=0.01, real=0.01 secs] 
4.874: [GC pause (G1 Humongous Allocation) (young) (initial-mark), 0.0037281 secs]
   [Parallel Time: 2.6 ms, GC Workers: 18]
      [GC Worker Start (ms): Min: 4873.9, Avg: 4874.1, Max: 4874.2, Diff: 0.3]
      [Ext Root Scanning (ms): Min: 0.0, Avg: 0.2, Max: 0.3, Diff: 0.3, Sum: 3.1]
      [Update RS (ms): Min: 0.1, Avg: 0.2, Max: 0.9, Diff: 0.9, Sum: 2.8]
         [Processed Buffers: Min: 0, Avg: 1.1, Max: 2, Diff: 2, Sum: 19]
      [Scan RS (ms): Min: 0.0, Avg: 0.0, Max: 0.0, Diff: 0.0, Sum: 0.1]
      [Code Root Scanning (ms): Min: 0.0, Avg: 0.0, Max: 0.0, Diff: 0.0, Sum: 0.0]
      [Object Copy (ms): Min: 1.0, Avg: 1.6, Max: 2.0, Diff: 1.0, Sum: 29.3]
      [Termination (ms): Min: 0.0, Avg: 0.3, Max: 0.6, Diff: 0.6, Sum: 4.7]
         [Termination Attempts: Min: 1, Avg: 1.1, Max: 2, Diff: 1, Sum: 19]
      [GC Worker Other (ms): Min: 0.0, Avg: 0.0, Max: 0.0, Diff: 0.0, Sum: 0.2]
      [GC Worker Total (ms): Min: 2.1, Avg: 2.2, Max: 2.4, Diff: 0.4, Sum: 40.2]
      [GC Worker End (ms): Min: 4876.3, Avg: 4876.3, Max: 4876.3, Diff: 0.0]
   [Code Root Fixup: 0.0 ms]
   [Code Root Purge: 0.0 ms]
   [Clear CT: 0.3 ms]
   [Other: 0.9 ms]
      [Choose CSet: 0.0 ms]
      [Ref Proc: 0.3 ms]
      [Ref Enq: 0.0 ms]
      [Redirty Cards: 0.2 ms]
      [Humongous Register: 0.2 ms]
      [Humongous Reclaim: 0.0 ms]
      [Free CSet: 0.0 ms]
   [Eden: 5120.0K(208.0M)->0.0B(206.0M) Survivors: 7168.0K->8192.0K Heap: 594.2M(1024.0M)->590.7M(1024.0M)]
 [Times: user=0.04 sys=0.00, real=0.01 secs] 
4.877: [GC concurrent-root-region-scan-start]
4.878: [GC concurrent-root-region-scan-end, 0.0001759 secs]
4.878: [GC concurrent-mark-start]
4.881: [GC concurrent-mark-end, 0.0030723 secs]
4.881: [GC remark 4.881: [Finalize Marking, 0.0004696 secs] 4.881: [GC ref-proc, 0.0003988 secs] 4.882: [Unloading, 0.0008952 secs], 0.0027488 secs]
 [Times: user=0.03 sys=0.00, real=0.00 secs] 
4.884: [GC cleanup 601M->591M(1024M), 0.0016450 secs]
 [Times: user=0.01 sys=0.00, real=0.01 secs] 
4.885: [GC concurrent-cleanup-start]
4.885: [GC concurrent-cleanup-end, 0.0000408 secs]
4.963: [GC pause (G1 Evacuation Pause) (young), 0.0303541 secs]
   [Parallel Time: 28.6 ms, GC Workers: 18]
      [GC Worker Start (ms): Min: 4963.3, Avg: 4963.5, Max: 4963.6, Diff: 0.3]
      [Ext Root Scanning (ms): Min: 0.0, Avg: 0.1, Max: 0.3, Diff: 0.3, Sum: 2.0]
      [Update RS (ms): Min: 9.0, Avg: 9.1, Max: 9.4, Diff: 0.4, Sum: 164.6]
         [Processed Buffers: Min: 24, Avg: 28.6, Max: 36, Diff: 12, Sum: 515]
      [Scan RS (ms): Min: 0.0, Avg: 0.0, Max: 0.1, Diff: 0.1, Sum: 0.8]
      [Code Root Scanning (ms): Min: 0.0, Avg: 0.0, Max: 0.0, Diff: 0.0, Sum: 0.0]
      [Object Copy (ms): Min: 18.3, Avg: 18.6, Max: 18.9, Diff: 0.6, Sum: 334.5]
      [Termination (ms): Min: 0.0, Avg: 0.3, Max: 0.6, Diff: 0.6, Sum: 4.7]
         [Termination Attempts: Min: 1, Avg: 1.1, Max: 2, Diff: 1, Sum: 19]
      [GC Worker Other (ms): Min: 0.0, Avg: 0.0, Max: 0.1, Diff: 0.1, Sum: 0.5]
      [GC Worker Total (ms): Min: 28.0, Avg: 28.2, Max: 28.4, Diff: 0.3, Sum: 507.1]
      [GC Worker End (ms): Min: 4991.6, Avg: 4991.6, Max: 4991.7, Diff: 0.0]
   [Code Root Fixup: 0.0 ms]
   [Code Root Purge: 0.0 ms]
   [Clear CT: 0.2 ms]
   [Other: 1.5 ms]
      [Choose CSet: 0.0 ms]
      [Ref Proc: 0.3 ms]
      [Ref Enq: 0.0 ms]
      [Redirty Cards: 0.3 ms]
      [Humongous Register: 0.2 ms]
      [Humongous Reclaim: 0.3 ms]
      [Free CSet: 0.3 ms]
   [Eden: 206.0M(206.0M)->0.0B(24.0M) Survivors: 8192.0K->27.0M Heap: 849.5M(1024.0M)->638.8M(1024.0M)]
 [Times: user=0.48 sys=0.03, real=0.03 secs] 
5.003: [GC pause (G1 Evacuation Pause) (mixed), 0.0169405 secs]
   [Parallel Time: 15.2 ms, GC Workers: 18]
      [GC Worker Start (ms): Min: 5003.8, Avg: 5004.0, Max: 5004.2, Diff: 0.4]
      [Ext Root Scanning (ms): Min: 0.0, Avg: 0.2, Max: 0.4, Diff: 0.4, Sum: 3.1]
      [Update RS (ms): Min: 1.2, Avg: 1.3, Max: 1.5, Diff: 0.3, Sum: 23.8]
         [Processed Buffers: Min: 3, Avg: 4.6, Max: 6, Diff: 3, Sum: 82]
      [Scan RS (ms): Min: 0.0, Avg: 0.0, Max: 0.2, Diff: 0.1, Sum: 0.8]
      [Code Root Scanning (ms): Min: 0.0, Avg: 0.0, Max: 0.0, Diff: 0.0, Sum: 0.0]
      [Object Copy (ms): Min: 12.8, Avg: 13.0, Max: 13.2, Diff: 0.5, Sum: 234.3]
      [Termination (ms): Min: 0.0, Avg: 0.2, Max: 0.4, Diff: 0.4, Sum: 3.3]
         [Termination Attempts: Min: 1, Avg: 1.1, Max: 2, Diff: 1, Sum: 19]
      [GC Worker Other (ms): Min: 0.0, Avg: 0.0, Max: 0.0, Diff: 0.0, Sum: 0.4]
      [GC Worker Total (ms): Min: 14.6, Avg: 14.8, Max: 15.0, Diff: 0.4, Sum: 265.7]
      [GC Worker End (ms): Min: 5018.8, Avg: 5018.8, Max: 5018.8, Diff: 0.0]
   [Code Root Fixup: 0.0 ms]
   [Code Root Purge: 0.0 ms]
   [Clear CT: 0.2 ms]
   [Other: 1.5 ms]
      [Choose CSet: 0.1 ms]
      [Ref Proc: 0.3 ms]
      [Ref Enq: 0.0 ms]
      [Redirty Cards: 0.3 ms]
      [Humongous Register: 0.2 ms]
      [Humongous Reclaim: 0.1 ms]
      [Free CSet: 0.4 ms]
   [Eden: 24.0M(24.0M)->0.0B(45.0M) Survivors: 27.0M->6144.0K Heap: 670.7M(1024.0M)->557.1M(1024.0M)]
 [Times: user=0.24 sys=0.01, real=0.02 secs] 
5.038: [GC pause (G1 Evacuation Pause) (mixed), 0.0206932 secs]
   [Parallel Time: 18.9 ms, GC Workers: 18]
      [GC Worker Start (ms): Min: 5038.5, Avg: 5038.7, Max: 5038.9, Diff: 0.3]
      [Ext Root Scanning (ms): Min: 0.0, Avg: 0.2, Max: 0.3, Diff: 0.3, Sum: 3.1]
      [Update RS (ms): Min: 2.5, Avg: 2.7, Max: 2.7, Diff: 0.2, Sum: 48.0]
         [Processed Buffers: Min: 8, Avg: 8.8, Max: 11, Diff: 3, Sum: 158]
      [Scan RS (ms): Min: 0.0, Avg: 0.1, Max: 0.2, Diff: 0.2, Sum: 1.0]
      [Code Root Scanning (ms): Min: 0.0, Avg: 0.0, Max: 0.2, Diff: 0.2, Sum: 0.2]
      [Object Copy (ms): Min: 15.2, Avg: 15.3, Max: 15.6, Diff: 0.5, Sum: 276.1]
      [Termination (ms): Min: 0.0, Avg: 0.3, Max: 0.5, Diff: 0.5, Sum: 5.3]
         [Termination Attempts: Min: 1, Avg: 1.0, Max: 1, Diff: 0, Sum: 18]
      [GC Worker Other (ms): Min: 0.0, Avg: 0.0, Max: 0.0, Diff: 0.0, Sum: 0.2]
      [GC Worker Total (ms): Min: 18.4, Avg: 18.6, Max: 18.7, Diff: 0.3, Sum: 333.9]
      [GC Worker End (ms): Min: 5057.2, Avg: 5057.2, Max: 5057.3, Diff: 0.0]
   [Code Root Fixup: 0.0 ms]
   [Code Root Purge: 0.0 ms]
   [Clear CT: 0.2 ms]
   [Other: 1.5 ms]
      [Choose CSet: 0.1 ms]
      [Ref Proc: 0.3 ms]
      [Ref Enq: 0.0 ms]
      [Redirty Cards: 0.3 ms]
      [Humongous Register: 0.2 ms]
      [Humongous Reclaim: 0.1 ms]
      [Free CSet: 0.4 ms]
   [Eden: 45.0M(45.0M)->0.0B(44.0M) Survivors: 6144.0K->7168.0K Heap: 619.5M(1024.0M)->512.3M(1024.0M)]
 [Times: user=0.30 sys=0.02, real=0.02 secs] 
5.077: [GC pause (G1 Evacuation Pause) (mixed), 0.0111382 secs]
   [Parallel Time: 9.6 ms, GC Workers: 18]
      [GC Worker Start (ms): Min: 5077.2, Avg: 5077.4, Max: 5077.6, Diff: 0.4]
      [Ext Root Scanning (ms): Min: 0.0, Avg: 0.2, Max: 0.4, Diff: 0.4, Sum: 3.0]
      [Update RS (ms): Min: 1.9, Avg: 2.2, Max: 2.4, Diff: 0.4, Sum: 39.7]
         [Processed Buffers: Min: 5, Avg: 7.2, Max: 9, Diff: 4, Sum: 129]
      [Scan RS (ms): Min: 0.0, Avg: 0.0, Max: 0.0, Diff: 0.0, Sum: 0.2]
      [Code Root Scanning (ms): Min: 0.0, Avg: 0.0, Max: 0.0, Diff: 0.0, Sum: 0.0]
      [Object Copy (ms): Min: 6.2, Avg: 6.6, Max: 7.0, Diff: 0.8, Sum: 118.9]
      [Termination (ms): Min: 0.0, Avg: 0.2, Max: 0.5, Diff: 0.5, Sum: 3.8]
         [Termination Attempts: Min: 1, Avg: 1.1, Max: 3, Diff: 2, Sum: 20]
      [GC Worker Other (ms): Min: 0.0, Avg: 0.0, Max: 0.0, Diff: 0.0, Sum: 0.3]
      [GC Worker Total (ms): Min: 9.0, Avg: 9.2, Max: 9.4, Diff: 0.4, Sum: 166.0]
      [GC Worker End (ms): Min: 5086.6, Avg: 5086.6, Max: 5086.7, Diff: 0.0]
   [Code Root Fixup: 0.0 ms]
   [Code Root Purge: 0.0 ms]
   [Clear CT: 0.2 ms]
   [Other: 1.3 ms]
      [Choose CSet: 0.0 ms]
      [Ref Proc: 0.4 ms]
      [Ref Enq: 0.0 ms]
      [Redirty Cards: 0.3 ms]
      [Humongous Register: 0.2 ms]
      [Humongous Reclaim: 0.1 ms]
      [Free CSet: 0.1 ms]
   [Eden: 44.0M(44.0M)->0.0B(249.0M) Survivors: 7168.0K->7168.0K Heap: 570.0M(1024.0M)->525.3M(1024.0M)]
 [Times: user=0.16 sys=0.01, real=0.01 secs] 
5.089: [GC pause (G1 Humongous Allocation) (young) (initial-mark), 0.0032291 secs]
   [Parallel Time: 2.1 ms, GC Workers: 18]
      [GC Worker Start (ms): Min: 5089.2, Avg: 5089.3, Max: 5089.5, Diff: 0.3]
      [Ext Root Scanning (ms): Min: 0.0, Avg: 0.2, Max: 0.3, Diff: 0.3, Sum: 3.2]
      [Update RS (ms): Min: 0.1, Avg: 0.1, Max: 0.4, Diff: 0.3, Sum: 2.1]
         [Processed Buffers: Min: 0, Avg: 0.9, Max: 2, Diff: 2, Sum: 17]
      [Scan RS (ms): Min: 0.0, Avg: 0.0, Max: 0.0, Diff: 0.0, Sum: 0.1]
      [Code Root Scanning (ms): Min: 0.0, Avg: 0.0, Max: 0.0, Diff: 0.0, Sum: 0.0]
      [Object Copy (ms): Min: 0.7, Avg: 1.1, Max: 1.4, Diff: 0.7, Sum: 19.7]
      [Termination (ms): Min: 0.0, Avg: 0.3, Max: 0.7, Diff: 0.7, Sum: 5.7]
         [Termination Attempts: Min: 1, Avg: 1.0, Max: 1, Diff: 0, Sum: 18]
      [GC Worker Other (ms): Min: 0.0, Avg: 0.0, Max: 0.0, Diff: 0.0, Sum: 0.3]
      [GC Worker Total (ms): Min: 1.6, Avg: 1.7, Max: 1.9, Diff: 0.3, Sum: 31.0]
      [GC Worker End (ms): Min: 5091.0, Avg: 5091.0, Max: 5091.1, Diff: 0.0]
   [Code Root Fixup: 0.0 ms]
   [Code Root Purge: 0.0 ms]
   [Clear CT: 0.3 ms]
   [Other: 0.9 ms]
      [Choose CSet: 0.0 ms]
      [Ref Proc: 0.2 ms]
      [Ref Enq: 0.0 ms]
      [Redirty Cards: 0.2 ms]
      [Humongous Register: 0.2 ms]
      [Humongous Reclaim: 0.0 ms]
      [Free CSet: 0.0 ms]
   [Eden: 2048.0K(249.0M)->0.0B(258.0M) Survivors: 7168.0K->7168.0K Heap: 526.8M(1024.0M)->525.0M(1024.0M)]
 [Times: user=0.03 sys=0.00, real=0.00 secs] 
5.092: [GC concurrent-root-region-scan-start]
5.092: [GC concurrent-root-region-scan-end, 0.0001879 secs]
5.092: [GC concurrent-mark-start]
5.095: [GC concurrent-mark-end, 0.0024112 secs]
5.095: [GC remark 5.095: [Finalize Marking, 0.0005879 secs] 5.096: [GC ref-proc, 0.0003986 secs] 5.096: [Unloading, 0.0008965 secs], 0.0027488 secs]
 [Times: user=0.02 sys=0.00, real=0.00 secs] 
5.098: [GC cleanup 532M->527M(1024M), 0.0016055 secs]
 [Times: user=0.01 sys=0.00, real=0.00 secs] 
5.099: [GC concurrent-cleanup-start]
5.099: [GC concurrent-cleanup-end, 0.0000357 secs]
5.196: [GC pause (G1 Evacuation Pause) (young) (to-space exhausted), 0.0323309 secs]
   [Parallel Time: 30.2 ms, GC Workers: 18]
      [GC Worker Start (ms): Min: 5196.4, Avg: 5196.5, Max: 5196.7, Diff: 0.3]
      [Ext Root Scanning (ms): Min: 0.0, Avg: 0.1, Max: 0.3, Diff: 0.3, Sum: 2.6]
      [Update RS (ms): Min: 8.4, Avg: 8.6, Max: 8.8, Diff: 0.3, Sum: 155.2]
         [Processed Buffers: Min: 24, Avg: 27.1, Max: 34, Diff: 10, Sum: 487]
      [Scan RS (ms): Min: 0.0, Avg: 0.1, Max: 0.1, Diff: 0.1, Sum: 1.0]
      [Code Root Scanning (ms): Min: 0.0, Avg: 0.0, Max: 0.0, Diff: 0.0, Sum: 0.0]
      [Object Copy (ms): Min: 20.6, Avg: 20.8, Max: 21.1, Diff: 0.5, Sum: 374.4]
      [Termination (ms): Min: 0.0, Avg: 0.2, Max: 0.3, Diff: 0.3, Sum: 3.0]
         [Termination Attempts: Min: 1, Avg: 1.0, Max: 1, Diff: 0, Sum: 18]
      [GC Worker Other (ms): Min: 0.0, Avg: 0.0, Max: 0.1, Diff: 0.0, Sum: 0.5]
      [GC Worker Total (ms): Min: 29.6, Avg: 29.8, Max: 30.0, Diff: 0.3, Sum: 536.7]
      [GC Worker End (ms): Min: 5226.3, Avg: 5226.3, Max: 5226.4, Diff: 0.0]
   [Code Root Fixup: 0.0 ms]
   [Code Root Purge: 0.0 ms]
   [Clear CT: 0.3 ms]
   [Other: 1.8 ms]
      [Evacuation Failure: 0.4 ms]
      [Choose CSet: 0.0 ms]
      [Ref Proc: 0.3 ms]
      [Ref Enq: 0.0 ms]
      [Redirty Cards: 0.2 ms]
      [Humongous Register: 0.3 ms]
      [Humongous Reclaim: 0.3 ms]
      [Free CSet: 0.3 ms]
   [Eden: 258.0M(258.0M)->0.0B(17.0M) Survivors: 7168.0K->34.0M Heap: 837.2M(1024.0M)->609.7M(1024.0M)]
 [Times: user=0.53 sys=0.00, real=0.03 secs] 
5.234: [GC pause (G1 Evacuation Pause) (mixed), 0.0194254 secs]
   [Parallel Time: 17.8 ms, GC Workers: 18]
      [GC Worker Start (ms): Min: 5234.1, Avg: 5234.2, Max: 5234.3, Diff: 0.3]
      [Ext Root Scanning (ms): Min: 0.1, Avg: 0.2, Max: 0.4, Diff: 0.3, Sum: 4.0]
      [Update RS (ms): Min: 0.1, Avg: 0.3, Max: 0.4, Diff: 0.3, Sum: 5.8]
         [Processed Buffers: Min: 1, Avg: 2.8, Max: 8, Diff: 7, Sum: 50]
      [Scan RS (ms): Min: 0.0, Avg: 0.1, Max: 0.3, Diff: 0.3, Sum: 1.2]
      [Code Root Scanning (ms): Min: 0.0, Avg: 0.0, Max: 0.0, Diff: 0.0, Sum: 0.1]
      [Object Copy (ms): Min: 16.0, Avg: 16.5, Max: 16.8, Diff: 0.8, Sum: 297.0]
      [Termination (ms): Min: 0.0, Avg: 0.3, Max: 0.8, Diff: 0.8, Sum: 6.0]
         [Termination Attempts: Min: 1, Avg: 1.0, Max: 1, Diff: 0, Sum: 18]
      [GC Worker Other (ms): Min: 0.0, Avg: 0.0, Max: 0.0, Diff: 0.0, Sum: 0.2]
      [GC Worker Total (ms): Min: 17.3, Avg: 17.5, Max: 17.6, Diff: 0.3, Sum: 314.3]
      [GC Worker End (ms): Min: 5251.7, Avg: 5251.7, Max: 5251.7, Diff: 0.0]
   [Code Root Fixup: 0.0 ms]
   [Code Root Purge: 0.0 ms]
   [Clear CT: 0.3 ms]
   [Other: 1.3 ms]
      [Choose CSet: 0.1 ms]
      [Ref Proc: 0.3 ms]
      [Ref Enq: 0.0 ms]
      [Redirty Cards: 0.3 ms]
      [Humongous Register: 0.2 ms]
      [Humongous Reclaim: 0.0 ms]
      [Free CSet: 0.3 ms]
   [Eden: 17.0M(17.0M)->0.0B(45.0M) Survivors: 34.0M->6144.0K Heap: 628.7M(1024.0M)->537.8M(1024.0M)]
 [Times: user=0.30 sys=0.02, real=0.02 secs] 
5.272: [GC pause (G1 Evacuation Pause) (mixed), 0.0113248 secs]
   [Parallel Time: 10.2 ms, GC Workers: 18]
      [GC Worker Start (ms): Min: 5271.7, Avg: 5271.9, Max: 5272.1, Diff: 0.4]
      [Ext Root Scanning (ms): Min: 0.0, Avg: 0.1, Max: 0.4, Diff: 0.4, Sum: 2.7]
      [Update RS (ms): Min: 2.8, Avg: 3.0, Max: 3.2, Diff: 0.4, Sum: 53.8]
         [Processed Buffers: Min: 7, Avg: 9.0, Max: 10, Diff: 3, Sum: 162]
      [Scan RS (ms): Min: 0.0, Avg: 0.0, Max: 0.1, Diff: 0.1, Sum: 0.4]
      [Code Root Scanning (ms): Min: 0.0, Avg: 0.0, Max: 0.0, Diff: 0.0, Sum: 0.0]
      [Object Copy (ms): Min: 5.9, Avg: 6.2, Max: 6.6, Diff: 0.7, Sum: 112.4]
      [Termination (ms): Min: 0.0, Avg: 0.3, Max: 0.5, Diff: 0.5, Sum: 4.7]
         [Termination Attempts: Min: 1, Avg: 1.0, Max: 1, Diff: 0, Sum: 18]
      [GC Worker Other (ms): Min: 0.0, Avg: 0.0, Max: 0.0, Diff: 0.0, Sum: 0.4]
      [GC Worker Total (ms): Min: 9.5, Avg: 9.7, Max: 9.9, Diff: 0.4, Sum: 174.4]
      [GC Worker End (ms): Min: 5281.6, Avg: 5281.6, Max: 5281.7, Diff: 0.0]
   [Code Root Fixup: 0.0 ms]
   [Code Root Purge: 0.0 ms]
   [Clear CT: 0.2 ms]
   [Other: 0.9 ms]
      [Choose CSet: 0.0 ms]
      [Ref Proc: 0.2 ms]
      [Ref Enq: 0.0 ms]
      [Redirty Cards: 0.2 ms]
      [Humongous Register: 0.1 ms]
      [Humongous Reclaim: 0.1 ms]
      [Free CSet: 0.1 ms]
   [Eden: 45.0M(45.0M)->0.0B(248.0M) Survivors: 6144.0K->7168.0K Heap: 600.6M(1024.0M)->534.4M(1024.0M)]
 [Times: user=0.18 sys=0.00, real=0.01 secs] 
5.283: [GC pause (G1 Humongous Allocation) (young) (initial-mark), 0.0033831 secs]
   [Parallel Time: 2.2 ms, GC Workers: 18]
      [GC Worker Start (ms): Min: 5283.7, Avg: 5283.9, Max: 5284.1, Diff: 0.4]
      [Ext Root Scanning (ms): Min: 0.0, Avg: 0.2, Max: 0.4, Diff: 0.4, Sum: 2.9]
      [Update RS (ms): Min: 0.1, Avg: 0.2, Max: 0.6, Diff: 0.5, Sum: 3.8]
         [Processed Buffers: Min: 0, Avg: 0.9, Max: 2, Diff: 2, Sum: 17]
      [Scan RS (ms): Min: 0.0, Avg: 0.0, Max: 0.0, Diff: 0.0, Sum: 0.1]
      [Code Root Scanning (ms): Min: 0.0, Avg: 0.0, Max: 0.0, Diff: 0.0, Sum: 0.0]
      [Object Copy (ms): Min: 0.8, Avg: 1.2, Max: 1.5, Diff: 0.8, Sum: 22.2]
      [Termination (ms): Min: 0.0, Avg: 0.2, Max: 0.4, Diff: 0.4, Sum: 4.4]
         [Termination Attempts: Min: 1, Avg: 1.0, Max: 1, Diff: 0, Sum: 18]
      [GC Worker Other (ms): Min: 0.0, Avg: 0.0, Max: 0.0, Diff: 0.0, Sum: 0.3]
      [GC Worker Total (ms): Min: 1.7, Avg: 1.9, Max: 2.1, Diff: 0.4, Sum: 33.7]
      [GC Worker End (ms): Min: 5285.8, Avg: 5285.8, Max: 5285.8, Diff: 0.0]
   [Code Root Fixup: 0.0 ms]
   [Code Root Purge: 0.0 ms]
   [Clear CT: 0.2 ms]
   [Other: 0.9 ms]
      [Choose CSet: 0.0 ms]
      [Ref Proc: 0.2 ms]
      [Ref Enq: 0.0 ms]
      [Redirty Cards: 0.2 ms]
      [Humongous Register: 0.2 ms]
      [Humongous Reclaim: 0.0 ms]
      [Free CSet: 0.0 ms]
   [Eden: 2048.0K(248.0M)->0.0B(237.0M) Survivors: 7168.0K->7168.0K Heap: 535.6M(1024.0M)->534.3M(1024.0M)]
 [Times: user=0.03 sys=0.00, real=0.01 secs] 
5.287: [GC concurrent-root-region-scan-start]
5.287: [GC concurrent-root-region-scan-end, 0.0001941 secs]
5.287: [GC concurrent-mark-start]
5.289: [GC concurrent-mark-end, 0.0021067 secs]
5.289: [GC remark 5.289: [Finalize Marking, 0.0004093 secs] 5.290: [GC ref-proc, 0.0004106 secs] 5.290: [Unloading, 0.0010169 secs], 0.0027959 secs]
 [Times: user=0.02 sys=0.01, real=0.00 secs] 
5.292: [GC cleanup 541M->540M(1024M), 0.0017001 secs]
 [Times: user=0.01 sys=0.00, real=0.00 secs] 
5.294: [GC concurrent-cleanup-start]
5.294: [GC concurrent-cleanup-end, 0.0000198 secs]
5.384: [GC pause (G1 Evacuation Pause) (young), 0.0313380 secs]
   [Parallel Time: 29.4 ms, GC Workers: 18]
      [GC Worker Start (ms): Min: 5384.4, Avg: 5384.6, Max: 5384.9, Diff: 0.6]
      [Ext Root Scanning (ms): Min: 0.0, Avg: 0.2, Max: 0.5, Diff: 0.5, Sum: 3.6]
      [Update RS (ms): Min: 9.7, Avg: 9.9, Max: 10.1, Diff: 0.4, Sum: 177.7]
         [Processed Buffers: Min: 21, Avg: 25.7, Max: 32, Diff: 11, Sum: 463]
      [Scan RS (ms): Min: 0.0, Avg: 0.1, Max: 0.2, Diff: 0.2, Sum: 1.3]
      [Code Root Scanning (ms): Min: 0.0, Avg: 0.0, Max: 0.0, Diff: 0.0, Sum: 0.0]
      [Object Copy (ms): Min: 18.1, Avg: 18.5, Max: 18.9, Diff: 0.8, Sum: 333.5]
      [Termination (ms): Min: 0.0, Avg: 0.2, Max: 0.5, Diff: 0.5, Sum: 4.2]
         [Termination Attempts: Min: 1, Avg: 1.0, Max: 1, Diff: 0, Sum: 18]
      [GC Worker Other (ms): Min: 0.0, Avg: 0.0, Max: 0.1, Diff: 0.0, Sum: 0.6]
      [GC Worker Total (ms): Min: 28.6, Avg: 28.9, Max: 29.2, Diff: 0.6, Sum: 520.9]
      [GC Worker End (ms): Min: 5413.6, Avg: 5413.6, Max: 5413.6, Diff: 0.0]
   [Code Root Fixup: 0.0 ms]
   [Code Root Purge: 0.0 ms]
   [Clear CT: 0.3 ms]
   [Other: 1.6 ms]
      [Choose CSet: 0.0 ms]
      [Ref Proc: 0.2 ms]
      [Ref Enq: 0.0 ms]
      [Redirty Cards: 0.3 ms]
      [Humongous Register: 0.4 ms]
      [Humongous Reclaim: 0.3 ms]
      [Free CSet: 0.3 ms]
   [Eden: 237.0M(237.0M)->0.0B(20.0M) Survivors: 7168.0K->31.0M Heap: 826.5M(1024.0M)->592.3M(1024.0M)]
 [Times: user=0.51 sys=0.01, real=0.04 secs] 
5.423: [GC pause (G1 Evacuation Pause) (mixed), 0.0171644 secs]
   [Parallel Time: 15.6 ms, GC Workers: 18]
      [GC Worker Start (ms): Min: 5423.7, Avg: 5423.9, Max: 5424.1, Diff: 0.4]
      [Ext Root Scanning (ms): Min: 0.0, Avg: 0.1, Max: 0.4, Diff: 0.4, Sum: 2.5]
      [Update RS (ms): Min: 0.8, Avg: 0.9, Max: 1.0, Diff: 0.3, Sum: 16.2]
         [Processed Buffers: Min: 3, Avg: 3.4, Max: 6, Diff: 3, Sum: 61]
      [Scan RS (ms): Min: 0.0, Avg: 0.1, Max: 0.1, Diff: 0.1, Sum: 1.2]
      [Code Root Scanning (ms): Min: 0.0, Avg: 0.0, Max: 0.0, Diff: 0.0, Sum: 0.0]
      [Object Copy (ms): Min: 13.6, Avg: 13.9, Max: 14.2, Diff: 0.5, Sum: 250.6]
      [Termination (ms): Min: 0.0, Avg: 0.3, Max: 0.5, Diff: 0.5, Sum: 4.5]
         [Termination Attempts: Min: 1, Avg: 1.3, Max: 3, Diff: 2, Sum: 24]
      [GC Worker Other (ms): Min: 0.0, Avg: 0.0, Max: 0.1, Diff: 0.0, Sum: 0.4]
      [GC Worker Total (ms): Min: 15.1, Avg: 15.3, Max: 15.5, Diff: 0.4, Sum: 275.3]
      [GC Worker End (ms): Min: 5439.2, Avg: 5439.2, Max: 5439.2, Diff: 0.0]
   [Code Root Fixup: 0.0 ms]
   [Code Root Purge: 0.0 ms]
   [Clear CT: 0.2 ms]
   [Other: 1.3 ms]
      [Choose CSet: 0.1 ms]
      [Ref Proc: 0.3 ms]
      [Ref Enq: 0.0 ms]
      [Redirty Cards: 0.3 ms]
      [Humongous Register: 0.2 ms]
      [Humongous Reclaim: 0.0 ms]
      [Free CSet: 0.3 ms]
   [Eden: 20.0M(20.0M)->0.0B(46.0M) Survivors: 31.0M->5120.0K Heap: 617.7M(1024.0M)->520.1M(1024.0M)]
 [Times: user=0.28 sys=0.00, real=0.02 secs] 
5.457: [GC pause (G1 Evacuation Pause) (mixed), 0.0141343 secs]
   [Parallel Time: 12.7 ms, GC Workers: 18]
      [GC Worker Start (ms): Min: 5457.3, Avg: 5457.5, Max: 5457.6, Diff: 0.3]
      [Ext Root Scanning (ms): Min: 0.0, Avg: 0.2, Max: 0.4, Diff: 0.3, Sum: 3.5]
      [Update RS (ms): Min: 1.6, Avg: 1.7, Max: 1.8, Diff: 0.3, Sum: 31.5]
         [Processed Buffers: Min: 5, Avg: 6.1, Max: 10, Diff: 5, Sum: 109]
      [Scan RS (ms): Min: 0.0, Avg: 0.0, Max: 0.2, Diff: 0.2, Sum: 0.7]
      [Code Root Scanning (ms): Min: 0.0, Avg: 0.0, Max: 0.1, Diff: 0.1, Sum: 0.1]
      [Object Copy (ms): Min: 10.0, Avg: 10.1, Max: 10.2, Diff: 0.3, Sum: 181.6]
      [Termination (ms): Min: 0.0, Avg: 0.2, Max: 0.3, Diff: 0.3, Sum: 3.8]
         [Termination Attempts: Min: 1, Avg: 1.0, Max: 1, Diff: 0, Sum: 18]
      [GC Worker Other (ms): Min: 0.0, Avg: 0.0, Max: 0.0, Diff: 0.0, Sum: 0.3]
      [GC Worker Total (ms): Min: 12.1, Avg: 12.3, Max: 12.5, Diff: 0.4, Sum: 221.4]
      [GC Worker End (ms): Min: 5469.8, Avg: 5469.8, Max: 5469.8, Diff: 0.0]
   [Code Root Fixup: 0.0 ms]
   [Code Root Purge: 0.0 ms]
   [Clear CT: 0.2 ms]
   [Other: 1.2 ms]
      [Choose CSet: 0.0 ms]
      [Ref Proc: 0.3 ms]
      [Ref Enq: 0.0 ms]
      [Redirty Cards: 0.3 ms]
      [Humongous Register: 0.2 ms]
      [Humongous Reclaim: 0.1 ms]
      [Free CSet: 0.2 ms]
   [Eden: 46.0M(46.0M)->0.0B(260.0M) Survivors: 5120.0K->7168.0K Heap: 577.2M(1024.0M)->507.8M(1024.0M)]
 [Times: user=0.21 sys=0.01, real=0.01 secs] 
5.472: [GC pause (G1 Humongous Allocation) (young) (initial-mark), 0.0032450 secs]
   [Parallel Time: 2.2 ms, GC Workers: 18]
      [GC Worker Start (ms): Min: 5472.6, Avg: 5472.8, Max: 5473.0, Diff: 0.3]
      [Ext Root Scanning (ms): Min: 0.0, Avg: 0.2, Max: 0.3, Diff: 0.3, Sum: 3.0]
      [Update RS (ms): Min: 0.1, Avg: 0.2, Max: 0.6, Diff: 0.6, Sum: 4.3]
         [Processed Buffers: Min: 0, Avg: 1.1, Max: 2, Diff: 2, Sum: 19]
      [Scan RS (ms): Min: 0.0, Avg: 0.0, Max: 0.0, Diff: 0.0, Sum: 0.1]
      [Code Root Scanning (ms): Min: 0.0, Avg: 0.0, Max: 0.0, Diff: 0.0, Sum: 0.0]
      [Object Copy (ms): Min: 0.5, Avg: 1.1, Max: 1.5, Diff: 1.0, Sum: 20.3]
      [Termination (ms): Min: 0.0, Avg: 0.2, Max: 0.5, Diff: 0.5, Sum: 3.6]
         [Termination Attempts: Min: 1, Avg: 1.0, Max: 1, Diff: 0, Sum: 18]
      [GC Worker Other (ms): Min: 0.0, Avg: 0.0, Max: 0.0, Diff: 0.0, Sum: 0.2]
      [GC Worker Total (ms): Min: 1.6, Avg: 1.7, Max: 1.9, Diff: 0.3, Sum: 31.5]
      [GC Worker End (ms): Min: 5474.6, Avg: 5474.6, Max: 5474.6, Diff: 0.0]
   [Code Root Fixup: 0.0 ms]
   [Code Root Purge: 0.0 ms]
   [Clear CT: 0.2 ms]
   [Other: 0.9 ms]
      [Choose CSet: 0.0 ms]
      [Ref Proc: 0.3 ms]
      [Ref Enq: 0.0 ms]
      [Redirty Cards: 0.2 ms]
      [Humongous Register: 0.2 ms]
      [Humongous Reclaim: 0.0 ms]
      [Free CSet: 0.0 ms]
   [Eden: 3072.0K(260.0M)->0.0B(250.0M) Survivors: 7168.0K->8192.0K Heap: 510.4M(1024.0M)->508.2M(1024.0M)]
 [Times: user=0.04 sys=0.00, real=0.01 secs] 
5.476: [GC concurrent-root-region-scan-start]
5.476: [GC concurrent-root-region-scan-end, 0.0001670 secs]
5.476: [GC concurrent-mark-start]
5.478: [GC concurrent-mark-end, 0.0019079 secs]
5.478: [GC remark 5.478: [Finalize Marking, 0.0003627 secs] 5.478: [GC ref-proc, 0.0003999 secs] 5.479: [Unloading, 0.0009151 secs], 0.0025315 secs]
 [Times: user=0.02 sys=0.00, real=0.00 secs] 
5.481: [GC cleanup 514M->511M(1024M), 0.0016776 secs]
 [Times: user=0.02 sys=0.00, real=0.00 secs] 
5.482: [GC concurrent-cleanup-start]
5.482: [GC concurrent-cleanup-end, 0.0000240 secs]
5.578: [GC pause (G1 Evacuation Pause) (young), 0.0342468 secs]
   [Parallel Time: 32.4 ms, GC Workers: 18]
      [GC Worker Start (ms): Min: 5578.0, Avg: 5578.2, Max: 5578.3, Diff: 0.3]
      [Ext Root Scanning (ms): Min: 0.0, Avg: 0.1, Max: 0.3, Diff: 0.3, Sum: 1.9]
      [Update RS (ms): Min: 10.4, Avg: 10.6, Max: 10.7, Diff: 0.3, Sum: 189.9]
         [Processed Buffers: Min: 31, Avg: 32.8, Max: 37, Diff: 6, Sum: 590]
      [Scan RS (ms): Min: 0.0, Avg: 0.1, Max: 0.3, Diff: 0.3, Sum: 1.5]
      [Code Root Scanning (ms): Min: 0.0, Avg: 0.0, Max: 0.0, Diff: 0.0, Sum: 0.0]
      [Object Copy (ms): Min: 20.3, Avg: 20.9, Max: 21.2, Diff: 0.9, Sum: 376.0]
      [Termination (ms): Min: 0.0, Avg: 0.3, Max: 0.5, Diff: 0.5, Sum: 4.5]
         [Termination Attempts: Min: 1, Avg: 1.1, Max: 2, Diff: 1, Sum: 19]
      [GC Worker Other (ms): Min: 0.0, Avg: 0.0, Max: 0.1, Diff: 0.0, Sum: 0.6]
      [GC Worker Total (ms): Min: 31.7, Avg: 31.9, Max: 32.1, Diff: 0.4, Sum: 574.4]
      [GC Worker End (ms): Min: 5610.1, Avg: 5610.1, Max: 5610.1, Diff: 0.0]
   [Code Root Fixup: 0.0 ms]
   [Code Root Purge: 0.0 ms]
   [Clear CT: 0.3 ms]
   [Other: 1.6 ms]
      [Choose CSet: 0.0 ms]
      [Ref Proc: 0.3 ms]
      [Ref Enq: 0.0 ms]
      [Redirty Cards: 0.3 ms]
      [Humongous Register: 0.2 ms]
      [Humongous Reclaim: 0.3 ms]
      [Free CSet: 0.3 ms]
   [Eden: 250.0M(250.0M)->0.0B(18.0M) Survivors: 8192.0K->33.0M Heap: 827.6M(1024.0M)->575.1M(1024.0M)]
 [Times: user=0.56 sys=0.01, real=0.03 secs] 
5.619: [GC pause (G1 Evacuation Pause) (mixed), 0.0202353 secs]
   [Parallel Time: 18.7 ms, GC Workers: 18]
      [GC Worker Start (ms): Min: 5618.9, Avg: 5619.1, Max: 5619.3, Diff: 0.4]
      [Ext Root Scanning (ms): Min: 0.0, Avg: 0.1, Max: 0.4, Diff: 0.4, Sum: 2.5]
      [Update RS (ms): Min: 0.6, Avg: 0.7, Max: 0.8, Diff: 0.2, Sum: 12.5]
         [Processed Buffers: Min: 2, Avg: 3.0, Max: 4, Diff: 2, Sum: 54]
      [Scan RS (ms): Min: 0.0, Avg: 0.1, Max: 0.2, Diff: 0.1, Sum: 1.1]
      [Code Root Scanning (ms): Min: 0.0, Avg: 0.0, Max: 0.0, Diff: 0.0, Sum: 0.0]
      [Object Copy (ms): Min: 16.9, Avg: 17.1, Max: 17.3, Diff: 0.4, Sum: 308.6]
      [Termination (ms): Min: 0.0, Avg: 0.2, Max: 0.4, Diff: 0.4, Sum: 3.5]
         [Termination Attempts: Min: 1, Avg: 1.4, Max: 4, Diff: 3, Sum: 26]
      [GC Worker Other (ms): Min: 0.0, Avg: 0.0, Max: 0.0, Diff: 0.0, Sum: 0.4]
      [GC Worker Total (ms): Min: 18.1, Avg: 18.2, Max: 18.5, Diff: 0.4, Sum: 328.5]
      [GC Worker End (ms): Min: 5637.4, Avg: 5637.4, Max: 5637.4, Diff: 0.0]
   [Code Root Fixup: 0.0 ms]
   [Code Root Purge: 0.0 ms]
   [Clear CT: 0.2 ms]
   [Other: 1.3 ms]
      [Choose CSet: 0.1 ms]
      [Ref Proc: 0.3 ms]
      [Ref Enq: 0.0 ms]
      [Redirty Cards: 0.3 ms]
      [Humongous Register: 0.2 ms]
      [Humongous Reclaim: 0.1 ms]
      [Free CSet: 0.3 ms]
   [Eden: 18.0M(18.0M)->0.0B(44.0M) Survivors: 33.0M->7168.0K Heap: 597.5M(1024.0M)->510.3M(1024.0M)]
 [Times: user=0.31 sys=0.02, real=0.02 secs] 
5.654: [GC pause (G1 Evacuation Pause) (mixed), 0.0109714 secs]
   [Parallel Time: 9.7 ms, GC Workers: 18]
      [GC Worker Start (ms): Min: 5654.0, Avg: 5654.2, Max: 5654.4, Diff: 0.3]
      [Ext Root Scanning (ms): Min: 0.0, Avg: 0.2, Max: 0.4, Diff: 0.3, Sum: 3.4]
      [Update RS (ms): Min: 0.9, Avg: 1.2, Max: 1.3, Diff: 0.4, Sum: 21.1]
         [Processed Buffers: Min: 3, Avg: 4.1, Max: 5, Diff: 2, Sum: 73]
      [Scan RS (ms): Min: 0.0, Avg: 0.0, Max: 0.1, Diff: 0.1, Sum: 0.4]
      [Code Root Scanning (ms): Min: 0.0, Avg: 0.0, Max: 0.0, Diff: 0.0, Sum: 0.0]
      [Object Copy (ms): Min: 7.3, Avg: 7.6, Max: 7.8, Diff: 0.5, Sum: 137.4]
      [Termination (ms): Min: 0.0, Avg: 0.2, Max: 0.3, Diff: 0.3, Sum: 3.7]
         [Termination Attempts: Min: 1, Avg: 1.2, Max: 3, Diff: 2, Sum: 22]
      [GC Worker Other (ms): Min: 0.0, Avg: 0.0, Max: 0.1, Diff: 0.1, Sum: 0.6]
      [GC Worker Total (ms): Min: 9.1, Avg: 9.2, Max: 9.4, Diff: 0.3, Sum: 166.5]
      [GC Worker End (ms): Min: 5663.5, Avg: 5663.5, Max: 5663.5, Diff: 0.0]
   [Code Root Fixup: 0.0 ms]
   [Code Root Purge: 0.0 ms]
   [Clear CT: 0.2 ms]
   [Other: 1.0 ms]
      [Choose CSet: 0.0 ms]
      [Ref Proc: 0.3 ms]
      [Ref Enq: 0.0 ms]
      [Redirty Cards: 0.2 ms]
      [Humongous Register: 0.2 ms]
      [Humongous Reclaim: 0.1 ms]
      [Free CSet: 0.1 ms]
   [Eden: 44.0M(44.0M)->0.0B(254.0M) Survivors: 7168.0K->7168.0K Heap: 561.0M(1024.0M)->509.6M(1024.0M)]
 [Times: user=0.17 sys=0.00, real=0.02 secs] 
5.666: [GC pause (G1 Humongous Allocation) (young) (initial-mark), 0.0037354 secs]
   [Parallel Time: 2.6 ms, GC Workers: 18]
      [GC Worker Start (ms): Min: 5666.6, Avg: 5666.8, Max: 5666.9, Diff: 0.2]
      [Ext Root Scanning (ms): Min: 0.1, Avg: 0.2, Max: 0.3, Diff: 0.2, Sum: 3.2]
      [Update RS (ms): Min: 0.0, Avg: 0.2, Max: 0.4, Diff: 0.4, Sum: 3.1]
         [Processed Buffers: Min: 0, Avg: 0.9, Max: 2, Diff: 2, Sum: 16]
      [Scan RS (ms): Min: 0.0, Avg: 0.0, Max: 0.0, Diff: 0.0, Sum: 0.1]
      [Code Root Scanning (ms): Min: 0.0, Avg: 0.0, Max: 0.0, Diff: 0.0, Sum: 0.0]
      [Object Copy (ms): Min: 1.3, Avg: 1.8, Max: 2.0, Diff: 0.7, Sum: 31.9]
      [Termination (ms): Min: 0.0, Avg: 0.1, Max: 0.4, Diff: 0.4, Sum: 2.5]
         [Termination Attempts: Min: 1, Avg: 1.0, Max: 1, Diff: 0, Sum: 18]
      [GC Worker Other (ms): Min: 0.0, Avg: 0.0, Max: 0.0, Diff: 0.0, Sum: 0.2]
      [GC Worker Total (ms): Min: 2.2, Avg: 2.3, Max: 2.4, Diff: 0.3, Sum: 41.1]
      [GC Worker End (ms): Min: 5669.0, Avg: 5669.1, Max: 5669.1, Diff: 0.0]
   [Code Root Fixup: 0.0 ms]
   [Code Root Purge: 0.0 ms]
   [Clear CT: 0.2 ms]
   [Other: 0.9 ms]
      [Choose CSet: 0.0 ms]
      [Ref Proc: 0.2 ms]
      [Ref Enq: 0.0 ms]
      [Redirty Cards: 0.2 ms]
      [Humongous Register: 0.2 ms]
      [Humongous Reclaim: 0.0 ms]
      [Free CSet: 0.0 ms]
   [Eden: 5120.0K(254.0M)->0.0B(256.0M) Survivors: 7168.0K->9216.0K Heap: 513.8M(1024.0M)->510.6M(1024.0M)]
 [Times: user=0.04 sys=0.00, real=0.00 secs] 
5.670: [GC concurrent-root-region-scan-start]
5.670: [GC concurrent-root-region-scan-end, 0.0001493 secs]
5.670: [GC concurrent-mark-start]
5.672: [GC concurrent-mark-end, 0.0021222 secs]
5.673: [GC remark 5.673: [Finalize Marking, 0.0004303 secs] 5.673: [GC ref-proc, 0.0004162 secs] 5.673: [Unloading, 0.0009576 secs], 0.0027495 secs]
 [Times: user=0.02 sys=0.00, real=0.01 secs] 
5.675: [GC cleanup 518M->510M(1024M), 0.0014986 secs]
 [Times: user=0.01 sys=0.00, real=0.00 secs] 
5.677: [GC concurrent-cleanup-start]
5.677: [GC concurrent-cleanup-end, 0.0000344 secs]
5.776: [GC pause (G1 Evacuation Pause) (young), 0.0357573 secs]
   [Parallel Time: 33.6 ms, GC Workers: 18]
      [GC Worker Start (ms): Min: 5776.5, Avg: 5776.9, Max: 5777.1, Diff: 0.6]
      [Ext Root Scanning (ms): Min: 0.0, Avg: 0.1, Max: 0.4, Diff: 0.4, Sum: 2.1]
      [Update RS (ms): Min: 10.8, Avg: 12.2, Max: 32.8, Diff: 22.0, Sum: 219.2]
         [Processed Buffers: Min: 27, Avg: 30.0, Max: 35, Diff: 8, Sum: 540]
      [Scan RS (ms): Min: 0.0, Avg: 0.0, Max: 0.1, Diff: 0.1, Sum: 0.7]
      [Code Root Scanning (ms): Min: 0.0, Avg: 0.0, Max: 0.0, Diff: 0.0, Sum: 0.0]
      [Object Copy (ms): Min: 0.0, Avg: 19.1, Max: 20.6, Diff: 20.6, Sum: 344.1]
      [Termination (ms): Min: 0.0, Avg: 1.5, Max: 2.0, Diff: 2.0, Sum: 27.9]
         [Termination Attempts: Min: 1, Avg: 1.1, Max: 2, Diff: 1, Sum: 19]
      [GC Worker Other (ms): Min: 0.0, Avg: 0.0, Max: 0.1, Diff: 0.0, Sum: 0.5]
      [GC Worker Total (ms): Min: 32.8, Avg: 33.0, Max: 33.3, Diff: 0.5, Sum: 594.5]
      [GC Worker End (ms): Min: 5809.9, Avg: 5809.9, Max: 5809.9, Diff: 0.1]
   [Code Root Fixup: 0.0 ms]
   [Code Root Purge: 0.0 ms]
   [Clear CT: 0.3 ms]
   [Other: 1.9 ms]
      [Choose CSet: 0.0 ms]
      [Ref Proc: 0.3 ms]
      [Ref Enq: 0.0 ms]
      [Redirty Cards: 0.3 ms]
      [Humongous Register: 0.4 ms]
      [Humongous Reclaim: 0.3 ms]
      [Free CSet: 0.4 ms]
   [Eden: 256.0M(256.0M)->0.0B(17.0M) Survivors: 9216.0K->34.0M Heap: 824.3M(1024.0M)->567.5M(1024.0M)]
 [Times: user=0.55 sys=0.04, real=0.03 secs] 
5.817: [GC pause (G1 Evacuation Pause) (mixed), 0.0214217 secs]
   [Parallel Time: 19.7 ms, GC Workers: 18]
      [GC Worker Start (ms): Min: 5817.8, Avg: 5818.0, Max: 5818.2, Diff: 0.4]
      [Ext Root Scanning (ms): Min: 0.0, Avg: 0.2, Max: 0.4, Diff: 0.4, Sum: 3.2]
      [Update RS (ms): Min: 0.1, Avg: 0.3, Max: 0.4, Diff: 0.3, Sum: 6.2]
         [Processed Buffers: Min: 1, Avg: 1.7, Max: 3, Diff: 2, Sum: 31]
      [Scan RS (ms): Min: 0.0, Avg: 0.1, Max: 0.2, Diff: 0.2, Sum: 1.1]
      [Code Root Scanning (ms): Min: 0.0, Avg: 0.0, Max: 0.0, Diff: 0.0, Sum: 0.0]
      [Object Copy (ms): Min: 18.0, Avg: 18.4, Max: 18.7, Diff: 0.7, Sum: 331.5]
      [Termination (ms): Min: 0.0, Avg: 0.2, Max: 0.6, Diff: 0.6, Sum: 4.0]
         [Termination Attempts: Min: 1, Avg: 1.2, Max: 3, Diff: 2, Sum: 22]
      [GC Worker Other (ms): Min: 0.0, Avg: 0.0, Max: 0.0, Diff: 0.0, Sum: 0.4]
      [GC Worker Total (ms): Min: 19.1, Avg: 19.2, Max: 19.4, Diff: 0.4, Sum: 346.5]
      [GC Worker End (ms): Min: 5837.2, Avg: 5837.2, Max: 5837.3, Diff: 0.0]
   [Code Root Fixup: 0.0 ms]
   [Code Root Purge: 0.0 ms]
   [Clear CT: 0.2 ms]
   [Other: 1.5 ms]
      [Choose CSet: 0.1 ms]
      [Ref Proc: 0.3 ms]
      [Ref Enq: 0.0 ms]
      [Redirty Cards: 0.3 ms]
      [Humongous Register: 0.3 ms]
      [Humongous Reclaim: 0.1 ms]
      [Free CSet: 0.4 ms]
   [Eden: 17.0M(17.0M)->0.0B(44.0M) Survivors: 34.0M->7168.0K Heap: 586.3M(1024.0M)->497.6M(1024.0M)]
 [Times: user=0.25 sys=0.09, real=0.02 secs] 
5.854: [GC pause (G1 Evacuation Pause) (mixed), 0.0111438 secs]
   [Parallel Time: 9.6 ms, GC Workers: 18]
      [GC Worker Start (ms): Min: 5854.5, Avg: 5854.9, Max: 5855.1, Diff: 0.5]
      [Ext Root Scanning (ms): Min: 0.0, Avg: 0.1, Max: 0.3, Diff: 0.3, Sum: 1.3]
      [Update RS (ms): Min: 0.5, Avg: 0.8, Max: 0.9, Diff: 0.4, Sum: 13.6]
         [Processed Buffers: Min: 2, Avg: 3.1, Max: 4, Diff: 2, Sum: 55]
      [Scan RS (ms): Min: 0.0, Avg: 0.0, Max: 0.2, Diff: 0.2, Sum: 0.5]
      [Code Root Scanning (ms): Min: 0.0, Avg: 0.0, Max: 0.0, Diff: 0.0, Sum: 0.0]
      [Object Copy (ms): Min: 7.6, Avg: 7.9, Max: 8.2, Diff: 0.6, Sum: 142.5]
      [Termination (ms): Min: 0.0, Avg: 0.3, Max: 0.6, Diff: 0.6, Sum: 4.6]
         [Termination Attempts: Min: 1, Avg: 1.0, Max: 1, Diff: 0, Sum: 18]
      [GC Worker Other (ms): Min: 0.0, Avg: 0.0, Max: 0.1, Diff: 0.1, Sum: 0.5]
      [GC Worker Total (ms): Min: 8.8, Avg: 9.0, Max: 9.4, Diff: 0.5, Sum: 162.9]
      [GC Worker End (ms): Min: 5863.9, Avg: 5863.9, Max: 5863.9, Diff: 0.0]
   [Code Root Fixup: 0.0 ms]
   [Code Root Purge: 0.0 ms]
   [Clear CT: 0.2 ms]
   [Other: 1.3 ms]
      [Choose CSet: 0.0 ms]
      [Ref Proc: 0.3 ms]
      [Ref Enq: 0.0 ms]
      [Redirty Cards: 0.3 ms]
      [Humongous Register: 0.3 ms]
      [Humongous Reclaim: 0.1 ms]
      [Free CSet: 0.1 ms]
   [Eden: 44.0M(44.0M)->0.0B(274.0M) Survivors: 7168.0K->7168.0K Heap: 546.0M(1024.0M)->495.3M(1024.0M)]
 [Times: user=0.13 sys=0.04, real=0.02 secs] 
5.866: [GC pause (G1 Humongous Allocation) (young) (initial-mark), 0.0034999 secs]
   [Parallel Time: 2.3 ms, GC Workers: 18]
      [GC Worker Start (ms): Min: 5866.4, Avg: 5866.5, Max: 5866.7, Diff: 0.3]
      [Ext Root Scanning (ms): Min: 0.0, Avg: 0.2, Max: 0.3, Diff: 0.3, Sum: 3.4]
      [Update RS (ms): Min: 0.0, Avg: 0.2, Max: 0.6, Diff: 0.6, Sum: 3.5]
         [Processed Buffers: Min: 0, Avg: 1.0, Max: 2, Diff: 2, Sum: 18]
      [Scan RS (ms): Min: 0.0, Avg: 0.0, Max: 0.0, Diff: 0.0, Sum: 0.1]
      [Code Root Scanning (ms): Min: 0.0, Avg: 0.0, Max: 0.0, Diff: 0.0, Sum: 0.0]
      [Object Copy (ms): Min: 0.9, Avg: 1.3, Max: 1.7, Diff: 0.9, Sum: 24.1]
      [Termination (ms): Min: 0.0, Avg: 0.2, Max: 0.5, Diff: 0.5, Sum: 4.4]
         [Termination Attempts: Min: 1, Avg: 1.1, Max: 2, Diff: 1, Sum: 20]
      [GC Worker Other (ms): Min: 0.0, Avg: 0.0, Max: 0.1, Diff: 0.1, Sum: 0.3]
      [GC Worker Total (ms): Min: 1.8, Avg: 2.0, Max: 2.1, Diff: 0.3, Sum: 35.8]
      [GC Worker End (ms): Min: 5868.5, Avg: 5868.5, Max: 5868.5, Diff: 0.0]
   [Code Root Fixup: 0.0 ms]
   [Code Root Purge: 0.0 ms]
   [Clear CT: 0.2 ms]
   [Other: 1.0 ms]
      [Choose CSet: 0.0 ms]
      [Ref Proc: 0.3 ms]
      [Ref Enq: 0.0 ms]
      [Redirty Cards: 0.2 ms]
      [Humongous Register: 0.2 ms]
      [Humongous Reclaim: 0.0 ms]
      [Free CSet: 0.0 ms]
   [Eden: 3072.0K(274.0M)->0.0B(275.0M) Survivors: 7168.0K->8192.0K Heap: 498.3M(1024.0M)->494.7M(1024.0M)]
 [Times: user=0.04 sys=0.00, real=0.00 secs] 
5.870: [GC concurrent-root-region-scan-start]
5.870: [GC concurrent-root-region-scan-end, 0.0001733 secs]
5.870: [GC concurrent-mark-start]
5.872: [GC concurrent-mark-end, 0.0024243 secs]
5.872: [GC remark 5.873: [Finalize Marking, 0.0002987 secs] 5.873: [GC ref-proc, 0.0004183 secs] 5.873: [Unloading, 0.0008406 secs], 0.0024727 secs]
 [Times: user=0.02 sys=0.00, real=0.01 secs] 
5.875: [GC cleanup 503M->501M(1024M), 0.0015968 secs]
 [Times: user=0.01 sys=0.00, real=0.00 secs] 
5.877: [GC concurrent-cleanup-start]
5.877: [GC concurrent-cleanup-end, 0.0000214 secs]
5.985: [GC pause (G1 Evacuation Pause) (young) (to-space exhausted), 0.0354229 secs]
   [Parallel Time: 33.1 ms, GC Workers: 18]
      [GC Worker Start (ms): Min: 5985.7, Avg: 5985.9, Max: 5986.1, Diff: 0.4]
      [Ext Root Scanning (ms): Min: 0.0, Avg: 0.1, Max: 0.3, Diff: 0.3, Sum: 2.2]
      [Update RS (ms): Min: 11.4, Avg: 11.6, Max: 11.8, Diff: 0.5, Sum: 209.2]
         [Processed Buffers: Min: 30, Avg: 33.6, Max: 39, Diff: 9, Sum: 605]
      [Scan RS (ms): Min: 0.0, Avg: 0.1, Max: 0.1, Diff: 0.1, Sum: 1.3]
      [Code Root Scanning (ms): Min: 0.0, Avg: 0.0, Max: 0.0, Diff: 0.0, Sum: 0.0]
      [Object Copy (ms): Min: 20.5, Avg: 20.8, Max: 21.1, Diff: 0.6, Sum: 373.9]
      [Termination (ms): Min: 0.0, Avg: 0.1, Max: 0.2, Diff: 0.2, Sum: 1.8]
         [Termination Attempts: Min: 1, Avg: 1.0, Max: 1, Diff: 0, Sum: 18]
      [GC Worker Other (ms): Min: 0.0, Avg: 0.0, Max: 0.1, Diff: 0.0, Sum: 0.6]
      [GC Worker Total (ms): Min: 32.5, Avg: 32.7, Max: 32.9, Diff: 0.4, Sum: 588.8]
      [GC Worker End (ms): Min: 6018.6, Avg: 6018.6, Max: 6018.7, Diff: 0.1]
   [Code Root Fixup: 0.0 ms]
   [Code Root Purge: 0.0 ms]
   [Clear CT: 0.3 ms]
   [Other: 2.0 ms]
      [Evacuation Failure: 0.3 ms]
      [Choose CSet: 0.0 ms]
      [Ref Proc: 0.3 ms]
      [Ref Enq: 0.0 ms]
      [Redirty Cards: 0.2 ms]
      [Humongous Register: 0.3 ms]
      [Humongous Reclaim: 0.3 ms]
      [Free CSet: 0.4 ms]
   [Eden: 275.0M(275.0M)->0.0B(15.0M) Survivors: 8192.0K->36.0M Heap: 841.5M(1024.0M)->592.7M(1024.0M)]
 [Times: user=0.57 sys=0.01, real=0.03 secs] 
6.026: [GC pause (G1 Evacuation Pause) (mixed), 0.0209899 secs]
   [Parallel Time: 19.4 ms, GC Workers: 18]
      [GC Worker Start (ms): Min: 6026.3, Avg: 6026.5, Max: 6026.7, Diff: 0.5]
      [Ext Root Scanning (ms): Min: 0.0, Avg: 0.2, Max: 0.4, Diff: 0.4, Sum: 2.7]
      [Update RS (ms): Min: 0.4, Avg: 0.5, Max: 0.6, Diff: 0.2, Sum: 8.7]
         [Processed Buffers: Min: 1, Avg: 2.9, Max: 7, Diff: 6, Sum: 52]
      [Scan RS (ms): Min: 0.0, Avg: 0.1, Max: 0.1, Diff: 0.1, Sum: 1.6]
      [Code Root Scanning (ms): Min: 0.0, Avg: 0.0, Max: 0.0, Diff: 0.0, Sum: 0.0]
      [Object Copy (ms): Min: 17.8, Avg: 17.9, Max: 18.2, Diff: 0.5, Sum: 322.8]
      [Termination (ms): Min: 0.0, Avg: 0.3, Max: 0.5, Diff: 0.5, Sum: 5.4]
         [Termination Attempts: Min: 1, Avg: 1.0, Max: 1, Diff: 0, Sum: 18]
      [GC Worker Other (ms): Min: 0.0, Avg: 0.0, Max: 0.1, Diff: 0.0, Sum: 0.5]
      [GC Worker Total (ms): Min: 18.8, Avg: 19.0, Max: 19.2, Diff: 0.5, Sum: 341.7]
      [GC Worker End (ms): Min: 6045.5, Avg: 6045.5, Max: 6045.5, Diff: 0.0]
   [Code Root Fixup: 0.0 ms]
   [Code Root Purge: 0.0 ms]
   [Clear CT: 0.2 ms]
   [Other: 1.3 ms]
      [Choose CSet: 0.1 ms]
      [Ref Proc: 0.3 ms]
      [Ref Enq: 0.0 ms]
      [Redirty Cards: 0.3 ms]
      [Humongous Register: 0.2 ms]
      [Humongous Reclaim: 0.0 ms]
      [Free CSet: 0.4 ms]
   [Eden: 15.0M(15.0M)->0.0B(45.0M) Survivors: 36.0M->6144.0K Heap: 610.2M(1024.0M)->522.7M(1024.0M)]
 [Times: user=0.28 sys=0.07, real=0.02 secs] 
6.065: [GC pause (G1 Evacuation Pause) (mixed), 0.0203166 secs]
   [Parallel Time: 18.8 ms, GC Workers: 18]
      [GC Worker Start (ms): Min: 6065.1, Avg: 6065.3, Max: 6065.5, Diff: 0.4]
      [Ext Root Scanning (ms): Min: 0.0, Avg: 0.1, Max: 0.3, Diff: 0.3, Sum: 1.9]
      [Update RS (ms): Min: 1.6, Avg: 1.8, Max: 2.0, Diff: 0.3, Sum: 32.0]
         [Processed Buffers: Min: 5, Avg: 6.1, Max: 7, Diff: 2, Sum: 110]
      [Scan RS (ms): Min: 0.0, Avg: 0.0, Max: 0.1, Diff: 0.1, Sum: 0.5]
      [Code Root Scanning (ms): Min: 0.0, Avg: 0.0, Max: 0.0, Diff: 0.0, Sum: 0.0]
      [Object Copy (ms): Min: 7.9, Avg: 8.6, Max: 16.3, Diff: 8.4, Sum: 155.4]
      [Termination (ms): Min: 0.0, Avg: 7.8, Max: 8.6, Diff: 8.6, Sum: 140.1]
         [Termination Attempts: Min: 1, Avg: 1.0, Max: 1, Diff: 0, Sum: 18]
      [GC Worker Other (ms): Min: 0.0, Avg: 0.0, Max: 0.0, Diff: 0.0, Sum: 0.3]
      [GC Worker Total (ms): Min: 18.2, Avg: 18.3, Max: 18.6, Diff: 0.4, Sum: 330.3]
      [GC Worker End (ms): Min: 6083.7, Avg: 6083.7, Max: 6083.7, Diff: 0.0]
   [Code Root Fixup: 0.0 ms]
   [Code Root Purge: 0.0 ms]
   [Clear CT: 0.2 ms]
   [Other: 1.3 ms]
      [Choose CSet: 0.0 ms]
      [Ref Proc: 0.4 ms]
      [Ref Enq: 0.0 ms]
      [Redirty Cards: 0.3 ms]
      [Humongous Register: 0.2 ms]
      [Humongous Reclaim: 0.1 ms]
      [Free CSet: 0.1 ms]
   [Eden: 45.0M(45.0M)->0.0B(245.0M) Survivors: 6144.0K->7168.0K Heap: 579.0M(1024.0M)->528.3M(1024.0M)]
 [Times: user=0.27 sys=0.06, real=0.02 secs] 
6.086: [GC pause (G1 Humongous Allocation) (young) (initial-mark), 0.0035170 secs]
   [Parallel Time: 2.3 ms, GC Workers: 18]
      [GC Worker Start (ms): Min: 6086.2, Avg: 6086.4, Max: 6086.5, Diff: 0.3]
      [Ext Root Scanning (ms): Min: 0.1, Avg: 0.2, Max: 0.3, Diff: 0.3, Sum: 3.5]
      [Update RS (ms): Min: 0.0, Avg: 0.2, Max: 0.5, Diff: 0.5, Sum: 3.7]
         [Processed Buffers: Min: 0, Avg: 1.0, Max: 2, Diff: 2, Sum: 18]
      [Scan RS (ms): Min: 0.0, Avg: 0.0, Max: 0.0, Diff: 0.0, Sum: 0.1]
      [Code Root Scanning (ms): Min: 0.0, Avg: 0.0, Max: 0.0, Diff: 0.0, Sum: 0.0]
      [Object Copy (ms): Min: 0.9, Avg: 1.3, Max: 1.7, Diff: 0.8, Sum: 23.9]
      [Termination (ms): Min: 0.0, Avg: 0.2, Max: 0.5, Diff: 0.5, Sum: 4.3]
         [Termination Attempts: Min: 1, Avg: 1.0, Max: 1, Diff: 0, Sum: 18]
      [GC Worker Other (ms): Min: 0.0, Avg: 0.0, Max: 0.0, Diff: 0.0, Sum: 0.2]
      [GC Worker Total (ms): Min: 1.9, Avg: 2.0, Max: 2.1, Diff: 0.3, Sum: 35.7]
      [GC Worker End (ms): Min: 6088.4, Avg: 6088.4, Max: 6088.4, Diff: 0.0]
   [Code Root Fixup: 0.0 ms]
   [Code Root Purge: 0.0 ms]
   [Clear CT: 0.3 ms]
   [Other: 0.9 ms]
      [Choose CSet: 0.0 ms]
      [Ref Proc: 0.2 ms]
      [Ref Enq: 0.0 ms]
      [Redirty Cards: 0.2 ms]
      [Humongous Register: 0.2 ms]
      [Humongous Reclaim: 0.0 ms]
      [Free CSet: 0.0 ms]
   [Eden: 2048.0K(245.0M)->0.0B(257.0M) Survivors: 7168.0K->8192.0K Heap: 529.7M(1024.0M)->527.8M(1024.0M)]
 [Times: user=0.04 sys=0.00, real=0.00 secs] 
6.089: [GC concurrent-root-region-scan-start]
6.090: [GC concurrent-root-region-scan-end, 0.0001887 secs]
6.090: [GC concurrent-mark-start]
6.092: [GC concurrent-mark-end, 0.0024768 secs]
6.092: [GC remark 6.092: [Finalize Marking, 0.0004449 secs] 6.093: [GC ref-proc, 0.0004118 secs] 6.093: [Unloading, 0.0008136 secs], 0.0025715 secs]
 [Times: user=0.02 sys=0.00, real=0.01 secs] 
6.095: [GC cleanup 535M->531M(1024M), 0.0016855 secs]
 [Times: user=0.01 sys=0.00, real=0.00 secs] 
6.097: [GC concurrent-cleanup-start]
6.097: [GC concurrent-cleanup-end, 0.0000267 secs]
6.198: [GC pause (G1 Evacuation Pause) (young) (to-space exhausted), 0.0321553 secs]
   [Parallel Time: 30.0 ms, GC Workers: 18]
      [GC Worker Start (ms): Min: 6198.6, Avg: 6198.8, Max: 6199.0, Diff: 0.3]
      [Ext Root Scanning (ms): Min: 0.0, Avg: 0.1, Max: 0.3, Diff: 0.3, Sum: 2.2]
      [Update RS (ms): Min: 9.0, Avg: 9.1, Max: 9.3, Diff: 0.3, Sum: 164.5]
         [Processed Buffers: Min: 25, Avg: 28.6, Max: 34, Diff: 9, Sum: 515]
      [Scan RS (ms): Min: 0.0, Avg: 0.1, Max: 0.2, Diff: 0.2, Sum: 1.0]
      [Code Root Scanning (ms): Min: 0.0, Avg: 0.0, Max: 0.0, Diff: 0.0, Sum: 0.0]
      [Object Copy (ms): Min: 19.7, Avg: 20.0, Max: 20.4, Diff: 0.7, Sum: 360.5]
      [Termination (ms): Min: 0.0, Avg: 0.3, Max: 0.5, Diff: 0.5, Sum: 4.7]
         [Termination Attempts: Min: 1, Avg: 1.1, Max: 2, Diff: 1, Sum: 20]
      [GC Worker Other (ms): Min: 0.0, Avg: 0.0, Max: 0.1, Diff: 0.1, Sum: 0.7]
      [GC Worker Total (ms): Min: 29.5, Avg: 29.6, Max: 29.8, Diff: 0.4, Sum: 533.6]
      [GC Worker End (ms): Min: 6228.4, Avg: 6228.4, Max: 6228.5, Diff: 0.1]
   [Code Root Fixup: 0.0 ms]
   [Code Root Purge: 0.0 ms]
   [Clear CT: 0.3 ms]
   [Other: 1.9 ms]
      [Evacuation Failure: 0.4 ms]
      [Choose CSet: 0.0 ms]
      [Ref Proc: 0.3 ms]
      [Ref Enq: 0.0 ms]
      [Redirty Cards: 0.2 ms]
      [Humongous Register: 0.3 ms]
      [Humongous Reclaim: 0.3 ms]
      [Free CSet: 0.3 ms]
   [Eden: 257.0M(257.0M)->0.0B(17.0M) Survivors: 8192.0K->34.0M Heap: 843.8M(1024.0M)->597.3M(1024.0M)]
 [Times: user=0.53 sys=0.00, real=0.03 secs] 
6.236: [GC pause (G1 Evacuation Pause) (mixed), 0.0195038 secs]
   [Parallel Time: 17.9 ms, GC Workers: 18]
      [GC Worker Start (ms): Min: 6235.9, Avg: 6236.1, Max: 6236.2, Diff: 0.3]
      [Ext Root Scanning (ms): Min: 0.1, Avg: 0.2, Max: 0.3, Diff: 0.3, Sum: 3.6]
      [Update RS (ms): Min: 0.1, Avg: 0.4, Max: 0.5, Diff: 0.4, Sum: 6.8]
         [Processed Buffers: Min: 1, Avg: 2.4, Max: 8, Diff: 7, Sum: 44]
      [Scan RS (ms): Min: 0.0, Avg: 0.1, Max: 0.2, Diff: 0.2, Sum: 1.0]
      [Code Root Scanning (ms): Min: 0.0, Avg: 0.0, Max: 0.0, Diff: 0.0, Sum: 0.0]
      [Object Copy (ms): Min: 16.4, Avg: 16.7, Max: 17.0, Diff: 0.6, Sum: 300.4]
      [Termination (ms): Min: 0.0, Avg: 0.2, Max: 0.5, Diff: 0.5, Sum: 3.8]
         [Termination Attempts: Min: 1, Avg: 1.0, Max: 1, Diff: 0, Sum: 18]
      [GC Worker Other (ms): Min: 0.0, Avg: 0.0, Max: 0.0, Diff: 0.0, Sum: 0.4]
      [GC Worker Total (ms): Min: 17.4, Avg: 17.6, Max: 17.7, Diff: 0.3, Sum: 316.0]
      [GC Worker End (ms): Min: 6253.6, Avg: 6253.6, Max: 6253.7, Diff: 0.0]
   [Code Root Fixup: 0.0 ms]
   [Code Root Purge: 0.0 ms]
   [Clear CT: 0.2 ms]
   [Other: 1.3 ms]
      [Choose CSet: 0.1 ms]
      [Ref Proc: 0.3 ms]
      [Ref Enq: 0.0 ms]
      [Redirty Cards: 0.2 ms]
      [Humongous Register: 0.2 ms]
      [Humongous Reclaim: 0.0 ms]
      [Free CSet: 0.4 ms]
   [Eden: 17.0M(17.0M)->0.0B(47.0M) Survivors: 34.0M->4096.0K Heap: 616.2M(1024.0M)->523.6M(1024.0M)]
 [Times: user=0.22 sys=0.10, real=0.02 secs] 
6.273: [GC pause (G1 Evacuation Pause) (mixed), 0.0138251 secs]
   [Parallel Time: 12.6 ms, GC Workers: 18]
      [GC Worker Start (ms): Min: 6272.9, Avg: 6273.1, Max: 6273.3, Diff: 0.4]
      [Ext Root Scanning (ms): Min: 0.0, Avg: 0.2, Max: 0.4, Diff: 0.4, Sum: 3.7]
      [Update RS (ms): Min: 1.3, Avg: 1.5, Max: 1.6, Diff: 0.3, Sum: 27.0]
         [Processed Buffers: Min: 4, Avg: 5.2, Max: 7, Diff: 3, Sum: 94]
      [Scan RS (ms): Min: 0.0, Avg: 0.1, Max: 0.5, Diff: 0.5, Sum: 1.2]
      [Code Root Scanning (ms): Min: 0.0, Avg: 0.0, Max: 0.1, Diff: 0.1, Sum: 0.1]
      [Object Copy (ms): Min: 9.6, Avg: 10.0, Max: 10.3, Diff: 0.7, Sum: 180.2]
      [Termination (ms): Min: 0.0, Avg: 0.4, Max: 0.8, Diff: 0.8, Sum: 7.3]
         [Termination Attempts: Min: 1, Avg: 1.0, Max: 1, Diff: 0, Sum: 18]
      [GC Worker Other (ms): Min: 0.0, Avg: 0.0, Max: 0.0, Diff: 0.0, Sum: 0.3]
      [GC Worker Total (ms): Min: 12.0, Avg: 12.2, Max: 12.4, Diff: 0.4, Sum: 219.7]
      [GC Worker End (ms): Min: 6285.3, Avg: 6285.3, Max: 6285.3, Diff: 0.0]
   [Code Root Fixup: 0.0 ms]
   [Code Root Purge: 0.0 ms]
   [Clear CT: 0.2 ms]
   [Other: 1.0 ms]
      [Choose CSet: 0.0 ms]
      [Ref Proc: 0.2 ms]
      [Ref Enq: 0.0 ms]
      [Redirty Cards: 0.2 ms]
      [Humongous Register: 0.2 ms]
      [Humongous Reclaim: 0.1 ms]
      [Free CSet: 0.2 ms]
   [Eden: 47.0M(47.0M)->0.0B(272.0M) Survivors: 4096.0K->7168.0K Heap: 579.9M(1024.0M)->510.6M(1024.0M)]
 [Times: user=0.17 sys=0.05, real=0.02 secs] 
6.287: [GC pause (G1 Humongous Allocation) (young) (initial-mark), 0.0032184 secs]
   [Parallel Time: 2.3 ms, GC Workers: 18]
      [GC Worker Start (ms): Min: 6287.3, Avg: 6287.5, Max: 6287.6, Diff: 0.2]
      [Ext Root Scanning (ms): Min: 0.1, Avg: 0.2, Max: 0.3, Diff: 0.2, Sum: 3.8]
      [Update RS (ms): Min: 0.1, Avg: 0.4, Max: 1.7, Diff: 1.6, Sum: 7.7]
         [Processed Buffers: Min: 0, Avg: 1.1, Max: 2, Diff: 2, Sum: 19]
      [Scan RS (ms): Min: 0.0, Avg: 0.0, Max: 0.0, Diff: 0.0, Sum: 0.1]
      [Code Root Scanning (ms): Min: 0.0, Avg: 0.0, Max: 0.0, Diff: 0.0, Sum: 0.0]
      [Object Copy (ms): Min: 0.0, Avg: 1.2, Max: 1.6, Diff: 1.6, Sum: 20.7]
      [Termination (ms): Min: 0.0, Avg: 0.2, Max: 0.5, Diff: 0.5, Sum: 3.7]
         [Termination Attempts: Min: 1, Avg: 1.0, Max: 1, Diff: 0, Sum: 18]
      [GC Worker Other (ms): Min: 0.0, Avg: 0.0, Max: 0.0, Diff: 0.0, Sum: 0.2]
      [GC Worker Total (ms): Min: 1.9, Avg: 2.0, Max: 2.1, Diff: 0.2, Sum: 36.2]
      [GC Worker End (ms): Min: 6289.5, Avg: 6289.5, Max: 6289.5, Diff: 0.0]
   [Code Root Fixup: 0.0 ms]
   [Code Root Purge: 0.0 ms]
   [Clear CT: 0.2 ms]
   [Other: 0.7 ms]
      [Choose CSet: 0.0 ms]
      [Ref Proc: 0.2 ms]
      [Ref Enq: 0.0 ms]
      [Redirty Cards: 0.2 ms]
      [Humongous Register: 0.1 ms]
      [Humongous Reclaim: 0.0 ms]
      [Free CSet: 0.0 ms]
   [Eden: 2048.0K(272.0M)->0.0B(274.0M) Survivors: 7168.0K->8192.0K Heap: 511.8M(1024.0M)->510.9M(1024.0M)]
 [Times: user=0.04 sys=0.00, real=0.00 secs] 
6.291: [GC concurrent-root-region-scan-start]
6.291: [GC concurrent-root-region-scan-end, 0.0001784 secs]
6.291: [GC concurrent-mark-start]
6.293: [GC concurrent-mark-end, 0.0023317 secs]
6.293: [GC remark 6.293: [Finalize Marking, 0.0003195 secs] 6.294: [GC ref-proc, 0.0004045 secs] 6.294: [Unloading, 0.0009928 secs], 0.0025891 secs]
 [Times: user=0.02 sys=0.00, real=0.01 secs] 
6.296: [GC cleanup 520M->518M(1024M), 0.0018024 secs]
 [Times: user=0.01 sys=0.00, real=0.00 secs] 
6.298: [GC concurrent-cleanup-start]
6.298: [GC concurrent-cleanup-end, 0.0000211 secs]
6.406: [GC pause (G1 Evacuation Pause) (young) (to-space exhausted), 0.0342688 secs]
   [Parallel Time: 31.8 ms, GC Workers: 18]
      [GC Worker Start (ms): Min: 6406.5, Avg: 6406.9, Max: 6407.1, Diff: 0.6]
      [Ext Root Scanning (ms): Min: 0.0, Avg: 0.2, Max: 0.5, Diff: 0.5, Sum: 3.1]
      [Update RS (ms): Min: 11.5, Avg: 11.6, Max: 11.8, Diff: 0.3, Sum: 208.6]
         [Processed Buffers: Min: 30, Avg: 33.2, Max: 40, Diff: 10, Sum: 598]
      [Scan RS (ms): Min: 0.0, Avg: 0.1, Max: 0.3, Diff: 0.3, Sum: 1.3]
      [Code Root Scanning (ms): Min: 0.0, Avg: 0.0, Max: 0.0, Diff: 0.0, Sum: 0.0]
      [Object Copy (ms): Min: 16.5, Avg: 17.1, Max: 19.5, Diff: 3.0, Sum: 307.8]
      [Termination (ms): Min: 0.0, Avg: 2.4, Max: 2.5, Diff: 2.5, Sum: 42.3]
         [Termination Attempts: Min: 1, Avg: 1.0, Max: 1, Diff: 0, Sum: 18]
      [GC Worker Other (ms): Min: 0.0, Avg: 0.1, Max: 0.1, Diff: 0.1, Sum: 0.9]
      [GC Worker Total (ms): Min: 31.1, Avg: 31.3, Max: 31.6, Diff: 0.6, Sum: 564.1]
      [GC Worker End (ms): Min: 6438.2, Avg: 6438.2, Max: 6438.2, Diff: 0.1]
   [Code Root Fixup: 0.0 ms]
   [Code Root Purge: 0.0 ms]
   [Clear CT: 0.3 ms]
   [Other: 2.2 ms]
      [Evacuation Failure: 0.6 ms]
      [Choose CSet: 0.0 ms]
      [Ref Proc: 0.3 ms]
      [Ref Enq: 0.0 ms]
      [Redirty Cards: 0.2 ms]
      [Humongous Register: 0.4 ms]
      [Humongous Reclaim: 0.3 ms]
      [Free CSet: 0.3 ms]
   [Eden: 274.0M(274.0M)->0.0B(15.0M) Survivors: 8192.0K->36.0M Heap: 856.9M(1024.0M)->685.6M(1024.0M)]
 [Times: user=0.53 sys=0.05, real=0.03 secs] 
6.446: [GC pause (G1 Evacuation Pause) (mixed), 0.0215741 secs]
   [Parallel Time: 19.9 ms, GC Workers: 18]
      [GC Worker Start (ms): Min: 6446.4, Avg: 6446.5, Max: 6446.7, Diff: 0.3]
      [Ext Root Scanning (ms): Min: 0.0, Avg: 0.2, Max: 0.3, Diff: 0.3, Sum: 2.9]
      [Update RS (ms): Min: 0.3, Avg: 0.7, Max: 0.8, Diff: 0.5, Sum: 12.9]
         [Processed Buffers: Min: 1, Avg: 3.4, Max: 6, Diff: 5, Sum: 62]
      [Scan RS (ms): Min: 0.0, Avg: 0.1, Max: 0.2, Diff: 0.2, Sum: 1.1]
      [Code Root Scanning (ms): Min: 0.0, Avg: 0.0, Max: 0.0, Diff: 0.0, Sum: 0.0]
      [Object Copy (ms): Min: 17.8, Avg: 18.2, Max: 18.9, Diff: 1.0, Sum: 326.9]
      [Termination (ms): Min: 0.0, Avg: 0.4, Max: 0.7, Diff: 0.7, Sum: 7.7]
         [Termination Attempts: Min: 1, Avg: 1.0, Max: 1, Diff: 0, Sum: 18]
      [GC Worker Other (ms): Min: 0.0, Avg: 0.0, Max: 0.0, Diff: 0.0, Sum: 0.3]
      [GC Worker Total (ms): Min: 19.4, Avg: 19.6, Max: 19.7, Diff: 0.3, Sum: 351.9]
      [GC Worker End (ms): Min: 6466.1, Avg: 6466.1, Max: 6466.1, Diff: 0.0]
   [Code Root Fixup: 0.0 ms]
   [Code Root Purge: 0.0 ms]
   [Clear CT: 0.2 ms]
   [Other: 1.4 ms]
      [Choose CSet: 0.1 ms]
      [Ref Proc: 0.3 ms]
      [Ref Enq: 0.0 ms]
      [Redirty Cards: 0.3 ms]
      [Humongous Register: 0.2 ms]
      [Humongous Reclaim: 0.0 ms]
      [Free CSet: 0.3 ms]
   [Eden: 15.0M(15.0M)->0.0B(46.0M) Survivors: 36.0M->5120.0K Heap: 704.5M(1024.0M)->613.5M(1024.0M)]
 [Times: user=0.23 sys=0.13, real=0.02 secs] 
6.485: [GC pause (G1 Evacuation Pause) (mixed), 0.0152854 secs]
   [Parallel Time: 13.9 ms, GC Workers: 18]
      [GC Worker Start (ms): Min: 6484.8, Avg: 6485.0, Max: 6485.2, Diff: 0.4]
      [Ext Root Scanning (ms): Min: 0.0, Avg: 0.2, Max: 0.4, Diff: 0.4, Sum: 3.2]
      [Update RS (ms): Min: 1.9, Avg: 2.0, Max: 2.1, Diff: 0.2, Sum: 36.3]
         [Processed Buffers: Min: 6, Avg: 6.6, Max: 8, Diff: 2, Sum: 119]
      [Scan RS (ms): Min: 0.0, Avg: 0.0, Max: 0.1, Diff: 0.1, Sum: 0.5]
      [Code Root Scanning (ms): Min: 0.0, Avg: 0.0, Max: 0.0, Diff: 0.0, Sum: 0.0]
      [Object Copy (ms): Min: 10.7, Avg: 10.9, Max: 11.2, Diff: 0.6, Sum: 197.0]
      [Termination (ms): Min: 0.0, Avg: 0.3, Max: 0.5, Diff: 0.5, Sum: 5.0]
         [Termination Attempts: Min: 1, Avg: 1.1, Max: 2, Diff: 1, Sum: 19]
      [GC Worker Other (ms): Min: 0.0, Avg: 0.0, Max: 0.0, Diff: 0.0, Sum: 0.3]
      [GC Worker Total (ms): Min: 13.3, Avg: 13.5, Max: 13.7, Diff: 0.4, Sum: 242.3]
      [GC Worker End (ms): Min: 6498.5, Avg: 6498.5, Max: 6498.5, Diff: 0.0]
   [Code Root Fixup: 0.0 ms]
   [Code Root Purge: 0.0 ms]
   [Clear CT: 0.2 ms]
   [Other: 1.1 ms]
      [Choose CSet: 0.0 ms]
      [Ref Proc: 0.3 ms]
      [Ref Enq: 0.0 ms]
      [Redirty Cards: 0.3 ms]
      [Humongous Register: 0.2 ms]
      [Humongous Reclaim: 0.1 ms]
      [Free CSet: 0.2 ms]
   [Eden: 46.0M(46.0M)->0.0B(191.0M) Survivors: 5120.0K->7168.0K Heap: 672.0M(1024.0M)->611.5M(1024.0M)]
 [Times: user=0.20 sys=0.05, real=0.01 secs] 
6.500: [GC pause (G1 Humongous Allocation) (young) (initial-mark), 0.0037871 secs]
   [Parallel Time: 2.7 ms, GC Workers: 18]
      [GC Worker Start (ms): Min: 6500.5, Avg: 6500.8, Max: 6500.9, Diff: 0.4]
      [Ext Root Scanning (ms): Min: 0.0, Avg: 0.2, Max: 0.5, Diff: 0.5, Sum: 4.0]
      [Update RS (ms): Min: 0.0, Avg: 0.1, Max: 0.4, Diff: 0.4, Sum: 2.3]
         [Processed Buffers: Min: 0, Avg: 1.0, Max: 3, Diff: 3, Sum: 18]
      [Scan RS (ms): Min: 0.0, Avg: 0.0, Max: 0.0, Diff: 0.0, Sum: 0.1]
      [Code Root Scanning (ms): Min: 0.0, Avg: 0.0, Max: 0.0, Diff: 0.0, Sum: 0.0]
      [Object Copy (ms): Min: 1.0, Avg: 1.6, Max: 1.9, Diff: 0.9, Sum: 28.2]
      [Termination (ms): Min: 0.0, Avg: 0.3, Max: 0.6, Diff: 0.6, Sum: 5.5]
         [Termination Attempts: Min: 1, Avg: 1.0, Max: 1, Diff: 0, Sum: 18]
      [GC Worker Other (ms): Min: 0.0, Avg: 0.0, Max: 0.0, Diff: 0.0, Sum: 0.2]
      [GC Worker Total (ms): Min: 2.1, Avg: 2.2, Max: 2.5, Diff: 0.4, Sum: 40.4]
      [GC Worker End (ms): Min: 6503.0, Avg: 6503.0, Max: 6503.0, Diff: 0.0]
   [Code Root Fixup: 0.0 ms]
   [Code Root Purge: 0.0 ms]
   [Clear CT: 0.2 ms]
   [Other: 0.9 ms]
      [Choose CSet: 0.0 ms]
      [Ref Proc: 0.3 ms]
      [Ref Enq: 0.0 ms]
      [Redirty Cards: 0.2 ms]
      [Humongous Register: 0.2 ms]
      [Humongous Reclaim: 0.0 ms]
      [Free CSet: 0.0 ms]
   [Eden: 1024.0K(191.0M)->0.0B(193.0M) Survivors: 7168.0K->8192.0K Heap: 612.1M(1024.0M)->611.5M(1024.0M)]
 [Times: user=0.04 sys=0.00, real=0.00 secs] 
6.504: [GC concurrent-root-region-scan-start]
6.504: [GC concurrent-root-region-scan-end, 0.0001673 secs]
6.504: [GC concurrent-mark-start]
6.507: [GC concurrent-mark-end, 0.0026913 secs]
6.507: [GC remark 6.507: [Finalize Marking, 0.0003419 secs] 6.508: [GC ref-proc, 0.0004135 secs] 6.508: [Unloading, 0.0009759 secs], 0.0027057 secs]
 [Times: user=0.02 sys=0.00, real=0.00 secs] 
6.510: [GC cleanup 619M->610M(1024M), 0.0017721 secs]
 [Times: user=0.01 sys=0.00, real=0.00 secs] 
6.512: [GC concurrent-cleanup-start]
6.512: [GC concurrent-cleanup-end, 0.0000387 secs]
6.591: [GC pause (G1 Evacuation Pause) (young), 0.0271225 secs]
   [Parallel Time: 25.4 ms, GC Workers: 18]
      [GC Worker Start (ms): Min: 6591.3, Avg: 6591.5, Max: 6591.6, Diff: 0.3]
      [Ext Root Scanning (ms): Min: 0.0, Avg: 0.1, Max: 0.3, Diff: 0.3, Sum: 2.6]
      [Update RS (ms): Min: 7.5, Avg: 7.6, Max: 7.8, Diff: 0.3, Sum: 137.4]
         [Processed Buffers: Min: 20, Avg: 22.3, Max: 25, Diff: 5, Sum: 402]
      [Scan RS (ms): Min: 0.0, Avg: 0.1, Max: 0.3, Diff: 0.3, Sum: 1.2]
      [Code Root Scanning (ms): Min: 0.0, Avg: 0.0, Max: 0.0, Diff: 0.0, Sum: 0.0]
      [Object Copy (ms): Min: 16.2, Avg: 16.7, Max: 17.2, Diff: 1.0, Sum: 300.2]
      [Termination (ms): Min: 0.0, Avg: 0.4, Max: 0.8, Diff: 0.8, Sum: 7.1]
         [Termination Attempts: Min: 1, Avg: 1.0, Max: 1, Diff: 0, Sum: 18]
      [GC Worker Other (ms): Min: 0.0, Avg: 0.1, Max: 0.1, Diff: 0.1, Sum: 1.0]
      [GC Worker Total (ms): Min: 24.9, Avg: 25.0, Max: 25.1, Diff: 0.2, Sum: 449.5]
      [GC Worker End (ms): Min: 6616.4, Avg: 6616.4, Max: 6616.5, Diff: 0.1]
   [Code Root Fixup: 0.0 ms]
   [Code Root Purge: 0.0 ms]
   [Clear CT: 0.3 ms]
   [Other: 1.5 ms]
      [Choose CSet: 0.0 ms]
      [Ref Proc: 0.4 ms]
      [Ref Enq: 0.0 ms]
      [Redirty Cards: 0.3 ms]
      [Humongous Register: 0.2 ms]
      [Humongous Reclaim: 0.2 ms]
      [Free CSet: 0.3 ms]
   [Eden: 193.0M(193.0M)->0.0B(25.0M) Survivors: 8192.0K->26.0M Heap: 844.5M(1024.0M)->657.2M(1024.0M)]
 [Times: user=0.38 sys=0.06, real=0.03 secs] 
6.627: [GC pause (G1 Evacuation Pause) (mixed), 0.0142802 secs]
   [Parallel Time: 12.7 ms, GC Workers: 18]
      [GC Worker Start (ms): Min: 6627.7, Avg: 6627.9, Max: 6628.0, Diff: 0.3]
      [Ext Root Scanning (ms): Min: 0.0, Avg: 0.2, Max: 0.3, Diff: 0.3, Sum: 3.5]
      [Update RS (ms): Min: 1.0, Avg: 1.1, Max: 1.2, Diff: 0.2, Sum: 20.4]
         [Processed Buffers: Min: 3, Avg: 4.0, Max: 5, Diff: 2, Sum: 72]
      [Scan RS (ms): Min: 0.0, Avg: 0.0, Max: 0.1, Diff: 0.1, Sum: 0.7]
      [Code Root Scanning (ms): Min: 0.0, Avg: 0.0, Max: 0.0, Diff: 0.0, Sum: 0.0]
      [Object Copy (ms): Min: 10.5, Avg: 10.7, Max: 10.9, Diff: 0.4, Sum: 192.5]
      [Termination (ms): Min: 0.0, Avg: 0.2, Max: 0.3, Diff: 0.3, Sum: 4.0]
         [Termination Attempts: Min: 1, Avg: 1.1, Max: 2, Diff: 1, Sum: 20]
      [GC Worker Other (ms): Min: 0.0, Avg: 0.0, Max: 0.0, Diff: 0.0, Sum: 0.4]
      [GC Worker Total (ms): Min: 12.2, Avg: 12.3, Max: 12.5, Diff: 0.3, Sum: 221.5]
      [GC Worker End (ms): Min: 6640.1, Avg: 6640.2, Max: 6640.2, Diff: 0.0]
   [Code Root Fixup: 0.0 ms]
   [Code Root Purge: 0.0 ms]
   [Clear CT: 0.2 ms]
   [Other: 1.4 ms]
      [Choose CSet: 0.1 ms]
      [Ref Proc: 0.3 ms]
      [Ref Enq: 0.0 ms]
      [Redirty Cards: 0.3 ms]
      [Humongous Register: 0.2 ms]
      [Humongous Reclaim: 0.1 ms]
      [Free CSet: 0.4 ms]
   [Eden: 25.0M(25.0M)->0.0B(44.0M) Survivors: 26.0M->7168.0K Heap: 689.1M(1024.0M)->569.9M(1024.0M)]
 [Times: user=0.18 sys=0.03, real=0.01 secs] 
6.659: [GC pause (G1 Evacuation Pause) (mixed), 0.0233909 secs]
   [Parallel Time: 21.6 ms, GC Workers: 18]
      [GC Worker Start (ms): Min: 6659.1, Avg: 6659.3, Max: 6659.5, Diff: 0.4]
      [Ext Root Scanning (ms): Min: 0.0, Avg: 0.2, Max: 0.3, Diff: 0.3, Sum: 2.9]
      [Update RS (ms): Min: 2.4, Avg: 2.5, Max: 2.6, Diff: 0.2, Sum: 44.7]
         [Processed Buffers: Min: 7, Avg: 8.1, Max: 10, Diff: 3, Sum: 145]
      [Scan RS (ms): Min: 0.0, Avg: 0.1, Max: 0.2, Diff: 0.2, Sum: 1.2]
      [Code Root Scanning (ms): Min: 0.0, Avg: 0.0, Max: 0.0, Diff: 0.0, Sum: 0.0]
      [Object Copy (ms): Min: 14.4, Avg: 14.8, Max: 18.4, Diff: 4.0, Sum: 266.2]
      [Termination (ms): Min: 0.0, Avg: 3.6, Max: 4.0, Diff: 4.0, Sum: 64.6]
         [Termination Attempts: Min: 1, Avg: 1.2, Max: 2, Diff: 1, Sum: 21]
      [GC Worker Other (ms): Min: 0.0, Avg: 0.0, Max: 0.1, Diff: 0.1, Sum: 0.4]
      [GC Worker Total (ms): Min: 20.9, Avg: 21.1, Max: 21.3, Diff: 0.4, Sum: 379.9]
      [GC Worker End (ms): Min: 6680.4, Avg: 6680.5, Max: 6680.5, Diff: 0.0]
   [Code Root Fixup: 0.0 ms]
   [Code Root Purge: 0.0 ms]
   [Clear CT: 0.2 ms]
   [Other: 1.6 ms]
      [Choose CSet: 0.1 ms]
      [Ref Proc: 0.3 ms]
      [Ref Enq: 0.0 ms]
      [Redirty Cards: 0.3 ms]
      [Humongous Register: 0.2 ms]
      [Humongous Reclaim: 0.2 ms]
      [Free CSet: 0.4 ms]
   [Eden: 44.0M(44.0M)->0.0B(44.0M) Survivors: 7168.0K->7168.0K Heap: 629.6M(1024.0M)->510.0M(1024.0M)]
 [Times: user=0.29 sys=0.09, real=0.02 secs] 
6.707: [GC pause (G1 Evacuation Pause) (mixed), 0.0147745 secs]
   [Parallel Time: 13.3 ms, GC Workers: 18]
      [GC Worker Start (ms): Min: 6707.1, Avg: 6707.3, Max: 6707.5, Diff: 0.4]
      [Ext Root Scanning (ms): Min: 0.0, Avg: 0.2, Max: 0.3, Diff: 0.3, Sum: 3.2]
      [Update RS (ms): Min: 1.7, Avg: 1.9, Max: 2.1, Diff: 0.4, Sum: 34.4]
         [Processed Buffers: Min: 5, Avg: 6.0, Max: 7, Diff: 2, Sum: 108]
      [Scan RS (ms): Min: 0.0, Avg: 0.0, Max: 0.1, Diff: 0.1, Sum: 0.7]
      [Code Root Scanning (ms): Min: 0.0, Avg: 0.0, Max: 0.0, Diff: 0.0, Sum: 0.0]
      [Object Copy (ms): Min: 10.1, Avg: 10.3, Max: 10.7, Diff: 0.6, Sum: 186.2]
      [Termination (ms): Min: 0.0, Avg: 0.3, Max: 0.4, Diff: 0.4, Sum: 5.1]
         [Termination Attempts: Min: 1, Avg: 1.0, Max: 1, Diff: 0, Sum: 18]
      [GC Worker Other (ms): Min: 0.0, Avg: 0.0, Max: 0.0, Diff: 0.0, Sum: 0.4]
      [GC Worker Total (ms): Min: 12.6, Avg: 12.8, Max: 13.0, Diff: 0.4, Sum: 230.0]
      [GC Worker End (ms): Min: 6720.1, Avg: 6720.1, Max: 6720.1, Diff: 0.0]
   [Code Root Fixup: 0.0 ms]
   [Code Root Purge: 0.0 ms]
   [Clear CT: 0.2 ms]
   [Other: 1.3 ms]
      [Choose CSet: 0.0 ms]
      [Ref Proc: 0.2 ms]
      [Ref Enq: 0.0 ms]
      [Redirty Cards: 0.3 ms]
      [Humongous Register: 0.3 ms]
      [Humongous Reclaim: 0.1 ms]
      [Free CSet: 0.2 ms]
   [Eden: 44.0M(44.0M)->0.0B(290.0M) Survivors: 7168.0K->7168.0K Heap: 565.1M(1024.0M)->495.1M(1024.0M)]
 [Times: user=0.18 sys=0.05, real=0.01 secs] 
6.722: [GC pause (G1 Humongous Allocation) (young) (initial-mark), 0.0035466 secs]
   [Parallel Time: 2.4 ms, GC Workers: 18]
      [GC Worker Start (ms): Min: 6722.1, Avg: 6722.3, Max: 6722.5, Diff: 0.4]
      [Ext Root Scanning (ms): Min: 0.0, Avg: 0.2, Max: 0.5, Diff: 0.4, Sum: 4.1]
      [Update RS (ms): Min: 0.0, Avg: 0.1, Max: 0.9, Diff: 0.9, Sum: 2.6]
         [Processed Buffers: Min: 0, Avg: 1.1, Max: 3, Diff: 3, Sum: 19]
      [Scan RS (ms): Min: 0.0, Avg: 0.0, Max: 0.0, Diff: 0.0, Sum: 0.1]
      [Code Root Scanning (ms): Min: 0.0, Avg: 0.0, Max: 0.0, Diff: 0.0, Sum: 0.0]
      [Object Copy (ms): Min: 0.8, Avg: 1.4, Max: 1.7, Diff: 0.9, Sum: 25.5]
      [Termination (ms): Min: 0.0, Avg: 0.2, Max: 0.4, Diff: 0.4, Sum: 3.0]
         [Termination Attempts: Min: 1, Avg: 1.0, Max: 1, Diff: 0, Sum: 18]
      [GC Worker Other (ms): Min: 0.0, Avg: 0.0, Max: 0.0, Diff: 0.0, Sum: 0.2]
      [GC Worker Total (ms): Min: 1.8, Avg: 2.0, Max: 2.2, Diff: 0.4, Sum: 35.4]
      [GC Worker End (ms): Min: 6724.3, Avg: 6724.3, Max: 6724.3, Diff: 0.0]
   [Code Root Fixup: 0.0 ms]
   [Code Root Purge: 0.0 ms]
   [Clear CT: 0.3 ms]
   [Other: 0.9 ms]
      [Choose CSet: 0.0 ms]
      [Ref Proc: 0.3 ms]
      [Ref Enq: 0.0 ms]
      [Redirty Cards: 0.2 ms]
      [Humongous Register: 0.2 ms]
      [Humongous Reclaim: 0.0 ms]
      [Free CSet: 0.0 ms]
   [Eden: 1024.0K(290.0M)->0.0B(301.0M) Survivors: 7168.0K->7168.0K Heap: 495.7M(1024.0M)->494.8M(1024.0M)]
 [Times: user=0.04 sys=0.00, real=0.01 secs] 
6.726: [GC concurrent-root-region-scan-start]
6.726: [GC concurrent-root-region-scan-end, 0.0002119 secs]
6.726: [GC concurrent-mark-start]
6.728: [GC concurrent-mark-end, 0.0023940 secs]
6.728: [GC remark 6.728: [Finalize Marking, 0.0004932 secs] 6.729: [GC ref-proc, 0.0004145 secs] 6.729: [Unloading, 0.0009439 secs], 0.0026849 secs]
 [Times: user=0.02 sys=0.01, real=0.00 secs] 
6.731: [GC cleanup 503M->497M(1024M), 0.0015051 secs]
 [Times: user=0.01 sys=0.00, real=0.00 secs] 
6.733: [GC concurrent-cleanup-start]
6.733: [GC concurrent-cleanup-end, 0.0000310 secs]
6.893: [GC pause (G1 Evacuation Pause) (young) (to-space exhausted), 0.0318655 secs]
   [Parallel Time: 28.9 ms, GC Workers: 18]
      [GC Worker Start (ms): Min: 6893.9, Avg: 6894.2, Max: 6894.4, Diff: 0.6]
      [Ext Root Scanning (ms): Min: 0.0, Avg: 0.1, Max: 0.4, Diff: 0.4, Sum: 2.3]
      [Update RS (ms): Min: 16.1, Avg: 16.2, Max: 16.4, Diff: 0.3, Sum: 292.0]
         [Processed Buffers: Min: 30, Avg: 37.4, Max: 47, Diff: 17, Sum: 673]
      [Scan RS (ms): Min: 0.0, Avg: 0.1, Max: 0.2, Diff: 0.1, Sum: 1.2]
      [Code Root Scanning (ms): Min: 0.0, Avg: 0.0, Max: 0.0, Diff: 0.0, Sum: 0.0]
      [Object Copy (ms): Min: 11.7, Avg: 11.8, Max: 11.9, Diff: 0.2, Sum: 212.4]
      [Termination (ms): Min: 0.0, Avg: 0.1, Max: 0.2, Diff: 0.2, Sum: 1.7]
         [Termination Attempts: Min: 1, Avg: 1.0, Max: 1, Diff: 0, Sum: 18]
      [GC Worker Other (ms): Min: 0.0, Avg: 0.0, Max: 0.1, Diff: 0.1, Sum: 0.7]
      [GC Worker Total (ms): Min: 28.1, Avg: 28.3, Max: 28.6, Diff: 0.5, Sum: 510.3]
      [GC Worker End (ms): Min: 6922.5, Avg: 6922.5, Max: 6922.6, Diff: 0.1]
   [Code Root Fixup: 0.0 ms]
   [Code Root Purge: 0.0 ms]
   [Clear CT: 0.3 ms]
   [Other: 2.6 ms]
      [Evacuation Failure: 0.9 ms]
      [Choose CSet: 0.0 ms]
      [Ref Proc: 0.3 ms]
      [Ref Enq: 0.0 ms]
      [Redirty Cards: 0.2 ms]
      [Humongous Register: 0.4 ms]
      [Humongous Reclaim: 0.4 ms]
      [Free CSet: 0.3 ms]
   [Eden: 301.0M(301.0M)->0.0B(12.0M) Survivors: 7168.0K->39.0M Heap: 872.1M(1024.0M)->734.8M(1024.0M)]
 [Times: user=0.49 sys=0.03, real=0.04 secs] 
6.929: [GC pause (G1 Evacuation Pause) (mixed), 0.0211032 secs]
   [Parallel Time: 19.4 ms, GC Workers: 18]
      [GC Worker Start (ms): Min: 6929.7, Avg: 6930.0, Max: 6930.2, Diff: 0.4]
      [Ext Root Scanning (ms): Min: 0.0, Avg: 0.1, Max: 0.4, Diff: 0.4, Sum: 2.7]
      [Update RS (ms): Min: 0.5, Avg: 0.6, Max: 0.8, Diff: 0.3, Sum: 11.2]
         [Processed Buffers: Min: 2, Avg: 3.8, Max: 8, Diff: 6, Sum: 68]
      [Scan RS (ms): Min: 0.0, Avg: 0.1, Max: 0.2, Diff: 0.2, Sum: 1.2]
      [Code Root Scanning (ms): Min: 0.0, Avg: 0.0, Max: 0.0, Diff: 0.0, Sum: 0.0]
      [Object Copy (ms): Min: 17.4, Avg: 17.7, Max: 18.0, Diff: 0.5, Sum: 318.8]
      [Termination (ms): Min: 0.0, Avg: 0.3, Max: 0.5, Diff: 0.5, Sum: 5.0]
         [Termination Attempts: Min: 1, Avg: 1.0, Max: 1, Diff: 0, Sum: 18]
      [GC Worker Other (ms): Min: 0.0, Avg: 0.0, Max: 0.1, Diff: 0.1, Sum: 0.4]
      [GC Worker Total (ms): Min: 18.6, Avg: 18.9, Max: 19.1, Diff: 0.4, Sum: 339.4]
      [GC Worker End (ms): Min: 6948.8, Avg: 6948.8, Max: 6948.8, Diff: 0.0]
   [Code Root Fixup: 0.0 ms]
   [Code Root Purge: 0.0 ms]
   [Clear CT: 0.2 ms]
   [Other: 1.5 ms]
      [Choose CSet: 0.1 ms]
      [Ref Proc: 0.4 ms]
      [Ref Enq: 0.0 ms]
      [Redirty Cards: 0.3 ms]
      [Humongous Register: 0.2 ms]
      [Humongous Reclaim: 0.1 ms]
      [Free CSet: 0.4 ms]
   [Eden: 12.0M(12.0M)->0.0B(47.0M) Survivors: 39.0M->4096.0K Heap: 749.9M(1024.0M)->665.5M(1024.0M)]
 [Times: user=0.27 sys=0.06, real=0.02 secs] 
6.968: [GC pause (G1 Evacuation Pause) (mixed), 0.0113932 secs]
   [Parallel Time: 10.1 ms, GC Workers: 18]
      [GC Worker Start (ms): Min: 6968.0, Avg: 6968.2, Max: 6968.5, Diff: 0.5]
      [Ext Root Scanning (ms): Min: 0.0, Avg: 0.2, Max: 0.4, Diff: 0.4, Sum: 2.7]
      [Update RS (ms): Min: 2.0, Avg: 2.3, Max: 2.5, Diff: 0.5, Sum: 40.8]
         [Processed Buffers: Min: 6, Avg: 6.7, Max: 7, Diff: 1, Sum: 120]
      [Scan RS (ms): Min: 0.0, Avg: 0.0, Max: 0.1, Diff: 0.1, Sum: 0.6]
      [Code Root Scanning (ms): Min: 0.0, Avg: 0.0, Max: 0.1, Diff: 0.1, Sum: 0.1]
      [Object Copy (ms): Min: 6.7, Avg: 6.9, Max: 7.3, Diff: 0.6, Sum: 125.1]
      [Termination (ms): Min: 0.0, Avg: 0.2, Max: 0.3, Diff: 0.3, Sum: 2.9]
         [Termination Attempts: Min: 1, Avg: 1.0, Max: 1, Diff: 0, Sum: 18]
      [GC Worker Other (ms): Min: 0.0, Avg: 0.0, Max: 0.0, Diff: 0.0, Sum: 0.4]
      [GC Worker Total (ms): Min: 9.4, Avg: 9.6, Max: 9.8, Diff: 0.5, Sum: 172.6]
      [GC Worker End (ms): Min: 6977.8, Avg: 6977.8, Max: 6977.8, Diff: 0.0]
   [Code Root Fixup: 0.0 ms]
   [Code Root Purge: 0.0 ms]
   [Clear CT: 0.3 ms]
   [Other: 1.0 ms]
      [Choose CSet: 0.0 ms]
      [Ref Proc: 0.2 ms]
      [Ref Enq: 0.0 ms]
      [Redirty Cards: 0.2 ms]
      [Humongous Register: 0.2 ms]
      [Humongous Reclaim: 0.1 ms]
      [Free CSet: 0.1 ms]
   [Eden: 47.0M(47.0M)->0.0B(152.0M) Survivors: 4096.0K->7168.0K Heap: 725.1M(1024.0M)->669.6M(1024.0M)]
 [Times: user=0.17 sys=0.01, real=0.01 secs] 
6.980: [GC pause (G1 Humongous Allocation) (young) (initial-mark), 0.0040930 secs]
   [Parallel Time: 3.0 ms, GC Workers: 18]
      [GC Worker Start (ms): Min: 6980.6, Avg: 6980.7, Max: 6980.9, Diff: 0.3]
      [Ext Root Scanning (ms): Min: 0.0, Avg: 0.2, Max: 0.4, Diff: 0.4, Sum: 4.2]
      [Update RS (ms): Min: 0.0, Avg: 0.2, Max: 0.9, Diff: 0.9, Sum: 3.4]
         [Processed Buffers: Min: 0, Avg: 1.0, Max: 2, Diff: 2, Sum: 18]
      [Scan RS (ms): Min: 0.0, Avg: 0.0, Max: 0.0, Diff: 0.0, Sum: 0.1]
      [Code Root Scanning (ms): Min: 0.0, Avg: 0.0, Max: 0.0, Diff: 0.0, Sum: 0.0]
      [Object Copy (ms): Min: 1.0, Avg: 2.0, Max: 2.3, Diff: 1.4, Sum: 35.5]
      [Termination (ms): Min: 0.0, Avg: 0.3, Max: 0.5, Diff: 0.5, Sum: 5.0]
         [Termination Attempts: Min: 1, Avg: 1.0, Max: 1, Diff: 0, Sum: 18]
      [GC Worker Other (ms): Min: 0.0, Avg: 0.0, Max: 0.0, Diff: 0.0, Sum: 0.2]
      [GC Worker Total (ms): Min: 2.5, Avg: 2.7, Max: 2.8, Diff: 0.3, Sum: 48.4]
      [GC Worker End (ms): Min: 6983.4, Avg: 6983.4, Max: 6983.5, Diff: 0.0]
   [Code Root Fixup: 0.0 ms]
   [Code Root Purge: 0.0 ms]
   [Clear CT: 0.2 ms]
   [Other: 0.8 ms]
      [Choose CSet: 0.0 ms]
      [Ref Proc: 0.2 ms]
      [Ref Enq: 0.0 ms]
      [Redirty Cards: 0.2 ms]
      [Humongous Register: 0.2 ms]
      [Humongous Reclaim: 0.0 ms]
      [Free CSet: 0.0 ms]
   [Eden: 4096.0K(152.0M)->0.0B(147.0M) Survivors: 7168.0K->10.0M Heap: 673.6M(1024.0M)->670.8M(1024.0M)]
 [Times: user=0.05 sys=0.00, real=0.01 secs] 
6.985: [GC concurrent-root-region-scan-start]
6.985: [GC concurrent-root-region-scan-end, 0.0002313 secs]
6.985: [GC concurrent-mark-start]
6.987: [GC concurrent-mark-end, 0.0026937 secs]
6.988: [GC remark 6.988: [Finalize Marking, 0.0006525 secs] 6.988: [GC ref-proc, 0.0003978 secs] 6.989: [Unloading, 0.0009438 secs], 0.0030745 secs]
 [Times: user=0.03 sys=0.00, real=0.00 secs] 
6.991: [GC cleanup 680M->670M(1024M), 0.0016939 secs]
 [Times: user=0.01 sys=0.00, real=0.00 secs] 
6.993: [GC concurrent-cleanup-start]
6.993: [GC concurrent-cleanup-end, 0.0000391 secs]
7.049: [GC pause (G1 Evacuation Pause) (young), 0.0249074 secs]
   [Parallel Time: 22.1 ms, GC Workers: 18]
      [GC Worker Start (ms): Min: 7049.5, Avg: 7049.6, Max: 7049.7, Diff: 0.3]
      [Ext Root Scanning (ms): Min: 0.0, Avg: 0.1, Max: 0.3, Diff: 0.3, Sum: 2.6]
      [Update RS (ms): Min: 5.9, Avg: 6.2, Max: 6.4, Diff: 0.5, Sum: 112.3]
         [Processed Buffers: Min: 16, Avg: 18.1, Max: 21, Diff: 5, Sum: 326]
      [Scan RS (ms): Min: 0.0, Avg: 0.1, Max: 0.3, Diff: 0.3, Sum: 1.0]
      [Code Root Scanning (ms): Min: 0.0, Avg: 0.0, Max: 0.0, Diff: 0.0, Sum: 0.0]
      [Object Copy (ms): Min: 14.3, Avg: 14.7, Max: 15.4, Diff: 1.2, Sum: 265.4]
      [Termination (ms): Min: 0.0, Avg: 0.6, Max: 0.9, Diff: 0.9, Sum: 11.0]
         [Termination Attempts: Min: 1, Avg: 1.0, Max: 1, Diff: 0, Sum: 18]
      [GC Worker Other (ms): Min: 0.0, Avg: 0.0, Max: 0.1, Diff: 0.1, Sum: 0.9]
      [GC Worker Total (ms): Min: 21.7, Avg: 21.8, Max: 22.0, Diff: 0.3, Sum: 393.3]
      [GC Worker End (ms): Min: 7071.4, Avg: 7071.5, Max: 7071.5, Diff: 0.1]
   [Code Root Fixup: 0.0 ms]
   [Code Root Purge: 0.0 ms]
   [Clear CT: 0.4 ms]
   [Other: 2.3 ms]
      [Choose CSet: 0.0 ms]
      [Ref Proc: 0.3 ms]
      [Ref Enq: 0.0 ms]
      [Redirty Cards: 0.2 ms]
      [Humongous Register: 0.2 ms]
      [Humongous Reclaim: 0.9 ms]
      [Free CSet: 0.5 ms]
   [Eden: 147.0M(147.0M)->0.0B(31.0M) Survivors: 10.0M->20.0M Heap: 847.0M(1024.0M)->707.1M(1024.0M)]
 [Times: user=0.33 sys=0.06, real=0.03 secs] 
7.085: [GC pause (G1 Evacuation Pause) (mixed), 0.0137065 secs]
   [Parallel Time: 12.0 ms, GC Workers: 18]
      [GC Worker Start (ms): Min: 7085.7, Avg: 7085.8, Max: 7086.0, Diff: 0.3]
      [Ext Root Scanning (ms): Min: 0.2, Avg: 0.4, Max: 0.5, Diff: 0.3, Sum: 6.4]
      [Update RS (ms): Min: 0.9, Avg: 1.1, Max: 1.3, Diff: 0.4, Sum: 20.0]
         [Processed Buffers: Min: 3, Avg: 3.8, Max: 5, Diff: 2, Sum: 69]
      [Scan RS (ms): Min: 0.0, Avg: 0.1, Max: 0.2, Diff: 0.2, Sum: 0.9]
      [Code Root Scanning (ms): Min: 0.0, Avg: 0.0, Max: 0.0, Diff: 0.0, Sum: 0.0]
      [Object Copy (ms): Min: 9.5, Avg: 9.8, Max: 10.2, Diff: 0.7, Sum: 176.9]
      [Termination (ms): Min: 0.0, Avg: 0.2, Max: 0.5, Diff: 0.5, Sum: 4.0]
         [Termination Attempts: Min: 1, Avg: 1.1, Max: 2, Diff: 1, Sum: 19]
      [GC Worker Other (ms): Min: 0.0, Avg: 0.0, Max: 0.1, Diff: 0.0, Sum: 0.5]
      [GC Worker Total (ms): Min: 11.4, Avg: 11.6, Max: 11.8, Diff: 0.4, Sum: 208.7]
      [GC Worker End (ms): Min: 7097.4, Avg: 7097.4, Max: 7097.4, Diff: 0.0]
   [Code Root Fixup: 0.0 ms]
   [Code Root Purge: 0.0 ms]
   [Clear CT: 0.2 ms]
   [Other: 1.5 ms]
      [Choose CSet: 0.1 ms]
      [Ref Proc: 0.3 ms]
      [Ref Enq: 0.0 ms]
      [Redirty Cards: 0.3 ms]
      [Humongous Register: 0.2 ms]
      [Humongous Reclaim: 0.1 ms]
      [Free CSet: 0.5 ms]
   [Eden: 31.0M(31.0M)->0.0B(44.0M) Survivors: 20.0M->7168.0K Heap: 744.2M(1024.0M)->618.5M(1024.0M)]
 [Times: user=0.18 sys=0.03, real=0.01 secs] 
7.114: [GC pause (G1 Evacuation Pause) (mixed), 0.0164402 secs]
   [Parallel Time: 14.7 ms, GC Workers: 18]
      [GC Worker Start (ms): Min: 7114.3, Avg: 7114.5, Max: 7114.8, Diff: 0.4]
      [Ext Root Scanning (ms): Min: 0.0, Avg: 0.1, Max: 0.3, Diff: 0.3, Sum: 1.8]
      [Update RS (ms): Min: 1.7, Avg: 1.9, Max: 2.0, Diff: 0.3, Sum: 33.8]
         [Processed Buffers: Min: 5, Avg: 6.3, Max: 8, Diff: 3, Sum: 113]
      [Scan RS (ms): Min: 0.0, Avg: 0.1, Max: 0.2, Diff: 0.2, Sum: 0.9]
      [Code Root Scanning (ms): Min: 0.0, Avg: 0.0, Max: 0.0, Diff: 0.0, Sum: 0.0]
      [Object Copy (ms): Min: 11.6, Avg: 11.9, Max: 12.3, Diff: 0.7, Sum: 214.4]
      [Termination (ms): Min: 0.0, Avg: 0.3, Max: 0.7, Diff: 0.7, Sum: 6.2]
         [Termination Attempts: Min: 1, Avg: 1.0, Max: 1, Diff: 0, Sum: 18]
      [GC Worker Other (ms): Min: 0.0, Avg: 0.0, Max: 0.0, Diff: 0.0, Sum: 0.3]
      [GC Worker Total (ms): Min: 14.1, Avg: 14.3, Max: 14.5, Diff: 0.4, Sum: 257.4]
      [GC Worker End (ms): Min: 7128.8, Avg: 7128.8, Max: 7128.9, Diff: 0.0]
   [Code Root Fixup: 0.0 ms]
   [Code Root Purge: 0.0 ms]
   [Clear CT: 0.2 ms]
   [Other: 1.5 ms]
      [Choose CSet: 0.1 ms]
      [Ref Proc: 0.3 ms]
      [Ref Enq: 0.0 ms]
      [Redirty Cards: 0.3 ms]
      [Humongous Register: 0.2 ms]
      [Humongous Reclaim: 0.1 ms]
      [Free CSet: 0.4 ms]
   [Eden: 44.0M(44.0M)->0.0B(44.0M) Survivors: 7168.0K->7168.0K Heap: 674.2M(1024.0M)->548.6M(1024.0M)]
 [Times: user=0.21 sys=0.04, real=0.02 secs] 
7.147: [GC pause (G1 Evacuation Pause) (mixed), 0.0199533 secs]
   [Parallel Time: 18.2 ms, GC Workers: 18]
      [GC Worker Start (ms): Min: 7147.8, Avg: 7148.1, Max: 7148.3, Diff: 0.4]
      [Ext Root Scanning (ms): Min: 0.0, Avg: 0.2, Max: 0.4, Diff: 0.4, Sum: 2.9]
      [Update RS (ms): Min: 2.0, Avg: 2.2, Max: 2.3, Diff: 0.3, Sum: 39.7]
         [Processed Buffers: Min: 6, Avg: 7.1, Max: 8, Diff: 2, Sum: 128]
      [Scan RS (ms): Min: 0.0, Avg: 0.1, Max: 0.2, Diff: 0.2, Sum: 0.9]
      [Code Root Scanning (ms): Min: 0.0, Avg: 0.0, Max: 0.0, Diff: 0.0, Sum: 0.0]
      [Object Copy (ms): Min: 14.7, Avg: 15.0, Max: 15.3, Diff: 0.5, Sum: 269.1]
      [Termination (ms): Min: 0.0, Avg: 0.3, Max: 0.5, Diff: 0.5, Sum: 5.1]
         [Termination Attempts: Min: 1, Avg: 1.0, Max: 1, Diff: 0, Sum: 18]
      [GC Worker Other (ms): Min: 0.0, Avg: 0.0, Max: 0.1, Diff: 0.0, Sum: 0.5]
      [GC Worker Total (ms): Min: 17.5, Avg: 17.7, Max: 17.9, Diff: 0.4, Sum: 318.2]
      [GC Worker End (ms): Min: 7165.7, Avg: 7165.7, Max: 7165.7, Diff: 0.0]
   [Code Root Fixup: 0.0 ms]
   [Code Root Purge: 0.0 ms]
   [Clear CT: 0.3 ms]
   [Other: 1.5 ms]
      [Choose CSet: 0.1 ms]
      [Ref Proc: 0.2 ms]
      [Ref Enq: 0.0 ms]
      [Redirty Cards: 0.3 ms]
      [Humongous Register: 0.2 ms]
      [Humongous Reclaim: 0.1 ms]
      [Free CSet: 0.5 ms]
   [Eden: 44.0M(44.0M)->0.0B(44.0M) Survivors: 7168.0K->7168.0K Heap: 606.2M(1024.0M)->499.2M(1024.0M)]
 [Times: user=0.28 sys=0.04, real=0.02 secs] 
7.184: [GC pause (G1 Evacuation Pause) (mixed), 0.0117762 secs]
   [Parallel Time: 10.5 ms, GC Workers: 18]
      [GC Worker Start (ms): Min: 7184.3, Avg: 7184.6, Max: 7184.8, Diff: 0.5]
      [Ext Root Scanning (ms): Min: 0.0, Avg: 0.1, Max: 0.4, Diff: 0.4, Sum: 2.2]
      [Update RS (ms): Min: 2.1, Avg: 2.2, Max: 2.4, Diff: 0.3, Sum: 40.2]
         [Processed Buffers: Min: 6, Avg: 7.2, Max: 8, Diff: 2, Sum: 129]
      [Scan RS (ms): Min: 0.0, Avg: 0.0, Max: 0.1, Diff: 0.1, Sum: 0.4]
      [Code Root Scanning (ms): Min: 0.0, Avg: 0.0, Max: 0.0, Diff: 0.0, Sum: 0.0]
      [Object Copy (ms): Min: 6.8, Avg: 7.3, Max: 7.6, Diff: 0.8, Sum: 131.1]
      [Termination (ms): Min: 0.0, Avg: 0.3, Max: 0.7, Diff: 0.7, Sum: 5.8]
         [Termination Attempts: Min: 1, Avg: 1.0, Max: 1, Diff: 0, Sum: 18]
      [GC Worker Other (ms): Min: 0.0, Avg: 0.0, Max: 0.0, Diff: 0.0, Sum: 0.4]
      [GC Worker Total (ms): Min: 9.8, Avg: 10.0, Max: 10.3, Diff: 0.5, Sum: 180.1]
      [GC Worker End (ms): Min: 7194.6, Avg: 7194.6, Max: 7194.6, Diff: 0.0]
   [Code Root Fixup: 0.0 ms]
   [Code Root Purge: 0.0 ms]
   [Clear CT: 0.2 ms]
   [Other: 1.0 ms]
      [Choose CSet: 0.0 ms]
      [Ref Proc: 0.2 ms]
      [Ref Enq: 0.0 ms]
      [Redirty Cards: 0.2 ms]
      [Humongous Register: 0.2 ms]
      [Humongous Reclaim: 0.1 ms]
      [Free CSet: 0.1 ms]
   [Eden: 44.0M(44.0M)->0.0B(267.0M) Survivors: 7168.0K->7168.0K Heap: 556.9M(1024.0M)->514.1M(1024.0M)]
 [Times: user=0.17 sys=0.00, real=0.02 secs] 
7.196: [GC pause (G1 Humongous Allocation) (young) (initial-mark), 0.0032928 secs]
   [Parallel Time: 2.2 ms, GC Workers: 18]
      [GC Worker Start (ms): Min: 7196.6, Avg: 7196.8, Max: 7197.0, Diff: 0.4]
      [Ext Root Scanning (ms): Min: 0.0, Avg: 0.2, Max: 0.5, Diff: 0.5, Sum: 4.3]
      [Update RS (ms): Min: 0.0, Avg: 0.1, Max: 0.3, Diff: 0.3, Sum: 1.4]
         [Processed Buffers: Min: 0, Avg: 1.1, Max: 3, Diff: 3, Sum: 19]
      [Scan RS (ms): Min: 0.0, Avg: 0.0, Max: 0.0, Diff: 0.0, Sum: 0.1]
      [Code Root Scanning (ms): Min: 0.0, Avg: 0.0, Max: 0.0, Diff: 0.0, Sum: 0.0]
      [Object Copy (ms): Min: 0.8, Avg: 1.1, Max: 1.4, Diff: 0.7, Sum: 20.6]
      [Termination (ms): Min: 0.0, Avg: 0.3, Max: 0.5, Diff: 0.5, Sum: 4.5]
         [Termination Attempts: Min: 1, Avg: 1.0, Max: 1, Diff: 0, Sum: 18]
      [GC Worker Other (ms): Min: 0.0, Avg: 0.0, Max: 0.0, Diff: 0.0, Sum: 0.2]
      [GC Worker Total (ms): Min: 1.5, Avg: 1.7, Max: 2.0, Diff: 0.4, Sum: 31.2]
      [GC Worker End (ms): Min: 7198.6, Avg: 7198.6, Max: 7198.6, Diff: 0.0]
   [Code Root Fixup: 0.0 ms]
   [Code Root Purge: 0.0 ms]
   [Clear CT: 0.2 ms]
   [Other: 0.9 ms]
      [Choose CSet: 0.0 ms]
      [Ref Proc: 0.2 ms]
      [Ref Enq: 0.0 ms]
      [Redirty Cards: 0.2 ms]
      [Humongous Register: 0.2 ms]
      [Humongous Reclaim: 0.0 ms]
      [Free CSet: 0.0 ms]
   [Eden: 1024.0K(267.0M)->0.0B(281.0M) Survivors: 7168.0K->7168.0K Heap: 514.2M(1024.0M)->513.8M(1024.0M)]
 [Times: user=0.03 sys=0.01, real=0.00 secs] 
7.200: [GC concurrent-root-region-scan-start]
7.200: [GC concurrent-root-region-scan-end, 0.0002133 secs]
7.200: [GC concurrent-mark-start]
7.202: [GC concurrent-mark-end, 0.0026332 secs]
7.203: [GC remark 7.203: [Finalize Marking, 0.0005139 secs] 7.203: [GC ref-proc, 0.0004105 secs] 7.204: [Unloading, 0.0012170 secs], 0.0030134 secs]
 [Times: user=0.03 sys=0.00, real=0.01 secs] 
7.206: [GC cleanup 523M->522M(1024M), 0.0017220 secs]
 [Times: user=0.02 sys=0.00, real=0.00 secs] 
7.208: [GC concurrent-cleanup-start]
7.208: [GC concurrent-cleanup-end, 0.0000205 secs]
7.314: [GC pause (G1 Evacuation Pause) (young) (to-space exhausted), 0.0279477 secs]
   [Parallel Time: 25.2 ms, GC Workers: 18]
      [GC Worker Start (ms): Min: 7314.4, Avg: 7314.6, Max: 7314.8, Diff: 0.5]
      [Ext Root Scanning (ms): Min: 0.0, Avg: 0.1, Max: 0.4, Diff: 0.4, Sum: 2.5]
      [Update RS (ms): Min: 11.6, Avg: 11.7, Max: 11.9, Diff: 0.3, Sum: 211.5]
         [Processed Buffers: Min: 12, Avg: 34.7, Max: 42, Diff: 30, Sum: 625]
      [Scan RS (ms): Min: 0.0, Avg: 0.1, Max: 0.3, Diff: 0.3, Sum: 1.4]
      [Code Root Scanning (ms): Min: 0.0, Avg: 0.0, Max: 0.0, Diff: 0.0, Sum: 0.0]
      [Object Copy (ms): Min: 12.3, Avg: 12.7, Max: 12.9, Diff: 0.6, Sum: 228.6]
      [Termination (ms): Min: 0.0, Avg: 0.1, Max: 0.1, Diff: 0.1, Sum: 1.2]
         [Termination Attempts: Min: 1, Avg: 1.0, Max: 1, Diff: 0, Sum: 18]
      [GC Worker Other (ms): Min: 0.0, Avg: 0.0, Max: 0.1, Diff: 0.1, Sum: 0.6]
      [GC Worker Total (ms): Min: 24.5, Avg: 24.8, Max: 25.0, Diff: 0.5, Sum: 445.8]
      [GC Worker End (ms): Min: 7339.4, Avg: 7339.4, Max: 7339.4, Diff: 0.1]
   [Code Root Fixup: 0.0 ms]
   [Code Root Purge: 0.0 ms]
   [Clear CT: 0.3 ms]
   [Other: 2.5 ms]
      [Evacuation Failure: 0.8 ms]
      [Choose CSet: 0.0 ms]
      [Ref Proc: 0.2 ms]
      [Ref Enq: 0.0 ms]
      [Redirty Cards: 0.2 ms]
      [Humongous Register: 0.3 ms]
      [Humongous Reclaim: 0.5 ms]
      [Free CSet: 0.2 ms]
   [Eden: 281.0M(281.0M)->0.0B(15.0M) Survivors: 7168.0K->36.0M Heap: 870.6M(1024.0M)->728.6M(1024.0M)]
 [Times: user=0.43 sys=0.02, real=0.03 secs] 
7.349: [GC pause (G1 Evacuation Pause) (mixed), 0.0228546 secs]
   [Parallel Time: 20.9 ms, GC Workers: 18]
      [GC Worker Start (ms): Min: 7349.6, Avg: 7349.8, Max: 7350.0, Diff: 0.4]
      [Ext Root Scanning (ms): Min: 0.0, Avg: 0.2, Max: 0.4, Diff: 0.4, Sum: 2.7]
      [Update RS (ms): Min: 1.2, Avg: 1.3, Max: 1.4, Diff: 0.3, Sum: 22.9]
         [Processed Buffers: Min: 4, Avg: 5.7, Max: 10, Diff: 6, Sum: 103]
      [Scan RS (ms): Min: 0.0, Avg: 0.1, Max: 0.4, Diff: 0.3, Sum: 1.8]
      [Code Root Scanning (ms): Min: 0.0, Avg: 0.0, Max: 0.0, Diff: 0.0, Sum: 0.0]
      [Object Copy (ms): Min: 18.4, Avg: 18.7, Max: 19.0, Diff: 0.6, Sum: 337.4]
      [Termination (ms): Min: 0.0, Avg: 0.2, Max: 0.5, Diff: 0.5, Sum: 4.0]
         [Termination Attempts: Min: 1, Avg: 1.2, Max: 3, Diff: 2, Sum: 22]
      [GC Worker Other (ms): Min: 0.0, Avg: 0.0, Max: 0.0, Diff: 0.0, Sum: 0.3]
      [GC Worker Total (ms): Min: 20.3, Avg: 20.5, Max: 20.7, Diff: 0.4, Sum: 369.1]
      [GC Worker End (ms): Min: 7370.3, Avg: 7370.3, Max: 7370.3, Diff: 0.0]
   [Code Root Fixup: 0.0 ms]
   [Code Root Purge: 0.0 ms]
   [Clear CT: 0.3 ms]
   [Other: 1.7 ms]
      [Choose CSet: 0.1 ms]
      [Ref Proc: 0.3 ms]
      [Ref Enq: 0.0 ms]
      [Redirty Cards: 0.3 ms]
      [Humongous Register: 0.4 ms]
      [Humongous Reclaim: 0.1 ms]
      [Free CSet: 0.4 ms]
   [Eden: 15.0M(15.0M)->0.0B(45.0M) Survivors: 36.0M->6144.0K Heap: 751.3M(1024.0M)->667.7M(1024.0M)]
 [Times: user=0.24 sys=0.13, real=0.02 secs] 
7.394: [GC pause (G1 Evacuation Pause) (mixed), 0.0147340 secs]
   [Parallel Time: 13.2 ms, GC Workers: 18]
      [GC Worker Start (ms): Min: 7394.1, Avg: 7394.4, Max: 7394.7, Diff: 0.6]
      [Ext Root Scanning (ms): Min: 0.0, Avg: 0.1, Max: 0.4, Diff: 0.4, Sum: 2.4]
      [Update RS (ms): Min: 2.6, Avg: 2.9, Max: 3.1, Diff: 0.5, Sum: 52.0]
         [Processed Buffers: Min: 8, Avg: 8.7, Max: 10, Diff: 2, Sum: 157]
      [Scan RS (ms): Min: 0.0, Avg: 0.0, Max: 0.1, Diff: 0.1, Sum: 0.4]
      [Code Root Scanning (ms): Min: 0.0, Avg: 0.0, Max: 0.0, Diff: 0.0, Sum: 0.0]
      [Object Copy (ms): Min: 8.6, Avg: 8.9, Max: 9.6, Diff: 1.0, Sum: 160.2]
      [Termination (ms): Min: 0.0, Avg: 0.6, Max: 0.8, Diff: 0.8, Sum: 10.9]
         [Termination Attempts: Min: 1, Avg: 1.6, Max: 4, Diff: 3, Sum: 28]
      [GC Worker Other (ms): Min: 0.0, Avg: 0.0, Max: 0.0, Diff: 0.0, Sum: 0.3]
      [GC Worker Total (ms): Min: 12.3, Avg: 12.6, Max: 12.9, Diff: 0.6, Sum: 226.2]
      [GC Worker End (ms): Min: 7407.0, Avg: 7407.0, Max: 7407.0, Diff: 0.0]
   [Code Root Fixup: 0.0 ms]
   [Code Root Purge: 0.0 ms]
   [Clear CT: 0.2 ms]
   [Other: 1.3 ms]
      [Choose CSet: 0.0 ms]
      [Ref Proc: 0.4 ms]
      [Ref Enq: 0.0 ms]
      [Redirty Cards: 0.3 ms]
      [Humongous Register: 0.2 ms]
      [Humongous Reclaim: 0.1 ms]
      [Free CSet: 0.2 ms]
   [Eden: 45.0M(45.0M)->0.0B(149.0M) Survivors: 6144.0K->7168.0K Heap: 729.8M(1024.0M)->666.4M(1024.0M)]
 [Times: user=0.16 sys=0.07, real=0.02 secs] 
7.409: [GC pause (G1 Humongous Allocation) (young) (initial-mark), 0.0031591 secs]
   [Parallel Time: 2.0 ms, GC Workers: 18]
      [GC Worker Start (ms): Min: 7409.7, Avg: 7409.9, Max: 7410.0, Diff: 0.4]
      [Ext Root Scanning (ms): Min: 0.0, Avg: 0.2, Max: 0.4, Diff: 0.4, Sum: 3.0]
      [Update RS (ms): Min: 0.0, Avg: 0.2, Max: 0.3, Diff: 0.3, Sum: 2.8]
         [Processed Buffers: Min: 0, Avg: 1.1, Max: 2, Diff: 2, Sum: 19]
      [Scan RS (ms): Min: 0.0, Avg: 0.0, Max: 0.0, Diff: 0.0, Sum: 0.1]
      [Code Root Scanning (ms): Min: 0.0, Avg: 0.0, Max: 0.0, Diff: 0.0, Sum: 0.0]
      [Object Copy (ms): Min: 0.7, Avg: 1.0, Max: 1.4, Diff: 0.6, Sum: 18.6]
      [Termination (ms): Min: 0.0, Avg: 0.3, Max: 0.5, Diff: 0.5, Sum: 4.8]
         [Termination Attempts: Min: 1, Avg: 1.1, Max: 2, Diff: 1, Sum: 20]
      [GC Worker Other (ms): Min: 0.0, Avg: 0.0, Max: 0.0, Diff: 0.0, Sum: 0.2]
      [GC Worker Total (ms): Min: 1.5, Avg: 1.6, Max: 1.8, Diff: 0.4, Sum: 29.6]
      [GC Worker End (ms): Min: 7411.5, Avg: 7411.5, Max: 7411.5, Diff: 0.0]
   [Code Root Fixup: 0.0 ms]
   [Code Root Purge: 0.0 ms]
   [Clear CT: 0.2 ms]
   [Other: 1.0 ms]
      [Choose CSet: 0.0 ms]
      [Ref Proc: 0.3 ms]
      [Ref Enq: 0.0 ms]
      [Redirty Cards: 0.2 ms]
      [Humongous Register: 0.2 ms]
      [Humongous Reclaim: 0.0 ms]
      [Free CSet: 0.0 ms]
   [Eden: 2048.0K(149.0M)->0.0B(150.0M) Survivors: 7168.0K->7168.0K Heap: 667.9M(1024.0M)->666.1M(1024.0M)]
 [Times: user=0.04 sys=0.00, real=0.00 secs] 
7.413: [GC concurrent-root-region-scan-start]
7.413: [GC concurrent-root-region-scan-end, 0.0001555 secs]
7.413: [GC concurrent-mark-start]
7.416: [GC concurrent-mark-end, 0.0033111 secs]
7.416: [GC remark 7.416: [Finalize Marking, 0.0006107 secs] 7.417: [GC ref-proc, 0.0004113 secs] 7.417: [Unloading, 0.0009155 secs], 0.0030991 secs]
 [Times: user=0.02 sys=0.01, real=0.00 secs] 
7.420: [GC cleanup 679M->668M(1024M), 0.0018492 secs]
 [Times: user=0.02 sys=0.00, real=0.00 secs] 
7.421: [GC concurrent-cleanup-start]
7.421: [GC concurrent-cleanup-end, 0.0000428 secs]
7.479: [GC pause (G1 Evacuation Pause) (young), 0.0222046 secs]
   [Parallel Time: 20.5 ms, GC Workers: 18]
      [GC Worker Start (ms): Min: 7479.6, Avg: 7479.7, Max: 7479.9, Diff: 0.4]
      [Ext Root Scanning (ms): Min: 0.0, Avg: 0.1, Max: 0.3, Diff: 0.3, Sum: 2.3]
      [Update RS (ms): Min: 5.9, Avg: 6.2, Max: 6.3, Diff: 0.4, Sum: 111.5]
         [Processed Buffers: Min: 16, Avg: 18.2, Max: 20, Diff: 4, Sum: 328]
      [Scan RS (ms): Min: 0.0, Avg: 0.0, Max: 0.2, Diff: 0.2, Sum: 0.8]
      [Code Root Scanning (ms): Min: 0.0, Avg: 0.0, Max: 0.0, Diff: 0.0, Sum: 0.0]
      [Object Copy (ms): Min: 13.1, Avg: 13.6, Max: 13.8, Diff: 0.8, Sum: 244.7]
      [Termination (ms): Min: 0.0, Avg: 0.1, Max: 0.3, Diff: 0.3, Sum: 2.3]
         [Termination Attempts: Min: 1, Avg: 1.4, Max: 2, Diff: 1, Sum: 25]
      [GC Worker Other (ms): Min: 0.0, Avg: 0.0, Max: 0.1, Diff: 0.1, Sum: 0.5]
      [GC Worker Total (ms): Min: 19.9, Avg: 20.1, Max: 20.3, Diff: 0.3, Sum: 362.1]
      [GC Worker End (ms): Min: 7499.8, Avg: 7499.8, Max: 7499.9, Diff: 0.0]
   [Code Root Fixup: 0.0 ms]
   [Code Root Purge: 0.0 ms]
   [Clear CT: 0.2 ms]
   [Other: 1.4 ms]
      [Choose CSet: 0.0 ms]
      [Ref Proc: 0.3 ms]
      [Ref Enq: 0.0 ms]
      [Redirty Cards: 0.3 ms]
      [Humongous Register: 0.3 ms]
      [Humongous Reclaim: 0.2 ms]
      [Free CSet: 0.2 ms]
   [Eden: 150.0M(150.0M)->0.0B(31.0M) Survivors: 7168.0K->20.0M Heap: 844.5M(1024.0M)->697.9M(1024.0M)]
 [Times: user=0.35 sys=0.01, real=0.02 secs] 
7.514: [GC pause (G1 Evacuation Pause) (mixed), 0.0140968 secs]
   [Parallel Time: 12.5 ms, GC Workers: 18]
      [GC Worker Start (ms): Min: 7514.0, Avg: 7514.2, Max: 7514.4, Diff: 0.4]
      [Ext Root Scanning (ms): Min: 0.0, Avg: 0.2, Max: 0.4, Diff: 0.4, Sum: 3.1]
      [Update RS (ms): Min: 1.2, Avg: 1.4, Max: 1.6, Diff: 0.4, Sum: 25.4]
         [Processed Buffers: Min: 4, Avg: 4.7, Max: 6, Diff: 2, Sum: 84]
      [Scan RS (ms): Min: 0.0, Avg: 0.0, Max: 0.1, Diff: 0.1, Sum: 0.6]
      [Code Root Scanning (ms): Min: 0.0, Avg: 0.0, Max: 0.0, Diff: 0.0, Sum: 0.0]
      [Object Copy (ms): Min: 9.1, Avg: 9.4, Max: 10.6, Diff: 1.5, Sum: 169.5]
      [Termination (ms): Min: 0.0, Avg: 1.0, Max: 1.2, Diff: 1.2, Sum: 18.5]
         [Termination Attempts: Min: 1, Avg: 1.0, Max: 1, Diff: 0, Sum: 18]
      [GC Worker Other (ms): Min: 0.0, Avg: 0.0, Max: 0.0, Diff: 0.0, Sum: 0.4]
      [GC Worker Total (ms): Min: 11.9, Avg: 12.1, Max: 12.3, Diff: 0.4, Sum: 217.5]
      [GC Worker End (ms): Min: 7526.3, Avg: 7526.3, Max: 7526.3, Diff: 0.0]
   [Code Root Fixup: 0.0 ms]
   [Code Root Purge: 0.0 ms]
   [Clear CT: 0.2 ms]
   [Other: 1.4 ms]
      [Choose CSet: 0.1 ms]
      [Ref Proc: 0.3 ms]
      [Ref Enq: 0.0 ms]
      [Redirty Cards: 0.3 ms]
      [Humongous Register: 0.2 ms]
      [Humongous Reclaim: 0.1 ms]
      [Free CSet: 0.4 ms]
   [Eden: 31.0M(31.0M)->0.0B(44.0M) Survivors: 20.0M->7168.0K Heap: 737.1M(1024.0M)->614.0M(1024.0M)]
 [Times: user=0.19 sys=0.02, real=0.02 secs] 
7.546: [GC pause (G1 Evacuation Pause) (mixed), 0.0160242 secs]
   [Parallel Time: 14.3 ms, GC Workers: 18]
      [GC Worker Start (ms): Min: 7546.0, Avg: 7546.3, Max: 7546.5, Diff: 0.5]
      [Ext Root Scanning (ms): Min: 0.0, Avg: 0.1, Max: 0.3, Diff: 0.3, Sum: 1.7]
      [Update RS (ms): Min: 1.0, Avg: 1.3, Max: 1.5, Diff: 0.5, Sum: 24.0]
         [Processed Buffers: Min: 3, Avg: 4.7, Max: 6, Diff: 3, Sum: 85]
      [Scan RS (ms): Min: 0.0, Avg: 0.0, Max: 0.2, Diff: 0.2, Sum: 0.9]
      [Code Root Scanning (ms): Min: 0.0, Avg: 0.0, Max: 0.0, Diff: 0.0, Sum: 0.0]
      [Object Copy (ms): Min: 11.8, Avg: 12.1, Max: 12.4, Diff: 0.5, Sum: 217.0]
      [Termination (ms): Min: 0.0, Avg: 0.2, Max: 0.5, Diff: 0.5, Sum: 4.0]
         [Termination Attempts: Min: 1, Avg: 1.1, Max: 3, Diff: 2, Sum: 20]
      [GC Worker Other (ms): Min: 0.0, Avg: 0.0, Max: 0.1, Diff: 0.1, Sum: 0.4]
      [GC Worker Total (ms): Min: 13.6, Avg: 13.8, Max: 14.1, Diff: 0.5, Sum: 248.1]
      [GC Worker End (ms): Min: 7560.0, Avg: 7560.0, Max: 7560.1, Diff: 0.0]
   [Code Root Fixup: 0.0 ms]
   [Code Root Purge: 0.0 ms]
   [Clear CT: 0.2 ms]
   [Other: 1.5 ms]
      [Choose CSet: 0.1 ms]
      [Ref Proc: 0.3 ms]
      [Ref Enq: 0.0 ms]
      [Redirty Cards: 0.3 ms]
      [Humongous Register: 0.2 ms]
      [Humongous Reclaim: 0.1 ms]
      [Free CSet: 0.4 ms]
   [Eden: 44.0M(44.0M)->0.0B(44.0M) Survivors: 7168.0K->7168.0K Heap: 666.2M(1024.0M)->546.8M(1024.0M)]
 [Times: user=0.20 sys=0.05, real=0.01 secs] 
7.577: [GC pause (G1 Evacuation Pause) (mixed), 0.0187258 secs]
   [Parallel Time: 17.2 ms, GC Workers: 18]
      [GC Worker Start (ms): Min: 7577.6, Avg: 7577.8, Max: 7578.0, Diff: 0.4]
      [Ext Root Scanning (ms): Min: 0.0, Avg: 0.1, Max: 0.4, Diff: 0.4, Sum: 2.4]
      [Update RS (ms): Min: 1.4, Avg: 1.5, Max: 1.6, Diff: 0.2, Sum: 26.5]
         [Processed Buffers: Min: 4, Avg: 5.1, Max: 7, Diff: 3, Sum: 92]
      [Scan RS (ms): Min: 0.0, Avg: 0.1, Max: 0.6, Diff: 0.6, Sum: 1.6]
      [Code Root Scanning (ms): Min: 0.0, Avg: 0.0, Max: 0.0, Diff: 0.0, Sum: 0.0]
      [Object Copy (ms): Min: 14.1, Avg: 14.7, Max: 15.0, Diff: 0.9, Sum: 264.5]
      [Termination (ms): Min: 0.0, Avg: 0.3, Max: 0.4, Diff: 0.4, Sum: 4.8]
         [Termination Attempts: Min: 1, Avg: 1.0, Max: 1, Diff: 0, Sum: 18]
      [GC Worker Other (ms): Min: 0.0, Avg: 0.0, Max: 0.0, Diff: 0.0, Sum: 0.4]
      [GC Worker Total (ms): Min: 16.5, Avg: 16.7, Max: 16.9, Diff: 0.4, Sum: 300.1]
      [GC Worker End (ms): Min: 7594.5, Avg: 7594.5, Max: 7594.5, Diff: 0.0]
   [Code Root Fixup: 0.0 ms]
   [Code Root Purge: 0.0 ms]
   [Clear CT: 0.3 ms]
   [Other: 1.2 ms]
      [Choose CSet: 0.1 ms]
      [Ref Proc: 0.3 ms]
      [Ref Enq: 0.0 ms]
      [Redirty Cards: 0.2 ms]
      [Humongous Register: 0.2 ms]
      [Humongous Reclaim: 0.1 ms]
      [Free CSet: 0.3 ms]
   [Eden: 44.0M(44.0M)->0.0B(276.0M) Survivors: 7168.0K->7168.0K Heap: 599.9M(1024.0M)->517.6M(1024.0M)]
 [Times: user=0.23 sys=0.07, real=0.02 secs] 
7.597: [GC pause (G1 Humongous Allocation) (young) (initial-mark), 0.0037396 secs]
   [Parallel Time: 2.6 ms, GC Workers: 18]
      [GC Worker Start (ms): Min: 7597.7, Avg: 7597.9, Max: 7598.1, Diff: 0.4]
      [Ext Root Scanning (ms): Min: 0.0, Avg: 0.2, Max: 0.4, Diff: 0.4, Sum: 3.2]
      [Update RS (ms): Min: 0.1, Avg: 0.3, Max: 1.5, Diff: 1.4, Sum: 5.5]
         [Processed Buffers: Min: 0, Avg: 1.1, Max: 2, Diff: 2, Sum: 19]
      [Scan RS (ms): Min: 0.0, Avg: 0.0, Max: 0.0, Diff: 0.0, Sum: 0.1]
      [Code Root Scanning (ms): Min: 0.0, Avg: 0.0, Max: 0.0, Diff: 0.0, Sum: 0.0]
      [Object Copy (ms): Min: 0.0, Avg: 1.3, Max: 1.9, Diff: 1.9, Sum: 23.0]
      [Termination (ms): Min: 0.0, Avg: 0.4, Max: 0.8, Diff: 0.8, Sum: 6.8]
         [Termination Attempts: Min: 1, Avg: 1.1, Max: 2, Diff: 1, Sum: 20]
      [GC Worker Other (ms): Min: 0.0, Avg: 0.0, Max: 0.0, Diff: 0.0, Sum: 0.3]
      [GC Worker Total (ms): Min: 2.0, Avg: 2.2, Max: 2.4, Diff: 0.4, Sum: 38.9]
      [GC Worker End (ms): Min: 7600.1, Avg: 7600.1, Max: 7600.1, Diff: 0.0]
   [Code Root Fixup: 0.0 ms]
   [Code Root Purge: 0.0 ms]
   [Clear CT: 0.3 ms]
   [Other: 0.9 ms]
      [Choose CSet: 0.0 ms]
      [Ref Proc: 0.2 ms]
      [Ref Enq: 0.0 ms]
      [Redirty Cards: 0.2 ms]
      [Humongous Register: 0.2 ms]
      [Humongous Reclaim: 0.0 ms]
      [Free CSet: 0.0 ms]
   [Eden: 4096.0K(276.0M)->0.0B(276.0M) Survivors: 7168.0K->9216.0K Heap: 521.0M(1024.0M)->518.9M(1024.0M)]
 [Times: user=0.04 sys=0.00, real=0.00 secs] 
7.601: [GC concurrent-root-region-scan-start]
7.601: [GC concurrent-root-region-scan-end, 0.0001554 secs]
7.601: [GC concurrent-mark-start]
7.604: [GC concurrent-mark-end, 0.0024497 secs]
7.604: [GC remark 7.604: [Finalize Marking, 0.0003467 secs] 7.604: [GC ref-proc, 0.0004122 secs] 7.605: [Unloading, 0.0009625 secs], 0.0025598 secs]
 [Times: user=0.03 sys=0.00, real=0.01 secs] 
7.607: [GC cleanup 526M->525M(1024M), 0.0015481 secs]
 [Times: user=0.01 sys=0.00, real=0.00 secs] 
7.608: [GC concurrent-cleanup-start]
7.608: [GC concurrent-cleanup-end, 0.0000197 secs]
7.716: [GC pause (G1 Evacuation Pause) (young) (to-space exhausted), 0.0310064 secs]
   [Parallel Time: 28.0 ms, GC Workers: 18]
      [GC Worker Start (ms): Min: 7716.9, Avg: 7717.3, Max: 7717.5, Diff: 0.6]
      [Ext Root Scanning (ms): Min: 0.0, Avg: 0.2, Max: 0.5, Diff: 0.5, Sum: 3.3]
      [Update RS (ms): Min: 9.8, Avg: 9.9, Max: 10.0, Diff: 0.2, Sum: 177.9]
         [Processed Buffers: Min: 26, Avg: 29.1, Max: 34, Diff: 8, Sum: 523]
      [Scan RS (ms): Min: 0.0, Avg: 0.1, Max: 0.3, Diff: 0.3, Sum: 1.2]
      [Code Root Scanning (ms): Min: 0.0, Avg: 0.0, Max: 0.0, Diff: 0.0, Sum: 0.0]
      [Object Copy (ms): Min: 16.9, Avg: 17.2, Max: 17.3, Diff: 0.4, Sum: 309.9]
      [Termination (ms): Min: 0.0, Avg: 0.1, Max: 0.1, Diff: 0.1, Sum: 1.1]
         [Termination Attempts: Min: 1, Avg: 1.0, Max: 1, Diff: 0, Sum: 18]
      [GC Worker Other (ms): Min: 0.0, Avg: 0.1, Max: 0.1, Diff: 0.1, Sum: 1.1]
      [GC Worker Total (ms): Min: 27.2, Avg: 27.5, Max: 27.8, Diff: 0.6, Sum: 494.4]
      [GC Worker End (ms): Min: 7744.7, Avg: 7744.7, Max: 7744.8, Diff: 0.1]
   [Code Root Fixup: 0.0 ms]
   [Code Root Purge: 0.0 ms]
   [Clear CT: 0.3 ms]
   [Other: 2.7 ms]
      [Evacuation Failure: 0.4 ms]
      [Choose CSet: 0.0 ms]
      [Ref Proc: 0.3 ms]
      [Ref Enq: 0.0 ms]
      [Redirty Cards: 0.2 ms]
      [Humongous Register: 0.9 ms]
      [Humongous Reclaim: 0.3 ms]
      [Free CSet: 0.3 ms]
   [Eden: 276.0M(276.0M)->0.0B(15.0M) Survivors: 9216.0K->36.0M Heap: 857.7M(1024.0M)->656.5M(1024.0M)]
 [Times: user=0.48 sys=0.02, real=0.03 secs] 
7.753: [GC pause (G1 Evacuation Pause) (mixed), 0.0225388 secs]
   [Parallel Time: 21.0 ms, GC Workers: 18]
      [GC Worker Start (ms): Min: 7753.6, Avg: 7753.9, Max: 7754.1, Diff: 0.5]
      [Ext Root Scanning (ms): Min: 0.0, Avg: 0.1, Max: 0.4, Diff: 0.3, Sum: 2.0]
      [Update RS (ms): Min: 1.1, Avg: 1.3, Max: 1.4, Diff: 0.3, Sum: 22.5]
         [Processed Buffers: Min: 3, Avg: 5.1, Max: 12, Diff: 9, Sum: 92]
      [Scan RS (ms): Min: 0.0, Avg: 0.1, Max: 0.4, Diff: 0.4, Sum: 1.9]
      [Code Root Scanning (ms): Min: 0.0, Avg: 0.0, Max: 0.2, Diff: 0.2, Sum: 0.2]
      [Object Copy (ms): Min: 18.0, Avg: 18.6, Max: 19.1, Diff: 1.1, Sum: 334.1]
      [Termination (ms): Min: 0.0, Avg: 0.5, Max: 0.6, Diff: 0.6, Sum: 9.3]
         [Termination Attempts: Min: 1, Avg: 1.0, Max: 1, Diff: 0, Sum: 18]
      [GC Worker Other (ms): Min: 0.0, Avg: 0.0, Max: 0.0, Diff: 0.0, Sum: 0.4]
      [GC Worker Total (ms): Min: 20.4, Avg: 20.6, Max: 20.9, Diff: 0.5, Sum: 370.4]
      [GC Worker End (ms): Min: 7774.5, Avg: 7774.5, Max: 7774.5, Diff: 0.0]
   [Code Root Fixup: 0.0 ms]
   [Code Root Purge: 0.0 ms]
   [Clear CT: 0.2 ms]
   [Other: 1.2 ms]
      [Choose CSet: 0.1 ms]
      [Ref Proc: 0.2 ms]
      [Ref Enq: 0.0 ms]
      [Redirty Cards: 0.3 ms]
      [Humongous Register: 0.2 ms]
      [Humongous Reclaim: 0.1 ms]
      [Free CSet: 0.4 ms]
   [Eden: 15.0M(15.0M)->0.0B(47.0M) Survivors: 36.0M->4096.0K Heap: 679.1M(1024.0M)->595.2M(1024.0M)]
 [Times: user=0.23 sys=0.14, real=0.03 secs] 
7.795: [GC pause (G1 Evacuation Pause) (mixed), 0.0130269 secs]
   [Parallel Time: 11.6 ms, GC Workers: 18]
      [GC Worker Start (ms): Min: 7794.8, Avg: 7795.0, Max: 7795.2, Diff: 0.4]
      [Ext Root Scanning (ms): Min: 0.0, Avg: 0.1, Max: 0.3, Diff: 0.3, Sum: 2.1]
      [Update RS (ms): Min: 2.3, Avg: 2.5, Max: 2.6, Diff: 0.3, Sum: 44.8]
         [Processed Buffers: Min: 7, Avg: 7.9, Max: 9, Diff: 2, Sum: 142]
      [Scan RS (ms): Min: 0.0, Avg: 0.1, Max: 0.6, Diff: 0.6, Sum: 1.1]
      [Code Root Scanning (ms): Min: 0.0, Avg: 0.0, Max: 0.0, Diff: 0.0, Sum: 0.0]
      [Object Copy (ms): Min: 7.2, Avg: 7.5, Max: 8.5, Diff: 1.3, Sum: 134.1]
      [Termination (ms): Min: 0.0, Avg: 0.9, Max: 1.1, Diff: 1.1, Sum: 16.5]
         [Termination Attempts: Min: 1, Avg: 1.6, Max: 4, Diff: 3, Sum: 29]
      [GC Worker Other (ms): Min: 0.0, Avg: 0.0, Max: 0.0, Diff: 0.0, Sum: 0.3]
      [GC Worker Total (ms): Min: 10.9, Avg: 11.1, Max: 11.3, Diff: 0.4, Sum: 199.0]
      [GC Worker End (ms): Min: 7806.1, Avg: 7806.1, Max: 7806.1, Diff: 0.0]
   [Code Root Fixup: 0.0 ms]
   [Code Root Purge: 0.0 ms]
   [Clear CT: 0.2 ms]
   [Other: 1.2 ms]
      [Choose CSet: 0.0 ms]
      [Ref Proc: 0.4 ms]
      [Ref Enq: 0.0 ms]
      [Redirty Cards: 0.3 ms]
      [Humongous Register: 0.2 ms]
      [Humongous Reclaim: 0.1 ms]
      [Free CSet: 0.1 ms]
   [Eden: 47.0M(47.0M)->0.0B(206.0M) Survivors: 4096.0K->7168.0K Heap: 657.5M(1024.0M)->596.3M(1024.0M)]
 [Times: user=0.15 sys=0.05, real=0.01 secs] 
7.808: [GC pause (G1 Humongous Allocation) (young) (initial-mark), 0.0035333 secs]
   [Parallel Time: 2.4 ms, GC Workers: 18]
      [GC Worker Start (ms): Min: 7808.5, Avg: 7808.7, Max: 7808.8, Diff: 0.3]
      [Ext Root Scanning (ms): Min: 0.0, Avg: 0.2, Max: 0.4, Diff: 0.3, Sum: 3.2]
      [Update RS (ms): Min: 0.0, Avg: 0.3, Max: 1.2, Diff: 1.2, Sum: 4.8]
         [Processed Buffers: Min: 0, Avg: 1.0, Max: 3, Diff: 3, Sum: 18]
      [Scan RS (ms): Min: 0.0, Avg: 0.0, Max: 0.0, Diff: 0.0, Sum: 0.1]
      [Code Root Scanning (ms): Min: 0.0, Avg: 0.0, Max: 0.0, Diff: 0.0, Sum: 0.0]
      [Object Copy (ms): Min: 0.0, Avg: 1.2, Max: 1.6, Diff: 1.6, Sum: 20.9]
      [Termination (ms): Min: 0.0, Avg: 0.3, Max: 0.4, Diff: 0.4, Sum: 4.6]
         [Termination Attempts: Min: 1, Avg: 1.0, Max: 1, Diff: 0, Sum: 18]
      [GC Worker Other (ms): Min: 0.0, Avg: 0.0, Max: 0.0, Diff: 0.0, Sum: 0.2]
      [GC Worker Total (ms): Min: 1.7, Avg: 1.9, Max: 2.1, Diff: 0.3, Sum: 33.9]
      [GC Worker End (ms): Min: 7810.6, Avg: 7810.6, Max: 7810.6, Diff: 0.0]
   [Code Root Fixup: 0.0 ms]
   [Code Root Purge: 0.0 ms]
   [Clear CT: 0.2 ms]
   [Other: 1.0 ms]
      [Choose CSet: 0.0 ms]
      [Ref Proc: 0.3 ms]
      [Ref Enq: 0.0 ms]
      [Redirty Cards: 0.2 ms]
      [Humongous Register: 0.2 ms]
      [Humongous Reclaim: 0.0 ms]
      [Free CSet: 0.0 ms]
   [Eden: 2048.0K(206.0M)->0.0B(215.0M) Survivors: 7168.0K->7168.0K Heap: 597.8M(1024.0M)->596.3M(1024.0M)]
 [Times: user=0.04 sys=0.00, real=0.00 secs] 
7.812: [GC concurrent-root-region-scan-start]
7.812: [GC concurrent-root-region-scan-end, 0.0001726 secs]
7.812: [GC concurrent-mark-start]
7.815: [GC concurrent-mark-end, 0.0034533 secs]
7.816: [GC remark 7.816: [Finalize Marking, 0.0004335 secs] 7.816: [GC ref-proc, 0.0004150 secs] 7.816: [Unloading, 0.0008753 secs], 0.0027377 secs]
 [Times: user=0.03 sys=0.00, real=0.00 secs] 
7.818: [GC cleanup 608M->602M(1024M), 0.0016346 secs]
 [Times: user=0.01 sys=0.00, real=0.00 secs] 
7.820: [GC concurrent-cleanup-start]
7.820: [GC concurrent-cleanup-end, 0.0000311 secs]
7.905: [GC pause (G1 Evacuation Pause) (young) (to-space exhausted), 0.0292164 secs]
   [Parallel Time: 27.4 ms, GC Workers: 18]
      [GC Worker Start (ms): Min: 7905.1, Avg: 7905.3, Max: 7905.4, Diff: 0.4]
      [Ext Root Scanning (ms): Min: 0.0, Avg: 0.1, Max: 0.3, Diff: 0.3, Sum: 1.8]
      [Update RS (ms): Min: 8.2, Avg: 8.3, Max: 8.4, Diff: 0.2, Sum: 149.6]
         [Processed Buffers: Min: 21, Avg: 24.7, Max: 28, Diff: 7, Sum: 445]
      [Scan RS (ms): Min: 0.0, Avg: 0.0, Max: 0.2, Diff: 0.2, Sum: 0.7]
      [Code Root Scanning (ms): Min: 0.0, Avg: 0.0, Max: 0.0, Diff: 0.0, Sum: 0.0]
      [Object Copy (ms): Min: 18.1, Avg: 18.3, Max: 18.5, Diff: 0.4, Sum: 330.3]
      [Termination (ms): Min: 0.0, Avg: 0.1, Max: 0.2, Diff: 0.2, Sum: 2.7]
         [Termination Attempts: Min: 1, Avg: 1.0, Max: 1, Diff: 0, Sum: 18]
      [GC Worker Other (ms): Min: 0.0, Avg: 0.0, Max: 0.1, Diff: 0.1, Sum: 0.6]
      [GC Worker Total (ms): Min: 26.8, Avg: 27.0, Max: 27.2, Diff: 0.4, Sum: 485.6]
      [GC Worker End (ms): Min: 7932.2, Avg: 7932.2, Max: 7932.3, Diff: 0.1]
   [Code Root Fixup: 0.0 ms]
   [Code Root Purge: 0.0 ms]
   [Clear CT: 0.2 ms]
   [Other: 1.6 ms]
      [Evacuation Failure: 0.2 ms]
      [Choose CSet: 0.0 ms]
      [Ref Proc: 0.3 ms]
      [Ref Enq: 0.0 ms]
      [Redirty Cards: 0.2 ms]
      [Humongous Register: 0.2 ms]
      [Humongous Reclaim: 0.3 ms]
      [Free CSet: 0.3 ms]
   [Eden: 215.0M(215.0M)->0.0B(23.0M) Survivors: 7168.0K->28.0M Heap: 859.9M(1024.0M)->676.6M(1024.0M)]
 [Times: user=0.47 sys=0.02, real=0.03 secs] 
7.942: [GC pause (G1 Evacuation Pause) (mixed), 0.0156392 secs]
   [Parallel Time: 14.0 ms, GC Workers: 18]
      [GC Worker Start (ms): Min: 7942.7, Avg: 7942.9, Max: 7943.1, Diff: 0.4]
      [Ext Root Scanning (ms): Min: 0.0, Avg: 0.2, Max: 0.4, Diff: 0.4, Sum: 2.7]
      [Update RS (ms): Min: 0.8, Avg: 1.0, Max: 1.2, Diff: 0.4, Sum: 17.5]
         [Processed Buffers: Min: 2, Avg: 4.1, Max: 7, Diff: 5, Sum: 74]
      [Scan RS (ms): Min: 0.0, Avg: 0.0, Max: 0.2, Diff: 0.2, Sum: 0.9]
      [Code Root Scanning (ms): Min: 0.0, Avg: 0.0, Max: 0.0, Diff: 0.0, Sum: 0.0]
      [Object Copy (ms): Min: 11.7, Avg: 12.1, Max: 12.4, Diff: 0.7, Sum: 217.6]
      [Termination (ms): Min: 0.0, Avg: 0.3, Max: 0.7, Diff: 0.7, Sum: 5.7]
         [Termination Attempts: Min: 1, Avg: 1.0, Max: 1, Diff: 0, Sum: 18]
      [GC Worker Other (ms): Min: 0.0, Avg: 0.0, Max: 0.0, Diff: 0.0, Sum: 0.3]
      [GC Worker Total (ms): Min: 13.4, Avg: 13.6, Max: 13.8, Diff: 0.4, Sum: 244.7]
      [GC Worker End (ms): Min: 7956.5, Avg: 7956.5, Max: 7956.5, Diff: 0.0]
   [Code Root Fixup: 0.0 ms]
   [Code Root Purge: 0.0 ms]
   [Clear CT: 0.2 ms]
   [Other: 1.3 ms]
      [Choose CSet: 0.1 ms]
      [Ref Proc: 0.3 ms]
      [Ref Enq: 0.0 ms]
      [Redirty Cards: 0.3 ms]
      [Humongous Register: 0.2 ms]
      [Humongous Reclaim: 0.1 ms]
      [Free CSet: 0.3 ms]
   [Eden: 23.0M(23.0M)->0.0B(44.0M) Survivors: 28.0M->7168.0K Heap: 705.1M(1024.0M)->592.3M(1024.0M)]
 [Times: user=0.19 sys=0.06, real=0.02 secs] 
7.975: [GC pause (G1 Evacuation Pause) (mixed), 0.0190254 secs]
   [Parallel Time: 17.4 ms, GC Workers: 18]
      [GC Worker Start (ms): Min: 7975.0, Avg: 7975.1, Max: 7975.3, Diff: 0.4]
      [Ext Root Scanning (ms): Min: 0.0, Avg: 0.2, Max: 0.3, Diff: 0.3, Sum: 2.7]
      [Update RS (ms): Min: 1.2, Avg: 1.4, Max: 1.6, Diff: 0.4, Sum: 25.2]
         [Processed Buffers: Min: 4, Avg: 4.7, Max: 6, Diff: 2, Sum: 85]
      [Scan RS (ms): Min: 0.0, Avg: 0.1, Max: 0.2, Diff: 0.2, Sum: 1.2]
      [Code Root Scanning (ms): Min: 0.0, Avg: 0.0, Max: 0.0, Diff: 0.0, Sum: 0.0]
      [Object Copy (ms): Min: 14.3, Avg: 14.8, Max: 15.4, Diff: 1.1, Sum: 266.1]
      [Termination (ms): Min: 0.0, Avg: 0.6, Max: 0.8, Diff: 0.8, Sum: 10.6]
         [Termination Attempts: Min: 1, Avg: 1.0, Max: 1, Diff: 0, Sum: 18]
      [GC Worker Other (ms): Min: 0.0, Avg: 0.0, Max: 0.0, Diff: 0.0, Sum: 0.4]
      [GC Worker Total (ms): Min: 16.8, Avg: 17.0, Max: 17.2, Diff: 0.4, Sum: 306.4]
      [GC Worker End (ms): Min: 7992.2, Avg: 7992.2, Max: 7992.2, Diff: 0.0]
   [Code Root Fixup: 0.0 ms]
   [Code Root Purge: 0.0 ms]
   [Clear CT: 0.3 ms]
   [Other: 1.3 ms]
      [Choose CSet: 0.1 ms]
      [Ref Proc: 0.3 ms]
      [Ref Enq: 0.0 ms]
      [Redirty Cards: 0.3 ms]
      [Humongous Register: 0.2 ms]
      [Humongous Reclaim: 0.1 ms]
      [Free CSet: 0.3 ms]
   [Eden: 44.0M(44.0M)->0.0B(44.0M) Survivors: 7168.0K->7168.0K Heap: 644.5M(1024.0M)->543.7M(1024.0M)]
 [Times: user=0.19 sys=0.11, real=0.01 secs] 
8.011: [GC pause (G1 Evacuation Pause) (mixed), 0.0118942 secs]
   [Parallel Time: 10.5 ms, GC Workers: 18]
      [GC Worker Start (ms): Min: 8011.2, Avg: 8011.3, Max: 8011.5, Diff: 0.3]
      [Ext Root Scanning (ms): Min: 0.1, Avg: 0.2, Max: 0.3, Diff: 0.3, Sum: 3.7]
      [Update RS (ms): Min: 2.3, Avg: 2.5, Max: 2.6, Diff: 0.3, Sum: 44.1]
         [Processed Buffers: Min: 6, Avg: 7.7, Max: 9, Diff: 3, Sum: 139]
      [Scan RS (ms): Min: 0.0, Avg: 0.0, Max: 0.2, Diff: 0.2, Sum: 0.6]
      [Code Root Scanning (ms): Min: 0.0, Avg: 0.0, Max: 0.0, Diff: 0.0, Sum: 0.0]
      [Object Copy (ms): Min: 6.7, Avg: 7.1, Max: 7.4, Diff: 0.7, Sum: 128.4]
      [Termination (ms): Min: 0.0, Avg: 0.3, Max: 0.5, Diff: 0.5, Sum: 5.5]
         [Termination Attempts: Min: 1, Avg: 1.0, Max: 1, Diff: 0, Sum: 18]
      [GC Worker Other (ms): Min: 0.0, Avg: 0.0, Max: 0.2, Diff: 0.2, Sum: 0.7]
      [GC Worker Total (ms): Min: 10.0, Avg: 10.2, Max: 10.3, Diff: 0.3, Sum: 183.1]
      [GC Worker End (ms): Min: 8021.5, Avg: 8021.5, Max: 8021.5, Diff: 0.0]
   [Code Root Fixup: 0.0 ms]
   [Code Root Purge: 0.0 ms]
   [Clear CT: 0.2 ms]
   [Other: 1.1 ms]
      [Choose CSet: 0.0 ms]
      [Ref Proc: 0.2 ms]
      [Ref Enq: 0.0 ms]
      [Redirty Cards: 0.3 ms]
      [Humongous Register: 0.2 ms]
      [Humongous Reclaim: 0.1 ms]
      [Free CSet: 0.1 ms]
   [Eden: 44.0M(44.0M)->0.0B(247.0M) Survivors: 7168.0K->7168.0K Heap: 602.5M(1024.0M)->550.2M(1024.0M)]
 [Times: user=0.15 sys=0.04, real=0.01 secs] 
8.023: [GC pause (G1 Humongous Allocation) (young) (initial-mark), 0.0034597 secs]
   [Parallel Time: 2.4 ms, GC Workers: 18]
      [GC Worker Start (ms): Min: 8023.8, Avg: 8024.0, Max: 8024.1, Diff: 0.4]
      [Ext Root Scanning (ms): Min: 0.0, Avg: 0.2, Max: 0.4, Diff: 0.4, Sum: 4.0]
      [Update RS (ms): Min: 0.0, Avg: 0.1, Max: 0.8, Diff: 0.8, Sum: 2.5]
         [Processed Buffers: Min: 0, Avg: 1.0, Max: 3, Diff: 3, Sum: 18]
      [Scan RS (ms): Min: 0.0, Avg: 0.0, Max: 0.0, Diff: 0.0, Sum: 0.1]
      [Code Root Scanning (ms): Min: 0.0, Avg: 0.0, Max: 0.0, Diff: 0.0, Sum: 0.0]
      [Object Copy (ms): Min: 0.9, Avg: 1.4, Max: 1.6, Diff: 0.8, Sum: 24.5]
      [Termination (ms): Min: 0.0, Avg: 0.2, Max: 0.5, Diff: 0.5, Sum: 4.5]
         [Termination Attempts: Min: 1, Avg: 1.0, Max: 1, Diff: 0, Sum: 18]
      [GC Worker Other (ms): Min: 0.0, Avg: 0.0, Max: 0.0, Diff: 0.0, Sum: 0.2]
      [GC Worker Total (ms): Min: 1.8, Avg: 2.0, Max: 2.2, Diff: 0.4, Sum: 35.8]
      [GC Worker End (ms): Min: 8025.9, Avg: 8025.9, Max: 8026.0, Diff: 0.0]
   [Code Root Fixup: 0.0 ms]
   [Code Root Purge: 0.0 ms]
   [Clear CT: 0.2 ms]
   [Other: 0.9 ms]
      [Choose CSet: 0.0 ms]
      [Ref Proc: 0.3 ms]
      [Ref Enq: 0.0 ms]
      [Redirty Cards: 0.2 ms]
      [Humongous Register: 0.2 ms]
      [Humongous Reclaim: 0.0 ms]
      [Free CSet: 0.0 ms]
   [Eden: 2048.0K(247.0M)->0.0B(204.0M) Survivors: 7168.0K->8192.0K Heap: 551.6M(1024.0M)->549.6M(1024.0M)]
 [Times: user=0.03 sys=0.00, real=0.01 secs] 
8.027: [GC concurrent-root-region-scan-start]
8.027: [GC concurrent-root-region-scan-end, 0.0001247 secs]
8.027: [GC concurrent-mark-start]
8.030: [GC concurrent-mark-end, 0.0024573 secs]
8.030: [GC remark 8.030: [Finalize Marking, 0.0004103 secs] 8.030: [GC ref-proc, 0.0004000 secs] 8.031: [Unloading, 0.0009537 secs], 0.0026817 secs]
 [Times: user=0.02 sys=0.01, real=0.00 secs] 
8.033: [GC cleanup 558M->555M(1024M), 0.0016987 secs]
 [Times: user=0.02 sys=0.00, real=0.01 secs] 
8.035: [GC concurrent-cleanup-start]
8.035: [GC concurrent-cleanup-end, 0.0000263 secs]
8.118: [GC pause (G1 Evacuation Pause) (young), 0.0307160 secs]
   [Parallel Time: 28.9 ms, GC Workers: 18]
      [GC Worker Start (ms): Min: 8118.3, Avg: 8118.6, Max: 8118.8, Diff: 0.4]
      [Ext Root Scanning (ms): Min: 0.0, Avg: 0.1, Max: 0.3, Diff: 0.3, Sum: 1.7]
      [Update RS (ms): Min: 8.1, Avg: 8.5, Max: 8.7, Diff: 0.6, Sum: 153.5]
         [Processed Buffers: Min: 21, Avg: 24.9, Max: 29, Diff: 8, Sum: 448]
      [Scan RS (ms): Min: 0.0, Avg: 0.1, Max: 0.3, Diff: 0.3, Sum: 1.1]
      [Code Root Scanning (ms): Min: 0.0, Avg: 0.0, Max: 0.0, Diff: 0.0, Sum: 0.0]
      [Object Copy (ms): Min: 18.8, Avg: 19.4, Max: 20.0, Diff: 1.2, Sum: 349.8]
      [Termination (ms): Min: 0.0, Avg: 0.3, Max: 0.8, Diff: 0.8, Sum: 5.1]
         [Termination Attempts: Min: 1, Avg: 1.0, Max: 1, Diff: 0, Sum: 18]
      [GC Worker Other (ms): Min: 0.0, Avg: 0.0, Max: 0.1, Diff: 0.0, Sum: 0.5]
      [GC Worker Total (ms): Min: 28.2, Avg: 28.4, Max: 28.7, Diff: 0.4, Sum: 511.8]
      [GC Worker End (ms): Min: 8147.0, Avg: 8147.0, Max: 8147.0, Diff: 0.0]
   [Code Root Fixup: 0.0 ms]
   [Code Root Purge: 0.0 ms]
   [Clear CT: 0.2 ms]
   [Other: 1.6 ms]
      [Choose CSet: 0.0 ms]
      [Ref Proc: 0.3 ms]
      [Ref Enq: 0.0 ms]
      [Redirty Cards: 0.3 ms]
      [Humongous Register: 0.4 ms]
      [Humongous Reclaim: 0.3 ms]
      [Free CSet: 0.3 ms]
   [Eden: 204.0M(204.0M)->0.0B(24.0M) Survivors: 8192.0K->27.0M Heap: 805.0M(1024.0M)->609.8M(1024.0M)]
 [Times: user=0.49 sys=0.02, real=0.03 secs] 
8.157: [GC pause (G1 Evacuation Pause) (mixed), 0.0191001 secs]
   [Parallel Time: 17.5 ms, GC Workers: 18]
      [GC Worker Start (ms): Min: 8156.9, Avg: 8157.2, Max: 8157.4, Diff: 0.5]
      [Ext Root Scanning (ms): Min: 0.0, Avg: 0.1, Max: 0.4, Diff: 0.4, Sum: 2.6]
      [Update RS (ms): Min: 0.4, Avg: 0.7, Max: 0.8, Diff: 0.4, Sum: 13.1]
         [Processed Buffers: Min: 2, Avg: 2.8, Max: 6, Diff: 4, Sum: 50]
      [Scan RS (ms): Min: 0.0, Avg: 0.0, Max: 0.2, Diff: 0.2, Sum: 0.7]
      [Code Root Scanning (ms): Min: 0.0, Avg: 0.0, Max: 0.0, Diff: 0.0, Sum: 0.0]
      [Object Copy (ms): Min: 15.3, Avg: 15.4, Max: 15.9, Diff: 0.6, Sum: 278.0]
      [Termination (ms): Min: 0.0, Avg: 0.5, Max: 0.7, Diff: 0.7, Sum: 9.4]
         [Termination Attempts: Min: 1, Avg: 1.3, Max: 4, Diff: 3, Sum: 23]
      [GC Worker Other (ms): Min: 0.0, Avg: 0.0, Max: 0.0, Diff: 0.0, Sum: 0.3]
      [GC Worker Total (ms): Min: 16.7, Avg: 16.9, Max: 17.2, Diff: 0.5, Sum: 304.1]
      [GC Worker End (ms): Min: 8174.1, Avg: 8174.1, Max: 8174.1, Diff: 0.0]
   [Code Root Fixup: 0.0 ms]
   [Code Root Purge: 0.0 ms]
   [Clear CT: 0.3 ms]
   [Other: 1.4 ms]
      [Choose CSet: 0.1 ms]
      [Ref Proc: 0.3 ms]
      [Ref Enq: 0.0 ms]
      [Redirty Cards: 0.3 ms]
      [Humongous Register: 0.2 ms]
      [Humongous Reclaim: 0.1 ms]
      [Free CSet: 0.4 ms]
   [Eden: 24.0M(24.0M)->0.0B(44.0M) Survivors: 27.0M->7168.0K Heap: 638.0M(1024.0M)->533.0M(1024.0M)]
 [Times: user=0.21 sys=0.09, real=0.02 secs] 
8.193: [GC pause (G1 Evacuation Pause) (mixed), 0.0164802 secs]
   [Parallel Time: 14.9 ms, GC Workers: 18]
      [GC Worker Start (ms): Min: 8193.1, Avg: 8193.3, Max: 8193.5, Diff: 0.4]
      [Ext Root Scanning (ms): Min: 0.0, Avg: 0.1, Max: 0.3, Diff: 0.3, Sum: 2.1]
      [Update RS (ms): Min: 1.7, Avg: 1.9, Max: 2.0, Diff: 0.3, Sum: 33.8]
         [Processed Buffers: Min: 5, Avg: 6.2, Max: 8, Diff: 3, Sum: 112]
      [Scan RS (ms): Min: 0.0, Avg: 0.0, Max: 0.1, Diff: 0.1, Sum: 0.6]
      [Code Root Scanning (ms): Min: 0.0, Avg: 0.0, Max: 0.0, Diff: 0.0, Sum: 0.0]
      [Object Copy (ms): Min: 11.2, Avg: 11.5, Max: 12.4, Diff: 1.2, Sum: 207.3]
      [Termination (ms): Min: 0.0, Avg: 0.9, Max: 1.2, Diff: 1.2, Sum: 15.6]
         [Termination Attempts: Min: 1, Avg: 1.2, Max: 4, Diff: 3, Sum: 21]
      [GC Worker Other (ms): Min: 0.0, Avg: 0.0, Max: 0.0, Diff: 0.0, Sum: 0.3]
      [GC Worker Total (ms): Min: 14.3, Avg: 14.4, Max: 14.7, Diff: 0.4, Sum: 259.9]
      [GC Worker End (ms): Min: 8207.8, Avg: 8207.8, Max: 8207.8, Diff: 0.0]
   [Code Root Fixup: 0.0 ms]
   [Code Root Purge: 0.0 ms]
   [Clear CT: 0.2 ms]
   [Other: 1.3 ms]
      [Choose CSet: 0.0 ms]
      [Ref Proc: 0.3 ms]
      [Ref Enq: 0.0 ms]
      [Redirty Cards: 0.3 ms]
      [Humongous Register: 0.2 ms]
      [Humongous Reclaim: 0.1 ms]
      [Free CSet: 0.3 ms]
   [Eden: 44.0M(44.0M)->0.0B(240.0M) Survivors: 7168.0K->7168.0K Heap: 588.6M(1024.0M)->506.8M(1024.0M)]
 [Times: user=0.19 sys=0.07, real=0.02 secs] 
8.210: [GC pause (G1 Humongous Allocation) (young) (initial-mark), 0.0034126 secs]
   [Parallel Time: 2.3 ms, GC Workers: 18]
      [GC Worker Start (ms): Min: 8210.1, Avg: 8210.3, Max: 8210.4, Diff: 0.3]
      [Ext Root Scanning (ms): Min: 0.0, Avg: 0.2, Max: 0.4, Diff: 0.3, Sum: 3.3]
      [Update RS (ms): Min: 0.1, Avg: 0.2, Max: 1.1, Diff: 1.0, Sum: 4.2]
         [Processed Buffers: Min: 0, Avg: 1.1, Max: 2, Diff: 2, Sum: 19]
      [Scan RS (ms): Min: 0.0, Avg: 0.0, Max: 0.0, Diff: 0.0, Sum: 0.1]
      [Code Root Scanning (ms): Min: 0.0, Avg: 0.0, Max: 0.0, Diff: 0.0, Sum: 0.0]
      [Object Copy (ms): Min: 0.3, Avg: 1.3, Max: 1.6, Diff: 1.2, Sum: 22.9]
      [Termination (ms): Min: 0.0, Avg: 0.2, Max: 0.4, Diff: 0.4, Sum: 3.7]
         [Termination Attempts: Min: 1, Avg: 1.1, Max: 2, Diff: 1, Sum: 19]
      [GC Worker Other (ms): Min: 0.0, Avg: 0.0, Max: 0.0, Diff: 0.0, Sum: 0.3]
      [GC Worker Total (ms): Min: 1.8, Avg: 1.9, Max: 2.1, Diff: 0.3, Sum: 34.5]
      [GC Worker End (ms): Min: 8212.2, Avg: 8212.2, Max: 8212.2, Diff: 0.0]
   [Code Root Fixup: 0.0 ms]
   [Code Root Purge: 0.0 ms]
   [Clear CT: 0.3 ms]
   [Other: 0.9 ms]
      [Choose CSet: 0.0 ms]
      [Ref Proc: 0.2 ms]
      [Ref Enq: 0.0 ms]
      [Redirty Cards: 0.2 ms]
      [Humongous Register: 0.2 ms]
      [Humongous Reclaim: 0.0 ms]
      [Free CSet: 0.0 ms]
   [Eden: 1024.0K(240.0M)->0.0B(252.0M) Survivors: 7168.0K->7168.0K Heap: 507.7M(1024.0M)->506.6M(1024.0M)]
 [Times: user=0.04 sys=0.00, real=0.00 secs] 
8.213: [GC concurrent-root-region-scan-start]
8.213: [GC concurrent-root-region-scan-end, 0.0001297 secs]
8.213: [GC concurrent-mark-start]
8.216: [GC concurrent-mark-end, 0.0024616 secs]
8.216: [GC remark 8.216: [Finalize Marking, 0.0003958 secs] 8.216: [GC ref-proc, 0.0004083 secs] 8.217: [Unloading, 0.0008821 secs], 0.0026200 secs]
 [Times: user=0.02 sys=0.00, real=0.00 secs] 
8.219: [GC cleanup 517M->514M(1024M), 0.0017493 secs]
 [Times: user=0.02 sys=0.00, real=0.00 secs] 
8.221: [GC concurrent-cleanup-start]
8.221: [GC concurrent-cleanup-end, 0.0000299 secs]
8.329: [GC pause (G1 Evacuation Pause) (young), 0.0336013 secs]
   [Parallel Time: 31.6 ms, GC Workers: 18]
      [GC Worker Start (ms): Min: 8329.1, Avg: 8329.5, Max: 8329.7, Diff: 0.7]
      [Ext Root Scanning (ms): Min: 0.0, Avg: 0.2, Max: 0.5, Diff: 0.5, Sum: 3.0]
      [Update RS (ms): Min: 11.2, Avg: 11.4, Max: 11.5, Diff: 0.3, Sum: 204.5]
         [Processed Buffers: Min: 25, Avg: 29.8, Max: 36, Diff: 11, Sum: 536]
      [Scan RS (ms): Min: 0.0, Avg: 0.1, Max: 0.1, Diff: 0.1, Sum: 1.0]
      [Code Root Scanning (ms): Min: 0.0, Avg: 0.0, Max: 0.0, Diff: 0.0, Sum: 0.0]
      [Object Copy (ms): Min: 18.8, Avg: 19.1, Max: 19.3, Diff: 0.5, Sum: 344.1]
      [Termination (ms): Min: 0.0, Avg: 0.2, Max: 0.5, Diff: 0.5, Sum: 4.1]
         [Termination Attempts: Min: 1, Avg: 1.0, Max: 1, Diff: 0, Sum: 18]
      [GC Worker Other (ms): Min: 0.0, Avg: 0.0, Max: 0.1, Diff: 0.1, Sum: 0.6]
      [GC Worker Total (ms): Min: 30.7, Avg: 31.0, Max: 31.3, Diff: 0.7, Sum: 557.3]
      [GC Worker End (ms): Min: 8360.4, Avg: 8360.4, Max: 8360.4, Diff: 0.0]
   [Code Root Fixup: 0.0 ms]
   [Code Root Purge: 0.0 ms]
   [Clear CT: 0.3 ms]
   [Other: 1.8 ms]
      [Choose CSet: 0.0 ms]
      [Ref Proc: 0.3 ms]
      [Ref Enq: 0.0 ms]
      [Redirty Cards: 0.3 ms]
      [Humongous Register: 0.4 ms]
      [Humongous Reclaim: 0.3 ms]
      [Free CSet: 0.4 ms]
   [Eden: 252.0M(252.0M)->0.0B(18.0M) Survivors: 7168.0K->33.0M Heap: 821.1M(1024.0M)->564.9M(1024.0M)]
 [Times: user=0.54 sys=0.01, real=0.03 secs] 
8.369: [GC pause (G1 Evacuation Pause) (mixed), 0.0214843 secs]
   [Parallel Time: 19.6 ms, GC Workers: 18]
      [GC Worker Start (ms): Min: 8369.7, Avg: 8370.0, Max: 8370.2, Diff: 0.5]
      [Ext Root Scanning (ms): Min: 0.0, Avg: 0.2, Max: 0.4, Diff: 0.4, Sum: 2.7]
      [Update RS (ms): Min: 1.2, Avg: 1.3, Max: 1.4, Diff: 0.2, Sum: 23.2]
         [Processed Buffers: Min: 4, Avg: 4.6, Max: 6, Diff: 2, Sum: 82]
      [Scan RS (ms): Min: 0.0, Avg: 0.1, Max: 0.3, Diff: 0.2, Sum: 1.5]
      [Code Root Scanning (ms): Min: 0.0, Avg: 0.0, Max: 0.2, Diff: 0.2, Sum: 0.4]
      [Object Copy (ms): Min: 17.1, Avg: 17.2, Max: 17.5, Diff: 0.4, Sum: 310.5]
      [Termination (ms): Min: 0.0, Avg: 0.2, Max: 0.4, Diff: 0.4, Sum: 3.6]
         [Termination Attempts: Min: 1, Avg: 1.3, Max: 2, Diff: 1, Sum: 23]
      [GC Worker Other (ms): Min: 0.0, Avg: 0.0, Max: 0.0, Diff: 0.0, Sum: 0.5]
      [GC Worker Total (ms): Min: 18.8, Avg: 19.0, Max: 19.3, Diff: 0.5, Sum: 342.4]
      [GC Worker End (ms): Min: 8389.0, Avg: 8389.0, Max: 8389.0, Diff: 0.0]
   [Code Root Fixup: 0.0 ms]
   [Code Root Purge: 0.0 ms]
   [Clear CT: 0.2 ms]
   [Other: 1.6 ms]
      [Choose CSet: 0.1 ms]
      [Ref Proc: 0.3 ms]
      [Ref Enq: 0.0 ms]
      [Redirty Cards: 0.3 ms]
      [Humongous Register: 0.4 ms]
      [Humongous Reclaim: 0.1 ms]
      [Free CSet: 0.3 ms]
   [Eden: 18.0M(18.0M)->0.0B(45.0M) Survivors: 33.0M->6144.0K Heap: 590.8M(1024.0M)->504.5M(1024.0M)]
 [Times: user=0.26 sys=0.08, real=0.02 secs] 
8.407: [GC pause (G1 Evacuation Pause) (mixed), 0.0115784 secs]
   [Parallel Time: 10.2 ms, GC Workers: 18]
      [GC Worker Start (ms): Min: 8407.5, Avg: 8407.8, Max: 8408.1, Diff: 0.5]
      [Ext Root Scanning (ms): Min: 0.0, Avg: 0.1, Max: 0.4, Diff: 0.4, Sum: 2.2]
      [Update RS (ms): Min: 1.9, Avg: 2.1, Max: 2.3, Diff: 0.4, Sum: 38.2]
         [Processed Buffers: Min: 5, Avg: 6.7, Max: 8, Diff: 3, Sum: 121]
      [Scan RS (ms): Min: 0.0, Avg: 0.0, Max: 0.2, Diff: 0.2, Sum: 0.6]
      [Code Root Scanning (ms): Min: 0.0, Avg: 0.0, Max: 0.0, Diff: 0.0, Sum: 0.0]
      [Object Copy (ms): Min: 6.9, Avg: 7.2, Max: 7.4, Diff: 0.5, Sum: 128.9]
      [Termination (ms): Min: 0.0, Avg: 0.2, Max: 0.4, Diff: 0.4, Sum: 4.1]
         [Termination Attempts: Min: 1, Avg: 1.0, Max: 1, Diff: 0, Sum: 18]
      [GC Worker Other (ms): Min: 0.0, Avg: 0.0, Max: 0.0, Diff: 0.0, Sum: 0.3]
      [GC Worker Total (ms): Min: 9.5, Avg: 9.7, Max: 10.0, Diff: 0.5, Sum: 174.4]
      [GC Worker End (ms): Min: 8417.5, Avg: 8417.5, Max: 8417.5, Diff: 0.0]
   [Code Root Fixup: 0.0 ms]
   [Code Root Purge: 0.0 ms]
   [Clear CT: 0.2 ms]
   [Other: 1.2 ms]
      [Choose CSet: 0.0 ms]
      [Ref Proc: 0.3 ms]
      [Ref Enq: 0.0 ms]
      [Redirty Cards: 0.3 ms]
      [Humongous Register: 0.2 ms]
      [Humongous Reclaim: 0.1 ms]
      [Free CSet: 0.1 ms]
   [Eden: 45.0M(45.0M)->0.0B(197.0M) Survivors: 6144.0K->7168.0K Heap: 562.2M(1024.0M)->505.0M(1024.0M)]
 [Times: user=0.16 sys=0.01, real=0.01 secs] 
8.421: [GC pause (G1 Humongous Allocation) (young) (initial-mark), 0.0035046 secs]
   [Parallel Time: 2.3 ms, GC Workers: 18]
      [GC Worker Start (ms): Min: 8421.2, Avg: 8421.4, Max: 8421.6, Diff: 0.3]
      [Ext Root Scanning (ms): Min: 0.0, Avg: 0.2, Max: 0.3, Diff: 0.3, Sum: 3.1]
      [Update RS (ms): Min: 0.1, Avg: 0.2, Max: 0.5, Diff: 0.5, Sum: 3.2]
         [Processed Buffers: Min: 0, Avg: 1.1, Max: 2, Diff: 2, Sum: 19]
      [Scan RS (ms): Min: 0.0, Avg: 0.0, Max: 0.0, Diff: 0.0, Sum: 0.1]
      [Code Root Scanning (ms): Min: 0.0, Avg: 0.0, Max: 0.0, Diff: 0.0, Sum: 0.0]
      [Object Copy (ms): Min: 1.0, Avg: 1.3, Max: 1.6, Diff: 0.6, Sum: 22.8]
      [Termination (ms): Min: 0.0, Avg: 0.2, Max: 0.4, Diff: 0.4, Sum: 3.6]
         [Termination Attempts: Min: 1, Avg: 1.0, Max: 1, Diff: 0, Sum: 18]
      [GC Worker Other (ms): Min: 0.0, Avg: 0.0, Max: 0.0, Diff: 0.0, Sum: 0.3]
      [GC Worker Total (ms): Min: 1.7, Avg: 1.8, Max: 2.0, Diff: 0.4, Sum: 33.1]
      [GC Worker End (ms): Min: 8423.2, Avg: 8423.2, Max: 8423.2, Diff: 0.0]
   [Code Root Fixup: 0.0 ms]
   [Code Root Purge: 0.0 ms]
   [Clear CT: 0.2 ms]
   [Other: 1.0 ms]
      [Choose CSet: 0.0 ms]
      [Ref Proc: 0.3 ms]
      [Ref Enq: 0.0 ms]
      [Redirty Cards: 0.2 ms]
      [Humongous Register: 0.2 ms]
      [Humongous Reclaim: 0.0 ms]
      [Free CSet: 0.0 ms]
   [Eden: 5120.0K(197.0M)->0.0B(268.0M) Survivors: 7168.0K->8192.0K Heap: 509.9M(1024.0M)->505.1M(1024.0M)]
 [Times: user=0.04 sys=0.00, real=0.01 secs] 
8.424: [GC concurrent-root-region-scan-start]
8.425: [GC concurrent-root-region-scan-end, 0.0001469 secs]
8.425: [GC concurrent-mark-start]
8.427: [GC concurrent-mark-end, 0.0023726 secs]
8.427: [GC remark 8.427: [Finalize Marking, 0.0003667 secs] 8.427: [GC ref-proc, 0.0003994 secs] 8.428: [Unloading, 0.0008490 secs], 0.0024621 secs]
 [Times: user=0.02 sys=0.00, real=0.00 secs] 
8.430: [GC cleanup 514M->513M(1024M), 0.0016200 secs]
 [Times: user=0.02 sys=0.00, real=0.00 secs] 
8.431: [GC concurrent-cleanup-start]
8.431: [GC concurrent-cleanup-end, 0.0000200 secs]
8.531: [GC pause (G1 Evacuation Pause) (young), 0.0332541 secs]
   [Parallel Time: 31.5 ms, GC Workers: 18]
      [GC Worker Start (ms): Min: 8530.9, Avg: 8531.0, Max: 8531.2, Diff: 0.3]
      [Ext Root Scanning (ms): Min: 0.0, Avg: 0.2, Max: 0.3, Diff: 0.3, Sum: 2.8]
      [Update RS (ms): Min: 8.6, Avg: 8.9, Max: 9.0, Diff: 0.4, Sum: 159.7]
         [Processed Buffers: Min: 23, Avg: 26.0, Max: 30, Diff: 7, Sum: 468]
      [Scan RS (ms): Min: 0.0, Avg: 0.1, Max: 0.1, Diff: 0.1, Sum: 0.9]
      [Code Root Scanning (ms): Min: 0.0, Avg: 0.0, Max: 0.0, Diff: 0.0, Sum: 0.0]
      [Object Copy (ms): Min: 21.2, Avg: 21.7, Max: 22.1, Diff: 0.8, Sum: 390.0]
      [Termination (ms): Min: 0.0, Avg: 0.3, Max: 0.7, Diff: 0.7, Sum: 5.9]
         [Termination Attempts: Min: 1, Avg: 1.0, Max: 1, Diff: 0, Sum: 18]
      [GC Worker Other (ms): Min: 0.0, Avg: 0.0, Max: 0.1, Diff: 0.0, Sum: 0.5]
      [GC Worker Total (ms): Min: 31.0, Avg: 31.1, Max: 31.3, Diff: 0.3, Sum: 559.9]
      [GC Worker End (ms): Min: 8562.1, Avg: 8562.1, Max: 8562.2, Diff: 0.1]
   [Code Root Fixup: 0.0 ms]
   [Code Root Purge: 0.0 ms]
   [Clear CT: 0.3 ms]
   [Other: 1.5 ms]
      [Choose CSet: 0.0 ms]
      [Ref Proc: 0.3 ms]
      [Ref Enq: 0.0 ms]
      [Redirty Cards: 0.3 ms]
      [Humongous Register: 0.2 ms]
      [Humongous Reclaim: 0.2 ms]
      [Free CSet: 0.4 ms]
   [Eden: 268.0M(268.0M)->0.0B(16.0M) Survivors: 8192.0K->35.0M Heap: 828.7M(1024.0M)->576.4M(1024.0M)]
 [Times: user=0.54 sys=0.01, real=0.03 secs] 
8.570: [GC pause (G1 Evacuation Pause) (mixed), 0.0207463 secs]
   [Parallel Time: 19.2 ms, GC Workers: 18]
      [GC Worker Start (ms): Min: 8569.8, Avg: 8570.1, Max: 8570.2, Diff: 0.4]
      [Ext Root Scanning (ms): Min: 0.0, Avg: 0.2, Max: 0.4, Diff: 0.4, Sum: 3.0]
      [Update RS (ms): Min: 0.4, Avg: 0.5, Max: 0.7, Diff: 0.4, Sum: 8.9]
         [Processed Buffers: Min: 1, Avg: 2.4, Max: 6, Diff: 5, Sum: 44]
      [Scan RS (ms): Min: 0.0, Avg: 0.1, Max: 0.5, Diff: 0.5, Sum: 2.0]
      [Code Root Scanning (ms): Min: 0.0, Avg: 0.0, Max: 0.0, Diff: 0.0, Sum: 0.0]
      [Object Copy (ms): Min: 16.7, Avg: 17.1, Max: 17.9, Diff: 1.2, Sum: 308.0]
      [Termination (ms): Min: 0.0, Avg: 0.8, Max: 1.1, Diff: 1.1, Sum: 14.9]
         [Termination Attempts: Min: 1, Avg: 1.0, Max: 1, Diff: 0, Sum: 18]
      [GC Worker Other (ms): Min: 0.0, Avg: 0.0, Max: 0.0, Diff: 0.0, Sum: 0.4]
      [GC Worker Total (ms): Min: 18.6, Avg: 18.7, Max: 19.0, Diff: 0.4, Sum: 337.3]
      [GC Worker End (ms): Min: 8588.8, Avg: 8588.8, Max: 8588.8, Diff: 0.0]
   [Code Root Fixup: 0.0 ms]
   [Code Root Purge: 0.0 ms]
   [Clear CT: 0.2 ms]
   [Other: 1.3 ms]
      [Choose CSet: 0.1 ms]
      [Ref Proc: 0.3 ms]
      [Ref Enq: 0.0 ms]
      [Redirty Cards: 0.3 ms]
      [Humongous Register: 0.2 ms]
      [Humongous Reclaim: 0.0 ms]
      [Free CSet: 0.3 ms]
   [Eden: 16.0M(16.0M)->0.0B(46.0M) Survivors: 35.0M->5120.0K Heap: 595.5M(1024.0M)->505.7M(1024.0M)]
 [Times: user=0.26 sys=0.07, real=0.02 secs] 
8.609: [GC pause (G1 Evacuation Pause) (mixed), 0.0137134 secs]
   [Parallel Time: 12.4 ms, GC Workers: 18]
      [GC Worker Start (ms): Min: 8609.0, Avg: 8609.3, Max: 8609.5, Diff: 0.4]
      [Ext Root Scanning (ms): Min: 0.0, Avg: 0.2, Max: 0.4, Diff: 0.4, Sum: 3.2]
      [Update RS (ms): Min: 2.6, Avg: 2.7, Max: 2.9, Diff: 0.3, Sum: 48.2]
         [Processed Buffers: Min: 7, Avg: 8.2, Max: 10, Diff: 3, Sum: 148]
      [Scan RS (ms): Min: 0.0, Avg: 0.0, Max: 0.1, Diff: 0.1, Sum: 0.4]
      [Code Root Scanning (ms): Min: 0.0, Avg: 0.0, Max: 0.0, Diff: 0.0, Sum: 0.0]
      [Object Copy (ms): Min: 6.5, Avg: 7.0, Max: 9.0, Diff: 2.5, Sum: 126.7]
      [Termination (ms): Min: 0.0, Avg: 1.9, Max: 2.4, Diff: 2.4, Sum: 34.2]
         [Termination Attempts: Min: 1, Avg: 1.0, Max: 1, Diff: 0, Sum: 18]
      [GC Worker Other (ms): Min: 0.0, Avg: 0.0, Max: 0.0, Diff: 0.0, Sum: 0.4]
      [GC Worker Total (ms): Min: 11.7, Avg: 11.8, Max: 12.1, Diff: 0.4, Sum: 213.2]
      [GC Worker End (ms): Min: 8621.1, Avg: 8621.1, Max: 8621.2, Diff: 0.0]
   [Code Root Fixup: 0.0 ms]
   [Code Root Purge: 0.0 ms]
   [Clear CT: 0.2 ms]
   [Other: 1.1 ms]
      [Choose CSet: 0.0 ms]
      [Ref Proc: 0.3 ms]
      [Ref Enq: 0.0 ms]
      [Redirty Cards: 0.3 ms]
      [Humongous Register: 0.1 ms]
      [Humongous Reclaim: 0.1 ms]
      [Free CSet: 0.2 ms]
   [Eden: 46.0M(46.0M)->0.0B(264.0M) Survivors: 5120.0K->7168.0K Heap: 567.7M(1024.0M)->505.9M(1024.0M)]
 [Times: user=0.20 sys=0.01, real=0.01 secs] 
8.625: [GC pause (G1 Humongous Allocation) (young) (initial-mark), 0.0043422 secs]
   [Parallel Time: 3.1 ms, GC Workers: 18]
      [GC Worker Start (ms): Min: 8625.8, Avg: 8626.1, Max: 8626.2, Diff: 0.4]
      [Ext Root Scanning (ms): Min: 0.0, Avg: 0.2, Max: 0.4, Diff: 0.4, Sum: 3.1]
      [Update RS (ms): Min: 0.1, Avg: 0.2, Max: 1.1, Diff: 1.1, Sum: 3.2]
         [Processed Buffers: Min: 0, Avg: 1.0, Max: 2, Diff: 2, Sum: 18]
      [Scan RS (ms): Min: 0.0, Avg: 0.0, Max: 0.0, Diff: 0.0, Sum: 0.1]
      [Code Root Scanning (ms): Min: 0.0, Avg: 0.0, Max: 0.0, Diff: 0.0, Sum: 0.0]
      [Object Copy (ms): Min: 1.2, Avg: 2.0, Max: 2.4, Diff: 1.2, Sum: 36.0]
      [Termination (ms): Min: 0.0, Avg: 0.3, Max: 0.5, Diff: 0.5, Sum: 5.5]
         [Termination Attempts: Min: 1, Avg: 1.0, Max: 1, Diff: 0, Sum: 18]
      [GC Worker Other (ms): Min: 0.0, Avg: 0.0, Max: 0.0, Diff: 0.0, Sum: 0.2]
      [GC Worker Total (ms): Min: 2.5, Avg: 2.7, Max: 2.9, Diff: 0.4, Sum: 48.1]
      [GC Worker End (ms): Min: 8628.7, Avg: 8628.7, Max: 8628.7, Diff: 0.0]
   [Code Root Fixup: 0.0 ms]
   [Code Root Purge: 0.0 ms]
   [Clear CT: 0.2 ms]
   [Other: 1.0 ms]
      [Choose CSet: 0.0 ms]
      [Ref Proc: 0.3 ms]
      [Ref Enq: 0.0 ms]
      [Redirty Cards: 0.2 ms]
      [Humongous Register: 0.2 ms]
      [Humongous Reclaim: 0.0 ms]
      [Free CSet: 0.0 ms]
   [Eden: 12.0M(264.0M)->0.0B(273.0M) Survivors: 7168.0K->12.0M Heap: 517.0M(1024.0M)->508.4M(1024.0M)]
 [Times: user=0.05 sys=0.00, real=0.00 secs] 
8.630: [GC concurrent-root-region-scan-start]
8.630: [GC concurrent-root-region-scan-end, 0.0001858 secs]
8.630: [GC concurrent-mark-start]
8.633: [GC concurrent-mark-end, 0.0025229 secs]
8.633: [GC remark 8.633: [Finalize Marking, 0.0004531 secs] 8.633: [GC ref-proc, 0.0003990 secs] 8.634: [Unloading, 0.0009468 secs], 0.0026122 secs]
 [Times: user=0.02 sys=0.00, real=0.01 secs] 
8.636: [GC cleanup 516M->515M(1024M), 0.0017044 secs]
 [Times: user=0.02 sys=0.00, real=0.00 secs] 
8.637: [GC concurrent-cleanup-start]
8.637: [GC concurrent-cleanup-end, 0.0000255 secs]
8.745: [GC pause (G1 Evacuation Pause) (young) (to-space exhausted), 0.0272070 secs]
   [Parallel Time: 24.6 ms, GC Workers: 18]
      [GC Worker Start (ms): Min: 8744.9, Avg: 8745.1, Max: 8745.3, Diff: 0.4]
      [Ext Root Scanning (ms): Min: 0.0, Avg: 0.1, Max: 0.3, Diff: 0.3, Sum: 2.4]
      [Update RS (ms): Min: 13.9, Avg: 14.0, Max: 14.2, Diff: 0.4, Sum: 252.7]
         [Processed Buffers: Min: 36, Avg: 40.8, Max: 49, Diff: 13, Sum: 734]
      [Scan RS (ms): Min: 0.0, Avg: 0.1, Max: 0.2, Diff: 0.2, Sum: 1.4]
      [Code Root Scanning (ms): Min: 0.0, Avg: 0.0, Max: 0.0, Diff: 0.0, Sum: 0.0]
      [Object Copy (ms): Min: 9.6, Avg: 9.9, Max: 10.1, Diff: 0.5, Sum: 177.8]
      [Termination (ms): Min: 0.0, Avg: 0.1, Max: 0.1, Diff: 0.1, Sum: 1.0]
         [Termination Attempts: Min: 1, Avg: 1.0, Max: 1, Diff: 0, Sum: 18]
      [GC Worker Other (ms): Min: 0.0, Avg: 0.0, Max: 0.1, Diff: 0.1, Sum: 0.7]
      [GC Worker Total (ms): Min: 24.0, Avg: 24.2, Max: 24.5, Diff: 0.4, Sum: 436.2]
      [GC Worker End (ms): Min: 8769.3, Avg: 8769.4, Max: 8769.4, Diff: 0.1]
   [Code Root Fixup: 0.0 ms]
   [Code Root Purge: 0.0 ms]
   [Clear CT: 0.3 ms]
   [Other: 2.3 ms]
      [Evacuation Failure: 0.9 ms]
      [Choose CSet: 0.0 ms]
      [Ref Proc: 0.3 ms]
      [Ref Enq: 0.0 ms]
      [Redirty Cards: 0.2 ms]
      [Humongous Register: 0.2 ms]
      [Humongous Reclaim: 0.4 ms]
      [Free CSet: 0.2 ms]
   [Eden: 273.0M(273.0M)->0.0B(17.0M) Survivors: 12.0M->34.0M Heap: 870.4M(1024.0M)->721.4M(1024.0M)]
 [Times: user=0.44 sys=0.00, real=0.02 secs] 
8.778: [GC pause (G1 Evacuation Pause) (mixed), 0.0199715 secs]
   [Parallel Time: 18.5 ms, GC Workers: 18]
      [GC Worker Start (ms): Min: 8778.6, Avg: 8778.8, Max: 8779.0, Diff: 0.4]
      [Ext Root Scanning (ms): Min: 0.0, Avg: 0.1, Max: 0.4, Diff: 0.4, Sum: 2.7]
      [Update RS (ms): Min: 0.8, Avg: 1.0, Max: 1.2, Diff: 0.3, Sum: 18.6]
         [Processed Buffers: Min: 3, Avg: 4.4, Max: 9, Diff: 6, Sum: 80]
      [Scan RS (ms): Min: 0.0, Avg: 0.1, Max: 0.2, Diff: 0.2, Sum: 1.1]
      [Code Root Scanning (ms): Min: 0.0, Avg: 0.0, Max: 0.0, Diff: 0.0, Sum: 0.0]
      [Object Copy (ms): Min: 16.5, Avg: 16.6, Max: 16.9, Diff: 0.4, Sum: 299.6]
      [Termination (ms): Min: 0.0, Avg: 0.2, Max: 0.3, Diff: 0.3, Sum: 4.0]
         [Termination Attempts: Min: 1, Avg: 1.0, Max: 1, Diff: 0, Sum: 18]
      [GC Worker Other (ms): Min: 0.0, Avg: 0.0, Max: 0.0, Diff: 0.0, Sum: 0.3]
      [GC Worker Total (ms): Min: 17.9, Avg: 18.1, Max: 18.4, Diff: 0.4, Sum: 326.3]
      [GC Worker End (ms): Min: 8796.9, Avg: 8796.9, Max: 8797.0, Diff: 0.0]
   [Code Root Fixup: 0.0 ms]
   [Code Root Purge: 0.0 ms]
   [Clear CT: 0.2 ms]
   [Other: 1.2 ms]
      [Choose CSet: 0.1 ms]
      [Ref Proc: 0.3 ms]
      [Ref Enq: 0.0 ms]
      [Redirty Cards: 0.2 ms]
      [Humongous Register: 0.2 ms]
      [Humongous Reclaim: 0.1 ms]
      [Free CSet: 0.3 ms]
   [Eden: 17.0M(17.0M)->0.0B(47.0M) Survivors: 34.0M->4096.0K Heap: 744.5M(1024.0M)->654.5M(1024.0M)]
 [Times: user=0.27 sys=0.05, real=0.02 secs] 
8.817: [GC pause (G1 Evacuation Pause) (mixed), 0.0130414 secs]
   [Parallel Time: 11.6 ms, GC Workers: 18]
      [GC Worker Start (ms): Min: 8817.8, Avg: 8818.1, Max: 8818.3, Diff: 0.5]
      [Ext Root Scanning (ms): Min: 0.0, Avg: 0.1, Max: 0.3, Diff: 0.3, Sum: 1.5]
      [Update RS (ms): Min: 2.7, Avg: 2.9, Max: 3.2, Diff: 0.5, Sum: 51.6]
         [Processed Buffers: Min: 7, Avg: 8.6, Max: 10, Diff: 3, Sum: 155]
      [Scan RS (ms): Min: 0.0, Avg: 0.0, Max: 0.1, Diff: 0.1, Sum: 0.4]
      [Code Root Scanning (ms): Min: 0.0, Avg: 0.0, Max: 0.0, Diff: 0.0, Sum: 0.0]
      [Object Copy (ms): Min: 7.0, Avg: 7.6, Max: 8.0, Diff: 1.0, Sum: 135.9]
      [Termination (ms): Min: 0.0, Avg: 0.6, Max: 1.0, Diff: 1.0, Sum: 9.9]
         [Termination Attempts: Min: 1, Avg: 1.1, Max: 3, Diff: 2, Sum: 20]
      [GC Worker Other (ms): Min: 0.0, Avg: 0.0, Max: 0.0, Diff: 0.0, Sum: 0.4]
      [GC Worker Total (ms): Min: 10.9, Avg: 11.1, Max: 11.4, Diff: 0.5, Sum: 199.8]
      [GC Worker End (ms): Min: 8829.2, Avg: 8829.2, Max: 8829.2, Diff: 0.0]
   [Code Root Fixup: 0.0 ms]
   [Code Root Purge: 0.0 ms]
   [Clear CT: 0.2 ms]
   [Other: 1.2 ms]
      [Choose CSet: 0.0 ms]
      [Ref Proc: 0.3 ms]
      [Ref Enq: 0.0 ms]
      [Redirty Cards: 0.3 ms]
      [Humongous Register: 0.2 ms]
      [Humongous Reclaim: 0.1 ms]
      [Free CSet: 0.1 ms]
   [Eden: 47.0M(47.0M)->0.0B(148.0M) Survivors: 4096.0K->7168.0K Heap: 718.4M(1024.0M)->661.6M(1024.0M)]
 [Times: user=0.20 sys=0.00, real=0.01 secs] 
8.831: [GC pause (G1 Humongous Allocation) (young) (initial-mark), 0.0035418 secs]
   [Parallel Time: 2.3 ms, GC Workers: 18]
      [GC Worker Start (ms): Min: 8831.4, Avg: 8831.5, Max: 8831.6, Diff: 0.2]
      [Ext Root Scanning (ms): Min: 0.1, Avg: 0.2, Max: 0.3, Diff: 0.2, Sum: 3.9]
      [Update RS (ms): Min: 0.0, Avg: 0.2, Max: 1.1, Diff: 1.1, Sum: 3.5]
         [Processed Buffers: Min: 0, Avg: 0.9, Max: 2, Diff: 2, Sum: 16]
      [Scan RS (ms): Min: 0.0, Avg: 0.0, Max: 0.0, Diff: 0.0, Sum: 0.1]
      [Code Root Scanning (ms): Min: 0.0, Avg: 0.0, Max: 0.0, Diff: 0.0, Sum: 0.0]
      [Object Copy (ms): Min: 0.0, Avg: 1.1, Max: 1.7, Diff: 1.7, Sum: 20.5]
      [Termination (ms): Min: 0.0, Avg: 0.4, Max: 0.7, Diff: 0.7, Sum: 7.7]
         [Termination Attempts: Min: 1, Avg: 1.0, Max: 1, Diff: 0, Sum: 18]
      [GC Worker Other (ms): Min: 0.0, Avg: 0.0, Max: 0.0, Diff: 0.0, Sum: 0.2]
      [GC Worker Total (ms): Min: 1.9, Avg: 2.0, Max: 2.1, Diff: 0.2, Sum: 36.0]
      [GC Worker End (ms): Min: 8833.5, Avg: 8833.5, Max: 8833.5, Diff: 0.0]
   [Code Root Fixup: 0.0 ms]
   [Code Root Purge: 0.0 ms]
   [Clear CT: 0.2 ms]
   [Other: 1.0 ms]
      [Choose CSet: 0.0 ms]
      [Ref Proc: 0.3 ms]
      [Ref Enq: 0.0 ms]
      [Redirty Cards: 0.2 ms]
      [Humongous Register: 0.2 ms]
      [Humongous Reclaim: 0.0 ms]
      [Free CSet: 0.0 ms]
   [Eden: 1024.0K(148.0M)->0.0B(155.0M) Survivors: 7168.0K->7168.0K Heap: 662.4M(1024.0M)->661.1M(1024.0M)]
 [Times: user=0.04 sys=0.00, real=0.01 secs] 
8.835: [GC concurrent-root-region-scan-start]
8.835: [GC concurrent-root-region-scan-end, 0.0001789 secs]
8.835: [GC concurrent-mark-start]
8.838: [GC concurrent-mark-end, 0.0027871 secs]
8.838: [GC remark 8.838: [Finalize Marking, 0.0004049 secs] 8.838: [GC ref-proc, 0.0004107 secs] 8.839: [Unloading, 0.0008959 secs], 0.0028152 secs]
 [Times: user=0.03 sys=0.00, real=0.00 secs] 
8.841: [GC cleanup 672M->663M(1024M), 0.0016209 secs]
 [Times: user=0.01 sys=0.00, real=0.00 secs] 
8.842: [GC concurrent-cleanup-start]
8.842: [GC concurrent-cleanup-end, 0.0000384 secs]
8.904: [GC pause (G1 Evacuation Pause) (young), 0.0259557 secs]
   [Parallel Time: 24.4 ms, GC Workers: 18]
      [GC Worker Start (ms): Min: 8904.1, Avg: 8904.3, Max: 8904.4, Diff: 0.3]
      [Ext Root Scanning (ms): Min: 0.0, Avg: 0.1, Max: 0.3, Diff: 0.3, Sum: 2.5]
      [Update RS (ms): Min: 8.0, Avg: 8.2, Max: 8.5, Diff: 0.5, Sum: 147.6]
         [Processed Buffers: Min: 21, Avg: 23.9, Max: 27, Diff: 6, Sum: 430]
      [Scan RS (ms): Min: 0.0, Avg: 0.1, Max: 0.2, Diff: 0.2, Sum: 1.0]
      [Code Root Scanning (ms): Min: 0.0, Avg: 0.0, Max: 0.0, Diff: 0.0, Sum: 0.0]
      [Object Copy (ms): Min: 15.0, Avg: 15.3, Max: 15.8, Diff: 0.8, Sum: 275.6]
      [Termination (ms): Min: 0.0, Avg: 0.3, Max: 0.7, Diff: 0.7, Sum: 5.3]
         [Termination Attempts: Min: 1, Avg: 1.1, Max: 2, Diff: 1, Sum: 19]
      [GC Worker Other (ms): Min: 0.0, Avg: 0.0, Max: 0.0, Diff: 0.0, Sum: 0.4]
      [GC Worker Total (ms): Min: 23.9, Avg: 24.0, Max: 24.2, Diff: 0.3, Sum: 432.3]
      [GC Worker End (ms): Min: 8928.3, Avg: 8928.3, Max: 8928.3, Diff: 0.0]
   [Code Root Fixup: 0.0 ms]
   [Code Root Purge: 0.0 ms]
   [Clear CT: 0.2 ms]
   [Other: 1.3 ms]
      [Choose CSet: 0.0 ms]
      [Ref Proc: 0.2 ms]
      [Ref Enq: 0.0 ms]
      [Redirty Cards: 0.3 ms]
      [Humongous Register: 0.2 ms]
      [Humongous Reclaim: 0.3 ms]
      [Free CSet: 0.3 ms]
   [Eden: 155.0M(155.0M)->0.0B(30.0M) Survivors: 7168.0K->21.0M Heap: 859.3M(1024.0M)->695.9M(1024.0M)]
 [Times: user=0.41 sys=0.01, real=0.03 secs] 
8.941: [GC pause (G1 Evacuation Pause) (mixed), 0.0153785 secs]
   [Parallel Time: 13.7 ms, GC Workers: 18]
      [GC Worker Start (ms): Min: 8941.2, Avg: 8941.5, Max: 8941.7, Diff: 0.5]
      [Ext Root Scanning (ms): Min: 0.0, Avg: 0.1, Max: 0.4, Diff: 0.4, Sum: 2.2]
      [Update RS (ms): Min: 1.0, Avg: 1.2, Max: 1.4, Diff: 0.4, Sum: 21.7]
         [Processed Buffers: Min: 3, Avg: 4.2, Max: 6, Diff: 3, Sum: 76]
      [Scan RS (ms): Min: 0.0, Avg: 0.1, Max: 0.3, Diff: 0.3, Sum: 1.0]
      [Code Root Scanning (ms): Min: 0.0, Avg: 0.0, Max: 0.0, Diff: 0.0, Sum: 0.0]
      [Object Copy (ms): Min: 11.2, Avg: 11.5, Max: 11.8, Diff: 0.6, Sum: 207.8]
      [Termination (ms): Min: 0.0, Avg: 0.2, Max: 0.3, Diff: 0.3, Sum: 2.9]
         [Termination Attempts: Min: 1, Avg: 1.0, Max: 1, Diff: 0, Sum: 18]
      [GC Worker Other (ms): Min: 0.0, Avg: 0.0, Max: 0.0, Diff: 0.0, Sum: 0.4]
      [GC Worker Total (ms): Min: 12.9, Avg: 13.1, Max: 13.4, Diff: 0.5, Sum: 236.0]
      [GC Worker End (ms): Min: 8954.6, Avg: 8954.6, Max: 8954.6, Diff: 0.0]
   [Code Root Fixup: 0.0 ms]
   [Code Root Purge: 0.0 ms]
   [Clear CT: 0.2 ms]
   [Other: 1.4 ms]
      [Choose CSet: 0.1 ms]
      [Ref Proc: 0.3 ms]
      [Ref Enq: 0.0 ms]
      [Redirty Cards: 0.3 ms]
      [Humongous Register: 0.2 ms]
      [Humongous Reclaim: 0.1 ms]
      [Free CSet: 0.3 ms]
   [Eden: 30.0M(30.0M)->0.0B(44.0M) Survivors: 21.0M->7168.0K Heap: 733.1M(1024.0M)->607.8M(1024.0M)]
 [Times: user=0.22 sys=0.02, real=0.02 secs] 
8.974: [GC pause (G1 Evacuation Pause) (mixed), 0.0190629 secs]
   [Parallel Time: 17.5 ms, GC Workers: 18]
      [GC Worker Start (ms): Min: 8973.9, Avg: 8974.2, Max: 8974.4, Diff: 0.5]
      [Ext Root Scanning (ms): Min: 0.0, Avg: 0.1, Max: 0.4, Diff: 0.4, Sum: 2.7]
      [Update RS (ms): Min: 1.9, Avg: 2.1, Max: 2.1, Diff: 0.2, Sum: 37.7]
         [Processed Buffers: Min: 6, Avg: 6.9, Max: 8, Diff: 2, Sum: 124]
      [Scan RS (ms): Min: 0.0, Avg: 0.0, Max: 0.2, Diff: 0.1, Sum: 0.9]
      [Code Root Scanning (ms): Min: 0.0, Avg: 0.0, Max: 0.0, Diff: 0.0, Sum: 0.0]
      [Object Copy (ms): Min: 14.2, Avg: 14.4, Max: 14.6, Diff: 0.5, Sum: 258.8]
      [Termination (ms): Min: 0.0, Avg: 0.3, Max: 0.5, Diff: 0.5, Sum: 5.0]
         [Termination Attempts: Min: 1, Avg: 1.1, Max: 2, Diff: 1, Sum: 19]
      [GC Worker Other (ms): Min: 0.0, Avg: 0.0, Max: 0.1, Diff: 0.1, Sum: 0.5]
      [GC Worker Total (ms): Min: 16.8, Avg: 17.0, Max: 17.3, Diff: 0.5, Sum: 305.5]
      [GC Worker End (ms): Min: 8991.2, Avg: 8991.2, Max: 8991.2, Diff: 0.0]
   [Code Root Fixup: 0.0 ms]
   [Code Root Purge: 0.0 ms]
   [Clear CT: 0.2 ms]
   [Other: 1.3 ms]
      [Choose CSet: 0.1 ms]
      [Ref Proc: 0.2 ms]
      [Ref Enq: 0.0 ms]
      [Redirty Cards: 0.3 ms]
      [Humongous Register: 0.2 ms]
      [Humongous Reclaim: 0.1 ms]
      [Free CSet: 0.3 ms]
   [Eden: 44.0M(44.0M)->0.0B(44.0M) Survivors: 7168.0K->7168.0K Heap: 664.9M(1024.0M)->547.1M(1024.0M)]
 [Times: user=0.28 sys=0.02, real=0.02 secs] 
9.008: [GC pause (G1 Evacuation Pause) (mixed), 0.0202629 secs]
   [Parallel Time: 18.7 ms, GC Workers: 18]
      [GC Worker Start (ms): Min: 9008.8, Avg: 9009.0, Max: 9009.1, Diff: 0.3]
      [Ext Root Scanning (ms): Min: 0.1, Avg: 0.2, Max: 0.4, Diff: 0.3, Sum: 3.6]
      [Update RS (ms): Min: 2.1, Avg: 2.2, Max: 2.3, Diff: 0.2, Sum: 40.0]
         [Processed Buffers: Min: 6, Avg: 7.2, Max: 8, Diff: 2, Sum: 129]
      [Scan RS (ms): Min: 0.0, Avg: 0.0, Max: 0.2, Diff: 0.2, Sum: 0.9]
      [Code Root Scanning (ms): Min: 0.0, Avg: 0.0, Max: 0.0, Diff: 0.0, Sum: 0.0]
      [Object Copy (ms): Min: 15.5, Avg: 15.6, Max: 15.8, Diff: 0.4, Sum: 281.4]
      [Termination (ms): Min: 0.0, Avg: 0.2, Max: 0.3, Diff: 0.3, Sum: 3.3]
         [Termination Attempts: Min: 1, Avg: 1.0, Max: 1, Diff: 0, Sum: 18]
      [GC Worker Other (ms): Min: 0.0, Avg: 0.0, Max: 0.0, Diff: 0.0, Sum: 0.4]
      [GC Worker Total (ms): Min: 18.2, Avg: 18.3, Max: 18.5, Diff: 0.3, Sum: 329.5]
      [GC Worker End (ms): Min: 9027.3, Avg: 9027.3, Max: 9027.3, Diff: 0.0]
   [Code Root Fixup: 0.0 ms]
   [Code Root Purge: 0.0 ms]
   [Clear CT: 0.2 ms]
   [Other: 1.4 ms]
      [Choose CSet: 0.1 ms]
      [Ref Proc: 0.3 ms]
      [Ref Enq: 0.0 ms]
      [Redirty Cards: 0.3 ms]
      [Humongous Register: 0.2 ms]
      [Humongous Reclaim: 0.1 ms]
      [Free CSet: 0.3 ms]
   [Eden: 44.0M(44.0M)->0.0B(281.0M) Survivors: 7168.0K->7168.0K Heap: 604.9M(1024.0M)->504.7M(1024.0M)]
 [Times: user=0.32 sys=0.01, real=0.02 secs] 
9.029: [GC pause (G1 Humongous Allocation) (young) (initial-mark), 0.0037119 secs]
   [Parallel Time: 2.5 ms, GC Workers: 18]
      [GC Worker Start (ms): Min: 9029.7, Avg: 9029.8, Max: 9029.9, Diff: 0.1]
      [Ext Root Scanning (ms): Min: 0.2, Avg: 0.3, Max: 0.3, Diff: 0.1, Sum: 4.6]
      [Update RS (ms): Min: 0.1, Avg: 0.3, Max: 1.8, Diff: 1.7, Sum: 6.1]
         [Processed Buffers: Min: 0, Avg: 1.1, Max: 2, Diff: 2, Sum: 19]
      [Scan RS (ms): Min: 0.0, Avg: 0.0, Max: 0.0, Diff: 0.0, Sum: 0.1]
      [Code Root Scanning (ms): Min: 0.0, Avg: 0.0, Max: 0.0, Diff: 0.0, Sum: 0.0]
      [Object Copy (ms): Min: 0.0, Avg: 1.3, Max: 1.8, Diff: 1.8, Sum: 23.8]
      [Termination (ms): Min: 0.0, Avg: 0.3, Max: 0.5, Diff: 0.5, Sum: 4.7]
         [Termination Attempts: Min: 1, Avg: 1.0, Max: 1, Diff: 0, Sum: 18]
      [GC Worker Other (ms): Min: 0.0, Avg: 0.0, Max: 0.0, Diff: 0.0, Sum: 0.3]
      [GC Worker Total (ms): Min: 2.1, Avg: 2.2, Max: 2.3, Diff: 0.1, Sum: 39.5]
      [GC Worker End (ms): Min: 9032.0, Avg: 9032.0, Max: 9032.0, Diff: 0.0]
   [Code Root Fixup: 0.0 ms]
   [Code Root Purge: 0.0 ms]
   [Clear CT: 0.3 ms]
   [Other: 1.0 ms]
      [Choose CSet: 0.0 ms]
      [Ref Proc: 0.3 ms]
      [Ref Enq: 0.0 ms]
      [Redirty Cards: 0.2 ms]
      [Humongous Register: 0.2 ms]
      [Humongous Reclaim: 0.0 ms]
      [Free CSet: 0.0 ms]
   [Eden: 2048.0K(281.0M)->0.0B(293.0M) Survivors: 7168.0K->7168.0K Heap: 506.1M(1024.0M)->504.6M(1024.0M)]
 [Times: user=0.04 sys=0.00, real=0.00 secs] 
9.033: [GC concurrent-root-region-scan-start]
9.033: [GC concurrent-root-region-scan-end, 0.0001819 secs]
9.033: [GC concurrent-mark-start]
9.036: [GC concurrent-mark-end, 0.0026391 secs]
9.036: [GC remark 9.036: [Finalize Marking, 0.0003158 secs] 9.037: [GC ref-proc, 0.0003984 secs] 9.037: [Unloading, 0.0009587 secs], 0.0024733 secs]
 [Times: user=0.03 sys=0.00, real=0.00 secs] 
9.039: [GC cleanup 514M->510M(1024M), 0.0016665 secs]
 [Times: user=0.01 sys=0.01, real=0.00 secs] 
9.041: [GC concurrent-cleanup-start]
9.041: [GC concurrent-cleanup-end, 0.0000262 secs]
9.147: [GC pause (G1 Evacuation Pause) (young) (to-space exhausted), 0.0293654 secs]
   [Parallel Time: 25.9 ms, GC Workers: 18]
      [GC Worker Start (ms): Min: 9147.2, Avg: 9147.3, Max: 9147.5, Diff: 0.3]
      [Ext Root Scanning (ms): Min: 0.0, Avg: 0.2, Max: 0.3, Diff: 0.3, Sum: 2.8]
      [Update RS (ms): Min: 10.4, Avg: 10.5, Max: 10.5, Diff: 0.2, Sum: 188.1]
         [Processed Buffers: Min: 27, Avg: 30.9, Max: 35, Diff: 8, Sum: 556]
      [Scan RS (ms): Min: 0.0, Avg: 0.0, Max: 0.1, Diff: 0.1, Sum: 0.8]
      [Code Root Scanning (ms): Min: 0.0, Avg: 0.0, Max: 0.0, Diff: 0.0, Sum: 0.0]
      [Object Copy (ms): Min: 14.7, Avg: 14.8, Max: 15.0, Diff: 0.3, Sum: 267.1]
      [Termination (ms): Min: 0.0, Avg: 0.1, Max: 0.1, Diff: 0.1, Sum: 1.1]
         [Termination Attempts: Min: 1, Avg: 1.0, Max: 1, Diff: 0, Sum: 18]
      [GC Worker Other (ms): Min: 0.0, Avg: 0.0, Max: 0.1, Diff: 0.1, Sum: 0.7]
      [GC Worker Total (ms): Min: 25.4, Avg: 25.6, Max: 25.8, Diff: 0.3, Sum: 460.5]
      [GC Worker End (ms): Min: 9172.9, Avg: 9172.9, Max: 9173.0, Diff: 0.1]
   [Code Root Fixup: 0.0 ms]
   [Code Root Purge: 0.0 ms]
   [Clear CT: 0.3 ms]
   [Other: 3.2 ms]
      [Evacuation Failure: 1.8 ms]
      [Choose CSet: 0.0 ms]
      [Ref Proc: 0.3 ms]
      [Ref Enq: 0.0 ms]
      [Redirty Cards: 0.2 ms]
      [Humongous Register: 0.2 ms]
      [Humongous Reclaim: 0.4 ms]
      [Free CSet: 0.3 ms]
   [Eden: 293.0M(293.0M)->0.0B(13.0M) Survivors: 7168.0K->38.0M Heap: 861.1M(1024.0M)->682.9M(1024.0M)]
 [Times: user=0.44 sys=0.01, real=0.03 secs] 
9.181: [GC pause (G1 Evacuation Pause) (mixed), 0.0218363 secs]
   [Parallel Time: 20.3 ms, GC Workers: 18]
      [GC Worker Start (ms): Min: 9180.9, Avg: 9181.2, Max: 9181.4, Diff: 0.5]
      [Ext Root Scanning (ms): Min: 0.0, Avg: 0.2, Max: 0.4, Diff: 0.4, Sum: 2.7]
      [Update RS (ms): Min: 0.1, Avg: 0.4, Max: 0.5, Diff: 0.4, Sum: 7.3]
         [Processed Buffers: Min: 1, Avg: 3.3, Max: 10, Diff: 9, Sum: 59]
      [Scan RS (ms): Min: 0.0, Avg: 0.1, Max: 0.3, Diff: 0.3, Sum: 1.0]
      [Code Root Scanning (ms): Min: 0.0, Avg: 0.0, Max: 0.0, Diff: 0.0, Sum: 0.0]
      [Object Copy (ms): Min: 18.7, Avg: 18.9, Max: 19.1, Diff: 0.4, Sum: 340.6]
      [Termination (ms): Min: 0.0, Avg: 0.2, Max: 0.4, Diff: 0.4, Sum: 3.3]
         [Termination Attempts: Min: 1, Avg: 1.1, Max: 2, Diff: 1, Sum: 19]
      [GC Worker Other (ms): Min: 0.0, Avg: 0.0, Max: 0.0, Diff: 0.0, Sum: 0.3]
      [GC Worker Total (ms): Min: 19.5, Avg: 19.7, Max: 20.0, Diff: 0.5, Sum: 355.3]
      [GC Worker End (ms): Min: 9200.9, Avg: 9200.9, Max: 9200.9, Diff: 0.0]
   [Code Root Fixup: 0.0 ms]
   [Code Root Purge: 0.0 ms]
   [Clear CT: 0.2 ms]
   [Other: 1.3 ms]
      [Choose CSet: 0.1 ms]
      [Ref Proc: 0.3 ms]
      [Ref Enq: 0.0 ms]
      [Redirty Cards: 0.3 ms]
      [Humongous Register: 0.2 ms]
      [Humongous Reclaim: 0.0 ms]
      [Free CSet: 0.3 ms]
   [Eden: 13.0M(13.0M)->0.0B(47.0M) Survivors: 38.0M->4096.0K Heap: 697.8M(1024.0M)->621.9M(1024.0M)]
 [Times: user=0.31 sys=0.02, real=0.02 secs] 
9.220: [GC pause (G1 Evacuation Pause) (mixed), 0.0109452 secs]
   [Parallel Time: 9.7 ms, GC Workers: 18]
      [GC Worker Start (ms): Min: 9220.5, Avg: 9220.7, Max: 9220.9, Diff: 0.4]
      [Ext Root Scanning (ms): Min: 0.0, Avg: 0.2, Max: 0.3, Diff: 0.3, Sum: 3.0]
      [Update RS (ms): Min: 2.9, Avg: 3.0, Max: 3.1, Diff: 0.3, Sum: 54.0]
         [Processed Buffers: Min: 0, Avg: 8.7, Max: 12, Diff: 12, Sum: 156]
      [Scan RS (ms): Min: 0.0, Avg: 0.0, Max: 0.0, Diff: 0.0, Sum: 0.3]
      [Code Root Scanning (ms): Min: 0.0, Avg: 0.0, Max: 0.0, Diff: 0.0, Sum: 0.0]
      [Object Copy (ms): Min: 5.5, Avg: 5.9, Max: 6.2, Diff: 0.7, Sum: 105.9]
      [Termination (ms): Min: 0.0, Avg: 0.2, Max: 0.5, Diff: 0.5, Sum: 4.2]
         [Termination Attempts: Min: 1, Avg: 1.0, Max: 1, Diff: 0, Sum: 18]
      [GC Worker Other (ms): Min: 0.0, Avg: 0.0, Max: 0.1, Diff: 0.0, Sum: 0.4]
      [GC Worker Total (ms): Min: 9.1, Avg: 9.3, Max: 9.5, Diff: 0.4, Sum: 167.7]
      [GC Worker End (ms): Min: 9230.0, Avg: 9230.0, Max: 9230.1, Diff: 0.0]
   [Code Root Fixup: 0.0 ms]
   [Code Root Purge: 0.0 ms]
   [Clear CT: 0.2 ms]
   [Other: 1.0 ms]
      [Choose CSet: 0.0 ms]
      [Ref Proc: 0.3 ms]
      [Ref Enq: 0.0 ms]
      [Redirty Cards: 0.3 ms]
      [Humongous Register: 0.2 ms]
      [Humongous Reclaim: 0.1 ms]
      [Free CSet: 0.1 ms]
   [Eden: 47.0M(47.0M)->0.0B(173.0M) Survivors: 4096.0K->7168.0K Heap: 686.0M(1024.0M)->640.7M(1024.0M)]
 [Times: user=0.15 sys=0.01, real=0.01 secs] 
9.233: [GC pause (G1 Humongous Allocation) (young) (initial-mark), 0.0035674 secs]
   [Parallel Time: 2.3 ms, GC Workers: 18]
      [GC Worker Start (ms): Min: 9233.6, Avg: 9233.8, Max: 9233.9, Diff: 0.3]
      [Ext Root Scanning (ms): Min: 0.0, Avg: 0.2, Max: 0.4, Diff: 0.3, Sum: 2.9]
      [Update RS (ms): Min: 0.1, Avg: 0.1, Max: 0.6, Diff: 0.6, Sum: 2.7]
         [Processed Buffers: Min: 0, Avg: 0.9, Max: 2, Diff: 2, Sum: 17]
      [Scan RS (ms): Min: 0.0, Avg: 0.0, Max: 0.0, Diff: 0.0, Sum: 0.1]
      [Code Root Scanning (ms): Min: 0.0, Avg: 0.0, Max: 0.0, Diff: 0.0, Sum: 0.0]
      [Object Copy (ms): Min: 0.9, Avg: 1.3, Max: 1.5, Diff: 0.6, Sum: 22.9]
      [Termination (ms): Min: 0.0, Avg: 0.3, Max: 0.6, Diff: 0.6, Sum: 5.5]
         [Termination Attempts: Min: 1, Avg: 1.0, Max: 1, Diff: 0, Sum: 18]
      [GC Worker Other (ms): Min: 0.0, Avg: 0.0, Max: 0.0, Diff: 0.0, Sum: 0.2]
      [GC Worker Total (ms): Min: 1.8, Avg: 1.9, Max: 2.1, Diff: 0.3, Sum: 34.4]
      [GC Worker End (ms): Min: 9235.6, Avg: 9235.7, Max: 9235.7, Diff: 0.0]
   [Code Root Fixup: 0.0 ms]
   [Code Root Purge: 0.0 ms]
   [Clear CT: 0.3 ms]
   [Other: 1.0 ms]
      [Choose CSet: 0.0 ms]
      [Ref Proc: 0.3 ms]
      [Ref Enq: 0.0 ms]
      [Redirty Cards: 0.2 ms]
      [Humongous Register: 0.2 ms]
      [Humongous Reclaim: 0.0 ms]
      [Free CSet: 0.0 ms]
   [Eden: 5120.0K(173.0M)->0.0B(173.0M) Survivors: 7168.0K->8192.0K Heap: 645.3M(1024.0M)->640.0M(1024.0M)]
 [Times: user=0.04 sys=0.00, real=0.01 secs] 
9.237: [GC concurrent-root-region-scan-start]
9.237: [GC concurrent-root-region-scan-end, 0.0001379 secs]
9.237: [GC concurrent-mark-start]
9.240: [GC concurrent-mark-end, 0.0028855 secs]
9.240: [GC remark 9.240: [Finalize Marking, 0.0005923 secs] 9.241: [GC ref-proc, 0.0004149 secs] 9.241: [Unloading, 0.0009079 secs], 0.0030546 secs]
 [Times: user=0.02 sys=0.00, real=0.00 secs] 
9.243: [GC cleanup 649M->641M(1024M), 0.0017237 secs]
 [Times: user=0.02 sys=0.00, real=0.01 secs] 
9.245: [GC concurrent-cleanup-start]
9.245: [GC concurrent-cleanup-end, 0.0000362 secs]
9.312: [GC pause (G1 Evacuation Pause) (young), 0.0273815 secs]
   [Parallel Time: 25.5 ms, GC Workers: 18]
      [GC Worker Start (ms): Min: 9312.5, Avg: 9312.9, Max: 9313.2, Diff: 0.7]
      [Ext Root Scanning (ms): Min: 0.0, Avg: 0.2, Max: 0.6, Diff: 0.6, Sum: 4.4]
      [Update RS (ms): Min: 7.6, Avg: 7.8, Max: 8.1, Diff: 0.5, Sum: 141.2]
         [Processed Buffers: Min: 16, Avg: 19.8, Max: 24, Diff: 8, Sum: 356]
      [Scan RS (ms): Min: 0.0, Avg: 0.0, Max: 0.1, Diff: 0.1, Sum: 0.8]
      [Code Root Scanning (ms): Min: 0.0, Avg: 0.0, Max: 0.0, Diff: 0.0, Sum: 0.0]
      [Object Copy (ms): Min: 15.8, Avg: 16.4, Max: 16.8, Diff: 1.0, Sum: 294.9]
      [Termination (ms): Min: 0.0, Avg: 0.3, Max: 0.6, Diff: 0.6, Sum: 4.8]
         [Termination Attempts: Min: 1, Avg: 1.0, Max: 1, Diff: 0, Sum: 18]
      [GC Worker Other (ms): Min: 0.0, Avg: 0.0, Max: 0.1, Diff: 0.1, Sum: 0.8]
      [GC Worker Total (ms): Min: 24.5, Avg: 24.8, Max: 25.2, Diff: 0.7, Sum: 447.0]
      [GC Worker End (ms): Min: 9337.7, Avg: 9337.7, Max: 9337.7, Diff: 0.0]
   [Code Root Fixup: 0.0 ms]
   [Code Root Purge: 0.0 ms]
   [Clear CT: 0.2 ms]
   [Other: 1.7 ms]
      [Choose CSet: 0.0 ms]
      [Ref Proc: 0.4 ms]
      [Ref Enq: 0.0 ms]
      [Redirty Cards: 0.3 ms]
      [Humongous Register: 0.4 ms]
      [Humongous Reclaim: 0.2 ms]
      [Free CSet: 0.3 ms]
   [Eden: 173.0M(173.0M)->0.0B(28.0M) Survivors: 8192.0K->23.0M Heap: 847.9M(1024.0M)->687.4M(1024.0M)]
 [Times: user=0.43 sys=0.01, real=0.03 secs] 
9.350: [GC pause (G1 Evacuation Pause) (mixed), 0.0151958 secs]
   [Parallel Time: 13.6 ms, GC Workers: 18]
      [GC Worker Start (ms): Min: 9350.4, Avg: 9350.6, Max: 9350.7, Diff: 0.4]
      [Ext Root Scanning (ms): Min: 0.0, Avg: 0.2, Max: 0.4, Diff: 0.4, Sum: 3.1]
      [Update RS (ms): Min: 1.5, Avg: 1.6, Max: 1.7, Diff: 0.3, Sum: 29.1]
         [Processed Buffers: Min: 4, Avg: 5.3, Max: 6, Diff: 2, Sum: 95]
      [Scan RS (ms): Min: 0.0, Avg: 0.0, Max: 0.1, Diff: 0.1, Sum: 0.8]
      [Code Root Scanning (ms): Min: 0.0, Avg: 0.0, Max: 0.0, Diff: 0.0, Sum: 0.0]
      [Object Copy (ms): Min: 10.2, Avg: 10.7, Max: 11.2, Diff: 1.0, Sum: 192.4]
      [Termination (ms): Min: 0.0, Avg: 0.5, Max: 0.8, Diff: 0.8, Sum: 9.8]
         [Termination Attempts: Min: 1, Avg: 1.0, Max: 1, Diff: 0, Sum: 18]
      [GC Worker Other (ms): Min: 0.0, Avg: 0.0, Max: 0.1, Diff: 0.1, Sum: 0.5]
      [GC Worker Total (ms): Min: 12.9, Avg: 13.1, Max: 13.3, Diff: 0.4, Sum: 235.7]
      [GC Worker End (ms): Min: 9363.7, Avg: 9363.7, Max: 9363.7, Diff: 0.0]
   [Code Root Fixup: 0.0 ms]
   [Code Root Purge: 0.0 ms]
   [Clear CT: 0.2 ms]
   [Other: 1.4 ms]
      [Choose CSet: 0.1 ms]
      [Ref Proc: 0.3 ms]
      [Ref Enq: 0.0 ms]
      [Redirty Cards: 0.3 ms]
      [Humongous Register: 0.2 ms]
      [Humongous Reclaim: 0.1 ms]
      [Free CSet: 0.3 ms]
   [Eden: 28.0M(28.0M)->0.0B(44.0M) Survivors: 23.0M->7168.0K Heap: 725.0M(1024.0M)->602.9M(1024.0M)]
 [Times: user=0.22 sys=0.02, real=0.02 secs] 
9.380: [GC pause (G1 Evacuation Pause) (mixed), 0.0175406 secs]
   [Parallel Time: 16.1 ms, GC Workers: 18]
      [GC Worker Start (ms): Min: 9380.0, Avg: 9380.2, Max: 9380.4, Diff: 0.4]
      [Ext Root Scanning (ms): Min: 0.0, Avg: 0.2, Max: 0.4, Diff: 0.4, Sum: 3.3]
      [Update RS (ms): Min: 1.8, Avg: 1.9, Max: 2.1, Diff: 0.3, Sum: 34.8]
         [Processed Buffers: Min: 5, Avg: 6.3, Max: 8, Diff: 3, Sum: 114]
      [Scan RS (ms): Min: 0.0, Avg: 0.1, Max: 0.4, Diff: 0.4, Sum: 1.2]
      [Code Root Scanning (ms): Min: 0.0, Avg: 0.0, Max: 0.0, Diff: 0.0, Sum: 0.0]
      [Object Copy (ms): Min: 12.8, Avg: 13.1, Max: 13.4, Diff: 0.6, Sum: 236.6]
      [Termination (ms): Min: 0.0, Avg: 0.3, Max: 0.6, Diff: 0.6, Sum: 5.2]
         [Termination Attempts: Min: 1, Avg: 1.0, Max: 1, Diff: 0, Sum: 18]
      [GC Worker Other (ms): Min: 0.0, Avg: 0.0, Max: 0.1, Diff: 0.0, Sum: 0.4]
      [GC Worker Total (ms): Min: 15.5, Avg: 15.6, Max: 15.8, Diff: 0.4, Sum: 281.6]
      [GC Worker End (ms): Min: 9395.9, Avg: 9395.9, Max: 9395.9, Diff: 0.0]
   [Code Root Fixup: 0.0 ms]
   [Code Root Purge: 0.0 ms]
   [Clear CT: 0.2 ms]
   [Other: 1.2 ms]
      [Choose CSet: 0.1 ms]
      [Ref Proc: 0.2 ms]
      [Ref Enq: 0.0 ms]
      [Redirty Cards: 0.3 ms]
      [Humongous Register: 0.2 ms]
      [Humongous Reclaim: 0.1 ms]
      [Free CSet: 0.3 ms]
   [Eden: 44.0M(44.0M)->0.0B(44.0M) Survivors: 7168.0K->7168.0K Heap: 658.7M(1024.0M)->542.0M(1024.0M)]
 [Times: user=0.26 sys=0.01, real=0.02 secs] 
9.413: [GC pause (G1 Evacuation Pause) (mixed), 0.0155989 secs]
   [Parallel Time: 14.1 ms, GC Workers: 18]
      [GC Worker Start (ms): Min: 9413.7, Avg: 9413.8, Max: 9414.0, Diff: 0.3]
      [Ext Root Scanning (ms): Min: 0.0, Avg: 0.2, Max: 0.4, Diff: 0.3, Sum: 3.5]
      [Update RS (ms): Min: 1.6, Avg: 1.8, Max: 2.0, Diff: 0.3, Sum: 32.4]
         [Processed Buffers: Min: 5, Avg: 6.1, Max: 8, Diff: 3, Sum: 110]
      [Scan RS (ms): Min: 0.0, Avg: 0.1, Max: 0.5, Diff: 0.5, Sum: 1.4]
      [Code Root Scanning (ms): Min: 0.0, Avg: 0.0, Max: 0.0, Diff: 0.0, Sum: 0.0]
      [Object Copy (ms): Min: 11.1, Avg: 11.4, Max: 11.8, Diff: 0.7, Sum: 205.2]
      [Termination (ms): Min: 0.0, Avg: 0.3, Max: 0.6, Diff: 0.6, Sum: 5.0]
         [Termination Attempts: Min: 1, Avg: 1.1, Max: 2, Diff: 1, Sum: 19]
      [GC Worker Other (ms): Min: 0.0, Avg: 0.0, Max: 0.0, Diff: 0.0, Sum: 0.4]
      [GC Worker Total (ms): Min: 13.6, Avg: 13.8, Max: 13.9, Diff: 0.3, Sum: 248.0]
      [GC Worker End (ms): Min: 9427.6, Avg: 9427.6, Max: 9427.6, Diff: 0.0]
   [Code Root Fixup: 0.0 ms]
   [Code Root Purge: 0.0 ms]
   [Clear CT: 0.2 ms]
   [Other: 1.2 ms]
      [Choose CSet: 0.0 ms]
      [Ref Proc: 0.3 ms]
      [Ref Enq: 0.0 ms]
      [Redirty Cards: 0.3 ms]
      [Humongous Register: 0.2 ms]
      [Humongous Reclaim: 0.1 ms]
      [Free CSet: 0.2 ms]
   [Eden: 44.0M(44.0M)->0.0B(264.0M) Survivors: 7168.0K->7168.0K Heap: 597.4M(1024.0M)->520.9M(1024.0M)]
 [Times: user=0.25 sys=0.00, real=0.02 secs] 
9.430: [GC pause (G1 Humongous Allocation) (young) (initial-mark), 0.0032034 secs]
   [Parallel Time: 2.2 ms, GC Workers: 18]
      [GC Worker Start (ms): Min: 9429.7, Avg: 9429.8, Max: 9429.9, Diff: 0.2]
      [Ext Root Scanning (ms): Min: 0.1, Avg: 0.2, Max: 0.3, Diff: 0.2, Sum: 3.7]
      [Update RS (ms): Min: 0.1, Avg: 0.5, Max: 1.5, Diff: 1.4, Sum: 9.5]
         [Processed Buffers: Min: 0, Avg: 1.1, Max: 2, Diff: 2, Sum: 19]
      [Scan RS (ms): Min: 0.0, Avg: 0.0, Max: 0.0, Diff: 0.0, Sum: 0.1]
      [Code Root Scanning (ms): Min: 0.0, Avg: 0.0, Max: 0.0, Diff: 0.0, Sum: 0.0]
      [Object Copy (ms): Min: 0.0, Avg: 0.9, Max: 1.5, Diff: 1.5, Sum: 16.4]
      [Termination (ms): Min: 0.0, Avg: 0.3, Max: 0.5, Diff: 0.5, Sum: 4.7]
         [Termination Attempts: Min: 1, Avg: 1.2, Max: 2, Diff: 1, Sum: 21]
      [GC Worker Other (ms): Min: 0.0, Avg: 0.0, Max: 0.0, Diff: 0.0, Sum: 0.3]
      [GC Worker Total (ms): Min: 1.8, Avg: 1.9, Max: 2.0, Diff: 0.2, Sum: 34.6]
      [GC Worker End (ms): Min: 9431.7, Avg: 9431.7, Max: 9431.8, Diff: 0.0]
   [Code Root Fixup: 0.0 ms]
   [Code Root Purge: 0.0 ms]
   [Clear CT: 0.2 ms]
   [Other: 0.8 ms]
      [Choose CSet: 0.0 ms]
      [Ref Proc: 0.3 ms]
      [Ref Enq: 0.0 ms]
      [Redirty Cards: 0.2 ms]
      [Humongous Register: 0.1 ms]
      [Humongous Reclaim: 0.0 ms]
      [Free CSet: 0.0 ms]
   [Eden: 2048.0K(264.0M)->0.0B(254.0M) Survivors: 7168.0K->7168.0K Heap: 522.6M(1024.0M)->520.3M(1024.0M)]
 [Times: user=0.03 sys=0.00, real=0.00 secs] 
9.433: [GC concurrent-root-region-scan-start]
9.433: [GC concurrent-root-region-scan-end, 0.0001593 secs]
9.433: [GC concurrent-mark-start]
9.436: [GC concurrent-mark-end, 0.0030981 secs]
9.436: [GC remark 9.436: [Finalize Marking, 0.0003065 secs] 9.437: [GC ref-proc, 0.0004060 secs] 9.437: [Unloading, 0.0009486 secs], 0.0026054 secs]
 [Times: user=0.02 sys=0.00, real=0.00 secs] 
9.439: [GC cleanup 530M->527M(1024M), 0.0015705 secs]
 [Times: user=0.01 sys=0.00, real=0.00 secs] 
9.441: [GC concurrent-cleanup-start]
9.441: [GC concurrent-cleanup-end, 0.0000316 secs]
9.535: [GC pause (G1 Evacuation Pause) (young), 0.0316185 secs]
   [Parallel Time: 29.7 ms, GC Workers: 18]
      [GC Worker Start (ms): Min: 9535.3, Avg: 9535.5, Max: 9535.7, Diff: 0.4]
      [Ext Root Scanning (ms): Min: 0.0, Avg: 0.1, Max: 0.3, Diff: 0.3, Sum: 2.5]
      [Update RS (ms): Min: 9.2, Avg: 9.3, Max: 9.5, Diff: 0.3, Sum: 168.1]
         [Processed Buffers: Min: 24, Avg: 27.1, Max: 32, Diff: 8, Sum: 487]
      [Scan RS (ms): Min: 0.0, Avg: 0.1, Max: 0.4, Diff: 0.3, Sum: 1.5]
      [Code Root Scanning (ms): Min: 0.0, Avg: 0.0, Max: 0.0, Diff: 0.0, Sum: 0.0]
      [Object Copy (ms): Min: 19.0, Avg: 19.4, Max: 19.8, Diff: 0.7, Sum: 349.4]
      [Termination (ms): Min: 0.0, Avg: 0.3, Max: 0.6, Diff: 0.6, Sum: 5.4]
         [Termination Attempts: Min: 1, Avg: 1.0, Max: 1, Diff: 0, Sum: 18]
      [GC Worker Other (ms): Min: 0.0, Avg: 0.0, Max: 0.1, Diff: 0.1, Sum: 0.9]
      [GC Worker Total (ms): Min: 29.2, Avg: 29.3, Max: 29.5, Diff: 0.4, Sum: 527.7]
      [GC Worker End (ms): Min: 9564.8, Avg: 9564.9, Max: 9564.9, Diff: 0.1]
   [Code Root Fixup: 0.0 ms]
   [Code Root Purge: 0.0 ms]
   [Clear CT: 0.3 ms]
   [Other: 1.6 ms]
      [Choose CSet: 0.0 ms]
      [Ref Proc: 0.3 ms]
      [Ref Enq: 0.0 ms]
      [Redirty Cards: 0.3 ms]
      [Humongous Register: 0.2 ms]
      [Humongous Reclaim: 0.3 ms]
      [Free CSet: 0.4 ms]
   [Eden: 254.0M(254.0M)->0.0B(18.0M) Survivors: 7168.0K->33.0M Heap: 831.1M(1024.0M)->573.5M(1024.0M)]
 [Times: user=0.51 sys=0.01, real=0.03 secs] 
9.573: [GC pause (G1 Evacuation Pause) (mixed), 0.0199562 secs]
   [Parallel Time: 18.5 ms, GC Workers: 18]
      [GC Worker Start (ms): Min: 9573.7, Avg: 9574.0, Max: 9574.2, Diff: 0.5]
      [Ext Root Scanning (ms): Min: 0.0, Avg: 0.1, Max: 0.3, Diff: 0.3, Sum: 1.4]
      [Update RS (ms): Min: 0.4, Avg: 0.6, Max: 0.7, Diff: 0.3, Sum: 11.0]
         [Processed Buffers: Min: 1, Avg: 2.8, Max: 5, Diff: 4, Sum: 50]
      [Scan RS (ms): Min: 0.0, Avg: 0.1, Max: 0.2, Diff: 0.2, Sum: 1.1]
      [Code Root Scanning (ms): Min: 0.0, Avg: 0.0, Max: 0.0, Diff: 0.0, Sum: 0.0]
      [Object Copy (ms): Min: 16.6, Avg: 16.9, Max: 17.1, Diff: 0.5, Sum: 303.6]
      [Termination (ms): Min: 0.0, Avg: 0.3, Max: 0.6, Diff: 0.6, Sum: 5.2]
         [Termination Attempts: Min: 1, Avg: 1.0, Max: 1, Diff: 0, Sum: 18]
      [GC Worker Other (ms): Min: 0.0, Avg: 0.0, Max: 0.0, Diff: 0.0, Sum: 0.3]
      [GC Worker Total (ms): Min: 17.7, Avg: 17.9, Max: 18.2, Diff: 0.5, Sum: 322.7]
      [GC Worker End (ms): Min: 9591.9, Avg: 9591.9, Max: 9591.9, Diff: 0.0]
   [Code Root Fixup: 0.0 ms]
   [Code Root Purge: 0.0 ms]
   [Clear CT: 0.2 ms]
   [Other: 1.2 ms]
      [Choose CSet: 0.1 ms]
      [Ref Proc: 0.3 ms]
      [Ref Enq: 0.0 ms]
      [Redirty Cards: 0.2 ms]
      [Humongous Register: 0.2 ms]
      [Humongous Reclaim: 0.0 ms]
      [Free CSet: 0.3 ms]
   [Eden: 18.0M(18.0M)->0.0B(46.0M) Survivors: 33.0M->5120.0K Heap: 595.3M(1024.0M)->507.1M(1024.0M)]
 [Times: user=0.30 sys=0.01, real=0.02 secs] 
9.610: [GC pause (G1 Evacuation Pause) (mixed), 0.0108996 secs]
   [Parallel Time: 9.6 ms, GC Workers: 18]
      [GC Worker Start (ms): Min: 9610.3, Avg: 9610.5, Max: 9610.7, Diff: 0.4]
      [Ext Root Scanning (ms): Min: 0.0, Avg: 0.1, Max: 0.4, Diff: 0.4, Sum: 2.2]
      [Update RS (ms): Min: 1.5, Avg: 1.7, Max: 1.8, Diff: 0.4, Sum: 30.0]
         [Processed Buffers: Min: 5, Avg: 5.5, Max: 7, Diff: 2, Sum: 99]
      [Scan RS (ms): Min: 0.0, Avg: 0.0, Max: 0.1, Diff: 0.1, Sum: 0.6]
      [Code Root Scanning (ms): Min: 0.0, Avg: 0.0, Max: 0.0, Diff: 0.0, Sum: 0.0]
      [Object Copy (ms): Min: 6.6, Avg: 7.0, Max: 7.3, Diff: 0.7, Sum: 126.0]
      [Termination (ms): Min: 0.0, Avg: 0.4, Max: 0.7, Diff: 0.7, Sum: 6.8]
         [Termination Attempts: Min: 1, Avg: 1.0, Max: 1, Diff: 0, Sum: 18]
      [GC Worker Other (ms): Min: 0.0, Avg: 0.0, Max: 0.0, Diff: 0.0, Sum: 0.3]
      [GC Worker Total (ms): Min: 9.0, Avg: 9.2, Max: 9.5, Diff: 0.4, Sum: 166.0]
      [GC Worker End (ms): Min: 9619.7, Avg: 9619.8, Max: 9619.8, Diff: 0.0]
   [Code Root Fixup: 0.0 ms]
   [Code Root Purge: 0.0 ms]
   [Clear CT: 0.2 ms]
   [Other: 1.1 ms]
      [Choose CSet: 0.0 ms]
      [Ref Proc: 0.3 ms]
      [Ref Enq: 0.0 ms]
      [Redirty Cards: 0.2 ms]
      [Humongous Register: 0.2 ms]
      [Humongous Reclaim: 0.1 ms]
      [Free CSet: 0.2 ms]
   [Eden: 46.0M(46.0M)->0.0B(273.0M) Survivors: 5120.0K->7168.0K Heap: 563.1M(1024.0M)->503.1M(1024.0M)]
 [Times: user=0.16 sys=0.01, real=0.01 secs] 
9.622: [GC pause (G1 Humongous Allocation) (young) (initial-mark), 0.0039762 secs]
   [Parallel Time: 2.0 ms, GC Workers: 18]
      [GC Worker Start (ms): Min: 9622.9, Avg: 9623.1, Max: 9623.3, Diff: 0.4]
      [Ext Root Scanning (ms): Min: 0.0, Avg: 0.2, Max: 0.4, Diff: 0.4, Sum: 3.5]
      [Update RS (ms): Min: 0.1, Avg: 0.2, Max: 0.3, Diff: 0.3, Sum: 2.7]
         [Processed Buffers: Min: 0, Avg: 1.0, Max: 2, Diff: 2, Sum: 18]
      [Scan RS (ms): Min: 0.0, Avg: 0.0, Max: 0.0, Diff: 0.0, Sum: 0.1]
      [Code Root Scanning (ms): Min: 0.0, Avg: 0.0, Max: 0.0, Diff: 0.0, Sum: 0.0]
      [Object Copy (ms): Min: 0.6, Avg: 1.1, Max: 1.3, Diff: 0.7, Sum: 19.2]
      [Termination (ms): Min: 0.0, Avg: 0.2, Max: 0.5, Diff: 0.5, Sum: 4.1]
         [Termination Attempts: Min: 1, Avg: 1.0, Max: 1, Diff: 0, Sum: 18]
      [GC Worker Other (ms): Min: 0.0, Avg: 0.0, Max: 0.0, Diff: 0.0, Sum: 0.3]
      [GC Worker Total (ms): Min: 1.5, Avg: 1.7, Max: 1.9, Diff: 0.4, Sum: 29.9]
      [GC Worker End (ms): Min: 9624.8, Avg: 9624.8, Max: 9624.8, Diff: 0.0]
   [Code Root Fixup: 0.0 ms]
   [Code Root Purge: 0.0 ms]
   [Clear CT: 0.2 ms]
   [Other: 1.7 ms]
      [Choose CSet: 0.0 ms]
      [Ref Proc: 0.3 ms]
      [Ref Enq: 0.0 ms]
      [Redirty Cards: 0.2 ms]
      [Humongous Register: 0.5 ms]
      [Humongous Reclaim: 0.0 ms]
      [Free CSet: 0.0 ms]
   [Eden: 1024.0K(273.0M)->0.0B(249.0M) Survivors: 7168.0K->7168.0K Heap: 504.1M(1024.0M)->502.9M(1024.0M)]
 [Times: user=0.03 sys=0.00, real=0.01 secs] 
9.626: [GC concurrent-root-region-scan-start]
9.626: [GC concurrent-root-region-scan-end, 0.0002044 secs]
9.626: [GC concurrent-mark-start]
9.629: [GC concurrent-mark-end, 0.0023269 secs]
9.629: [GC remark 9.629: [Finalize Marking, 0.0003614 secs] 9.629: [GC ref-proc, 0.0004130 secs] 9.629: [Unloading, 0.0008337 secs], 0.0024633 secs]
 [Times: user=0.02 sys=0.00, real=0.00 secs] 
9.631: [GC cleanup 509M->507M(1024M), 0.0016628 secs]
 [Times: user=0.02 sys=0.00, real=0.00 secs] 
9.633: [GC concurrent-cleanup-start]
9.633: [GC concurrent-cleanup-end, 0.0000270 secs]
9.727: [GC pause (G1 Evacuation Pause) (young), 0.0382823 secs]
   [Parallel Time: 36.1 ms, GC Workers: 18]
      [GC Worker Start (ms): Min: 9727.1, Avg: 9727.4, Max: 9727.7, Diff: 0.6]
      [Ext Root Scanning (ms): Min: 0.0, Avg: 0.2, Max: 0.5, Diff: 0.5, Sum: 2.9]
      [Update RS (ms): Min: 12.3, Avg: 12.5, Max: 12.6, Diff: 0.4, Sum: 224.3]
         [Processed Buffers: Min: 23, Avg: 29.3, Max: 36, Diff: 13, Sum: 527]
      [Scan RS (ms): Min: 0.0, Avg: 0.1, Max: 0.4, Diff: 0.4, Sum: 1.6]
      [Code Root Scanning (ms): Min: 0.0, Avg: 0.0, Max: 0.0, Diff: 0.0, Sum: 0.0]
      [Object Copy (ms): Min: 21.7, Avg: 22.4, Max: 22.8, Diff: 1.1, Sum: 402.4]
      [Termination (ms): Min: 0.0, Avg: 0.4, Max: 0.8, Diff: 0.8, Sum: 7.2]
         [Termination Attempts: Min: 1, Avg: 1.0, Max: 1, Diff: 0, Sum: 18]
      [GC Worker Other (ms): Min: 0.0, Avg: 0.0, Max: 0.1, Diff: 0.0, Sum: 0.6]
      [GC Worker Total (ms): Min: 35.2, Avg: 35.5, Max: 35.9, Diff: 0.6, Sum: 639.0]
      [GC Worker End (ms): Min: 9762.9, Avg: 9762.9, Max: 9762.9, Diff: 0.0]
   [Code Root Fixup: 0.0 ms]
   [Code Root Purge: 0.0 ms]
   [Clear CT: 0.3 ms]
   [Other: 1.9 ms]
      [Choose CSet: 0.0 ms]
      [Ref Proc: 0.4 ms]
      [Ref Enq: 0.0 ms]
      [Redirty Cards: 0.3 ms]
      [Humongous Register: 0.4 ms]
      [Humongous Reclaim: 0.3 ms]
      [Free CSet: 0.4 ms]
   [Eden: 249.0M(249.0M)->0.0B(19.0M) Survivors: 7168.0K->32.0M Heap: 814.4M(1024.0M)->566.6M(1024.0M)]
 [Times: user=0.58 sys=0.01, real=0.04 secs] 
9.771: [GC pause (G1 Evacuation Pause) (mixed), 0.0200157 secs]
   [Parallel Time: 18.5 ms, GC Workers: 18]
      [GC Worker Start (ms): Min: 9771.3, Avg: 9771.5, Max: 9771.6, Diff: 0.2]
      [Ext Root Scanning (ms): Min: 0.1, Avg: 0.2, Max: 0.3, Diff: 0.2, Sum: 3.0]
      [Update RS (ms): Min: 0.4, Avg: 0.4, Max: 0.5, Diff: 0.2, Sum: 8.0]
         [Processed Buffers: Min: 1, Avg: 2.2, Max: 4, Diff: 3, Sum: 40]
      [Scan RS (ms): Min: 0.0, Avg: 0.1, Max: 0.2, Diff: 0.2, Sum: 1.8]
      [Code Root Scanning (ms): Min: 0.0, Avg: 0.0, Max: 0.0, Diff: 0.0, Sum: 0.1]
      [Object Copy (ms): Min: 17.3, Avg: 17.4, Max: 17.5, Diff: 0.2, Sum: 313.1]
      [Termination (ms): Min: 0.0, Avg: 0.1, Max: 0.2, Diff: 0.2, Sum: 2.2]
         [Termination Attempts: Min: 1, Avg: 1.0, Max: 1, Diff: 0, Sum: 18]
      [GC Worker Other (ms): Min: 0.0, Avg: 0.0, Max: 0.0, Diff: 0.0, Sum: 0.3]
      [GC Worker Total (ms): Min: 18.1, Avg: 18.3, Max: 18.4, Diff: 0.2, Sum: 328.5]
      [GC Worker End (ms): Min: 9789.7, Avg: 9789.7, Max: 9789.7, Diff: 0.0]
   [Code Root Fixup: 0.0 ms]
   [Code Root Purge: 0.0 ms]
   [Clear CT: 0.2 ms]
   [Other: 1.2 ms]
      [Choose CSet: 0.1 ms]
      [Ref Proc: 0.3 ms]
      [Ref Enq: 0.0 ms]
      [Redirty Cards: 0.3 ms]
      [Humongous Register: 0.2 ms]
      [Humongous Reclaim: 0.0 ms]
      [Free CSet: 0.3 ms]
   [Eden: 19.0M(19.0M)->0.0B(46.0M) Survivors: 32.0M->5120.0K Heap: 588.1M(1024.0M)->504.1M(1024.0M)]
 [Times: user=0.31 sys=0.02, real=0.02 secs] 
9.809: [GC pause (G1 Evacuation Pause) (mixed), 0.0109610 secs]
   [Parallel Time: 9.6 ms, GC Workers: 18]
      [GC Worker Start (ms): Min: 9809.7, Avg: 9809.9, Max: 9810.2, Diff: 0.5]
      [Ext Root Scanning (ms): Min: 0.0, Avg: 0.2, Max: 0.4, Diff: 0.4, Sum: 3.4]
      [Update RS (ms): Min: 2.2, Avg: 2.4, Max: 2.6, Diff: 0.4, Sum: 43.3]
         [Processed Buffers: Min: 6, Avg: 7.4, Max: 9, Diff: 3, Sum: 133]
      [Scan RS (ms): Min: 0.0, Avg: 0.0, Max: 0.1, Diff: 0.1, Sum: 0.4]
      [Code Root Scanning (ms): Min: 0.0, Avg: 0.0, Max: 0.0, Diff: 0.0, Sum: 0.0]
      [Object Copy (ms): Min: 5.9, Avg: 6.3, Max: 6.5, Diff: 0.6, Sum: 112.8]
      [Termination (ms): Min: 0.0, Avg: 0.2, Max: 0.4, Diff: 0.4, Sum: 3.2]
         [Termination Attempts: Min: 1, Avg: 1.0, Max: 1, Diff: 0, Sum: 18]
      [GC Worker Other (ms): Min: 0.0, Avg: 0.0, Max: 0.1, Diff: 0.0, Sum: 0.5]
      [GC Worker Total (ms): Min: 8.8, Avg: 9.1, Max: 9.4, Diff: 0.5, Sum: 163.7]
      [GC Worker End (ms): Min: 9819.0, Avg: 9819.0, Max: 9819.1, Diff: 0.0]
   [Code Root Fixup: 0.0 ms]
   [Code Root Purge: 0.0 ms]
   [Clear CT: 0.2 ms]
   [Other: 1.2 ms]
      [Choose CSet: 0.0 ms]
      [Ref Proc: 0.3 ms]
      [Ref Enq: 0.0 ms]
      [Redirty Cards: 0.3 ms]
      [Humongous Register: 0.2 ms]
      [Humongous Reclaim: 0.1 ms]
      [Free CSet: 0.1 ms]
   [Eden: 46.0M(46.0M)->0.0B(248.0M) Survivors: 5120.0K->7168.0K Heap: 564.3M(1024.0M)->512.6M(1024.0M)]
 [Times: user=0.16 sys=0.00, real=0.01 secs] 
9.821: [GC pause (G1 Humongous Allocation) (young) (initial-mark), 0.0031518 secs]
   [Parallel Time: 2.0 ms, GC Workers: 18]
      [GC Worker Start (ms): Min: 9821.2, Avg: 9821.4, Max: 9821.5, Diff: 0.3]
      [Ext Root Scanning (ms): Min: 0.0, Avg: 0.2, Max: 0.3, Diff: 0.3, Sum: 3.4]
      [Update RS (ms): Min: 0.1, Avg: 0.2, Max: 0.4, Diff: 0.3, Sum: 3.0]
         [Processed Buffers: Min: 0, Avg: 1.0, Max: 2, Diff: 2, Sum: 18]
      [Scan RS (ms): Min: 0.0, Avg: 0.0, Max: 0.0, Diff: 0.0, Sum: 0.1]
      [Code Root Scanning (ms): Min: 0.0, Avg: 0.0, Max: 0.0, Diff: 0.0, Sum: 0.0]
      [Object Copy (ms): Min: 0.9, Avg: 1.2, Max: 1.5, Diff: 0.6, Sum: 20.8]
      [Termination (ms): Min: 0.0, Avg: 0.2, Max: 0.5, Diff: 0.5, Sum: 4.1]
         [Termination Attempts: Min: 1, Avg: 1.2, Max: 2, Diff: 1, Sum: 21]
      [GC Worker Other (ms): Min: 0.0, Avg: 0.0, Max: 0.0, Diff: 0.0, Sum: 0.3]
      [GC Worker Total (ms): Min: 1.6, Avg: 1.8, Max: 1.9, Diff: 0.3, Sum: 31.6]
      [GC Worker End (ms): Min: 9823.1, Avg: 9823.1, Max: 9823.1, Diff: 0.0]
   [Code Root Fixup: 0.0 ms]
   [Code Root Purge: 0.0 ms]
   [Clear CT: 0.2 ms]
   [Other: 0.9 ms]
      [Choose CSet: 0.0 ms]
      [Ref Proc: 0.3 ms]
      [Ref Enq: 0.0 ms]
      [Redirty Cards: 0.2 ms]
      [Humongous Register: 0.2 ms]
      [Humongous Reclaim: 0.0 ms]
      [Free CSet: 0.0 ms]
   [Eden: 1024.0K(248.0M)->0.0B(262.0M) Survivors: 7168.0K->8192.0K Heap: 513.6M(1024.0M)->512.9M(1024.0M)]
 [Times: user=0.03 sys=0.00, real=0.00 secs] 
9.824: [GC concurrent-root-region-scan-start]
9.824: [GC concurrent-root-region-scan-end, 0.0001401 secs]
9.824: [GC concurrent-mark-start]
9.827: [GC concurrent-mark-end, 0.0023632 secs]
9.827: [GC remark 9.827: [Finalize Marking, 0.0004085 secs] 9.827: [GC ref-proc, 0.0003999 secs] 9.828: [Unloading, 0.0009540 secs], 0.0026055 secs]
 [Times: user=0.03 sys=0.00, real=0.00 secs] 
9.830: [GC cleanup 519M->518M(1024M), 0.0015182 secs]
 [Times: user=0.01 sys=0.00, real=0.00 secs] 
9.831: [GC concurrent-cleanup-start]
9.831: [GC concurrent-cleanup-end, 0.0000265 secs]
9.927: [GC pause (G1 Evacuation Pause) (young) (to-space exhausted), 0.0348471 secs]
   [Parallel Time: 32.7 ms, GC Workers: 18]
      [GC Worker Start (ms): Min: 9927.7, Avg: 9927.9, Max: 9928.0, Diff: 0.3]
      [Ext Root Scanning (ms): Min: 0.0, Avg: 0.1, Max: 0.2, Diff: 0.2, Sum: 1.3]
      [Update RS (ms): Min: 10.0, Avg: 10.1, Max: 10.2, Diff: 0.2, Sum: 181.0]
         [Processed Buffers: Min: 29, Avg: 31.1, Max: 37, Diff: 8, Sum: 559]
      [Scan RS (ms): Min: 0.0, Avg: 0.1, Max: 0.3, Diff: 0.3, Sum: 1.5]
      [Code Root Scanning (ms): Min: 0.0, Avg: 0.0, Max: 0.0, Diff: 0.0, Sum: 0.0]
      [Object Copy (ms): Min: 21.2, Avg: 21.7, Max: 22.1, Diff: 0.9, Sum: 391.2]
      [Termination (ms): Min: 0.0, Avg: 0.4, Max: 0.5, Diff: 0.5, Sum: 6.4]
         [Termination Attempts: Min: 1, Avg: 1.0, Max: 1, Diff: 0, Sum: 18]
      [GC Worker Other (ms): Min: 0.0, Avg: 0.0, Max: 0.1, Diff: 0.1, Sum: 0.9]
      [GC Worker Total (ms): Min: 32.2, Avg: 32.4, Max: 32.5, Diff: 0.4, Sum: 582.4]
      [GC Worker End (ms): Min: 9960.2, Avg: 9960.2, Max: 9960.3, Diff: 0.1]
   [Code Root Fixup: 0.0 ms]
   [Code Root Purge: 0.0 ms]
   [Clear CT: 0.3 ms]
   [Other: 1.9 ms]
      [Evacuation Failure: 0.3 ms]
      [Choose CSet: 0.0 ms]
      [Ref Proc: 0.4 ms]
      [Ref Enq: 0.0 ms]
      [Redirty Cards: 0.2 ms]
      [Humongous Register: 0.2 ms]
      [Humongous Reclaim: 0.3 ms]
      [Free CSet: 0.4 ms]
   [Eden: 262.0M(262.0M)->0.0B(17.0M) Survivors: 8192.0K->34.0M Heap: 842.4M(1024.0M)->594.6M(1024.0M)]
 [Times: user=0.58 sys=0.00, real=0.03 secs] 
9.969: [GC pause (G1 Evacuation Pause) (mixed), 0.0197414 secs]
   [Parallel Time: 18.1 ms, GC Workers: 18]
      [GC Worker Start (ms): Min: 9969.1, Avg: 9969.3, Max: 9969.5, Diff: 0.5]
      [Ext Root Scanning (ms): Min: 0.0, Avg: 0.1, Max: 0.3, Diff: 0.3, Sum: 1.8]
      [Update RS (ms): Min: 0.6, Avg: 0.7, Max: 0.8, Diff: 0.3, Sum: 13.2]
         [Processed Buffers: Min: 2, Avg: 3.7, Max: 7, Diff: 5, Sum: 67]
      [Scan RS (ms): Min: 0.0, Avg: 0.1, Max: 0.9, Diff: 0.9, Sum: 2.5]
      [Code Root Scanning (ms): Min: 0.0, Avg: 0.0, Max: 0.1, Diff: 0.1, Sum: 0.1]
      [Object Copy (ms): Min: 15.3, Avg: 16.4, Max: 16.7, Diff: 1.4, Sum: 295.8]
      [Termination (ms): Min: 0.0, Avg: 0.2, Max: 0.5, Diff: 0.5, Sum: 4.1]
         [Termination Attempts: Min: 1, Avg: 1.0, Max: 1, Diff: 0, Sum: 18]
      [GC Worker Other (ms): Min: 0.0, Avg: 0.0, Max: 0.0, Diff: 0.0, Sum: 0.4]
      [GC Worker Total (ms): Min: 17.4, Avg: 17.7, Max: 17.9, Diff: 0.5, Sum: 317.8]
      [GC Worker End (ms): Min: 9987.0, Avg: 9987.0, Max: 9987.0, Diff: 0.0]
   [Code Root Fixup: 0.0 ms]
   [Code Root Purge: 0.0 ms]
   [Clear CT: 0.2 ms]
   [Other: 1.4 ms]
      [Choose CSet: 0.1 ms]
      [Ref Proc: 0.3 ms]
      [Ref Enq: 0.0 ms]
      [Redirty Cards: 0.3 ms]
      [Humongous Register: 0.2 ms]
      [Humongous Reclaim: 0.0 ms]
      [Free CSet: 0.3 ms]
   [Eden: 17.0M(17.0M)->0.0B(46.0M) Survivors: 34.0M->5120.0K Heap: 616.3M(1024.0M)->530.1M(1024.0M)]
 [Times: user=0.31 sys=0.01, real=0.02 secs] 
10.005: [GC pause (G1 Evacuation Pause) (mixed), 0.0121870 secs]
   [Parallel Time: 10.9 ms, GC Workers: 18]
      [GC Worker Start (ms): Min: 10005.2, Avg: 10005.4, Max: 10005.6, Diff: 0.4]
      [Ext Root Scanning (ms): Min: 0.0, Avg: 0.1, Max: 0.3, Diff: 0.3, Sum: 2.7]
      [Update RS (ms): Min: 2.0, Avg: 2.1, Max: 2.3, Diff: 0.3, Sum: 38.0]
         [Processed Buffers: Min: 5, Avg: 6.2, Max: 8, Diff: 3, Sum: 112]
      [Scan RS (ms): Min: 0.0, Avg: 0.0, Max: 0.1, Diff: 0.1, Sum: 0.4]
      [Code Root Scanning (ms): Min: 0.0, Avg: 0.0, Max: 0.0, Diff: 0.0, Sum: 0.0]
      [Object Copy (ms): Min: 7.5, Avg: 8.0, Max: 8.3, Diff: 0.7, Sum: 143.5]
      [Termination (ms): Min: 0.0, Avg: 0.2, Max: 0.5, Diff: 0.5, Sum: 4.2]
         [Termination Attempts: Min: 1, Avg: 1.0, Max: 1, Diff: 0, Sum: 18]
      [GC Worker Other (ms): Min: 0.0, Avg: 0.0, Max: 0.1, Diff: 0.1, Sum: 0.5]
      [GC Worker Total (ms): Min: 10.3, Avg: 10.5, Max: 10.7, Diff: 0.4, Sum: 189.2]
      [GC Worker End (ms): Min: 10015.9, Avg: 10015.9, Max: 10015.9, Diff: 0.0]
   [Code Root Fixup: 0.0 ms]
   [Code Root Purge: 0.0 ms]
   [Clear CT: 0.2 ms]
   [Other: 1.0 ms]
      [Choose CSet: 0.0 ms]
      [Ref Proc: 0.3 ms]
      [Ref Enq: 0.0 ms]
      [Redirty Cards: 0.3 ms]
      [Humongous Register: 0.1 ms]
      [Humongous Reclaim: 0.1 ms]
      [Free CSet: 0.2 ms]
   [Eden: 46.0M(46.0M)->0.0B(256.0M) Survivors: 5120.0K->7168.0K Heap: 587.6M(1024.0M)->522.4M(1024.0M)]
 [Times: user=0.18 sys=0.00, real=0.01 secs] 
10.018: [GC pause (G1 Humongous Allocation) (young) (initial-mark), 0.0030834 secs]
   [Parallel Time: 2.1 ms, GC Workers: 18]
      [GC Worker Start (ms): Min: 10017.9, Avg: 10018.0, Max: 10018.1, Diff: 0.2]
      [Ext Root Scanning (ms): Min: 0.1, Avg: 0.2, Max: 0.4, Diff: 0.2, Sum: 4.3]
      [Update RS (ms): Min: 0.1, Avg: 0.2, Max: 0.6, Diff: 0.6, Sum: 2.9]
         [Processed Buffers: Min: 0, Avg: 1.1, Max: 3, Diff: 3, Sum: 19]
      [Scan RS (ms): Min: 0.0, Avg: 0.0, Max: 0.0, Diff: 0.0, Sum: 0.1]
      [Code Root Scanning (ms): Min: 0.0, Avg: 0.0, Max: 0.0, Diff: 0.0, Sum: 0.0]
      [Object Copy (ms): Min: 0.7, Avg: 1.2, Max: 1.4, Diff: 0.7, Sum: 20.9]
      [Termination (ms): Min: 0.0, Avg: 0.2, Max: 0.5, Diff: 0.5, Sum: 4.1]
         [Termination Attempts: Min: 1, Avg: 1.1, Max: 2, Diff: 1, Sum: 19]
      [GC Worker Other (ms): Min: 0.0, Avg: 0.0, Max: 0.0, Diff: 0.0, Sum: 0.2]
      [GC Worker Total (ms): Min: 1.7, Avg: 1.8, Max: 1.9, Diff: 0.2, Sum: 32.5]
      [GC Worker End (ms): Min: 10019.8, Avg: 10019.8, Max: 10019.8, Diff: 0.0]
   [Code Root Fixup: 0.0 ms]
   [Code Root Purge: 0.0 ms]
   [Clear CT: 0.2 ms]
   [Other: 0.8 ms]
      [Choose CSet: 0.0 ms]
      [Ref Proc: 0.2 ms]
      [Ref Enq: 0.0 ms]
      [Redirty Cards: 0.2 ms]
      [Humongous Register: 0.2 ms]
      [Humongous Reclaim: 0.0 ms]
      [Free CSet: 0.0 ms]
   [Eden: 1024.0K(256.0M)->0.0B(262.0M) Survivors: 7168.0K->8192.0K Heap: 522.5M(1024.0M)->522.0M(1024.0M)]
 [Times: user=0.04 sys=0.00, real=0.00 secs] 
10.021: [GC concurrent-root-region-scan-start]
10.021: [GC concurrent-root-region-scan-end, 0.0002171 secs]
10.021: [GC concurrent-mark-start]
10.023: [GC concurrent-mark-end, 0.0019320 secs]
10.023: [GC remark 10.023: [Finalize Marking, 0.0004329 secs] 10.024: [GC ref-proc, 0.0004071 secs] 10.024: [Unloading, 0.0009116 secs], 0.0026911 secs]
 [Times: user=0.02 sys=0.00, real=0.01 secs] 
10.026: [GC cleanup 527M->524M(1024M), 0.0015757 secs]
 [Times: user=0.01 sys=0.00, real=0.00 secs] 
10.028: [GC concurrent-cleanup-start]
10.028: [GC concurrent-cleanup-end, 0.0000324 secs]
执行结束。共生成对象次数:69944
Heap
 garbage-first heap   total 1048576K, used 747188K [0x00000000c0000000, 0x00000000c0102000, 0x0000000100000000)
  region size 1024K, 170 young (174080K), 8 survivors (8192K)
 Metaspace       used 2541K, capacity 4490K, committed 4864K, reserved 1056768K
  class space    used 273K, capacity 386K, committed 512K, reserved 1048576K
开始执行.......
0.187: [GC pause (G1 Evacuation Pause) (young), 0.0082237 secs]
   [Parallel Time: 5.4 ms, GC Workers: 18]
      [GC Worker Start (ms): Min: 186.9, Avg: 189.0, Max: 192.1, Diff: 5.2]
      [Ext Root Scanning (ms): Min: 0.0, Avg: 0.2, Max: 0.6, Diff: 0.6, Sum: 3.2]
      [Update RS (ms): Min: 0.0, Avg: 0.0, Max: 0.0, Diff: 0.0, Sum: 0.0]
         [Processed Buffers: Min: 0, Avg: 0.0, Max: 0, Diff: 0, Sum: 0]
      [Scan RS (ms): Min: 0.0, Avg: 0.0, Max: 0.0, Diff: 0.0, Sum: 0.2]
      [Code Root Scanning (ms): Min: 0.0, Avg: 0.0, Max: 0.0, Diff: 0.0, Sum: 0.0]
      [Object Copy (ms): Min: 0.0, Avg: 2.2, Max: 3.9, Diff: 3.9, Sum: 39.1]
      [Termination (ms): Min: 0.0, Avg: 0.7, Max: 1.1, Diff: 1.1, Sum: 13.3]
         [Termination Attempts: Min: 1, Avg: 1.0, Max: 1, Diff: 0, Sum: 18]
      [GC Worker Other (ms): Min: 0.0, Avg: 0.0, Max: 0.0, Diff: 0.0, Sum: 0.3]
      [GC Worker Total (ms): Min: 0.0, Avg: 3.1, Max: 5.2, Diff: 5.2, Sum: 56.2]
      [GC Worker End (ms): Min: 192.1, Avg: 192.1, Max: 192.1, Diff: 0.0]
   [Code Root Fixup: 0.0 ms]
   [Code Root Purge: 0.0 ms]
   [Clear CT: 0.2 ms]
   [Other: 2.6 ms]
      [Choose CSet: 0.0 ms]
      [Ref Proc: 1.8 ms]
      [Ref Enq: 0.0 ms]
      [Redirty Cards: 0.3 ms]
      [Humongous Register: 0.1 ms]
      [Humongous Reclaim: 0.0 ms]
      [Free CSet: 0.1 ms]
   [Eden: 51.0M(51.0M)->0.0B(44.0M) Survivors: 0.0B->7168.0K Heap: 62.6M(1024.0M)->25.2M(1024.0M)]
 [Times: user=0.06 sys=0.02, real=0.01 secs] 
0.222: [GC pause (G1 Evacuation Pause) (young), 0.0076838 secs]
   [Parallel Time: 6.3 ms, GC Workers: 18]
      [GC Worker Start (ms): Min: 222.1, Avg: 223.9, Max: 226.7, Diff: 4.6]
      [Ext Root Scanning (ms): Min: 0.0, Avg: 0.1, Max: 0.3, Diff: 0.3, Sum: 2.0]
      [Update RS (ms): Min: 0.0, Avg: 0.2, Max: 0.4, Diff: 0.4, Sum: 3.0]
         [Processed Buffers: Min: 0, Avg: 1.1, Max: 3, Diff: 3, Sum: 19]
      [Scan RS (ms): Min: 0.0, Avg: 0.0, Max: 0.0, Diff: 0.0, Sum: 0.1]
      [Code Root Scanning (ms): Min: 0.0, Avg: 0.0, Max: 0.0, Diff: 0.0, Sum: 0.0]
      [Object Copy (ms): Min: 0.6, Avg: 3.2, Max: 5.4, Diff: 4.9, Sum: 56.8]
      [Termination (ms): Min: 0.0, Avg: 0.9, Max: 1.3, Diff: 1.3, Sum: 16.4]
         [Termination Attempts: Min: 1, Avg: 1.0, Max: 1, Diff: 0, Sum: 18]
      [GC Worker Other (ms): Min: 0.0, Avg: 0.0, Max: 0.0, Diff: 0.0, Sum: 0.3]
      [GC Worker Total (ms): Min: 1.6, Avg: 4.4, Max: 6.2, Diff: 4.5, Sum: 78.7]
      [GC Worker End (ms): Min: 228.3, Avg: 228.3, Max: 228.3, Diff: 0.0]
   [Code Root Fixup: 0.0 ms]
   [Code Root Purge: 0.0 ms]
   [Clear CT: 0.2 ms]
   [Other: 1.1 ms]
      [Choose CSet: 0.0 ms]
      [Ref Proc: 0.5 ms]
      [Ref Enq: 0.0 ms]
      [Redirty Cards: 0.2 ms]
      [Humongous Register: 0.0 ms]
      [Humongous Reclaim: 0.1 ms]
      [Free CSet: 0.1 ms]
   [Eden: 44.0M(44.0M)->0.0B(44.0M) Survivors: 7168.0K->7168.0K Heap: 81.9M(1024.0M)->40.8M(1024.0M)]
 [Times: user=0.05 sys=0.02, real=0.01 secs] 
0.250: [GC pause (G1 Evacuation Pause) (young), 0.0059816 secs]
   [Parallel Time: 4.9 ms, GC Workers: 18]
      [GC Worker Start (ms): Min: 249.6, Avg: 250.7, Max: 253.2, Diff: 3.6]
      [Ext Root Scanning (ms): Min: 0.0, Avg: 0.1, Max: 0.4, Diff: 0.4, Sum: 2.1]
      [Update RS (ms): Min: 0.0, Avg: 0.3, Max: 0.6, Diff: 0.6, Sum: 6.1]
         [Processed Buffers: Min: 0, Avg: 1.2, Max: 3, Diff: 3, Sum: 22]
      [Scan RS (ms): Min: 0.0, Avg: 0.0, Max: 0.0, Diff: 0.0, Sum: 0.2]
      [Code Root Scanning (ms): Min: 0.0, Avg: 0.0, Max: 0.0, Diff: 0.0, Sum: 0.0]
      [Object Copy (ms): Min: 0.6, Avg: 2.8, Max: 3.7, Diff: 3.1, Sum: 50.3]
      [Termination (ms): Min: 0.0, Avg: 0.3, Max: 0.5, Diff: 0.5, Sum: 5.3]
         [Termination Attempts: Min: 1, Avg: 1.0, Max: 1, Diff: 0, Sum: 18]
      [GC Worker Other (ms): Min: 0.0, Avg: 0.0, Max: 0.0, Diff: 0.0, Sum: 0.3]
      [GC Worker Total (ms): Min: 1.1, Avg: 3.6, Max: 4.7, Diff: 3.5, Sum: 64.2]
      [GC Worker End (ms): Min: 254.3, Avg: 254.3, Max: 254.3, Diff: 0.0]
   [Code Root Fixup: 0.0 ms]
   [Code Root Purge: 0.0 ms]
   [Clear CT: 0.2 ms]
   [Other: 0.9 ms]
      [Choose CSet: 0.0 ms]
      [Ref Proc: 0.3 ms]
      [Ref Enq: 0.0 ms]
      [Redirty Cards: 0.2 ms]
      [Humongous Register: 0.0 ms]
      [Humongous Reclaim: 0.0 ms]
      [Free CSet: 0.1 ms]
   [Eden: 44.0M(44.0M)->0.0B(71.0M) Survivors: 7168.0K->7168.0K Heap: 94.0M(1024.0M)->55.9M(1024.0M)]
 [Times: user=0.04 sys=0.03, real=0.00 secs] 
0.295: [GC pause (G1 Evacuation Pause) (young), 0.0071040 secs]
   [Parallel Time: 5.8 ms, GC Workers: 18]
      [GC Worker Start (ms): Min: 294.6, Avg: 294.9, Max: 295.2, Diff: 0.6]
      [Ext Root Scanning (ms): Min: 0.0, Avg: 0.1, Max: 0.2, Diff: 0.2, Sum: 1.0]
      [Update RS (ms): Min: 0.0, Avg: 0.4, Max: 1.7, Diff: 1.7, Sum: 7.3]
         [Processed Buffers: Min: 0, Avg: 1.3, Max: 3, Diff: 3, Sum: 23]
      [Scan RS (ms): Min: 0.0, Avg: 0.0, Max: 0.1, Diff: 0.1, Sum: 0.2]
      [Code Root Scanning (ms): Min: 0.0, Avg: 0.0, Max: 0.0, Diff: 0.0, Sum: 0.0]
      [Object Copy (ms): Min: 3.1, Avg: 4.6, Max: 5.0, Diff: 1.9, Sum: 82.2]
      [Termination (ms): Min: 0.0, Avg: 0.3, Max: 0.5, Diff: 0.5, Sum: 4.7]
         [Termination Attempts: Min: 1, Avg: 1.2, Max: 3, Diff: 2, Sum: 22]
      [GC Worker Other (ms): Min: 0.0, Avg: 0.0, Max: 0.1, Diff: 0.1, Sum: 0.4]
      [GC Worker Total (ms): Min: 5.1, Avg: 5.3, Max: 5.6, Diff: 0.5, Sum: 95.8]
      [GC Worker End (ms): Min: 300.2, Avg: 300.2, Max: 300.3, Diff: 0.0]
   [Code Root Fixup: 0.0 ms]
   [Code Root Purge: 0.0 ms]
   [Clear CT: 0.2 ms]
   [Other: 1.1 ms]
      [Choose CSet: 0.0 ms]
      [Ref Proc: 0.3 ms]
      [Ref Enq: 0.0 ms]
      [Redirty Cards: 0.3 ms]
      [Humongous Register: 0.0 ms]
      [Humongous Reclaim: 0.1 ms]
      [Free CSet: 0.1 ms]
   [Eden: 71.0M(71.0M)->0.0B(81.0M) Survivors: 7168.0K->10.0M Heap: 142.1M(1024.0M)->86.0M(1024.0M)]
 [Times: user=0.04 sys=0.06, real=0.01 secs] 
0.341: [GC pause (G1 Evacuation Pause) (young), 0.0077467 secs]
   [Parallel Time: 6.4 ms, GC Workers: 18]
      [GC Worker Start (ms): Min: 341.6, Avg: 341.8, Max: 342.0, Diff: 0.4]
      [Ext Root Scanning (ms): Min: 0.0, Avg: 0.2, Max: 0.4, Diff: 0.4, Sum: 3.4]
      [Update RS (ms): Min: 0.4, Avg: 0.6, Max: 0.7, Diff: 0.3, Sum: 11.5]
         [Processed Buffers: Min: 1, Avg: 1.9, Max: 2, Diff: 1, Sum: 34]
      [Scan RS (ms): Min: 0.0, Avg: 0.0, Max: 0.1, Diff: 0.1, Sum: 0.3]
      [Code Root Scanning (ms): Min: 0.0, Avg: 0.0, Max: 0.0, Diff: 0.0, Sum: 0.0]
      [Object Copy (ms): Min: 4.6, Avg: 4.9, Max: 5.2, Diff: 0.6, Sum: 88.0]
      [Termination (ms): Min: 0.0, Avg: 0.2, Max: 0.5, Diff: 0.5, Sum: 2.9]
         [Termination Attempts: Min: 1, Avg: 1.0, Max: 1, Diff: 0, Sum: 18]
      [GC Worker Other (ms): Min: 0.0, Avg: 0.0, Max: 0.0, Diff: 0.0, Sum: 0.3]
      [GC Worker Total (ms): Min: 5.7, Avg: 5.9, Max: 6.1, Diff: 0.4, Sum: 106.2]
      [GC Worker End (ms): Min: 347.7, Avg: 347.7, Max: 347.8, Diff: 0.0]
   [Code Root Fixup: 0.0 ms]
   [Code Root Purge: 0.0 ms]
   [Clear CT: 0.2 ms]
   [Other: 1.1 ms]
      [Choose CSet: 0.0 ms]
      [Ref Proc: 0.3 ms]
      [Ref Enq: 0.0 ms]
      [Redirty Cards: 0.3 ms]
      [Humongous Register: 0.1 ms]
      [Humongous Reclaim: 0.1 ms]
      [Free CSet: 0.2 ms]
   [Eden: 81.0M(81.0M)->0.0B(215.0M) Survivors: 10.0M->12.0M Heap: 188.8M(1024.0M)->114.6M(1024.0M)]
 [Times: user=0.05 sys=0.07, real=0.01 secs] 
0.497: [GC pause (G1 Evacuation Pause) (young), 0.0155399 secs]
   [Parallel Time: 13.7 ms, GC Workers: 18]
      [GC Worker Start (ms): Min: 497.7, Avg: 498.1, Max: 499.2, Diff: 1.6]
      [Ext Root Scanning (ms): Min: 0.0, Avg: 0.2, Max: 0.5, Diff: 0.5, Sum: 3.2]
      [Update RS (ms): Min: 0.0, Avg: 0.8, Max: 1.1, Diff: 1.1, Sum: 15.1]
         [Processed Buffers: Min: 0, Avg: 2.6, Max: 4, Diff: 4, Sum: 47]
      [Scan RS (ms): Min: 0.0, Avg: 0.0, Max: 0.2, Diff: 0.1, Sum: 0.6]
      [Code Root Scanning (ms): Min: 0.0, Avg: 0.0, Max: 0.0, Diff: 0.0, Sum: 0.0]
      [Object Copy (ms): Min: 11.5, Avg: 11.7, Max: 12.0, Diff: 0.4, Sum: 210.6]
      [Termination (ms): Min: 0.0, Avg: 0.3, Max: 0.4, Diff: 0.4, Sum: 4.6]
         [Termination Attempts: Min: 1, Avg: 2.8, Max: 4, Diff: 3, Sum: 51]
      [GC Worker Other (ms): Min: 0.0, Avg: 0.0, Max: 0.1, Diff: 0.0, Sum: 0.5]
      [GC Worker Total (ms): Min: 11.9, Avg: 13.0, Max: 13.5, Diff: 1.6, Sum: 234.6]
      [GC Worker End (ms): Min: 511.1, Avg: 511.2, Max: 511.2, Diff: 0.0]
   [Code Root Fixup: 0.0 ms]
   [Code Root Purge: 0.0 ms]
   [Clear CT: 0.3 ms]
   [Other: 1.5 ms]
      [Choose CSet: 0.0 ms]
      [Ref Proc: 0.2 ms]
      [Ref Enq: 0.0 ms]
      [Redirty Cards: 0.3 ms]
      [Humongous Register: 0.1 ms]
      [Humongous Reclaim: 0.2 ms]
      [Free CSet: 0.4 ms]
   [Eden: 215.0M(215.0M)->0.0B(114.0M) Survivors: 12.0M->29.0M Heap: 392.4M(1024.0M)->191.3M(1024.0M)]
 [Times: user=0.09 sys=0.15, real=0.02 secs] 
0.559: [GC pause (G1 Evacuation Pause) (young), 0.0167853 secs]
   [Parallel Time: 15.3 ms, GC Workers: 18]
      [GC Worker Start (ms): Min: 559.3, Avg: 559.5, Max: 559.7, Diff: 0.4]
      [Ext Root Scanning (ms): Min: 0.0, Avg: 0.1, Max: 0.4, Diff: 0.4, Sum: 2.6]
      [Update RS (ms): Min: 0.3, Avg: 0.5, Max: 0.7, Diff: 0.4, Sum: 9.7]
         [Processed Buffers: Min: 1, Avg: 1.6, Max: 2, Diff: 1, Sum: 28]
      [Scan RS (ms): Min: 0.0, Avg: 0.0, Max: 0.1, Diff: 0.1, Sum: 0.5]
      [Code Root Scanning (ms): Min: 0.0, Avg: 0.0, Max: 0.0, Diff: 0.0, Sum: 0.0]
      [Object Copy (ms): Min: 13.5, Avg: 14.0, Max: 14.3, Diff: 0.7, Sum: 251.1]
      [Termination (ms): Min: 0.0, Avg: 0.3, Max: 0.4, Diff: 0.4, Sum: 4.5]
         [Termination Attempts: Min: 1, Avg: 1.1, Max: 2, Diff: 1, Sum: 19]
      [GC Worker Other (ms): Min: 0.0, Avg: 0.0, Max: 0.0, Diff: 0.0, Sum: 0.4]
      [GC Worker Total (ms): Min: 14.7, Avg: 14.9, Max: 15.2, Diff: 0.5, Sum: 268.7]
      [GC Worker End (ms): Min: 574.4, Avg: 574.5, Max: 574.5, Diff: 0.0]
   [Code Root Fixup: 0.0 ms]
   [Code Root Purge: 0.0 ms]
   [Clear CT: 0.2 ms]
   [Other: 1.3 ms]
      [Choose CSet: 0.0 ms]
      [Ref Proc: 0.3 ms]
      [Ref Enq: 0.0 ms]
      [Redirty Cards: 0.3 ms]
      [Humongous Register: 0.1 ms]
      [Humongous Reclaim: 0.1 ms]
      [Free CSet: 0.2 ms]
   [Eden: 114.0M(114.0M)->0.0B(191.0M) Survivors: 29.0M->18.0M Heap: 336.2M(1024.0M)->220.8M(1024.0M)]
 [Times: user=0.21 sys=0.07, real=0.01 secs] 
0.662: [GC pause (G1 Evacuation Pause) (young), 0.0184120 secs]
   [Parallel Time: 16.8 ms, GC Workers: 18]
      [GC Worker Start (ms): Min: 661.8, Avg: 662.0, Max: 662.2, Diff: 0.4]
      [Ext Root Scanning (ms): Min: 0.0, Avg: 0.2, Max: 0.4, Diff: 0.4, Sum: 3.4]
      [Update RS (ms): Min: 0.7, Avg: 0.8, Max: 0.9, Diff: 0.2, Sum: 14.6]
         [Processed Buffers: Min: 1, Avg: 2.3, Max: 3, Diff: 2, Sum: 42]
      [Scan RS (ms): Min: 0.0, Avg: 0.0, Max: 0.1, Diff: 0.1, Sum: 0.8]
      [Code Root Scanning (ms): Min: 0.0, Avg: 0.0, Max: 0.0, Diff: 0.0, Sum: 0.0]
      [Object Copy (ms): Min: 15.1, Avg: 15.3, Max: 15.5, Diff: 0.4, Sum: 274.9]
      [Termination (ms): Min: 0.0, Avg: 0.2, Max: 0.4, Diff: 0.4, Sum: 3.7]
         [Termination Attempts: Min: 1, Avg: 1.0, Max: 1, Diff: 0, Sum: 18]
      [GC Worker Other (ms): Min: 0.0, Avg: 0.0, Max: 0.0, Diff: 0.0, Sum: 0.4]
      [GC Worker Total (ms): Min: 16.3, Avg: 16.5, Max: 16.7, Diff: 0.4, Sum: 297.8]
      [GC Worker End (ms): Min: 678.5, Avg: 678.5, Max: 678.5, Diff: 0.0]
   [Code Root Fixup: 0.0 ms]
   [Code Root Purge: 0.0 ms]
   [Clear CT: 0.2 ms]
   [Other: 1.4 ms]
      [Choose CSet: 0.0 ms]
      [Ref Proc: 0.3 ms]
      [Ref Enq: 0.0 ms]
      [Redirty Cards: 0.3 ms]
      [Humongous Register: 0.1 ms]
      [Humongous Reclaim: 0.2 ms]
      [Free CSet: 0.4 ms]
   [Eden: 191.0M(191.0M)->0.0B(269.0M) Survivors: 18.0M->27.0M Heap: 460.4M(1024.0M)->281.8M(1024.0M)]
 [Times: user=0.20 sys=0.09, real=0.02 secs] 
0.820: [GC pause (G1 Evacuation Pause) (young), 0.0194677 secs]
   [Parallel Time: 17.3 ms, GC Workers: 18]
      [GC Worker Start (ms): Min: 820.0, Avg: 820.4, Max: 820.6, Diff: 0.6]
      [Ext Root Scanning (ms): Min: 0.0, Avg: 0.2, Max: 0.5, Diff: 0.5, Sum: 3.6]
      [Update RS (ms): Min: 0.8, Avg: 0.9, Max: 1.0, Diff: 0.2, Sum: 16.6]
         [Processed Buffers: Min: 1, Avg: 2.4, Max: 3, Diff: 2, Sum: 43]
      [Scan RS (ms): Min: 0.0, Avg: 0.0, Max: 0.1, Diff: 0.1, Sum: 0.7]
      [Code Root Scanning (ms): Min: 0.0, Avg: 0.0, Max: 0.0, Diff: 0.0, Sum: 0.0]
      [Object Copy (ms): Min: 15.1, Avg: 15.3, Max: 15.6, Diff: 0.5, Sum: 275.9]
      [Termination (ms): Min: 0.0, Avg: 0.2, Max: 0.4, Diff: 0.4, Sum: 3.9]
         [Termination Attempts: Min: 1, Avg: 2.8, Max: 3, Diff: 2, Sum: 51]
      [GC Worker Other (ms): Min: 0.0, Avg: 0.0, Max: 0.1, Diff: 0.1, Sum: 0.6]
      [GC Worker Total (ms): Min: 16.5, Avg: 16.7, Max: 17.1, Diff: 0.6, Sum: 301.3]
      [GC Worker End (ms): Min: 837.1, Avg: 837.1, Max: 837.2, Diff: 0.1]
   [Code Root Fixup: 0.0 ms]
   [Code Root Purge: 0.0 ms]
   [Clear CT: 0.3 ms]
   [Other: 1.9 ms]
      [Choose CSet: 0.0 ms]
      [Ref Proc: 0.3 ms]
      [Ref Enq: 0.0 ms]
      [Redirty Cards: 0.2 ms]
      [Humongous Register: 0.3 ms]
      [Humongous Reclaim: 0.3 ms]
      [Free CSet: 0.5 ms]
   [Eden: 269.0M(269.0M)->0.0B(274.0M) Survivors: 27.0M->37.0M Heap: 628.0M(1024.0M)->372.2M(1024.0M)]
 [Times: user=0.13 sys=0.17, real=0.02 secs] 
0.918: [GC pause (G1 Humongous Allocation) (young) (initial-mark), 0.0243200 secs]
   [Parallel Time: 22.3 ms, GC Workers: 18]
      [GC Worker Start (ms): Min: 918.8, Avg: 919.1, Max: 919.3, Diff: 0.5]
      [Ext Root Scanning (ms): Min: 0.0, Avg: 0.3, Max: 0.6, Diff: 0.6, Sum: 5.5]
      [Update RS (ms): Min: 0.5, Avg: 0.7, Max: 0.8, Diff: 0.3, Sum: 12.4]
         [Processed Buffers: Min: 1, Avg: 2.2, Max: 3, Diff: 2, Sum: 40]
      [Scan RS (ms): Min: 0.0, Avg: 0.1, Max: 0.1, Diff: 0.1, Sum: 1.0]
      [Code Root Scanning (ms): Min: 0.0, Avg: 0.0, Max: 0.0, Diff: 0.0, Sum: 0.0]
      [Object Copy (ms): Min: 20.4, Avg: 20.6, Max: 20.7, Diff: 0.4, Sum: 369.9]
      [Termination (ms): Min: 0.0, Avg: 0.2, Max: 0.4, Diff: 0.4, Sum: 3.6]
         [Termination Attempts: Min: 1, Avg: 1.1, Max: 2, Diff: 1, Sum: 19]
      [GC Worker Other (ms): Min: 0.0, Avg: 0.0, Max: 0.1, Diff: 0.1, Sum: 0.5]
      [GC Worker Total (ms): Min: 21.6, Avg: 21.8, Max: 22.1, Diff: 0.5, Sum: 392.9]
      [GC Worker End (ms): Min: 940.9, Avg: 940.9, Max: 941.0, Diff: 0.1]
   [Code Root Fixup: 0.0 ms]
   [Code Root Purge: 0.0 ms]
   [Clear CT: 0.3 ms]
   [Other: 1.8 ms]
      [Choose CSet: 0.0 ms]
      [Ref Proc: 0.3 ms]
      [Ref Enq: 0.0 ms]
      [Redirty Cards: 0.2 ms]
      [Humongous Register: 0.2 ms]
      [Humongous Reclaim: 0.2 ms]
      [Free CSet: 0.4 ms]
   [Eden: 196.0M(274.0M)->0.0B(351.0M) Survivors: 37.0M->39.0M Heap: 616.1M(1024.0M)->414.3M(1024.0M)]
 [Times: user=0.31 sys=0.08, real=0.02 secs] 
0.943: [GC concurrent-root-region-scan-start]
0.943: [GC concurrent-root-region-scan-end, 0.0002415 secs]
0.943: [GC concurrent-mark-start]
0.949: [GC concurrent-mark-end, 0.0058779 secs]
0.949: [GC remark 0.949: [Finalize Marking, 0.0017290 secs] 0.951: [GC ref-proc, 0.0004069 secs] 0.951: [Unloading, 0.0011606 secs], 0.0042358 secs]
 [Times: user=0.03 sys=0.01, real=0.00 secs] 
0.954: [GC cleanup 430M->415M(1024M), 0.0019713 secs]
 [Times: user=0.01 sys=0.00, real=0.00 secs] 
0.956: [GC concurrent-cleanup-start]
0.956: [GC concurrent-cleanup-end, 0.0000595 secs]
1.120: [GC pause (G1 Evacuation Pause) (young) (to-space exhausted), 0.0221277 secs]
   [Parallel Time: 18.4 ms, GC Workers: 18]
      [GC Worker Start (ms): Min: 1120.0, Avg: 1120.4, Max: 1120.6, Diff: 0.6]
      [Ext Root Scanning (ms): Min: 0.0, Avg: 0.2, Max: 0.5, Diff: 0.5, Sum: 2.8]
      [Update RS (ms): Min: 1.1, Avg: 1.2, Max: 1.3, Diff: 0.2, Sum: 21.9]
         [Processed Buffers: Min: 1, Avg: 3.3, Max: 5, Diff: 4, Sum: 59]
      [Scan RS (ms): Min: 0.0, Avg: 0.1, Max: 0.2, Diff: 0.2, Sum: 1.6]
      [Code Root Scanning (ms): Min: 0.0, Avg: 0.0, Max: 0.0, Diff: 0.0, Sum: 0.0]
      [Object Copy (ms): Min: 16.2, Avg: 16.2, Max: 16.3, Diff: 0.1, Sum: 292.3]
      [Termination (ms): Min: 0.0, Avg: 0.1, Max: 0.1, Diff: 0.1, Sum: 1.1]
         [Termination Attempts: Min: 1, Avg: 1.0, Max: 1, Diff: 0, Sum: 18]
      [GC Worker Other (ms): Min: 0.0, Avg: 0.0, Max: 0.1, Diff: 0.1, Sum: 0.6]
      [GC Worker Total (ms): Min: 17.5, Avg: 17.8, Max: 18.2, Diff: 0.7, Sum: 320.5]
      [GC Worker End (ms): Min: 1138.1, Avg: 1138.2, Max: 1138.2, Diff: 0.1]
   [Code Root Fixup: 0.0 ms]
   [Code Root Purge: 0.0 ms]
   [Clear CT: 0.4 ms]
   [Other: 3.3 ms]
      [Evacuation Failure: 1.8 ms]
      [Choose CSet: 0.0 ms]
      [Ref Proc: 0.3 ms]
      [Ref Enq: 0.0 ms]
      [Redirty Cards: 0.2 ms]
      [Humongous Register: 0.2 ms]
      [Humongous Reclaim: 0.3 ms]
      [Free CSet: 0.4 ms]
   [Eden: 351.0M(351.0M)->0.0B(3072.0K) Survivors: 39.0M->49.0M Heap: 830.1M(1024.0M)->591.5M(1024.0M)]
 [Times: user=0.16 sys=0.20, real=0.02 secs] 
1.143: [GC pause (G1 Evacuation Pause) (mixed), 0.0183862 secs]
   [Parallel Time: 17.0 ms, GC Workers: 18]
      [GC Worker Start (ms): Min: 1143.3, Avg: 1143.4, Max: 1143.6, Diff: 0.3]
      [Ext Root Scanning (ms): Min: 0.1, Avg: 0.2, Max: 0.3, Diff: 0.3, Sum: 3.6]
      [Update RS (ms): Min: 0.0, Avg: 0.1, Max: 0.4, Diff: 0.4, Sum: 2.4]
         [Processed Buffers: Min: 0, Avg: 1.8, Max: 5, Diff: 5, Sum: 32]
      [Scan RS (ms): Min: 0.0, Avg: 0.0, Max: 0.1, Diff: 0.1, Sum: 0.8]
      [Code Root Scanning (ms): Min: 0.0, Avg: 0.0, Max: 0.1, Diff: 0.1, Sum: 0.1]
      [Object Copy (ms): Min: 15.7, Avg: 16.0, Max: 16.3, Diff: 0.6, Sum: 288.0]
      [Termination (ms): Min: 0.0, Avg: 0.2, Max: 0.3, Diff: 0.3, Sum: 3.0]
         [Termination Attempts: Min: 1, Avg: 1.0, Max: 1, Diff: 0, Sum: 18]
      [GC Worker Other (ms): Min: 0.0, Avg: 0.0, Max: 0.0, Diff: 0.0, Sum: 0.3]
      [GC Worker Total (ms): Min: 16.4, Avg: 16.6, Max: 16.7, Diff: 0.3, Sum: 298.0]
      [GC Worker End (ms): Min: 1160.0, Avg: 1160.0, Max: 1160.0, Diff: 0.0]
   [Code Root Fixup: 0.0 ms]
   [Code Root Purge: 0.0 ms]
   [Clear CT: 0.2 ms]
   [Other: 1.2 ms]
      [Choose CSet: 0.1 ms]
      [Ref Proc: 0.3 ms]
      [Ref Enq: 0.0 ms]
      [Redirty Cards: 0.3 ms]
      [Humongous Register: 0.1 ms]
      [Humongous Reclaim: 0.0 ms]
      [Free CSet: 0.3 ms]
   [Eden: 3072.0K(3072.0K)->0.0B(264.0M) Survivors: 49.0M->1024.0K Heap: 595.3M(1024.0M)->523.3M(1024.0M)]
 [Times: user=0.23 sys=0.06, real=0.02 secs] 
1.162: [GC pause (G1 Humongous Allocation) (young) (initial-mark), 0.0023998 secs]
   [Parallel Time: 1.5 ms, GC Workers: 18]
      [GC Worker Start (ms): Min: 1162.2, Avg: 1162.3, Max: 1162.4, Diff: 0.2]
      [Ext Root Scanning (ms): Min: 0.1, Avg: 0.2, Max: 0.3, Diff: 0.2, Sum: 3.9]
      [Update RS (ms): Min: 0.1, Avg: 0.2, Max: 0.9, Diff: 0.8, Sum: 4.5]
         [Processed Buffers: Min: 1, Avg: 1.1, Max: 2, Diff: 1, Sum: 20]
      [Scan RS (ms): Min: 0.0, Avg: 0.0, Max: 0.0, Diff: 0.0, Sum: 0.1]
      [Code Root Scanning (ms): Min: 0.0, Avg: 0.0, Max: 0.0, Diff: 0.0, Sum: 0.0]
      [Object Copy (ms): Min: 0.0, Avg: 0.1, Max: 0.4, Diff: 0.4, Sum: 1.1]
      [Termination (ms): Min: 0.0, Avg: 0.6, Max: 0.8, Diff: 0.8, Sum: 10.3]
         [Termination Attempts: Min: 1, Avg: 1.6, Max: 4, Diff: 3, Sum: 29]
      [GC Worker Other (ms): Min: 0.0, Avg: 0.0, Max: 0.0, Diff: 0.0, Sum: 0.2]
      [GC Worker Total (ms): Min: 1.0, Avg: 1.1, Max: 1.2, Diff: 0.2, Sum: 20.0]
      [GC Worker End (ms): Min: 1163.4, Avg: 1163.4, Max: 1163.4, Diff: 0.0]
   [Code Root Fixup: 0.0 ms]
   [Code Root Purge: 0.0 ms]
   [Clear CT: 0.2 ms]
   [Other: 0.7 ms]
      [Choose CSet: 0.0 ms]
      [Ref Proc: 0.3 ms]
      [Ref Enq: 0.0 ms]
      [Redirty Cards: 0.2 ms]
      [Humongous Register: 0.0 ms]
      [Humongous Reclaim: 0.0 ms]
      [Free CSet: 0.0 ms]
   [Eden: 2048.0K(264.0M)->0.0B(268.0M) Survivors: 1024.0K->1024.0K Heap: 525.0M(1024.0M)->523.1M(1024.0M)]
 [Times: user=0.02 sys=0.01, real=0.00 secs] 
1.165: [GC concurrent-root-region-scan-start]
1.165: [GC concurrent-root-region-scan-end, 0.0001545 secs]
1.165: [GC concurrent-mark-start]
1.166: [GC concurrent-mark-end, 0.0016622 secs]
1.166: [GC remark 1.167: [Finalize Marking, 0.0003165 secs] 1.167: [GC ref-proc, 0.0004052 secs] 1.167: [Unloading, 0.0008985 secs], 0.0025858 secs]
 [Times: user=0.03 sys=0.00, real=0.01 secs] 
1.169: [GC cleanup 529M->526M(1024M), 0.0016621 secs]
 [Times: user=0.01 sys=0.00, real=0.00 secs] 
1.171: [GC concurrent-cleanup-start]
1.171: [GC concurrent-cleanup-end, 0.0000245 secs]
1.293: [GC pause (G1 Evacuation Pause) (young) (to-space exhausted), 0.0180981 secs]
   [Parallel Time: 15.8 ms, GC Workers: 18]
      [GC Worker Start (ms): Min: 1293.7, Avg: 1293.9, Max: 1294.1, Diff: 0.4]
      [Ext Root Scanning (ms): Min: 0.0, Avg: 0.1, Max: 0.3, Diff: 0.3, Sum: 1.6]
      [Update RS (ms): Min: 0.6, Avg: 0.8, Max: 1.1, Diff: 0.5, Sum: 15.1]
         [Processed Buffers: Min: 1, Avg: 2.6, Max: 3, Diff: 2, Sum: 46]
      [Scan RS (ms): Min: 0.0, Avg: 0.1, Max: 0.1, Diff: 0.1, Sum: 1.1]
      [Code Root Scanning (ms): Min: 0.0, Avg: 0.0, Max: 0.0, Diff: 0.0, Sum: 0.0]
      [Object Copy (ms): Min: 14.2, Avg: 14.3, Max: 14.4, Diff: 0.3, Sum: 257.5]
      [Termination (ms): Min: 0.0, Avg: 0.0, Max: 0.0, Diff: 0.0, Sum: 0.3]
         [Termination Attempts: Min: 1, Avg: 1.4, Max: 3, Diff: 2, Sum: 25]
      [GC Worker Other (ms): Min: 0.0, Avg: 0.1, Max: 0.1, Diff: 0.1, Sum: 1.1]
      [GC Worker Total (ms): Min: 15.1, Avg: 15.4, Max: 15.6, Diff: 0.5, Sum: 276.8]
      [GC Worker End (ms): Min: 1309.2, Avg: 1309.3, Max: 1309.3, Diff: 0.1]
   [Code Root Fixup: 0.0 ms]
   [Code Root Purge: 0.0 ms]
   [Clear CT: 0.4 ms]
   [Other: 1.9 ms]
      [Evacuation Failure: 0.3 ms]
      [Choose CSet: 0.0 ms]
      [Ref Proc: 0.3 ms]
      [Ref Enq: 0.0 ms]
      [Redirty Cards: 0.2 ms]
      [Humongous Register: 0.4 ms]
      [Humongous Reclaim: 0.3 ms]
      [Free CSet: 0.3 ms]
   [Eden: 268.0M(268.0M)->0.0B(17.0M) Survivors: 1024.0K->34.0M Heap: 861.8M(1024.0M)->661.7M(1024.0M)]
 [Times: user=0.24 sys=0.03, real=0.02 secs] 
1.323: [GC pause (G1 Evacuation Pause) (mixed), 0.0168794 secs]
   [Parallel Time: 15.3 ms, GC Workers: 18]
      [GC Worker Start (ms): Min: 1323.0, Avg: 1323.3, Max: 1323.4, Diff: 0.4]
      [Ext Root Scanning (ms): Min: 0.0, Avg: 0.1, Max: 0.4, Diff: 0.4, Sum: 2.4]
      [Update RS (ms): Min: 0.8, Avg: 1.0, Max: 1.0, Diff: 0.2, Sum: 17.2]
         [Processed Buffers: Min: 1, Avg: 3.0, Max: 5, Diff: 4, Sum: 54]
      [Scan RS (ms): Min: 0.0, Avg: 0.1, Max: 0.2, Diff: 0.2, Sum: 1.1]
      [Code Root Scanning (ms): Min: 0.0, Avg: 0.0, Max: 0.0, Diff: 0.0, Sum: 0.0]
      [Object Copy (ms): Min: 12.6, Avg: 12.8, Max: 13.6, Diff: 1.0, Sum: 231.0]
      [Termination (ms): Min: 0.0, Avg: 0.8, Max: 1.0, Diff: 1.0, Sum: 13.6]
         [Termination Attempts: Min: 1, Avg: 1.1, Max: 2, Diff: 1, Sum: 19]
      [GC Worker Other (ms): Min: 0.0, Avg: 0.0, Max: 0.0, Diff: 0.0, Sum: 0.2]
      [GC Worker Total (ms): Min: 14.6, Avg: 14.8, Max: 15.0, Diff: 0.4, Sum: 265.5]
      [GC Worker End (ms): Min: 1338.0, Avg: 1338.0, Max: 1338.0, Diff: 0.0]
   [Code Root Fixup: 0.0 ms]
   [Code Root Purge: 0.0 ms]
   [Clear CT: 0.2 ms]
   [Other: 1.4 ms]
      [Choose CSet: 0.1 ms]
      [Ref Proc: 0.3 ms]
      [Ref Enq: 0.0 ms]
      [Redirty Cards: 0.3 ms]
      [Humongous Register: 0.2 ms]
      [Humongous Reclaim: 0.1 ms]
      [Free CSet: 0.3 ms]
   [Eden: 17.0M(17.0M)->0.0B(47.0M) Survivors: 34.0M->4096.0K Heap: 685.8M(1024.0M)->574.5M(1024.0M)]
 [Times: user=0.09 sys=0.18, real=0.02 secs] 
1.363: [GC pause (G1 Evacuation Pause) (mixed), 0.0154461 secs]
   [Parallel Time: 13.8 ms, GC Workers: 18]
      [GC Worker Start (ms): Min: 1363.5, Avg: 1363.7, Max: 1363.9, Diff: 0.4]
      [Ext Root Scanning (ms): Min: 0.0, Avg: 0.2, Max: 0.4, Diff: 0.4, Sum: 2.8]
      [Update RS (ms): Min: 0.9, Avg: 1.0, Max: 1.0, Diff: 0.2, Sum: 17.9]
         [Processed Buffers: Min: 1, Avg: 2.9, Max: 4, Diff: 3, Sum: 53]
      [Scan RS (ms): Min: 0.0, Avg: 0.1, Max: 0.2, Diff: 0.1, Sum: 0.9]
      [Code Root Scanning (ms): Min: 0.0, Avg: 0.0, Max: 0.0, Diff: 0.0, Sum: 0.0]
      [Object Copy (ms): Min: 10.3, Avg: 10.8, Max: 12.1, Diff: 1.8, Sum: 194.0]
      [Termination (ms): Min: 0.0, Avg: 1.3, Max: 1.8, Diff: 1.8, Sum: 23.7]
         [Termination Attempts: Min: 1, Avg: 1.1, Max: 2, Diff: 1, Sum: 19]
      [GC Worker Other (ms): Min: 0.0, Avg: 0.0, Max: 0.0, Diff: 0.0, Sum: 0.3]
      [GC Worker Total (ms): Min: 13.1, Avg: 13.3, Max: 13.5, Diff: 0.4, Sum: 239.6]
      [GC Worker End (ms): Min: 1377.0, Avg: 1377.0, Max: 1377.0, Diff: 0.0]
   [Code Root Fixup: 0.0 ms]
   [Code Root Purge: 0.0 ms]
   [Clear CT: 0.2 ms]
   [Other: 1.4 ms]
      [Choose CSet: 0.1 ms]
      [Ref Proc: 0.3 ms]
      [Ref Enq: 0.0 ms]
      [Redirty Cards: 0.3 ms]
      [Humongous Register: 0.2 ms]
      [Humongous Reclaim: 0.1 ms]
      [Free CSet: 0.3 ms]
   [Eden: 47.0M(47.0M)->0.0B(269.0M) Survivors: 4096.0K->7168.0K Heap: 632.7M(1024.0M)->517.1M(1024.0M)]
 [Times: user=0.17 sys=0.07, real=0.02 secs] 
1.379: [GC pause (G1 Humongous Allocation) (young) (initial-mark), 0.0044653 secs]
   [Parallel Time: 3.3 ms, GC Workers: 18]
      [GC Worker Start (ms): Min: 1379.4, Avg: 1379.6, Max: 1379.8, Diff: 0.4]
      [Ext Root Scanning (ms): Min: 0.0, Avg: 0.2, Max: 0.4, Diff: 0.4, Sum: 3.2]
      [Update RS (ms): Min: 0.0, Avg: 0.4, Max: 1.9, Diff: 1.9, Sum: 7.1]
         [Processed Buffers: Min: 0, Avg: 1.1, Max: 3, Diff: 3, Sum: 19]
      [Scan RS (ms): Min: 0.0, Avg: 0.0, Max: 0.0, Diff: 0.0, Sum: 0.1]
      [Code Root Scanning (ms): Min: 0.0, Avg: 0.0, Max: 0.0, Diff: 0.0, Sum: 0.0]
      [Object Copy (ms): Min: 0.6, Avg: 1.9, Max: 2.6, Diff: 2.0, Sum: 34.2]
      [Termination (ms): Min: 0.0, Avg: 0.3, Max: 0.6, Diff: 0.6, Sum: 6.1]
         [Termination Attempts: Min: 1, Avg: 1.8, Max: 4, Diff: 3, Sum: 32]
      [GC Worker Other (ms): Min: 0.0, Avg: 0.0, Max: 0.0, Diff: 0.0, Sum: 0.3]
      [GC Worker Total (ms): Min: 2.7, Avg: 2.8, Max: 3.1, Diff: 0.4, Sum: 51.0]
      [GC Worker End (ms): Min: 1382.5, Avg: 1382.5, Max: 1382.5, Diff: 0.0]
   [Code Root Fixup: 0.0 ms]
   [Code Root Purge: 0.0 ms]
   [Clear CT: 0.2 ms]
   [Other: 1.0 ms]
      [Choose CSet: 0.0 ms]
      [Ref Proc: 0.3 ms]
      [Ref Enq: 0.0 ms]
      [Redirty Cards: 0.2 ms]
      [Humongous Register: 0.2 ms]
      [Humongous Reclaim: 0.0 ms]
      [Free CSet: 0.0 ms]
   [Eden: 1024.0K(269.0M)->0.0B(259.0M) Survivors: 7168.0K->9216.0K Heap: 517.8M(1024.0M)->518.2M(1024.0M)]
 [Times: user=0.05 sys=0.01, real=0.00 secs] 
1.384: [GC concurrent-root-region-scan-start]
1.384: [GC concurrent-root-region-scan-end, 0.0001494 secs]
1.384: [GC concurrent-mark-start]
1.388: [GC concurrent-mark-end, 0.0038399 secs]
1.388: [GC remark 1.388: [Finalize Marking, 0.0003145 secs] 1.388: [GC ref-proc, 0.0004076 secs] 1.389: [Unloading, 0.0009907 secs], 0.0028330 secs]
 [Times: user=0.02 sys=0.01, real=0.00 secs] 
1.391: [GC cleanup 530M->524M(1024M), 0.0017275 secs]
 [Times: user=0.01 sys=0.01, real=0.00 secs] 
1.392: [GC concurrent-cleanup-start]
1.393: [GC concurrent-cleanup-end, 0.0000309 secs]
1.492: [GC pause (G1 Evacuation Pause) (young), 0.0244999 secs]
   [Parallel Time: 22.5 ms, GC Workers: 18]
      [GC Worker Start (ms): Min: 1492.2, Avg: 1492.5, Max: 1492.7, Diff: 0.5]
      [Ext Root Scanning (ms): Min: 0.0, Avg: 0.2, Max: 0.4, Diff: 0.4, Sum: 2.7]
      [Update RS (ms): Min: 1.1, Avg: 1.3, Max: 1.5, Diff: 0.4, Sum: 22.8]
         [Processed Buffers: Min: 3, Avg: 3.6, Max: 4, Diff: 1, Sum: 65]
      [Scan RS (ms): Min: 0.0, Avg: 0.1, Max: 0.3, Diff: 0.3, Sum: 1.6]
      [Code Root Scanning (ms): Min: 0.0, Avg: 0.0, Max: 0.0, Diff: 0.0, Sum: 0.0]
      [Object Copy (ms): Min: 19.8, Avg: 20.2, Max: 20.5, Diff: 0.8, Sum: 363.8]
      [Termination (ms): Min: 0.0, Avg: 0.3, Max: 0.5, Diff: 0.5, Sum: 4.6]
         [Termination Attempts: Min: 1, Avg: 2.9, Max: 3, Diff: 2, Sum: 52]
      [GC Worker Other (ms): Min: 0.0, Avg: 0.0, Max: 0.1, Diff: 0.0, Sum: 0.6]
      [GC Worker Total (ms): Min: 21.8, Avg: 22.0, Max: 22.3, Diff: 0.5, Sum: 396.1]
      [GC Worker End (ms): Min: 1514.5, Avg: 1514.5, Max: 1514.5, Diff: 0.0]
   [Code Root Fixup: 0.0 ms]
   [Code Root Purge: 0.0 ms]
   [Clear CT: 0.3 ms]
   [Other: 1.7 ms]
      [Choose CSet: 0.0 ms]
      [Ref Proc: 0.3 ms]
      [Ref Enq: 0.0 ms]
      [Redirty Cards: 0.3 ms]
      [Humongous Register: 0.3 ms]
      [Humongous Reclaim: 0.3 ms]
      [Free CSet: 0.4 ms]
   [Eden: 259.0M(259.0M)->0.0B(17.0M) Survivors: 9216.0K->34.0M Heap: 835.7M(1024.0M)->581.2M(1024.0M)]
 [Times: user=0.37 sys=0.02, real=0.02 secs] 
1.522: [GC pause (G1 Evacuation Pause) (mixed), 0.0218487 secs]
   [Parallel Time: 20.2 ms, GC Workers: 18]
      [GC Worker Start (ms): Min: 1522.8, Avg: 1523.0, Max: 1523.2, Diff: 0.4]
      [Ext Root Scanning (ms): Min: 0.0, Avg: 0.1, Max: 0.4, Diff: 0.4, Sum: 2.6]
      [Update RS (ms): Min: 0.5, Avg: 0.7, Max: 0.8, Diff: 0.3, Sum: 11.7]
         [Processed Buffers: Min: 2, Avg: 2.7, Max: 6, Diff: 4, Sum: 49]
      [Scan RS (ms): Min: 0.0, Avg: 0.0, Max: 0.1, Diff: 0.1, Sum: 0.6]
      [Code Root Scanning (ms): Min: 0.0, Avg: 0.0, Max: 0.0, Diff: 0.0, Sum: 0.0]
      [Object Copy (ms): Min: 18.4, Avg: 18.5, Max: 18.9, Diff: 0.4, Sum: 333.9]
      [Termination (ms): Min: 0.0, Avg: 0.2, Max: 0.3, Diff: 0.3, Sum: 4.2]
         [Termination Attempts: Min: 1, Avg: 1.2, Max: 2, Diff: 1, Sum: 22]
      [GC Worker Other (ms): Min: 0.0, Avg: 0.0, Max: 0.1, Diff: 0.1, Sum: 0.8]
      [GC Worker Total (ms): Min: 19.5, Avg: 19.7, Max: 19.9, Diff: 0.4, Sum: 353.9]
      [GC Worker End (ms): Min: 1542.6, Avg: 1542.7, Max: 1542.7, Diff: 0.1]
   [Code Root Fixup: 0.0 ms]
   [Code Root Purge: 0.0 ms]
   [Clear CT: 0.2 ms]
   [Other: 1.4 ms]
      [Choose CSet: 0.1 ms]
      [Ref Proc: 0.3 ms]
      [Ref Enq: 0.0 ms]
      [Redirty Cards: 0.3 ms]
      [Humongous Register: 0.2 ms]
      [Humongous Reclaim: 0.0 ms]
      [Free CSet: 0.3 ms]
   [Eden: 17.0M(17.0M)->0.0B(44.0M) Survivors: 34.0M->7168.0K Heap: 601.9M(1024.0M)->499.0M(1024.0M)]
 [Times: user=0.15 sys=0.20, real=0.02 secs] 
1.564: [GC pause (G1 Evacuation Pause) (mixed), 0.0160497 secs]
   [Parallel Time: 12.6 ms, GC Workers: 18]
      [GC Worker Start (ms): Min: 1564.7, Avg: 1565.0, Max: 1565.2, Diff: 0.4]
      [Ext Root Scanning (ms): Min: 0.0, Avg: 0.1, Max: 0.4, Diff: 0.4, Sum: 2.5]
      [Update RS (ms): Min: 1.4, Avg: 1.5, Max: 1.5, Diff: 0.2, Sum: 26.4]
         [Processed Buffers: Min: 3, Avg: 4.3, Max: 5, Diff: 2, Sum: 77]
      [Scan RS (ms): Min: 0.0, Avg: 0.0, Max: 0.1, Diff: 0.1, Sum: 0.6]
      [Code Root Scanning (ms): Min: 0.0, Avg: 0.0, Max: 0.0, Diff: 0.0, Sum: 0.0]
      [Object Copy (ms): Min: 9.5, Avg: 9.9, Max: 10.5, Diff: 1.0, Sum: 177.3]
      [Termination (ms): Min: 0.0, Avg: 0.7, Max: 1.0, Diff: 1.0, Sum: 11.9]
         [Termination Attempts: Min: 1, Avg: 1.1, Max: 2, Diff: 1, Sum: 19]
      [GC Worker Other (ms): Min: 0.0, Avg: 0.0, Max: 0.0, Diff: 0.0, Sum: 0.2]
      [GC Worker Total (ms): Min: 12.0, Avg: 12.2, Max: 12.4, Diff: 0.4, Sum: 219.0]
      [GC Worker End (ms): Min: 1577.1, Avg: 1577.1, Max: 1577.1, Diff: 0.0]
   [Code Root Fixup: 0.0 ms]
   [Code Root Purge: 0.0 ms]
   [Clear CT: 0.7 ms]
   [Other: 2.7 ms]
      [Choose CSet: 0.0 ms]
      [Ref Proc: 0.7 ms]
      [Ref Enq: 0.0 ms]
      [Redirty Cards: 1.0 ms]
      [Humongous Register: 0.2 ms]
      [Humongous Reclaim: 0.1 ms]
      [Free CSet: 0.4 ms]
   [Eden: 44.0M(44.0M)->0.0B(303.0M) Survivors: 7168.0K->7168.0K Heap: 553.6M(1024.0M)->465.2M(1024.0M)]
 [Times: user=0.14 sys=0.08, real=0.02 secs] 
1.581: [GC pause (G1 Humongous Allocation) (young) (initial-mark), 0.0041707 secs]
   [Parallel Time: 2.9 ms, GC Workers: 18]
      [GC Worker Start (ms): Min: 1581.9, Avg: 1582.2, Max: 1582.4, Diff: 0.6]
      [Ext Root Scanning (ms): Min: 0.0, Avg: 0.4, Max: 0.7, Diff: 0.6, Sum: 6.6]
      [Update RS (ms): Min: 0.0, Avg: 0.2, Max: 0.8, Diff: 0.8, Sum: 4.5]
         [Processed Buffers: Min: 0, Avg: 1.1, Max: 2, Diff: 2, Sum: 19]
      [Scan RS (ms): Min: 0.0, Avg: 0.0, Max: 0.0, Diff: 0.0, Sum: 0.1]
      [Code Root Scanning (ms): Min: 0.0, Avg: 0.0, Max: 0.0, Diff: 0.0, Sum: 0.0]
      [Object Copy (ms): Min: 0.9, Avg: 1.5, Max: 1.9, Diff: 0.9, Sum: 27.0]
      [Termination (ms): Min: 0.0, Avg: 0.2, Max: 0.4, Diff: 0.4, Sum: 3.5]
         [Termination Attempts: Min: 1, Avg: 1.0, Max: 1, Diff: 0, Sum: 18]
      [GC Worker Other (ms): Min: 0.0, Avg: 0.0, Max: 0.0, Diff: 0.0, Sum: 0.3]
      [GC Worker Total (ms): Min: 2.1, Avg: 2.3, Max: 2.7, Diff: 0.6, Sum: 42.0]
      [GC Worker End (ms): Min: 1584.5, Avg: 1584.5, Max: 1584.5, Diff: 0.0]
   [Code Root Fixup: 0.0 ms]
   [Code Root Purge: 0.0 ms]
   [Clear CT: 0.3 ms]
   [Other: 1.0 ms]
      [Choose CSet: 0.0 ms]
      [Ref Proc: 0.3 ms]
      [Ref Enq: 0.0 ms]
      [Redirty Cards: 0.2 ms]
      [Humongous Register: 0.2 ms]
      [Humongous Reclaim: 0.0 ms]
      [Free CSet: 0.0 ms]
   [Eden: 2048.0K(303.0M)->0.0B(310.0M) Survivors: 7168.0K->8192.0K Heap: 467.0M(1024.0M)->465.7M(1024.0M)]
 [Times: user=0.04 sys=0.00, real=0.00 secs] 
1.586: [GC concurrent-root-region-scan-start]
1.586: [GC concurrent-root-region-scan-end, 0.0001474 secs]
1.586: [GC concurrent-mark-start]
1.588: [GC concurrent-mark-end, 0.0018436 secs]
1.588: [GC remark 1.588: [Finalize Marking, 0.0003714 secs] 1.588: [GC ref-proc, 0.0004037 secs] 1.589: [Unloading, 0.0009807 secs], 0.0027663 secs]
 [Times: user=0.02 sys=0.00, real=0.00 secs] 
1.591: [GC cleanup 472M->469M(1024M), 0.0018152 secs]
 [Times: user=0.01 sys=0.01, real=0.00 secs] 
1.593: [GC concurrent-cleanup-start]
1.593: [GC concurrent-cleanup-end, 0.0000274 secs]
1.721: [GC pause (G1 Evacuation Pause) (young) (to-space exhausted), 0.0198765 secs]
   [Parallel Time: 17.0 ms, GC Workers: 18]
      [GC Worker Start (ms): Min: 1722.0, Avg: 1722.3, Max: 1722.5, Diff: 0.5]
      [Ext Root Scanning (ms): Min: 0.0, Avg: 0.1, Max: 0.4, Diff: 0.4, Sum: 2.4]
      [Update RS (ms): Min: 1.4, Avg: 1.5, Max: 1.7, Diff: 0.2, Sum: 27.5]
         [Processed Buffers: Min: 2, Avg: 4.6, Max: 5, Diff: 3, Sum: 82]
      [Scan RS (ms): Min: 0.0, Avg: 0.1, Max: 0.1, Diff: 0.1, Sum: 0.9]
      [Code Root Scanning (ms): Min: 0.0, Avg: 0.0, Max: 0.0, Diff: 0.0, Sum: 0.0]
      [Object Copy (ms): Min: 14.6, Avg: 14.8, Max: 14.9, Diff: 0.3, Sum: 265.9]
      [Termination (ms): Min: 0.0, Avg: 0.2, Max: 0.2, Diff: 0.2, Sum: 3.2]
         [Termination Attempts: Min: 1, Avg: 1.1, Max: 2, Diff: 1, Sum: 19]
      [GC Worker Other (ms): Min: 0.0, Avg: 0.0, Max: 0.1, Diff: 0.0, Sum: 0.5]
      [GC Worker Total (ms): Min: 16.5, Avg: 16.7, Max: 16.9, Diff: 0.5, Sum: 300.4]
      [GC Worker End (ms): Min: 1738.9, Avg: 1739.0, Max: 1739.0, Diff: 0.0]
   [Code Root Fixup: 0.0 ms]
   [Code Root Purge: 0.0 ms]
   [Clear CT: 0.4 ms]
   [Other: 2.5 ms]
      [Evacuation Failure: 0.7 ms]
      [Choose CSet: 0.0 ms]
      [Ref Proc: 0.3 ms]
      [Ref Enq: 0.0 ms]
      [Redirty Cards: 0.2 ms]
      [Humongous Register: 0.6 ms]
      [Humongous Reclaim: 0.4 ms]
      [Free CSet: 0.3 ms]
   [Eden: 310.0M(310.0M)->0.0B(11.0M) Survivors: 8192.0K->40.0M Heap: 862.9M(1024.0M)->677.4M(1024.0M)]
 [Times: user=0.27 sys=0.03, real=0.02 secs] 
1.746: [GC pause (G1 Evacuation Pause) (mixed), 0.0280591 secs]
   [Parallel Time: 26.4 ms, GC Workers: 18]
      [GC Worker Start (ms): Min: 1746.2, Avg: 1746.4, Max: 1746.5, Diff: 0.4]
      [Ext Root Scanning (ms): Min: 0.0, Avg: 0.1, Max: 0.4, Diff: 0.4, Sum: 2.7]
      [Update RS (ms): Min: 0.5, Avg: 0.6, Max: 0.8, Diff: 0.4, Sum: 11.4]
         [Processed Buffers: Min: 2, Avg: 2.5, Max: 6, Diff: 4, Sum: 45]
      [Scan RS (ms): Min: 0.0, Avg: 0.1, Max: 0.2, Diff: 0.2, Sum: 1.2]
      [Code Root Scanning (ms): Min: 0.0, Avg: 0.0, Max: 0.0, Diff: 0.0, Sum: 0.0]
      [Object Copy (ms): Min: 22.2, Avg: 22.9, Max: 25.2, Diff: 2.9, Sum: 411.8]
      [Termination (ms): Min: 0.0, Avg: 2.3, Max: 2.8, Diff: 2.8, Sum: 42.1]
         [Termination Attempts: Min: 1, Avg: 1.1, Max: 2, Diff: 1, Sum: 19]
      [GC Worker Other (ms): Min: 0.0, Avg: 0.0, Max: 0.0, Diff: 0.0, Sum: 0.3]
      [GC Worker Total (ms): Min: 25.9, Avg: 26.1, Max: 26.3, Diff: 0.4, Sum: 469.6]
      [GC Worker End (ms): Min: 1772.5, Avg: 1772.5, Max: 1772.5, Diff: 0.0]
   [Code Root Fixup: 0.0 ms]
   [Code Root Purge: 0.0 ms]
   [Clear CT: 0.2 ms]
   [Other: 1.4 ms]
      [Choose CSet: 0.1 ms]
      [Ref Proc: 0.4 ms]
      [Ref Enq: 0.0 ms]
      [Redirty Cards: 0.3 ms]
      [Humongous Register: 0.2 ms]
      [Humongous Reclaim: 0.0 ms]
      [Free CSet: 0.3 ms]
   [Eden: 11.0M(11.0M)->0.0B(48.0M) Survivors: 40.0M->3072.0K Heap: 691.4M(1024.0M)->604.7M(1024.0M)]
 [Times: user=0.19 sys=0.28, real=0.03 secs] 
1.797: [GC pause (G1 Evacuation Pause) (mixed), 0.0120169 secs]
   [Parallel Time: 10.5 ms, GC Workers: 18]
      [GC Worker Start (ms): Min: 1797.0, Avg: 1797.1, Max: 1797.3, Diff: 0.3]
      [Ext Root Scanning (ms): Min: 0.0, Avg: 0.2, Max: 0.3, Diff: 0.3, Sum: 3.3]
      [Update RS (ms): Min: 1.6, Avg: 1.7, Max: 1.9, Diff: 0.3, Sum: 31.4]
         [Processed Buffers: Min: 4, Avg: 5.1, Max: 6, Diff: 2, Sum: 91]
      [Scan RS (ms): Min: 0.0, Avg: 0.0, Max: 0.1, Diff: 0.1, Sum: 0.4]
      [Code Root Scanning (ms): Min: 0.0, Avg: 0.0, Max: 0.0, Diff: 0.0, Sum: 0.0]
      [Object Copy (ms): Min: 5.7, Avg: 6.5, Max: 8.1, Diff: 2.4, Sum: 117.2]
      [Termination (ms): Min: 0.0, Avg: 1.6, Max: 2.3, Diff: 2.3, Sum: 29.5]
         [Termination Attempts: Min: 1, Avg: 1.2, Max: 4, Diff: 3, Sum: 21]
      [GC Worker Other (ms): Min: 0.0, Avg: 0.0, Max: 0.0, Diff: 0.0, Sum: 0.3]
      [GC Worker Total (ms): Min: 9.9, Avg: 10.1, Max: 10.3, Diff: 0.3, Sum: 182.1]
      [GC Worker End (ms): Min: 1807.2, Avg: 1807.2, Max: 1807.2, Diff: 0.0]
   [Code Root Fixup: 0.0 ms]
   [Code Root Purge: 0.0 ms]
   [Clear CT: 0.2 ms]
   [Other: 1.3 ms]
      [Choose CSet: 0.0 ms]
      [Ref Proc: 0.4 ms]
      [Ref Enq: 0.0 ms]
      [Redirty Cards: 0.3 ms]
      [Humongous Register: 0.2 ms]
      [Humongous Reclaim: 0.1 ms]
      [Free CSet: 0.1 ms]
   [Eden: 48.0M(48.0M)->0.0B(191.0M) Survivors: 3072.0K->7168.0K Heap: 665.9M(1024.0M)->612.8M(1024.0M)]
 [Times: user=0.11 sys=0.07, real=0.02 secs] 
1.809: [GC pause (G1 Humongous Allocation) (young) (initial-mark), 0.0037953 secs]
   [Parallel Time: 2.7 ms, GC Workers: 18]
      [GC Worker Start (ms): Min: 1809.7, Avg: 1809.9, Max: 1810.1, Diff: 0.4]
      [Ext Root Scanning (ms): Min: 0.0, Avg: 0.2, Max: 0.4, Diff: 0.4, Sum: 4.1]
      [Update RS (ms): Min: 0.0, Avg: 0.2, Max: 1.2, Diff: 1.2, Sum: 3.6]
         [Processed Buffers: Min: 0, Avg: 0.8, Max: 3, Diff: 3, Sum: 15]
      [Scan RS (ms): Min: 0.0, Avg: 0.0, Max: 0.0, Diff: 0.0, Sum: 0.1]
      [Code Root Scanning (ms): Min: 0.0, Avg: 0.0, Max: 0.0, Diff: 0.0, Sum: 0.0]
      [Object Copy (ms): Min: 0.5, Avg: 1.4, Max: 2.0, Diff: 1.4, Sum: 24.3]
      [Termination (ms): Min: 0.0, Avg: 0.5, Max: 0.9, Diff: 0.9, Sum: 8.5]
         [Termination Attempts: Min: 1, Avg: 1.7, Max: 3, Diff: 2, Sum: 30]
      [GC Worker Other (ms): Min: 0.0, Avg: 0.0, Max: 0.0, Diff: 0.0, Sum: 0.3]
      [GC Worker Total (ms): Min: 2.1, Avg: 2.3, Max: 2.5, Diff: 0.4, Sum: 40.9]
      [GC Worker End (ms): Min: 1812.2, Avg: 1812.2, Max: 1812.2, Diff: 0.0]
   [Code Root Fixup: 0.0 ms]
   [Code Root Purge: 0.0 ms]
   [Clear CT: 0.2 ms]
   [Other: 0.8 ms]
      [Choose CSet: 0.0 ms]
      [Ref Proc: 0.2 ms]
      [Ref Enq: 0.0 ms]
      [Redirty Cards: 0.2 ms]
      [Humongous Register: 0.2 ms]
      [Humongous Reclaim: 0.0 ms]
      [Free CSet: 0.0 ms]
   [Eden: 1024.0K(191.0M)->0.0B(201.0M) Survivors: 7168.0K->7168.0K Heap: 613.6M(1024.0M)->612.6M(1024.0M)]
 [Times: user=0.04 sys=0.00, real=0.00 secs] 
1.813: [GC concurrent-root-region-scan-start]
1.813: [GC concurrent-root-region-scan-end, 0.0001404 secs]
1.813: [GC concurrent-mark-start]
1.817: [GC concurrent-mark-end, 0.0032695 secs]
1.817: [GC remark 1.817: [Finalize Marking, 0.0003297 secs] 1.817: [GC ref-proc, 0.0004068 secs] 1.818: [Unloading, 0.0010429 secs], 0.0028124 secs]
 [Times: user=0.01 sys=0.01, real=0.01 secs] 
1.820: [GC cleanup 623M->606M(1024M), 0.0019894 secs]
 [Times: user=0.02 sys=0.00, real=0.00 secs] 
1.822: [GC concurrent-cleanup-start]
1.822: [GC concurrent-cleanup-end, 0.0000601 secs]
1.904: [GC pause (G1 Evacuation Pause) (young), 0.0224045 secs]
   [Parallel Time: 20.6 ms, GC Workers: 18]
      [GC Worker Start (ms): Min: 1904.7, Avg: 1904.9, Max: 1905.1, Diff: 0.4]
      [Ext Root Scanning (ms): Min: 0.0, Avg: 0.2, Max: 0.4, Diff: 0.4, Sum: 3.1]
      [Update RS (ms): Min: 1.5, Avg: 1.8, Max: 1.9, Diff: 0.4, Sum: 32.1]
         [Processed Buffers: Min: 2, Avg: 4.9, Max: 6, Diff: 4, Sum: 89]
      [Scan RS (ms): Min: 0.0, Avg: 0.0, Max: 0.1, Diff: 0.1, Sum: 0.8]
      [Code Root Scanning (ms): Min: 0.0, Avg: 0.0, Max: 0.0, Diff: 0.0, Sum: 0.0]
      [Object Copy (ms): Min: 16.3, Avg: 16.9, Max: 18.0, Diff: 1.7, Sum: 304.4]
      [Termination (ms): Min: 0.0, Avg: 1.1, Max: 1.6, Diff: 1.6, Sum: 19.8]
         [Termination Attempts: Min: 1, Avg: 1.0, Max: 1, Diff: 0, Sum: 18]
      [GC Worker Other (ms): Min: 0.0, Avg: 0.0, Max: 0.1, Diff: 0.0, Sum: 0.5]
      [GC Worker Total (ms): Min: 19.8, Avg: 20.0, Max: 20.3, Diff: 0.4, Sum: 360.6]
      [GC Worker End (ms): Min: 1924.9, Avg: 1924.9, Max: 1925.0, Diff: 0.0]
   [Code Root Fixup: 0.0 ms]
   [Code Root Purge: 0.0 ms]
   [Clear CT: 0.3 ms]
   [Other: 1.6 ms]
      [Choose CSet: 0.0 ms]
      [Ref Proc: 0.3 ms]
      [Ref Enq: 0.0 ms]
      [Redirty Cards: 0.2 ms]
      [Humongous Register: 0.4 ms]
      [Humongous Reclaim: 0.2 ms]
      [Free CSet: 0.3 ms]
   [Eden: 201.0M(201.0M)->0.0B(25.0M) Survivors: 7168.0K->26.0M Heap: 843.1M(1024.0M)->648.5M(1024.0M)]
 [Times: user=0.21 sys=0.15, real=0.02 secs] 
1.937: [GC pause (G1 Evacuation Pause) (mixed), 0.0164216 secs]
   [Parallel Time: 14.7 ms, GC Workers: 18]
      [GC Worker Start (ms): Min: 1937.5, Avg: 1937.8, Max: 1937.9, Diff: 0.4]
      [Ext Root Scanning (ms): Min: 0.0, Avg: 0.1, Max: 0.4, Diff: 0.4, Sum: 2.6]
      [Update RS (ms): Min: 0.8, Avg: 1.1, Max: 1.2, Diff: 0.5, Sum: 19.0]
         [Processed Buffers: Min: 2, Avg: 3.6, Max: 5, Diff: 3, Sum: 65]
      [Scan RS (ms): Min: 0.0, Avg: 0.0, Max: 0.1, Diff: 0.1, Sum: 0.8]
      [Code Root Scanning (ms): Min: 0.0, Avg: 0.0, Max: 0.0, Diff: 0.0, Sum: 0.0]
      [Object Copy (ms): Min: 11.2, Avg: 11.7, Max: 12.9, Diff: 1.7, Sum: 210.5]
      [Termination (ms): Min: 0.0, Avg: 1.3, Max: 1.7, Diff: 1.7, Sum: 22.8]
         [Termination Attempts: Min: 1, Avg: 1.1, Max: 2, Diff: 1, Sum: 20]
      [GC Worker Other (ms): Min: 0.0, Avg: 0.0, Max: 0.0, Diff: 0.0, Sum: 0.3]
      [GC Worker Total (ms): Min: 14.1, Avg: 14.2, Max: 14.5, Diff: 0.4, Sum: 256.0]
      [GC Worker End (ms): Min: 1952.0, Avg: 1952.0, Max: 1952.0, Diff: 0.0]
   [Code Root Fixup: 0.0 ms]
   [Code Root Purge: 0.0 ms]
   [Clear CT: 0.2 ms]
   [Other: 1.5 ms]
      [Choose CSet: 0.1 ms]
      [Ref Proc: 0.3 ms]
      [Ref Enq: 0.0 ms]
      [Redirty Cards: 0.3 ms]
      [Humongous Register: 0.2 ms]
      [Humongous Reclaim: 0.1 ms]
      [Free CSet: 0.3 ms]
   [Eden: 25.0M(25.0M)->0.0B(44.0M) Survivors: 26.0M->7168.0K Heap: 679.4M(1024.0M)->557.7M(1024.0M)]
 [Times: user=0.14 sys=0.12, real=0.02 secs] 
1.970: [GC pause (G1 Evacuation Pause) (mixed), 0.0184720 secs]
   [Parallel Time: 16.8 ms, GC Workers: 18]
      [GC Worker Start (ms): Min: 1970.3, Avg: 1970.5, Max: 1970.7, Diff: 0.4]
      [Ext Root Scanning (ms): Min: 0.0, Avg: 0.2, Max: 0.4, Diff: 0.4, Sum: 3.1]
      [Update RS (ms): Min: 1.0, Avg: 1.1, Max: 1.2, Diff: 0.2, Sum: 19.3]
         [Processed Buffers: Min: 3, Avg: 3.9, Max: 5, Diff: 2, Sum: 70]
      [Scan RS (ms): Min: 0.0, Avg: 0.0, Max: 0.1, Diff: 0.1, Sum: 0.8]
      [Code Root Scanning (ms): Min: 0.0, Avg: 0.0, Max: 0.0, Diff: 0.0, Sum: 0.0]
      [Object Copy (ms): Min: 13.5, Avg: 13.9, Max: 15.0, Diff: 1.4, Sum: 249.4]
      [Termination (ms): Min: 0.0, Avg: 1.2, Max: 1.5, Diff: 1.5, Sum: 20.9]
         [Termination Attempts: Min: 1, Avg: 1.0, Max: 1, Diff: 0, Sum: 18]
      [GC Worker Other (ms): Min: 0.0, Avg: 0.0, Max: 0.0, Diff: 0.0, Sum: 0.3]
      [GC Worker Total (ms): Min: 16.1, Avg: 16.3, Max: 16.5, Diff: 0.4, Sum: 293.8]
      [GC Worker End (ms): Min: 1986.9, Avg: 1986.9, Max: 1986.9, Diff: 0.0]
   [Code Root Fixup: 0.0 ms]
   [Code Root Purge: 0.0 ms]
   [Clear CT: 0.2 ms]
   [Other: 1.4 ms]
      [Choose CSet: 0.1 ms]
      [Ref Proc: 0.3 ms]
      [Ref Enq: 0.0 ms]
      [Redirty Cards: 0.3 ms]
      [Humongous Register: 0.2 ms]
      [Humongous Reclaim: 0.1 ms]
      [Free CSet: 0.3 ms]
   [Eden: 44.0M(44.0M)->0.0B(44.0M) Survivors: 7168.0K->7168.0K Heap: 608.1M(1024.0M)->493.4M(1024.0M)]
 [Times: user=0.14 sys=0.15, real=0.02 secs] 
2.008: [GC pause (G1 Evacuation Pause) (mixed), 0.0178847 secs]
   [Parallel Time: 16.3 ms, GC Workers: 18]
      [GC Worker Start (ms): Min: 2007.9, Avg: 2008.2, Max: 2008.4, Diff: 0.5]
      [Ext Root Scanning (ms): Min: 0.0, Avg: 0.1, Max: 0.4, Diff: 0.4, Sum: 2.3]
      [Update RS (ms): Min: 1.8, Avg: 2.0, Max: 2.2, Diff: 0.4, Sum: 36.7]
         [Processed Buffers: Min: 4, Avg: 5.8, Max: 7, Diff: 3, Sum: 104]
      [Scan RS (ms): Min: 0.0, Avg: 0.0, Max: 0.1, Diff: 0.1, Sum: 0.6]
      [Code Root Scanning (ms): Min: 0.0, Avg: 0.0, Max: 0.0, Diff: 0.0, Sum: 0.0]
      [Object Copy (ms): Min: 12.3, Avg: 12.9, Max: 13.6, Diff: 1.3, Sum: 232.8]
      [Termination (ms): Min: 0.0, Avg: 0.6, Max: 1.1, Diff: 1.1, Sum: 11.2]
         [Termination Attempts: Min: 1, Avg: 1.0, Max: 1, Diff: 0, Sum: 18]
      [GC Worker Other (ms): Min: 0.0, Avg: 0.0, Max: 0.0, Diff: 0.0, Sum: 0.3]
      [GC Worker Total (ms): Min: 15.6, Avg: 15.8, Max: 16.0, Diff: 0.5, Sum: 283.8]
      [GC Worker End (ms): Min: 2024.0, Avg: 2024.0, Max: 2024.0, Diff: 0.0]
   [Code Root Fixup: 0.0 ms]
   [Code Root Purge: 0.0 ms]
   [Clear CT: 0.2 ms]
   [Other: 1.3 ms]
      [Choose CSet: 0.0 ms]
      [Ref Proc: 0.3 ms]
      [Ref Enq: 0.0 ms]
      [Redirty Cards: 0.3 ms]
      [Humongous Register: 0.2 ms]
      [Humongous Reclaim: 0.1 ms]
      [Free CSet: 0.2 ms]
   [Eden: 44.0M(44.0M)->0.0B(315.0M) Survivors: 7168.0K->7168.0K Heap: 552.9M(1024.0M)->472.7M(1024.0M)]
 [Times: user=0.15 sys=0.14, real=0.01 secs] 
2.026: [GC pause (G1 Humongous Allocation) (young) (initial-mark), 0.0037423 secs]
   [Parallel Time: 2.7 ms, GC Workers: 18]
      [GC Worker Start (ms): Min: 2026.1, Avg: 2026.3, Max: 2026.5, Diff: 0.4]
      [Ext Root Scanning (ms): Min: 0.0, Avg: 0.2, Max: 0.5, Diff: 0.5, Sum: 4.3]
      [Update RS (ms): Min: 0.0, Avg: 0.1, Max: 0.6, Diff: 0.6, Sum: 2.4]
         [Processed Buffers: Min: 0, Avg: 1.1, Max: 4, Diff: 4, Sum: 19]
      [Scan RS (ms): Min: 0.0, Avg: 0.0, Max: 0.0, Diff: 0.0, Sum: 0.1]
      [Code Root Scanning (ms): Min: 0.0, Avg: 0.0, Max: 0.0, Diff: 0.0, Sum: 0.0]
      [Object Copy (ms): Min: 0.8, Avg: 1.5, Max: 1.9, Diff: 1.1, Sum: 26.8]
      [Termination (ms): Min: 0.0, Avg: 0.4, Max: 0.6, Diff: 0.6, Sum: 6.6]
         [Termination Attempts: Min: 1, Avg: 1.0, Max: 1, Diff: 0, Sum: 18]
      [GC Worker Other (ms): Min: 0.0, Avg: 0.0, Max: 0.0, Diff: 0.0, Sum: 0.2]
      [GC Worker Total (ms): Min: 2.1, Avg: 2.2, Max: 2.5, Diff: 0.4, Sum: 40.4]
      [GC Worker End (ms): Min: 2028.6, Avg: 2028.6, Max: 2028.6, Diff: 0.1]
   [Code Root Fixup: 0.0 ms]
   [Code Root Purge: 0.0 ms]
   [Clear CT: 0.2 ms]
   [Other: 0.9 ms]
      [Choose CSet: 0.0 ms]
      [Ref Proc: 0.3 ms]
      [Ref Enq: 0.0 ms]
      [Redirty Cards: 0.2 ms]
      [Humongous Register: 0.1 ms]
      [Humongous Reclaim: 0.0 ms]
      [Free CSet: 0.0 ms]
   [Eden: 1024.0K(315.0M)->0.0B(328.0M) Survivors: 7168.0K->8192.0K Heap: 473.1M(1024.0M)->473.3M(1024.0M)]
 [Times: user=0.04 sys=0.00, real=0.01 secs] 
2.030: [GC concurrent-root-region-scan-start]
2.030: [GC concurrent-root-region-scan-end, 0.0001833 secs]
2.030: [GC concurrent-mark-start]
2.032: [GC concurrent-mark-end, 0.0018793 secs]
2.032: [GC remark 2.032: [Finalize Marking, 0.0004157 secs] 2.032: [GC ref-proc, 0.0004114 secs] 2.033: [Unloading, 0.0010123 secs], 0.0028696 secs]
 [Times: user=0.02 sys=0.00, real=0.00 secs] 
2.035: [GC cleanup 480M->477M(1024M), 0.0017744 secs]
 [Times: user=0.02 sys=0.00, real=0.00 secs] 
2.037: [GC concurrent-cleanup-start]
2.037: [GC concurrent-cleanup-end, 0.0000238 secs]
2.164: [GC pause (G1 Evacuation Pause) (young) (to-space exhausted), 0.0178286 secs]
   [Parallel Time: 15.0 ms, GC Workers: 18]
      [GC Worker Start (ms): Min: 2164.1, Avg: 2164.5, Max: 2164.8, Diff: 0.7]
      [Ext Root Scanning (ms): Min: 0.0, Avg: 0.2, Max: 0.6, Diff: 0.6, Sum: 3.7]
      [Update RS (ms): Min: 2.5, Avg: 2.7, Max: 2.8, Diff: 0.2, Sum: 48.0]
         [Processed Buffers: Min: 4, Avg: 5.8, Max: 7, Diff: 3, Sum: 104]
      [Scan RS (ms): Min: 0.0, Avg: 0.1, Max: 0.2, Diff: 0.1, Sum: 1.2]
      [Code Root Scanning (ms): Min: 0.0, Avg: 0.0, Max: 0.0, Diff: 0.0, Sum: 0.0]
      [Object Copy (ms): Min: 10.8, Avg: 11.0, Max: 11.4, Diff: 0.6, Sum: 197.9]
      [Termination (ms): Min: 0.0, Avg: 0.4, Max: 0.5, Diff: 0.5, Sum: 7.2]
         [Termination Attempts: Min: 1, Avg: 1.3, Max: 2, Diff: 1, Sum: 23]
      [GC Worker Other (ms): Min: 0.0, Avg: 0.0, Max: 0.1, Diff: 0.1, Sum: 0.7]
      [GC Worker Total (ms): Min: 14.1, Avg: 14.4, Max: 14.8, Diff: 0.6, Sum: 258.7]
      [GC Worker End (ms): Min: 2178.8, Avg: 2178.9, Max: 2178.9, Diff: 0.1]
   [Code Root Fixup: 0.0 ms]
   [Code Root Purge: 0.0 ms]
   [Clear CT: 0.4 ms]
   [Other: 2.5 ms]
      [Evacuation Failure: 0.9 ms]
      [Choose CSet: 0.0 ms]
      [Ref Proc: 0.3 ms]
      [Ref Enq: 0.0 ms]
      [Redirty Cards: 0.2 ms]
      [Humongous Register: 0.4 ms]
      [Humongous Reclaim: 0.4 ms]
      [Free CSet: 0.2 ms]
   [Eden: 328.0M(328.0M)->0.0B(22.0M) Survivors: 8192.0K->29.0M Heap: 884.8M(1024.0M)->748.8M(1024.0M)]
 [Times: user=0.24 sys=0.02, real=0.02 secs] 
2.190: [GC pause (G1 Evacuation Pause) (mixed), 0.0212428 secs]
   [Parallel Time: 19.5 ms, GC Workers: 18]
      [GC Worker Start (ms): Min: 2190.1, Avg: 2190.4, Max: 2190.6, Diff: 0.5]
      [Ext Root Scanning (ms): Min: 0.0, Avg: 0.1, Max: 0.3, Diff: 0.3, Sum: 1.6]
      [Update RS (ms): Min: 0.6, Avg: 0.7, Max: 0.9, Diff: 0.3, Sum: 12.9]
         [Processed Buffers: Min: 2, Avg: 3.1, Max: 7, Diff: 5, Sum: 56]
      [Scan RS (ms): Min: 0.0, Avg: 0.1, Max: 0.2, Diff: 0.2, Sum: 1.6]
      [Code Root Scanning (ms): Min: 0.0, Avg: 0.0, Max: 0.1, Diff: 0.1, Sum: 0.1]
      [Object Copy (ms): Min: 16.4, Avg: 17.0, Max: 18.1, Diff: 1.7, Sum: 306.6]
      [Termination (ms): Min: 0.0, Avg: 1.0, Max: 1.6, Diff: 1.6, Sum: 18.9]
         [Termination Attempts: Min: 1, Avg: 1.0, Max: 1, Diff: 0, Sum: 18]
      [GC Worker Other (ms): Min: 0.0, Avg: 0.0, Max: 0.0, Diff: 0.0, Sum: 0.2]
      [GC Worker Total (ms): Min: 18.8, Avg: 19.0, Max: 19.3, Diff: 0.5, Sum: 341.9]
      [GC Worker End (ms): Min: 2209.3, Avg: 2209.4, Max: 2209.4, Diff: 0.0]
   [Code Root Fixup: 0.0 ms]
   [Code Root Purge: 0.0 ms]
   [Clear CT: 0.3 ms]
   [Other: 1.4 ms]
      [Choose CSet: 0.1 ms]
      [Ref Proc: 0.3 ms]
      [Ref Enq: 0.0 ms]
      [Redirty Cards: 0.3 ms]
      [Humongous Register: 0.3 ms]
      [Humongous Reclaim: 0.1 ms]
      [Free CSet: 0.3 ms]
   [Eden: 22.0M(22.0M)->0.0B(44.0M) Survivors: 29.0M->7168.0K Heap: 775.6M(1024.0M)->680.9M(1024.0M)]
 [Times: user=0.18 sys=0.17, real=0.02 secs] 
2.233: [GC pause (G1 Evacuation Pause) (mixed), 0.0120817 secs]
   [Parallel Time: 10.7 ms, GC Workers: 18]
      [GC Worker Start (ms): Min: 2233.2, Avg: 2233.4, Max: 2233.5, Diff: 0.3]
      [Ext Root Scanning (ms): Min: 0.1, Avg: 0.2, Max: 0.4, Diff: 0.3, Sum: 3.4]
      [Update RS (ms): Min: 1.9, Avg: 2.1, Max: 2.4, Diff: 0.5, Sum: 38.6]
         [Processed Buffers: Min: 5, Avg: 6.4, Max: 8, Diff: 3, Sum: 115]
      [Scan RS (ms): Min: 0.0, Avg: 0.0, Max: 0.1, Diff: 0.0, Sum: 0.3]
      [Code Root Scanning (ms): Min: 0.0, Avg: 0.0, Max: 0.0, Diff: 0.0, Sum: 0.0]
      [Object Copy (ms): Min: 5.8, Avg: 6.8, Max: 8.0, Diff: 2.2, Sum: 122.4]
      [Termination (ms): Min: 0.0, Avg: 1.2, Max: 2.0, Diff: 2.0, Sum: 21.5]
         [Termination Attempts: Min: 1, Avg: 1.2, Max: 2, Diff: 1, Sum: 21]
      [GC Worker Other (ms): Min: 0.0, Avg: 0.0, Max: 0.0, Diff: 0.0, Sum: 0.3]
      [GC Worker Total (ms): Min: 10.2, Avg: 10.4, Max: 10.5, Diff: 0.3, Sum: 186.4]
      [GC Worker End (ms): Min: 2243.8, Avg: 2243.8, Max: 2243.8, Diff: 0.0]
   [Code Root Fixup: 0.0 ms]
   [Code Root Purge: 0.0 ms]
   [Clear CT: 0.2 ms]
   [Other: 1.1 ms]
      [Choose CSet: 0.0 ms]
      [Ref Proc: 0.3 ms]
      [Ref Enq: 0.0 ms]
      [Redirty Cards: 0.3 ms]
      [Humongous Register: 0.2 ms]
      [Humongous Reclaim: 0.1 ms]
      [Free CSet: 0.1 ms]
   [Eden: 44.0M(44.0M)->0.0B(138.0M) Survivors: 7168.0K->7168.0K Heap: 736.8M(1024.0M)->690.0M(1024.0M)]
 [Times: user=0.15 sys=0.04, real=0.01 secs] 
2.246: [GC pause (G1 Humongous Allocation) (young) (initial-mark), 0.0036636 secs]
   [Parallel Time: 2.6 ms, GC Workers: 18]
      [GC Worker Start (ms): Min: 2246.5, Avg: 2246.7, Max: 2246.8, Diff: 0.3]
      [Ext Root Scanning (ms): Min: 0.0, Avg: 0.2, Max: 0.4, Diff: 0.4, Sum: 3.5]
      [Update RS (ms): Min: 0.0, Avg: 0.3, Max: 1.7, Diff: 1.7, Sum: 6.2]
         [Processed Buffers: Min: 0, Avg: 0.9, Max: 2, Diff: 2, Sum: 17]
      [Scan RS (ms): Min: 0.0, Avg: 0.0, Max: 0.0, Diff: 0.0, Sum: 0.1]
      [Code Root Scanning (ms): Min: 0.0, Avg: 0.0, Max: 0.0, Diff: 0.0, Sum: 0.0]
      [Object Copy (ms): Min: 0.0, Avg: 1.2, Max: 1.8, Diff: 1.8, Sum: 22.5]
      [Termination (ms): Min: 0.1, Avg: 0.4, Max: 0.7, Diff: 0.5, Sum: 6.7]
         [Termination Attempts: Min: 1, Avg: 2.0, Max: 4, Diff: 3, Sum: 36]
      [GC Worker Other (ms): Min: 0.0, Avg: 0.0, Max: 0.0, Diff: 0.0, Sum: 0.2]
      [GC Worker Total (ms): Min: 2.0, Avg: 2.2, Max: 2.4, Diff: 0.3, Sum: 39.2]
      [GC Worker End (ms): Min: 2248.8, Avg: 2248.8, Max: 2248.9, Diff: 0.0]
   [Code Root Fixup: 0.0 ms]
   [Code Root Purge: 0.0 ms]
   [Clear CT: 0.2 ms]
   [Other: 0.9 ms]
      [Choose CSet: 0.0 ms]
      [Ref Proc: 0.3 ms]
      [Ref Enq: 0.0 ms]
      [Redirty Cards: 0.2 ms]
      [Humongous Register: 0.2 ms]
      [Humongous Reclaim: 0.0 ms]
      [Free CSet: 0.0 ms]
   [Eden: 3072.0K(138.0M)->0.0B(143.0M) Survivors: 7168.0K->8192.0K Heap: 692.4M(1024.0M)->690.4M(1024.0M)]
 [Times: user=0.04 sys=0.01, real=0.01 secs] 
2.250: [GC concurrent-root-region-scan-start]
2.250: [GC concurrent-root-region-scan-end, 0.0001383 secs]
2.250: [GC concurrent-mark-start]
2.253: [GC concurrent-mark-end, 0.0031574 secs]
2.253: [GC remark 2.253: [Finalize Marking, 0.0004491 secs] 2.254: [GC ref-proc, 0.0004026 secs] 2.254: [Unloading, 0.0009928 secs], 0.0029959 secs]
 [Times: user=0.03 sys=0.00, real=0.00 secs] 
2.257: [GC cleanup 702M->692M(1024M), 0.0017880 secs]
 [Times: user=0.02 sys=0.00, real=0.01 secs] 
2.258: [GC concurrent-cleanup-start]
2.258: [GC concurrent-cleanup-end, 0.0000393 secs]
2.347: [GC pause (G1 Evacuation Pause) (young), 0.0207860 secs]
   [Parallel Time: 19.0 ms, GC Workers: 18]
      [GC Worker Start (ms): Min: 2347.1, Avg: 2347.3, Max: 2347.4, Diff: 0.3]
      [Ext Root Scanning (ms): Min: 0.0, Avg: 0.2, Max: 0.3, Diff: 0.3, Sum: 3.3]
      [Update RS (ms): Min: 2.3, Avg: 2.5, Max: 2.7, Diff: 0.4, Sum: 45.5]
         [Processed Buffers: Min: 6, Avg: 7.2, Max: 8, Diff: 2, Sum: 129]
      [Scan RS (ms): Min: 0.0, Avg: 0.0, Max: 0.1, Diff: 0.1, Sum: 0.7]
      [Code Root Scanning (ms): Min: 0.0, Avg: 0.0, Max: 0.0, Diff: 0.0, Sum: 0.0]
      [Object Copy (ms): Min: 14.3, Avg: 14.7, Max: 15.7, Diff: 1.4, Sum: 265.0]
      [Termination (ms): Min: 0.0, Avg: 1.1, Max: 1.5, Diff: 1.5, Sum: 20.0]
         [Termination Attempts: Min: 1, Avg: 1.0, Max: 1, Diff: 0, Sum: 18]
      [GC Worker Other (ms): Min: 0.0, Avg: 0.0, Max: 0.1, Diff: 0.0, Sum: 0.5]
      [GC Worker Total (ms): Min: 18.4, Avg: 18.6, Max: 18.8, Diff: 0.3, Sum: 335.0]
      [GC Worker End (ms): Min: 2365.9, Avg: 2365.9, Max: 2365.9, Diff: 0.0]
   [Code Root Fixup: 0.0 ms]
   [Code Root Purge: 0.0 ms]
   [Clear CT: 0.2 ms]
   [Other: 1.5 ms]
      [Choose CSet: 0.0 ms]
      [Ref Proc: 0.4 ms]
      [Ref Enq: 0.0 ms]
      [Redirty Cards: 0.3 ms]
      [Humongous Register: 0.3 ms]
      [Humongous Reclaim: 0.2 ms]
      [Free CSet: 0.3 ms]
   [Eden: 143.0M(143.0M)->0.0B(32.0M) Survivors: 8192.0K->19.0M Heap: 859.3M(1024.0M)->725.5M(1024.0M)]
 [Times: user=0.15 sys=0.19, real=0.03 secs] 
2.380: [GC pause (G1 Evacuation Pause) (mixed), 0.0139734 secs]
   [Parallel Time: 12.2 ms, GC Workers: 18]
      [GC Worker Start (ms): Min: 2379.9, Avg: 2380.2, Max: 2380.5, Diff: 0.5]
      [Ext Root Scanning (ms): Min: 0.0, Avg: 0.1, Max: 0.3, Diff: 0.3, Sum: 1.4]
      [Update RS (ms): Min: 1.1, Avg: 1.4, Max: 1.6, Diff: 0.5, Sum: 25.3]
         [Processed Buffers: Min: 3, Avg: 4.7, Max: 6, Diff: 3, Sum: 85]
      [Scan RS (ms): Min: 0.0, Avg: 0.0, Max: 0.1, Diff: 0.1, Sum: 0.8]
      [Code Root Scanning (ms): Min: 0.0, Avg: 0.0, Max: 0.0, Diff: 0.0, Sum: 0.0]
      [Object Copy (ms): Min: 9.1, Avg: 9.6, Max: 10.1, Diff: 1.0, Sum: 172.7]
      [Termination (ms): Min: 0.0, Avg: 0.6, Max: 1.1, Diff: 1.1, Sum: 10.4]
         [Termination Attempts: Min: 1, Avg: 1.0, Max: 1, Diff: 0, Sum: 18]
      [GC Worker Other (ms): Min: 0.0, Avg: 0.0, Max: 0.1, Diff: 0.0, Sum: 0.4]
      [GC Worker Total (ms): Min: 11.5, Avg: 11.7, Max: 12.0, Diff: 0.5, Sum: 210.9]
      [GC Worker End (ms): Min: 2391.9, Avg: 2391.9, Max: 2392.0, Diff: 0.0]
   [Code Root Fixup: 0.0 ms]
   [Code Root Purge: 0.0 ms]
   [Clear CT: 0.3 ms]
   [Other: 1.5 ms]
      [Choose CSet: 0.1 ms]
      [Ref Proc: 0.3 ms]
      [Ref Enq: 0.0 ms]
      [Redirty Cards: 0.3 ms]
      [Humongous Register: 0.2 ms]
      [Humongous Reclaim: 0.1 ms]
      [Free CSet: 0.3 ms]
   [Eden: 32.0M(32.0M)->0.0B(44.0M) Survivors: 19.0M->7168.0K Heap: 766.0M(1024.0M)->639.3M(1024.0M)]
 [Times: user=0.14 sys=0.08, real=0.01 secs] 
2.415: [GC pause (G1 Evacuation Pause) (mixed), 0.0181968 secs]
   [Parallel Time: 16.5 ms, GC Workers: 18]
      [GC Worker Start (ms): Min: 2415.6, Avg: 2415.8, Max: 2416.0, Diff: 0.4]
      [Ext Root Scanning (ms): Min: 0.0, Avg: 0.1, Max: 0.4, Diff: 0.4, Sum: 2.6]
      [Update RS (ms): Min: 1.8, Avg: 1.9, Max: 2.0, Diff: 0.3, Sum: 34.8]
         [Processed Buffers: Min: 6, Avg: 6.4, Max: 8, Diff: 2, Sum: 116]
      [Scan RS (ms): Min: 0.0, Avg: 0.0, Max: 0.1, Diff: 0.1, Sum: 0.8]
      [Code Root Scanning (ms): Min: 0.0, Avg: 0.0, Max: 0.0, Diff: 0.0, Sum: 0.0]
      [Object Copy (ms): Min: 12.5, Avg: 13.0, Max: 13.9, Diff: 1.4, Sum: 234.8]
      [Termination (ms): Min: 0.0, Avg: 0.8, Max: 1.3, Diff: 1.3, Sum: 14.8]
         [Termination Attempts: Min: 1, Avg: 1.0, Max: 1, Diff: 0, Sum: 18]
      [GC Worker Other (ms): Min: 0.0, Avg: 0.0, Max: 0.0, Diff: 0.0, Sum: 0.3]
      [GC Worker Total (ms): Min: 15.8, Avg: 16.0, Max: 16.2, Diff: 0.4, Sum: 288.2]
      [GC Worker End (ms): Min: 2431.8, Avg: 2431.8, Max: 2431.8, Diff: 0.0]
   [Code Root Fixup: 0.0 ms]
   [Code Root Purge: 0.0 ms]
   [Clear CT: 0.2 ms]
   [Other: 1.5 ms]
      [Choose CSet: 0.1 ms]
      [Ref Proc: 0.3 ms]
      [Ref Enq: 0.0 ms]
      [Redirty Cards: 0.3 ms]
      [Humongous Register: 0.2 ms]
      [Humongous Reclaim: 0.1 ms]
      [Free CSet: 0.3 ms]
   [Eden: 44.0M(44.0M)->0.0B(44.0M) Survivors: 7168.0K->7168.0K Heap: 695.3M(1024.0M)->567.1M(1024.0M)]
 [Times: user=0.11 sys=0.18, real=0.02 secs] 
2.451: [GC pause (G1 Evacuation Pause) (mixed), 0.0197731 secs]
   [Parallel Time: 18.1 ms, GC Workers: 18]
      [GC Worker Start (ms): Min: 2451.4, Avg: 2451.7, Max: 2451.9, Diff: 0.5]
      [Ext Root Scanning (ms): Min: 0.0, Avg: 0.1, Max: 0.4, Diff: 0.4, Sum: 2.2]
      [Update RS (ms): Min: 1.4, Avg: 1.6, Max: 1.7, Diff: 0.3, Sum: 28.2]
         [Processed Buffers: Min: 4, Avg: 5.4, Max: 7, Diff: 3, Sum: 97]
      [Scan RS (ms): Min: 0.0, Avg: 0.0, Max: 0.1, Diff: 0.1, Sum: 0.8]
      [Code Root Scanning (ms): Min: 0.0, Avg: 0.0, Max: 0.0, Diff: 0.0, Sum: 0.0]
      [Object Copy (ms): Min: 14.1, Avg: 14.9, Max: 15.7, Diff: 1.7, Sum: 269.0]
      [Termination (ms): Min: 0.0, Avg: 0.9, Max: 1.8, Diff: 1.8, Sum: 16.3]
         [Termination Attempts: Min: 1, Avg: 1.0, Max: 1, Diff: 0, Sum: 18]
      [GC Worker Other (ms): Min: 0.0, Avg: 0.0, Max: 0.0, Diff: 0.0, Sum: 0.3]
      [GC Worker Total (ms): Min: 17.4, Avg: 17.6, Max: 17.9, Diff: 0.5, Sum: 316.8]
      [GC Worker End (ms): Min: 2469.3, Avg: 2469.3, Max: 2469.3, Diff: 0.0]
   [Code Root Fixup: 0.0 ms]
   [Code Root Purge: 0.0 ms]
   [Clear CT: 0.2 ms]
   [Other: 1.4 ms]
      [Choose CSet: 0.1 ms]
      [Ref Proc: 0.3 ms]
      [Ref Enq: 0.0 ms]
      [Redirty Cards: 0.3 ms]
      [Humongous Register: 0.2 ms]
      [Humongous Reclaim: 0.1 ms]
      [Free CSet: 0.3 ms]
   [Eden: 44.0M(44.0M)->0.0B(44.0M) Survivors: 7168.0K->7168.0K Heap: 620.8M(1024.0M)->503.5M(1024.0M)]
 [Times: user=0.16 sys=0.15, real=0.02 secs] 
2.488: [GC pause (G1 Evacuation Pause) (mixed), 0.0148106 secs]
   [Parallel Time: 13.3 ms, GC Workers: 18]
      [GC Worker Start (ms): Min: 2488.0, Avg: 2488.3, Max: 2488.5, Diff: 0.5]
      [Ext Root Scanning (ms): Min: 0.0, Avg: 0.1, Max: 0.4, Diff: 0.3, Sum: 2.0]
      [Update RS (ms): Min: 1.4, Avg: 1.7, Max: 1.8, Diff: 0.4, Sum: 29.9]
         [Processed Buffers: Min: 4, Avg: 5.7, Max: 7, Diff: 3, Sum: 103]
      [Scan RS (ms): Min: 0.0, Avg: 0.0, Max: 0.1, Diff: 0.1, Sum: 0.6]
      [Code Root Scanning (ms): Min: 0.0, Avg: 0.0, Max: 0.0, Diff: 0.0, Sum: 0.0]
      [Object Copy (ms): Min: 9.7, Avg: 10.0, Max: 11.0, Diff: 1.3, Sum: 180.0]
      [Termination (ms): Min: 0.0, Avg: 0.9, Max: 1.1, Diff: 1.1, Sum: 16.0]
         [Termination Attempts: Min: 1, Avg: 1.0, Max: 1, Diff: 0, Sum: 18]
      [GC Worker Other (ms): Min: 0.0, Avg: 0.0, Max: 0.0, Diff: 0.0, Sum: 0.3]
      [GC Worker Total (ms): Min: 12.5, Avg: 12.7, Max: 13.0, Diff: 0.5, Sum: 228.7]
      [GC Worker End (ms): Min: 2501.0, Avg: 2501.0, Max: 2501.0, Diff: 0.0]
   [Code Root Fixup: 0.0 ms]
   [Code Root Purge: 0.0 ms]
   [Clear CT: 0.2 ms]
   [Other: 1.3 ms]
      [Choose CSet: 0.0 ms]
      [Ref Proc: 0.3 ms]
      [Ref Enq: 0.0 ms]
      [Redirty Cards: 0.3 ms]
      [Humongous Register: 0.2 ms]
      [Humongous Reclaim: 0.1 ms]
      [Free CSet: 0.2 ms]
   [Eden: 44.0M(44.0M)->0.0B(299.0M) Survivors: 7168.0K->7168.0K Heap: 558.1M(1024.0M)->485.1M(1024.0M)]
 [Times: user=0.17 sys=0.06, real=0.01 secs] 
2.503: [GC pause (G1 Humongous Allocation) (young) (initial-mark), 0.0037720 secs]
   [Parallel Time: 2.6 ms, GC Workers: 18]
      [GC Worker Start (ms): Min: 2503.8, Avg: 2504.0, Max: 2504.1, Diff: 0.4]
      [Ext Root Scanning (ms): Min: 0.0, Avg: 0.2, Max: 0.4, Diff: 0.4, Sum: 3.2]
      [Update RS (ms): Min: 0.1, Avg: 0.3, Max: 0.9, Diff: 0.9, Sum: 4.6]
         [Processed Buffers: Min: 0, Avg: 1.1, Max: 2, Diff: 2, Sum: 19]
      [Scan RS (ms): Min: 0.0, Avg: 0.0, Max: 0.0, Diff: 0.0, Sum: 0.1]
      [Code Root Scanning (ms): Min: 0.0, Avg: 0.0, Max: 0.0, Diff: 0.0, Sum: 0.0]
      [Object Copy (ms): Min: 0.4, Avg: 1.3, Max: 1.7, Diff: 1.3, Sum: 24.1]
      [Termination (ms): Min: 0.0, Avg: 0.4, Max: 0.6, Diff: 0.6, Sum: 6.4]
         [Termination Attempts: Min: 1, Avg: 1.0, Max: 1, Diff: 0, Sum: 18]
      [GC Worker Other (ms): Min: 0.0, Avg: 0.0, Max: 0.0, Diff: 0.0, Sum: 0.3]
      [GC Worker Total (ms): Min: 2.0, Avg: 2.2, Max: 2.4, Diff: 0.4, Sum: 38.7]
      [GC Worker End (ms): Min: 2506.1, Avg: 2506.1, Max: 2506.1, Diff: 0.0]
   [Code Root Fixup: 0.0 ms]
   [Code Root Purge: 0.0 ms]
   [Clear CT: 0.2 ms]
   [Other: 0.9 ms]
      [Choose CSet: 0.0 ms]
      [Ref Proc: 0.3 ms]
      [Ref Enq: 0.0 ms]
      [Redirty Cards: 0.2 ms]
      [Humongous Register: 0.2 ms]
      [Humongous Reclaim: 0.0 ms]
      [Free CSet: 0.0 ms]
   [Eden: 2048.0K(299.0M)->0.0B(312.0M) Survivors: 7168.0K->8192.0K Heap: 487.1M(1024.0M)->485.9M(1024.0M)]
 [Times: user=0.04 sys=0.00, real=0.00 secs] 
2.507: [GC concurrent-root-region-scan-start]
2.507: [GC concurrent-root-region-scan-end, 0.0001509 secs]
2.507: [GC concurrent-mark-start]
2.510: [GC concurrent-mark-end, 0.0020276 secs]
2.510: [GC remark 2.510: [Finalize Marking, 0.0003599 secs] 2.510: [GC ref-proc, 0.0004086 secs] 2.510: [Unloading, 0.0010119 secs], 0.0027027 secs]
 [Times: user=0.02 sys=0.01, real=0.00 secs] 
2.512: [GC cleanup 496M->495M(1024M), 0.0017004 secs]
 [Times: user=0.01 sys=0.00, real=0.00 secs] 
2.514: [GC concurrent-cleanup-start]
2.514: [GC concurrent-cleanup-end, 0.0000230 secs]
2.656: [GC pause (G1 Evacuation Pause) (young) (to-space exhausted), 0.0261738 secs]
   [Parallel Time: 23.5 ms, GC Workers: 18]
      [GC Worker Start (ms): Min: 2656.4, Avg: 2656.8, Max: 2657.1, Diff: 0.7]
      [Ext Root Scanning (ms): Min: 0.0, Avg: 0.2, Max: 0.5, Diff: 0.5, Sum: 2.9]
      [Update RS (ms): Min: 2.6, Avg: 2.8, Max: 2.9, Diff: 0.3, Sum: 50.5]
         [Processed Buffers: Min: 8, Avg: 8.7, Max: 10, Diff: 2, Sum: 156]
      [Scan RS (ms): Min: 0.0, Avg: 0.1, Max: 0.2, Diff: 0.2, Sum: 1.0]
      [Code Root Scanning (ms): Min: 0.0, Avg: 0.0, Max: 0.0, Diff: 0.0, Sum: 0.0]
      [Object Copy (ms): Min: 19.3, Avg: 19.3, Max: 19.7, Diff: 0.4, Sum: 348.3]
      [Termination (ms): Min: 0.0, Avg: 0.4, Max: 0.5, Diff: 0.5, Sum: 7.2]
         [Termination Attempts: Min: 1, Avg: 2.2, Max: 4, Diff: 3, Sum: 39]
      [GC Worker Other (ms): Min: 0.0, Avg: 0.0, Max: 0.1, Diff: 0.1, Sum: 0.5]
      [GC Worker Total (ms): Min: 22.5, Avg: 22.8, Max: 23.2, Diff: 0.7, Sum: 410.5]
      [GC Worker End (ms): Min: 2679.6, Avg: 2679.6, Max: 2679.6, Diff: 0.1]
   [Code Root Fixup: 0.0 ms]
   [Code Root Purge: 0.0 ms]
   [Clear CT: 0.3 ms]
   [Other: 2.4 ms]
      [Evacuation Failure: 0.7 ms]
      [Choose CSet: 0.0 ms]
      [Ref Proc: 0.3 ms]
      [Ref Enq: 0.0 ms]
      [Redirty Cards: 0.2 ms]
      [Humongous Register: 0.5 ms]
      [Humongous Reclaim: 0.3 ms]
      [Free CSet: 0.3 ms]
   [Eden: 312.0M(312.0M)->0.0B(11.0M) Survivors: 8192.0K->40.0M Heap: 867.4M(1024.0M)->721.0M(1024.0M)]
 [Times: user=0.27 sys=0.14, real=0.03 secs] 
2.686: [GC pause (G1 Evacuation Pause) (mixed), 0.0233422 secs]
   [Parallel Time: 21.8 ms, GC Workers: 18]
      [GC Worker Start (ms): Min: 2686.3, Avg: 2686.5, Max: 2686.6, Diff: 0.4]
      [Ext Root Scanning (ms): Min: 0.0, Avg: 0.2, Max: 0.4, Diff: 0.4, Sum: 3.1]
      [Update RS (ms): Min: 0.5, Avg: 0.6, Max: 0.6, Diff: 0.2, Sum: 9.9]
         [Processed Buffers: Min: 2, Avg: 3.1, Max: 7, Diff: 5, Sum: 55]
      [Scan RS (ms): Min: 0.0, Avg: 0.1, Max: 0.1, Diff: 0.1, Sum: 1.2]
      [Code Root Scanning (ms): Min: 0.0, Avg: 0.0, Max: 0.0, Diff: 0.0, Sum: 0.0]
      [Object Copy (ms): Min: 19.7, Avg: 19.9, Max: 20.5, Diff: 0.8, Sum: 358.7]
      [Termination (ms): Min: 0.0, Avg: 0.6, Max: 0.8, Diff: 0.8, Sum: 11.0]
         [Termination Attempts: Min: 1, Avg: 1.0, Max: 1, Diff: 0, Sum: 18]
      [GC Worker Other (ms): Min: 0.0, Avg: 0.0, Max: 0.0, Diff: 0.0, Sum: 0.3]
      [GC Worker Total (ms): Min: 21.2, Avg: 21.3, Max: 21.6, Diff: 0.4, Sum: 384.3]
      [GC Worker End (ms): Min: 2707.8, Avg: 2707.8, Max: 2707.8, Diff: 0.0]
   [Code Root Fixup: 0.0 ms]
   [Code Root Purge: 0.0 ms]
   [Clear CT: 0.2 ms]
   [Other: 1.3 ms]
      [Choose CSet: 0.1 ms]
      [Ref Proc: 0.3 ms]
      [Ref Enq: 0.0 ms]
      [Redirty Cards: 0.3 ms]
      [Humongous Register: 0.2 ms]
      [Humongous Reclaim: 0.1 ms]
      [Free CSet: 0.3 ms]
   [Eden: 11.0M(11.0M)->0.0B(47.0M) Survivors: 40.0M->4096.0K Heap: 735.1M(1024.0M)->653.1M(1024.0M)]
 [Times: user=0.26 sys=0.12, real=0.03 secs] 
2.726: [GC pause (G1 Evacuation Pause) (mixed), 0.0113663 secs]
   [Parallel Time: 10.1 ms, GC Workers: 18]
      [GC Worker Start (ms): Min: 2726.7, Avg: 2726.8, Max: 2727.0, Diff: 0.3]
      [Ext Root Scanning (ms): Min: 0.0, Avg: 0.2, Max: 0.3, Diff: 0.3, Sum: 3.0]
      [Update RS (ms): Min: 1.4, Avg: 1.6, Max: 1.9, Diff: 0.5, Sum: 29.5]
         [Processed Buffers: Min: 5, Avg: 5.2, Max: 6, Diff: 1, Sum: 94]
      [Scan RS (ms): Min: 0.0, Avg: 0.0, Max: 0.1, Diff: 0.1, Sum: 0.4]
      [Code Root Scanning (ms): Min: 0.0, Avg: 0.0, Max: 0.0, Diff: 0.0, Sum: 0.0]
      [Object Copy (ms): Min: 6.1, Avg: 6.6, Max: 7.9, Diff: 1.8, Sum: 119.2]
      [Termination (ms): Min: 0.0, Avg: 1.3, Max: 1.7, Diff: 1.7, Sum: 24.1]
         [Termination Attempts: Min: 1, Avg: 1.0, Max: 1, Diff: 0, Sum: 18]
      [GC Worker Other (ms): Min: 0.0, Avg: 0.0, Max: 0.0, Diff: 0.0, Sum: 0.3]
      [GC Worker Total (ms): Min: 9.7, Avg: 9.8, Max: 9.9, Diff: 0.3, Sum: 176.5]
      [GC Worker End (ms): Min: 2736.6, Avg: 2736.6, Max: 2736.6, Diff: 0.0]
   [Code Root Fixup: 0.0 ms]
   [Code Root Purge: 0.0 ms]
   [Clear CT: 0.2 ms]
   [Other: 1.0 ms]
      [Choose CSet: 0.0 ms]
      [Ref Proc: 0.2 ms]
      [Ref Enq: 0.0 ms]
      [Redirty Cards: 0.2 ms]
      [Humongous Register: 0.2 ms]
      [Humongous Reclaim: 0.1 ms]
      [Free CSet: 0.1 ms]
   [Eden: 47.0M(47.0M)->0.0B(174.0M) Survivors: 4096.0K->7168.0K Heap: 709.5M(1024.0M)->656.0M(1024.0M)]
 [Times: user=0.16 sys=0.02, real=0.02 secs] 
2.740: [GC pause (G1 Humongous Allocation) (young) (initial-mark), 0.0043662 secs]
   [Parallel Time: 3.3 ms, GC Workers: 18]
      [GC Worker Start (ms): Min: 2740.1, Avg: 2740.2, Max: 2740.3, Diff: 0.2]
      [Ext Root Scanning (ms): Min: 0.1, Avg: 0.2, Max: 0.3, Diff: 0.2, Sum: 3.7]
      [Update RS (ms): Min: 0.1, Avg: 0.3, Max: 0.7, Diff: 0.6, Sum: 4.8]
         [Processed Buffers: Min: 0, Avg: 1.1, Max: 2, Diff: 2, Sum: 19]
      [Scan RS (ms): Min: 0.0, Avg: 0.0, Max: 0.0, Diff: 0.0, Sum: 0.1]
      [Code Root Scanning (ms): Min: 0.0, Avg: 0.0, Max: 0.0, Diff: 0.0, Sum: 0.0]
      [Object Copy (ms): Min: 1.2, Avg: 2.1, Max: 2.6, Diff: 1.4, Sum: 37.3]
      [Termination (ms): Min: 0.0, Avg: 0.5, Max: 0.9, Diff: 0.9, Sum: 8.2]
         [Termination Attempts: Min: 1, Avg: 1.0, Max: 1, Diff: 0, Sum: 18]
      [GC Worker Other (ms): Min: 0.0, Avg: 0.0, Max: 0.0, Diff: 0.0, Sum: 0.3]
      [GC Worker Total (ms): Min: 2.9, Avg: 3.0, Max: 3.1, Diff: 0.2, Sum: 54.5]
      [GC Worker End (ms): Min: 2743.2, Avg: 2743.2, Max: 2743.2, Diff: 0.0]
   [Code Root Fixup: 0.0 ms]
   [Code Root Purge: 0.0 ms]
   [Clear CT: 0.2 ms]
   [Other: 0.9 ms]
      [Choose CSet: 0.0 ms]
      [Ref Proc: 0.3 ms]
      [Ref Enq: 0.0 ms]
      [Redirty Cards: 0.2 ms]
      [Humongous Register: 0.1 ms]
      [Humongous Reclaim: 0.0 ms]
      [Free CSet: 0.0 ms]
   [Eden: 6144.0K(174.0M)->0.0B(164.0M) Survivors: 7168.0K->10.0M Heap: 662.0M(1024.0M)->658.4M(1024.0M)]
 [Times: user=0.06 sys=0.00, real=0.00 secs] 
2.744: [GC concurrent-root-region-scan-start]
2.745: [GC concurrent-root-region-scan-end, 0.0001613 secs]
2.745: [GC concurrent-mark-start]
2.747: [GC concurrent-mark-end, 0.0020141 secs]
2.747: [GC remark 2.747: [Finalize Marking, 0.0002632 secs] 2.747: [GC ref-proc, 0.0004060 secs] 2.747: [Unloading, 0.0009868 secs], 0.0027914 secs]
 [Times: user=0.02 sys=0.01, real=0.01 secs] 
2.750: [GC cleanup 667M->651M(1024M), 0.0019877 secs]
 [Times: user=0.01 sys=0.00, real=0.00 secs] 
2.752: [GC concurrent-cleanup-start]
2.752: [GC concurrent-cleanup-end, 0.0000623 secs]
2.843: [GC pause (G1 Evacuation Pause) (young), 0.0250988 secs]
   [Parallel Time: 23.3 ms, GC Workers: 18]
      [GC Worker Start (ms): Min: 2843.8, Avg: 2843.9, Max: 2844.1, Diff: 0.3]
      [Ext Root Scanning (ms): Min: 0.0, Avg: 0.2, Max: 0.3, Diff: 0.3, Sum: 2.9]
      [Update RS (ms): Min: 2.8, Avg: 3.3, Max: 3.5, Diff: 0.7, Sum: 59.6]
         [Processed Buffers: Min: 5, Avg: 9.8, Max: 13, Diff: 8, Sum: 176]
      [Scan RS (ms): Min: 0.0, Avg: 0.0, Max: 0.1, Diff: 0.1, Sum: 0.5]
      [Code Root Scanning (ms): Min: 0.0, Avg: 0.0, Max: 0.0, Diff: 0.0, Sum: 0.0]
      [Object Copy (ms): Min: 17.1, Avg: 17.6, Max: 19.4, Diff: 2.3, Sum: 316.9]
      [Termination (ms): Min: 0.0, Avg: 1.7, Max: 2.2, Diff: 2.2, Sum: 31.5]
         [Termination Attempts: Min: 1, Avg: 1.0, Max: 1, Diff: 0, Sum: 18]
      [GC Worker Other (ms): Min: 0.0, Avg: 0.0, Max: 0.0, Diff: 0.0, Sum: 0.3]
      [GC Worker Total (ms): Min: 22.7, Avg: 22.9, Max: 23.0, Diff: 0.3, Sum: 411.7]
      [GC Worker End (ms): Min: 2866.8, Avg: 2866.8, Max: 2866.8, Diff: 0.0]
   [Code Root Fixup: 0.0 ms]
   [Code Root Purge: 0.0 ms]
   [Clear CT: 0.3 ms]
   [Other: 1.5 ms]
      [Choose CSet: 0.0 ms]
      [Ref Proc: 0.3 ms]
      [Ref Enq: 0.0 ms]
      [Redirty Cards: 0.3 ms]
      [Humongous Register: 0.2 ms]
      [Humongous Reclaim: 0.3 ms]
      [Free CSet: 0.3 ms]
   [Eden: 164.0M(164.0M)->0.0B(29.0M) Survivors: 10.0M->22.0M Heap: 857.3M(1024.0M)->689.3M(1024.0M)]
 [Times: user=0.19 sys=0.22, real=0.03 secs] 
2.885: [GC pause (G1 Evacuation Pause) (mixed), 0.0130235 secs]
   [Parallel Time: 11.6 ms, GC Workers: 18]
      [GC Worker Start (ms): Min: 2885.8, Avg: 2886.0, Max: 2886.2, Diff: 0.4]
      [Ext Root Scanning (ms): Min: 0.0, Avg: 0.2, Max: 0.3, Diff: 0.3, Sum: 3.0]
      [Update RS (ms): Min: 1.5, Avg: 1.6, Max: 1.7, Diff: 0.2, Sum: 28.8]
         [Processed Buffers: Min: 5, Avg: 5.2, Max: 6, Diff: 1, Sum: 93]
      [Scan RS (ms): Min: 0.0, Avg: 0.0, Max: 0.1, Diff: 0.1, Sum: 0.5]
      [Code Root Scanning (ms): Min: 0.0, Avg: 0.0, Max: 0.0, Diff: 0.0, Sum: 0.0]
      [Object Copy (ms): Min: 8.9, Avg: 9.1, Max: 9.3, Diff: 0.4, Sum: 164.6]
      [Termination (ms): Min: 0.0, Avg: 0.2, Max: 0.4, Diff: 0.4, Sum: 3.7]
         [Termination Attempts: Min: 1, Avg: 1.0, Max: 1, Diff: 0, Sum: 18]
      [GC Worker Other (ms): Min: 0.0, Avg: 0.0, Max: 0.0, Diff: 0.0, Sum: 0.3]
      [GC Worker Total (ms): Min: 11.0, Avg: 11.2, Max: 11.3, Diff: 0.4, Sum: 200.9]
      [GC Worker End (ms): Min: 2897.1, Avg: 2897.1, Max: 2897.2, Diff: 0.0]
   [Code Root Fixup: 0.0 ms]
   [Code Root Purge: 0.0 ms]
   [Clear CT: 0.2 ms]
   [Other: 1.2 ms]
      [Choose CSet: 0.1 ms]
      [Ref Proc: 0.2 ms]
      [Ref Enq: 0.0 ms]
      [Redirty Cards: 0.2 ms]
      [Humongous Register: 0.2 ms]
      [Humongous Reclaim: 0.1 ms]
      [Free CSet: 0.3 ms]
   [Eden: 29.0M(29.0M)->0.0B(44.0M) Survivors: 22.0M->7168.0K Heap: 727.9M(1024.0M)->604.7M(1024.0M)]
 [Times: user=0.13 sys=0.07, real=0.02 secs] 
2.921: [GC pause (G1 Evacuation Pause) (mixed), 0.0177878 secs]
   [Parallel Time: 16.2 ms, GC Workers: 18]
      [GC Worker Start (ms): Min: 2921.1, Avg: 2921.2, Max: 2921.3, Diff: 0.2]
      [Ext Root Scanning (ms): Min: 0.1, Avg: 0.2, Max: 0.3, Diff: 0.2, Sum: 4.2]
      [Update RS (ms): Min: 1.9, Avg: 2.2, Max: 2.4, Diff: 0.4, Sum: 40.1]
         [Processed Buffers: Min: 6, Avg: 6.8, Max: 8, Diff: 2, Sum: 123]
      [Scan RS (ms): Min: 0.0, Avg: 0.0, Max: 0.2, Diff: 0.1, Sum: 0.9]
      [Code Root Scanning (ms): Min: 0.0, Avg: 0.0, Max: 0.0, Diff: 0.0, Sum: 0.0]
      [Object Copy (ms): Min: 11.6, Avg: 12.1, Max: 13.2, Diff: 1.6, Sum: 217.4]
      [Termination (ms): Min: 0.0, Avg: 1.2, Max: 1.7, Diff: 1.7, Sum: 22.5]
         [Termination Attempts: Min: 1, Avg: 1.1, Max: 2, Diff: 1, Sum: 19]
      [GC Worker Other (ms): Min: 0.0, Avg: 0.0, Max: 0.0, Diff: 0.0, Sum: 0.4]
      [GC Worker Total (ms): Min: 15.8, Avg: 15.9, Max: 16.0, Diff: 0.2, Sum: 285.4]
      [GC Worker End (ms): Min: 2937.1, Avg: 2937.1, Max: 2937.1, Diff: 0.0]
   [Code Root Fixup: 0.0 ms]
   [Code Root Purge: 0.0 ms]
   [Clear CT: 0.2 ms]
   [Other: 1.4 ms]
      [Choose CSet: 0.1 ms]
      [Ref Proc: 0.3 ms]
      [Ref Enq: 0.0 ms]
      [Redirty Cards: 0.3 ms]
      [Humongous Register: 0.2 ms]
      [Humongous Reclaim: 0.1 ms]
      [Free CSet: 0.3 ms]
   [Eden: 44.0M(44.0M)->0.0B(44.0M) Survivors: 7168.0K->7168.0K Heap: 661.6M(1024.0M)->541.2M(1024.0M)]
 [Times: user=0.16 sys=0.12, real=0.02 secs] 
2.956: [GC pause (G1 Evacuation Pause) (mixed), 0.0196348 secs]
   [Parallel Time: 17.9 ms, GC Workers: 18]
      [GC Worker Start (ms): Min: 2956.1, Avg: 2956.3, Max: 2956.3, Diff: 0.2]
      [Ext Root Scanning (ms): Min: 0.1, Avg: 0.2, Max: 0.3, Diff: 0.2, Sum: 3.9]
      [Update RS (ms): Min: 1.6, Avg: 1.7, Max: 1.8, Diff: 0.2, Sum: 31.3]
         [Processed Buffers: Min: 5, Avg: 5.7, Max: 7, Diff: 2, Sum: 102]
      [Scan RS (ms): Min: 0.0, Avg: 0.1, Max: 0.1, Diff: 0.1, Sum: 1.1]
      [Code Root Scanning (ms): Min: 0.0, Avg: 0.0, Max: 0.0, Diff: 0.0, Sum: 0.0]
      [Object Copy (ms): Min: 13.6, Avg: 14.1, Max: 15.6, Diff: 2.1, Sum: 254.2]
      [Termination (ms): Min: 0.0, Avg: 1.5, Max: 2.1, Diff: 2.1, Sum: 27.8]
         [Termination Attempts: Min: 1, Avg: 1.2, Max: 2, Diff: 1, Sum: 21]
      [GC Worker Other (ms): Min: 0.0, Avg: 0.0, Max: 0.1, Diff: 0.0, Sum: 0.5]
      [GC Worker Total (ms): Min: 17.6, Avg: 17.7, Max: 17.8, Diff: 0.2, Sum: 318.7]
      [GC Worker End (ms): Min: 2973.9, Avg: 2974.0, Max: 2974.0, Diff: 0.0]
   [Code Root Fixup: 0.0 ms]
   [Code Root Purge: 0.0 ms]
   [Clear CT: 0.3 ms]
   [Other: 1.4 ms]
      [Choose CSet: 0.1 ms]
      [Ref Proc: 0.3 ms]
      [Ref Enq: 0.0 ms]
      [Redirty Cards: 0.3 ms]
      [Humongous Register: 0.2 ms]
      [Humongous Reclaim: 0.1 ms]
      [Free CSet: 0.3 ms]
   [Eden: 44.0M(44.0M)->0.0B(295.0M) Survivors: 7168.0K->7168.0K Heap: 595.5M(1024.0M)->492.0M(1024.0M)]
 [Times: user=0.24 sys=0.08, real=0.02 secs] 
2.977: [GC pause (G1 Humongous Allocation) (young) (initial-mark), 0.0044391 secs]
   [Parallel Time: 3.3 ms, GC Workers: 18]
      [GC Worker Start (ms): Min: 2977.0, Avg: 2977.0, Max: 2977.1, Diff: 0.1]
      [Ext Root Scanning (ms): Min: 0.2, Avg: 0.2, Max: 0.3, Diff: 0.1, Sum: 4.3]
      [Update RS (ms): Min: 0.1, Avg: 0.3, Max: 0.8, Diff: 0.8, Sum: 4.7]
         [Processed Buffers: Min: 0, Avg: 1.1, Max: 2, Diff: 2, Sum: 19]
      [Scan RS (ms): Min: 0.0, Avg: 0.0, Max: 0.0, Diff: 0.0, Sum: 0.1]
      [Code Root Scanning (ms): Min: 0.0, Avg: 0.0, Max: 0.0, Diff: 0.0, Sum: 0.0]
      [Object Copy (ms): Min: 1.0, Avg: 1.6, Max: 2.6, Diff: 1.6, Sum: 28.9]
      [Termination (ms): Min: 0.0, Avg: 1.0, Max: 1.3, Diff: 1.3, Sum: 17.8]
         [Termination Attempts: Min: 1, Avg: 1.0, Max: 1, Diff: 0, Sum: 18]
      [GC Worker Other (ms): Min: 0.0, Avg: 0.0, Max: 0.0, Diff: 0.0, Sum: 0.2]
      [GC Worker Total (ms): Min: 3.1, Avg: 3.1, Max: 3.2, Diff: 0.1, Sum: 56.0]
      [GC Worker End (ms): Min: 2980.1, Avg: 2980.1, Max: 2980.1, Diff: 0.0]
   [Code Root Fixup: 0.0 ms]
   [Code Root Purge: 0.0 ms]
   [Clear CT: 0.2 ms]
   [Other: 0.9 ms]
      [Choose CSet: 0.0 ms]
      [Ref Proc: 0.3 ms]
      [Ref Enq: 0.0 ms]
      [Redirty Cards: 0.2 ms]
      [Humongous Register: 0.2 ms]
      [Humongous Reclaim: 0.0 ms]
      [Free CSet: 0.0 ms]
   [Eden: 3072.0K(295.0M)->0.0B(267.0M) Survivors: 7168.0K->9216.0K Heap: 494.9M(1024.0M)->491.2M(1024.0M)]
 [Times: user=0.05 sys=0.01, real=0.01 secs] 
2.981: [GC concurrent-root-region-scan-start]
2.981: [GC concurrent-root-region-scan-end, 0.0001267 secs]
2.981: [GC concurrent-mark-start]
2.983: [GC concurrent-mark-end, 0.0020931 secs]
2.984: [GC remark 2.984: [Finalize Marking, 0.0003961 secs] 2.984: [GC ref-proc, 0.0004283 secs] 2.984: [Unloading, 0.0009413 secs], 0.0026301 secs]
 [Times: user=0.01 sys=0.00, real=0.00 secs] 
2.986: [GC cleanup 498M->496M(1024M), 0.0016711 secs]
 [Times: user=0.02 sys=0.00, real=0.01 secs] 
2.988: [GC concurrent-cleanup-start]
2.988: [GC concurrent-cleanup-end, 0.0000227 secs]
3.123: [GC pause (G1 Evacuation Pause) (young), 0.0347258 secs]
   [Parallel Time: 32.8 ms, GC Workers: 18]
      [GC Worker Start (ms): Min: 3123.3, Avg: 3123.7, Max: 3123.9, Diff: 0.5]
      [Ext Root Scanning (ms): Min: 0.0, Avg: 0.1, Max: 0.4, Diff: 0.4, Sum: 2.6]
      [Update RS (ms): Min: 3.6, Avg: 3.7, Max: 3.8, Diff: 0.3, Sum: 67.3]
         [Processed Buffers: Min: 8, Avg: 10.8, Max: 13, Diff: 5, Sum: 194]
      [Scan RS (ms): Min: 0.0, Avg: 0.0, Max: 0.1, Diff: 0.1, Sum: 0.8]
      [Code Root Scanning (ms): Min: 0.0, Avg: 0.0, Max: 0.0, Diff: 0.0, Sum: 0.0]
      [Object Copy (ms): Min: 27.7, Avg: 28.0, Max: 28.2, Diff: 0.5, Sum: 503.6]
      [Termination (ms): Min: 0.0, Avg: 0.2, Max: 0.5, Diff: 0.5, Sum: 4.2]
         [Termination Attempts: Min: 1, Avg: 1.3, Max: 2, Diff: 1, Sum: 24]
      [GC Worker Other (ms): Min: 0.0, Avg: 0.0, Max: 0.1, Diff: 0.1, Sum: 0.8]
      [GC Worker Total (ms): Min: 31.9, Avg: 32.2, Max: 32.5, Diff: 0.6, Sum: 579.3]
      [GC Worker End (ms): Min: 3155.8, Avg: 3155.8, Max: 3155.9, Diff: 0.1]
   [Code Root Fixup: 0.0 ms]
   [Code Root Purge: 0.0 ms]
   [Clear CT: 0.3 ms]
   [Other: 1.6 ms]
      [Choose CSet: 0.0 ms]
      [Ref Proc: 0.3 ms]
      [Ref Enq: 0.0 ms]
      [Redirty Cards: 0.3 ms]
      [Humongous Register: 0.3 ms]
      [Humongous Reclaim: 0.3 ms]
      [Free CSet: 0.4 ms]
   [Eden: 267.0M(267.0M)->0.0B(16.0M) Survivors: 9216.0K->35.0M Heap: 829.6M(1024.0M)->567.0M(1024.0M)]
 [Times: user=0.52 sys=0.05, real=0.04 secs] 
3.163: [GC pause (G1 Evacuation Pause) (mixed), 0.0211652 secs]
   [Parallel Time: 19.5 ms, GC Workers: 18]
      [GC Worker Start (ms): Min: 3163.8, Avg: 3164.0, Max: 3164.2, Diff: 0.4]
      [Ext Root Scanning (ms): Min: 0.0, Avg: 0.1, Max: 0.4, Diff: 0.4, Sum: 2.4]
      [Update RS (ms): Min: 0.4, Avg: 0.6, Max: 0.9, Diff: 0.5, Sum: 11.2]
         [Processed Buffers: Min: 1, Avg: 2.4, Max: 4, Diff: 3, Sum: 44]
      [Scan RS (ms): Min: 0.0, Avg: 0.1, Max: 0.3, Diff: 0.3, Sum: 1.4]
      [Code Root Scanning (ms): Min: 0.0, Avg: 0.0, Max: 0.1, Diff: 0.1, Sum: 0.1]
      [Object Copy (ms): Min: 17.5, Avg: 17.8, Max: 18.2, Diff: 0.7, Sum: 320.2]
      [Termination (ms): Min: 0.0, Avg: 0.3, Max: 0.5, Diff: 0.5, Sum: 6.2]
         [Termination Attempts: Min: 1, Avg: 1.0, Max: 1, Diff: 0, Sum: 18]
      [GC Worker Other (ms): Min: 0.0, Avg: 0.0, Max: 0.1, Diff: 0.0, Sum: 0.4]
      [GC Worker Total (ms): Min: 18.8, Avg: 19.0, Max: 19.2, Diff: 0.4, Sum: 341.9]
      [GC Worker End (ms): Min: 3183.0, Avg: 3183.0, Max: 3183.0, Diff: 0.0]
   [Code Root Fixup: 0.0 ms]
   [Code Root Purge: 0.0 ms]
   [Clear CT: 0.3 ms]
   [Other: 1.3 ms]
      [Choose CSet: 0.1 ms]
      [Ref Proc: 0.2 ms]
      [Ref Enq: 0.0 ms]
      [Redirty Cards: 0.2 ms]
      [Humongous Register: 0.2 ms]
      [Humongous Reclaim: 0.0 ms]
      [Free CSet: 0.3 ms]
   [Eden: 16.0M(16.0M)->0.0B(47.0M) Survivors: 35.0M->4096.0K Heap: 586.5M(1024.0M)->499.4M(1024.0M)]
 [Times: user=0.23 sys=0.11, real=0.02 secs] 
3.200: [GC pause (G1 Evacuation Pause) (mixed), 0.0091230 secs]
   [Parallel Time: 7.9 ms, GC Workers: 18]
      [GC Worker Start (ms): Min: 3200.3, Avg: 3200.5, Max: 3200.6, Diff: 0.3]
      [Ext Root Scanning (ms): Min: 0.0, Avg: 0.2, Max: 0.3, Diff: 0.3, Sum: 2.7]
      [Update RS (ms): Min: 1.3, Avg: 1.5, Max: 1.8, Diff: 0.4, Sum: 27.5]
         [Processed Buffers: Min: 4, Avg: 4.7, Max: 6, Diff: 2, Sum: 84]
      [Scan RS (ms): Min: 0.0, Avg: 0.0, Max: 0.1, Diff: 0.1, Sum: 0.4]
      [Code Root Scanning (ms): Min: 0.0, Avg: 0.0, Max: 0.0, Diff: 0.0, Sum: 0.0]
      [Object Copy (ms): Min: 4.8, Avg: 5.4, Max: 5.9, Diff: 1.1, Sum: 98.0]
      [Termination (ms): Min: 0.0, Avg: 0.4, Max: 0.8, Diff: 0.8, Sum: 7.0]
         [Termination Attempts: Min: 1, Avg: 1.0, Max: 1, Diff: 0, Sum: 18]
      [GC Worker Other (ms): Min: 0.0, Avg: 0.0, Max: 0.0, Diff: 0.0, Sum: 0.3]
      [GC Worker Total (ms): Min: 7.4, Avg: 7.6, Max: 7.7, Diff: 0.4, Sum: 135.9]
      [GC Worker End (ms): Min: 3208.0, Avg: 3208.0, Max: 3208.0, Diff: 0.0]
   [Code Root Fixup: 0.0 ms]
   [Code Root Purge: 0.0 ms]
   [Clear CT: 0.2 ms]
   [Other: 1.0 ms]
      [Choose CSet: 0.0 ms]
      [Ref Proc: 0.3 ms]
      [Ref Enq: 0.0 ms]
      [Redirty Cards: 0.2 ms]
      [Humongous Register: 0.1 ms]
      [Humongous Reclaim: 0.1 ms]
      [Free CSet: 0.1 ms]
   [Eden: 47.0M(47.0M)->0.0B(256.0M) Survivors: 4096.0K->7168.0K Heap: 554.4M(1024.0M)->509.4M(1024.0M)]
 [Times: user=0.13 sys=0.00, real=0.01 secs] 
3.210: [GC pause (G1 Humongous Allocation) (young) (initial-mark), 0.0043071 secs]
   [Parallel Time: 3.1 ms, GC Workers: 18]
      [GC Worker Start (ms): Min: 3210.0, Avg: 3210.2, Max: 3210.3, Diff: 0.4]
      [Ext Root Scanning (ms): Min: 0.0, Avg: 0.2, Max: 0.5, Diff: 0.5, Sum: 4.3]
      [Update RS (ms): Min: 0.0, Avg: 0.2, Max: 0.6, Diff: 0.6, Sum: 3.0]
         [Processed Buffers: Min: 0, Avg: 0.9, Max: 2, Diff: 2, Sum: 16]
      [Scan RS (ms): Min: 0.0, Avg: 0.0, Max: 0.0, Diff: 0.0, Sum: 0.1]
      [Code Root Scanning (ms): Min: 0.0, Avg: 0.0, Max: 0.0, Diff: 0.0, Sum: 0.0]
      [Object Copy (ms): Min: 1.0, Avg: 1.8, Max: 2.4, Diff: 1.3, Sum: 33.0]
      [Termination (ms): Min: 0.0, Avg: 0.5, Max: 0.9, Diff: 0.9, Sum: 9.2]
         [Termination Attempts: Min: 1, Avg: 1.0, Max: 1, Diff: 0, Sum: 18]
      [GC Worker Other (ms): Min: 0.0, Avg: 0.0, Max: 0.0, Diff: 0.0, Sum: 0.2]
      [GC Worker Total (ms): Min: 2.6, Avg: 2.8, Max: 3.0, Diff: 0.4, Sum: 49.9]
      [GC Worker End (ms): Min: 3212.9, Avg: 3212.9, Max: 3212.9, Diff: 0.0]
   [Code Root Fixup: 0.0 ms]
   [Code Root Purge: 0.0 ms]
   [Clear CT: 0.3 ms]
   [Other: 0.9 ms]
      [Choose CSet: 0.0 ms]
      [Ref Proc: 0.3 ms]
      [Ref Enq: 0.0 ms]
      [Redirty Cards: 0.2 ms]
      [Humongous Register: 0.2 ms]
      [Humongous Reclaim: 0.0 ms]
      [Free CSet: 0.0 ms]
   [Eden: 1024.0K(256.0M)->0.0B(236.0M) Survivors: 7168.0K->9216.0K Heap: 510.2M(1024.0M)->510.5M(1024.0M)]
 [Times: user=0.05 sys=0.00, real=0.00 secs] 
3.214: [GC concurrent-root-region-scan-start]
3.214: [GC concurrent-root-region-scan-end, 0.0001971 secs]
3.214: [GC concurrent-mark-start]
3.217: [GC concurrent-mark-end, 0.0023715 secs]
3.217: [GC remark 3.217: [Finalize Marking, 0.0004081 secs] 3.217: [GC ref-proc, 0.0004083 secs] 3.218: [Unloading, 0.0010231 secs], 0.0027583 secs]
 [Times: user=0.02 sys=0.00, real=0.01 secs] 
3.220: [GC cleanup 520M->513M(1024M), 0.0017728 secs]
 [Times: user=0.01 sys=0.01, real=0.00 secs] 
3.222: [GC concurrent-cleanup-start]
3.222: [GC concurrent-cleanup-end, 0.0000352 secs]
3.317: [GC pause (G1 Evacuation Pause) (young), 0.0323176 secs]
   [Parallel Time: 29.5 ms, GC Workers: 18]
      [GC Worker Start (ms): Min: 3317.3, Avg: 3317.8, Max: 3318.3, Diff: 1.0]
      [Ext Root Scanning (ms): Min: 0.0, Avg: 0.5, Max: 1.0, Diff: 1.0, Sum: 9.6]
      [Update RS (ms): Min: 3.6, Avg: 3.7, Max: 3.9, Diff: 0.3, Sum: 67.3]
         [Processed Buffers: Min: 10, Avg: 10.8, Max: 12, Diff: 2, Sum: 195]
      [Scan RS (ms): Min: 0.0, Avg: 0.1, Max: 0.1, Diff: 0.1, Sum: 1.0]
      [Code Root Scanning (ms): Min: 0.0, Avg: 0.0, Max: 0.0, Diff: 0.0, Sum: 0.0]
      [Object Copy (ms): Min: 23.4, Avg: 24.0, Max: 24.5, Diff: 1.1, Sum: 432.8]
      [Termination (ms): Min: 0.0, Avg: 0.4, Max: 1.0, Diff: 1.0, Sum: 8.0]
         [Termination Attempts: Min: 1, Avg: 1.0, Max: 1, Diff: 0, Sum: 18]
      [GC Worker Other (ms): Min: 0.0, Avg: 0.0, Max: 0.1, Diff: 0.0, Sum: 0.7]
      [GC Worker Total (ms): Min: 28.3, Avg: 28.9, Max: 29.3, Diff: 1.0, Sum: 519.4]
      [GC Worker End (ms): Min: 3346.6, Avg: 3346.6, Max: 3346.7, Diff: 0.0]
   [Code Root Fixup: 0.0 ms]
   [Code Root Purge: 0.0 ms]
   [Clear CT: 0.3 ms]
   [Other: 2.5 ms]
      [Choose CSet: 0.0 ms]
      [Ref Proc: 0.3 ms]
      [Ref Enq: 0.0 ms]
      [Redirty Cards: 0.2 ms]
      [Humongous Register: 0.4 ms]
      [Humongous Reclaim: 0.9 ms]
      [Free CSet: 0.5 ms]
   [Eden: 236.0M(236.0M)->0.0B(20.0M) Survivors: 9216.0K->31.0M Heap: 813.6M(1024.0M)->582.2M(1024.0M)]
 [Times: user=0.42 sys=0.09, real=0.04 secs] 
3.356: [GC pause (G1 Evacuation Pause) (mixed), 0.0204475 secs]
   [Parallel Time: 18.5 ms, GC Workers: 18]
      [GC Worker Start (ms): Min: 3356.3, Avg: 3356.5, Max: 3356.6, Diff: 0.4]
      [Ext Root Scanning (ms): Min: 0.0, Avg: 0.2, Max: 0.4, Diff: 0.4, Sum: 2.8]
      [Update RS (ms): Min: 0.4, Avg: 0.4, Max: 0.5, Diff: 0.2, Sum: 7.7]
         [Processed Buffers: Min: 1, Avg: 2.1, Max: 5, Diff: 4, Sum: 38]
      [Scan RS (ms): Min: 0.3, Avg: 0.4, Max: 0.9, Diff: 0.7, Sum: 7.6]
      [Code Root Scanning (ms): Min: 0.0, Avg: 0.0, Max: 0.0, Diff: 0.0, Sum: 0.0]
      [Object Copy (ms): Min: 16.1, Avg: 16.6, Max: 17.0, Diff: 0.9, Sum: 298.1]
      [Termination (ms): Min: 0.0, Avg: 0.4, Max: 0.7, Diff: 0.7, Sum: 7.7]
         [Termination Attempts: Min: 1, Avg: 1.0, Max: 1, Diff: 0, Sum: 18]
      [GC Worker Other (ms): Min: 0.0, Avg: 0.0, Max: 0.0, Diff: 0.0, Sum: 0.3]
      [GC Worker Total (ms): Min: 17.9, Avg: 18.0, Max: 18.2, Diff: 0.4, Sum: 324.3]
      [GC Worker End (ms): Min: 3374.5, Avg: 3374.5, Max: 3374.5, Diff: 0.0]
   [Code Root Fixup: 0.0 ms]
   [Code Root Purge: 0.0 ms]
   [Clear CT: 0.4 ms]
   [Other: 1.6 ms]
      [Choose CSet: 0.1 ms]
      [Ref Proc: 0.2 ms]
      [Ref Enq: 0.0 ms]
      [Redirty Cards: 0.2 ms]
      [Humongous Register: 0.3 ms]
      [Humongous Reclaim: 0.1 ms]
      [Free CSet: 0.5 ms]
   [Eden: 20.0M(20.0M)->0.0B(45.0M) Survivors: 31.0M->6144.0K Heap: 604.7M(1024.0M)->512.6M(1024.0M)]
 [Times: user=0.28 sys=0.04, real=0.02 secs] 
3.392: [GC pause (G1 Evacuation Pause) (mixed), 0.0124671 secs]
   [Parallel Time: 10.7 ms, GC Workers: 18]
      [GC Worker Start (ms): Min: 3392.2, Avg: 3392.3, Max: 3392.5, Diff: 0.3]
      [Ext Root Scanning (ms): Min: 0.0, Avg: 0.2, Max: 0.3, Diff: 0.3, Sum: 3.2]
      [Update RS (ms): Min: 1.4, Avg: 1.5, Max: 1.6, Diff: 0.2, Sum: 26.8]
         [Processed Buffers: Min: 4, Avg: 5.2, Max: 7, Diff: 3, Sum: 94]
      [Scan RS (ms): Min: 0.0, Avg: 0.0, Max: 0.2, Diff: 0.2, Sum: 0.9]
      [Code Root Scanning (ms): Min: 0.0, Avg: 0.0, Max: 0.0, Diff: 0.0, Sum: 0.0]
      [Object Copy (ms): Min: 8.2, Avg: 8.4, Max: 8.6, Diff: 0.5, Sum: 151.3]
      [Termination (ms): Min: 0.0, Avg: 0.2, Max: 0.5, Diff: 0.5, Sum: 4.1]
         [Termination Attempts: Min: 1, Avg: 1.0, Max: 1, Diff: 0, Sum: 18]
      [GC Worker Other (ms): Min: 0.0, Avg: 0.0, Max: 0.1, Diff: 0.0, Sum: 0.4]
      [GC Worker Total (ms): Min: 10.2, Avg: 10.4, Max: 10.5, Diff: 0.3, Sum: 186.7]
      [GC Worker End (ms): Min: 3402.7, Avg: 3402.7, Max: 3402.7, Diff: 0.0]
   [Code Root Fixup: 0.0 ms]
   [Code Root Purge: 0.0 ms]
   [Clear CT: 0.2 ms]
   [Other: 1.5 ms]
      [Choose CSet: 0.0 ms]
      [Ref Proc: 0.3 ms]
      [Ref Enq: 0.0 ms]
      [Redirty Cards: 0.3 ms]
      [Humongous Register: 0.3 ms]
      [Humongous Reclaim: 0.2 ms]
      [Free CSet: 0.2 ms]
   [Eden: 45.0M(45.0M)->0.0B(243.0M) Survivors: 6144.0K->7168.0K Heap: 566.9M(1024.0M)->510.5M(1024.0M)]
 [Times: user=0.18 sys=0.01, real=0.01 secs] 
3.405: [GC pause (G1 Humongous Allocation) (young) (initial-mark), 0.0051014 secs]
   [Parallel Time: 3.2 ms, GC Workers: 18]
      [GC Worker Start (ms): Min: 3405.7, Avg: 3405.9, Max: 3406.1, Diff: 0.5]
      [Ext Root Scanning (ms): Min: 0.0, Avg: 0.6, Max: 2.0, Diff: 2.0, Sum: 10.9]
      [Update RS (ms): Min: 0.0, Avg: 0.2, Max: 1.4, Diff: 1.4, Sum: 3.1]
         [Processed Buffers: Min: 0, Avg: 0.9, Max: 2, Diff: 2, Sum: 17]
      [Scan RS (ms): Min: 0.0, Avg: 0.0, Max: 0.0, Diff: 0.0, Sum: 0.1]
      [Code Root Scanning (ms): Min: 0.0, Avg: 0.0, Max: 0.0, Diff: 0.0, Sum: 0.0]
      [Object Copy (ms): Min: 0.4, Avg: 1.6, Max: 2.2, Diff: 1.8, Sum: 28.6]
      [Termination (ms): Min: 0.0, Avg: 0.3, Max: 0.6, Diff: 0.6, Sum: 5.9]
         [Termination Attempts: Min: 1, Avg: 1.0, Max: 1, Diff: 0, Sum: 18]
      [GC Worker Other (ms): Min: 0.0, Avg: 0.0, Max: 0.0, Diff: 0.0, Sum: 0.3]
      [GC Worker Total (ms): Min: 2.5, Avg: 2.7, Max: 2.9, Diff: 0.5, Sum: 48.9]
      [GC Worker End (ms): Min: 3408.6, Avg: 3408.6, Max: 3408.6, Diff: 0.0]
   [Code Root Fixup: 0.0 ms]
   [Code Root Purge: 0.0 ms]
   [Clear CT: 0.3 ms]
   [Other: 1.6 ms]
      [Choose CSet: 0.0 ms]
      [Ref Proc: 0.4 ms]
      [Ref Enq: 0.0 ms]
      [Redirty Cards: 0.4 ms]
      [Humongous Register: 0.2 ms]
      [Humongous Reclaim: 0.0 ms]
      [Free CSet: 0.0 ms]
   [Eden: 2048.0K(243.0M)->0.0B(239.0M) Survivors: 7168.0K->9216.0K Heap: 512.4M(1024.0M)->511.5M(1024.0M)]
 [Times: user=0.05 sys=0.00, real=0.01 secs] 
3.411: [GC concurrent-root-region-scan-start]
3.411: [GC concurrent-root-region-scan-end, 0.0004394 secs]
3.411: [GC concurrent-mark-start]
3.414: [GC concurrent-mark-end, 0.0029944 secs]
3.414: [GC remark 3.414: [Finalize Marking, 0.0004901 secs] 3.415: [GC ref-proc, 0.0004023 secs] 3.415: [Unloading, 0.0030782 secs], 0.0052639 secs]
 [Times: user=0.03 sys=0.04, real=0.01 secs] 
3.420: [GC cleanup 521M->516M(1024M), 0.0013848 secs]
 [Times: user=0.01 sys=0.00, real=0.00 secs] 
3.421: [GC concurrent-cleanup-start]
3.421: [GC concurrent-cleanup-end, 0.0000564 secs]
3.510: [GC pause (G1 Evacuation Pause) (young), 0.0246844 secs]
   [Parallel Time: 22.5 ms, GC Workers: 18]
      [GC Worker Start (ms): Min: 3510.9, Avg: 3511.3, Max: 3511.5, Diff: 0.6]
      [Ext Root Scanning (ms): Min: 0.0, Avg: 0.1, Max: 0.3, Diff: 0.3, Sum: 1.4]
      [Update RS (ms): Min: 3.3, Avg: 3.5, Max: 3.8, Diff: 0.5, Sum: 63.9]
         [Processed Buffers: Min: 9, Avg: 10.6, Max: 13, Diff: 4, Sum: 190]
      [Scan RS (ms): Min: 0.0, Avg: 0.1, Max: 0.1, Diff: 0.1, Sum: 1.3]
      [Code Root Scanning (ms): Min: 0.0, Avg: 0.0, Max: 0.0, Diff: 0.0, Sum: 0.0]
      [Object Copy (ms): Min: 17.2, Avg: 17.5, Max: 18.2, Diff: 1.0, Sum: 314.5]
      [Termination (ms): Min: 0.0, Avg: 0.7, Max: 1.0, Diff: 1.0, Sum: 12.0]
         [Termination Attempts: Min: 1, Avg: 1.1, Max: 3, Diff: 2, Sum: 20]
      [GC Worker Other (ms): Min: 0.0, Avg: 0.0, Max: 0.0, Diff: 0.0, Sum: 0.4]
      [GC Worker Total (ms): Min: 21.6, Avg: 21.9, Max: 22.2, Diff: 0.6, Sum: 393.4]
      [GC Worker End (ms): Min: 3533.1, Avg: 3533.1, Max: 3533.1, Diff: 0.0]
   [Code Root Fixup: 0.0 ms]
   [Code Root Purge: 0.0 ms]
   [Clear CT: 0.3 ms]
   [Other: 1.9 ms]
      [Choose CSet: 0.0 ms]
      [Ref Proc: 0.3 ms]
      [Ref Enq: 0.0 ms]
      [Redirty Cards: 0.3 ms]
      [Humongous Register: 0.5 ms]
      [Humongous Reclaim: 0.3 ms]
      [Free CSet: 0.4 ms]
   [Eden: 239.0M(239.0M)->0.0B(20.0M) Survivors: 9216.0K->31.0M Heap: 806.0M(1024.0M)->562.5M(1024.0M)]
 [Times: user=0.35 sys=0.04, real=0.02 secs] 
3.542: [GC pause (G1 Evacuation Pause) (mixed), 0.0201988 secs]
   [Parallel Time: 18.3 ms, GC Workers: 18]
      [GC Worker Start (ms): Min: 3542.5, Avg: 3542.7, Max: 3542.9, Diff: 0.4]
      [Ext Root Scanning (ms): Min: 0.0, Avg: 0.2, Max: 0.3, Diff: 0.3, Sum: 3.0]
      [Update RS (ms): Min: 0.5, Avg: 0.7, Max: 0.8, Diff: 0.3, Sum: 13.0]
         [Processed Buffers: Min: 2, Avg: 2.8, Max: 6, Diff: 4, Sum: 51]
      [Scan RS (ms): Min: 0.0, Avg: 0.1, Max: 0.4, Diff: 0.4, Sum: 1.3]
      [Code Root Scanning (ms): Min: 0.0, Avg: 0.0, Max: 0.0, Diff: 0.0, Sum: 0.0]
      [Object Copy (ms): Min: 15.9, Avg: 16.1, Max: 16.9, Diff: 1.0, Sum: 289.2]
      [Termination (ms): Min: 0.0, Avg: 0.8, Max: 1.0, Diff: 1.0, Sum: 14.1]
         [Termination Attempts: Min: 1, Avg: 1.1, Max: 2, Diff: 1, Sum: 20]
      [GC Worker Other (ms): Min: 0.0, Avg: 0.0, Max: 0.0, Diff: 0.0, Sum: 0.3]
      [GC Worker Total (ms): Min: 17.7, Avg: 17.8, Max: 18.0, Diff: 0.4, Sum: 320.9]
      [GC Worker End (ms): Min: 3560.5, Avg: 3560.5, Max: 3560.5, Diff: 0.0]
   [Code Root Fixup: 0.0 ms]
   [Code Root Purge: 0.0 ms]
   [Clear CT: 0.2 ms]
   [Other: 1.7 ms]
      [Choose CSet: 0.1 ms]
      [Ref Proc: 0.3 ms]
      [Ref Enq: 0.0 ms]
      [Redirty Cards: 0.3 ms]
      [Humongous Register: 0.3 ms]
      [Humongous Reclaim: 0.1 ms]
      [Free CSet: 0.5 ms]
   [Eden: 20.0M(20.0M)->0.0B(45.0M) Survivors: 31.0M->6144.0K Heap: 586.6M(1024.0M)->492.8M(1024.0M)]
 [Times: user=0.27 sys=0.05, real=0.02 secs] 
3.579: [GC pause (G1 Evacuation Pause) (mixed), 0.0142002 secs]
   [Parallel Time: 12.5 ms, GC Workers: 18]
      [GC Worker Start (ms): Min: 3579.9, Avg: 3580.3, Max: 3580.6, Diff: 0.6]
      [Ext Root Scanning (ms): Min: 0.0, Avg: 0.2, Max: 0.5, Diff: 0.5, Sum: 3.9]
      [Update RS (ms): Min: 1.5, Avg: 1.7, Max: 1.9, Diff: 0.4, Sum: 30.9]
         [Processed Buffers: Min: 5, Avg: 5.5, Max: 7, Diff: 2, Sum: 99]
      [Scan RS (ms): Min: 0.0, Avg: 0.0, Max: 0.1, Diff: 0.1, Sum: 0.6]
      [Code Root Scanning (ms): Min: 0.0, Avg: 0.0, Max: 0.0, Diff: 0.0, Sum: 0.0]
      [Object Copy (ms): Min: 9.4, Avg: 9.7, Max: 10.0, Diff: 0.6, Sum: 174.2]
      [Termination (ms): Min: 0.0, Avg: 0.2, Max: 0.3, Diff: 0.3, Sum: 2.8]
         [Termination Attempts: Min: 1, Avg: 1.2, Max: 2, Diff: 1, Sum: 21]
      [GC Worker Other (ms): Min: 0.0, Avg: 0.0, Max: 0.0, Diff: 0.0, Sum: 0.4]
      [GC Worker Total (ms): Min: 11.5, Avg: 11.8, Max: 12.1, Diff: 0.6, Sum: 212.7]
      [GC Worker End (ms): Min: 3592.1, Avg: 3592.1, Max: 3592.1, Diff: 0.0]
   [Code Root Fixup: 0.0 ms]
   [Code Root Purge: 0.0 ms]
   [Clear CT: 0.2 ms]
   [Other: 1.5 ms]
      [Choose CSet: 0.0 ms]
      [Ref Proc: 0.4 ms]
      [Ref Enq: 0.0 ms]
      [Redirty Cards: 0.3 ms]
      [Humongous Register: 0.3 ms]
      [Humongous Reclaim: 0.1 ms]
      [Free CSet: 0.2 ms]
   [Eden: 45.0M(45.0M)->0.0B(261.0M) Survivors: 6144.0K->7168.0K Heap: 547.8M(1024.0M)->491.8M(1024.0M)]
 [Times: user=0.20 sys=0.01, real=0.01 secs] 
3.595: [GC pause (G1 Humongous Allocation) (young) (initial-mark), 0.0038369 secs]
   [Parallel Time: 2.5 ms, GC Workers: 18]
      [GC Worker Start (ms): Min: 3595.0, Avg: 3595.2, Max: 3595.3, Diff: 0.3]
      [Ext Root Scanning (ms): Min: 0.0, Avg: 0.2, Max: 0.3, Diff: 0.3, Sum: 3.1]
      [Update RS (ms): Min: 0.1, Avg: 0.2, Max: 1.1, Diff: 1.1, Sum: 3.8]
         [Processed Buffers: Min: 0, Avg: 1.1, Max: 3, Diff: 3, Sum: 19]
      [Scan RS (ms): Min: 0.0, Avg: 0.0, Max: 0.0, Diff: 0.0, Sum: 0.1]
      [Code Root Scanning (ms): Min: 0.0, Avg: 0.0, Max: 0.0, Diff: 0.0, Sum: 0.0]
      [Object Copy (ms): Min: 0.7, Avg: 1.5, Max: 1.9, Diff: 1.2, Sum: 26.7]
      [Termination (ms): Min: 0.0, Avg: 0.4, Max: 0.7, Diff: 0.7, Sum: 6.4]
         [Termination Attempts: Min: 1, Avg: 1.0, Max: 1, Diff: 0, Sum: 18]
      [GC Worker Other (ms): Min: 0.0, Avg: 0.0, Max: 0.0, Diff: 0.0, Sum: 0.2]
      [GC Worker Total (ms): Min: 2.1, Avg: 2.2, Max: 2.4, Diff: 0.3, Sum: 40.3]
      [GC Worker End (ms): Min: 3597.4, Avg: 3597.4, Max: 3597.4, Diff: 0.0]
   [Code Root Fixup: 0.0 ms]
   [Code Root Purge: 0.0 ms]
   [Clear CT: 0.3 ms]
   [Other: 1.1 ms]
      [Choose CSet: 0.0 ms]
      [Ref Proc: 0.3 ms]
      [Ref Enq: 0.0 ms]
      [Redirty Cards: 0.2 ms]
      [Humongous Register: 0.2 ms]
      [Humongous Reclaim: 0.0 ms]
      [Free CSet: 0.0 ms]
   [Eden: 3072.0K(261.0M)->0.0B(272.0M) Survivors: 7168.0K->9216.0K Heap: 494.1M(1024.0M)->492.8M(1024.0M)]
 [Times: user=0.04 sys=0.00, real=0.01 secs] 
3.599: [GC concurrent-root-region-scan-start]
3.599: [GC concurrent-root-region-scan-end, 0.0001822 secs]
3.599: [GC concurrent-mark-start]
3.601: [GC concurrent-mark-end, 0.0023223 secs]
3.601: [GC remark 3.601: [Finalize Marking, 0.0004128 secs] 3.602: [GC ref-proc, 0.0003943 secs] 3.602: [Unloading, 0.0008566 secs], 0.0024125 secs]
 [Times: user=0.03 sys=0.00, real=0.00 secs] 
3.604: [GC cleanup 503M->500M(1024M), 0.0016735 secs]
 [Times: user=0.00 sys=0.01, real=0.00 secs] 
3.605: [GC concurrent-cleanup-start]
3.605: [GC concurrent-cleanup-end, 0.0000241 secs]
3.708: [GC pause (G1 Evacuation Pause) (young), 0.0320649 secs]
   [Parallel Time: 29.6 ms, GC Workers: 18]
      [GC Worker Start (ms): Min: 3708.6, Avg: 3708.9, Max: 3709.1, Diff: 0.5]
      [Ext Root Scanning (ms): Min: 0.0, Avg: 0.1, Max: 0.3, Diff: 0.3, Sum: 1.5]
      [Update RS (ms): Min: 5.0, Avg: 5.2, Max: 5.3, Diff: 0.3, Sum: 93.3]
         [Processed Buffers: Min: 13, Avg: 15.2, Max: 18, Diff: 5, Sum: 274]
      [Scan RS (ms): Min: 0.0, Avg: 0.1, Max: 0.1, Diff: 0.1, Sum: 1.0]
      [Code Root Scanning (ms): Min: 0.0, Avg: 0.0, Max: 0.0, Diff: 0.0, Sum: 0.0]
      [Object Copy (ms): Min: 23.0, Avg: 23.3, Max: 23.9, Diff: 0.9, Sum: 420.0]
      [Termination (ms): Min: 0.0, Avg: 0.5, Max: 0.8, Diff: 0.8, Sum: 9.7]
         [Termination Attempts: Min: 1, Avg: 1.1, Max: 2, Diff: 1, Sum: 20]
      [GC Worker Other (ms): Min: 0.0, Avg: 0.0, Max: 0.1, Diff: 0.1, Sum: 0.5]
      [GC Worker Total (ms): Min: 29.0, Avg: 29.2, Max: 29.5, Diff: 0.5, Sum: 525.9]
      [GC Worker End (ms): Min: 3738.1, Avg: 3738.1, Max: 3738.1, Diff: 0.0]
   [Code Root Fixup: 0.0 ms]
   [Code Root Purge: 0.0 ms]
   [Clear CT: 0.3 ms]
   [Other: 2.1 ms]
      [Choose CSet: 0.0 ms]
      [Ref Proc: 0.3 ms]
      [Ref Enq: 0.0 ms]
      [Redirty Cards: 0.2 ms]
      [Humongous Register: 0.5 ms]
      [Humongous Reclaim: 0.4 ms]
      [Free CSet: 0.4 ms]
   [Eden: 272.0M(272.0M)->0.0B(15.0M) Survivors: 9216.0K->36.0M Heap: 837.6M(1024.0M)->557.7M(1024.0M)]
 [Times: user=0.46 sys=0.07, real=0.03 secs] 
3.745: [GC pause (G1 Evacuation Pause) (mixed), 0.0155268 secs]
   [Parallel Time: 13.7 ms, GC Workers: 18]
      [GC Worker Start (ms): Min: 3745.6, Avg: 3745.8, Max: 3746.0, Diff: 0.5]
      [Ext Root Scanning (ms): Min: 0.0, Avg: 0.2, Max: 0.4, Diff: 0.4, Sum: 2.7]
      [Update RS (ms): Min: 0.0, Avg: 0.4, Max: 0.6, Diff: 0.6, Sum: 6.6]
         [Processed Buffers: Min: 1, Avg: 1.6, Max: 3, Diff: 2, Sum: 28]
      [Scan RS (ms): Min: 0.0, Avg: 0.0, Max: 0.1, Diff: 0.1, Sum: 0.6]
      [Code Root Scanning (ms): Min: 0.0, Avg: 0.0, Max: 0.0, Diff: 0.0, Sum: 0.0]
      [Object Copy (ms): Min: 11.5, Avg: 11.8, Max: 12.8, Diff: 1.3, Sum: 212.7]
      [Termination (ms): Min: 0.0, Avg: 0.8, Max: 1.1, Diff: 1.1, Sum: 14.4]
         [Termination Attempts: Min: 1, Avg: 1.2, Max: 3, Diff: 2, Sum: 22]
      [GC Worker Other (ms): Min: 0.0, Avg: 0.0, Max: 0.0, Diff: 0.0, Sum: 0.3]
      [GC Worker Total (ms): Min: 13.0, Avg: 13.2, Max: 13.4, Diff: 0.5, Sum: 237.4]
      [GC Worker End (ms): Min: 3759.0, Avg: 3759.0, Max: 3759.0, Diff: 0.0]
   [Code Root Fixup: 0.0 ms]
   [Code Root Purge: 0.0 ms]
   [Clear CT: 0.2 ms]
   [Other: 1.6 ms]
      [Choose CSet: 0.1 ms]
      [Ref Proc: 0.3 ms]
      [Ref Enq: 0.0 ms]
      [Redirty Cards: 0.3 ms]
      [Humongous Register: 0.4 ms]
      [Humongous Reclaim: 0.1 ms]
      [Free CSet: 0.2 ms]
   [Eden: 15.0M(15.0M)->0.0B(47.0M) Survivors: 36.0M->4096.0K Heap: 573.9M(1024.0M)->531.7M(1024.0M)]
 [Times: user=0.19 sys=0.03, real=0.02 secs] 
3.777: [GC pause (G1 Evacuation Pause) (mixed), 0.0134295 secs]
   [Parallel Time: 11.8 ms, GC Workers: 18]
      [GC Worker Start (ms): Min: 3777.4, Avg: 3777.6, Max: 3777.7, Diff: 0.3]
      [Ext Root Scanning (ms): Min: 0.1, Avg: 0.2, Max: 0.4, Diff: 0.3, Sum: 3.1]
      [Update RS (ms): Min: 1.9, Avg: 2.1, Max: 2.2, Diff: 0.3, Sum: 37.8]
         [Processed Buffers: Min: 6, Avg: 6.9, Max: 8, Diff: 2, Sum: 124]
      [Scan RS (ms): Min: 0.0, Avg: 0.0, Max: 0.1, Diff: 0.1, Sum: 0.6]
      [Code Root Scanning (ms): Min: 0.0, Avg: 0.0, Max: 0.0, Diff: 0.0, Sum: 0.0]
      [Object Copy (ms): Min: 8.4, Avg: 8.7, Max: 9.2, Diff: 0.8, Sum: 155.9]
      [Termination (ms): Min: 0.0, Avg: 0.5, Max: 0.8, Diff: 0.8, Sum: 8.2]
         [Termination Attempts: Min: 1, Avg: 1.0, Max: 1, Diff: 0, Sum: 18]
      [GC Worker Other (ms): Min: 0.0, Avg: 0.0, Max: 0.0, Diff: 0.0, Sum: 0.4]
      [GC Worker Total (ms): Min: 11.3, Avg: 11.4, Max: 11.6, Diff: 0.3, Sum: 206.0]
      [GC Worker End (ms): Min: 3789.0, Avg: 3789.0, Max: 3789.0, Diff: 0.0]
   [Code Root Fixup: 0.0 ms]
   [Code Root Purge: 0.0 ms]
   [Clear CT: 0.2 ms]
   [Other: 1.4 ms]
      [Choose CSet: 0.0 ms]
      [Ref Proc: 0.2 ms]
      [Ref Enq: 0.0 ms]
      [Redirty Cards: 0.3 ms]
      [Humongous Register: 0.3 ms]
      [Humongous Reclaim: 0.1 ms]
      [Free CSet: 0.2 ms]
   [Eden: 47.0M(47.0M)->0.0B(44.0M) Survivors: 4096.0K->7168.0K Heap: 591.8M(1024.0M)->522.7M(1024.0M)]
 [Times: user=0.18 sys=0.02, real=0.02 secs] 
3.806: [GC pause (G1 Evacuation Pause) (mixed), 0.0127171 secs]
   [Parallel Time: 11.1 ms, GC Workers: 18]
      [GC Worker Start (ms): Min: 3806.5, Avg: 3806.8, Max: 3807.0, Diff: 0.4]
      [Ext Root Scanning (ms): Min: 0.0, Avg: 0.1, Max: 0.4, Diff: 0.4, Sum: 2.5]
      [Update RS (ms): Min: 1.4, Avg: 1.5, Max: 1.6, Diff: 0.2, Sum: 27.1]
         [Processed Buffers: Min: 4, Avg: 5.4, Max: 7, Diff: 3, Sum: 98]
      [Scan RS (ms): Min: 0.0, Avg: 0.1, Max: 0.5, Diff: 0.5, Sum: 1.8]
      [Code Root Scanning (ms): Min: 0.0, Avg: 0.0, Max: 0.2, Diff: 0.2, Sum: 0.2]
      [Object Copy (ms): Min: 8.1, Avg: 8.5, Max: 9.0, Diff: 0.9, Sum: 153.8]
      [Termination (ms): Min: 0.0, Avg: 0.4, Max: 0.6, Diff: 0.6, Sum: 6.3]
         [Termination Attempts: Min: 1, Avg: 1.0, Max: 1, Diff: 0, Sum: 18]
      [GC Worker Other (ms): Min: 0.0, Avg: 0.0, Max: 0.1, Diff: 0.0, Sum: 0.5]
      [GC Worker Total (ms): Min: 10.5, Avg: 10.7, Max: 10.9, Diff: 0.5, Sum: 192.1]
      [GC Worker End (ms): Min: 3817.4, Avg: 3817.4, Max: 3817.5, Diff: 0.0]
   [Code Root Fixup: 0.0 ms]
   [Code Root Purge: 0.0 ms]
   [Clear CT: 0.2 ms]
   [Other: 1.4 ms]
      [Choose CSet: 0.0 ms]
      [Ref Proc: 0.3 ms]
      [Ref Enq: 0.0 ms]
      [Redirty Cards: 0.3 ms]
      [Humongous Register: 0.3 ms]
      [Humongous Reclaim: 0.1 ms]
      [Free CSet: 0.2 ms]
   [Eden: 44.0M(44.0M)->0.0B(44.0M) Survivors: 7168.0K->7168.0K Heap: 576.6M(1024.0M)->514.5M(1024.0M)]
 [Times: user=0.18 sys=0.01, real=0.02 secs] 
3.834: [GC pause (G1 Evacuation Pause) (mixed), 0.0097700 secs]
   [Parallel Time: 8.4 ms, GC Workers: 18]
      [GC Worker Start (ms): Min: 3833.8, Avg: 3834.0, Max: 3834.2, Diff: 0.5]
      [Ext Root Scanning (ms): Min: 0.0, Avg: 0.1, Max: 0.3, Diff: 0.3, Sum: 2.1]
      [Update RS (ms): Min: 1.0, Avg: 1.3, Max: 1.5, Diff: 0.5, Sum: 22.9]
         [Processed Buffers: Min: 3, Avg: 4.1, Max: 5, Diff: 2, Sum: 74]
      [Scan RS (ms): Min: 0.0, Avg: 0.0, Max: 0.1, Diff: 0.1, Sum: 0.3]
      [Code Root Scanning (ms): Min: 0.0, Avg: 0.0, Max: 0.0, Diff: 0.0, Sum: 0.0]
      [Object Copy (ms): Min: 5.7, Avg: 6.1, Max: 6.6, Diff: 0.9, Sum: 110.2]
      [Termination (ms): Min: 0.0, Avg: 0.4, Max: 0.7, Diff: 0.7, Sum: 6.4]
         [Termination Attempts: Min: 1, Avg: 1.0, Max: 1, Diff: 0, Sum: 18]
      [GC Worker Other (ms): Min: 0.0, Avg: 0.0, Max: 0.0, Diff: 0.0, Sum: 0.3]
      [GC Worker Total (ms): Min: 7.7, Avg: 7.9, Max: 8.2, Diff: 0.5, Sum: 142.2]
      [GC Worker End (ms): Min: 3841.9, Avg: 3841.9, Max: 3841.9, Diff: 0.0]
   [Code Root Fixup: 0.0 ms]
   [Code Root Purge: 0.0 ms]
   [Clear CT: 0.2 ms]
   [Other: 1.1 ms]
      [Choose CSet: 0.0 ms]
      [Ref Proc: 0.3 ms]
      [Ref Enq: 0.0 ms]
      [Redirty Cards: 0.3 ms]
      [Humongous Register: 0.1 ms]
      [Humongous Reclaim: 0.1 ms]
      [Free CSet: 0.1 ms]
   [Eden: 44.0M(44.0M)->0.0B(44.0M) Survivors: 7168.0K->7168.0K Heap: 565.4M(1024.0M)->521.0M(1024.0M)]
 [Times: user=0.14 sys=0.00, real=0.01 secs] 
3.847: [GC pause (G1 Humongous Allocation) (young) (initial-mark), 0.0046849 secs]
   [Parallel Time: 3.4 ms, GC Workers: 18]
      [GC Worker Start (ms): Min: 3847.1, Avg: 3847.3, Max: 3847.5, Diff: 0.4]
      [Ext Root Scanning (ms): Min: 0.0, Avg: 0.2, Max: 0.4, Diff: 0.4, Sum: 4.2]
      [Update RS (ms): Min: 0.0, Avg: 0.1, Max: 0.5, Diff: 0.5, Sum: 1.9]
         [Processed Buffers: Min: 0, Avg: 1.1, Max: 2, Diff: 2, Sum: 19]
      [Scan RS (ms): Min: 0.0, Avg: 0.0, Max: 0.0, Diff: 0.0, Sum: 0.1]
      [Code Root Scanning (ms): Min: 0.0, Avg: 0.0, Max: 0.0, Diff: 0.0, Sum: 0.0]
      [Object Copy (ms): Min: 1.7, Avg: 2.3, Max: 2.7, Diff: 1.0, Sum: 42.2]
      [Termination (ms): Min: 0.0, Avg: 0.3, Max: 0.6, Diff: 0.6, Sum: 5.8]
         [Termination Attempts: Min: 1, Avg: 1.0, Max: 1, Diff: 0, Sum: 18]
      [GC Worker Other (ms): Min: 0.0, Avg: 0.0, Max: 0.0, Diff: 0.0, Sum: 0.2]
      [GC Worker Total (ms): Min: 2.8, Avg: 3.0, Max: 3.2, Diff: 0.4, Sum: 54.3]
      [GC Worker End (ms): Min: 3850.3, Avg: 3850.3, Max: 3850.3, Diff: 0.0]
   [Code Root Fixup: 0.0 ms]
   [Code Root Purge: 0.0 ms]
   [Clear CT: 0.3 ms]
   [Other: 1.0 ms]
      [Choose CSet: 0.0 ms]
      [Ref Proc: 0.2 ms]
      [Ref Enq: 0.0 ms]
      [Redirty Cards: 0.2 ms]
      [Humongous Register: 0.2 ms]
      [Humongous Reclaim: 0.0 ms]
      [Free CSet: 0.0 ms]
   [Eden: 10.0M(44.0M)->0.0B(48.0M) Survivors: 7168.0K->3072.0K Heap: 530.7M(1024.0M)->521.7M(1024.0M)]
 [Times: user=0.05 sys=0.00, real=0.01 secs] 
3.851: [GC concurrent-root-region-scan-start]
3.852: [GC concurrent-root-region-scan-end, 0.0001787 secs]
3.852: [GC concurrent-mark-start]
3.854: [GC concurrent-mark-end, 0.0023190 secs]
3.854: [GC remark 3.854: [Finalize Marking, 0.0005190 secs] 3.855: [GC ref-proc, 0.0003966 secs] 3.855: [Unloading, 0.0009252 secs], 0.0027373 secs]
 [Times: user=0.03 sys=0.00, real=0.00 secs] 
3.857: [GC cleanup 531M->527M(1024M), 0.0015669 secs]
 [Times: user=0.01 sys=0.00, real=0.01 secs] 
3.859: [GC concurrent-cleanup-start]
3.859: [GC concurrent-cleanup-end, 0.0000463 secs]
3.873: [GC pause (G1 Evacuation Pause) (young), 0.0080200 secs]
   [Parallel Time: 6.6 ms, GC Workers: 18]
      [GC Worker Start (ms): Min: 3873.7, Avg: 3873.8, Max: 3873.9, Diff: 0.3]
      [Ext Root Scanning (ms): Min: 0.1, Avg: 0.2, Max: 0.3, Diff: 0.3, Sum: 3.8]
      [Update RS (ms): Min: 1.6, Avg: 1.7, Max: 1.9, Diff: 0.3, Sum: 31.0]
         [Processed Buffers: Min: 5, Avg: 5.4, Max: 7, Diff: 2, Sum: 98]
      [Scan RS (ms): Min: 0.0, Avg: 0.0, Max: 0.0, Diff: 0.0, Sum: 0.3]
      [Code Root Scanning (ms): Min: 0.0, Avg: 0.0, Max: 0.0, Diff: 0.0, Sum: 0.0]
      [Object Copy (ms): Min: 3.6, Avg: 4.0, Max: 4.4, Diff: 0.8, Sum: 72.4]
      [Termination (ms): Min: 0.0, Avg: 0.3, Max: 0.8, Diff: 0.8, Sum: 5.3]
         [Termination Attempts: Min: 1, Avg: 1.0, Max: 1, Diff: 0, Sum: 18]
      [GC Worker Other (ms): Min: 0.0, Avg: 0.0, Max: 0.0, Diff: 0.0, Sum: 0.3]
      [GC Worker Total (ms): Min: 6.2, Avg: 6.3, Max: 6.4, Diff: 0.3, Sum: 113.1]
      [GC Worker End (ms): Min: 3880.1, Avg: 3880.1, Max: 3880.1, Diff: 0.0]
   [Code Root Fixup: 0.0 ms]
   [Code Root Purge: 0.0 ms]
   [Clear CT: 0.2 ms]
   [Other: 1.2 ms]
      [Choose CSet: 0.0 ms]
      [Ref Proc: 0.3 ms]
      [Ref Enq: 0.0 ms]
      [Redirty Cards: 0.3 ms]
      [Humongous Register: 0.3 ms]
      [Humongous Reclaim: 0.1 ms]
      [Free CSet: 0.1 ms]
   [Eden: 48.0M(48.0M)->0.0B(44.0M) Survivors: 3072.0K->7168.0K Heap: 576.0M(1024.0M)->531.1M(1024.0M)]
 [Times: user=0.11 sys=0.00, real=0.01 secs] 
3.896: [GC pause (G1 Evacuation Pause) (mixed), 0.0107273 secs]
   [Parallel Time: 9.1 ms, GC Workers: 18]
      [GC Worker Start (ms): Min: 3896.0, Avg: 3896.2, Max: 3896.4, Diff: 0.4]
      [Ext Root Scanning (ms): Min: 0.0, Avg: 0.2, Max: 0.4, Diff: 0.3, Sum: 3.3]
      [Update RS (ms): Min: 1.1, Avg: 1.3, Max: 1.4, Diff: 0.3, Sum: 22.9]
         [Processed Buffers: Min: 3, Avg: 4.2, Max: 6, Diff: 3, Sum: 75]
      [Scan RS (ms): Min: 0.0, Avg: 0.1, Max: 0.3, Diff: 0.3, Sum: 1.2]
      [Code Root Scanning (ms): Min: 0.0, Avg: 0.0, Max: 0.0, Diff: 0.0, Sum: 0.0]
      [Object Copy (ms): Min: 6.5, Avg: 6.8, Max: 7.1, Diff: 0.7, Sum: 122.3]
      [Termination (ms): Min: 0.0, Avg: 0.3, Max: 0.5, Diff: 0.5, Sum: 5.6]
         [Termination Attempts: Min: 1, Avg: 1.1, Max: 2, Diff: 1, Sum: 20]
      [GC Worker Other (ms): Min: 0.0, Avg: 0.0, Max: 0.0, Diff: 0.0, Sum: 0.4]
      [GC Worker Total (ms): Min: 8.5, Avg: 8.7, Max: 8.9, Diff: 0.4, Sum: 155.7]
      [GC Worker End (ms): Min: 3904.8, Avg: 3904.9, Max: 3904.9, Diff: 0.0]
   [Code Root Fixup: 0.0 ms]
   [Code Root Purge: 0.0 ms]
   [Clear CT: 0.2 ms]
   [Other: 1.4 ms]
      [Choose CSet: 0.0 ms]
      [Ref Proc: 0.3 ms]
      [Ref Enq: 0.0 ms]
      [Redirty Cards: 0.3 ms]
      [Humongous Register: 0.3 ms]
      [Humongous Reclaim: 0.1 ms]
      [Free CSet: 0.2 ms]
   [Eden: 44.0M(44.0M)->0.0B(44.0M) Survivors: 7168.0K->7168.0K Heap: 582.8M(1024.0M)->503.8M(1024.0M)]
 [Times: user=0.15 sys=0.01, real=0.01 secs] 
3.922: [GC pause (G1 Evacuation Pause) (mixed), 0.0119878 secs]
   [Parallel Time: 10.5 ms, GC Workers: 18]
      [GC Worker Start (ms): Min: 3922.7, Avg: 3922.8, Max: 3923.0, Diff: 0.3]
      [Ext Root Scanning (ms): Min: 0.0, Avg: 0.2, Max: 0.3, Diff: 0.3, Sum: 2.7]
      [Update RS (ms): Min: 1.5, Avg: 1.6, Max: 1.8, Diff: 0.3, Sum: 29.0]
         [Processed Buffers: Min: 5, Avg: 5.5, Max: 7, Diff: 2, Sum: 99]
      [Scan RS (ms): Min: 0.0, Avg: 0.0, Max: 0.1, Diff: 0.1, Sum: 0.8]
      [Code Root Scanning (ms): Min: 0.0, Avg: 0.0, Max: 0.0, Diff: 0.0, Sum: 0.0]
      [Object Copy (ms): Min: 7.7, Avg: 8.0, Max: 8.3, Diff: 0.6, Sum: 144.0]
      [Termination (ms): Min: 0.0, Avg: 0.3, Max: 0.5, Diff: 0.5, Sum: 6.2]
         [Termination Attempts: Min: 1, Avg: 1.1, Max: 2, Diff: 1, Sum: 19]
      [GC Worker Other (ms): Min: 0.0, Avg: 0.0, Max: 0.0, Diff: 0.0, Sum: 0.3]
      [GC Worker Total (ms): Min: 10.0, Avg: 10.2, Max: 10.3, Diff: 0.3, Sum: 183.0]
      [GC Worker End (ms): Min: 3933.0, Avg: 3933.0, Max: 3933.0, Diff: 0.0]
   [Code Root Fixup: 0.0 ms]
   [Code Root Purge: 0.0 ms]
   [Clear CT: 0.2 ms]
   [Other: 1.2 ms]
      [Choose CSet: 0.0 ms]
      [Ref Proc: 0.2 ms]
      [Ref Enq: 0.0 ms]
      [Redirty Cards: 0.2 ms]
      [Humongous Register: 0.3 ms]
      [Humongous Reclaim: 0.1 ms]
      [Free CSet: 0.2 ms]
   [Eden: 44.0M(44.0M)->0.0B(44.0M) Survivors: 7168.0K->7168.0K Heap: 557.7M(1024.0M)->488.2M(1024.0M)]
 [Times: user=0.18 sys=0.00, real=0.01 secs] 
3.950: [GC pause (G1 Evacuation Pause) (mixed), 0.0145907 secs]
   [Parallel Time: 12.9 ms, GC Workers: 18]
      [GC Worker Start (ms): Min: 3950.5, Avg: 3950.7, Max: 3950.9, Diff: 0.4]
      [Ext Root Scanning (ms): Min: 0.0, Avg: 0.1, Max: 0.3, Diff: 0.3, Sum: 2.3]
      [Update RS (ms): Min: 1.8, Avg: 2.0, Max: 2.2, Diff: 0.3, Sum: 35.7]
         [Processed Buffers: Min: 6, Avg: 6.6, Max: 8, Diff: 2, Sum: 118]
      [Scan RS (ms): Min: 0.0, Avg: 0.0, Max: 0.2, Diff: 0.1, Sum: 0.7]
      [Code Root Scanning (ms): Min: 0.0, Avg: 0.0, Max: 0.1, Diff: 0.1, Sum: 0.1]
      [Object Copy (ms): Min: 9.8, Avg: 10.0, Max: 10.4, Diff: 0.6, Sum: 180.3]
      [Termination (ms): Min: 0.0, Avg: 0.3, Max: 0.5, Diff: 0.5, Sum: 5.9]
         [Termination Attempts: Min: 1, Avg: 1.0, Max: 1, Diff: 0, Sum: 18]
      [GC Worker Other (ms): Min: 0.0, Avg: 0.0, Max: 0.1, Diff: 0.1, Sum: 0.6]
      [GC Worker Total (ms): Min: 12.4, Avg: 12.5, Max: 12.7, Diff: 0.4, Sum: 225.5]
      [GC Worker End (ms): Min: 3963.2, Avg: 3963.2, Max: 3963.2, Diff: 0.0]
   [Code Root Fixup: 0.0 ms]
   [Code Root Purge: 0.0 ms]
   [Clear CT: 0.3 ms]
   [Other: 1.4 ms]
      [Choose CSet: 0.0 ms]
      [Ref Proc: 0.3 ms]
      [Ref Enq: 0.0 ms]
      [Redirty Cards: 0.3 ms]
      [Humongous Register: 0.3 ms]
      [Humongous Reclaim: 0.1 ms]
      [Free CSet: 0.2 ms]
   [Eden: 44.0M(44.0M)->0.0B(44.0M) Survivors: 7168.0K->7168.0K Heap: 544.5M(1024.0M)->481.1M(1024.0M)]
 [Times: user=0.21 sys=0.01, real=0.01 secs] 
3.979: [GC pause (G1 Evacuation Pause) (mixed), 0.0130141 secs]
   [Parallel Time: 11.4 ms, GC Workers: 18]
      [GC Worker Start (ms): Min: 3979.7, Avg: 3979.8, Max: 3980.0, Diff: 0.3]
      [Ext Root Scanning (ms): Min: 0.0, Avg: 0.2, Max: 0.3, Diff: 0.3, Sum: 3.2]
      [Update RS (ms): Min: 1.4, Avg: 1.5, Max: 1.6, Diff: 0.2, Sum: 26.9]
         [Processed Buffers: Min: 4, Avg: 5.3, Max: 8, Diff: 4, Sum: 96]
      [Scan RS (ms): Min: 0.0, Avg: 0.0, Max: 0.2, Diff: 0.2, Sum: 0.7]
      [Code Root Scanning (ms): Min: 0.0, Avg: 0.0, Max: 0.0, Diff: 0.0, Sum: 0.0]
      [Object Copy (ms): Min: 8.5, Avg: 8.9, Max: 9.2, Diff: 0.7, Sum: 160.3]
      [Termination (ms): Min: 0.0, Avg: 0.3, Max: 0.8, Diff: 0.8, Sum: 6.0]
         [Termination Attempts: Min: 1, Avg: 1.0, Max: 1, Diff: 0, Sum: 18]
      [GC Worker Other (ms): Min: 0.0, Avg: 0.0, Max: 0.0, Diff: 0.0, Sum: 0.3]
      [GC Worker Total (ms): Min: 10.8, Avg: 11.0, Max: 11.1, Diff: 0.3, Sum: 197.5]
      [GC Worker End (ms): Min: 3990.8, Avg: 3990.8, Max: 3990.8, Diff: 0.0]
   [Code Root Fixup: 0.0 ms]
   [Code Root Purge: 0.0 ms]
   [Clear CT: 0.2 ms]
   [Other: 1.4 ms]
      [Choose CSet: 0.0 ms]
      [Ref Proc: 0.3 ms]
      [Ref Enq: 0.0 ms]
      [Redirty Cards: 0.3 ms]
      [Humongous Register: 0.3 ms]
      [Humongous Reclaim: 0.1 ms]
      [Free CSet: 0.2 ms]
   [Eden: 44.0M(44.0M)->0.0B(44.0M) Survivors: 7168.0K->7168.0K Heap: 534.7M(1024.0M)->467.9M(1024.0M)]
 [Times: user=0.18 sys=0.01, real=0.01 secs] 
4.009: [GC pause (G1 Evacuation Pause) (mixed), 0.0099388 secs]
   [Parallel Time: 8.6 ms, GC Workers: 18]
      [GC Worker Start (ms): Min: 4009.6, Avg: 4009.8, Max: 4010.0, Diff: 0.4]
      [Ext Root Scanning (ms): Min: 0.0, Avg: 0.2, Max: 0.4, Diff: 0.4, Sum: 2.8]
      [Update RS (ms): Min: 2.5, Avg: 2.8, Max: 3.0, Diff: 0.4, Sum: 49.5]
         [Processed Buffers: Min: 7, Avg: 8.4, Max: 10, Diff: 3, Sum: 152]
      [Scan RS (ms): Min: 0.0, Avg: 0.0, Max: 0.0, Diff: 0.0, Sum: 0.2]
      [Code Root Scanning (ms): Min: 0.0, Avg: 0.0, Max: 0.0, Diff: 0.0, Sum: 0.0]
      [Object Copy (ms): Min: 4.9, Avg: 5.3, Max: 5.6, Diff: 0.7, Sum: 94.7]
      [Termination (ms): Min: 0.0, Avg: 0.2, Max: 0.3, Diff: 0.3, Sum: 3.1]
         [Termination Attempts: Min: 1, Avg: 1.1, Max: 2, Diff: 1, Sum: 19]
      [GC Worker Other (ms): Min: 0.0, Avg: 0.0, Max: 0.0, Diff: 0.0, Sum: 0.3]
      [GC Worker Total (ms): Min: 8.2, Avg: 8.4, Max: 8.6, Diff: 0.4, Sum: 150.7]
      [GC Worker End (ms): Min: 4018.1, Avg: 4018.1, Max: 4018.2, Diff: 0.0]
   [Code Root Fixup: 0.0 ms]
   [Code Root Purge: 0.0 ms]
   [Clear CT: 0.2 ms]
   [Other: 1.1 ms]
      [Choose CSet: 0.0 ms]
      [Ref Proc: 0.3 ms]
      [Ref Enq: 0.0 ms]
      [Redirty Cards: 0.3 ms]
      [Humongous Register: 0.1 ms]
      [Humongous Reclaim: 0.1 ms]
      [Free CSet: 0.1 ms]
   [Eden: 44.0M(44.0M)->0.0B(62.0M) Survivors: 7168.0K->7168.0K Heap: 528.4M(1024.0M)->481.9M(1024.0M)]
 [Times: user=0.15 sys=0.01, real=0.01 secs] 
4.020: [GC pause (G1 Humongous Allocation) (young) (initial-mark), 0.0036447 secs]
   [Parallel Time: 2.4 ms, GC Workers: 18]
      [GC Worker Start (ms): Min: 4020.1, Avg: 4020.3, Max: 4020.5, Diff: 0.3]
      [Ext Root Scanning (ms): Min: 0.0, Avg: 0.2, Max: 0.3, Diff: 0.3, Sum: 3.2]
      [Update RS (ms): Min: 0.0, Avg: 0.2, Max: 1.0, Diff: 1.0, Sum: 3.4]
         [Processed Buffers: Min: 0, Avg: 0.9, Max: 3, Diff: 3, Sum: 16]
      [Scan RS (ms): Min: 0.0, Avg: 0.0, Max: 0.0, Diff: 0.0, Sum: 0.1]
      [Code Root Scanning (ms): Min: 0.0, Avg: 0.0, Max: 0.0, Diff: 0.0, Sum: 0.0]
      [Object Copy (ms): Min: 0.6, Avg: 1.4, Max: 1.8, Diff: 1.1, Sum: 25.9]
      [Termination (ms): Min: 0.0, Avg: 0.3, Max: 0.5, Diff: 0.5, Sum: 4.7]
         [Termination Attempts: Min: 1, Avg: 1.2, Max: 3, Diff: 2, Sum: 22]
      [GC Worker Other (ms): Min: 0.0, Avg: 0.0, Max: 0.0, Diff: 0.0, Sum: 0.2]
      [GC Worker Total (ms): Min: 1.9, Avg: 2.1, Max: 2.3, Diff: 0.3, Sum: 37.4]
      [GC Worker End (ms): Min: 4022.4, Avg: 4022.4, Max: 4022.4, Diff: 0.0]
   [Code Root Fixup: 0.0 ms]
   [Code Root Purge: 0.0 ms]
   [Clear CT: 0.3 ms]
   [Other: 0.9 ms]
      [Choose CSet: 0.0 ms]
      [Ref Proc: 0.3 ms]
      [Ref Enq: 0.0 ms]
      [Redirty Cards: 0.2 ms]
      [Humongous Register: 0.2 ms]
      [Humongous Reclaim: 0.0 ms]
      [Free CSet: 0.0 ms]
   [Eden: 1024.0K(62.0M)->0.0B(135.0M) Survivors: 7168.0K->1024.0K Heap: 482.5M(1024.0M)->482.5M(1024.0M)]
 [Times: user=0.03 sys=0.00, real=0.00 secs] 
4.024: [GC concurrent-root-region-scan-start]
4.024: [GC concurrent-root-region-scan-end, 0.0002284 secs]
4.024: [GC concurrent-mark-start]
4.026: [GC concurrent-mark-end, 0.0024439 secs]
4.026: [GC remark 4.026: [Finalize Marking, 0.0004583 secs] 4.027: [GC ref-proc, 0.0004032 secs] 4.027: [Unloading, 0.0009792 secs], 0.0027327 secs]
 [Times: user=0.02 sys=0.00, real=0.01 secs] 
4.029: [GC cleanup 493M->490M(1024M), 0.0016799 secs]
 [Times: user=0.01 sys=0.00, real=0.00 secs] 
4.031: [GC concurrent-cleanup-start]
4.031: [GC concurrent-cleanup-end, 0.0000239 secs]
4.079: [GC pause (G1 Evacuation Pause) (young), 0.0228894 secs]
   [Parallel Time: 20.9 ms, GC Workers: 18]
      [GC Worker Start (ms): Min: 4080.0, Avg: 4080.4, Max: 4080.7, Diff: 0.7]
      [Ext Root Scanning (ms): Min: 0.0, Avg: 0.2, Max: 0.6, Diff: 0.6, Sum: 3.2]
      [Update RS (ms): Min: 6.0, Avg: 6.2, Max: 6.4, Diff: 0.4, Sum: 112.0]
         [Processed Buffers: Min: 14, Avg: 16.7, Max: 20, Diff: 6, Sum: 301]
      [Scan RS (ms): Min: 0.0, Avg: 0.0, Max: 0.1, Diff: 0.1, Sum: 0.5]
      [Code Root Scanning (ms): Min: 0.0, Avg: 0.0, Max: 0.0, Diff: 0.0, Sum: 0.0]
      [Object Copy (ms): Min: 12.5, Avg: 12.9, Max: 13.6, Diff: 1.1, Sum: 232.6]
      [Termination (ms): Min: 0.0, Avg: 0.9, Max: 1.2, Diff: 1.2, Sum: 15.9]
         [Termination Attempts: Min: 1, Avg: 1.0, Max: 1, Diff: 0, Sum: 18]
      [GC Worker Other (ms): Min: 0.0, Avg: 0.0, Max: 0.1, Diff: 0.0, Sum: 0.5]
      [GC Worker Total (ms): Min: 20.0, Avg: 20.3, Max: 20.7, Diff: 0.7, Sum: 364.7]
      [GC Worker End (ms): Min: 4100.7, Avg: 4100.7, Max: 4100.7, Diff: 0.0]
   [Code Root Fixup: 0.0 ms]
   [Code Root Purge: 0.0 ms]
   [Clear CT: 0.2 ms]
   [Other: 1.7 ms]
      [Choose CSet: 0.0 ms]
      [Ref Proc: 0.3 ms]
      [Ref Enq: 0.0 ms]
      [Redirty Cards: 0.3 ms]
      [Humongous Register: 0.4 ms]
      [Humongous Reclaim: 0.2 ms]
      [Free CSet: 0.2 ms]
   [Eden: 135.0M(135.0M)->0.0B(34.0M) Survivors: 1024.0K->17.0M Heap: 650.6M(1024.0M)->528.0M(1024.0M)]
 [Times: user=0.32 sys=0.03, real=0.02 secs] 
4.115: [GC pause (G1 Evacuation Pause) (mixed), 0.0142159 secs]
   [Parallel Time: 12.6 ms, GC Workers: 18]
      [GC Worker Start (ms): Min: 4115.4, Avg: 4115.8, Max: 4118.2, Diff: 2.7]
      [Ext Root Scanning (ms): Min: 0.0, Avg: 0.2, Max: 0.4, Diff: 0.4, Sum: 2.8]
      [Update RS (ms): Min: 0.0, Avg: 2.1, Max: 2.4, Diff: 2.4, Sum: 37.1]
         [Processed Buffers: Min: 0, Avg: 6.6, Max: 8, Diff: 8, Sum: 118]
      [Scan RS (ms): Min: 0.0, Avg: 0.0, Max: 0.2, Diff: 0.1, Sum: 0.7]
      [Code Root Scanning (ms): Min: 0.0, Avg: 0.0, Max: 0.0, Diff: 0.0, Sum: 0.0]
      [Object Copy (ms): Min: 8.8, Avg: 9.1, Max: 9.8, Diff: 0.9, Sum: 164.7]
      [Termination (ms): Min: 0.0, Avg: 0.5, Max: 0.7, Diff: 0.7, Sum: 8.3]
         [Termination Attempts: Min: 1, Avg: 1.2, Max: 2, Diff: 1, Sum: 21]
      [GC Worker Other (ms): Min: 0.0, Avg: 0.0, Max: 0.0, Diff: 0.0, Sum: 0.4]
      [GC Worker Total (ms): Min: 9.6, Avg: 11.9, Max: 12.3, Diff: 2.7, Sum: 214.0]
      [GC Worker End (ms): Min: 4127.7, Avg: 4127.7, Max: 4127.7, Diff: 0.0]
   [Code Root Fixup: 0.0 ms]
   [Code Root Purge: 0.0 ms]
   [Clear CT: 0.2 ms]
   [Other: 1.4 ms]
      [Choose CSet: 0.0 ms]
      [Ref Proc: 0.3 ms]
      [Ref Enq: 0.0 ms]
      [Redirty Cards: 0.3 ms]
      [Humongous Register: 0.3 ms]
      [Humongous Reclaim: 0.1 ms]
      [Free CSet: 0.2 ms]
   [Eden: 34.0M(34.0M)->0.0B(44.0M) Survivors: 17.0M->7168.0K Heap: 574.7M(1024.0M)->507.0M(1024.0M)]
 [Times: user=0.15 sys=0.01, real=0.02 secs] 
4.145: [GC pause (G1 Evacuation Pause) (mixed), 0.0157934 secs]
   [Parallel Time: 14.1 ms, GC Workers: 18]
      [GC Worker Start (ms): Min: 4145.7, Avg: 4146.0, Max: 4146.2, Diff: 0.4]
      [Ext Root Scanning (ms): Min: 0.0, Avg: 0.1, Max: 0.4, Diff: 0.4, Sum: 2.5]
      [Update RS (ms): Min: 1.9, Avg: 2.1, Max: 2.4, Diff: 0.5, Sum: 38.5]
         [Processed Buffers: Min: 5, Avg: 6.9, Max: 9, Diff: 4, Sum: 125]
      [Scan RS (ms): Min: 0.0, Avg: 0.0, Max: 0.3, Diff: 0.2, Sum: 0.9]
      [Code Root Scanning (ms): Min: 0.0, Avg: 0.0, Max: 0.0, Diff: 0.0, Sum: 0.0]
      [Object Copy (ms): Min: 10.7, Avg: 11.1, Max: 11.4, Diff: 0.7, Sum: 199.0]
      [Termination (ms): Min: 0.0, Avg: 0.2, Max: 0.4, Diff: 0.4, Sum: 4.1]
         [Termination Attempts: Min: 1, Avg: 1.0, Max: 1, Diff: 0, Sum: 18]
      [GC Worker Other (ms): Min: 0.0, Avg: 0.0, Max: 0.0, Diff: 0.0, Sum: 0.5]
      [GC Worker Total (ms): Min: 13.5, Avg: 13.6, Max: 13.9, Diff: 0.4, Sum: 245.5]
      [GC Worker End (ms): Min: 4159.6, Avg: 4159.6, Max: 4159.6, Diff: 0.0]
   [Code Root Fixup: 0.0 ms]
   [Code Root Purge: 0.0 ms]
   [Clear CT: 0.3 ms]
   [Other: 1.4 ms]
      [Choose CSet: 0.1 ms]
      [Ref Proc: 0.2 ms]
      [Ref Enq: 0.0 ms]
      [Redirty Cards: 0.3 ms]
      [Humongous Register: 0.3 ms]
      [Humongous Reclaim: 0.1 ms]
      [Free CSet: 0.3 ms]
   [Eden: 44.0M(44.0M)->0.0B(44.0M) Survivors: 7168.0K->7168.0K Heap: 564.2M(1024.0M)->488.6M(1024.0M)]
 [Times: user=0.24 sys=0.01, real=0.02 secs] 
4.179: [GC pause (G1 Evacuation Pause) (mixed), 0.0113703 secs]
   [Parallel Time: 9.8 ms, GC Workers: 18]
      [GC Worker Start (ms): Min: 4179.2, Avg: 4179.4, Max: 4179.6, Diff: 0.4]
      [Ext Root Scanning (ms): Min: 0.0, Avg: 0.2, Max: 0.4, Diff: 0.4, Sum: 2.9]
      [Update RS (ms): Min: 2.3, Avg: 2.5, Max: 2.5, Diff: 0.2, Sum: 44.2]
         [Processed Buffers: Min: 7, Avg: 8.0, Max: 10, Diff: 3, Sum: 144]
      [Scan RS (ms): Min: 0.0, Avg: 0.0, Max: 0.3, Diff: 0.3, Sum: 0.6]
      [Code Root Scanning (ms): Min: 0.0, Avg: 0.0, Max: 0.0, Diff: 0.0, Sum: 0.0]
      [Object Copy (ms): Min: 6.3, Avg: 6.5, Max: 6.6, Diff: 0.3, Sum: 117.4]
      [Termination (ms): Min: 0.0, Avg: 0.2, Max: 0.3, Diff: 0.3, Sum: 2.8]
         [Termination Attempts: Min: 1, Avg: 1.3, Max: 4, Diff: 3, Sum: 24]
      [GC Worker Other (ms): Min: 0.0, Avg: 0.0, Max: 0.1, Diff: 0.0, Sum: 0.4]
      [GC Worker Total (ms): Min: 9.2, Avg: 9.3, Max: 9.6, Diff: 0.4, Sum: 168.2]
      [GC Worker End (ms): Min: 4188.8, Avg: 4188.8, Max: 4188.8, Diff: 0.0]
   [Code Root Fixup: 0.0 ms]
   [Code Root Purge: 0.0 ms]
   [Clear CT: 0.2 ms]
   [Other: 1.3 ms]
      [Choose CSet: 0.0 ms]
      [Ref Proc: 0.3 ms]
      [Ref Enq: 0.0 ms]
      [Redirty Cards: 0.3 ms]
      [Humongous Register: 0.3 ms]
      [Humongous Reclaim: 0.1 ms]
      [Free CSet: 0.1 ms]
   [Eden: 44.0M(44.0M)->0.0B(228.0M) Survivors: 7168.0K->7168.0K Heap: 548.5M(1024.0M)->487.0M(1024.0M)]
 [Times: user=0.17 sys=0.00, real=0.01 secs] 
4.191: [GC pause (G1 Humongous Allocation) (young) (initial-mark), 0.0036049 secs]
   [Parallel Time: 2.5 ms, GC Workers: 18]
      [GC Worker Start (ms): Min: 4191.0, Avg: 4191.1, Max: 4191.2, Diff: 0.3]
      [Ext Root Scanning (ms): Min: 0.0, Avg: 0.2, Max: 0.3, Diff: 0.3, Sum: 3.4]
      [Update RS (ms): Min: 0.0, Avg: 0.2, Max: 1.0, Diff: 1.0, Sum: 3.2]
         [Processed Buffers: Min: 0, Avg: 1.1, Max: 2, Diff: 2, Sum: 19]
      [Scan RS (ms): Min: 0.0, Avg: 0.0, Max: 0.0, Diff: 0.0, Sum: 0.1]
      [Code Root Scanning (ms): Min: 0.0, Avg: 0.0, Max: 0.0, Diff: 0.0, Sum: 0.0]
      [Object Copy (ms): Min: 0.8, Avg: 1.6, Max: 1.9, Diff: 1.1, Sum: 29.0]
      [Termination (ms): Min: 0.0, Avg: 0.2, Max: 0.5, Diff: 0.5, Sum: 3.4]
         [Termination Attempts: Min: 1, Avg: 1.0, Max: 1, Diff: 0, Sum: 18]
      [GC Worker Other (ms): Min: 0.0, Avg: 0.0, Max: 0.0, Diff: 0.0, Sum: 0.2]
      [GC Worker Total (ms): Min: 2.0, Avg: 2.2, Max: 2.3, Diff: 0.3, Sum: 39.3]
      [GC Worker End (ms): Min: 4193.3, Avg: 4193.3, Max: 4193.3, Diff: 0.0]
   [Code Root Fixup: 0.0 ms]
   [Code Root Purge: 0.0 ms]
   [Clear CT: 0.2 ms]
   [Other: 0.9 ms]
      [Choose CSet: 0.0 ms]
      [Ref Proc: 0.3 ms]
      [Ref Enq: 0.0 ms]
      [Redirty Cards: 0.2 ms]
      [Humongous Register: 0.2 ms]
      [Humongous Reclaim: 0.0 ms]
      [Free CSet: 0.0 ms]
   [Eden: 1024.0K(228.0M)->0.0B(163.0M) Survivors: 7168.0K->8192.0K Heap: 487.9M(1024.0M)->487.7M(1024.0M)]
 [Times: user=0.04 sys=0.00, real=0.00 secs] 
4.194: [GC concurrent-root-region-scan-start]
4.195: [GC concurrent-root-region-scan-end, 0.0001622 secs]
4.195: [GC concurrent-mark-start]
4.197: [GC concurrent-mark-end, 0.0023098 secs]
4.197: [GC remark 4.197: [Finalize Marking, 0.0004253 secs] 4.197: [GC ref-proc, 0.0004056 secs] 4.198: [Unloading, 0.0009958 secs], 0.0026194 secs]
 [Times: user=0.02 sys=0.00, real=0.01 secs] 
4.200: [GC cleanup 497M->495M(1024M), 0.0014621 secs]
 [Times: user=0.01 sys=0.00, real=0.00 secs] 
4.201: [GC concurrent-cleanup-start]
4.201: [GC concurrent-cleanup-end, 0.0000218 secs]
4.259: [GC pause (G1 Evacuation Pause) (young), 0.0260636 secs]
   [Parallel Time: 24.3 ms, GC Workers: 18]
      [GC Worker Start (ms): Min: 4259.3, Avg: 4259.5, Max: 4259.7, Diff: 0.3]
      [Ext Root Scanning (ms): Min: 0.0, Avg: 0.2, Max: 0.4, Diff: 0.3, Sum: 3.2]
      [Update RS (ms): Min: 6.0, Avg: 6.2, Max: 6.4, Diff: 0.4, Sum: 111.5]
         [Processed Buffers: Min: 15, Avg: 18.2, Max: 21, Diff: 6, Sum: 328]
      [Scan RS (ms): Min: 0.0, Avg: 0.0, Max: 0.1, Diff: 0.1, Sum: 0.7]
      [Code Root Scanning (ms): Min: 0.0, Avg: 0.0, Max: 0.0, Diff: 0.0, Sum: 0.0]
      [Object Copy (ms): Min: 16.8, Avg: 17.3, Max: 17.7, Diff: 0.9, Sum: 310.5]
      [Termination (ms): Min: 0.0, Avg: 0.3, Max: 0.5, Diff: 0.5, Sum: 5.7]
         [Termination Attempts: Min: 1, Avg: 1.0, Max: 1, Diff: 0, Sum: 18]
      [GC Worker Other (ms): Min: 0.0, Avg: 0.0, Max: 0.1, Diff: 0.1, Sum: 0.7]
      [GC Worker Total (ms): Min: 23.9, Avg: 24.0, Max: 24.2, Diff: 0.3, Sum: 432.3]
      [GC Worker End (ms): Min: 4283.5, Avg: 4283.5, Max: 4283.6, Diff: 0.1]
   [Code Root Fixup: 0.0 ms]
   [Code Root Purge: 0.0 ms]
   [Clear CT: 0.3 ms]
   [Other: 1.5 ms]
      [Choose CSet: 0.0 ms]
      [Ref Proc: 0.2 ms]
      [Ref Enq: 0.0 ms]
      [Redirty Cards: 0.3 ms]
      [Humongous Register: 0.3 ms]
      [Humongous Reclaim: 0.2 ms]
      [Free CSet: 0.3 ms]
   [Eden: 163.0M(163.0M)->0.0B(29.0M) Survivors: 8192.0K->22.0M Heap: 688.4M(1024.0M)->533.6M(1024.0M)]
 [Times: user=0.41 sys=0.02, real=0.02 secs] 
4.296: [GC pause (G1 Evacuation Pause) (mixed), 0.0191936 secs]
   [Parallel Time: 17.5 ms, GC Workers: 18]
      [GC Worker Start (ms): Min: 4296.2, Avg: 4296.4, Max: 4296.6, Diff: 0.4]
      [Ext Root Scanning (ms): Min: 0.0, Avg: 0.2, Max: 0.4, Diff: 0.4, Sum: 2.9]
      [Update RS (ms): Min: 0.8, Avg: 0.9, Max: 1.1, Diff: 0.3, Sum: 16.2]
         [Processed Buffers: Min: 2, Avg: 3.4, Max: 4, Diff: 2, Sum: 61]
      [Scan RS (ms): Min: 0.0, Avg: 0.1, Max: 0.2, Diff: 0.2, Sum: 1.4]
      [Code Root Scanning (ms): Min: 0.0, Avg: 0.0, Max: 0.1, Diff: 0.1, Sum: 0.1]
      [Object Copy (ms): Min: 14.9, Avg: 15.4, Max: 15.8, Diff: 0.9, Sum: 276.9]
      [Termination (ms): Min: 0.0, Avg: 0.5, Max: 0.9, Diff: 0.9, Sum: 8.7]
         [Termination Attempts: Min: 1, Avg: 1.0, Max: 1, Diff: 0, Sum: 18]
      [GC Worker Other (ms): Min: 0.0, Avg: 0.0, Max: 0.0, Diff: 0.0, Sum: 0.4]
      [GC Worker Total (ms): Min: 16.9, Avg: 17.0, Max: 17.2, Diff: 0.4, Sum: 306.7]
      [GC Worker End (ms): Min: 4313.4, Avg: 4313.4, Max: 4313.4, Diff: 0.0]
   [Code Root Fixup: 0.0 ms]
   [Code Root Purge: 0.0 ms]
   [Clear CT: 0.3 ms]
   [Other: 1.4 ms]
      [Choose CSet: 0.1 ms]
      [Ref Proc: 0.2 ms]
      [Ref Enq: 0.0 ms]
      [Redirty Cards: 0.3 ms]
      [Humongous Register: 0.3 ms]
      [Humongous Reclaim: 0.1 ms]
      [Free CSet: 0.4 ms]
   [Eden: 29.0M(29.0M)->0.0B(44.0M) Survivors: 22.0M->7168.0K Heap: 568.0M(1024.0M)->478.0M(1024.0M)]
 [Times: user=0.28 sys=0.02, real=0.02 secs] 
4.331: [GC pause (G1 Evacuation Pause) (mixed), 0.0115365 secs]
   [Parallel Time: 10.0 ms, GC Workers: 18]
      [GC Worker Start (ms): Min: 4331.1, Avg: 4331.3, Max: 4331.4, Diff: 0.4]
      [Ext Root Scanning (ms): Min: 0.0, Avg: 0.2, Max: 0.4, Diff: 0.4, Sum: 2.8]
      [Update RS (ms): Min: 1.7, Avg: 1.8, Max: 2.0, Diff: 0.3, Sum: 33.2]
         [Processed Buffers: Min: 5, Avg: 6.1, Max: 7, Diff: 2, Sum: 110]
      [Scan RS (ms): Min: 0.0, Avg: 0.0, Max: 0.2, Diff: 0.2, Sum: 0.6]
      [Code Root Scanning (ms): Min: 0.0, Avg: 0.0, Max: 0.0, Diff: 0.0, Sum: 0.0]
      [Object Copy (ms): Min: 7.0, Avg: 7.3, Max: 7.5, Diff: 0.5, Sum: 131.2]
      [Termination (ms): Min: 0.0, Avg: 0.2, Max: 0.4, Diff: 0.4, Sum: 3.6]
         [Termination Attempts: Min: 1, Avg: 1.2, Max: 3, Diff: 2, Sum: 22]
      [GC Worker Other (ms): Min: 0.0, Avg: 0.0, Max: 0.0, Diff: 0.0, Sum: 0.5]
      [GC Worker Total (ms): Min: 9.4, Avg: 9.6, Max: 9.8, Diff: 0.4, Sum: 172.0]
      [GC Worker End (ms): Min: 4340.8, Avg: 4340.8, Max: 4340.9, Diff: 0.0]
   [Code Root Fixup: 0.0 ms]
   [Code Root Purge: 0.0 ms]
   [Clear CT: 0.2 ms]
   [Other: 1.3 ms]
      [Choose CSet: 0.0 ms]
      [Ref Proc: 0.3 ms]
      [Ref Enq: 0.0 ms]
      [Redirty Cards: 0.3 ms]
      [Humongous Register: 0.3 ms]
      [Humongous Reclaim: 0.1 ms]
      [Free CSet: 0.2 ms]
   [Eden: 44.0M(44.0M)->0.0B(276.0M) Survivors: 7168.0K->7168.0K Heap: 533.3M(1024.0M)->485.2M(1024.0M)]
 [Times: user=0.17 sys=0.00, real=0.01 secs] 
4.343: [GC pause (G1 Humongous Allocation) (young) (initial-mark), 0.0037455 secs]
   [Parallel Time: 2.5 ms, GC Workers: 18]
      [GC Worker Start (ms): Min: 4343.2, Avg: 4343.4, Max: 4343.5, Diff: 0.3]
      [Ext Root Scanning (ms): Min: 0.0, Avg: 0.2, Max: 0.3, Diff: 0.3, Sum: 3.2]
      [Update RS (ms): Min: 0.1, Avg: 0.2, Max: 0.7, Diff: 0.6, Sum: 3.6]
         [Processed Buffers: Min: 0, Avg: 1.1, Max: 2, Diff: 2, Sum: 19]
      [Scan RS (ms): Min: 0.0, Avg: 0.0, Max: 0.0, Diff: 0.0, Sum: 0.1]
      [Code Root Scanning (ms): Min: 0.0, Avg: 0.0, Max: 0.0, Diff: 0.0, Sum: 0.0]
      [Object Copy (ms): Min: 1.0, Avg: 1.4, Max: 1.8, Diff: 0.9, Sum: 26.0]
      [Termination (ms): Min: 0.0, Avg: 0.3, Max: 0.5, Diff: 0.5, Sum: 5.0]
         [Termination Attempts: Min: 1, Avg: 1.1, Max: 2, Diff: 1, Sum: 19]
      [GC Worker Other (ms): Min: 0.0, Avg: 0.0, Max: 0.0, Diff: 0.0, Sum: 0.2]
      [GC Worker Total (ms): Min: 2.0, Avg: 2.1, Max: 2.3, Diff: 0.3, Sum: 38.1]
      [GC Worker End (ms): Min: 4345.5, Avg: 4345.5, Max: 4345.5, Diff: 0.0]
   [Code Root Fixup: 0.0 ms]
   [Code Root Purge: 0.0 ms]
   [Clear CT: 0.3 ms]
   [Other: 1.0 ms]
      [Choose CSet: 0.0 ms]
      [Ref Proc: 0.3 ms]
      [Ref Enq: 0.0 ms]
      [Redirty Cards: 0.2 ms]
      [Humongous Register: 0.2 ms]
      [Humongous Reclaim: 0.0 ms]
      [Free CSet: 0.0 ms]
   [Eden: 1024.0K(276.0M)->0.0B(263.0M) Survivors: 7168.0K->9216.0K Heap: 486.0M(1024.0M)->486.3M(1024.0M)]
 [Times: user=0.04 sys=0.00, real=0.00 secs] 
4.347: [GC concurrent-root-region-scan-start]
4.347: [GC concurrent-root-region-scan-end, 0.0001795 secs]
4.347: [GC concurrent-mark-start]
4.349: [GC concurrent-mark-end, 0.0022152 secs]
4.349: [GC remark 4.349: [Finalize Marking, 0.0003760 secs] 4.350: [GC ref-proc, 0.0004004 secs] 4.350: [Unloading, 0.0009117 secs], 0.0024681 secs]
 [Times: user=0.02 sys=0.00, real=0.00 secs] 
4.352: [GC cleanup 494M->493M(1024M), 0.0014867 secs]
 [Times: user=0.02 sys=0.00, real=0.00 secs] 
4.353: [GC concurrent-cleanup-start]
4.353: [GC concurrent-cleanup-end, 0.0000200 secs]
4.452: [GC pause (G1 Evacuation Pause) (young), 0.0338604 secs]
   [Parallel Time: 31.7 ms, GC Workers: 18]
      [GC Worker Start (ms): Min: 4452.2, Avg: 4452.4, Max: 4452.6, Diff: 0.4]
      [Ext Root Scanning (ms): Min: 0.0, Avg: 0.2, Max: 0.4, Diff: 0.4, Sum: 3.5]
      [Update RS (ms): Min: 5.3, Avg: 5.5, Max: 5.8, Diff: 0.5, Sum: 99.7]
         [Processed Buffers: Min: 14, Avg: 16.1, Max: 19, Diff: 5, Sum: 289]
      [Scan RS (ms): Min: 0.0, Avg: 0.1, Max: 0.6, Diff: 0.6, Sum: 2.1]
      [Code Root Scanning (ms): Min: 0.0, Avg: 0.0, Max: 0.0, Diff: 0.0, Sum: 0.0]
      [Object Copy (ms): Min: 24.3, Avg: 25.2, Max: 25.7, Diff: 1.4, Sum: 453.2]
      [Termination (ms): Min: 0.0, Avg: 0.3, Max: 0.5, Diff: 0.5, Sum: 5.1]
         [Termination Attempts: Min: 1, Avg: 1.2, Max: 3, Diff: 2, Sum: 22]
      [GC Worker Other (ms): Min: 0.0, Avg: 0.0, Max: 0.1, Diff: 0.1, Sum: 0.7]
      [GC Worker Total (ms): Min: 31.2, Avg: 31.3, Max: 31.6, Diff: 0.4, Sum: 564.2]
      [GC Worker End (ms): Min: 4483.7, Avg: 4483.7, Max: 4483.8, Diff: 0.1]
   [Code Root Fixup: 0.0 ms]
   [Code Root Purge: 0.0 ms]
   [Clear CT: 0.3 ms]
   [Other: 1.8 ms]
      [Choose CSet: 0.0 ms]
      [Ref Proc: 0.4 ms]
      [Ref Enq: 0.0 ms]
      [Redirty Cards: 0.2 ms]
      [Humongous Register: 0.4 ms]
      [Humongous Reclaim: 0.3 ms]
      [Free CSet: 0.4 ms]
   [Eden: 263.0M(263.0M)->0.0B(17.0M) Survivors: 9216.0K->34.0M Heap: 819.1M(1024.0M)->564.9M(1024.0M)]
 [Times: user=0.52 sys=0.04, real=0.03 secs] 
4.491: [GC pause (G1 Evacuation Pause) (mixed), 0.0203166 secs]
   [Parallel Time: 18.5 ms, GC Workers: 18]
      [GC Worker Start (ms): Min: 4491.8, Avg: 4492.0, Max: 4492.2, Diff: 0.4]
      [Ext Root Scanning (ms): Min: 0.0, Avg: 0.1, Max: 0.3, Diff: 0.3, Sum: 2.4]
      [Update RS (ms): Min: 0.0, Avg: 0.3, Max: 0.7, Diff: 0.7, Sum: 5.7]
         [Processed Buffers: Min: 1, Avg: 1.7, Max: 3, Diff: 2, Sum: 30]
      [Scan RS (ms): Min: 0.0, Avg: 0.1, Max: 0.3, Diff: 0.3, Sum: 1.7]
      [Code Root Scanning (ms): Min: 0.0, Avg: 0.0, Max: 0.0, Diff: 0.0, Sum: 0.0]
      [Object Copy (ms): Min: 17.0, Avg: 17.3, Max: 17.6, Diff: 0.6, Sum: 310.9]
      [Termination (ms): Min: 0.0, Avg: 0.2, Max: 0.5, Diff: 0.5, Sum: 4.2]
         [Termination Attempts: Min: 1, Avg: 1.1, Max: 2, Diff: 1, Sum: 20]
      [GC Worker Other (ms): Min: 0.0, Avg: 0.0, Max: 0.0, Diff: 0.0, Sum: 0.4]
      [GC Worker Total (ms): Min: 17.9, Avg: 18.1, Max: 18.3, Diff: 0.4, Sum: 325.2]
      [GC Worker End (ms): Min: 4510.0, Avg: 4510.0, Max: 4510.0, Diff: 0.0]
   [Code Root Fixup: 0.0 ms]
   [Code Root Purge: 0.0 ms]
   [Clear CT: 0.3 ms]
   [Other: 1.5 ms]
      [Choose CSet: 0.1 ms]
      [Ref Proc: 0.3 ms]
      [Ref Enq: 0.0 ms]
      [Redirty Cards: 0.3 ms]
      [Humongous Register: 0.3 ms]
      [Humongous Reclaim: 0.1 ms]
      [Free CSet: 0.4 ms]
   [Eden: 17.0M(17.0M)->0.0B(45.0M) Survivors: 34.0M->6144.0K Heap: 583.2M(1024.0M)->494.3M(1024.0M)]
 [Times: user=0.31 sys=0.02, real=0.02 secs] 
4.527: [GC pause (G1 Evacuation Pause) (mixed), 0.0107024 secs]
   [Parallel Time: 9.3 ms, GC Workers: 18]
      [GC Worker Start (ms): Min: 4527.5, Avg: 4527.7, Max: 4527.9, Diff: 0.4]
      [Ext Root Scanning (ms): Min: 0.0, Avg: 0.2, Max: 0.4, Diff: 0.4, Sum: 3.0]
      [Update RS (ms): Min: 1.3, Avg: 1.5, Max: 1.7, Diff: 0.4, Sum: 26.6]
         [Processed Buffers: Min: 4, Avg: 5.1, Max: 6, Diff: 2, Sum: 91]
      [Scan RS (ms): Min: 0.0, Avg: 0.0, Max: 0.1, Diff: 0.1, Sum: 0.5]
      [Code Root Scanning (ms): Min: 0.0, Avg: 0.0, Max: 0.0, Diff: 0.0, Sum: 0.0]
      [Object Copy (ms): Min: 6.5, Avg: 6.9, Max: 7.2, Diff: 0.7, Sum: 123.5]
      [Termination (ms): Min: 0.0, Avg: 0.2, Max: 0.5, Diff: 0.5, Sum: 4.3]
         [Termination Attempts: Min: 1, Avg: 1.0, Max: 1, Diff: 0, Sum: 18]
      [GC Worker Other (ms): Min: 0.0, Avg: 0.0, Max: 0.0, Diff: 0.0, Sum: 0.4]
      [GC Worker Total (ms): Min: 8.6, Avg: 8.8, Max: 9.0, Diff: 0.4, Sum: 158.4]
      [GC Worker End (ms): Min: 4536.5, Avg: 4536.5, Max: 4536.5, Diff: 0.0]
   [Code Root Fixup: 0.0 ms]
   [Code Root Purge: 0.0 ms]
   [Clear CT: 0.3 ms]
   [Other: 1.1 ms]
      [Choose CSet: 0.0 ms]
      [Ref Proc: 0.2 ms]
      [Ref Enq: 0.0 ms]
      [Redirty Cards: 0.2 ms]
      [Humongous Register: 0.3 ms]
      [Humongous Reclaim: 0.1 ms]
      [Free CSet: 0.1 ms]
   [Eden: 45.0M(45.0M)->0.0B(257.0M) Survivors: 6144.0K->7168.0K Heap: 548.2M(1024.0M)->501.7M(1024.0M)]
 [Times: user=0.15 sys=0.00, real=0.02 secs] 
4.538: [GC pause (G1 Humongous Allocation) (young) (initial-mark), 0.0035724 secs]
   [Parallel Time: 2.4 ms, GC Workers: 18]
      [GC Worker Start (ms): Min: 4538.5, Avg: 4538.7, Max: 4538.9, Diff: 0.4]
      [Ext Root Scanning (ms): Min: 0.0, Avg: 0.2, Max: 0.4, Diff: 0.4, Sum: 4.0]
      [Update RS (ms): Min: 0.0, Avg: 0.1, Max: 0.4, Diff: 0.4, Sum: 1.6]
         [Processed Buffers: Min: 0, Avg: 1.0, Max: 3, Diff: 3, Sum: 18]
      [Scan RS (ms): Min: 0.0, Avg: 0.0, Max: 0.0, Diff: 0.0, Sum: 0.1]
      [Code Root Scanning (ms): Min: 0.0, Avg: 0.0, Max: 0.0, Diff: 0.0, Sum: 0.0]
      [Object Copy (ms): Min: 0.9, Avg: 1.5, Max: 1.7, Diff: 0.8, Sum: 26.3]
      [Termination (ms): Min: 0.0, Avg: 0.2, Max: 0.5, Diff: 0.5, Sum: 3.8]
         [Termination Attempts: Min: 1, Avg: 1.0, Max: 1, Diff: 0, Sum: 18]
      [GC Worker Other (ms): Min: 0.0, Avg: 0.0, Max: 0.0, Diff: 0.0, Sum: 0.2]
      [GC Worker Total (ms): Min: 1.8, Avg: 2.0, Max: 2.2, Diff: 0.4, Sum: 36.0]
      [GC Worker End (ms): Min: 4540.7, Avg: 4540.7, Max: 4540.8, Diff: 0.0]
   [Code Root Fixup: 0.0 ms]
   [Code Root Purge: 0.0 ms]
   [Clear CT: 0.2 ms]
   [Other: 0.9 ms]
      [Choose CSet: 0.0 ms]
      [Ref Proc: 0.3 ms]
      [Ref Enq: 0.0 ms]
      [Redirty Cards: 0.2 ms]
      [Humongous Register: 0.2 ms]
      [Humongous Reclaim: 0.0 ms]
      [Free CSet: 0.0 ms]
   [Eden: 1024.0K(257.0M)->0.0B(270.0M) Survivors: 7168.0K->8192.0K Heap: 501.8M(1024.0M)->502.4M(1024.0M)]
 [Times: user=0.04 sys=0.00, real=0.00 secs] 
4.542: [GC concurrent-root-region-scan-start]
4.542: [GC concurrent-root-region-scan-end, 0.0001787 secs]
4.542: [GC concurrent-mark-start]
4.544: [GC concurrent-mark-end, 0.0023628 secs]
4.545: [GC remark 4.545: [Finalize Marking, 0.0003342 secs] 4.545: [GC ref-proc, 0.0004038 secs] 4.545: [Unloading, 0.0009428 secs], 0.0024772 secs]
 [Times: user=0.02 sys=0.00, real=0.00 secs] 
4.547: [GC cleanup 514M->511M(1024M), 0.0014513 secs]
 [Times: user=0.01 sys=0.00, real=0.01 secs] 
4.549: [GC concurrent-cleanup-start]
4.549: [GC concurrent-cleanup-end, 0.0000235 secs]
4.647: [GC pause (G1 Evacuation Pause) (young) (to-space exhausted), 0.0336212 secs]
   [Parallel Time: 31.2 ms, GC Workers: 18]
      [GC Worker Start (ms): Min: 4647.3, Avg: 4647.5, Max: 4647.7, Diff: 0.4]
      [Ext Root Scanning (ms): Min: 0.0, Avg: 0.2, Max: 0.4, Diff: 0.4, Sum: 2.7]
      [Update RS (ms): Min: 6.7, Avg: 6.9, Max: 7.0, Diff: 0.2, Sum: 123.3]
         [Processed Buffers: Min: 18, Avg: 21.5, Max: 26, Diff: 8, Sum: 387]
      [Scan RS (ms): Min: 0.0, Avg: 0.1, Max: 0.3, Diff: 0.3, Sum: 1.4]
      [Code Root Scanning (ms): Min: 0.0, Avg: 0.0, Max: 0.0, Diff: 0.0, Sum: 0.0]
      [Object Copy (ms): Min: 23.1, Avg: 23.3, Max: 23.5, Diff: 0.5, Sum: 418.8]
      [Termination (ms): Min: 0.0, Avg: 0.3, Max: 0.5, Diff: 0.5, Sum: 6.0]
         [Termination Attempts: Min: 1, Avg: 1.0, Max: 1, Diff: 0, Sum: 18]
      [GC Worker Other (ms): Min: 0.0, Avg: 0.0, Max: 0.1, Diff: 0.1, Sum: 0.6]
      [GC Worker Total (ms): Min: 30.5, Avg: 30.7, Max: 31.0, Diff: 0.4, Sum: 552.9]
      [GC Worker End (ms): Min: 4678.2, Avg: 4678.2, Max: 4678.3, Diff: 0.1]
   [Code Root Fixup: 0.0 ms]
   [Code Root Purge: 0.0 ms]
   [Clear CT: 0.3 ms]
   [Other: 2.1 ms]
      [Evacuation Failure: 0.3 ms]
      [Choose CSet: 0.0 ms]
      [Ref Proc: 0.3 ms]
      [Ref Enq: 0.0 ms]
      [Redirty Cards: 0.3 ms]
      [Humongous Register: 0.4 ms]
      [Humongous Reclaim: 0.3 ms]
      [Free CSet: 0.4 ms]
   [Eden: 270.0M(270.0M)->0.0B(16.0M) Survivors: 8192.0K->35.0M Heap: 839.0M(1024.0M)->584.4M(1024.0M)]
 [Times: user=0.52 sys=0.03, real=0.04 secs] 
4.686: [GC pause (G1 Evacuation Pause) (mixed), 0.0196350 secs]
   [Parallel Time: 17.8 ms, GC Workers: 18]
      [GC Worker Start (ms): Min: 4686.1, Avg: 4686.3, Max: 4686.5, Diff: 0.4]
      [Ext Root Scanning (ms): Min: 0.0, Avg: 0.1, Max: 0.4, Diff: 0.3, Sum: 2.6]
      [Update RS (ms): Min: 0.7, Avg: 0.8, Max: 0.8, Diff: 0.1, Sum: 14.0]
         [Processed Buffers: Min: 2, Avg: 3.6, Max: 6, Diff: 4, Sum: 64]
      [Scan RS (ms): Min: 0.0, Avg: 0.1, Max: 0.2, Diff: 0.1, Sum: 1.4]
      [Code Root Scanning (ms): Min: 0.0, Avg: 0.0, Max: 0.0, Diff: 0.0, Sum: 0.0]
      [Object Copy (ms): Min: 16.1, Avg: 16.2, Max: 16.4, Diff: 0.3, Sum: 290.9]
      [Termination (ms): Min: 0.0, Avg: 0.2, Max: 0.3, Diff: 0.3, Sum: 3.6]
         [Termination Attempts: Min: 1, Avg: 1.4, Max: 2, Diff: 1, Sum: 25]
      [GC Worker Other (ms): Min: 0.0, Avg: 0.0, Max: 0.0, Diff: 0.0, Sum: 0.3]
      [GC Worker Total (ms): Min: 17.2, Avg: 17.4, Max: 17.6, Diff: 0.4, Sum: 312.8]
      [GC Worker End (ms): Min: 4703.7, Avg: 4703.7, Max: 4703.7, Diff: 0.0]
   [Code Root Fixup: 0.0 ms]
   [Code Root Purge: 0.0 ms]
   [Clear CT: 0.3 ms]
   [Other: 1.6 ms]
      [Choose CSet: 0.1 ms]
      [Ref Proc: 0.3 ms]
      [Ref Enq: 0.0 ms]
      [Redirty Cards: 0.3 ms]
      [Humongous Register: 0.3 ms]
      [Humongous Reclaim: 0.1 ms]
      [Free CSet: 0.4 ms]
   [Eden: 16.0M(16.0M)->0.0B(45.0M) Survivors: 35.0M->6144.0K Heap: 604.9M(1024.0M)->511.7M(1024.0M)]
 [Times: user=0.30 sys=0.01, real=0.02 secs] 
4.722: [GC pause (G1 Evacuation Pause) (mixed), 0.0119444 secs]
   [Parallel Time: 10.4 ms, GC Workers: 18]
      [GC Worker Start (ms): Min: 4722.2, Avg: 4722.5, Max: 4722.7, Diff: 0.5]
      [Ext Root Scanning (ms): Min: 0.0, Avg: 0.1, Max: 0.4, Diff: 0.4, Sum: 2.2]
      [Update RS (ms): Min: 1.8, Avg: 2.0, Max: 2.1, Diff: 0.3, Sum: 35.8]
         [Processed Buffers: Min: 6, Avg: 6.8, Max: 8, Diff: 2, Sum: 123]
      [Scan RS (ms): Min: 0.0, Avg: 0.0, Max: 0.1, Diff: 0.1, Sum: 0.5]
      [Code Root Scanning (ms): Min: 0.0, Avg: 0.0, Max: 0.0, Diff: 0.0, Sum: 0.0]
      [Object Copy (ms): Min: 7.3, Avg: 7.5, Max: 7.8, Diff: 0.5, Sum: 135.6]
      [Termination (ms): Min: 0.0, Avg: 0.2, Max: 0.3, Diff: 0.3, Sum: 3.4]
         [Termination Attempts: Min: 1, Avg: 1.2, Max: 2, Diff: 1, Sum: 21]
      [GC Worker Other (ms): Min: 0.0, Avg: 0.0, Max: 0.0, Diff: 0.0, Sum: 0.3]
      [GC Worker Total (ms): Min: 9.7, Avg: 9.9, Max: 10.2, Diff: 0.5, Sum: 177.9]
      [GC Worker End (ms): Min: 4732.4, Avg: 4732.4, Max: 4732.4, Diff: 0.0]
   [Code Root Fixup: 0.0 ms]
   [Code Root Purge: 0.0 ms]
   [Clear CT: 0.2 ms]
   [Other: 1.3 ms]
      [Choose CSet: 0.0 ms]
      [Ref Proc: 0.3 ms]
      [Ref Enq: 0.0 ms]
      [Redirty Cards: 0.3 ms]
      [Humongous Register: 0.3 ms]
      [Humongous Reclaim: 0.1 ms]
      [Free CSet: 0.2 ms]
   [Eden: 45.0M(45.0M)->0.0B(261.0M) Survivors: 6144.0K->7168.0K Heap: 569.6M(1024.0M)->511.4M(1024.0M)]
 [Times: user=0.17 sys=0.01, real=0.01 secs] 
4.735: [GC pause (G1 Humongous Allocation) (young) (initial-mark), 0.0042248 secs]
   [Parallel Time: 3.0 ms, GC Workers: 18]
      [GC Worker Start (ms): Min: 4735.4, Avg: 4735.6, Max: 4735.8, Diff: 0.4]
      [Ext Root Scanning (ms): Min: 0.0, Avg: 0.2, Max: 0.5, Diff: 0.5, Sum: 4.3]
      [Update RS (ms): Min: 0.0, Avg: 0.2, Max: 1.0, Diff: 1.0, Sum: 3.3]
         [Processed Buffers: Min: 0, Avg: 0.9, Max: 3, Diff: 3, Sum: 17]
      [Scan RS (ms): Min: 0.0, Avg: 0.0, Max: 0.0, Diff: 0.0, Sum: 0.1]
      [Code Root Scanning (ms): Min: 0.0, Avg: 0.0, Max: 0.0, Diff: 0.0, Sum: 0.0]
      [Object Copy (ms): Min: 0.7, Avg: 1.8, Max: 2.2, Diff: 1.6, Sum: 32.0]
      [Termination (ms): Min: 0.0, Avg: 0.4, Max: 0.7, Diff: 0.7, Sum: 6.8]
         [Termination Attempts: Min: 1, Avg: 1.0, Max: 1, Diff: 0, Sum: 18]
      [GC Worker Other (ms): Min: 0.0, Avg: 0.0, Max: 0.0, Diff: 0.0, Sum: 0.3]
      [GC Worker Total (ms): Min: 2.4, Avg: 2.6, Max: 2.8, Diff: 0.4, Sum: 46.7]
      [GC Worker End (ms): Min: 4738.2, Avg: 4738.2, Max: 4738.2, Diff: 0.0]
   [Code Root Fixup: 0.0 ms]
   [Code Root Purge: 0.0 ms]
   [Clear CT: 0.2 ms]
   [Other: 1.0 ms]
      [Choose CSet: 0.0 ms]
      [Ref Proc: 0.3 ms]
      [Ref Enq: 0.0 ms]
      [Redirty Cards: 0.2 ms]
      [Humongous Register: 0.2 ms]
      [Humongous Reclaim: 0.0 ms]
      [Free CSet: 0.0 ms]
   [Eden: 4096.0K(261.0M)->0.0B(258.0M) Survivors: 7168.0K->9216.0K Heap: 515.3M(1024.0M)->512.6M(1024.0M)]
 [Times: user=0.04 sys=0.01, real=0.01 secs] 
4.739: [GC concurrent-root-region-scan-start]
4.740: [GC concurrent-root-region-scan-end, 0.0001709 secs]
4.740: [GC concurrent-mark-start]
4.742: [GC concurrent-mark-end, 0.0022900 secs]
4.742: [GC remark 4.742: [Finalize Marking, 0.0004254 secs] 4.743: [GC ref-proc, 0.0004042 secs] 4.743: [Unloading, 0.0008605 secs], 0.0025668 secs]
 [Times: user=0.02 sys=0.00, real=0.00 secs] 
4.745: [GC cleanup 523M->522M(1024M), 0.0016097 secs]
 [Times: user=0.01 sys=0.00, real=0.00 secs] 
4.746: [GC concurrent-cleanup-start]
4.746: [GC concurrent-cleanup-end, 0.0000209 secs]
4.840: [GC pause (G1 Evacuation Pause) (young), 0.0314293 secs]
   [Parallel Time: 29.3 ms, GC Workers: 18]
      [GC Worker Start (ms): Min: 4840.4, Avg: 4840.6, Max: 4840.7, Diff: 0.3]
      [Ext Root Scanning (ms): Min: 0.0, Avg: 0.2, Max: 0.3, Diff: 0.3, Sum: 3.1]
      [Update RS (ms): Min: 6.4, Avg: 6.6, Max: 6.7, Diff: 0.3, Sum: 118.3]
         [Processed Buffers: Min: 19, Avg: 20.6, Max: 24, Diff: 5, Sum: 371]
      [Scan RS (ms): Min: 0.0, Avg: 0.1, Max: 0.2, Diff: 0.1, Sum: 1.0]
      [Code Root Scanning (ms): Min: 0.0, Avg: 0.0, Max: 0.0, Diff: 0.0, Sum: 0.0]
      [Object Copy (ms): Min: 21.7, Avg: 21.9, Max: 22.2, Diff: 0.5, Sum: 394.4]
      [Termination (ms): Min: 0.0, Avg: 0.2, Max: 0.3, Diff: 0.3, Sum: 3.5]
         [Termination Attempts: Min: 1, Avg: 1.1, Max: 2, Diff: 1, Sum: 20]
      [GC Worker Other (ms): Min: 0.0, Avg: 0.0, Max: 0.1, Diff: 0.1, Sum: 0.6]
      [GC Worker Total (ms): Min: 28.8, Avg: 28.9, Max: 29.1, Diff: 0.4, Sum: 520.9]
      [GC Worker End (ms): Min: 4869.5, Avg: 4869.5, Max: 4869.5, Diff: 0.1]
   [Code Root Fixup: 0.0 ms]
   [Code Root Purge: 0.0 ms]
   [Clear CT: 0.3 ms]
   [Other: 1.8 ms]
      [Choose CSet: 0.0 ms]
      [Ref Proc: 0.3 ms]
      [Ref Enq: 0.0 ms]
      [Redirty Cards: 0.3 ms]
      [Humongous Register: 0.4 ms]
      [Humongous Reclaim: 0.3 ms]
      [Free CSet: 0.4 ms]
   [Eden: 258.0M(258.0M)->0.0B(17.0M) Survivors: 9216.0K->34.0M Heap: 837.2M(1024.0M)->580.3M(1024.0M)]
 [Times: user=0.50 sys=0.02, real=0.03 secs] 
4.877: [GC pause (G1 Evacuation Pause) (mixed), 0.0191032 secs]
   [Parallel Time: 17.2 ms, GC Workers: 18]
      [GC Worker Start (ms): Min: 4877.2, Avg: 4877.4, Max: 4877.5, Diff: 0.3]
      [Ext Root Scanning (ms): Min: 0.0, Avg: 0.2, Max: 0.3, Diff: 0.3, Sum: 3.0]
      [Update RS (ms): Min: 0.4, Avg: 0.8, Max: 1.9, Diff: 1.5, Sum: 15.2]
         [Processed Buffers: Min: 0, Avg: 2.4, Max: 6, Diff: 6, Sum: 44]
      [Scan RS (ms): Min: 0.0, Avg: 0.1, Max: 0.3, Diff: 0.3, Sum: 1.4]
      [Code Root Scanning (ms): Min: 0.0, Avg: 0.0, Max: 0.1, Diff: 0.1, Sum: 0.1]
      [Object Copy (ms): Min: 14.5, Avg: 15.4, Max: 15.9, Diff: 1.4, Sum: 276.5]
      [Termination (ms): Min: 0.0, Avg: 0.1, Max: 0.2, Diff: 0.2, Sum: 2.2]
         [Termination Attempts: Min: 1, Avg: 1.3, Max: 3, Diff: 2, Sum: 24]
      [GC Worker Other (ms): Min: 0.0, Avg: 0.2, Max: 1.2, Diff: 1.2, Sum: 3.5]
      [GC Worker Total (ms): Min: 16.6, Avg: 16.8, Max: 16.9, Diff: 0.3, Sum: 302.0]
      [GC Worker End (ms): Min: 4894.2, Avg: 4894.2, Max: 4894.2, Diff: 0.0]
   [Code Root Fixup: 0.0 ms]
   [Code Root Purge: 0.0 ms]
   [Clear CT: 0.3 ms]
   [Other: 1.6 ms]
      [Choose CSet: 0.1 ms]
      [Ref Proc: 0.3 ms]
      [Ref Enq: 0.0 ms]
      [Redirty Cards: 0.3 ms]
      [Humongous Register: 0.3 ms]
      [Humongous Reclaim: 0.1 ms]
      [Free CSet: 0.4 ms]
   [Eden: 17.0M(17.0M)->0.0B(47.0M) Survivors: 34.0M->4096.0K Heap: 600.3M(1024.0M)->505.8M(1024.0M)]
 [Times: user=0.26 sys=0.02, real=0.02 secs] 
4.912: [GC pause (G1 Evacuation Pause) (mixed), 0.0126817 secs]
   [Parallel Time: 11.1 ms, GC Workers: 18]
      [GC Worker Start (ms): Min: 4912.7, Avg: 4912.9, Max: 4913.1, Diff: 0.4]
      [Ext Root Scanning (ms): Min: 0.0, Avg: 0.1, Max: 0.4, Diff: 0.4, Sum: 2.5]
      [Update RS (ms): Min: 1.7, Avg: 1.9, Max: 2.0, Diff: 0.3, Sum: 33.8]
         [Processed Buffers: Min: 5, Avg: 6.1, Max: 7, Diff: 2, Sum: 109]
      [Scan RS (ms): Min: 0.0, Avg: 0.0, Max: 0.1, Diff: 0.1, Sum: 0.6]
      [Code Root Scanning (ms): Min: 0.0, Avg: 0.0, Max: 0.0, Diff: 0.0, Sum: 0.0]
      [Object Copy (ms): Min: 7.9, Avg: 8.3, Max: 8.6, Diff: 0.7, Sum: 149.0]
      [Termination (ms): Min: 0.0, Avg: 0.3, Max: 0.4, Diff: 0.4, Sum: 5.0]
         [Termination Attempts: Min: 1, Avg: 1.2, Max: 2, Diff: 1, Sum: 22]
      [GC Worker Other (ms): Min: 0.0, Avg: 0.0, Max: 0.1, Diff: 0.1, Sum: 0.5]
      [GC Worker Total (ms): Min: 10.5, Avg: 10.6, Max: 10.9, Diff: 0.4, Sum: 191.4]
      [GC Worker End (ms): Min: 4923.5, Avg: 4923.5, Max: 4923.5, Diff: 0.0]
   [Code Root Fixup: 0.0 ms]
   [Code Root Purge: 0.0 ms]
   [Clear CT: 0.2 ms]
   [Other: 1.4 ms]
      [Choose CSet: 0.0 ms]
      [Ref Proc: 0.3 ms]
      [Ref Enq: 0.0 ms]
      [Redirty Cards: 0.3 ms]
      [Humongous Register: 0.3 ms]
      [Humongous Reclaim: 0.1 ms]
      [Free CSet: 0.2 ms]
   [Eden: 47.0M(47.0M)->0.0B(267.0M) Survivors: 4096.0K->7168.0K Heap: 564.0M(1024.0M)->499.9M(1024.0M)]
 [Times: user=0.18 sys=0.00, real=0.01 secs] 
4.926: [GC pause (G1 Humongous Allocation) (young) (initial-mark), 0.0037242 secs]
   [Parallel Time: 2.5 ms, GC Workers: 18]
      [GC Worker Start (ms): Min: 4926.7, Avg: 4926.9, Max: 4927.1, Diff: 0.4]
      [Ext Root Scanning (ms): Min: 0.0, Avg: 0.2, Max: 0.5, Diff: 0.5, Sum: 4.0]
      [Update RS (ms): Min: 0.0, Avg: 0.1, Max: 0.3, Diff: 0.3, Sum: 1.9]
         [Processed Buffers: Min: 0, Avg: 1.1, Max: 4, Diff: 4, Sum: 19]
      [Scan RS (ms): Min: 0.0, Avg: 0.0, Max: 0.0, Diff: 0.0, Sum: 0.1]
      [Code Root Scanning (ms): Min: 0.0, Avg: 0.0, Max: 0.0, Diff: 0.0, Sum: 0.0]
      [Object Copy (ms): Min: 1.2, Avg: 1.5, Max: 1.8, Diff: 0.6, Sum: 26.9]
      [Termination (ms): Min: 0.0, Avg: 0.2, Max: 0.4, Diff: 0.4, Sum: 4.2]
         [Termination Attempts: Min: 1, Avg: 1.0, Max: 1, Diff: 0, Sum: 18]
      [GC Worker Other (ms): Min: 0.0, Avg: 0.0, Max: 0.0, Diff: 0.0, Sum: 0.2]
      [GC Worker Total (ms): Min: 1.9, Avg: 2.1, Max: 2.3, Diff: 0.4, Sum: 37.3]
      [GC Worker End (ms): Min: 4929.0, Avg: 4929.0, Max: 4929.0, Diff: 0.0]
   [Code Root Fixup: 0.0 ms]
   [Code Root Purge: 0.0 ms]
   [Clear CT: 0.3 ms]
   [Other: 0.9 ms]
      [Choose CSet: 0.0 ms]
      [Ref Proc: 0.2 ms]
      [Ref Enq: 0.0 ms]
      [Redirty Cards: 0.2 ms]
      [Humongous Register: 0.2 ms]
      [Humongous Reclaim: 0.0 ms]
      [Free CSet: 0.0 ms]
   [Eden: 5120.0K(267.0M)->0.0B(280.0M) Survivors: 7168.0K->9216.0K Heap: 504.0M(1024.0M)->500.3M(1024.0M)]
 [Times: user=0.04 sys=0.01, real=0.01 secs] 
4.930: [GC concurrent-root-region-scan-start]
4.930: [GC concurrent-root-region-scan-end, 0.0001921 secs]
4.930: [GC concurrent-mark-start]
4.933: [GC concurrent-mark-end, 0.0023799 secs]
4.933: [GC remark 4.933: [Finalize Marking, 0.0004304 secs] 4.933: [GC ref-proc, 0.0004158 secs] 4.934: [Unloading, 0.0010123 secs], 0.0026583 secs]
 [Times: user=0.03 sys=0.00, real=0.00 secs] 
4.936: [GC cleanup 512M->510M(1024M), 0.0016104 secs]
 [Times: user=0.01 sys=0.00, real=0.00 secs] 
4.937: [GC concurrent-cleanup-start]
4.937: [GC concurrent-cleanup-end, 0.0000216 secs]
5.035: [GC pause (G1 Evacuation Pause) (young) (to-space exhausted), 0.0303465 secs]
   [Parallel Time: 27.5 ms, GC Workers: 18]
      [GC Worker Start (ms): Min: 5035.7, Avg: 5036.0, Max: 5036.3, Diff: 0.6]
      [Ext Root Scanning (ms): Min: 0.0, Avg: 0.1, Max: 0.4, Diff: 0.4, Sum: 2.0]
      [Update RS (ms): Min: 7.1, Avg: 7.3, Max: 7.5, Diff: 0.4, Sum: 130.9]
         [Processed Buffers: Min: 19, Avg: 21.4, Max: 23, Diff: 4, Sum: 386]
      [Scan RS (ms): Min: 0.0, Avg: 0.1, Max: 0.2, Diff: 0.1, Sum: 1.6]
      [Code Root Scanning (ms): Min: 0.0, Avg: 0.0, Max: 0.0, Diff: 0.0, Sum: 0.0]
      [Object Copy (ms): Min: 19.1, Avg: 19.4, Max: 19.6, Diff: 0.5, Sum: 348.4]
      [Termination (ms): Min: 0.0, Avg: 0.1, Max: 0.2, Diff: 0.2, Sum: 1.6]
         [Termination Attempts: Min: 1, Avg: 1.0, Max: 1, Diff: 0, Sum: 18]
      [GC Worker Other (ms): Min: 0.0, Avg: 0.0, Max: 0.1, Diff: 0.1, Sum: 0.5]
      [GC Worker Total (ms): Min: 26.7, Avg: 26.9, Max: 27.3, Diff: 0.6, Sum: 485.0]
      [GC Worker End (ms): Min: 5063.0, Avg: 5063.0, Max: 5063.0, Diff: 0.0]
   [Code Root Fixup: 0.0 ms]
   [Code Root Purge: 0.0 ms]
   [Clear CT: 0.3 ms]
   [Other: 2.6 ms]
      [Evacuation Failure: 0.5 ms]
      [Choose CSet: 0.0 ms]
      [Ref Proc: 0.4 ms]
      [Ref Enq: 0.0 ms]
      [Redirty Cards: 0.2 ms]
      [Humongous Register: 0.6 ms]
      [Humongous Reclaim: 0.3 ms]
      [Free CSet: 0.3 ms]
   [Eden: 280.0M(280.0M)->0.0B(14.0M) Survivors: 9216.0K->37.0M Heap: 850.8M(1024.0M)->671.8M(1024.0M)]
 [Times: user=0.47 sys=0.01, real=0.03 secs] 
5.070: [GC pause (G1 Evacuation Pause) (mixed), 0.0202724 secs]
   [Parallel Time: 18.4 ms, GC Workers: 18]
      [GC Worker Start (ms): Min: 5070.9, Avg: 5071.1, Max: 5071.2, Diff: 0.4]
      [Ext Root Scanning (ms): Min: 0.0, Avg: 0.2, Max: 0.3, Diff: 0.3, Sum: 2.9]
      [Update RS (ms): Min: 0.4, Avg: 0.5, Max: 0.5, Diff: 0.1, Sum: 8.2]
         [Processed Buffers: Min: 2, Avg: 2.6, Max: 5, Diff: 3, Sum: 46]
      [Scan RS (ms): Min: 0.0, Avg: 0.1, Max: 0.5, Diff: 0.4, Sum: 2.3]
      [Code Root Scanning (ms): Min: 0.0, Avg: 0.0, Max: 0.0, Diff: 0.0, Sum: 0.0]
      [Object Copy (ms): Min: 16.7, Avg: 17.0, Max: 17.2, Diff: 0.5, Sum: 306.8]
      [Termination (ms): Min: 0.0, Avg: 0.1, Max: 0.3, Diff: 0.3, Sum: 2.6]
         [Termination Attempts: Min: 1, Avg: 1.0, Max: 1, Diff: 0, Sum: 18]
      [GC Worker Other (ms): Min: 0.0, Avg: 0.0, Max: 0.0, Diff: 0.0, Sum: 0.3]
      [GC Worker Total (ms): Min: 17.8, Avg: 17.9, Max: 18.2, Diff: 0.4, Sum: 323.1]
      [GC Worker End (ms): Min: 5089.0, Avg: 5089.0, Max: 5089.0, Diff: 0.0]
   [Code Root Fixup: 0.0 ms]
   [Code Root Purge: 0.0 ms]
   [Clear CT: 0.3 ms]
   [Other: 1.6 ms]
      [Choose CSet: 0.1 ms]
      [Ref Proc: 0.3 ms]
      [Ref Enq: 0.0 ms]
      [Redirty Cards: 0.3 ms]
      [Humongous Register: 0.3 ms]
      [Humongous Reclaim: 0.1 ms]
      [Free CSet: 0.4 ms]
   [Eden: 14.0M(14.0M)->0.0B(46.0M) Survivors: 37.0M->5120.0K Heap: 688.1M(1024.0M)->599.0M(1024.0M)]
 [Times: user=0.31 sys=0.01, real=0.02 secs] 
5.108: [GC pause (G1 Evacuation Pause) (mixed), 0.0129249 secs]
   [Parallel Time: 11.3 ms, GC Workers: 18]
      [GC Worker Start (ms): Min: 5108.3, Avg: 5108.5, Max: 5108.6, Diff: 0.4]
      [Ext Root Scanning (ms): Min: 0.0, Avg: 0.2, Max: 0.4, Diff: 0.4, Sum: 3.3]
      [Update RS (ms): Min: 2.2, Avg: 2.3, Max: 2.4, Diff: 0.2, Sum: 41.4]
         [Processed Buffers: Min: 6, Avg: 7.2, Max: 9, Diff: 3, Sum: 130]
      [Scan RS (ms): Min: 0.0, Avg: 0.0, Max: 0.1, Diff: 0.1, Sum: 0.4]
      [Code Root Scanning (ms): Min: 0.0, Avg: 0.0, Max: 0.0, Diff: 0.0, Sum: 0.0]
      [Object Copy (ms): Min: 7.8, Avg: 8.1, Max: 8.4, Diff: 0.6, Sum: 146.4]
      [Termination (ms): Min: 0.0, Avg: 0.2, Max: 0.5, Diff: 0.5, Sum: 4.2]
         [Termination Attempts: Min: 1, Avg: 1.1, Max: 2, Diff: 1, Sum: 20]
      [GC Worker Other (ms): Min: 0.0, Avg: 0.0, Max: 0.1, Diff: 0.1, Sum: 0.6]
      [GC Worker Total (ms): Min: 10.7, Avg: 10.9, Max: 11.1, Diff: 0.4, Sum: 196.3]
      [GC Worker End (ms): Min: 5119.4, Avg: 5119.4, Max: 5119.4, Diff: 0.1]
   [Code Root Fixup: 0.0 ms]
   [Code Root Purge: 0.0 ms]
   [Clear CT: 0.3 ms]
   [Other: 1.3 ms]
      [Choose CSet: 0.0 ms]
      [Ref Proc: 0.3 ms]
      [Ref Enq: 0.0 ms]
      [Redirty Cards: 0.2 ms]
      [Humongous Register: 0.3 ms]
      [Humongous Reclaim: 0.1 ms]
      [Free CSet: 0.2 ms]
   [Eden: 46.0M(46.0M)->0.0B(191.0M) Survivors: 5120.0K->7168.0K Heap: 658.7M(1024.0M)->603.2M(1024.0M)]
 [Times: user=0.19 sys=0.01, real=0.01 secs] 
5.121: [GC pause (G1 Humongous Allocation) (young) (initial-mark), 0.0038252 secs]
   [Parallel Time: 2.5 ms, GC Workers: 18]
      [GC Worker Start (ms): Min: 5121.7, Avg: 5121.9, Max: 5122.0, Diff: 0.4]
      [Ext Root Scanning (ms): Min: 0.0, Avg: 0.2, Max: 0.4, Diff: 0.4, Sum: 3.2]
      [Update RS (ms): Min: 0.1, Avg: 0.2, Max: 0.5, Diff: 0.4, Sum: 3.1]
         [Processed Buffers: Min: 0, Avg: 1.1, Max: 2, Diff: 2, Sum: 19]
      [Scan RS (ms): Min: 0.0, Avg: 0.0, Max: 0.0, Diff: 0.0, Sum: 0.1]
      [Code Root Scanning (ms): Min: 0.0, Avg: 0.0, Max: 0.0, Diff: 0.0, Sum: 0.0]
      [Object Copy (ms): Min: 1.1, Avg: 1.5, Max: 1.8, Diff: 0.8, Sum: 26.3]
      [Termination (ms): Min: 0.0, Avg: 0.3, Max: 0.7, Diff: 0.7, Sum: 4.6]
         [Termination Attempts: Min: 1, Avg: 1.1, Max: 2, Diff: 1, Sum: 19]
      [GC Worker Other (ms): Min: 0.0, Avg: 0.0, Max: 0.0, Diff: 0.0, Sum: 0.3]
      [GC Worker Total (ms): Min: 2.0, Avg: 2.1, Max: 2.3, Diff: 0.4, Sum: 37.6]
      [GC Worker End (ms): Min: 5124.0, Avg: 5124.0, Max: 5124.0, Diff: 0.0]
   [Code Root Fixup: 0.0 ms]
   [Code Root Purge: 0.0 ms]
   [Clear CT: 0.2 ms]
   [Other: 1.1 ms]
      [Choose CSet: 0.0 ms]
      [Ref Proc: 0.3 ms]
      [Ref Enq: 0.0 ms]
      [Redirty Cards: 0.2 ms]
      [Humongous Register: 0.3 ms]
      [Humongous Reclaim: 0.0 ms]
      [Free CSet: 0.0 ms]
   [Eden: 1024.0K(191.0M)->0.0B(183.0M) Survivors: 7168.0K->8192.0K Heap: 604.1M(1024.0M)->603.5M(1024.0M)]
 [Times: user=0.04 sys=0.00, real=0.00 secs] 
5.125: [GC concurrent-root-region-scan-start]
5.125: [GC concurrent-root-region-scan-end, 0.0001632 secs]
5.125: [GC concurrent-mark-start]
5.128: [GC concurrent-mark-end, 0.0024316 secs]
5.128: [GC remark 5.128: [Finalize Marking, 0.0003927 secs] 5.128: [GC ref-proc, 0.0004114 secs] 5.129: [Unloading, 0.0009642 secs], 0.0025634 secs]
 [Times: user=0.02 sys=0.00, real=0.00 secs] 
5.131: [GC cleanup 615M->607M(1024M), 0.0015635 secs]
 [Times: user=0.01 sys=0.00, real=0.00 secs] 
5.132: [GC concurrent-cleanup-start]
5.132: [GC concurrent-cleanup-end, 0.0000359 secs]
5.196: [GC pause (G1 Evacuation Pause) (young), 0.0254889 secs]
   [Parallel Time: 23.4 ms, GC Workers: 18]
      [GC Worker Start (ms): Min: 5196.6, Avg: 5196.8, Max: 5197.0, Diff: 0.4]
      [Ext Root Scanning (ms): Min: 0.0, Avg: 0.1, Max: 0.4, Diff: 0.3, Sum: 2.6]
      [Update RS (ms): Min: 6.6, Avg: 6.8, Max: 6.9, Diff: 0.3, Sum: 121.9]
         [Processed Buffers: Min: 18, Avg: 20.2, Max: 23, Diff: 5, Sum: 364]
      [Scan RS (ms): Min: 0.0, Avg: 0.0, Max: 0.1, Diff: 0.1, Sum: 0.6]
      [Code Root Scanning (ms): Min: 0.0, Avg: 0.0, Max: 0.0, Diff: 0.0, Sum: 0.0]
      [Object Copy (ms): Min: 15.4, Avg: 15.7, Max: 16.0, Diff: 0.6, Sum: 282.7]
      [Termination (ms): Min: 0.0, Avg: 0.3, Max: 0.6, Diff: 0.6, Sum: 5.9]
         [Termination Attempts: Min: 1, Avg: 1.0, Max: 1, Diff: 0, Sum: 18]
      [GC Worker Other (ms): Min: 0.0, Avg: 0.0, Max: 0.1, Diff: 0.1, Sum: 0.6]
      [GC Worker Total (ms): Min: 22.8, Avg: 23.0, Max: 23.3, Diff: 0.4, Sum: 414.4]
      [GC Worker End (ms): Min: 5219.8, Avg: 5219.8, Max: 5219.9, Diff: 0.0]
   [Code Root Fixup: 0.0 ms]
   [Code Root Purge: 0.0 ms]
   [Clear CT: 0.2 ms]
   [Other: 1.9 ms]
      [Choose CSet: 0.0 ms]
      [Ref Proc: 0.3 ms]
      [Ref Enq: 0.0 ms]
      [Redirty Cards: 0.3 ms]
      [Humongous Register: 0.5 ms]
      [Humongous Reclaim: 0.3 ms]
      [Free CSet: 0.3 ms]
   [Eden: 183.0M(183.0M)->0.0B(27.0M) Survivors: 8192.0K->24.0M Heap: 822.3M(1024.0M)->639.6M(1024.0M)]
 [Times: user=0.39 sys=0.01, real=0.03 secs] 
5.232: [GC pause (G1 Evacuation Pause) (mixed), 0.0147754 secs]
   [Parallel Time: 12.9 ms, GC Workers: 18]
      [GC Worker Start (ms): Min: 5232.0, Avg: 5232.2, Max: 5232.5, Diff: 0.4]
      [Ext Root Scanning (ms): Min: 0.0, Avg: 0.1, Max: 0.3, Diff: 0.3, Sum: 2.5]
      [Update RS (ms): Min: 1.1, Avg: 1.3, Max: 1.5, Diff: 0.4, Sum: 23.5]
         [Processed Buffers: Min: 4, Avg: 4.6, Max: 6, Diff: 2, Sum: 82]
      [Scan RS (ms): Min: 0.0, Avg: 0.0, Max: 0.1, Diff: 0.1, Sum: 0.9]
      [Code Root Scanning (ms): Min: 0.0, Avg: 0.0, Max: 0.0, Diff: 0.0, Sum: 0.0]
      [Object Copy (ms): Min: 10.5, Avg: 10.7, Max: 11.0, Diff: 0.5, Sum: 193.3]
      [Termination (ms): Min: 0.0, Avg: 0.2, Max: 0.3, Diff: 0.3, Sum: 4.0]
         [Termination Attempts: Min: 1, Avg: 1.0, Max: 1, Diff: 0, Sum: 18]
      [GC Worker Other (ms): Min: 0.0, Avg: 0.0, Max: 0.0, Diff: 0.0, Sum: 0.3]
      [GC Worker Total (ms): Min: 12.3, Avg: 12.5, Max: 12.7, Diff: 0.4, Sum: 224.6]
      [GC Worker End (ms): Min: 5244.7, Avg: 5244.7, Max: 5244.7, Diff: 0.0]
   [Code Root Fixup: 0.0 ms]
   [Code Root Purge: 0.0 ms]
   [Clear CT: 0.2 ms]
   [Other: 1.6 ms]
      [Choose CSet: 0.1 ms]
      [Ref Proc: 0.3 ms]
      [Ref Enq: 0.0 ms]
      [Redirty Cards: 0.3 ms]
      [Humongous Register: 0.3 ms]
      [Humongous Reclaim: 0.1 ms]
      [Free CSet: 0.4 ms]
   [Eden: 27.0M(27.0M)->0.0B(44.0M) Survivors: 24.0M->7168.0K Heap: 674.5M(1024.0M)->556.3M(1024.0M)]
 [Times: user=0.22 sys=0.01, real=0.01 secs] 
5.263: [GC pause (G1 Evacuation Pause) (mixed), 0.0175598 secs]
   [Parallel Time: 15.7 ms, GC Workers: 18]
      [GC Worker Start (ms): Min: 5263.9, Avg: 5264.1, Max: 5264.2, Diff: 0.3]
      [Ext Root Scanning (ms): Min: 0.1, Avg: 0.2, Max: 0.4, Diff: 0.3, Sum: 3.5]
      [Update RS (ms): Min: 2.1, Avg: 2.2, Max: 2.4, Diff: 0.3, Sum: 40.0]
         [Processed Buffers: Min: 7, Avg: 7.5, Max: 9, Diff: 2, Sum: 135]
      [Scan RS (ms): Min: 0.0, Avg: 0.1, Max: 0.8, Diff: 0.8, Sum: 1.7]
      [Code Root Scanning (ms): Min: 0.0, Avg: 0.0, Max: 0.3, Diff: 0.3, Sum: 0.3]
      [Object Copy (ms): Min: 11.7, Avg: 12.4, Max: 12.8, Diff: 1.1, Sum: 222.9]
      [Termination (ms): Min: 0.0, Avg: 0.4, Max: 0.5, Diff: 0.5, Sum: 6.6]
         [Termination Attempts: Min: 1, Avg: 1.0, Max: 1, Diff: 0, Sum: 18]
      [GC Worker Other (ms): Min: 0.0, Avg: 0.0, Max: 0.0, Diff: 0.0, Sum: 0.3]
      [GC Worker Total (ms): Min: 15.2, Avg: 15.3, Max: 15.5, Diff: 0.3, Sum: 275.4]
      [GC Worker End (ms): Min: 5279.4, Avg: 5279.4, Max: 5279.4, Diff: 0.0]
   [Code Root Fixup: 0.0 ms]
   [Code Root Purge: 0.0 ms]
   [Clear CT: 0.3 ms]
   [Other: 1.6 ms]
      [Choose CSet: 0.1 ms]
      [Ref Proc: 0.3 ms]
      [Ref Enq: 0.0 ms]
      [Redirty Cards: 0.3 ms]
      [Humongous Register: 0.3 ms]
      [Humongous Reclaim: 0.1 ms]
      [Free CSet: 0.4 ms]
   [Eden: 44.0M(44.0M)->0.0B(44.0M) Survivors: 7168.0K->7168.0K Heap: 614.7M(1024.0M)->502.3M(1024.0M)]
 [Times: user=0.25 sys=0.02, real=0.02 secs] 
5.297: [GC pause (G1 Evacuation Pause) (mixed), 0.0133582 secs]
   [Parallel Time: 11.9 ms, GC Workers: 18]
      [GC Worker Start (ms): Min: 5297.5, Avg: 5297.6, Max: 5297.8, Diff: 0.3]
      [Ext Root Scanning (ms): Min: 0.0, Avg: 0.2, Max: 0.3, Diff: 0.3, Sum: 2.7]
      [Update RS (ms): Min: 2.2, Avg: 2.6, Max: 2.8, Diff: 0.6, Sum: 46.1]
         [Processed Buffers: Min: 7, Avg: 7.6, Max: 8, Diff: 1, Sum: 137]
      [Scan RS (ms): Min: 0.0, Avg: 0.0, Max: 0.1, Diff: 0.1, Sum: 0.4]
      [Code Root Scanning (ms): Min: 0.0, Avg: 0.0, Max: 0.0, Diff: 0.0, Sum: 0.0]
      [Object Copy (ms): Min: 8.0, Avg: 8.5, Max: 9.0, Diff: 1.0, Sum: 152.7]
      [Termination (ms): Min: 0.0, Avg: 0.3, Max: 0.5, Diff: 0.5, Sum: 5.4]
         [Termination Attempts: Min: 1, Avg: 1.0, Max: 1, Diff: 0, Sum: 18]
      [GC Worker Other (ms): Min: 0.0, Avg: 0.0, Max: 0.0, Diff: 0.0, Sum: 0.4]
      [GC Worker Total (ms): Min: 11.4, Avg: 11.5, Max: 11.7, Diff: 0.3, Sum: 207.8]
      [GC Worker End (ms): Min: 5309.2, Avg: 5309.2, Max: 5309.2, Diff: 0.0]
   [Code Root Fixup: 0.0 ms]
   [Code Root Purge: 0.0 ms]
   [Clear CT: 0.2 ms]
   [Other: 1.2 ms]
      [Choose CSet: 0.0 ms]
      [Ref Proc: 0.3 ms]
      [Ref Enq: 0.0 ms]
      [Redirty Cards: 0.3 ms]
      [Humongous Register: 0.1 ms]
      [Humongous Reclaim: 0.1 ms]
      [Free CSet: 0.2 ms]
   [Eden: 44.0M(44.0M)->0.0B(263.0M) Survivors: 7168.0K->7168.0K Heap: 561.0M(1024.0M)->503.9M(1024.0M)]
 [Times: user=0.21 sys=0.00, real=0.02 secs] 
5.311: [GC pause (G1 Humongous Allocation) (young) (initial-mark), 0.0035516 secs]
   [Parallel Time: 2.3 ms, GC Workers: 18]
      [GC Worker Start (ms): Min: 5311.7, Avg: 5311.9, Max: 5312.0, Diff: 0.3]
      [Ext Root Scanning (ms): Min: 0.1, Avg: 0.2, Max: 0.3, Diff: 0.3, Sum: 3.3]
      [Update RS (ms): Min: 0.0, Avg: 0.2, Max: 1.6, Diff: 1.6, Sum: 3.5]
         [Processed Buffers: Min: 0, Avg: 0.9, Max: 3, Diff: 3, Sum: 17]
      [Scan RS (ms): Min: 0.0, Avg: 0.0, Max: 0.0, Diff: 0.0, Sum: 0.1]
      [Code Root Scanning (ms): Min: 0.0, Avg: 0.0, Max: 0.0, Diff: 0.0, Sum: 0.0]
      [Object Copy (ms): Min: 0.0, Avg: 0.9, Max: 1.5, Diff: 1.5, Sum: 16.4]
      [Termination (ms): Min: 0.2, Avg: 0.7, Max: 1.3, Diff: 1.1, Sum: 13.0]
         [Termination Attempts: Min: 1, Avg: 4.3, Max: 7, Diff: 6, Sum: 78]
      [GC Worker Other (ms): Min: 0.0, Avg: 0.0, Max: 0.0, Diff: 0.0, Sum: 0.2]
      [GC Worker Total (ms): Min: 1.9, Avg: 2.0, Max: 2.2, Diff: 0.3, Sum: 36.6]
      [GC Worker End (ms): Min: 5313.9, Avg: 5313.9, Max: 5313.9, Diff: 0.0]
   [Code Root Fixup: 0.0 ms]
   [Code Root Purge: 0.0 ms]
   [Clear CT: 0.2 ms]
   [Other: 1.0 ms]
      [Choose CSet: 0.0 ms]
      [Ref Proc: 0.3 ms]
      [Ref Enq: 0.0 ms]
      [Redirty Cards: 0.2 ms]
      [Humongous Register: 0.2 ms]
      [Humongous Reclaim: 0.0 ms]
      [Free CSet: 0.0 ms]
   [Eden: 2048.0K(263.0M)->0.0B(267.0M) Survivors: 7168.0K->8192.0K Heap: 505.4M(1024.0M)->504.1M(1024.0M)]
 [Times: user=0.03 sys=0.00, real=0.00 secs] 
5.315: [GC concurrent-root-region-scan-start]
5.315: [GC concurrent-root-region-scan-end, 0.0002292 secs]
5.315: [GC concurrent-mark-start]
5.318: [GC concurrent-mark-end, 0.0023222 secs]
5.318: [GC remark 5.318: [Finalize Marking, 0.0004098 secs] 5.318: [GC ref-proc, 0.0004242 secs] 5.319: [Unloading, 0.0010057 secs], 0.0026467 secs]
 [Times: user=0.01 sys=0.01, real=0.00 secs] 
5.320: [GC cleanup 514M->510M(1024M), 0.0015022 secs]
 [Times: user=0.01 sys=0.00, real=0.00 secs] 
5.322: [GC concurrent-cleanup-start]
5.322: [GC concurrent-cleanup-end, 0.0000241 secs]
5.419: [GC pause (G1 Evacuation Pause) (young) (to-space exhausted), 0.0301773 secs]
   [Parallel Time: 27.5 ms, GC Workers: 18]
      [GC Worker Start (ms): Min: 5419.1, Avg: 5419.4, Max: 5419.6, Diff: 0.5]
      [Ext Root Scanning (ms): Min: 0.0, Avg: 0.1, Max: 0.4, Diff: 0.4, Sum: 1.8]
      [Update RS (ms): Min: 7.1, Avg: 7.2, Max: 7.4, Diff: 0.3, Sum: 130.0]
         [Processed Buffers: Min: 20, Avg: 22.8, Max: 28, Diff: 8, Sum: 411]
      [Scan RS (ms): Min: 0.0, Avg: 0.1, Max: 0.2, Diff: 0.2, Sum: 1.7]
      [Code Root Scanning (ms): Min: 0.0, Avg: 0.0, Max: 0.0, Diff: 0.0, Sum: 0.0]
      [Object Copy (ms): Min: 19.3, Avg: 19.6, Max: 19.7, Diff: 0.4, Sum: 352.3]
      [Termination (ms): Min: 0.0, Avg: 0.1, Max: 0.1, Diff: 0.1, Sum: 1.1]
         [Termination Attempts: Min: 1, Avg: 1.0, Max: 1, Diff: 0, Sum: 18]
      [GC Worker Other (ms): Min: 0.0, Avg: 0.0, Max: 0.1, Diff: 0.0, Sum: 0.4]
      [GC Worker Total (ms): Min: 26.9, Avg: 27.1, Max: 27.4, Diff: 0.5, Sum: 487.3]
      [GC Worker End (ms): Min: 5446.5, Avg: 5446.5, Max: 5446.6, Diff: 0.0]
   [Code Root Fixup: 0.0 ms]
   [Code Root Purge: 0.0 ms]
   [Clear CT: 0.3 ms]
   [Other: 2.4 ms]
      [Evacuation Failure: 0.5 ms]
      [Choose CSet: 0.0 ms]
      [Ref Proc: 0.3 ms]
      [Ref Enq: 0.0 ms]
      [Redirty Cards: 0.2 ms]
      [Humongous Register: 0.5 ms]
      [Humongous Reclaim: 0.4 ms]
      [Free CSet: 0.3 ms]
   [Eden: 267.0M(267.0M)->0.0B(16.0M) Survivors: 8192.0K->35.0M Heap: 844.1M(1024.0M)->644.8M(1024.0M)]
 [Times: user=0.47 sys=0.00, real=0.03 secs] 
5.455: [GC pause (G1 Evacuation Pause) (mixed), 0.0206651 secs]
   [Parallel Time: 18.8 ms, GC Workers: 18]
      [GC Worker Start (ms): Min: 5455.4, Avg: 5455.7, Max: 5455.9, Diff: 0.5]
      [Ext Root Scanning (ms): Min: 0.0, Avg: 0.1, Max: 0.4, Diff: 0.4, Sum: 2.2]
      [Update RS (ms): Min: 0.8, Avg: 0.9, Max: 1.0, Diff: 0.2, Sum: 16.1]
         [Processed Buffers: Min: 3, Avg: 3.9, Max: 6, Diff: 3, Sum: 70]
      [Scan RS (ms): Min: 0.0, Avg: 0.1, Max: 0.2, Diff: 0.2, Sum: 1.3]
      [Code Root Scanning (ms): Min: 0.0, Avg: 0.0, Max: 0.1, Diff: 0.1, Sum: 0.1]
      [Object Copy (ms): Min: 16.7, Avg: 16.9, Max: 17.2, Diff: 0.5, Sum: 304.0]
      [Termination (ms): Min: 0.0, Avg: 0.2, Max: 0.4, Diff: 0.4, Sum: 3.9]
         [Termination Attempts: Min: 1, Avg: 1.0, Max: 1, Diff: 0, Sum: 18]
      [GC Worker Other (ms): Min: 0.0, Avg: 0.0, Max: 0.0, Diff: 0.0, Sum: 0.3]
      [GC Worker Total (ms): Min: 18.0, Avg: 18.2, Max: 18.5, Diff: 0.5, Sum: 328.0]
      [GC Worker End (ms): Min: 5473.9, Avg: 5473.9, Max: 5474.0, Diff: 0.0]
   [Code Root Fixup: 0.0 ms]
   [Code Root Purge: 0.0 ms]
   [Clear CT: 0.3 ms]
   [Other: 1.6 ms]
      [Choose CSet: 0.1 ms]
      [Ref Proc: 0.3 ms]
      [Ref Enq: 0.0 ms]
      [Redirty Cards: 0.3 ms]
      [Humongous Register: 0.3 ms]
      [Humongous Reclaim: 0.1 ms]
      [Free CSet: 0.4 ms]
   [Eden: 16.0M(16.0M)->0.0B(44.0M) Survivors: 35.0M->7168.0K Heap: 666.5M(1024.0M)->583.1M(1024.0M)]
 [Times: user=0.31 sys=0.02, real=0.02 secs] 
5.493: [GC pause (G1 Evacuation Pause) (mixed), 0.0128510 secs]
   [Parallel Time: 11.2 ms, GC Workers: 18]
      [GC Worker Start (ms): Min: 5493.4, Avg: 5493.6, Max: 5493.8, Diff: 0.4]
      [Ext Root Scanning (ms): Min: 0.0, Avg: 0.2, Max: 0.4, Diff: 0.4, Sum: 2.9]
      [Update RS (ms): Min: 2.5, Avg: 2.7, Max: 2.8, Diff: 0.3, Sum: 48.5]
         [Processed Buffers: Min: 7, Avg: 8.4, Max: 10, Diff: 3, Sum: 152]
      [Scan RS (ms): Min: 0.0, Avg: 0.0, Max: 0.2, Diff: 0.2, Sum: 0.5]
      [Code Root Scanning (ms): Min: 0.0, Avg: 0.0, Max: 0.0, Diff: 0.0, Sum: 0.0]
      [Object Copy (ms): Min: 7.1, Avg: 7.5, Max: 7.8, Diff: 0.7, Sum: 134.5]
      [Termination (ms): Min: 0.0, Avg: 0.4, Max: 0.7, Diff: 0.7, Sum: 6.8]
         [Termination Attempts: Min: 1, Avg: 1.1, Max: 2, Diff: 1, Sum: 20]
      [GC Worker Other (ms): Min: 0.0, Avg: 0.0, Max: 0.0, Diff: 0.0, Sum: 0.4]
      [GC Worker Total (ms): Min: 10.6, Avg: 10.8, Max: 11.0, Diff: 0.4, Sum: 193.6]
      [GC Worker End (ms): Min: 5504.4, Avg: 5504.4, Max: 5504.4, Diff: 0.0]
   [Code Root Fixup: 0.0 ms]
   [Code Root Purge: 0.0 ms]
   [Clear CT: 0.2 ms]
   [Other: 1.4 ms]
      [Choose CSet: 0.0 ms]
      [Ref Proc: 0.3 ms]
      [Ref Enq: 0.0 ms]
      [Redirty Cards: 0.3 ms]
      [Humongous Register: 0.3 ms]
      [Humongous Reclaim: 0.2 ms]
      [Free CSet: 0.1 ms]
   [Eden: 44.0M(44.0M)->0.0B(204.0M) Survivors: 7168.0K->7168.0K Heap: 643.7M(1024.0M)->587.0M(1024.0M)]
 [Times: user=0.20 sys=0.00, real=0.01 secs] 
5.509: [GC pause (G1 Humongous Allocation) (young) (initial-mark), 0.0041110 secs]
   [Parallel Time: 2.9 ms, GC Workers: 18]
      [GC Worker Start (ms): Min: 5509.5, Avg: 5509.7, Max: 5509.9, Diff: 0.4]
      [Ext Root Scanning (ms): Min: 0.0, Avg: 0.2, Max: 0.4, Diff: 0.4, Sum: 4.1]
      [Update RS (ms): Min: 0.0, Avg: 0.2, Max: 0.7, Diff: 0.7, Sum: 2.8]
         [Processed Buffers: Min: 0, Avg: 1.1, Max: 3, Diff: 3, Sum: 19]
      [Scan RS (ms): Min: 0.0, Avg: 0.0, Max: 0.0, Diff: 0.0, Sum: 0.1]
      [Code Root Scanning (ms): Min: 0.0, Avg: 0.0, Max: 0.0, Diff: 0.0, Sum: 0.0]
      [Object Copy (ms): Min: 1.3, Avg: 1.7, Max: 2.1, Diff: 0.7, Sum: 31.1]
      [Termination (ms): Min: 0.0, Avg: 0.3, Max: 0.5, Diff: 0.5, Sum: 5.4]
         [Termination Attempts: Min: 1, Avg: 1.0, Max: 1, Diff: 0, Sum: 18]
      [GC Worker Other (ms): Min: 0.0, Avg: 0.0, Max: 0.0, Diff: 0.0, Sum: 0.2]
      [GC Worker Total (ms): Min: 2.3, Avg: 2.4, Max: 2.6, Diff: 0.4, Sum: 43.7]
      [GC Worker End (ms): Min: 5512.1, Avg: 5512.2, Max: 5512.2, Diff: 0.0]
   [Code Root Fixup: 0.0 ms]
   [Code Root Purge: 0.0 ms]
   [Clear CT: 0.2 ms]
   [Other: 1.0 ms]
      [Choose CSet: 0.0 ms]
      [Ref Proc: 0.2 ms]
      [Ref Enq: 0.0 ms]
      [Redirty Cards: 0.2 ms]
      [Humongous Register: 0.2 ms]
      [Humongous Reclaim: 0.0 ms]
      [Free CSet: 0.0 ms]
   [Eden: 10.0M(204.0M)->0.0B(184.0M) Survivors: 7168.0K->9216.0K Heap: 596.2M(1024.0M)->587.5M(1024.0M)]
 [Times: user=0.04 sys=0.00, real=0.00 secs] 
5.513: [GC concurrent-root-region-scan-start]
5.513: [GC concurrent-root-region-scan-end, 0.0001433 secs]
5.513: [GC concurrent-mark-start]
5.516: [GC concurrent-mark-end, 0.0023584 secs]
5.516: [GC remark 5.516: [Finalize Marking, 0.0005246 secs] 5.516: [GC ref-proc, 0.0004015 secs] 5.517: [Unloading, 0.0010003 secs], 0.0028990 secs]
 [Times: user=0.03 sys=0.00, real=0.01 secs] 
5.519: [GC cleanup 596M->589M(1024M), 0.0017319 secs]
 [Times: user=0.01 sys=0.00, real=0.00 secs] 
5.521: [GC concurrent-cleanup-start]
5.521: [GC concurrent-cleanup-end, 0.0000322 secs]
5.587: [GC pause (G1 Evacuation Pause) (young), 0.0291822 secs]
   [Parallel Time: 27.1 ms, GC Workers: 18]
      [GC Worker Start (ms): Min: 5587.8, Avg: 5588.1, Max: 5588.4, Diff: 0.6]
      [Ext Root Scanning (ms): Min: 0.0, Avg: 0.2, Max: 0.5, Diff: 0.5, Sum: 3.2]
      [Update RS (ms): Min: 9.3, Avg: 9.7, Max: 9.9, Diff: 0.6, Sum: 174.4]
         [Processed Buffers: Min: 17, Avg: 21.8, Max: 28, Diff: 11, Sum: 393]
      [Scan RS (ms): Min: 0.0, Avg: 0.1, Max: 0.1, Diff: 0.1, Sum: 1.0]
      [Code Root Scanning (ms): Min: 0.0, Avg: 0.0, Max: 0.0, Diff: 0.0, Sum: 0.0]
      [Object Copy (ms): Min: 15.7, Avg: 16.2, Max: 16.7, Diff: 1.0, Sum: 291.2]
      [Termination (ms): Min: 0.0, Avg: 0.3, Max: 0.6, Diff: 0.6, Sum: 6.1]
         [Termination Attempts: Min: 1, Avg: 1.0, Max: 1, Diff: 0, Sum: 18]
      [GC Worker Other (ms): Min: 0.0, Avg: 0.0, Max: 0.1, Diff: 0.1, Sum: 0.7]
      [GC Worker Total (ms): Min: 26.2, Avg: 26.5, Max: 26.8, Diff: 0.6, Sum: 476.7]
      [GC Worker End (ms): Min: 5614.6, Avg: 5614.6, Max: 5614.6, Diff: 0.0]
   [Code Root Fixup: 0.0 ms]
   [Code Root Purge: 0.0 ms]
   [Clear CT: 0.3 ms]
   [Other: 1.8 ms]
      [Choose CSet: 0.0 ms]
      [Ref Proc: 0.3 ms]
      [Ref Enq: 0.0 ms]
      [Redirty Cards: 0.3 ms]
      [Humongous Register: 0.4 ms]
      [Humongous Reclaim: 0.3 ms]
      [Free CSet: 0.3 ms]
   [Eden: 184.0M(184.0M)->0.0B(26.0M) Survivors: 9216.0K->25.0M Heap: 811.9M(1024.0M)->638.9M(1024.0M)]
 [Times: user=0.46 sys=0.01, real=0.03 secs] 
5.625: [GC pause (G1 Evacuation Pause) (mixed), 0.0159981 secs]
   [Parallel Time: 14.1 ms, GC Workers: 18]
      [GC Worker Start (ms): Min: 5625.4, Avg: 5625.6, Max: 5625.8, Diff: 0.4]
      [Ext Root Scanning (ms): Min: 0.0, Avg: 0.2, Max: 0.4, Diff: 0.4, Sum: 2.9]
      [Update RS (ms): Min: 0.6, Avg: 0.8, Max: 0.9, Diff: 0.3, Sum: 13.9]
         [Processed Buffers: Min: 2, Avg: 2.9, Max: 5, Diff: 3, Sum: 52]
      [Scan RS (ms): Min: 0.0, Avg: 0.1, Max: 0.2, Diff: 0.2, Sum: 0.9]
      [Code Root Scanning (ms): Min: 0.0, Avg: 0.0, Max: 0.0, Diff: 0.0, Sum: 0.0]
      [Object Copy (ms): Min: 12.2, Avg: 12.4, Max: 12.5, Diff: 0.3, Sum: 223.2]
      [Termination (ms): Min: 0.0, Avg: 0.1, Max: 0.3, Diff: 0.3, Sum: 2.6]
         [Termination Attempts: Min: 1, Avg: 1.0, Max: 1, Diff: 0, Sum: 18]
      [GC Worker Other (ms): Min: 0.0, Avg: 0.0, Max: 0.0, Diff: 0.0, Sum: 0.4]
      [GC Worker Total (ms): Min: 13.4, Avg: 13.6, Max: 13.8, Diff: 0.5, Sum: 243.9]
      [GC Worker End (ms): Min: 5639.2, Avg: 5639.2, Max: 5639.2, Diff: 0.0]
   [Code Root Fixup: 0.0 ms]
   [Code Root Purge: 0.0 ms]
   [Clear CT: 0.2 ms]
   [Other: 1.6 ms]
      [Choose CSet: 0.1 ms]
      [Ref Proc: 0.3 ms]
      [Ref Enq: 0.0 ms]
      [Redirty Cards: 0.3 ms]
      [Humongous Register: 0.3 ms]
      [Humongous Reclaim: 0.1 ms]
      [Free CSet: 0.4 ms]
   [Eden: 26.0M(26.0M)->0.0B(44.0M) Survivors: 25.0M->7168.0K Heap: 669.0M(1024.0M)->554.2M(1024.0M)]
 [Times: user=0.22 sys=0.01, real=0.02 secs] 
5.660: [GC pause (G1 Evacuation Pause) (mixed), 0.0166345 secs]
   [Parallel Time: 14.6 ms, GC Workers: 18]
      [GC Worker Start (ms): Min: 5660.6, Avg: 5660.8, Max: 5660.9, Diff: 0.3]
      [Ext Root Scanning (ms): Min: 0.0, Avg: 0.2, Max: 0.4, Diff: 0.3, Sum: 2.9]
      [Update RS (ms): Min: 1.3, Avg: 1.4, Max: 1.5, Diff: 0.2, Sum: 25.0]
         [Processed Buffers: Min: 4, Avg: 4.8, Max: 6, Diff: 2, Sum: 87]
      [Scan RS (ms): Min: 0.0, Avg: 0.1, Max: 0.3, Diff: 0.3, Sum: 1.3]
      [Code Root Scanning (ms): Min: 0.0, Avg: 0.0, Max: 0.0, Diff: 0.0, Sum: 0.0]
      [Object Copy (ms): Min: 11.7, Avg: 12.1, Max: 12.6, Diff: 0.8, Sum: 218.6]
      [Termination (ms): Min: 0.0, Avg: 0.4, Max: 0.8, Diff: 0.8, Sum: 7.3]
         [Termination Attempts: Min: 1, Avg: 1.0, Max: 1, Diff: 0, Sum: 18]
      [GC Worker Other (ms): Min: 0.0, Avg: 0.0, Max: 0.0, Diff: 0.0, Sum: 0.4]
      [GC Worker Total (ms): Min: 14.1, Avg: 14.2, Max: 14.4, Diff: 0.3, Sum: 255.5]
      [GC Worker End (ms): Min: 5675.0, Avg: 5675.0, Max: 5675.0, Diff: 0.0]
   [Code Root Fixup: 0.0 ms]
   [Code Root Purge: 0.0 ms]
   [Clear CT: 0.3 ms]
   [Other: 1.8 ms]
      [Choose CSet: 0.1 ms]
      [Ref Proc: 0.3 ms]
      [Ref Enq: 0.0 ms]
      [Redirty Cards: 0.3 ms]
      [Humongous Register: 0.4 ms]
      [Humongous Reclaim: 0.1 ms]
      [Free CSet: 0.4 ms]
   [Eden: 44.0M(44.0M)->0.0B(44.0M) Survivors: 7168.0K->7168.0K Heap: 606.6M(1024.0M)->498.7M(1024.0M)]
 [Times: user=0.21 sys=0.04, real=0.01 secs] 
5.693: [GC pause (G1 Evacuation Pause) (mixed), 0.0101171 secs]
   [Parallel Time: 8.6 ms, GC Workers: 18]
      [GC Worker Start (ms): Min: 5693.6, Avg: 5693.8, Max: 5694.0, Diff: 0.4]
      [Ext Root Scanning (ms): Min: 0.0, Avg: 0.2, Max: 0.4, Diff: 0.4, Sum: 2.9]
      [Update RS (ms): Min: 1.2, Avg: 1.4, Max: 1.6, Diff: 0.3, Sum: 25.3]
         [Processed Buffers: Min: 4, Avg: 4.8, Max: 6, Diff: 2, Sum: 86]
      [Scan RS (ms): Min: 0.0, Avg: 0.0, Max: 0.1, Diff: 0.1, Sum: 0.4]
      [Code Root Scanning (ms): Min: 0.0, Avg: 0.0, Max: 0.0, Diff: 0.0, Sum: 0.0]
      [Object Copy (ms): Min: 5.8, Avg: 6.1, Max: 6.7, Diff: 0.9, Sum: 109.7]
      [Termination (ms): Min: 0.0, Avg: 0.5, Max: 0.9, Diff: 0.9, Sum: 9.8]
         [Termination Attempts: Min: 1, Avg: 1.0, Max: 1, Diff: 0, Sum: 18]
      [GC Worker Other (ms): Min: 0.0, Avg: 0.0, Max: 0.0, Diff: 0.0, Sum: 0.4]
      [GC Worker Total (ms): Min: 8.1, Avg: 8.3, Max: 8.4, Diff: 0.4, Sum: 148.5]
      [GC Worker End (ms): Min: 5702.0, Avg: 5702.0, Max: 5702.0, Diff: 0.0]
   [Code Root Fixup: 0.0 ms]
   [Code Root Purge: 0.0 ms]
   [Clear CT: 0.2 ms]
   [Other: 1.3 ms]
      [Choose CSet: 0.0 ms]
      [Ref Proc: 0.3 ms]
      [Ref Enq: 0.0 ms]
      [Redirty Cards: 0.3 ms]
      [Humongous Register: 0.3 ms]
      [Humongous Reclaim: 0.1 ms]
      [Free CSet: 0.1 ms]
   [Eden: 44.0M(44.0M)->0.0B(256.0M) Survivors: 7168.0K->7168.0K Heap: 551.0M(1024.0M)->500.4M(1024.0M)]
 [Times: user=0.12 sys=0.03, real=0.01 secs] 
5.704: [GC pause (G1 Humongous Allocation) (young) (initial-mark), 0.0037811 secs]
   [Parallel Time: 2.6 ms, GC Workers: 18]
      [GC Worker Start (ms): Min: 5704.6, Avg: 5704.8, Max: 5704.9, Diff: 0.3]
      [Ext Root Scanning (ms): Min: 0.0, Avg: 0.2, Max: 0.3, Diff: 0.3, Sum: 3.1]
      [Update RS (ms): Min: 0.1, Avg: 0.2, Max: 1.0, Diff: 0.9, Sum: 4.0]
         [Processed Buffers: Min: 0, Avg: 1.0, Max: 2, Diff: 2, Sum: 18]
      [Scan RS (ms): Min: 0.0, Avg: 0.0, Max: 0.0, Diff: 0.0, Sum: 0.1]
      [Code Root Scanning (ms): Min: 0.0, Avg: 0.0, Max: 0.0, Diff: 0.0, Sum: 0.0]
      [Object Copy (ms): Min: 1.0, Avg: 1.5, Max: 1.9, Diff: 0.9, Sum: 27.1]
      [Termination (ms): Min: 0.0, Avg: 0.3, Max: 0.5, Diff: 0.5, Sum: 5.7]
         [Termination Attempts: Min: 1, Avg: 1.1, Max: 2, Diff: 1, Sum: 20]
      [GC Worker Other (ms): Min: 0.0, Avg: 0.0, Max: 0.0, Diff: 0.0, Sum: 0.3]
      [GC Worker Total (ms): Min: 2.1, Avg: 2.2, Max: 2.4, Diff: 0.3, Sum: 40.3]
      [GC Worker End (ms): Min: 5707.0, Avg: 5707.0, Max: 5707.0, Diff: 0.0]
   [Code Root Fixup: 0.0 ms]
   [Code Root Purge: 0.0 ms]
   [Clear CT: 0.2 ms]
   [Other: 1.0 ms]
      [Choose CSet: 0.0 ms]
      [Ref Proc: 0.3 ms]
      [Ref Enq: 0.0 ms]
      [Redirty Cards: 0.2 ms]
      [Humongous Register: 0.2 ms]
      [Humongous Reclaim: 0.0 ms]
      [Free CSet: 0.0 ms]
   [Eden: 3072.0K(256.0M)->0.0B(241.0M) Survivors: 7168.0K->8192.0K Heap: 502.5M(1024.0M)->501.2M(1024.0M)]
 [Times: user=0.04 sys=0.00, real=0.01 secs] 
5.708: [GC concurrent-root-region-scan-start]
5.708: [GC concurrent-root-region-scan-end, 0.0002045 secs]
5.708: [GC concurrent-mark-start]
5.711: [GC concurrent-mark-end, 0.0029036 secs]
5.711: [GC remark 5.711: [Finalize Marking, 0.0004709 secs] 5.712: [GC ref-proc, 0.0004025 secs] 5.712: [Unloading, 0.0009988 secs], 0.0026806 secs]
 [Times: user=0.02 sys=0.00, real=0.00 secs] 
5.714: [GC cleanup 513M->510M(1024M), 0.0015227 secs]
 [Times: user=0.01 sys=0.00, real=0.00 secs] 
5.716: [GC concurrent-cleanup-start]
5.716: [GC concurrent-cleanup-end, 0.0000228 secs]
5.801: [GC pause (G1 Evacuation Pause) (young), 0.0346633 secs]
   [Parallel Time: 32.7 ms, GC Workers: 18]
      [GC Worker Start (ms): Min: 5801.8, Avg: 5802.0, Max: 5802.2, Diff: 0.4]
      [Ext Root Scanning (ms): Min: 0.0, Avg: 0.1, Max: 0.4, Diff: 0.4, Sum: 2.5]
      [Update RS (ms): Min: 8.3, Avg: 8.5, Max: 8.6, Diff: 0.3, Sum: 152.3]
         [Processed Buffers: Min: 22, Avg: 25.1, Max: 29, Diff: 7, Sum: 452]
      [Scan RS (ms): Min: 0.0, Avg: 0.0, Max: 0.1, Diff: 0.1, Sum: 0.8]
      [Code Root Scanning (ms): Min: 0.0, Avg: 0.0, Max: 0.0, Diff: 0.0, Sum: 0.0]
      [Object Copy (ms): Min: 23.0, Avg: 23.3, Max: 23.6, Diff: 0.7, Sum: 419.2]
      [Termination (ms): Min: 0.0, Avg: 0.3, Max: 0.5, Diff: 0.5, Sum: 4.5]
         [Termination Attempts: Min: 1, Avg: 1.1, Max: 2, Diff: 1, Sum: 19]
      [GC Worker Other (ms): Min: 0.0, Avg: 0.0, Max: 0.1, Diff: 0.0, Sum: 0.5]
      [GC Worker Total (ms): Min: 32.0, Avg: 32.2, Max: 32.4, Diff: 0.4, Sum: 579.7]
      [GC Worker End (ms): Min: 5834.2, Avg: 5834.2, Max: 5834.2, Diff: 0.0]
   [Code Root Fixup: 0.0 ms]
   [Code Root Purge: 0.0 ms]
   [Clear CT: 0.3 ms]
   [Other: 1.7 ms]
      [Choose CSet: 0.0 ms]
      [Ref Proc: 0.3 ms]
      [Ref Enq: 0.0 ms]
      [Redirty Cards: 0.3 ms]
      [Humongous Register: 0.3 ms]
      [Humongous Reclaim: 0.3 ms]
      [Free CSet: 0.4 ms]
   [Eden: 241.0M(241.0M)->0.0B(19.0M) Survivors: 8192.0K->32.0M Heap: 794.2M(1024.0M)->563.8M(1024.0M)]
 [Times: user=0.54 sys=0.03, real=0.03 secs] 
5.844: [GC pause (G1 Evacuation Pause) (mixed), 0.0192262 secs]
   [Parallel Time: 17.4 ms, GC Workers: 18]
      [GC Worker Start (ms): Min: 5844.5, Avg: 5844.7, Max: 5844.9, Diff: 0.4]
      [Ext Root Scanning (ms): Min: 0.0, Avg: 0.1, Max: 0.3, Diff: 0.3, Sum: 2.3]
      [Update RS (ms): Min: 0.8, Avg: 1.0, Max: 1.1, Diff: 0.3, Sum: 17.6]
         [Processed Buffers: Min: 3, Avg: 3.6, Max: 5, Diff: 2, Sum: 65]
      [Scan RS (ms): Min: 0.0, Avg: 0.1, Max: 0.1, Diff: 0.1, Sum: 1.0]
      [Code Root Scanning (ms): Min: 0.0, Avg: 0.0, Max: 0.0, Diff: 0.0, Sum: 0.0]
      [Object Copy (ms): Min: 15.3, Avg: 15.6, Max: 15.8, Diff: 0.4, Sum: 280.6]
      [Termination (ms): Min: 0.0, Avg: 0.2, Max: 0.5, Diff: 0.5, Sum: 3.8]
         [Termination Attempts: Min: 1, Avg: 1.1, Max: 2, Diff: 1, Sum: 19]
      [GC Worker Other (ms): Min: 0.0, Avg: 0.0, Max: 0.0, Diff: 0.0, Sum: 0.4]
      [GC Worker Total (ms): Min: 16.8, Avg: 17.0, Max: 17.2, Diff: 0.4, Sum: 305.7]
      [GC Worker End (ms): Min: 5861.7, Avg: 5861.7, Max: 5861.7, Diff: 0.0]
   [Code Root Fixup: 0.0 ms]
   [Code Root Purge: 0.0 ms]
   [Clear CT: 0.3 ms]
   [Other: 1.5 ms]
      [Choose CSet: 0.1 ms]
      [Ref Proc: 0.2 ms]
      [Ref Enq: 0.0 ms]
      [Redirty Cards: 0.2 ms]
      [Humongous Register: 0.3 ms]
      [Humongous Reclaim: 0.1 ms]
      [Free CSet: 0.4 ms]
   [Eden: 19.0M(19.0M)->0.0B(44.0M) Survivors: 32.0M->7168.0K Heap: 588.6M(1024.0M)->495.5M(1024.0M)]
 [Times: user=0.25 sys=0.06, real=0.02 secs] 
5.883: [GC pause (G1 Evacuation Pause) (mixed), 0.0136445 secs]
   [Parallel Time: 12.1 ms, GC Workers: 18]
      [GC Worker Start (ms): Min: 5883.8, Avg: 5884.0, Max: 5884.1, Diff: 0.3]
      [Ext Root Scanning (ms): Min: 0.0, Avg: 0.2, Max: 0.3, Diff: 0.3, Sum: 2.8]
      [Update RS (ms): Min: 2.9, Avg: 3.1, Max: 3.3, Diff: 0.4, Sum: 55.6]
         [Processed Buffers: Min: 8, Avg: 9.6, Max: 11, Diff: 3, Sum: 173]
      [Scan RS (ms): Min: 0.0, Avg: 0.0, Max: 0.2, Diff: 0.2, Sum: 0.6]
      [Code Root Scanning (ms): Min: 0.0, Avg: 0.0, Max: 0.0, Diff: 0.0, Sum: 0.0]
      [Object Copy (ms): Min: 7.7, Avg: 8.0, Max: 8.4, Diff: 0.7, Sum: 144.1]
      [Termination (ms): Min: 0.0, Avg: 0.3, Max: 0.4, Diff: 0.4, Sum: 4.5]
         [Termination Attempts: Min: 1, Avg: 1.1, Max: 2, Diff: 1, Sum: 20]
      [GC Worker Other (ms): Min: 0.0, Avg: 0.0, Max: 0.0, Diff: 0.0, Sum: 0.4]
      [GC Worker Total (ms): Min: 11.4, Avg: 11.6, Max: 11.8, Diff: 0.4, Sum: 208.0]
      [GC Worker End (ms): Min: 5895.5, Avg: 5895.5, Max: 5895.5, Diff: 0.0]
   [Code Root Fixup: 0.0 ms]
   [Code Root Purge: 0.0 ms]
   [Clear CT: 0.3 ms]
   [Other: 1.3 ms]
      [Choose CSet: 0.0 ms]
      [Ref Proc: 0.3 ms]
      [Ref Enq: 0.0 ms]
      [Redirty Cards: 0.2 ms]
      [Humongous Register: 0.3 ms]
      [Humongous Reclaim: 0.1 ms]
      [Free CSet: 0.2 ms]
   [Eden: 44.0M(44.0M)->0.0B(245.0M) Survivors: 7168.0K->7168.0K Heap: 558.7M(1024.0M)->504.5M(1024.0M)]
 [Times: user=0.19 sys=0.02, real=0.01 secs] 
5.898: [GC pause (G1 Humongous Allocation) (young) (initial-mark), 0.0042760 secs]
   [Parallel Time: 3.0 ms, GC Workers: 18]
      [GC Worker Start (ms): Min: 5898.4, Avg: 5898.7, Max: 5898.8, Diff: 0.4]
      [Ext Root Scanning (ms): Min: 0.0, Avg: 0.2, Max: 0.5, Diff: 0.5, Sum: 4.1]
      [Update RS (ms): Min: 0.0, Avg: 0.2, Max: 1.5, Diff: 1.5, Sum: 3.9]
         [Processed Buffers: Min: 0, Avg: 1.1, Max: 4, Diff: 4, Sum: 19]
      [Scan RS (ms): Min: 0.0, Avg: 0.0, Max: 0.0, Diff: 0.0, Sum: 0.1]
      [Code Root Scanning (ms): Min: 0.0, Avg: 0.0, Max: 0.0, Diff: 0.0, Sum: 0.0]
      [Object Copy (ms): Min: 0.8, Avg: 1.8, Max: 2.3, Diff: 1.5, Sum: 32.5]
      [Termination (ms): Min: 0.0, Avg: 0.3, Max: 0.6, Diff: 0.6, Sum: 5.5]
         [Termination Attempts: Min: 1, Avg: 1.0, Max: 1, Diff: 0, Sum: 18]
      [GC Worker Other (ms): Min: 0.0, Avg: 0.0, Max: 0.0, Diff: 0.0, Sum: 0.2]
      [GC Worker Total (ms): Min: 2.4, Avg: 2.6, Max: 2.8, Diff: 0.4, Sum: 46.3]
      [GC Worker End (ms): Min: 5901.2, Avg: 5901.2, Max: 5901.2, Diff: 0.0]
   [Code Root Fixup: 0.0 ms]
   [Code Root Purge: 0.0 ms]
   [Clear CT: 0.2 ms]
   [Other: 1.0 ms]
      [Choose CSet: 0.0 ms]
      [Ref Proc: 0.2 ms]
      [Ref Enq: 0.0 ms]
      [Redirty Cards: 0.2 ms]
      [Humongous Register: 0.2 ms]
      [Humongous Reclaim: 0.0 ms]
      [Free CSet: 0.0 ms]
   [Eden: 3072.0K(245.0M)->0.0B(257.0M) Survivors: 7168.0K->9216.0K Heap: 507.5M(1024.0M)->504.2M(1024.0M)]
 [Times: user=0.04 sys=0.00, real=0.00 secs] 
5.902: [GC concurrent-root-region-scan-start]
5.903: [GC concurrent-root-region-scan-end, 0.0001612 secs]
5.903: [GC concurrent-mark-start]
5.905: [GC concurrent-mark-end, 0.0023861 secs]
5.905: [GC remark 5.905: [Finalize Marking, 0.0004370 secs] 5.906: [GC ref-proc, 0.0003950 secs] 5.906: [Unloading, 0.0008335 secs], 0.0025015 secs]
 [Times: user=0.03 sys=0.00, real=0.01 secs] 
5.908: [GC cleanup 515M->507M(1024M), 0.0015957 secs]
 [Times: user=0.01 sys=0.00, real=0.00 secs] 
5.909: [GC concurrent-cleanup-start]
5.909: [GC concurrent-cleanup-end, 0.0000392 secs]
6.004: [GC pause (G1 Evacuation Pause) (young), 0.0372582 secs]
   [Parallel Time: 35.1 ms, GC Workers: 18]
      [GC Worker Start (ms): Min: 6004.4, Avg: 6004.6, Max: 6004.7, Diff: 0.3]
      [Ext Root Scanning (ms): Min: 0.0, Avg: 0.2, Max: 0.4, Diff: 0.3, Sum: 3.3]
      [Update RS (ms): Min: 11.2, Avg: 11.4, Max: 11.6, Diff: 0.4, Sum: 205.5]
         [Processed Buffers: Min: 31, Avg: 34.0, Max: 39, Diff: 8, Sum: 612]
      [Scan RS (ms): Min: 0.0, Avg: 0.1, Max: 0.4, Diff: 0.4, Sum: 1.4]
      [Code Root Scanning (ms): Min: 0.0, Avg: 0.0, Max: 0.0, Diff: 0.0, Sum: 0.0]
      [Object Copy (ms): Min: 21.9, Avg: 22.7, Max: 23.1, Diff: 1.2, Sum: 408.1]
      [Termination (ms): Min: 0.0, Avg: 0.3, Max: 0.6, Diff: 0.6, Sum: 5.1]
         [Termination Attempts: Min: 1, Avg: 1.0, Max: 1, Diff: 0, Sum: 18]
      [GC Worker Other (ms): Min: 0.0, Avg: 0.0, Max: 0.1, Diff: 0.1, Sum: 0.7]
      [GC Worker Total (ms): Min: 34.5, Avg: 34.7, Max: 34.9, Diff: 0.4, Sum: 624.1]
      [GC Worker End (ms): Min: 6039.2, Avg: 6039.3, Max: 6039.3, Diff: 0.1]
   [Code Root Fixup: 0.0 ms]
   [Code Root Purge: 0.0 ms]
   [Clear CT: 0.3 ms]
   [Other: 1.8 ms]
      [Choose CSet: 0.0 ms]
      [Ref Proc: 0.3 ms]
      [Ref Enq: 0.0 ms]
      [Redirty Cards: 0.2 ms]
      [Humongous Register: 0.3 ms]
      [Humongous Reclaim: 0.4 ms]
      [Free CSet: 0.5 ms]
   [Eden: 257.0M(257.0M)->0.0B(17.0M) Survivors: 9216.0K->34.0M Heap: 827.9M(1024.0M)->578.7M(1024.0M)]
 [Times: user=0.60 sys=0.02, real=0.04 secs] 
6.049: [GC pause (G1 Evacuation Pause) (mixed), 0.0259055 secs]
   [Parallel Time: 23.9 ms, GC Workers: 18]
      [GC Worker Start (ms): Min: 6050.0, Avg: 6050.3, Max: 6050.5, Diff: 0.5]
      [Ext Root Scanning (ms): Min: 0.0, Avg: 0.1, Max: 0.3, Diff: 0.3, Sum: 2.0]
      [Update RS (ms): Min: 0.3, Avg: 0.4, Max: 0.5, Diff: 0.2, Sum: 7.9]
         [Processed Buffers: Min: 1, Avg: 2.2, Max: 4, Diff: 3, Sum: 39]
      [Scan RS (ms): Min: 0.0, Avg: 0.1, Max: 0.2, Diff: 0.2, Sum: 1.5]
      [Code Root Scanning (ms): Min: 0.0, Avg: 0.0, Max: 0.1, Diff: 0.1, Sum: 0.1]
      [Object Copy (ms): Min: 16.5, Avg: 17.0, Max: 22.8, Diff: 6.3, Sum: 305.9]
      [Termination (ms): Min: 0.0, Avg: 5.8, Max: 6.2, Diff: 6.2, Sum: 104.2]
         [Termination Attempts: Min: 1, Avg: 1.2, Max: 2, Diff: 1, Sum: 22]
      [GC Worker Other (ms): Min: 0.0, Avg: 0.0, Max: 0.0, Diff: 0.0, Sum: 0.4]
      [GC Worker Total (ms): Min: 23.2, Avg: 23.4, Max: 23.7, Diff: 0.5, Sum: 421.9]
      [GC Worker End (ms): Min: 6073.7, Avg: 6073.7, Max: 6073.7, Diff: 0.0]
   [Code Root Fixup: 0.0 ms]
   [Code Root Purge: 0.0 ms]
   [Clear CT: 0.2 ms]
   [Other: 1.7 ms]
      [Choose CSet: 0.1 ms]
      [Ref Proc: 0.3 ms]
      [Ref Enq: 0.0 ms]
      [Redirty Cards: 0.3 ms]
      [Humongous Register: 0.4 ms]
      [Humongous Reclaim: 0.1 ms]
      [Free CSet: 0.4 ms]
   [Eden: 17.0M(17.0M)->0.0B(44.0M) Survivors: 34.0M->7168.0K Heap: 598.2M(1024.0M)->507.3M(1024.0M)]
 [Times: user=0.33 sys=0.09, real=0.02 secs] 
6.101: [GC pause (G1 Evacuation Pause) (mixed), 0.0124551 secs]
   [Parallel Time: 10.8 ms, GC Workers: 18]
      [GC Worker Start (ms): Min: 6101.2, Avg: 6101.5, Max: 6101.8, Diff: 0.6]
      [Ext Root Scanning (ms): Min: 0.0, Avg: 0.2, Max: 0.5, Diff: 0.5, Sum: 3.3]
      [Update RS (ms): Min: 2.2, Avg: 2.4, Max: 2.5, Diff: 0.3, Sum: 42.7]
         [Processed Buffers: Min: 7, Avg: 7.7, Max: 8, Diff: 1, Sum: 138]
      [Scan RS (ms): Min: 0.0, Avg: 0.0, Max: 0.1, Diff: 0.1, Sum: 0.4]
      [Code Root Scanning (ms): Min: 0.0, Avg: 0.0, Max: 0.0, Diff: 0.0, Sum: 0.0]
      [Object Copy (ms): Min: 6.9, Avg: 7.2, Max: 7.6, Diff: 0.7, Sum: 130.2]
      [Termination (ms): Min: 0.0, Avg: 0.3, Max: 0.6, Diff: 0.6, Sum: 5.9]
         [Termination Attempts: Min: 1, Avg: 1.0, Max: 1, Diff: 0, Sum: 18]
      [GC Worker Other (ms): Min: 0.0, Avg: 0.0, Max: 0.1, Diff: 0.0, Sum: 0.4]
      [GC Worker Total (ms): Min: 9.9, Avg: 10.2, Max: 10.5, Diff: 0.6, Sum: 182.9]
      [GC Worker End (ms): Min: 6111.7, Avg: 6111.7, Max: 6111.7, Diff: 0.0]
   [Code Root Fixup: 0.0 ms]
   [Code Root Purge: 0.0 ms]
   [Clear CT: 0.2 ms]
   [Other: 1.5 ms]
      [Choose CSet: 0.0 ms]
      [Ref Proc: 0.2 ms]
      [Ref Enq: 0.0 ms]
      [Redirty Cards: 0.3 ms]
      [Humongous Register: 0.5 ms]
      [Humongous Reclaim: 0.1 ms]
      [Free CSet: 0.2 ms]
   [Eden: 44.0M(44.0M)->0.0B(247.0M) Survivors: 7168.0K->7168.0K Heap: 566.1M(1024.0M)->512.9M(1024.0M)]
 [Times: user=0.14 sys=0.04, real=0.01 secs] 
6.114: [GC pause (G1 Humongous Allocation) (young) (initial-mark), 0.0036992 secs]
   [Parallel Time: 2.4 ms, GC Workers: 18]
      [GC Worker Start (ms): Min: 6114.7, Avg: 6114.9, Max: 6115.1, Diff: 0.4]
      [Ext Root Scanning (ms): Min: 0.0, Avg: 0.2, Max: 0.4, Diff: 0.4, Sum: 3.1]
      [Update RS (ms): Min: 0.1, Avg: 0.1, Max: 0.6, Diff: 0.5, Sum: 2.7]
         [Processed Buffers: Min: 0, Avg: 1.1, Max: 3, Diff: 3, Sum: 19]
      [Scan RS (ms): Min: 0.0, Avg: 0.0, Max: 0.0, Diff: 0.0, Sum: 0.1]
      [Code Root Scanning (ms): Min: 0.0, Avg: 0.0, Max: 0.0, Diff: 0.0, Sum: 0.0]
      [Object Copy (ms): Min: 0.8, Avg: 1.3, Max: 1.7, Diff: 0.9, Sum: 22.6]
      [Termination (ms): Min: 0.0, Avg: 0.3, Max: 0.8, Diff: 0.8, Sum: 6.2]
         [Termination Attempts: Min: 1, Avg: 1.0, Max: 1, Diff: 0, Sum: 18]
      [GC Worker Other (ms): Min: 0.0, Avg: 0.0, Max: 0.0, Diff: 0.0, Sum: 0.3]
      [GC Worker Total (ms): Min: 1.8, Avg: 1.9, Max: 2.2, Diff: 0.4, Sum: 34.9]
      [GC Worker End (ms): Min: 6116.9, Avg: 6116.9, Max: 6116.9, Diff: 0.0]
   [Code Root Fixup: 0.0 ms]
   [Code Root Purge: 0.0 ms]
   [Clear CT: 0.2 ms]
   [Other: 1.1 ms]
      [Choose CSet: 0.0 ms]
      [Ref Proc: 0.3 ms]
      [Ref Enq: 0.0 ms]
      [Redirty Cards: 0.2 ms]
      [Humongous Register: 0.2 ms]
      [Humongous Reclaim: 0.0 ms]
      [Free CSet: 0.0 ms]
   [Eden: 3072.0K(247.0M)->0.0B(237.0M) Survivors: 7168.0K->8192.0K Heap: 515.7M(1024.0M)->513.3M(1024.0M)]
 [Times: user=0.04 sys=0.00, real=0.01 secs] 
6.118: [GC concurrent-root-region-scan-start]
6.118: [GC concurrent-root-region-scan-end, 0.0001670 secs]
6.118: [GC concurrent-mark-start]
6.121: [GC concurrent-mark-end, 0.0029387 secs]
6.121: [GC remark 6.122: [Finalize Marking, 0.0003967 secs] 6.122: [GC ref-proc, 0.0003974 secs] 6.122: [Unloading, 0.0008671 secs], 0.0025034 secs]
 [Times: user=0.02 sys=0.00, real=0.00 secs] 
6.124: [GC cleanup 523M->522M(1024M), 0.0014250 secs]
 [Times: user=0.01 sys=0.00, real=0.00 secs] 
6.126: [GC concurrent-cleanup-start]
6.126: [GC concurrent-cleanup-end, 0.0000200 secs]
6.216: [GC pause (G1 Evacuation Pause) (young), 0.0341036 secs]
   [Parallel Time: 32.1 ms, GC Workers: 18]
      [GC Worker Start (ms): Min: 6216.0, Avg: 6216.2, Max: 6216.5, Diff: 0.5]
      [Ext Root Scanning (ms): Min: 0.0, Avg: 0.1, Max: 0.3, Diff: 0.3, Sum: 2.5]
      [Update RS (ms): Min: 9.0, Avg: 9.2, Max: 9.3, Diff: 0.3, Sum: 164.7]
         [Processed Buffers: Min: 25, Avg: 27.3, Max: 32, Diff: 7, Sum: 491]
      [Scan RS (ms): Min: 0.0, Avg: 0.1, Max: 0.1, Diff: 0.1, Sum: 1.1]
      [Code Root Scanning (ms): Min: 0.0, Avg: 0.0, Max: 0.0, Diff: 0.0, Sum: 0.0]
      [Object Copy (ms): Min: 21.4, Avg: 22.0, Max: 22.4, Diff: 1.0, Sum: 395.1]
      [Termination (ms): Min: 0.0, Avg: 0.4, Max: 0.7, Diff: 0.7, Sum: 6.5]
         [Termination Attempts: Min: 1, Avg: 1.0, Max: 1, Diff: 0, Sum: 18]
      [GC Worker Other (ms): Min: 0.0, Avg: 0.0, Max: 0.1, Diff: 0.1, Sum: 0.7]
      [GC Worker Total (ms): Min: 31.5, Avg: 31.7, Max: 31.9, Diff: 0.5, Sum: 570.8]
      [GC Worker End (ms): Min: 6247.9, Avg: 6247.9, Max: 6248.0, Diff: 0.1]
   [Code Root Fixup: 0.0 ms]
   [Code Root Purge: 0.0 ms]
   [Clear CT: 0.3 ms]
   [Other: 1.8 ms]
      [Choose CSet: 0.0 ms]
      [Ref Proc: 0.2 ms]
      [Ref Enq: 0.0 ms]
      [Redirty Cards: 0.3 ms]
      [Humongous Register: 0.4 ms]
      [Humongous Reclaim: 0.4 ms]
      [Free CSet: 0.4 ms]
   [Eden: 237.0M(237.0M)->0.0B(20.0M) Survivors: 8192.0K->31.0M Heap: 809.4M(1024.0M)->582.9M(1024.0M)]
 [Times: user=0.56 sys=0.01, real=0.04 secs] 
6.257: [GC pause (G1 Evacuation Pause) (mixed), 0.0189163 secs]
   [Parallel Time: 17.1 ms, GC Workers: 18]
      [GC Worker Start (ms): Min: 6257.3, Avg: 6257.5, Max: 6257.7, Diff: 0.4]
      [Ext Root Scanning (ms): Min: 0.0, Avg: 0.2, Max: 0.4, Diff: 0.4, Sum: 2.9]
      [Update RS (ms): Min: 0.5, Avg: 0.7, Max: 0.8, Diff: 0.3, Sum: 11.9]
         [Processed Buffers: Min: 2, Avg: 2.7, Max: 5, Diff: 3, Sum: 49]
      [Scan RS (ms): Min: 0.0, Avg: 0.1, Max: 0.2, Diff: 0.2, Sum: 1.0]
      [Code Root Scanning (ms): Min: 0.0, Avg: 0.0, Max: 0.0, Diff: 0.0, Sum: 0.0]
      [Object Copy (ms): Min: 14.9, Avg: 15.1, Max: 15.7, Diff: 0.7, Sum: 272.2]
      [Termination (ms): Min: 0.0, Avg: 0.5, Max: 0.7, Diff: 0.7, Sum: 9.2]
         [Termination Attempts: Min: 1, Avg: 1.1, Max: 3, Diff: 2, Sum: 20]
      [GC Worker Other (ms): Min: 0.0, Avg: 0.0, Max: 0.0, Diff: 0.0, Sum: 0.4]
      [GC Worker Total (ms): Min: 16.3, Avg: 16.5, Max: 16.8, Diff: 0.4, Sum: 297.6]
      [GC Worker End (ms): Min: 6274.1, Avg: 6274.1, Max: 6274.1, Diff: 0.0]
   [Code Root Fixup: 0.0 ms]
   [Code Root Purge: 0.0 ms]
   [Clear CT: 0.2 ms]
   [Other: 1.6 ms]
      [Choose CSet: 0.1 ms]
      [Ref Proc: 0.3 ms]
      [Ref Enq: 0.0 ms]
      [Redirty Cards: 0.3 ms]
      [Humongous Register: 0.3 ms]
      [Humongous Reclaim: 0.1 ms]
      [Free CSet: 0.4 ms]
   [Eden: 20.0M(20.0M)->0.0B(46.0M) Survivors: 31.0M->5120.0K Heap: 606.8M(1024.0M)->513.6M(1024.0M)]
 [Times: user=0.22 sys=0.07, real=0.02 secs] 
6.294: [GC pause (G1 Evacuation Pause) (mixed), 0.0200582 secs]
   [Parallel Time: 18.6 ms, GC Workers: 18]
      [GC Worker Start (ms): Min: 6294.5, Avg: 6294.6, Max: 6294.8, Diff: 0.3]
      [Ext Root Scanning (ms): Min: 0.0, Avg: 0.2, Max: 0.3, Diff: 0.3, Sum: 2.8]
      [Update RS (ms): Min: 2.6, Avg: 3.6, Max: 18.0, Diff: 15.4, Sum: 64.0]
         [Processed Buffers: Min: 6, Avg: 8.5, Max: 10, Diff: 4, Sum: 153]
      [Scan RS (ms): Min: 0.0, Avg: 0.0, Max: 0.2, Diff: 0.2, Sum: 0.6]
      [Code Root Scanning (ms): Min: 0.0, Avg: 0.0, Max: 0.0, Diff: 0.0, Sum: 0.0]
      [Object Copy (ms): Min: 0.0, Avg: 7.4, Max: 8.2, Diff: 8.2, Sum: 134.1]
      [Termination (ms): Min: 0.0, Avg: 7.0, Max: 7.6, Diff: 7.6, Sum: 125.9]
         [Termination Attempts: Min: 1, Avg: 1.1, Max: 2, Diff: 1, Sum: 19]
      [GC Worker Other (ms): Min: 0.0, Avg: 0.0, Max: 0.0, Diff: 0.0, Sum: 0.3]
      [GC Worker Total (ms): Min: 18.1, Avg: 18.2, Max: 18.4, Diff: 0.3, Sum: 327.6]
      [GC Worker End (ms): Min: 6312.8, Avg: 6312.8, Max: 6312.9, Diff: 0.0]
   [Code Root Fixup: 0.0 ms]
   [Code Root Purge: 0.0 ms]
   [Clear CT: 0.2 ms]
   [Other: 1.2 ms]
      [Choose CSet: 0.0 ms]
      [Ref Proc: 0.2 ms]
      [Ref Enq: 0.0 ms]
      [Redirty Cards: 0.2 ms]
      [Humongous Register: 0.3 ms]
      [Humongous Reclaim: 0.2 ms]
      [Free CSet: 0.1 ms]
   [Eden: 46.0M(46.0M)->0.0B(239.0M) Survivors: 5120.0K->7168.0K Heap: 576.2M(1024.0M)->518.6M(1024.0M)]
 [Times: user=0.29 sys=0.04, real=0.02 secs] 
6.315: [GC pause (G1 Humongous Allocation) (young) (initial-mark), 0.0037853 secs]
   [Parallel Time: 2.4 ms, GC Workers: 18]
      [GC Worker Start (ms): Min: 6315.0, Avg: 6315.3, Max: 6315.5, Diff: 0.4]
      [Ext Root Scanning (ms): Min: 0.0, Avg: 0.3, Max: 0.5, Diff: 0.5, Sum: 4.5]
      [Update RS (ms): Min: 0.0, Avg: 0.1, Max: 0.5, Diff: 0.5, Sum: 2.0]
         [Processed Buffers: Min: 0, Avg: 0.9, Max: 3, Diff: 3, Sum: 17]
      [Scan RS (ms): Min: 0.0, Avg: 0.0, Max: 0.0, Diff: 0.0, Sum: 0.1]
      [Code Root Scanning (ms): Min: 0.0, Avg: 0.0, Max: 0.0, Diff: 0.0, Sum: 0.0]
      [Object Copy (ms): Min: 0.7, Avg: 1.3, Max: 1.7, Diff: 1.0, Sum: 23.8]
      [Termination (ms): Min: 0.0, Avg: 0.3, Max: 0.7, Diff: 0.7, Sum: 5.1]
         [Termination Attempts: Min: 1, Avg: 1.0, Max: 1, Diff: 0, Sum: 18]
      [GC Worker Other (ms): Min: 0.0, Avg: 0.0, Max: 0.0, Diff: 0.0, Sum: 0.2]
      [GC Worker Total (ms): Min: 1.8, Avg: 2.0, Max: 2.2, Diff: 0.4, Sum: 35.7]
      [GC Worker End (ms): Min: 6317.3, Avg: 6317.3, Max: 6317.3, Diff: 0.0]
   [Code Root Fixup: 0.0 ms]
   [Code Root Purge: 0.0 ms]
   [Clear CT: 0.3 ms]
   [Other: 1.1 ms]
      [Choose CSet: 0.0 ms]
      [Ref Proc: 0.3 ms]
      [Ref Enq: 0.0 ms]
      [Redirty Cards: 0.2 ms]
      [Humongous Register: 0.3 ms]
      [Humongous Reclaim: 0.0 ms]
      [Free CSet: 0.0 ms]
   [Eden: 1024.0K(239.0M)->0.0B(237.0M) Survivors: 7168.0K->7168.0K Heap: 519.6M(1024.0M)->518.6M(1024.0M)]
 [Times: user=0.03 sys=0.01, real=0.01 secs] 
6.318: [GC concurrent-root-region-scan-start]
6.319: [GC concurrent-root-region-scan-end, 0.0001770 secs]
6.319: [GC concurrent-mark-start]
6.321: [GC concurrent-mark-end, 0.0027453 secs]
6.322: [GC remark 6.322: [Finalize Marking, 0.0005079 secs] 6.322: [GC ref-proc, 0.0004006 secs] 6.322: [Unloading, 0.0009633 secs], 0.0027043 secs]
 [Times: user=0.01 sys=0.01, real=0.00 secs] 
6.325: [GC cleanup 528M->525M(1024M), 0.0015257 secs]
 [Times: user=0.02 sys=0.00, real=0.00 secs] 
6.326: [GC concurrent-cleanup-start]
6.326: [GC concurrent-cleanup-end, 0.0000256 secs]
6.415: [GC pause (G1 Evacuation Pause) (young), 0.0311950 secs]
   [Parallel Time: 29.1 ms, GC Workers: 18]
      [GC Worker Start (ms): Min: 6415.7, Avg: 6415.8, Max: 6416.0, Diff: 0.3]
      [Ext Root Scanning (ms): Min: 0.0, Avg: 0.2, Max: 0.4, Diff: 0.3, Sum: 3.1]
      [Update RS (ms): Min: 8.9, Avg: 9.1, Max: 9.3, Diff: 0.4, Sum: 164.4]
         [Processed Buffers: Min: 22, Avg: 24.1, Max: 28, Diff: 6, Sum: 433]
      [Scan RS (ms): Min: 0.0, Avg: 0.0, Max: 0.1, Diff: 0.1, Sum: 0.8]
      [Code Root Scanning (ms): Min: 0.0, Avg: 0.0, Max: 0.0, Diff: 0.0, Sum: 0.0]
      [Object Copy (ms): Min: 18.6, Avg: 19.0, Max: 19.4, Diff: 0.8, Sum: 341.3]
      [Termination (ms): Min: 0.0, Avg: 0.3, Max: 0.6, Diff: 0.6, Sum: 5.8]
         [Termination Attempts: Min: 1, Avg: 1.0, Max: 1, Diff: 0, Sum: 18]
      [GC Worker Other (ms): Min: 0.0, Avg: 0.0, Max: 0.1, Diff: 0.1, Sum: 0.5]
      [GC Worker Total (ms): Min: 28.5, Avg: 28.7, Max: 28.9, Diff: 0.4, Sum: 516.0]
      [GC Worker End (ms): Min: 6444.5, Avg: 6444.5, Max: 6444.5, Diff: 0.0]
   [Code Root Fixup: 0.0 ms]
   [Code Root Purge: 0.0 ms]
   [Clear CT: 0.3 ms]
   [Other: 1.9 ms]
      [Choose CSet: 0.0 ms]
      [Ref Proc: 0.3 ms]
      [Ref Enq: 0.0 ms]
      [Redirty Cards: 0.3 ms]
      [Humongous Register: 0.4 ms]
      [Humongous Reclaim: 0.4 ms]
      [Free CSet: 0.4 ms]
   [Eden: 237.0M(237.0M)->0.0B(20.0M) Survivors: 7168.0K->31.0M Heap: 805.2M(1024.0M)->563.4M(1024.0M)]
 [Times: user=0.41 sys=0.10, real=0.03 secs] 
6.453: [GC pause (G1 Evacuation Pause) (mixed), 0.0190141 secs]
   [Parallel Time: 17.3 ms, GC Workers: 18]
      [GC Worker Start (ms): Min: 6453.5, Avg: 6453.7, Max: 6453.9, Diff: 0.4]
      [Ext Root Scanning (ms): Min: 0.0, Avg: 0.1, Max: 0.3, Diff: 0.3, Sum: 2.1]
      [Update RS (ms): Min: 0.1, Avg: 0.3, Max: 0.5, Diff: 0.4, Sum: 5.4]
         [Processed Buffers: Min: 1, Avg: 1.6, Max: 3, Diff: 2, Sum: 28]
      [Scan RS (ms): Min: 0.0, Avg: 0.1, Max: 0.3, Diff: 0.3, Sum: 1.3]
      [Code Root Scanning (ms): Min: 0.0, Avg: 0.0, Max: 0.0, Diff: 0.0, Sum: 0.0]
      [Object Copy (ms): Min: 15.8, Avg: 16.1, Max: 16.4, Diff: 0.6, Sum: 289.0]
      [Termination (ms): Min: 0.0, Avg: 0.2, Max: 0.4, Diff: 0.4, Sum: 4.0]
         [Termination Attempts: Min: 1, Avg: 1.0, Max: 1, Diff: 0, Sum: 18]
      [GC Worker Other (ms): Min: 0.0, Avg: 0.0, Max: 0.0, Diff: 0.0, Sum: 0.4]
      [GC Worker Total (ms): Min: 16.6, Avg: 16.8, Max: 17.0, Diff: 0.4, Sum: 302.3]
      [GC Worker End (ms): Min: 6470.5, Avg: 6470.5, Max: 6470.6, Diff: 0.0]
   [Code Root Fixup: 0.0 ms]
   [Code Root Purge: 0.0 ms]
   [Clear CT: 0.2 ms]
   [Other: 1.5 ms]
      [Choose CSet: 0.1 ms]
      [Ref Proc: 0.2 ms]
      [Ref Enq: 0.0 ms]
      [Redirty Cards: 0.3 ms]
      [Humongous Register: 0.3 ms]
      [Humongous Reclaim: 0.1 ms]
      [Free CSet: 0.4 ms]
   [Eden: 20.0M(20.0M)->0.0B(44.0M) Survivors: 31.0M->7168.0K Heap: 584.8M(1024.0M)->497.2M(1024.0M)]
 [Times: user=0.23 sys=0.07, real=0.02 secs] 
6.487: [GC pause (G1 Evacuation Pause) (mixed), 0.0131540 secs]
   [Parallel Time: 11.6 ms, GC Workers: 18]
      [GC Worker Start (ms): Min: 6487.7, Avg: 6487.9, Max: 6488.1, Diff: 0.3]
      [Ext Root Scanning (ms): Min: 0.0, Avg: 0.2, Max: 0.4, Diff: 0.3, Sum: 3.1]
      [Update RS (ms): Min: 1.6, Avg: 1.9, Max: 2.1, Diff: 0.6, Sum: 33.6]
         [Processed Buffers: Min: 5, Avg: 5.9, Max: 8, Diff: 3, Sum: 106]
      [Scan RS (ms): Min: 0.0, Avg: 0.0, Max: 0.2, Diff: 0.2, Sum: 0.6]
      [Code Root Scanning (ms): Min: 0.0, Avg: 0.0, Max: 0.0, Diff: 0.0, Sum: 0.0]
      [Object Copy (ms): Min: 8.3, Avg: 8.7, Max: 9.1, Diff: 0.8, Sum: 156.3]
      [Termination (ms): Min: 0.0, Avg: 0.4, Max: 0.7, Diff: 0.7, Sum: 7.4]
         [Termination Attempts: Min: 1, Avg: 1.0, Max: 1, Diff: 0, Sum: 18]
      [GC Worker Other (ms): Min: 0.0, Avg: 0.0, Max: 0.1, Diff: 0.0, Sum: 0.5]
      [GC Worker Total (ms): Min: 11.1, Avg: 11.2, Max: 11.4, Diff: 0.3, Sum: 201.5]
      [GC Worker End (ms): Min: 6499.1, Avg: 6499.1, Max: 6499.1, Diff: 0.0]
   [Code Root Fixup: 0.0 ms]
   [Code Root Purge: 0.0 ms]
   [Clear CT: 0.3 ms]
   [Other: 1.3 ms]
      [Choose CSet: 0.0 ms]
      [Ref Proc: 0.3 ms]
      [Ref Enq: 0.0 ms]
      [Redirty Cards: 0.3 ms]
      [Humongous Register: 0.3 ms]
      [Humongous Reclaim: 0.1 ms]
      [Free CSet: 0.2 ms]
   [Eden: 44.0M(44.0M)->0.0B(167.0M) Survivors: 7168.0K->7168.0K Heap: 552.0M(1024.0M)->490.9M(1024.0M)]
 [Times: user=0.17 sys=0.04, real=0.02 secs] 
6.502: [GC pause (G1 Humongous Allocation) (young) (initial-mark), 0.0038949 secs]
   [Parallel Time: 2.7 ms, GC Workers: 18]
      [GC Worker Start (ms): Min: 6502.6, Avg: 6502.8, Max: 6503.0, Diff: 0.4]
      [Ext Root Scanning (ms): Min: 0.0, Avg: 0.2, Max: 0.5, Diff: 0.4, Sum: 4.1]
      [Update RS (ms): Min: 0.0, Avg: 0.1, Max: 0.4, Diff: 0.4, Sum: 2.1]
         [Processed Buffers: Min: 0, Avg: 1.0, Max: 3, Diff: 3, Sum: 18]
      [Scan RS (ms): Min: 0.0, Avg: 0.0, Max: 0.0, Diff: 0.0, Sum: 0.1]
      [Code Root Scanning (ms): Min: 0.0, Avg: 0.0, Max: 0.0, Diff: 0.0, Sum: 0.0]
      [Object Copy (ms): Min: 1.2, Avg: 1.5, Max: 1.9, Diff: 0.8, Sum: 27.9]
      [Termination (ms): Min: 0.0, Avg: 0.4, Max: 0.8, Diff: 0.8, Sum: 6.8]
         [Termination Attempts: Min: 1, Avg: 1.0, Max: 1, Diff: 0, Sum: 18]
      [GC Worker Other (ms): Min: 0.0, Avg: 0.0, Max: 0.0, Diff: 0.0, Sum: 0.2]
      [GC Worker Total (ms): Min: 2.1, Avg: 2.3, Max: 2.5, Diff: 0.4, Sum: 41.1]
      [GC Worker End (ms): Min: 6505.1, Avg: 6505.1, Max: 6505.1, Diff: 0.0]
   [Code Root Fixup: 0.0 ms]
   [Code Root Purge: 0.0 ms]
   [Clear CT: 0.2 ms]
   [Other: 1.0 ms]
      [Choose CSet: 0.0 ms]
      [Ref Proc: 0.2 ms]
      [Ref Enq: 0.0 ms]
      [Redirty Cards: 0.2 ms]
      [Humongous Register: 0.2 ms]
      [Humongous Reclaim: 0.0 ms]
      [Free CSet: 0.0 ms]
   [Eden: 5120.0K(167.0M)->0.0B(221.0M) Survivors: 7168.0K->8192.0K Heap: 495.4M(1024.0M)->491.0M(1024.0M)]
 [Times: user=0.04 sys=0.00, real=0.00 secs] 
6.506: [GC concurrent-root-region-scan-start]
6.506: [GC concurrent-root-region-scan-end, 0.0001865 secs]
6.506: [GC concurrent-mark-start]
6.509: [GC concurrent-mark-end, 0.0022853 secs]
6.509: [GC remark 6.509: [Finalize Marking, 0.0004570 secs] 6.509: [GC ref-proc, 0.0004020 secs] 6.510: [Unloading, 0.0009845 secs], 0.0026784 secs]
 [Times: user=0.02 sys=0.00, real=0.00 secs] 
6.512: [GC cleanup 500M->499M(1024M), 0.0013839 secs]
 [Times: user=0.01 sys=0.00, real=0.00 secs] 
6.513: [GC concurrent-cleanup-start]
6.513: [GC concurrent-cleanup-end, 0.0000253 secs]
6.598: [GC pause (G1 Evacuation Pause) (young), 0.0340630 secs]
   [Parallel Time: 31.9 ms, GC Workers: 18]
      [GC Worker Start (ms): Min: 6598.4, Avg: 6598.7, Max: 6599.0, Diff: 0.6]
      [Ext Root Scanning (ms): Min: 0.0, Avg: 0.1, Max: 0.5, Diff: 0.4, Sum: 2.4]
      [Update RS (ms): Min: 9.9, Avg: 10.0, Max: 10.2, Diff: 0.3, Sum: 180.7]
         [Processed Buffers: Min: 25, Avg: 28.7, Max: 33, Diff: 8, Sum: 516]
      [Scan RS (ms): Min: 0.0, Avg: 0.0, Max: 0.1, Diff: 0.1, Sum: 0.9]
      [Code Root Scanning (ms): Min: 0.0, Avg: 0.0, Max: 0.0, Diff: 0.0, Sum: 0.0]
      [Object Copy (ms): Min: 20.2, Avg: 20.7, Max: 21.1, Diff: 0.8, Sum: 373.3]
      [Termination (ms): Min: 0.0, Avg: 0.4, Max: 0.9, Diff: 0.9, Sum: 6.9]
         [Termination Attempts: Min: 1, Avg: 1.0, Max: 1, Diff: 0, Sum: 18]
      [GC Worker Other (ms): Min: 0.0, Avg: 0.0, Max: 0.1, Diff: 0.1, Sum: 0.7]
      [GC Worker Total (ms): Min: 31.2, Avg: 31.4, Max: 31.8, Diff: 0.6, Sum: 565.0]
      [GC Worker End (ms): Min: 6630.1, Avg: 6630.1, Max: 6630.2, Diff: 0.1]
   [Code Root Fixup: 0.0 ms]
   [Code Root Purge: 0.0 ms]
   [Clear CT: 0.3 ms]
   [Other: 1.9 ms]
      [Choose CSet: 0.0 ms]
      [Ref Proc: 0.2 ms]
      [Ref Enq: 0.0 ms]
      [Redirty Cards: 0.3 ms]
      [Humongous Register: 0.4 ms]
      [Humongous Reclaim: 0.4 ms]
      [Free CSet: 0.4 ms]
   [Eden: 221.0M(221.0M)->0.0B(22.0M) Survivors: 8192.0K->29.0M Heap: 773.9M(1024.0M)->550.6M(1024.0M)]
 [Times: user=0.49 sys=0.07, real=0.03 secs] 
6.641: [GC pause (G1 Evacuation Pause) (mixed), 0.0203969 secs]
   [Parallel Time: 18.5 ms, GC Workers: 18]
      [GC Worker Start (ms): Min: 6641.1, Avg: 6641.4, Max: 6641.6, Diff: 0.5]
      [Ext Root Scanning (ms): Min: 0.0, Avg: 0.2, Max: 0.4, Diff: 0.4, Sum: 3.4]
      [Update RS (ms): Min: 0.7, Avg: 0.9, Max: 1.1, Diff: 0.3, Sum: 16.4]
         [Processed Buffers: Min: 2, Avg: 3.6, Max: 6, Diff: 4, Sum: 65]
      [Scan RS (ms): Min: 0.0, Avg: 0.1, Max: 0.2, Diff: 0.2, Sum: 1.3]
      [Code Root Scanning (ms): Min: 0.0, Avg: 0.0, Max: 0.0, Diff: 0.0, Sum: 0.1]
      [Object Copy (ms): Min: 16.2, Avg: 16.5, Max: 16.7, Diff: 0.6, Sum: 296.4]
      [Termination (ms): Min: 0.0, Avg: 0.3, Max: 0.6, Diff: 0.6, Sum: 5.6]
         [Termination Attempts: Min: 1, Avg: 1.0, Max: 1, Diff: 0, Sum: 18]
      [GC Worker Other (ms): Min: 0.0, Avg: 0.0, Max: 0.0, Diff: 0.0, Sum: 0.3]
      [GC Worker Total (ms): Min: 17.8, Avg: 18.0, Max: 18.3, Diff: 0.5, Sum: 323.5]
      [GC Worker End (ms): Min: 6659.3, Avg: 6659.4, Max: 6659.4, Diff: 0.0]
   [Code Root Fixup: 0.0 ms]
   [Code Root Purge: 0.0 ms]
   [Clear CT: 0.2 ms]
   [Other: 1.7 ms]
      [Choose CSet: 0.1 ms]
      [Ref Proc: 0.3 ms]
      [Ref Enq: 0.0 ms]
      [Redirty Cards: 0.3 ms]
      [Humongous Register: 0.3 ms]
      [Humongous Reclaim: 0.1 ms]
      [Free CSet: 0.4 ms]
   [Eden: 22.0M(22.0M)->0.0B(45.0M) Survivors: 29.0M->6144.0K Heap: 578.4M(1024.0M)->486.2M(1024.0M)]
 [Times: user=0.29 sys=0.04, real=0.02 secs] 
6.678: [GC pause (G1 Evacuation Pause) (mixed), 0.0111391 secs]
   [Parallel Time: 9.8 ms, GC Workers: 18]
      [GC Worker Start (ms): Min: 6678.4, Avg: 6678.7, Max: 6678.9, Diff: 0.5]
      [Ext Root Scanning (ms): Min: 0.0, Avg: 0.1, Max: 0.4, Diff: 0.4, Sum: 2.5]
      [Update RS (ms): Min: 2.3, Avg: 2.4, Max: 2.5, Diff: 0.3, Sum: 43.2]
         [Processed Buffers: Min: 7, Avg: 7.7, Max: 9, Diff: 2, Sum: 138]
      [Scan RS (ms): Min: 0.0, Avg: 0.0, Max: 0.0, Diff: 0.0, Sum: 0.3]
      [Code Root Scanning (ms): Min: 0.0, Avg: 0.0, Max: 0.0, Diff: 0.0, Sum: 0.0]
      [Object Copy (ms): Min: 6.0, Avg: 6.3, Max: 6.7, Diff: 0.7, Sum: 113.2]
      [Termination (ms): Min: 0.0, Avg: 0.3, Max: 0.5, Diff: 0.5, Sum: 5.8]
         [Termination Attempts: Min: 1, Avg: 1.2, Max: 2, Diff: 1, Sum: 21]
      [GC Worker Other (ms): Min: 0.0, Avg: 0.0, Max: 0.0, Diff: 0.0, Sum: 0.3]
      [GC Worker Total (ms): Min: 8.9, Avg: 9.2, Max: 9.5, Diff: 0.5, Sum: 165.3]
      [GC Worker End (ms): Min: 6687.8, Avg: 6687.8, Max: 6687.9, Diff: 0.0]
   [Code Root Fixup: 0.0 ms]
   [Code Root Purge: 0.0 ms]
   [Clear CT: 0.2 ms]
   [Other: 1.1 ms]
      [Choose CSet: 0.0 ms]
      [Ref Proc: 0.3 ms]
      [Ref Enq: 0.0 ms]
      [Redirty Cards: 0.3 ms]
      [Humongous Register: 0.1 ms]
      [Humongous Reclaim: 0.1 ms]
      [Free CSet: 0.1 ms]
   [Eden: 45.0M(45.0M)->0.0B(272.0M) Survivors: 6144.0K->7168.0K Heap: 546.0M(1024.0M)->494.3M(1024.0M)]
 [Times: user=0.16 sys=0.01, real=0.01 secs] 
6.691: [GC pause (G1 Humongous Allocation) (young) (initial-mark), 0.0034999 secs]
   [Parallel Time: 2.3 ms, GC Workers: 18]
      [GC Worker Start (ms): Min: 6691.4, Avg: 6691.6, Max: 6691.8, Diff: 0.3]
      [Ext Root Scanning (ms): Min: 0.0, Avg: 0.2, Max: 0.3, Diff: 0.3, Sum: 3.1]
      [Update RS (ms): Min: 0.1, Avg: 0.1, Max: 0.3, Diff: 0.2, Sum: 2.2]
         [Processed Buffers: Min: 0, Avg: 0.9, Max: 2, Diff: 2, Sum: 17]
      [Scan RS (ms): Min: 0.0, Avg: 0.0, Max: 0.0, Diff: 0.0, Sum: 0.1]
      [Code Root Scanning (ms): Min: 0.0, Avg: 0.0, Max: 0.0, Diff: 0.0, Sum: 0.0]
      [Object Copy (ms): Min: 1.2, Avg: 1.4, Max: 1.7, Diff: 0.5, Sum: 25.3]
      [Termination (ms): Min: 0.0, Avg: 0.2, Max: 0.5, Diff: 0.5, Sum: 4.0]
         [Termination Attempts: Min: 1, Avg: 1.0, Max: 1, Diff: 0, Sum: 18]
      [GC Worker Other (ms): Min: 0.0, Avg: 0.0, Max: 0.0, Diff: 0.0, Sum: 0.2]
      [GC Worker Total (ms): Min: 1.8, Avg: 1.9, Max: 2.1, Diff: 0.3, Sum: 34.9]
      [GC Worker End (ms): Min: 6693.5, Avg: 6693.5, Max: 6693.5, Diff: 0.0]
   [Code Root Fixup: 0.0 ms]
   [Code Root Purge: 0.0 ms]
   [Clear CT: 0.2 ms]
   [Other: 1.0 ms]
      [Choose CSet: 0.0 ms]
      [Ref Proc: 0.3 ms]
      [Ref Enq: 0.0 ms]
      [Redirty Cards: 0.2 ms]
      [Humongous Register: 0.2 ms]
      [Humongous Reclaim: 0.0 ms]
      [Free CSet: 0.0 ms]
   [Eden: 5120.0K(272.0M)->0.0B(282.0M) Survivors: 7168.0K->8192.0K Heap: 498.5M(1024.0M)->495.0M(1024.0M)]
 [Times: user=0.04 sys=0.00, real=0.00 secs] 
6.695: [GC concurrent-root-region-scan-start]
6.695: [GC concurrent-root-region-scan-end, 0.0001641 secs]
6.695: [GC concurrent-mark-start]
6.697: [GC concurrent-mark-end, 0.0023769 secs]
6.698: [GC remark 6.698: [Finalize Marking, 0.0003788 secs] 6.698: [GC ref-proc, 0.0004050 secs] 6.698: [Unloading, 0.0010032 secs], 0.0026612 secs]
 [Times: user=0.02 sys=0.00, real=0.00 secs] 
6.700: [GC cleanup 506M->504M(1024M), 0.0014570 secs]
 [Times: user=0.01 sys=0.00, real=0.00 secs] 
6.702: [GC concurrent-cleanup-start]
6.702: [GC concurrent-cleanup-end, 0.0000263 secs]
6.805: [GC pause (G1 Evacuation Pause) (young) (to-space exhausted), 0.0382679 secs]
   [Parallel Time: 35.9 ms, GC Workers: 18]
      [GC Worker Start (ms): Min: 6805.7, Avg: 6805.9, Max: 6806.1, Diff: 0.4]
      [Ext Root Scanning (ms): Min: 0.0, Avg: 0.2, Max: 0.3, Diff: 0.3, Sum: 2.9]
      [Update RS (ms): Min: 12.5, Avg: 12.6, Max: 12.7, Diff: 0.2, Sum: 227.5]
         [Processed Buffers: Min: 28, Avg: 32.8, Max: 40, Diff: 12, Sum: 590]
      [Scan RS (ms): Min: 0.0, Avg: 0.1, Max: 0.1, Diff: 0.1, Sum: 1.0]
      [Code Root Scanning (ms): Min: 0.0, Avg: 0.0, Max: 0.0, Diff: 0.0, Sum: 0.0]
      [Object Copy (ms): Min: 22.4, Avg: 22.5, Max: 22.6, Diff: 0.2, Sum: 404.2]
      [Termination (ms): Min: 0.0, Avg: 0.1, Max: 0.1, Diff: 0.1, Sum: 1.7]
         [Termination Attempts: Min: 1, Avg: 1.0, Max: 1, Diff: 0, Sum: 18]
      [GC Worker Other (ms): Min: 0.0, Avg: 0.0, Max: 0.1, Diff: 0.1, Sum: 0.7]
      [GC Worker Total (ms): Min: 35.2, Avg: 35.4, Max: 35.6, Diff: 0.4, Sum: 638.0]
      [GC Worker End (ms): Min: 6841.3, Avg: 6841.4, Max: 6841.4, Diff: 0.1]
   [Code Root Fixup: 0.0 ms]
   [Code Root Purge: 0.0 ms]
   [Clear CT: 0.3 ms]
   [Other: 2.1 ms]
      [Evacuation Failure: 0.4 ms]
      [Choose CSet: 0.0 ms]
      [Ref Proc: 0.3 ms]
      [Ref Enq: 0.0 ms]
      [Redirty Cards: 0.2 ms]
      [Humongous Register: 0.3 ms]
      [Humongous Reclaim: 0.4 ms]
      [Free CSet: 0.4 ms]
   [Eden: 282.0M(282.0M)->0.0B(14.0M) Survivors: 8192.0K->37.0M Heap: 847.1M(1024.0M)->634.4M(1024.0M)]
 [Times: user=0.52 sys=0.11, real=0.04 secs] 
6.849: [GC pause (G1 Evacuation Pause) (mixed), 0.0202691 secs]
   [Parallel Time: 18.5 ms, GC Workers: 18]
      [GC Worker Start (ms): Min: 6849.4, Avg: 6849.6, Max: 6849.8, Diff: 0.4]
      [Ext Root Scanning (ms): Min: 0.0, Avg: 0.2, Max: 0.4, Diff: 0.4, Sum: 2.8]
      [Update RS (ms): Min: 0.5, Avg: 0.7, Max: 0.8, Diff: 0.3, Sum: 12.7]
         [Processed Buffers: Min: 2, Avg: 3.6, Max: 7, Diff: 5, Sum: 65]
      [Scan RS (ms): Min: 0.0, Avg: 0.1, Max: 0.3, Diff: 0.2, Sum: 1.1]
      [Code Root Scanning (ms): Min: 0.0, Avg: 0.0, Max: 0.0, Diff: 0.0, Sum: 0.0]
      [Object Copy (ms): Min: 16.4, Avg: 16.7, Max: 17.1, Diff: 0.6, Sum: 301.4]
      [Termination (ms): Min: 0.0, Avg: 0.3, Max: 0.6, Diff: 0.6, Sum: 6.1]
         [Termination Attempts: Min: 1, Avg: 1.0, Max: 1, Diff: 0, Sum: 18]
      [GC Worker Other (ms): Min: 0.0, Avg: 0.0, Max: 0.0, Diff: 0.0, Sum: 0.4]
      [GC Worker Total (ms): Min: 17.8, Avg: 18.0, Max: 18.3, Diff: 0.4, Sum: 324.4]
      [GC Worker End (ms): Min: 6867.6, Avg: 6867.6, Max: 6867.6, Diff: 0.0]
   [Code Root Fixup: 0.0 ms]
   [Code Root Purge: 0.0 ms]
   [Clear CT: 0.3 ms]
   [Other: 1.5 ms]
      [Choose CSet: 0.1 ms]
      [Ref Proc: 0.3 ms]
      [Ref Enq: 0.0 ms]
      [Redirty Cards: 0.2 ms]
      [Humongous Register: 0.3 ms]
      [Humongous Reclaim: 0.1 ms]
      [Free CSet: 0.4 ms]
   [Eden: 14.0M(14.0M)->0.0B(46.0M) Survivors: 37.0M->5120.0K Heap: 652.5M(1024.0M)->564.0M(1024.0M)]
 [Times: user=0.26 sys=0.06, real=0.02 secs] 
6.887: [GC pause (G1 Evacuation Pause) (mixed), 0.0169244 secs]
   [Parallel Time: 15.4 ms, GC Workers: 18]
      [GC Worker Start (ms): Min: 6887.9, Avg: 6888.1, Max: 6888.3, Diff: 0.4]
      [Ext Root Scanning (ms): Min: 0.0, Avg: 0.2, Max: 0.4, Diff: 0.4, Sum: 3.1]
      [Update RS (ms): Min: 1.6, Avg: 1.7, Max: 1.8, Diff: 0.3, Sum: 30.5]
         [Processed Buffers: Min: 5, Avg: 5.9, Max: 8, Diff: 3, Sum: 107]
      [Scan RS (ms): Min: 0.0, Avg: 0.0, Max: 0.1, Diff: 0.1, Sum: 0.6]
      [Code Root Scanning (ms): Min: 0.0, Avg: 0.0, Max: 0.0, Diff: 0.0, Sum: 0.1]
      [Object Copy (ms): Min: 7.4, Avg: 7.9, Max: 13.0, Diff: 5.6, Sum: 143.1]
      [Termination (ms): Min: 0.0, Avg: 5.0, Max: 5.5, Diff: 5.5, Sum: 90.1]
         [Termination Attempts: Min: 1, Avg: 1.0, Max: 1, Diff: 0, Sum: 18]
      [GC Worker Other (ms): Min: 0.0, Avg: 0.0, Max: 0.0, Diff: 0.0, Sum: 0.4]
      [GC Worker Total (ms): Min: 14.7, Avg: 14.9, Max: 15.1, Diff: 0.4, Sum: 267.9]
      [GC Worker End (ms): Min: 6903.0, Avg: 6903.0, Max: 6903.0, Diff: 0.0]
   [Code Root Fixup: 0.0 ms]
   [Code Root Purge: 0.0 ms]
   [Clear CT: 0.2 ms]
   [Other: 1.3 ms]
      [Choose CSet: 0.0 ms]
      [Ref Proc: 0.3 ms]
      [Ref Enq: 0.0 ms]
      [Redirty Cards: 0.2 ms]
      [Humongous Register: 0.3 ms]
      [Humongous Reclaim: 0.1 ms]
      [Free CSet: 0.2 ms]
   [Eden: 46.0M(46.0M)->0.0B(225.0M) Survivors: 5120.0K->7168.0K Heap: 621.0M(1024.0M)->564.1M(1024.0M)]
 [Times: user=0.25 sys=0.01, real=0.02 secs] 
6.905: [GC pause (G1 Humongous Allocation) (young) (initial-mark), 0.0039427 secs]
   [Parallel Time: 2.8 ms, GC Workers: 18]
      [GC Worker Start (ms): Min: 6905.5, Avg: 6905.8, Max: 6905.9, Diff: 0.4]
      [Ext Root Scanning (ms): Min: 0.0, Avg: 0.2, Max: 0.5, Diff: 0.5, Sum: 3.9]
      [Update RS (ms): Min: 0.0, Avg: 0.2, Max: 0.8, Diff: 0.8, Sum: 3.9]
         [Processed Buffers: Min: 0, Avg: 1.1, Max: 2, Diff: 2, Sum: 19]
      [Scan RS (ms): Min: 0.0, Avg: 0.0, Max: 0.0, Diff: 0.0, Sum: 0.0]
      [Code Root Scanning (ms): Min: 0.0, Avg: 0.0, Max: 0.0, Diff: 0.0, Sum: 0.0]
      [Object Copy (ms): Min: 0.9, Avg: 1.5, Max: 2.0, Diff: 1.1, Sum: 27.1]
      [Termination (ms): Min: 0.0, Avg: 0.4, Max: 0.8, Diff: 0.8, Sum: 7.5]
         [Termination Attempts: Min: 1, Avg: 1.1, Max: 2, Diff: 1, Sum: 19]
      [GC Worker Other (ms): Min: 0.0, Avg: 0.0, Max: 0.0, Diff: 0.0, Sum: 0.2]
      [GC Worker Total (ms): Min: 2.2, Avg: 2.4, Max: 2.6, Diff: 0.4, Sum: 42.5]
      [GC Worker End (ms): Min: 6908.1, Avg: 6908.2, Max: 6908.2, Diff: 0.0]
   [Code Root Fixup: 0.0 ms]
   [Code Root Purge: 0.0 ms]
   [Clear CT: 0.3 ms]
   [Other: 0.9 ms]
      [Choose CSet: 0.0 ms]
      [Ref Proc: 0.3 ms]
      [Ref Enq: 0.0 ms]
      [Redirty Cards: 0.2 ms]
      [Humongous Register: 0.1 ms]
      [Humongous Reclaim: 0.0 ms]
      [Free CSet: 0.0 ms]
   [Eden: 1024.0K(225.0M)->0.0B(230.0M) Survivors: 7168.0K->8192.0K Heap: 564.8M(1024.0M)->563.8M(1024.0M)]
 [Times: user=0.03 sys=0.02, real=0.01 secs] 
6.909: [GC concurrent-root-region-scan-start]
6.909: [GC concurrent-root-region-scan-end, 0.0001498 secs]
6.909: [GC concurrent-mark-start]
6.912: [GC concurrent-mark-end, 0.0023719 secs]
6.912: [GC remark 6.912: [Finalize Marking, 0.0003071 secs] 6.912: [GC ref-proc, 0.0004153 secs] 6.913: [Unloading, 0.0008736 secs], 0.0024055 secs]
 [Times: user=0.02 sys=0.01, real=0.00 secs] 
6.915: [GC cleanup 569M->562M(1024M), 0.0013871 secs]
 [Times: user=0.01 sys=0.00, real=0.00 secs] 
6.916: [GC concurrent-cleanup-start]
6.916: [GC concurrent-cleanup-end, 0.0000386 secs]
7.036: [GC pause (G1 Evacuation Pause) (young), 0.0314943 secs]
   [Parallel Time: 29.4 ms, GC Workers: 18]
      [GC Worker Start (ms): Min: 7036.6, Avg: 7036.8, Max: 7037.0, Diff: 0.4]
      [Ext Root Scanning (ms): Min: 0.0, Avg: 0.1, Max: 0.3, Diff: 0.3, Sum: 2.5]
      [Update RS (ms): Min: 10.1, Avg: 10.4, Max: 10.5, Diff: 0.4, Sum: 186.4]
         [Processed Buffers: Min: 28, Avg: 30.7, Max: 35, Diff: 7, Sum: 552]
      [Scan RS (ms): Min: 0.0, Avg: 0.0, Max: 0.1, Diff: 0.1, Sum: 0.8]
      [Code Root Scanning (ms): Min: 0.0, Avg: 0.0, Max: 0.0, Diff: 0.0, Sum: 0.0]
      [Object Copy (ms): Min: 17.7, Avg: 18.1, Max: 18.4, Diff: 0.8, Sum: 325.4]
      [Termination (ms): Min: 0.0, Avg: 0.3, Max: 0.5, Diff: 0.5, Sum: 4.7]
         [Termination Attempts: Min: 1, Avg: 1.0, Max: 1, Diff: 0, Sum: 18]
      [GC Worker Other (ms): Min: 0.0, Avg: 0.0, Max: 0.1, Diff: 0.1, Sum: 0.8]
      [GC Worker Total (ms): Min: 28.7, Avg: 28.9, Max: 29.1, Diff: 0.4, Sum: 520.5]
      [GC Worker End (ms): Min: 7065.7, Avg: 7065.7, Max: 7065.8, Diff: 0.1]
   [Code Root Fixup: 0.0 ms]
   [Code Root Purge: 0.0 ms]
   [Clear CT: 0.3 ms]
   [Other: 1.8 ms]
      [Choose CSet: 0.0 ms]
      [Ref Proc: 0.2 ms]
      [Ref Enq: 0.0 ms]
      [Redirty Cards: 0.3 ms]
      [Humongous Register: 0.5 ms]
      [Humongous Reclaim: 0.3 ms]
      [Free CSet: 0.4 ms]
   [Eden: 230.0M(230.0M)->0.0B(21.0M) Survivors: 8192.0K->30.0M Heap: 854.5M(1024.0M)->625.2M(1024.0M)]
 [Times: user=0.47 sys=0.05, real=0.04 secs] 
7.075: [GC pause (G1 Evacuation Pause) (mixed), 0.0174303 secs]
   [Parallel Time: 15.6 ms, GC Workers: 18]
      [GC Worker Start (ms): Min: 7075.7, Avg: 7076.0, Max: 7076.2, Diff: 0.6]
      [Ext Root Scanning (ms): Min: 0.0, Avg: 0.1, Max: 0.4, Diff: 0.4, Sum: 2.0]
      [Update RS (ms): Min: 0.6, Avg: 0.8, Max: 0.9, Diff: 0.3, Sum: 13.9]
         [Processed Buffers: Min: 2, Avg: 3.2, Max: 6, Diff: 4, Sum: 58]
      [Scan RS (ms): Min: 0.0, Avg: 0.0, Max: 0.1, Diff: 0.1, Sum: 0.8]
      [Code Root Scanning (ms): Min: 0.0, Avg: 0.0, Max: 0.0, Diff: 0.0, Sum: 0.0]
      [Object Copy (ms): Min: 13.5, Avg: 13.7, Max: 14.0, Diff: 0.5, Sum: 246.9]
      [Termination (ms): Min: 0.0, Avg: 0.3, Max: 0.5, Diff: 0.5, Sum: 5.2]
         [Termination Attempts: Min: 1, Avg: 1.0, Max: 1, Diff: 0, Sum: 18]
      [GC Worker Other (ms): Min: 0.0, Avg: 0.0, Max: 0.0, Diff: 0.0, Sum: 0.4]
      [GC Worker Total (ms): Min: 14.7, Avg: 15.0, Max: 15.3, Diff: 0.6, Sum: 269.2]
      [GC Worker End (ms): Min: 7090.9, Avg: 7090.9, Max: 7091.0, Diff: 0.0]
   [Code Root Fixup: 0.0 ms]
   [Code Root Purge: 0.0 ms]
   [Clear CT: 0.3 ms]
   [Other: 1.6 ms]
      [Choose CSet: 0.1 ms]
      [Ref Proc: 0.2 ms]
      [Ref Enq: 0.0 ms]
      [Redirty Cards: 0.3 ms]
      [Humongous Register: 0.4 ms]
      [Humongous Reclaim: 0.1 ms]
      [Free CSet: 0.4 ms]
   [Eden: 21.0M(21.0M)->0.0B(44.0M) Survivors: 30.0M->7168.0K Heap: 651.0M(1024.0M)->544.4M(1024.0M)]
 [Times: user=0.22 sys=0.03, real=0.02 secs] 
7.111: [GC pause (G1 Evacuation Pause) (mixed), 0.0170955 secs]
   [Parallel Time: 15.3 ms, GC Workers: 18]
      [GC Worker Start (ms): Min: 7111.5, Avg: 7111.7, Max: 7111.8, Diff: 0.4]
      [Ext Root Scanning (ms): Min: 0.0, Avg: 0.1, Max: 0.3, Diff: 0.3, Sum: 2.3]
      [Update RS (ms): Min: 1.6, Avg: 1.7, Max: 1.8, Diff: 0.2, Sum: 31.2]
         [Processed Buffers: Min: 5, Avg: 5.9, Max: 7, Diff: 2, Sum: 106]
      [Scan RS (ms): Min: 0.0, Avg: 0.0, Max: 0.2, Diff: 0.1, Sum: 0.8]
      [Code Root Scanning (ms): Min: 0.0, Avg: 0.0, Max: 0.0, Diff: 0.0, Sum: 0.0]
      [Object Copy (ms): Min: 12.3, Avg: 12.7, Max: 12.9, Diff: 0.6, Sum: 228.4]
      [Termination (ms): Min: 0.0, Avg: 0.3, Max: 0.6, Diff: 0.6, Sum: 4.7]
         [Termination Attempts: Min: 1, Avg: 1.0, Max: 1, Diff: 0, Sum: 18]
      [GC Worker Other (ms): Min: 0.0, Avg: 0.0, Max: 0.0, Diff: 0.0, Sum: 0.3]
      [GC Worker Total (ms): Min: 14.7, Avg: 14.9, Max: 15.1, Diff: 0.4, Sum: 267.7]
      [GC Worker End (ms): Min: 7126.5, Avg: 7126.5, Max: 7126.6, Diff: 0.0]
   [Code Root Fixup: 0.0 ms]
   [Code Root Purge: 0.0 ms]
   [Clear CT: 0.2 ms]
   [Other: 1.6 ms]
      [Choose CSet: 0.1 ms]
      [Ref Proc: 0.3 ms]
      [Ref Enq: 0.0 ms]
      [Redirty Cards: 0.3 ms]
      [Humongous Register: 0.3 ms]
      [Humongous Reclaim: 0.1 ms]
      [Free CSet: 0.4 ms]
   [Eden: 44.0M(44.0M)->0.0B(276.0M) Survivors: 7168.0K->7168.0K Heap: 599.2M(1024.0M)->500.1M(1024.0M)]
 [Times: user=0.24 sys=0.04, real=0.02 secs] 
7.129: [GC pause (G1 Humongous Allocation) (young) (initial-mark), 0.0038432 secs]
   [Parallel Time: 2.7 ms, GC Workers: 18]
      [GC Worker Start (ms): Min: 7129.8, Avg: 7130.0, Max: 7130.2, Diff: 0.4]
      [Ext Root Scanning (ms): Min: 0.0, Avg: 0.3, Max: 0.5, Diff: 0.4, Sum: 4.6]
      [Update RS (ms): Min: 0.0, Avg: 0.2, Max: 1.0, Diff: 1.0, Sum: 3.4]
         [Processed Buffers: Min: 0, Avg: 1.0, Max: 3, Diff: 3, Sum: 18]
      [Scan RS (ms): Min: 0.0, Avg: 0.0, Max: 0.0, Diff: 0.0, Sum: 0.1]
      [Code Root Scanning (ms): Min: 0.0, Avg: 0.0, Max: 0.0, Diff: 0.0, Sum: 0.0]
      [Object Copy (ms): Min: 1.0, Avg: 1.5, Max: 1.9, Diff: 0.9, Sum: 26.5]
      [Termination (ms): Min: 0.0, Avg: 0.4, Max: 0.7, Diff: 0.7, Sum: 6.5]
         [Termination Attempts: Min: 1, Avg: 1.0, Max: 1, Diff: 0, Sum: 18]
      [GC Worker Other (ms): Min: 0.0, Avg: 0.0, Max: 0.0, Diff: 0.0, Sum: 0.2]
      [GC Worker Total (ms): Min: 2.1, Avg: 2.3, Max: 2.5, Diff: 0.4, Sum: 41.3]
      [GC Worker End (ms): Min: 7132.3, Avg: 7132.3, Max: 7132.3, Diff: 0.0]
   [Code Root Fixup: 0.0 ms]
   [Code Root Purge: 0.0 ms]
   [Clear CT: 0.2 ms]
   [Other: 0.9 ms]
      [Choose CSet: 0.0 ms]
      [Ref Proc: 0.2 ms]
      [Ref Enq: 0.0 ms]
      [Redirty Cards: 0.2 ms]
      [Humongous Register: 0.2 ms]
      [Humongous Reclaim: 0.0 ms]
      [Free CSet: 0.0 ms]
   [Eden: 4096.0K(276.0M)->0.0B(252.0M) Survivors: 7168.0K->9216.0K Heap: 504.1M(1024.0M)->501.4M(1024.0M)]
 [Times: user=0.04 sys=0.00, real=0.00 secs] 
7.133: [GC concurrent-root-region-scan-start]
7.134: [GC concurrent-root-region-scan-end, 0.0001350 secs]
7.134: [GC concurrent-mark-start]
7.136: [GC concurrent-mark-end, 0.0023587 secs]
7.136: [GC remark 7.136: [Finalize Marking, 0.0004430 secs] 7.137: [GC ref-proc, 0.0004033 secs] 7.137: [Unloading, 0.0008938 secs], 0.0025587 secs]
 [Times: user=0.02 sys=0.00, real=0.01 secs] 
7.139: [GC cleanup 513M->510M(1024M), 0.0014495 secs]
 [Times: user=0.01 sys=0.00, real=0.00 secs] 
7.140: [GC concurrent-cleanup-start]
7.140: [GC concurrent-cleanup-end, 0.0000272 secs]
7.246: [GC pause (G1 Evacuation Pause) (young), 0.0359838 secs]
   [Parallel Time: 33.9 ms, GC Workers: 18]
      [GC Worker Start (ms): Min: 7246.1, Avg: 7246.3, Max: 7246.6, Diff: 0.5]
      [Ext Root Scanning (ms): Min: 0.0, Avg: 0.2, Max: 0.4, Diff: 0.4, Sum: 2.9]
      [Update RS (ms): Min: 10.7, Avg: 10.8, Max: 11.0, Diff: 0.3, Sum: 195.1]
         [Processed Buffers: Min: 29, Avg: 32.1, Max: 38, Diff: 9, Sum: 578]
      [Scan RS (ms): Min: 0.0, Avg: 0.1, Max: 0.3, Diff: 0.3, Sum: 1.5]
      [Code Root Scanning (ms): Min: 0.0, Avg: 0.0, Max: 0.0, Diff: 0.0, Sum: 0.0]
      [Object Copy (ms): Min: 21.6, Avg: 22.0, Max: 22.4, Diff: 0.7, Sum: 396.3]
      [Termination (ms): Min: 0.0, Avg: 0.4, Max: 0.7, Diff: 0.7, Sum: 6.3]
         [Termination Attempts: Min: 1, Avg: 1.0, Max: 1, Diff: 0, Sum: 18]
      [GC Worker Other (ms): Min: 0.0, Avg: 0.0, Max: 0.1, Diff: 0.1, Sum: 0.7]
      [GC Worker Total (ms): Min: 33.2, Avg: 33.5, Max: 33.7, Diff: 0.5, Sum: 602.8]
      [GC Worker End (ms): Min: 7279.8, Avg: 7279.8, Max: 7279.8, Diff: 0.1]
   [Code Root Fixup: 0.0 ms]
   [Code Root Purge: 0.0 ms]
   [Clear CT: 0.4 ms]
   [Other: 1.7 ms]
      [Choose CSet: 0.0 ms]
      [Ref Proc: 0.2 ms]
      [Ref Enq: 0.0 ms]
      [Redirty Cards: 0.2 ms]
      [Humongous Register: 0.3 ms]
      [Humongous Reclaim: 0.4 ms]
      [Free CSet: 0.4 ms]
   [Eden: 252.0M(252.0M)->0.0B(18.0M) Survivors: 9216.0K->33.0M Heap: 821.3M(1024.0M)->566.0M(1024.0M)]
 [Times: user=0.57 sys=0.02, real=0.04 secs] 
7.289: [GC pause (G1 Evacuation Pause) (mixed), 0.0211941 secs]
   [Parallel Time: 19.2 ms, GC Workers: 18]
      [GC Worker Start (ms): Min: 7289.7, Avg: 7290.0, Max: 7290.2, Diff: 0.5]
      [Ext Root Scanning (ms): Min: 0.0, Avg: 0.1, Max: 0.4, Diff: 0.4, Sum: 2.5]
      [Update RS (ms): Min: 0.5, Avg: 0.7, Max: 1.0, Diff: 0.5, Sum: 13.1]
         [Processed Buffers: Min: 2, Avg: 2.8, Max: 6, Diff: 4, Sum: 51]
      [Scan RS (ms): Min: 0.0, Avg: 0.1, Max: 0.2, Diff: 0.2, Sum: 1.0]
      [Code Root Scanning (ms): Min: 0.0, Avg: 0.0, Max: 0.0, Diff: 0.0, Sum: 0.0]
      [Object Copy (ms): Min: 17.0, Avg: 17.3, Max: 17.8, Diff: 0.7, Sum: 311.8]
      [Termination (ms): Min: 0.0, Avg: 0.3, Max: 0.6, Diff: 0.6, Sum: 5.7]
         [Termination Attempts: Min: 1, Avg: 1.1, Max: 2, Diff: 1, Sum: 19]
      [GC Worker Other (ms): Min: 0.0, Avg: 0.0, Max: 0.1, Diff: 0.0, Sum: 0.5]
      [GC Worker Total (ms): Min: 18.4, Avg: 18.6, Max: 18.9, Diff: 0.5, Sum: 334.7]
      [GC Worker End (ms): Min: 7308.5, Avg: 7308.6, Max: 7308.6, Diff: 0.0]
   [Code Root Fixup: 0.0 ms]
   [Code Root Purge: 0.0 ms]
   [Clear CT: 0.2 ms]
   [Other: 1.8 ms]
      [Choose CSet: 0.1 ms]
      [Ref Proc: 0.3 ms]
      [Ref Enq: 0.0 ms]
      [Redirty Cards: 0.3 ms]
      [Humongous Register: 0.5 ms]
      [Humongous Reclaim: 0.1 ms]
      [Free CSet: 0.4 ms]
   [Eden: 18.0M(18.0M)->0.0B(45.0M) Survivors: 33.0M->6144.0K Heap: 587.9M(1024.0M)->496.6M(1024.0M)]
 [Times: user=0.30 sys=0.03, real=0.02 secs] 
7.327: [GC pause (G1 Evacuation Pause) (mixed), 0.0111647 secs]
   [Parallel Time: 9.7 ms, GC Workers: 18]
      [GC Worker Start (ms): Min: 7327.2, Avg: 7327.5, Max: 7327.7, Diff: 0.5]
      [Ext Root Scanning (ms): Min: 0.0, Avg: 0.1, Max: 0.3, Diff: 0.3, Sum: 1.6]
      [Update RS (ms): Min: 1.4, Avg: 1.6, Max: 1.8, Diff: 0.5, Sum: 28.9]
         [Processed Buffers: Min: 4, Avg: 5.4, Max: 7, Diff: 3, Sum: 97]
      [Scan RS (ms): Min: 0.0, Avg: 0.0, Max: 0.1, Diff: 0.1, Sum: 0.4]
      [Code Root Scanning (ms): Min: 0.0, Avg: 0.0, Max: 0.0, Diff: 0.0, Sum: 0.0]
      [Object Copy (ms): Min: 7.0, Avg: 7.2, Max: 7.5, Diff: 0.5, Sum: 130.2]
      [Termination (ms): Min: 0.0, Avg: 0.1, Max: 0.3, Diff: 0.3, Sum: 2.3]
         [Termination Attempts: Min: 1, Avg: 1.0, Max: 1, Diff: 0, Sum: 18]
      [GC Worker Other (ms): Min: 0.0, Avg: 0.0, Max: 0.0, Diff: 0.0, Sum: 0.3]
      [GC Worker Total (ms): Min: 8.9, Avg: 9.1, Max: 9.4, Diff: 0.5, Sum: 163.8]
      [GC Worker End (ms): Min: 7336.6, Avg: 7336.6, Max: 7336.6, Diff: 0.0]
   [Code Root Fixup: 0.0 ms]
   [Code Root Purge: 0.0 ms]
   [Clear CT: 0.3 ms]
   [Other: 1.2 ms]
      [Choose CSet: 0.0 ms]
      [Ref Proc: 0.2 ms]
      [Ref Enq: 0.0 ms]
      [Redirty Cards: 0.2 ms]
      [Humongous Register: 0.3 ms]
      [Humongous Reclaim: 0.1 ms]
      [Free CSet: 0.1 ms]
   [Eden: 45.0M(45.0M)->0.0B(259.0M) Survivors: 6144.0K->7168.0K Heap: 551.3M(1024.0M)->500.7M(1024.0M)]
 [Times: user=0.16 sys=0.01, real=0.02 secs] 
7.340: [GC pause (G1 Humongous Allocation) (young) (initial-mark), 0.0038452 secs]
   [Parallel Time: 2.6 ms, GC Workers: 18]
      [GC Worker Start (ms): Min: 7340.1, Avg: 7340.4, Max: 7340.5, Diff: 0.4]
      [Ext Root Scanning (ms): Min: 0.0, Avg: 0.2, Max: 0.5, Diff: 0.5, Sum: 4.2]
      [Update RS (ms): Min: 0.0, Avg: 0.1, Max: 0.5, Diff: 0.5, Sum: 2.0]
         [Processed Buffers: Min: 0, Avg: 1.0, Max: 2, Diff: 2, Sum: 18]
      [Scan RS (ms): Min: 0.0, Avg: 0.0, Max: 0.0, Diff: 0.0, Sum: 0.1]
      [Code Root Scanning (ms): Min: 0.0, Avg: 0.0, Max: 0.0, Diff: 0.0, Sum: 0.0]
      [Object Copy (ms): Min: 1.0, Avg: 1.5, Max: 1.8, Diff: 0.8, Sum: 26.2]
      [Termination (ms): Min: 0.0, Avg: 0.3, Max: 0.7, Diff: 0.7, Sum: 6.0]
         [Termination Attempts: Min: 1, Avg: 1.0, Max: 1, Diff: 0, Sum: 18]
      [GC Worker Other (ms): Min: 0.0, Avg: 0.0, Max: 0.0, Diff: 0.0, Sum: 0.3]
      [GC Worker Total (ms): Min: 2.0, Avg: 2.2, Max: 2.4, Diff: 0.4, Sum: 38.8]
      [GC Worker End (ms): Min: 7342.5, Avg: 7342.5, Max: 7342.5, Diff: 0.0]
   [Code Root Fixup: 0.0 ms]
   [Code Root Purge: 0.0 ms]
   [Clear CT: 0.2 ms]
   [Other: 1.1 ms]
      [Choose CSet: 0.0 ms]
      [Ref Proc: 0.3 ms]
      [Ref Enq: 0.0 ms]
      [Redirty Cards: 0.2 ms]
      [Humongous Register: 0.2 ms]
      [Humongous Reclaim: 0.0 ms]
      [Free CSet: 0.0 ms]
   [Eden: 5120.0K(259.0M)->0.0B(271.0M) Survivors: 7168.0K->8192.0K Heap: 505.4M(1024.0M)->501.5M(1024.0M)]
 [Times: user=0.04 sys=0.00, real=0.00 secs] 
7.344: [GC concurrent-root-region-scan-start]
7.344: [GC concurrent-root-region-scan-end, 0.0001334 secs]
7.344: [GC concurrent-mark-start]
7.346: [GC concurrent-mark-end, 0.0022414 secs]
7.346: [GC remark 7.346: [Finalize Marking, 0.0003100 secs] 7.347: [GC ref-proc, 0.0004019 secs] 7.347: [Unloading, 0.0009515 secs], 0.0024195 secs]
 [Times: user=0.02 sys=0.00, real=0.01 secs] 
7.349: [GC cleanup 512M->507M(1024M), 0.0016126 secs]
 [Times: user=0.01 sys=0.01, real=0.00 secs] 
7.350: [GC concurrent-cleanup-start]
7.350: [GC concurrent-cleanup-end, 0.0000377 secs]
7.449: [GC pause (G1 Evacuation Pause) (young) (to-space exhausted), 0.0389823 secs]
   [Parallel Time: 36.5 ms, GC Workers: 18]
      [GC Worker Start (ms): Min: 7449.0, Avg: 7449.2, Max: 7449.4, Diff: 0.4]
      [Ext Root Scanning (ms): Min: 0.0, Avg: 0.2, Max: 0.3, Diff: 0.3, Sum: 2.9]
      [Update RS (ms): Min: 10.3, Avg: 10.5, Max: 10.5, Diff: 0.2, Sum: 188.2]
         [Processed Buffers: Min: 28, Avg: 31.2, Max: 34, Diff: 6, Sum: 562]
      [Scan RS (ms): Min: 0.0, Avg: 0.0, Max: 0.1, Diff: 0.1, Sum: 0.9]
      [Code Root Scanning (ms): Min: 0.0, Avg: 0.0, Max: 0.0, Diff: 0.0, Sum: 0.0]
      [Object Copy (ms): Min: 24.9, Avg: 25.1, Max: 25.5, Diff: 0.5, Sum: 452.5]
      [Termination (ms): Min: 0.0, Avg: 0.3, Max: 0.4, Diff: 0.4, Sum: 5.0]
         [Termination Attempts: Min: 1, Avg: 1.0, Max: 1, Diff: 0, Sum: 18]
      [GC Worker Other (ms): Min: 0.0, Avg: 0.0, Max: 0.1, Diff: 0.1, Sum: 0.8]
      [GC Worker Total (ms): Min: 36.0, Avg: 36.1, Max: 36.4, Diff: 0.4, Sum: 650.3]
      [GC Worker End (ms): Min: 7485.3, Avg: 7485.3, Max: 7485.4, Diff: 0.1]
   [Code Root Fixup: 0.0 ms]
   [Code Root Purge: 0.0 ms]
   [Clear CT: 0.3 ms]
   [Other: 2.2 ms]
      [Evacuation Failure: 0.3 ms]
      [Choose CSet: 0.0 ms]
      [Ref Proc: 0.3 ms]
      [Ref Enq: 0.0 ms]
      [Redirty Cards: 0.3 ms]
      [Humongous Register: 0.3 ms]
      [Humongous Reclaim: 0.4 ms]
      [Free CSet: 0.4 ms]
   [Eden: 271.0M(271.0M)->0.0B(16.0M) Survivors: 8192.0K->35.0M Heap: 836.0M(1024.0M)->584.3M(1024.0M)]
 [Times: user=0.61 sys=0.02, real=0.04 secs] 
7.494: [GC pause (G1 Evacuation Pause) (mixed), 0.0201738 secs]
   [Parallel Time: 18.4 ms, GC Workers: 18]
      [GC Worker Start (ms): Min: 7494.1, Avg: 7494.3, Max: 7494.4, Diff: 0.3]
      [Ext Root Scanning (ms): Min: 0.0, Avg: 0.2, Max: 0.3, Diff: 0.3, Sum: 3.4]
      [Update RS (ms): Min: 0.9, Avg: 1.1, Max: 1.3, Diff: 0.4, Sum: 19.5]
         [Processed Buffers: Min: 2, Avg: 4.6, Max: 8, Diff: 6, Sum: 83]
      [Scan RS (ms): Min: 0.0, Avg: 0.1, Max: 0.2, Diff: 0.2, Sum: 1.2]
      [Code Root Scanning (ms): Min: 0.0, Avg: 0.0, Max: 0.0, Diff: 0.0, Sum: 0.0]
      [Object Copy (ms): Min: 16.1, Avg: 16.4, Max: 16.7, Diff: 0.6, Sum: 294.8]
      [Termination (ms): Min: 0.0, Avg: 0.3, Max: 0.4, Diff: 0.4, Sum: 4.9]
         [Termination Attempts: Min: 1, Avg: 1.0, Max: 1, Diff: 0, Sum: 18]
      [GC Worker Other (ms): Min: 0.0, Avg: 0.0, Max: 0.0, Diff: 0.0, Sum: 0.3]
      [GC Worker Total (ms): Min: 17.9, Avg: 18.0, Max: 18.2, Diff: 0.3, Sum: 324.1]
      [GC Worker End (ms): Min: 7512.3, Avg: 7512.3, Max: 7512.3, Diff: 0.0]
   [Code Root Fixup: 0.0 ms]
   [Code Root Purge: 0.0 ms]
   [Clear CT: 0.2 ms]
   [Other: 1.5 ms]
      [Choose CSet: 0.1 ms]
      [Ref Proc: 0.3 ms]
      [Ref Enq: 0.0 ms]
      [Redirty Cards: 0.3 ms]
      [Humongous Register: 0.3 ms]
      [Humongous Reclaim: 0.1 ms]
      [Free CSet: 0.4 ms]
   [Eden: 16.0M(16.0M)->0.0B(44.0M) Survivors: 35.0M->7168.0K Heap: 606.4M(1024.0M)->515.5M(1024.0M)]
 [Times: user=0.30 sys=0.02, real=0.02 secs] 
7.530: [GC pause (G1 Evacuation Pause) (mixed), 0.0109188 secs]
   [Parallel Time: 9.5 ms, GC Workers: 18]
      [GC Worker Start (ms): Min: 7530.3, Avg: 7530.5, Max: 7530.7, Diff: 0.4]
      [Ext Root Scanning (ms): Min: 0.0, Avg: 0.1, Max: 0.3, Diff: 0.3, Sum: 2.5]
      [Update RS (ms): Min: 1.5, Avg: 1.7, Max: 1.8, Diff: 0.3, Sum: 30.2]
         [Processed Buffers: Min: 5, Avg: 5.6, Max: 6, Diff: 1, Sum: 101]
      [Scan RS (ms): Min: 0.0, Avg: 0.0, Max: 0.1, Diff: 0.1, Sum: 0.7]
      [Code Root Scanning (ms): Min: 0.0, Avg: 0.0, Max: 0.0, Diff: 0.0, Sum: 0.0]
      [Object Copy (ms): Min: 6.4, Avg: 6.9, Max: 7.3, Diff: 0.9, Sum: 123.7]
      [Termination (ms): Min: 0.0, Avg: 0.3, Max: 0.7, Diff: 0.7, Sum: 6.1]
         [Termination Attempts: Min: 1, Avg: 1.0, Max: 1, Diff: 0, Sum: 18]
      [GC Worker Other (ms): Min: 0.0, Avg: 0.0, Max: 0.0, Diff: 0.0, Sum: 0.4]
      [GC Worker Total (ms): Min: 8.9, Avg: 9.1, Max: 9.3, Diff: 0.4, Sum: 163.5]
      [GC Worker End (ms): Min: 7539.6, Avg: 7539.6, Max: 7539.6, Diff: 0.0]
   [Code Root Fixup: 0.0 ms]
   [Code Root Purge: 0.0 ms]
   [Clear CT: 0.2 ms]
   [Other: 1.2 ms]
      [Choose CSet: 0.0 ms]
      [Ref Proc: 0.3 ms]
      [Ref Enq: 0.0 ms]
      [Redirty Cards: 0.3 ms]
      [Humongous Register: 0.3 ms]
      [Humongous Reclaim: 0.1 ms]
      [Free CSet: 0.2 ms]
   [Eden: 44.0M(44.0M)->0.0B(259.0M) Survivors: 7168.0K->7168.0K Heap: 569.8M(1024.0M)->519.5M(1024.0M)]
 [Times: user=0.16 sys=0.01, real=0.01 secs] 
7.541: [GC pause (G1 Humongous Allocation) (young) (initial-mark), 0.0062574 secs]
   [Parallel Time: 4.2 ms, GC Workers: 18]
      [GC Worker Start (ms): Min: 7541.8, Avg: 7541.9, Max: 7542.1, Diff: 0.3]
      [Ext Root Scanning (ms): Min: 0.0, Avg: 0.2, Max: 0.4, Diff: 0.4, Sum: 4.4]
      [Update RS (ms): Min: 0.0, Avg: 0.1, Max: 0.4, Diff: 0.4, Sum: 2.2]
         [Processed Buffers: Min: 0, Avg: 1.1, Max: 2, Diff: 2, Sum: 19]
      [Scan RS (ms): Min: 0.0, Avg: 0.0, Max: 0.0, Diff: 0.0, Sum: 0.1]
      [Code Root Scanning (ms): Min: 0.0, Avg: 0.0, Max: 0.0, Diff: 0.0, Sum: 0.0]
      [Object Copy (ms): Min: 1.0, Avg: 1.4, Max: 3.3, Diff: 2.3, Sum: 25.3]
      [Termination (ms): Min: 0.0, Avg: 2.1, Max: 2.5, Diff: 2.5, Sum: 37.0]
         [Termination Attempts: Min: 1, Avg: 1.0, Max: 1, Diff: 0, Sum: 18]
      [GC Worker Other (ms): Min: 0.0, Avg: 0.1, Max: 0.1, Diff: 0.1, Sum: 1.0]
      [GC Worker Total (ms): Min: 3.7, Avg: 3.9, Max: 4.1, Diff: 0.4, Sum: 70.1]
      [GC Worker End (ms): Min: 7545.8, Avg: 7545.8, Max: 7545.9, Diff: 0.1]
   [Code Root Fixup: 0.0 ms]
   [Code Root Purge: 0.0 ms]
   [Clear CT: 0.2 ms]
   [Other: 1.9 ms]
      [Choose CSet: 0.0 ms]
      [Ref Proc: 0.3 ms]
      [Ref Enq: 0.0 ms]
      [Redirty Cards: 0.2 ms]
      [Humongous Register: 0.2 ms]
      [Humongous Reclaim: 0.0 ms]
      [Free CSet: 0.1 ms]
   [Eden: 2048.0K(259.0M)->0.0B(266.0M) Survivors: 7168.0K->7168.0K Heap: 520.8M(1024.0M)->518.4M(1024.0M)]
 [Times: user=0.07 sys=0.00, real=0.01 secs] 
7.548: [GC concurrent-root-region-scan-start]
7.548: [GC concurrent-root-region-scan-end, 0.0002071 secs]
7.548: [GC concurrent-mark-start]
7.551: [GC concurrent-mark-end, 0.0025771 secs]
7.551: [GC remark 7.551: [Finalize Marking, 0.0004793 secs] 7.551: [GC ref-proc, 0.0004062 secs] 7.552: [Unloading, 0.0013670 secs], 0.0031987 secs]
 [Times: user=0.02 sys=0.00, real=0.00 secs] 
7.554: [GC cleanup 528M->525M(1024M), 0.0016478 secs]
 [Times: user=0.01 sys=0.01, real=0.00 secs] 
7.556: [GC concurrent-cleanup-start]
7.556: [GC concurrent-cleanup-end, 0.0000334 secs]
7.666: [GC pause (G1 Evacuation Pause) (young), 0.0382292 secs]
   [Parallel Time: 35.6 ms, GC Workers: 18]
      [GC Worker Start (ms): Min: 7666.5, Avg: 7666.9, Max: 7667.2, Diff: 0.7]
      [Ext Root Scanning (ms): Min: 0.0, Avg: 0.2, Max: 0.5, Diff: 0.5, Sum: 3.7]
      [Update RS (ms): Min: 13.5, Avg: 13.6, Max: 13.9, Diff: 0.4, Sum: 245.4]
         [Processed Buffers: Min: 24, Avg: 29.7, Max: 38, Diff: 14, Sum: 534]
      [Scan RS (ms): Min: 0.0, Avg: 0.1, Max: 0.2, Diff: 0.1, Sum: 1.3]
      [Code Root Scanning (ms): Min: 0.0, Avg: 0.0, Max: 0.0, Diff: 0.0, Sum: 0.0]
      [Object Copy (ms): Min: 20.1, Avg: 20.7, Max: 21.1, Diff: 1.0, Sum: 372.3]
      [Termination (ms): Min: 0.0, Avg: 0.3, Max: 0.7, Diff: 0.7, Sum: 6.0]
         [Termination Attempts: Min: 1, Avg: 1.0, Max: 1, Diff: 0, Sum: 18]
      [GC Worker Other (ms): Min: 0.0, Avg: 0.1, Max: 0.1, Diff: 0.1, Sum: 1.0]
      [GC Worker Total (ms): Min: 34.6, Avg: 35.0, Max: 35.3, Diff: 0.7, Sum: 629.7]
      [GC Worker End (ms): Min: 7701.8, Avg: 7701.9, Max: 7701.9, Diff: 0.1]
   [Code Root Fixup: 0.0 ms]
   [Code Root Purge: 0.0 ms]
   [Clear CT: 0.3 ms]
   [Other: 2.3 ms]
      [Choose CSet: 0.0 ms]
      [Ref Proc: 0.4 ms]
      [Ref Enq: 0.0 ms]
      [Redirty Cards: 0.4 ms]
      [Humongous Register: 0.5 ms]
      [Humongous Reclaim: 0.4 ms]
      [Free CSet: 0.5 ms]
   [Eden: 266.0M(266.0M)->0.0B(16.0M) Survivors: 7168.0K->35.0M Heap: 846.8M(1024.0M)->591.8M(1024.0M)]
 [Times: user=0.59 sys=0.02, real=0.04 secs] 
7.713: [GC pause (G1 Evacuation Pause) (mixed), 0.0173567 secs]
   [Parallel Time: 15.4 ms, GC Workers: 18]
      [GC Worker Start (ms): Min: 7713.0, Avg: 7713.3, Max: 7713.5, Diff: 0.5]
      [Ext Root Scanning (ms): Min: 0.0, Avg: 0.1, Max: 0.4, Diff: 0.4, Sum: 2.5]
      [Update RS (ms): Min: 0.4, Avg: 0.5, Max: 0.6, Diff: 0.2, Sum: 8.9]
         [Processed Buffers: Min: 1, Avg: 2.2, Max: 4, Diff: 3, Sum: 39]
      [Scan RS (ms): Min: 0.0, Avg: 0.1, Max: 0.2, Diff: 0.1, Sum: 1.1]
      [Code Root Scanning (ms): Min: 0.0, Avg: 0.0, Max: 0.0, Diff: 0.0, Sum: 0.0]
      [Object Copy (ms): Min: 13.9, Avg: 14.1, Max: 14.2, Diff: 0.3, Sum: 252.9]
      [Termination (ms): Min: 0.0, Avg: 0.2, Max: 0.3, Diff: 0.2, Sum: 2.7]
         [Termination Attempts: Min: 1, Avg: 1.0, Max: 1, Diff: 0, Sum: 18]
      [GC Worker Other (ms): Min: 0.0, Avg: 0.0, Max: 0.0, Diff: 0.0, Sum: 0.3]
      [GC Worker Total (ms): Min: 14.7, Avg: 14.9, Max: 15.2, Diff: 0.4, Sum: 268.4]
      [GC Worker End (ms): Min: 7728.2, Avg: 7728.2, Max: 7728.2, Diff: 0.0]
   [Code Root Fixup: 0.0 ms]
   [Code Root Purge: 0.0 ms]
   [Clear CT: 0.2 ms]
   [Other: 1.7 ms]
      [Choose CSet: 0.1 ms]
      [Ref Proc: 0.3 ms]
      [Ref Enq: 0.0 ms]
      [Redirty Cards: 0.3 ms]
      [Humongous Register: 0.3 ms]
      [Humongous Reclaim: 0.1 ms]
      [Free CSet: 0.6 ms]
   [Eden: 16.0M(16.0M)->0.0B(46.0M) Survivors: 35.0M->5120.0K Heap: 610.4M(1024.0M)->512.9M(1024.0M)]
 [Times: user=0.25 sys=0.03, real=0.02 secs] 
7.746: [GC pause (G1 Evacuation Pause) (mixed), 0.0138240 secs]
   [Parallel Time: 12.1 ms, GC Workers: 18]
      [GC Worker Start (ms): Min: 7746.4, Avg: 7746.5, Max: 7746.7, Diff: 0.3]
      [Ext Root Scanning (ms): Min: 0.0, Avg: 0.2, Max: 0.3, Diff: 0.3, Sum: 3.3]
      [Update RS (ms): Min: 1.6, Avg: 1.8, Max: 1.9, Diff: 0.2, Sum: 31.5]
         [Processed Buffers: Min: 5, Avg: 5.9, Max: 7, Diff: 2, Sum: 106]
      [Scan RS (ms): Min: 0.0, Avg: 0.0, Max: 0.1, Diff: 0.1, Sum: 0.7]
      [Code Root Scanning (ms): Min: 0.0, Avg: 0.0, Max: 0.0, Diff: 0.0, Sum: 0.0]
      [Object Copy (ms): Min: 9.0, Avg: 9.4, Max: 9.7, Diff: 0.7, Sum: 168.4]
      [Termination (ms): Min: 0.0, Avg: 0.3, Max: 0.6, Diff: 0.6, Sum: 5.3]
         [Termination Attempts: Min: 1, Avg: 1.0, Max: 1, Diff: 0, Sum: 18]
      [GC Worker Other (ms): Min: 0.0, Avg: 0.0, Max: 0.0, Diff: 0.0, Sum: 0.4]
      [GC Worker Total (ms): Min: 11.5, Avg: 11.6, Max: 11.8, Diff: 0.3, Sum: 209.6]
      [GC Worker End (ms): Min: 7758.2, Avg: 7758.2, Max: 7758.2, Diff: 0.0]
   [Code Root Fixup: 0.0 ms]
   [Code Root Purge: 0.0 ms]
   [Clear CT: 0.2 ms]
   [Other: 1.5 ms]
      [Choose CSet: 0.1 ms]
      [Ref Proc: 0.4 ms]
      [Ref Enq: 0.0 ms]
      [Redirty Cards: 0.2 ms]
      [Humongous Register: 0.3 ms]
      [Humongous Reclaim: 0.1 ms]
      [Free CSet: 0.3 ms]
   [Eden: 46.0M(46.0M)->0.0B(280.0M) Survivors: 5120.0K->7168.0K Heap: 569.7M(1024.0M)->497.8M(1024.0M)]
 [Times: user=0.21 sys=0.00, real=0.02 secs] 
7.760: [GC pause (G1 Humongous Allocation) (young) (initial-mark), 0.0031989 secs]
   [Parallel Time: 2.1 ms, GC Workers: 18]
      [GC Worker Start (ms): Min: 7760.5, Avg: 7760.7, Max: 7760.8, Diff: 0.3]
      [Ext Root Scanning (ms): Min: 0.1, Avg: 0.2, Max: 0.3, Diff: 0.3, Sum: 3.5]
      [Update RS (ms): Min: 0.1, Avg: 0.2, Max: 0.7, Diff: 0.6, Sum: 3.8]
         [Processed Buffers: Min: 0, Avg: 1.1, Max: 2, Diff: 2, Sum: 19]
      [Scan RS (ms): Min: 0.0, Avg: 0.0, Max: 0.0, Diff: 0.0, Sum: 0.1]
      [Code Root Scanning (ms): Min: 0.0, Avg: 0.0, Max: 0.0, Diff: 0.0, Sum: 0.0]
      [Object Copy (ms): Min: 0.7, Avg: 1.1, Max: 1.5, Diff: 0.8, Sum: 20.1]
      [Termination (ms): Min: 0.0, Avg: 0.2, Max: 0.6, Diff: 0.6, Sum: 4.1]
         [Termination Attempts: Min: 1, Avg: 1.0, Max: 1, Diff: 0, Sum: 18]
      [GC Worker Other (ms): Min: 0.0, Avg: 0.0, Max: 0.0, Diff: 0.0, Sum: 0.3]
      [GC Worker Total (ms): Min: 1.6, Avg: 1.8, Max: 1.9, Diff: 0.3, Sum: 31.8]
      [GC Worker End (ms): Min: 7762.4, Avg: 7762.4, Max: 7762.4, Diff: 0.0]
   [Code Root Fixup: 0.0 ms]
   [Code Root Purge: 0.0 ms]
   [Clear CT: 0.2 ms]
   [Other: 0.9 ms]
      [Choose CSet: 0.0 ms]
      [Ref Proc: 0.3 ms]
      [Ref Enq: 0.0 ms]
      [Redirty Cards: 0.2 ms]
      [Humongous Register: 0.2 ms]
      [Humongous Reclaim: 0.0 ms]
      [Free CSet: 0.0 ms]
   [Eden: 1024.0K(280.0M)->0.0B(292.0M) Survivors: 7168.0K->7168.0K Heap: 498.6M(1024.0M)->497.3M(1024.0M)]
 [Times: user=0.03 sys=0.00, real=0.00 secs] 
7.763: [GC concurrent-root-region-scan-start]
7.764: [GC concurrent-root-region-scan-end, 0.0001619 secs]
7.764: [GC concurrent-mark-start]
7.766: [GC concurrent-mark-end, 0.0023064 secs]
7.766: [GC remark 7.766: [Finalize Marking, 0.0003551 secs] 7.766: [GC ref-proc, 0.0004012 secs] 7.767: [Unloading, 0.0009789 secs], 0.0025911 secs]
 [Times: user=0.02 sys=0.00, real=0.01 secs] 
7.769: [GC cleanup 507M->501M(1024M), 0.0014834 secs]
 [Times: user=0.01 sys=0.00, real=0.00 secs] 
7.770: [GC concurrent-cleanup-start]
7.770: [GC concurrent-cleanup-end, 0.0000382 secs]
7.877: [GC pause (G1 Evacuation Pause) (young) (to-space exhausted), 0.0362985 secs]
   [Parallel Time: 33.6 ms, GC Workers: 18]
      [GC Worker Start (ms): Min: 7877.8, Avg: 7878.0, Max: 7878.2, Diff: 0.3]
      [Ext Root Scanning (ms): Min: 0.0, Avg: 0.2, Max: 0.4, Diff: 0.3, Sum: 3.0]
      [Update RS (ms): Min: 12.0, Avg: 12.2, Max: 12.3, Diff: 0.4, Sum: 219.7]
         [Processed Buffers: Min: 25, Avg: 31.8, Max: 41, Diff: 16, Sum: 572]
      [Scan RS (ms): Min: 0.0, Avg: 0.1, Max: 0.2, Diff: 0.2, Sum: 0.9]
      [Code Root Scanning (ms): Min: 0.0, Avg: 0.0, Max: 0.0, Diff: 0.0, Sum: 0.0]
      [Object Copy (ms): Min: 20.6, Avg: 20.8, Max: 20.9, Diff: 0.3, Sum: 373.7]
      [Termination (ms): Min: 0.0, Avg: 0.1, Max: 0.1, Diff: 0.1, Sum: 1.4]
         [Termination Attempts: Min: 1, Avg: 1.0, Max: 1, Diff: 0, Sum: 18]
      [GC Worker Other (ms): Min: 0.0, Avg: 0.0, Max: 0.1, Diff: 0.1, Sum: 0.8]
      [GC Worker Total (ms): Min: 33.2, Avg: 33.3, Max: 33.5, Diff: 0.4, Sum: 599.6]
      [GC Worker End (ms): Min: 7911.3, Avg: 7911.3, Max: 7911.4, Diff: 0.1]
   [Code Root Fixup: 0.0 ms]
   [Code Root Purge: 0.0 ms]
   [Clear CT: 0.3 ms]
   [Other: 2.4 ms]
      [Evacuation Failure: 0.5 ms]
      [Choose CSet: 0.0 ms]
      [Ref Proc: 0.3 ms]
      [Ref Enq: 0.0 ms]
      [Redirty Cards: 0.2 ms]
      [Humongous Register: 0.3 ms]
      [Humongous Reclaim: 0.5 ms]
      [Free CSet: 0.3 ms]
   [Eden: 292.0M(292.0M)->0.0B(13.0M) Survivors: 7168.0K->38.0M Heap: 853.2M(1024.0M)->658.9M(1024.0M)]
 [Times: user=0.58 sys=0.01, real=0.04 secs] 
7.919: [GC pause (G1 Evacuation Pause) (mixed), 0.0195758 secs]
   [Parallel Time: 17.8 ms, GC Workers: 18]
      [GC Worker Start (ms): Min: 7918.9, Avg: 7919.1, Max: 7919.2, Diff: 0.3]
      [Ext Root Scanning (ms): Min: 0.0, Avg: 0.2, Max: 0.3, Diff: 0.3, Sum: 3.1]
      [Update RS (ms): Min: 0.1, Avg: 0.4, Max: 0.5, Diff: 0.3, Sum: 7.0]
         [Processed Buffers: Min: 1, Avg: 2.6, Max: 8, Diff: 7, Sum: 47]
      [Scan RS (ms): Min: 0.0, Avg: 0.1, Max: 0.3, Diff: 0.3, Sum: 1.0]
      [Code Root Scanning (ms): Min: 0.0, Avg: 0.0, Max: 0.0, Diff: 0.0, Sum: 0.0]
      [Object Copy (ms): Min: 16.5, Avg: 16.7, Max: 16.8, Diff: 0.2, Sum: 299.9]
      [Termination (ms): Min: 0.0, Avg: 0.1, Max: 0.2, Diff: 0.2, Sum: 1.8]
         [Termination Attempts: Min: 1, Avg: 1.5, Max: 5, Diff: 4, Sum: 27]
      [GC Worker Other (ms): Min: 0.0, Avg: 0.0, Max: 0.1, Diff: 0.1, Sum: 0.5]
      [GC Worker Total (ms): Min: 17.3, Avg: 17.4, Max: 17.6, Diff: 0.3, Sum: 313.4]
      [GC Worker End (ms): Min: 7936.5, Avg: 7936.5, Max: 7936.5, Diff: 0.0]
   [Code Root Fixup: 0.0 ms]
   [Code Root Purge: 0.0 ms]
   [Clear CT: 0.2 ms]
   [Other: 1.6 ms]
      [Choose CSet: 0.1 ms]
      [Ref Proc: 0.3 ms]
      [Ref Enq: 0.0 ms]
      [Redirty Cards: 0.3 ms]
      [Humongous Register: 0.2 ms]
      [Humongous Reclaim: 0.1 ms]
      [Free CSet: 0.5 ms]
   [Eden: 13.0M(13.0M)->0.0B(47.0M) Survivors: 38.0M->4096.0K Heap: 673.9M(1024.0M)->589.8M(1024.0M)]
 [Times: user=0.29 sys=0.01, real=0.02 secs] 
7.955: [GC pause (G1 Evacuation Pause) (mixed), 0.0121509 secs]
   [Parallel Time: 10.6 ms, GC Workers: 18]
      [GC Worker Start (ms): Min: 7955.4, Avg: 7955.6, Max: 7955.8, Diff: 0.3]
      [Ext Root Scanning (ms): Min: 0.0, Avg: 0.2, Max: 0.3, Diff: 0.3, Sum: 2.8]
      [Update RS (ms): Min: 1.9, Avg: 2.1, Max: 2.3, Diff: 0.3, Sum: 38.0]
         [Processed Buffers: Min: 6, Avg: 6.7, Max: 8, Diff: 2, Sum: 121]
      [Scan RS (ms): Min: 0.0, Avg: 0.0, Max: 0.1, Diff: 0.1, Sum: 0.4]
      [Code Root Scanning (ms): Min: 0.0, Avg: 0.0, Max: 0.0, Diff: 0.0, Sum: 0.0]
      [Object Copy (ms): Min: 7.0, Avg: 7.4, Max: 7.8, Diff: 0.8, Sum: 132.9]
      [Termination (ms): Min: 0.0, Avg: 0.5, Max: 0.8, Diff: 0.8, Sum: 9.2]
         [Termination Attempts: Min: 1, Avg: 1.3, Max: 3, Diff: 2, Sum: 24]
      [GC Worker Other (ms): Min: 0.0, Avg: 0.0, Max: 0.0, Diff: 0.0, Sum: 0.4]
      [GC Worker Total (ms): Min: 10.0, Avg: 10.2, Max: 10.4, Diff: 0.4, Sum: 183.7]
      [GC Worker End (ms): Min: 7965.8, Avg: 7965.8, Max: 7965.8, Diff: 0.0]
   [Code Root Fixup: 0.0 ms]
   [Code Root Purge: 0.0 ms]
   [Clear CT: 0.2 ms]
   [Other: 1.3 ms]
      [Choose CSet: 0.0 ms]
      [Ref Proc: 0.3 ms]
      [Ref Enq: 0.0 ms]
      [Redirty Cards: 0.3 ms]
      [Humongous Register: 0.3 ms]
      [Humongous Reclaim: 0.1 ms]
      [Free CSet: 0.2 ms]
   [Eden: 47.0M(47.0M)->0.0B(212.0M) Survivors: 4096.0K->7168.0K Heap: 649.5M(1024.0M)->593.7M(1024.0M)]
 [Times: user=0.18 sys=0.01, real=0.01 secs] 
7.969: [GC pause (G1 Humongous Allocation) (young) (initial-mark), 0.0035378 secs]
   [Parallel Time: 2.3 ms, GC Workers: 18]
      [GC Worker Start (ms): Min: 7969.0, Avg: 7969.2, Max: 7969.4, Diff: 0.4]
      [Ext Root Scanning (ms): Min: 0.0, Avg: 0.2, Max: 0.4, Diff: 0.4, Sum: 3.3]
      [Update RS (ms): Min: 0.1, Avg: 0.2, Max: 0.6, Diff: 0.5, Sum: 3.3]
         [Processed Buffers: Min: 0, Avg: 1.0, Max: 3, Diff: 3, Sum: 18]
      [Scan RS (ms): Min: 0.0, Avg: 0.0, Max: 0.0, Diff: 0.0, Sum: 0.1]
      [Code Root Scanning (ms): Min: 0.0, Avg: 0.0, Max: 0.0, Diff: 0.0, Sum: 0.0]
      [Object Copy (ms): Min: 0.7, Avg: 1.2, Max: 1.6, Diff: 0.9, Sum: 21.7]
      [Termination (ms): Min: 0.0, Avg: 0.3, Max: 0.6, Diff: 0.6, Sum: 6.1]
         [Termination Attempts: Min: 1, Avg: 1.1, Max: 2, Diff: 1, Sum: 20]
      [GC Worker Other (ms): Min: 0.0, Avg: 0.0, Max: 0.0, Diff: 0.0, Sum: 0.3]
      [GC Worker Total (ms): Min: 1.8, Avg: 1.9, Max: 2.2, Diff: 0.4, Sum: 34.9]
      [GC Worker End (ms): Min: 7971.1, Avg: 7971.1, Max: 7971.2, Diff: 0.0]
   [Code Root Fixup: 0.0 ms]
   [Code Root Purge: 0.0 ms]
   [Clear CT: 0.2 ms]
   [Other: 1.0 ms]
      [Choose CSet: 0.0 ms]
      [Ref Proc: 0.3 ms]
      [Ref Enq: 0.0 ms]
      [Redirty Cards: 0.2 ms]
      [Humongous Register: 0.2 ms]
      [Humongous Reclaim: 0.0 ms]
      [Free CSet: 0.0 ms]
   [Eden: 5120.0K(212.0M)->0.0B(221.0M) Survivors: 7168.0K->8192.0K Heap: 598.2M(1024.0M)->593.8M(1024.0M)]
 [Times: user=0.03 sys=0.00, real=0.00 secs] 
7.972: [GC concurrent-root-region-scan-start]
7.972: [GC concurrent-root-region-scan-end, 0.0001855 secs]
7.972: [GC concurrent-mark-start]
7.975: [GC concurrent-mark-end, 0.0023336 secs]
7.975: [GC remark 7.975: [Finalize Marking, 0.0004504 secs] 7.975: [GC ref-proc, 0.0004095 secs] 7.976: [Unloading, 0.0009102 secs], 0.0026099 secs]
 [Times: user=0.02 sys=0.00, real=0.01 secs] 
7.978: [GC cleanup 605M->599M(1024M), 0.0015183 secs]
 [Times: user=0.01 sys=0.00, real=0.00 secs] 
7.979: [GC concurrent-cleanup-start]
7.979: [GC concurrent-cleanup-end, 0.0000371 secs]
8.057: [GC pause (G1 Evacuation Pause) (young) (to-space exhausted), 0.0290377 secs]
   [Parallel Time: 26.7 ms, GC Workers: 18]
      [GC Worker Start (ms): Min: 8057.4, Avg: 8057.7, Max: 8057.9, Diff: 0.5]
      [Ext Root Scanning (ms): Min: 0.0, Avg: 0.1, Max: 0.3, Diff: 0.3, Sum: 1.9]
      [Update RS (ms): Min: 9.2, Avg: 9.6, Max: 9.8, Diff: 0.5, Sum: 172.1]
         [Processed Buffers: Min: 25, Avg: 28.4, Max: 33, Diff: 8, Sum: 512]
      [Scan RS (ms): Min: 0.0, Avg: 0.1, Max: 0.2, Diff: 0.1, Sum: 1.2]
      [Code Root Scanning (ms): Min: 0.0, Avg: 0.0, Max: 0.0, Diff: 0.0, Sum: 0.0]
      [Object Copy (ms): Min: 16.2, Avg: 16.4, Max: 16.7, Diff: 0.5, Sum: 295.7]
      [Termination (ms): Min: 0.0, Avg: 0.1, Max: 0.1, Diff: 0.1, Sum: 1.0]
         [Termination Attempts: Min: 1, Avg: 1.0, Max: 1, Diff: 0, Sum: 18]
      [GC Worker Other (ms): Min: 0.0, Avg: 0.0, Max: 0.1, Diff: 0.1, Sum: 0.7]
      [GC Worker Total (ms): Min: 26.0, Avg: 26.3, Max: 26.6, Diff: 0.5, Sum: 472.6]
      [GC Worker End (ms): Min: 8083.9, Avg: 8084.0, Max: 8084.0, Diff: 0.1]
   [Code Root Fixup: 0.0 ms]
   [Code Root Purge: 0.0 ms]
   [Clear CT: 0.3 ms]
   [Other: 2.1 ms]
      [Evacuation Failure: 0.5 ms]
      [Choose CSet: 0.0 ms]
      [Ref Proc: 0.2 ms]
      [Ref Enq: 0.0 ms]
      [Redirty Cards: 0.2 ms]
      [Humongous Register: 0.4 ms]
      [Humongous Reclaim: 0.3 ms]
      [Free CSet: 0.3 ms]
   [Eden: 221.0M(221.0M)->0.0B(22.0M) Survivors: 8192.0K->29.0M Heap: 871.1M(1024.0M)->725.8M(1024.0M)]
 [Times: user=0.44 sys=0.02, real=0.03 secs] 
8.094: [GC pause (G1 Evacuation Pause) (mixed), 0.0152189 secs]
   [Parallel Time: 13.3 ms, GC Workers: 18]
      [GC Worker Start (ms): Min: 8095.0, Avg: 8095.3, Max: 8095.5, Diff: 0.5]
      [Ext Root Scanning (ms): Min: 0.0, Avg: 0.2, Max: 0.4, Diff: 0.4, Sum: 2.8]
      [Update RS (ms): Min: 1.1, Avg: 1.3, Max: 1.5, Diff: 0.3, Sum: 24.1]
         [Processed Buffers: Min: 4, Avg: 5.1, Max: 10, Diff: 6, Sum: 92]
      [Scan RS (ms): Min: 0.0, Avg: 0.0, Max: 0.1, Diff: 0.1, Sum: 0.7]
      [Code Root Scanning (ms): Min: 0.0, Avg: 0.0, Max: 0.0, Diff: 0.0, Sum: 0.0]
      [Object Copy (ms): Min: 10.8, Avg: 11.1, Max: 11.3, Diff: 0.5, Sum: 199.1]
      [Termination (ms): Min: 0.0, Avg: 0.2, Max: 0.4, Diff: 0.4, Sum: 3.7]
         [Termination Attempts: Min: 1, Avg: 1.1, Max: 3, Diff: 2, Sum: 20]
      [GC Worker Other (ms): Min: 0.0, Avg: 0.0, Max: 0.1, Diff: 0.1, Sum: 0.6]
      [GC Worker Total (ms): Min: 12.6, Avg: 12.8, Max: 13.1, Diff: 0.5, Sum: 231.1]
      [GC Worker End (ms): Min: 8108.1, Avg: 8108.1, Max: 8108.2, Diff: 0.0]
   [Code Root Fixup: 0.0 ms]
   [Code Root Purge: 0.0 ms]
   [Clear CT: 0.2 ms]
   [Other: 1.7 ms]
      [Choose CSet: 0.1 ms]
      [Ref Proc: 0.3 ms]
      [Ref Enq: 0.0 ms]
      [Redirty Cards: 0.3 ms]
      [Humongous Register: 0.3 ms]
      [Humongous Reclaim: 0.1 ms]
      [Free CSet: 0.4 ms]
   [Eden: 22.0M(22.0M)->0.0B(45.0M) Survivors: 29.0M->6144.0K Heap: 755.2M(1024.0M)->638.3M(1024.0M)]
 [Times: user=0.22 sys=0.00, real=0.02 secs] 
8.127: [GC pause (G1 Evacuation Pause) (mixed), 0.0175062 secs]
   [Parallel Time: 15.6 ms, GC Workers: 18]
      [GC Worker Start (ms): Min: 8127.3, Avg: 8127.5, Max: 8127.6, Diff: 0.3]
      [Ext Root Scanning (ms): Min: 0.1, Avg: 0.2, Max: 0.4, Diff: 0.3, Sum: 3.5]
      [Update RS (ms): Min: 2.3, Avg: 2.5, Max: 2.6, Diff: 0.3, Sum: 45.3]
         [Processed Buffers: Min: 7, Avg: 8.2, Max: 10, Diff: 3, Sum: 148]
      [Scan RS (ms): Min: 0.0, Avg: 0.1, Max: 0.3, Diff: 0.2, Sum: 1.0]
      [Code Root Scanning (ms): Min: 0.0, Avg: 0.0, Max: 0.0, Diff: 0.0, Sum: 0.0]
      [Object Copy (ms): Min: 12.0, Avg: 12.2, Max: 12.4, Diff: 0.4, Sum: 220.0]
      [Termination (ms): Min: 0.0, Avg: 0.2, Max: 0.3, Diff: 0.3, Sum: 2.8]
         [Termination Attempts: Min: 1, Avg: 1.0, Max: 1, Diff: 0, Sum: 18]
      [GC Worker Other (ms): Min: 0.0, Avg: 0.0, Max: 0.1, Diff: 0.1, Sum: 0.5]
      [GC Worker Total (ms): Min: 15.1, Avg: 15.2, Max: 15.3, Diff: 0.3, Sum: 273.1]
      [GC Worker End (ms): Min: 8142.6, Avg: 8142.6, Max: 8142.7, Diff: 0.1]
   [Code Root Fixup: 0.0 ms]
   [Code Root Purge: 0.0 ms]
   [Clear CT: 0.2 ms]
   [Other: 1.7 ms]
      [Choose CSet: 0.1 ms]
      [Ref Proc: 0.3 ms]
      [Ref Enq: 0.0 ms]
      [Redirty Cards: 0.3 ms]
      [Humongous Register: 0.3 ms]
      [Humongous Reclaim: 0.1 ms]
      [Free CSet: 0.5 ms]
   [Eden: 45.0M(45.0M)->0.0B(44.0M) Survivors: 6144.0K->7168.0K Heap: 699.2M(1024.0M)->582.4M(1024.0M)]
 [Times: user=0.24 sys=0.01, real=0.02 secs] 
8.160: [GC pause (G1 Evacuation Pause) (mixed), 0.0129351 secs]
   [Parallel Time: 11.3 ms, GC Workers: 18]
      [GC Worker Start (ms): Min: 8160.8, Avg: 8161.0, Max: 8161.2, Diff: 0.4]
      [Ext Root Scanning (ms): Min: 0.0, Avg: 0.2, Max: 0.3, Diff: 0.3, Sum: 3.3]
      [Update RS (ms): Min: 2.4, Avg: 2.5, Max: 2.7, Diff: 0.3, Sum: 45.8]
         [Processed Buffers: Min: 7, Avg: 8.0, Max: 9, Diff: 2, Sum: 144]
      [Scan RS (ms): Min: 0.0, Avg: 0.0, Max: 0.1, Diff: 0.1, Sum: 0.6]
      [Code Root Scanning (ms): Min: 0.0, Avg: 0.0, Max: 0.0, Diff: 0.0, Sum: 0.0]
      [Object Copy (ms): Min: 7.5, Avg: 7.8, Max: 8.0, Diff: 0.6, Sum: 139.7]
      [Termination (ms): Min: 0.0, Avg: 0.3, Max: 0.5, Diff: 0.4, Sum: 5.4]
         [Termination Attempts: Min: 1, Avg: 1.4, Max: 3, Diff: 2, Sum: 25]
      [GC Worker Other (ms): Min: 0.0, Avg: 0.0, Max: 0.1, Diff: 0.0, Sum: 0.4]
      [GC Worker Total (ms): Min: 10.6, Avg: 10.8, Max: 11.0, Diff: 0.4, Sum: 195.2]
      [GC Worker End (ms): Min: 8171.8, Avg: 8171.8, Max: 8171.8, Diff: 0.0]
   [Code Root Fixup: 0.0 ms]
   [Code Root Purge: 0.0 ms]
   [Clear CT: 0.2 ms]
   [Other: 1.4 ms]
      [Choose CSet: 0.0 ms]
      [Ref Proc: 0.3 ms]
      [Ref Enq: 0.0 ms]
      [Redirty Cards: 0.3 ms]
      [Humongous Register: 0.3 ms]
      [Humongous Reclaim: 0.1 ms]
      [Free CSet: 0.2 ms]
   [Eden: 44.0M(44.0M)->0.0B(217.0M) Survivors: 7168.0K->7168.0K Heap: 641.9M(1024.0M)->584.5M(1024.0M)]
 [Times: user=0.19 sys=0.00, real=0.01 secs] 
8.174: [GC pause (G1 Humongous Allocation) (young) (initial-mark), 0.0037233 secs]
   [Parallel Time: 2.5 ms, GC Workers: 18]
      [GC Worker Start (ms): Min: 8174.2, Avg: 8174.5, Max: 8174.6, Diff: 0.5]
      [Ext Root Scanning (ms): Min: 0.0, Avg: 0.2, Max: 0.5, Diff: 0.5, Sum: 4.2]
      [Update RS (ms): Min: 0.0, Avg: 0.1, Max: 0.7, Diff: 0.7, Sum: 2.2]
         [Processed Buffers: Min: 0, Avg: 0.9, Max: 3, Diff: 3, Sum: 17]
      [Scan RS (ms): Min: 0.0, Avg: 0.0, Max: 0.0, Diff: 0.0, Sum: 0.1]
      [Code Root Scanning (ms): Min: 0.0, Avg: 0.0, Max: 0.0, Diff: 0.0, Sum: 0.0]
      [Object Copy (ms): Min: 0.6, Avg: 1.3, Max: 1.6, Diff: 1.0, Sum: 24.3]
      [Termination (ms): Min: 0.0, Avg: 0.3, Max: 0.5, Diff: 0.5, Sum: 4.8]
         [Termination Attempts: Min: 1, Avg: 1.0, Max: 1, Diff: 0, Sum: 18]
      [GC Worker Other (ms): Min: 0.0, Avg: 0.0, Max: 0.0, Diff: 0.0, Sum: 0.2]
      [GC Worker Total (ms): Min: 1.8, Avg: 2.0, Max: 2.3, Diff: 0.5, Sum: 35.8]
      [GC Worker End (ms): Min: 8176.4, Avg: 8176.4, Max: 8176.5, Diff: 0.0]
   [Code Root Fixup: 0.0 ms]
   [Code Root Purge: 0.0 ms]
   [Clear CT: 0.3 ms]
   [Other: 1.0 ms]
      [Choose CSet: 0.0 ms]
      [Ref Proc: 0.2 ms]
      [Ref Enq: 0.0 ms]
      [Redirty Cards: 0.2 ms]
      [Humongous Register: 0.2 ms]
      [Humongous Reclaim: 0.0 ms]
      [Free CSet: 0.0 ms]
   [Eden: 1024.0K(217.0M)->0.0B(227.0M) Survivors: 7168.0K->7168.0K Heap: 585.3M(1024.0M)->584.1M(1024.0M)]
 [Times: user=0.04 sys=0.00, real=0.01 secs] 
8.178: [GC concurrent-root-region-scan-start]
8.178: [GC concurrent-root-region-scan-end, 0.0001227 secs]
8.178: [GC concurrent-mark-start]
8.180: [GC concurrent-mark-end, 0.0023260 secs]
8.180: [GC remark 8.180: [Finalize Marking, 0.0003173 secs] 8.180: [GC ref-proc, 0.0003956 secs] 8.181: [Unloading, 0.0008744 secs], 0.0023763 secs]
 [Times: user=0.02 sys=0.01, real=0.00 secs] 
8.183: [GC cleanup 592M->582M(1024M), 0.0015848 secs]
 [Times: user=0.01 sys=0.00, real=0.00 secs] 
8.184: [GC concurrent-cleanup-start]
8.184: [GC concurrent-cleanup-end, 0.0000458 secs]
8.268: [GC pause (G1 Evacuation Pause) (young) (to-space exhausted), 0.0302554 secs]
   [Parallel Time: 27.8 ms, GC Workers: 18]
      [GC Worker Start (ms): Min: 8268.3, Avg: 8268.5, Max: 8268.7, Diff: 0.4]
      [Ext Root Scanning (ms): Min: 0.0, Avg: 0.2, Max: 0.3, Diff: 0.3, Sum: 3.0]
      [Update RS (ms): Min: 10.0, Avg: 10.3, Max: 10.5, Diff: 0.4, Sum: 185.3]
         [Processed Buffers: Min: 15, Avg: 30.1, Max: 41, Diff: 26, Sum: 542]
      [Scan RS (ms): Min: 0.0, Avg: 0.0, Max: 0.1, Diff: 0.1, Sum: 0.9]
      [Code Root Scanning (ms): Min: 0.0, Avg: 0.0, Max: 0.0, Diff: 0.0, Sum: 0.0]
      [Object Copy (ms): Min: 16.6, Avg: 16.8, Max: 17.0, Diff: 0.4, Sum: 302.4]
      [Termination (ms): Min: 0.0, Avg: 0.1, Max: 0.2, Diff: 0.2, Sum: 2.3]
         [Termination Attempts: Min: 1, Avg: 1.0, Max: 1, Diff: 0, Sum: 18]
      [GC Worker Other (ms): Min: 0.0, Avg: 0.0, Max: 0.1, Diff: 0.0, Sum: 0.6]
      [GC Worker Total (ms): Min: 27.3, Avg: 27.5, Max: 27.7, Diff: 0.4, Sum: 494.5]
      [GC Worker End (ms): Min: 8295.9, Avg: 8296.0, Max: 8296.0, Diff: 0.0]
   [Code Root Fixup: 0.0 ms]
   [Code Root Purge: 0.0 ms]
   [Clear CT: 0.3 ms]
   [Other: 2.1 ms]
      [Evacuation Failure: 0.5 ms]
      [Choose CSet: 0.0 ms]
      [Ref Proc: 0.3 ms]
      [Ref Enq: 0.0 ms]
      [Redirty Cards: 0.2 ms]
      [Humongous Register: 0.3 ms]
      [Humongous Reclaim: 0.4 ms]
      [Free CSet: 0.3 ms]
   [Eden: 227.0M(227.0M)->0.0B(21.0M) Survivors: 7168.0K->30.0M Heap: 867.4M(1024.0M)->716.3M(1024.0M)]
 [Times: user=0.46 sys=0.01, real=0.03 secs] 
8.307: [GC pause (G1 Evacuation Pause) (mixed), 0.0174552 secs]
   [Parallel Time: 15.6 ms, GC Workers: 18]
      [GC Worker Start (ms): Min: 8307.1, Avg: 8307.3, Max: 8307.5, Diff: 0.4]
      [Ext Root Scanning (ms): Min: 0.0, Avg: 0.2, Max: 0.4, Diff: 0.4, Sum: 2.8]
      [Update RS (ms): Min: 1.2, Avg: 1.3, Max: 1.5, Diff: 0.3, Sum: 24.0]
         [Processed Buffers: Min: 4, Avg: 5.4, Max: 9, Diff: 5, Sum: 97]
      [Scan RS (ms): Min: 0.0, Avg: 0.0, Max: 0.1, Diff: 0.1, Sum: 0.8]
      [Code Root Scanning (ms): Min: 0.0, Avg: 0.0, Max: 0.0, Diff: 0.0, Sum: 0.0]
      [Object Copy (ms): Min: 13.0, Avg: 13.2, Max: 13.5, Diff: 0.5, Sum: 237.9]
      [Termination (ms): Min: 0.0, Avg: 0.3, Max: 0.4, Diff: 0.4, Sum: 4.6]
         [Termination Attempts: Min: 1, Avg: 1.0, Max: 1, Diff: 0, Sum: 18]
      [GC Worker Other (ms): Min: 0.0, Avg: 0.0, Max: 0.0, Diff: 0.0, Sum: 0.3]
      [GC Worker Total (ms): Min: 14.9, Avg: 15.0, Max: 15.3, Diff: 0.4, Sum: 270.4]
      [GC Worker End (ms): Min: 8322.4, Avg: 8322.4, Max: 8322.4, Diff: 0.0]
   [Code Root Fixup: 0.0 ms]
   [Code Root Purge: 0.0 ms]
   [Clear CT: 0.2 ms]
   [Other: 1.6 ms]
      [Choose CSet: 0.1 ms]
      [Ref Proc: 0.3 ms]
      [Ref Enq: 0.0 ms]
      [Redirty Cards: 0.3 ms]
      [Humongous Register: 0.3 ms]
      [Humongous Reclaim: 0.1 ms]
      [Free CSet: 0.4 ms]
   [Eden: 21.0M(21.0M)->0.0B(44.0M) Survivors: 30.0M->7168.0K Heap: 745.6M(1024.0M)->635.3M(1024.0M)]
 [Times: user=0.25 sys=0.02, real=0.02 secs] 
8.341: [GC pause (G1 Evacuation Pause) (mixed), 0.0186839 secs]
   [Parallel Time: 16.9 ms, GC Workers: 18]
      [GC Worker Start (ms): Min: 8341.7, Avg: 8341.9, Max: 8342.1, Diff: 0.4]
      [Ext Root Scanning (ms): Min: 0.0, Avg: 0.1, Max: 0.3, Diff: 0.3, Sum: 2.5]
      [Update RS (ms): Min: 2.2, Avg: 2.3, Max: 2.5, Diff: 0.3, Sum: 41.8]
         [Processed Buffers: Min: 6, Avg: 7.9, Max: 11, Diff: 5, Sum: 142]
      [Scan RS (ms): Min: 0.0, Avg: 0.1, Max: 0.2, Diff: 0.2, Sum: 1.2]
      [Code Root Scanning (ms): Min: 0.0, Avg: 0.0, Max: 0.0, Diff: 0.0, Sum: 0.0]
      [Object Copy (ms): Min: 12.8, Avg: 13.3, Max: 14.0, Diff: 1.2, Sum: 239.0]
      [Termination (ms): Min: 0.0, Avg: 0.6, Max: 0.9, Diff: 0.9, Sum: 10.6]
         [Termination Attempts: Min: 1, Avg: 1.0, Max: 1, Diff: 0, Sum: 18]
      [GC Worker Other (ms): Min: 0.0, Avg: 0.0, Max: 0.0, Diff: 0.0, Sum: 0.3]
      [GC Worker Total (ms): Min: 16.2, Avg: 16.4, Max: 16.6, Diff: 0.4, Sum: 295.5]
      [GC Worker End (ms): Min: 8358.3, Avg: 8358.3, Max: 8358.3, Diff: 0.0]
   [Code Root Fixup: 0.0 ms]
   [Code Root Purge: 0.0 ms]
   [Clear CT: 0.2 ms]
   [Other: 1.6 ms]
      [Choose CSet: 0.1 ms]
      [Ref Proc: 0.3 ms]
      [Ref Enq: 0.0 ms]
      [Redirty Cards: 0.3 ms]
      [Humongous Register: 0.3 ms]
      [Humongous Reclaim: 0.1 ms]
      [Free CSet: 0.4 ms]
   [Eden: 44.0M(44.0M)->0.0B(44.0M) Survivors: 7168.0K->7168.0K Heap: 694.6M(1024.0M)->586.0M(1024.0M)]
 [Times: user=0.27 sys=0.02, real=0.02 secs] 
8.378: [GC pause (G1 Evacuation Pause) (mixed), 0.0109838 secs]
   [Parallel Time: 9.5 ms, GC Workers: 18]
      [GC Worker Start (ms): Min: 8378.5, Avg: 8378.7, Max: 8378.8, Diff: 0.3]
      [Ext Root Scanning (ms): Min: 0.0, Avg: 0.2, Max: 0.3, Diff: 0.3, Sum: 3.1]
      [Update RS (ms): Min: 2.1, Avg: 2.3, Max: 2.4, Diff: 0.3, Sum: 41.2]
         [Processed Buffers: Min: 7, Avg: 7.8, Max: 9, Diff: 2, Sum: 140]
      [Scan RS (ms): Min: 0.0, Avg: 0.0, Max: 0.1, Diff: 0.1, Sum: 0.4]
      [Code Root Scanning (ms): Min: 0.0, Avg: 0.0, Max: 0.0, Diff: 0.0, Sum: 0.0]
      [Object Copy (ms): Min: 5.8, Avg: 6.2, Max: 6.5, Diff: 0.7, Sum: 111.1]
      [Termination (ms): Min: 0.0, Avg: 0.4, Max: 0.6, Diff: 0.6, Sum: 7.0]
         [Termination Attempts: Min: 1, Avg: 1.4, Max: 5, Diff: 4, Sum: 26]
      [GC Worker Other (ms): Min: 0.0, Avg: 0.0, Max: 0.0, Diff: 0.0, Sum: 0.4]
      [GC Worker Total (ms): Min: 8.9, Avg: 9.1, Max: 9.2, Diff: 0.4, Sum: 163.2]
      [GC Worker End (ms): Min: 8387.7, Avg: 8387.7, Max: 8387.7, Diff: 0.0]
   [Code Root Fixup: 0.0 ms]
   [Code Root Purge: 0.0 ms]
   [Clear CT: 0.2 ms]
   [Other: 1.3 ms]
      [Choose CSet: 0.0 ms]
      [Ref Proc: 0.3 ms]
      [Ref Enq: 0.0 ms]
      [Redirty Cards: 0.2 ms]
      [Humongous Register: 0.3 ms]
      [Humongous Reclaim: 0.1 ms]
      [Free CSet: 0.1 ms]
   [Eden: 44.0M(44.0M)->0.0B(208.0M) Survivors: 7168.0K->7168.0K Heap: 644.9M(1024.0M)->598.0M(1024.0M)]
 [Times: user=0.16 sys=0.00, real=0.01 secs] 
8.390: [GC pause (G1 Humongous Allocation) (young) (initial-mark), 0.0038777 secs]
   [Parallel Time: 2.7 ms, GC Workers: 18]
      [GC Worker Start (ms): Min: 8390.7, Avg: 8390.9, Max: 8391.0, Diff: 0.3]
      [Ext Root Scanning (ms): Min: 0.0, Avg: 0.2, Max: 0.3, Diff: 0.3, Sum: 3.1]
      [Update RS (ms): Min: 0.1, Avg: 0.2, Max: 0.4, Diff: 0.4, Sum: 2.7]
         [Processed Buffers: Min: 0, Avg: 1.1, Max: 3, Diff: 3, Sum: 19]
      [Scan RS (ms): Min: 0.0, Avg: 0.0, Max: 0.0, Diff: 0.0, Sum: 0.1]
      [Code Root Scanning (ms): Min: 0.0, Avg: 0.0, Max: 0.0, Diff: 0.0, Sum: 0.0]
      [Object Copy (ms): Min: 1.2, Avg: 1.7, Max: 2.0, Diff: 0.8, Sum: 30.0]
      [Termination (ms): Min: 0.0, Avg: 0.3, Max: 0.5, Diff: 0.5, Sum: 4.6]
         [Termination Attempts: Min: 1, Avg: 1.0, Max: 1, Diff: 0, Sum: 18]
      [GC Worker Other (ms): Min: 0.0, Avg: 0.0, Max: 0.0, Diff: 0.0, Sum: 0.3]
      [GC Worker Total (ms): Min: 2.1, Avg: 2.3, Max: 2.4, Diff: 0.3, Sum: 40.7]
      [GC Worker End (ms): Min: 8393.1, Avg: 8393.1, Max: 8393.1, Diff: 0.0]
   [Code Root Fixup: 0.0 ms]
   [Code Root Purge: 0.0 ms]
   [Clear CT: 0.2 ms]
   [Other: 1.0 ms]
      [Choose CSet: 0.0 ms]
      [Ref Proc: 0.3 ms]
      [Ref Enq: 0.0 ms]
      [Redirty Cards: 0.2 ms]
      [Humongous Register: 0.2 ms]
      [Humongous Reclaim: 0.0 ms]
      [Free CSet: 0.0 ms]
   [Eden: 4096.0K(208.0M)->0.0B(216.0M) Survivors: 7168.0K->8192.0K Heap: 601.2M(1024.0M)->598.2M(1024.0M)]
 [Times: user=0.04 sys=0.00, real=0.00 secs] 
8.394: [GC concurrent-root-region-scan-start]
8.394: [GC concurrent-root-region-scan-end, 0.0001211 secs]
8.394: [GC concurrent-mark-start]
8.397: [GC concurrent-mark-end, 0.0023501 secs]
8.397: [GC remark 8.397: [Finalize Marking, 0.0003760 secs] 8.397: [GC ref-proc, 0.0004025 secs] 8.398: [Unloading, 0.0008826 secs], 0.0024891 secs]
 [Times: user=0.03 sys=0.00, real=0.01 secs] 
8.400: [GC cleanup 608M->595M(1024M), 0.0013721 secs]
 [Times: user=0.00 sys=0.00, real=0.00 secs] 
8.401: [GC concurrent-cleanup-start]
8.401: [GC concurrent-cleanup-end, 0.0000470 secs]
8.484: [GC pause (G1 Evacuation Pause) (young) (to-space exhausted), 0.0265055 secs]
   [Parallel Time: 24.2 ms, GC Workers: 18]
      [GC Worker Start (ms): Min: 8484.5, Avg: 8484.6, Max: 8484.8, Diff: 0.4]
      [Ext Root Scanning (ms): Min: 0.0, Avg: 0.1, Max: 0.3, Diff: 0.3, Sum: 2.5]
      [Update RS (ms): Min: 10.2, Avg: 10.5, Max: 10.7, Diff: 0.5, Sum: 188.6]
         [Processed Buffers: Min: 29, Avg: 33.1, Max: 40, Diff: 11, Sum: 596]
      [Scan RS (ms): Min: 0.0, Avg: 0.1, Max: 0.3, Diff: 0.2, Sum: 1.3]
      [Code Root Scanning (ms): Min: 0.0, Avg: 0.0, Max: 0.0, Diff: 0.0, Sum: 0.0]
      [Object Copy (ms): Min: 12.6, Avg: 13.0, Max: 13.3, Diff: 0.6, Sum: 234.2]
      [Termination (ms): Min: 0.0, Avg: 0.1, Max: 0.1, Diff: 0.1, Sum: 1.1]
         [Termination Attempts: Min: 1, Avg: 1.4, Max: 3, Diff: 2, Sum: 25]
      [GC Worker Other (ms): Min: 0.0, Avg: 0.0, Max: 0.1, Diff: 0.1, Sum: 0.8]
      [GC Worker Total (ms): Min: 23.6, Avg: 23.8, Max: 24.0, Diff: 0.3, Sum: 428.4]
      [GC Worker End (ms): Min: 8508.4, Avg: 8508.4, Max: 8508.5, Diff: 0.1]
   [Code Root Fixup: 0.0 ms]
   [Code Root Purge: 0.0 ms]
   [Clear CT: 0.3 ms]
   [Other: 2.1 ms]
      [Evacuation Failure: 0.5 ms]
      [Choose CSet: 0.0 ms]
      [Ref Proc: 0.3 ms]
      [Ref Enq: 0.0 ms]
      [Redirty Cards: 0.2 ms]
      [Humongous Register: 0.3 ms]
      [Humongous Reclaim: 0.4 ms]
      [Free CSet: 0.2 ms]
   [Eden: 216.0M(216.0M)->0.0B(23.0M) Survivors: 8192.0K->28.0M Heap: 873.6M(1024.0M)->738.5M(1024.0M)]
 [Times: user=0.42 sys=0.00, real=0.03 secs] 
8.518: [GC pause (G1 Evacuation Pause) (mixed), 0.0162372 secs]
   [Parallel Time: 14.5 ms, GC Workers: 18]
      [GC Worker Start (ms): Min: 8518.4, Avg: 8518.6, Max: 8518.8, Diff: 0.4]
      [Ext Root Scanning (ms): Min: 0.0, Avg: 0.2, Max: 0.4, Diff: 0.4, Sum: 3.1]
      [Update RS (ms): Min: 1.0, Avg: 1.1, Max: 1.2, Diff: 0.2, Sum: 19.9]
         [Processed Buffers: Min: 4, Avg: 5.0, Max: 9, Diff: 5, Sum: 90]
      [Scan RS (ms): Min: 0.0, Avg: 0.0, Max: 0.1, Diff: 0.1, Sum: 0.7]
      [Code Root Scanning (ms): Min: 0.0, Avg: 0.0, Max: 0.0, Diff: 0.0, Sum: 0.0]
      [Object Copy (ms): Min: 12.2, Avg: 12.5, Max: 12.7, Diff: 0.5, Sum: 224.5]
      [Termination (ms): Min: 0.0, Avg: 0.2, Max: 0.5, Diff: 0.5, Sum: 4.0]
         [Termination Attempts: Min: 1, Avg: 1.0, Max: 1, Diff: 0, Sum: 18]
      [GC Worker Other (ms): Min: 0.0, Avg: 0.0, Max: 0.0, Diff: 0.0, Sum: 0.4]
      [GC Worker Total (ms): Min: 13.9, Avg: 14.0, Max: 14.3, Diff: 0.4, Sum: 252.7]
      [GC Worker End (ms): Min: 8532.6, Avg: 8532.7, Max: 8532.7, Diff: 0.0]
   [Code Root Fixup: 0.0 ms]
   [Code Root Purge: 0.0 ms]
   [Clear CT: 0.2 ms]
   [Other: 1.5 ms]
      [Choose CSet: 0.1 ms]
      [Ref Proc: 0.3 ms]
      [Ref Enq: 0.0 ms]
      [Redirty Cards: 0.3 ms]
      [Humongous Register: 0.3 ms]
      [Humongous Reclaim: 0.1 ms]
      [Free CSet: 0.4 ms]
   [Eden: 23.0M(23.0M)->0.0B(44.0M) Survivors: 28.0M->7168.0K Heap: 768.0M(1024.0M)->655.9M(1024.0M)]
 [Times: user=0.24 sys=0.01, real=0.01 secs] 
8.551: [GC pause (G1 Evacuation Pause) (mixed), 0.0196791 secs]
   [Parallel Time: 17.7 ms, GC Workers: 18]
      [GC Worker Start (ms): Min: 8551.7, Avg: 8551.9, Max: 8552.1, Diff: 0.4]
      [Ext Root Scanning (ms): Min: 0.0, Avg: 0.2, Max: 0.4, Diff: 0.3, Sum: 2.9]
      [Update RS (ms): Min: 2.3, Avg: 2.4, Max: 2.5, Diff: 0.2, Sum: 42.6]
         [Processed Buffers: Min: 6, Avg: 7.7, Max: 9, Diff: 3, Sum: 139]
      [Scan RS (ms): Min: 0.0, Avg: 0.1, Max: 0.3, Diff: 0.2, Sum: 1.4]
      [Code Root Scanning (ms): Min: 0.0, Avg: 0.0, Max: 0.0, Diff: 0.0, Sum: 0.0]
      [Object Copy (ms): Min: 14.0, Avg: 14.3, Max: 14.6, Diff: 0.7, Sum: 256.9]
      [Termination (ms): Min: 0.0, Avg: 0.4, Max: 0.5, Diff: 0.5, Sum: 6.4]
         [Termination Attempts: Min: 1, Avg: 1.2, Max: 2, Diff: 1, Sum: 21]
      [GC Worker Other (ms): Min: 0.0, Avg: 0.0, Max: 0.1, Diff: 0.0, Sum: 0.5]
      [GC Worker Total (ms): Min: 17.1, Avg: 17.3, Max: 17.4, Diff: 0.4, Sum: 310.8]
      [GC Worker End (ms): Min: 8569.1, Avg: 8569.2, Max: 8569.2, Diff: 0.0]
   [Code Root Fixup: 0.0 ms]
   [Code Root Purge: 0.0 ms]
   [Clear CT: 0.3 ms]
   [Other: 1.7 ms]
      [Choose CSet: 0.1 ms]
      [Ref Proc: 0.3 ms]
      [Ref Enq: 0.0 ms]
      [Redirty Cards: 0.3 ms]
      [Humongous Register: 0.3 ms]
      [Humongous Reclaim: 0.1 ms]
      [Free CSet: 0.4 ms]
   [Eden: 44.0M(44.0M)->0.0B(44.0M) Survivors: 7168.0K->7168.0K Heap: 714.8M(1024.0M)->607.1M(1024.0M)]
 [Times: user=0.29 sys=0.02, real=0.02 secs] 
8.587: [GC pause (G1 Evacuation Pause) (mixed), 0.0105200 secs]
   [Parallel Time: 9.1 ms, GC Workers: 18]
      [GC Worker Start (ms): Min: 8587.8, Avg: 8588.1, Max: 8588.4, Diff: 0.6]
      [Ext Root Scanning (ms): Min: 0.0, Avg: 0.2, Max: 0.5, Diff: 0.5, Sum: 3.9]
      [Update RS (ms): Min: 1.6, Avg: 1.9, Max: 2.1, Diff: 0.5, Sum: 34.1]
         [Processed Buffers: Min: 5, Avg: 6.1, Max: 7, Diff: 2, Sum: 109]
      [Scan RS (ms): Min: 0.0, Avg: 0.0, Max: 0.1, Diff: 0.1, Sum: 0.4]
      [Code Root Scanning (ms): Min: 0.0, Avg: 0.0, Max: 0.0, Diff: 0.0, Sum: 0.0]
      [Object Copy (ms): Min: 5.7, Avg: 6.0, Max: 6.3, Diff: 0.6, Sum: 107.5]
      [Termination (ms): Min: 0.0, Avg: 0.3, Max: 0.6, Diff: 0.6, Sum: 6.0]
         [Termination Attempts: Min: 1, Avg: 1.0, Max: 1, Diff: 0, Sum: 18]
      [GC Worker Other (ms): Min: 0.0, Avg: 0.0, Max: 0.0, Diff: 0.0, Sum: 0.4]
      [GC Worker Total (ms): Min: 8.2, Avg: 8.5, Max: 8.8, Diff: 0.6, Sum: 152.2]
      [GC Worker End (ms): Min: 8596.5, Avg: 8596.5, Max: 8596.6, Diff: 0.0]
   [Code Root Fixup: 0.0 ms]
   [Code Root Purge: 0.0 ms]
   [Clear CT: 0.2 ms]
   [Other: 1.2 ms]
      [Choose CSet: 0.0 ms]
      [Ref Proc: 0.3 ms]
      [Ref Enq: 0.0 ms]
      [Redirty Cards: 0.2 ms]
      [Humongous Register: 0.4 ms]
      [Humongous Reclaim: 0.1 ms]
      [Free CSet: 0.1 ms]
   [Eden: 44.0M(44.0M)->0.0B(187.0M) Survivors: 7168.0K->7168.0K Heap: 662.4M(1024.0M)->620.1M(1024.0M)]
 [Times: user=0.13 sys=0.00, real=0.02 secs] 
8.598: [GC pause (G1 Humongous Allocation) (young) (initial-mark), 0.0037873 secs]
   [Parallel Time: 2.6 ms, GC Workers: 18]
      [GC Worker Start (ms): Min: 8598.6, Avg: 8598.8, Max: 8599.0, Diff: 0.4]
      [Ext Root Scanning (ms): Min: 0.0, Avg: 0.4, Max: 1.8, Diff: 1.8, Sum: 6.4]
      [Update RS (ms): Min: 0.0, Avg: 0.1, Max: 0.4, Diff: 0.4, Sum: 2.0]
         [Processed Buffers: Min: 0, Avg: 1.0, Max: 2, Diff: 2, Sum: 18]
      [Scan RS (ms): Min: 0.0, Avg: 0.0, Max: 0.0, Diff: 0.0, Sum: 0.1]
      [Code Root Scanning (ms): Min: 0.0, Avg: 0.0, Max: 0.0, Diff: 0.0, Sum: 0.0]
      [Object Copy (ms): Min: 0.0, Avg: 1.4, Max: 1.8, Diff: 1.8, Sum: 24.4]
      [Termination (ms): Min: 0.0, Avg: 0.4, Max: 0.8, Diff: 0.8, Sum: 6.4]
         [Termination Attempts: Min: 1, Avg: 1.1, Max: 2, Diff: 1, Sum: 19]
      [GC Worker Other (ms): Min: 0.0, Avg: 0.0, Max: 0.0, Diff: 0.0, Sum: 0.2]
      [GC Worker Total (ms): Min: 2.0, Avg: 2.2, Max: 2.4, Diff: 0.4, Sum: 39.6]
      [GC Worker End (ms): Min: 8601.0, Avg: 8601.0, Max: 8601.0, Diff: 0.0]
   [Code Root Fixup: 0.0 ms]
   [Code Root Purge: 0.0 ms]
   [Clear CT: 0.2 ms]
   [Other: 1.0 ms]
      [Choose CSet: 0.0 ms]
      [Ref Proc: 0.3 ms]
      [Ref Enq: 0.0 ms]
      [Redirty Cards: 0.2 ms]
      [Humongous Register: 0.2 ms]
      [Humongous Reclaim: 0.0 ms]
      [Free CSet: 0.0 ms]
   [Eden: 1024.0K(187.0M)->0.0B(178.0M) Survivors: 7168.0K->8192.0K Heap: 620.4M(1024.0M)->620.7M(1024.0M)]
 [Times: user=0.04 sys=0.00, real=0.00 secs] 
8.602: [GC concurrent-root-region-scan-start]
8.602: [GC concurrent-root-region-scan-end, 0.0002096 secs]
8.602: [GC concurrent-mark-start]
8.605: [GC concurrent-mark-end, 0.0024651 secs]
8.605: [GC remark 8.605: [Finalize Marking, 0.0004308 secs] 8.605: [GC ref-proc, 0.0004093 secs] 8.606: [Unloading, 0.0010054 secs], 0.0027335 secs]
 [Times: user=0.02 sys=0.01, real=0.01 secs] 
8.608: [GC cleanup 631M->622M(1024M), 0.0016614 secs]
 [Times: user=0.01 sys=0.00, real=0.00 secs] 
8.609: [GC concurrent-cleanup-start]
8.609: [GC concurrent-cleanup-end, 0.0000508 secs]
8.675: [GC pause (G1 Evacuation Pause) (young), 0.0273852 secs]
   [Parallel Time: 25.5 ms, GC Workers: 18]
      [GC Worker Start (ms): Min: 8675.1, Avg: 8675.3, Max: 8675.5, Diff: 0.4]
      [Ext Root Scanning (ms): Min: 0.0, Avg: 0.1, Max: 0.2, Diff: 0.2, Sum: 1.5]
      [Update RS (ms): Min: 8.5, Avg: 8.7, Max: 8.9, Diff: 0.4, Sum: 156.9]
         [Processed Buffers: Min: 18, Avg: 22.4, Max: 27, Diff: 9, Sum: 404]
      [Scan RS (ms): Min: 0.0, Avg: 0.1, Max: 0.2, Diff: 0.1, Sum: 0.9]
      [Code Root Scanning (ms): Min: 0.0, Avg: 0.0, Max: 0.0, Diff: 0.0, Sum: 0.0]
      [Object Copy (ms): Min: 15.7, Avg: 15.9, Max: 16.1, Diff: 0.5, Sum: 287.0]
      [Termination (ms): Min: 0.0, Avg: 0.2, Max: 0.5, Diff: 0.5, Sum: 4.0]
         [Termination Attempts: Min: 1, Avg: 1.0, Max: 1, Diff: 0, Sum: 18]
      [GC Worker Other (ms): Min: 0.0, Avg: 0.0, Max: 0.1, Diff: 0.1, Sum: 0.7]
      [GC Worker Total (ms): Min: 24.9, Avg: 25.1, Max: 25.2, Diff: 0.4, Sum: 451.0]
      [GC Worker End (ms): Min: 8700.3, Avg: 8700.3, Max: 8700.4, Diff: 0.0]
   [Code Root Fixup: 0.0 ms]
   [Code Root Purge: 0.0 ms]
   [Clear CT: 0.2 ms]
   [Other: 1.7 ms]
      [Choose CSet: 0.0 ms]
      [Ref Proc: 0.2 ms]
      [Ref Enq: 0.0 ms]
      [Redirty Cards: 0.3 ms]
      [Humongous Register: 0.3 ms]
      [Humongous Reclaim: 0.3 ms]
      [Free CSet: 0.3 ms]
   [Eden: 178.0M(178.0M)->0.0B(27.0M) Survivors: 8192.0K->24.0M Heap: 838.4M(1024.0M)->656.3M(1024.0M)]
 [Times: user=0.44 sys=0.01, real=0.03 secs] 
8.712: [GC pause (G1 Evacuation Pause) (mixed), 0.0153580 secs]
   [Parallel Time: 13.4 ms, GC Workers: 18]
      [GC Worker Start (ms): Min: 8712.8, Avg: 8713.0, Max: 8713.2, Diff: 0.4]
      [Ext Root Scanning (ms): Min: 0.0, Avg: 0.1, Max: 0.3, Diff: 0.3, Sum: 2.6]
      [Update RS (ms): Min: 1.2, Avg: 1.4, Max: 1.6, Diff: 0.4, Sum: 24.5]
         [Processed Buffers: Min: 4, Avg: 4.8, Max: 6, Diff: 2, Sum: 86]
      [Scan RS (ms): Min: 0.0, Avg: 0.0, Max: 0.1, Diff: 0.1, Sum: 0.9]
      [Code Root Scanning (ms): Min: 0.0, Avg: 0.0, Max: 0.0, Diff: 0.0, Sum: 0.0]
      [Object Copy (ms): Min: 10.8, Avg: 11.1, Max: 11.4, Diff: 0.6, Sum: 199.4]
      [Termination (ms): Min: 0.0, Avg: 0.3, Max: 0.6, Diff: 0.6, Sum: 5.1]
         [Termination Attempts: Min: 1, Avg: 1.1, Max: 2, Diff: 1, Sum: 20]
      [GC Worker Other (ms): Min: 0.0, Avg: 0.0, Max: 0.1, Diff: 0.0, Sum: 0.4]
      [GC Worker Total (ms): Min: 12.7, Avg: 12.9, Max: 13.1, Diff: 0.4, Sum: 232.9]
      [GC Worker End (ms): Min: 8726.0, Avg: 8726.0, Max: 8726.0, Diff: 0.0]
   [Code Root Fixup: 0.0 ms]
   [Code Root Purge: 0.0 ms]
   [Clear CT: 0.2 ms]
   [Other: 1.7 ms]
      [Choose CSet: 0.1 ms]
      [Ref Proc: 0.3 ms]
      [Ref Enq: 0.0 ms]
      [Redirty Cards: 0.3 ms]
      [Humongous Register: 0.4 ms]
      [Humongous Reclaim: 0.1 ms]
      [Free CSet: 0.4 ms]
   [Eden: 27.0M(27.0M)->0.0B(44.0M) Survivors: 24.0M->7168.0K Heap: 691.6M(1024.0M)->573.9M(1024.0M)]
 [Times: user=0.22 sys=0.00, real=0.02 secs] 
8.744: [GC pause (G1 Evacuation Pause) (mixed), 0.0175737 secs]
   [Parallel Time: 15.8 ms, GC Workers: 18]
      [GC Worker Start (ms): Min: 8744.7, Avg: 8744.9, Max: 8745.1, Diff: 0.4]
      [Ext Root Scanning (ms): Min: 0.0, Avg: 0.2, Max: 0.4, Diff: 0.4, Sum: 2.8]
      [Update RS (ms): Min: 2.4, Avg: 2.6, Max: 2.7, Diff: 0.3, Sum: 46.4]
         [Processed Buffers: Min: 7, Avg: 8.4, Max: 9, Diff: 2, Sum: 151]
      [Scan RS (ms): Min: 0.0, Avg: 0.1, Max: 0.2, Diff: 0.2, Sum: 1.0]
      [Code Root Scanning (ms): Min: 0.0, Avg: 0.0, Max: 0.0, Diff: 0.0, Sum: 0.0]
      [Object Copy (ms): Min: 12.1, Avg: 12.3, Max: 12.5, Diff: 0.4, Sum: 221.8]
      [Termination (ms): Min: 0.0, Avg: 0.2, Max: 0.3, Diff: 0.3, Sum: 3.1]
         [Termination Attempts: Min: 1, Avg: 1.1, Max: 2, Diff: 1, Sum: 20]
      [GC Worker Other (ms): Min: 0.0, Avg: 0.0, Max: 0.0, Diff: 0.0, Sum: 0.4]
      [GC Worker Total (ms): Min: 15.1, Avg: 15.3, Max: 15.5, Diff: 0.4, Sum: 275.5]
      [GC Worker End (ms): Min: 8760.2, Avg: 8760.2, Max: 8760.3, Diff: 0.0]
   [Code Root Fixup: 0.0 ms]
   [Code Root Purge: 0.0 ms]
   [Clear CT: 0.2 ms]
   [Other: 1.6 ms]
      [Choose CSet: 0.1 ms]
      [Ref Proc: 0.3 ms]
      [Ref Enq: 0.0 ms]
      [Redirty Cards: 0.2 ms]
      [Humongous Register: 0.3 ms]
      [Humongous Reclaim: 0.1 ms]
      [Free CSet: 0.4 ms]
   [Eden: 44.0M(44.0M)->0.0B(44.0M) Survivors: 7168.0K->7168.0K Heap: 634.4M(1024.0M)->521.5M(1024.0M)]
 [Times: user=0.26 sys=0.02, real=0.02 secs] 
8.778: [GC pause (G1 Evacuation Pause) (mixed), 0.0137873 secs]
   [Parallel Time: 12.0 ms, GC Workers: 18]
      [GC Worker Start (ms): Min: 8778.5, Avg: 8778.7, Max: 8778.9, Diff: 0.4]
      [Ext Root Scanning (ms): Min: 0.0, Avg: 0.1, Max: 0.3, Diff: 0.3, Sum: 2.6]
      [Update RS (ms): Min: 1.7, Avg: 1.9, Max: 2.1, Diff: 0.3, Sum: 34.2]
         [Processed Buffers: Min: 5, Avg: 6.2, Max: 8, Diff: 3, Sum: 112]
      [Scan RS (ms): Min: 0.0, Avg: 0.0, Max: 0.1, Diff: 0.1, Sum: 0.7]
      [Code Root Scanning (ms): Min: 0.0, Avg: 0.0, Max: 0.0, Diff: 0.0, Sum: 0.0]
      [Object Copy (ms): Min: 8.9, Avg: 9.2, Max: 9.4, Diff: 0.5, Sum: 164.8]
      [Termination (ms): Min: 0.0, Avg: 0.2, Max: 0.4, Diff: 0.4, Sum: 3.5]
         [Termination Attempts: Min: 1, Avg: 1.2, Max: 3, Diff: 2, Sum: 22]
      [GC Worker Other (ms): Min: 0.0, Avg: 0.0, Max: 0.1, Diff: 0.1, Sum: 0.6]
      [GC Worker Total (ms): Min: 11.2, Avg: 11.5, Max: 11.7, Diff: 0.5, Sum: 206.5]
      [GC Worker End (ms): Min: 8790.1, Avg: 8790.2, Max: 8790.2, Diff: 0.0]
   [Code Root Fixup: 0.0 ms]
   [Code Root Purge: 0.0 ms]
   [Clear CT: 0.2 ms]
   [Other: 1.5 ms]
      [Choose CSet: 0.0 ms]
      [Ref Proc: 0.4 ms]
      [Ref Enq: 0.0 ms]
      [Redirty Cards: 0.3 ms]
      [Humongous Register: 0.4 ms]
      [Humongous Reclaim: 0.1 ms]
      [Free CSet: 0.2 ms]
   [Eden: 44.0M(44.0M)->0.0B(263.0M) Survivors: 7168.0K->7168.0K Heap: 577.0M(1024.0M)->518.1M(1024.0M)]
 [Times: user=0.20 sys=0.00, real=0.01 secs] 
8.792: [GC pause (G1 Humongous Allocation) (young) (initial-mark), 0.0038116 secs]
   [Parallel Time: 2.5 ms, GC Workers: 18]
      [GC Worker Start (ms): Min: 8792.7, Avg: 8792.9, Max: 8793.0, Diff: 0.3]
      [Ext Root Scanning (ms): Min: 0.1, Avg: 0.2, Max: 0.4, Diff: 0.3, Sum: 3.6]
      [Update RS (ms): Min: 0.0, Avg: 0.2, Max: 1.3, Diff: 1.3, Sum: 4.0]
         [Processed Buffers: Min: 0, Avg: 1.1, Max: 3, Diff: 3, Sum: 19]
      [Scan RS (ms): Min: 0.0, Avg: 0.0, Max: 0.0, Diff: 0.0, Sum: 0.1]
      [Code Root Scanning (ms): Min: 0.0, Avg: 0.0, Max: 0.0, Diff: 0.0, Sum: 0.0]
      [Object Copy (ms): Min: 0.5, Avg: 1.4, Max: 1.8, Diff: 1.3, Sum: 25.5]
      [Termination (ms): Min: 0.0, Avg: 0.2, Max: 0.7, Diff: 0.7, Sum: 4.2]
         [Termination Attempts: Min: 1, Avg: 1.5, Max: 2, Diff: 1, Sum: 27]
      [GC Worker Other (ms): Min: 0.0, Avg: 0.0, Max: 0.0, Diff: 0.0, Sum: 0.2]
      [GC Worker Total (ms): Min: 2.0, Avg: 2.1, Max: 2.3, Diff: 0.3, Sum: 37.6]
      [GC Worker End (ms): Min: 8795.0, Avg: 8795.0, Max: 8795.0, Diff: 0.0]
   [Code Root Fixup: 0.0 ms]
   [Code Root Purge: 0.0 ms]
   [Clear CT: 0.2 ms]
   [Other: 1.1 ms]
      [Choose CSet: 0.0 ms]
      [Ref Proc: 0.4 ms]
      [Ref Enq: 0.0 ms]
      [Redirty Cards: 0.2 ms]
      [Humongous Register: 0.2 ms]
      [Humongous Reclaim: 0.0 ms]
      [Free CSet: 0.0 ms]
   [Eden: 2048.0K(263.0M)->0.0B(275.0M) Survivors: 7168.0K->8192.0K Heap: 519.4M(1024.0M)->518.9M(1024.0M)]
 [Times: user=0.04 sys=0.00, real=0.00 secs] 
8.796: [GC concurrent-root-region-scan-start]
8.796: [GC concurrent-root-region-scan-end, 0.0001322 secs]
8.796: [GC concurrent-mark-start]
8.799: [GC concurrent-mark-end, 0.0022586 secs]
8.799: [GC remark 8.799: [Finalize Marking, 0.0003857 secs] 8.799: [GC ref-proc, 0.0004084 secs] 8.800: [Unloading, 0.0008525 secs], 0.0024099 secs]
 [Times: user=0.02 sys=0.00, real=0.00 secs] 
8.801: [GC cleanup 527M->523M(1024M), 0.0016983 secs]
 [Times: user=0.01 sys=0.00, real=0.00 secs] 
8.803: [GC concurrent-cleanup-start]
8.803: [GC concurrent-cleanup-end, 0.0000257 secs]
8.908: [GC pause (G1 Evacuation Pause) (young) (to-space exhausted), 0.0261982 secs]
   [Parallel Time: 23.5 ms, GC Workers: 18]
      [GC Worker Start (ms): Min: 8908.2, Avg: 8908.4, Max: 8908.6, Diff: 0.4]
      [Ext Root Scanning (ms): Min: 0.0, Avg: 0.2, Max: 0.4, Diff: 0.4, Sum: 3.1]
      [Update RS (ms): Min: 12.5, Avg: 12.7, Max: 13.0, Diff: 0.5, Sum: 228.6]
         [Processed Buffers: Min: 34, Avg: 37.3, Max: 43, Diff: 9, Sum: 672]
      [Scan RS (ms): Min: 0.0, Avg: 0.1, Max: 0.6, Diff: 0.5, Sum: 1.9]
      [Code Root Scanning (ms): Min: 0.0, Avg: 0.0, Max: 0.0, Diff: 0.0, Sum: 0.0]
      [Object Copy (ms): Min: 9.4, Avg: 10.2, Max: 10.5, Diff: 1.0, Sum: 183.4]
      [Termination (ms): Min: 0.0, Avg: 0.1, Max: 0.1, Diff: 0.1, Sum: 1.0]
         [Termination Attempts: Min: 1, Avg: 1.0, Max: 1, Diff: 0, Sum: 18]
      [GC Worker Other (ms): Min: 0.0, Avg: 0.0, Max: 0.1, Diff: 0.1, Sum: 0.7]
      [GC Worker Total (ms): Min: 23.1, Avg: 23.3, Max: 23.4, Diff: 0.4, Sum: 418.8]
      [GC Worker End (ms): Min: 8931.6, Avg: 8931.6, Max: 8931.7, Diff: 0.1]
   [Code Root Fixup: 0.0 ms]
   [Code Root Purge: 0.0 ms]
   [Clear CT: 0.3 ms]
   [Other: 2.4 ms]
      [Evacuation Failure: 0.7 ms]
      [Choose CSet: 0.0 ms]
      [Ref Proc: 0.3 ms]
      [Ref Enq: 0.0 ms]
      [Redirty Cards: 0.2 ms]
      [Humongous Register: 0.4 ms]
      [Humongous Reclaim: 0.4 ms]
      [Free CSet: 0.2 ms]
   [Eden: 275.0M(275.0M)->0.0B(21.0M) Survivors: 8192.0K->30.0M Heap: 872.6M(1024.0M)->723.8M(1024.0M)]
 [Times: user=0.41 sys=0.00, real=0.02 secs] 
8.941: [GC pause (G1 Evacuation Pause) (mixed), 0.0205213 secs]
   [Parallel Time: 18.7 ms, GC Workers: 18]
      [GC Worker Start (ms): Min: 8941.8, Avg: 8941.9, Max: 8942.1, Diff: 0.3]
      [Ext Root Scanning (ms): Min: 0.0, Avg: 0.2, Max: 0.3, Diff: 0.3, Sum: 3.3]
      [Update RS (ms): Min: 0.7, Avg: 1.0, Max: 1.1, Diff: 0.4, Sum: 17.1]
         [Processed Buffers: Min: 2, Avg: 4.6, Max: 11, Diff: 9, Sum: 82]
      [Scan RS (ms): Min: 0.0, Avg: 0.1, Max: 0.4, Diff: 0.4, Sum: 1.7]
      [Code Root Scanning (ms): Min: 0.0, Avg: 0.0, Max: 0.2, Diff: 0.2, Sum: 0.2]
      [Object Copy (ms): Min: 16.6, Avg: 16.9, Max: 17.1, Diff: 0.5, Sum: 304.2]
      [Termination (ms): Min: 0.0, Avg: 0.2, Max: 0.3, Diff: 0.3, Sum: 2.9]
         [Termination Attempts: Min: 1, Avg: 1.0, Max: 1, Diff: 0, Sum: 18]
      [GC Worker Other (ms): Min: 0.0, Avg: 0.0, Max: 0.0, Diff: 0.0, Sum: 0.3]
      [GC Worker Total (ms): Min: 18.2, Avg: 18.3, Max: 18.5, Diff: 0.3, Sum: 329.7]
      [GC Worker End (ms): Min: 8960.2, Avg: 8960.2, Max: 8960.3, Diff: 0.0]
   [Code Root Fixup: 0.0 ms]
   [Code Root Purge: 0.0 ms]
   [Clear CT: 0.2 ms]
   [Other: 1.6 ms]
      [Choose CSet: 0.1 ms]
      [Ref Proc: 0.2 ms]
      [Ref Enq: 0.0 ms]
      [Redirty Cards: 0.3 ms]
      [Humongous Register: 0.3 ms]
      [Humongous Reclaim: 0.1 ms]
      [Free CSet: 0.4 ms]
   [Eden: 21.0M(21.0M)->0.0B(44.0M) Survivors: 30.0M->7168.0K Heap: 751.0M(1024.0M)->657.6M(1024.0M)]
 [Times: user=0.31 sys=0.02, real=0.02 secs] 
8.980: [GC pause (G1 Evacuation Pause) (mixed), 0.0134466 secs]
   [Parallel Time: 11.9 ms, GC Workers: 18]
      [GC Worker Start (ms): Min: 8980.1, Avg: 8980.3, Max: 8980.4, Diff: 0.4]
      [Ext Root Scanning (ms): Min: 0.0, Avg: 0.2, Max: 0.3, Diff: 0.3, Sum: 2.8]
      [Update RS (ms): Min: 2.9, Avg: 3.1, Max: 3.2, Diff: 0.3, Sum: 55.3]
         [Processed Buffers: Min: 9, Avg: 9.4, Max: 11, Diff: 2, Sum: 169]
      [Scan RS (ms): Min: 0.0, Avg: 0.0, Max: 0.1, Diff: 0.1, Sum: 0.4]
      [Code Root Scanning (ms): Min: 0.0, Avg: 0.0, Max: 0.0, Diff: 0.0, Sum: 0.0]
      [Object Copy (ms): Min: 7.4, Avg: 7.9, Max: 8.2, Diff: 0.8, Sum: 141.6]
      [Termination (ms): Min: 0.0, Avg: 0.4, Max: 0.6, Diff: 0.6, Sum: 6.5]
         [Termination Attempts: Min: 1, Avg: 1.0, Max: 1, Diff: 0, Sum: 18]
      [GC Worker Other (ms): Min: 0.0, Avg: 0.0, Max: 0.0, Diff: 0.0, Sum: 0.4]
      [GC Worker Total (ms): Min: 11.3, Avg: 11.5, Max: 11.7, Diff: 0.4, Sum: 206.9]
      [GC Worker End (ms): Min: 8991.7, Avg: 8991.8, Max: 8991.8, Diff: 0.0]
   [Code Root Fixup: 0.0 ms]
   [Code Root Purge: 0.0 ms]
   [Clear CT: 0.2 ms]
   [Other: 1.3 ms]
      [Choose CSet: 0.0 ms]
      [Ref Proc: 0.3 ms]
      [Ref Enq: 0.0 ms]
      [Redirty Cards: 0.3 ms]
      [Humongous Register: 0.1 ms]
      [Humongous Reclaim: 0.2 ms]
      [Free CSet: 0.2 ms]
   [Eden: 44.0M(44.0M)->0.0B(148.0M) Survivors: 7168.0K->7168.0K Heap: 720.3M(1024.0M)->663.7M(1024.0M)]
 [Times: user=0.20 sys=0.00, real=0.01 secs] 
8.994: [GC pause (G1 Humongous Allocation) (young) (initial-mark), 0.0036897 secs]
   [Parallel Time: 2.5 ms, GC Workers: 18]
      [GC Worker Start (ms): Min: 8994.1, Avg: 8994.2, Max: 8994.4, Diff: 0.3]
      [Ext Root Scanning (ms): Min: 0.0, Avg: 0.2, Max: 0.4, Diff: 0.4, Sum: 4.4]
      [Update RS (ms): Min: 0.0, Avg: 0.2, Max: 0.6, Diff: 0.6, Sum: 3.0]
         [Processed Buffers: Min: 0, Avg: 1.0, Max: 2, Diff: 2, Sum: 18]
      [Scan RS (ms): Min: 0.0, Avg: 0.0, Max: 0.0, Diff: 0.0, Sum: 0.1]
      [Code Root Scanning (ms): Min: 0.0, Avg: 0.0, Max: 0.0, Diff: 0.0, Sum: 0.0]
      [Object Copy (ms): Min: 0.7, Avg: 1.4, Max: 1.7, Diff: 1.0, Sum: 25.6]
      [Termination (ms): Min: 0.0, Avg: 0.3, Max: 0.7, Diff: 0.7, Sum: 5.8]
         [Termination Attempts: Min: 1, Avg: 1.0, Max: 1, Diff: 0, Sum: 18]
      [GC Worker Other (ms): Min: 0.0, Avg: 0.0, Max: 0.0, Diff: 0.0, Sum: 0.2]
      [GC Worker Total (ms): Min: 2.0, Avg: 2.2, Max: 2.3, Diff: 0.3, Sum: 39.1]
      [GC Worker End (ms): Min: 8996.4, Avg: 8996.4, Max: 8996.4, Diff: 0.0]
   [Code Root Fixup: 0.0 ms]
   [Code Root Purge: 0.0 ms]
   [Clear CT: 0.2 ms]
   [Other: 1.0 ms]
      [Choose CSet: 0.0 ms]
      [Ref Proc: 0.3 ms]
      [Ref Enq: 0.0 ms]
      [Redirty Cards: 0.2 ms]
      [Humongous Register: 0.2 ms]
      [Humongous Reclaim: 0.0 ms]
      [Free CSet: 0.0 ms]
   [Eden: 1024.0K(148.0M)->0.0B(139.0M) Survivors: 7168.0K->8192.0K Heap: 664.5M(1024.0M)->664.4M(1024.0M)]
 [Times: user=0.04 sys=0.00, real=0.01 secs] 
8.998: [GC concurrent-root-region-scan-start]
8.998: [GC concurrent-root-region-scan-end, 0.0001660 secs]
8.998: [GC concurrent-mark-start]
9.000: [GC concurrent-mark-end, 0.0020240 secs]
9.000: [GC remark 9.000: [Finalize Marking, 0.0004213 secs] 9.000: [GC ref-proc, 0.0004023 secs] 9.001: [Unloading, 0.0009295 secs], 0.0024987 secs]
 [Times: user=0.02 sys=0.01, real=0.00 secs] 
9.002: [GC cleanup 672M->660M(1024M), 0.0016991 secs]
 [Times: user=0.01 sys=0.00, real=0.00 secs] 
9.004: [GC concurrent-cleanup-start]
9.004: [GC concurrent-cleanup-end, 0.0000404 secs]
9.052: [GC pause (G1 Evacuation Pause) (young), 0.0219364 secs]
   [Parallel Time: 20.2 ms, GC Workers: 18]
      [GC Worker Start (ms): Min: 9052.7, Avg: 9052.9, Max: 9053.0, Diff: 0.4]
      [Ext Root Scanning (ms): Min: 0.0, Avg: 0.2, Max: 0.4, Diff: 0.4, Sum: 3.1]
      [Update RS (ms): Min: 5.6, Avg: 5.8, Max: 6.0, Diff: 0.4, Sum: 103.9]
         [Processed Buffers: Min: 15, Avg: 17.1, Max: 19, Diff: 4, Sum: 308]
      [Scan RS (ms): Min: 0.0, Avg: 0.0, Max: 0.2, Diff: 0.2, Sum: 0.8]
      [Code Root Scanning (ms): Min: 0.0, Avg: 0.0, Max: 0.0, Diff: 0.0, Sum: 0.0]
      [Object Copy (ms): Min: 13.1, Avg: 13.4, Max: 13.7, Diff: 0.6, Sum: 240.6]
      [Termination (ms): Min: 0.0, Avg: 0.3, Max: 0.6, Diff: 0.6, Sum: 6.0]
         [Termination Attempts: Min: 1, Avg: 1.2, Max: 2, Diff: 1, Sum: 21]
      [GC Worker Other (ms): Min: 0.0, Avg: 0.0, Max: 0.1, Diff: 0.0, Sum: 0.5]
      [GC Worker Total (ms): Min: 19.5, Avg: 19.7, Max: 19.9, Diff: 0.4, Sum: 355.0]
      [GC Worker End (ms): Min: 9072.6, Avg: 9072.6, Max: 9072.6, Diff: 0.0]
   [Code Root Fixup: 0.0 ms]
   [Code Root Purge: 0.0 ms]
   [Clear CT: 0.2 ms]
   [Other: 1.5 ms]
      [Choose CSet: 0.0 ms]
      [Ref Proc: 0.3 ms]
      [Ref Enq: 0.0 ms]
      [Redirty Cards: 0.2 ms]
      [Humongous Register: 0.4 ms]
      [Humongous Reclaim: 0.3 ms]
      [Free CSet: 0.3 ms]
   [Eden: 139.0M(139.0M)->0.0B(32.0M) Survivors: 8192.0K->19.0M Heap: 828.1M(1024.0M)->697.8M(1024.0M)]
 [Times: user=0.34 sys=0.00, real=0.02 secs] 
9.086: [GC pause (G1 Evacuation Pause) (mixed), 0.0124283 secs]
   [Parallel Time: 10.6 ms, GC Workers: 18]
      [GC Worker Start (ms): Min: 9086.1, Avg: 9086.3, Max: 9086.6, Diff: 0.5]
      [Ext Root Scanning (ms): Min: 0.0, Avg: 0.2, Max: 0.4, Diff: 0.4, Sum: 3.0]
      [Update RS (ms): Min: 1.1, Avg: 1.3, Max: 1.5, Diff: 0.4, Sum: 23.9]
         [Processed Buffers: Min: 3, Avg: 4.4, Max: 6, Diff: 3, Sum: 79]
      [Scan RS (ms): Min: 0.0, Avg: 0.0, Max: 0.1, Diff: 0.1, Sum: 0.7]
      [Code Root Scanning (ms): Min: 0.0, Avg: 0.0, Max: 0.0, Diff: 0.0, Sum: 0.0]
      [Object Copy (ms): Min: 8.0, Avg: 8.3, Max: 8.5, Diff: 0.5, Sum: 149.0]
      [Termination (ms): Min: 0.0, Avg: 0.3, Max: 0.5, Diff: 0.5, Sum: 4.8]
         [Termination Attempts: Min: 1, Avg: 1.0, Max: 1, Diff: 0, Sum: 18]
      [GC Worker Other (ms): Min: 0.0, Avg: 0.0, Max: 0.0, Diff: 0.0, Sum: 0.4]
      [GC Worker Total (ms): Min: 9.9, Avg: 10.1, Max: 10.4, Diff: 0.5, Sum: 181.8]
      [GC Worker End (ms): Min: 9096.4, Avg: 9096.4, Max: 9096.5, Diff: 0.0]
   [Code Root Fixup: 0.0 ms]
   [Code Root Purge: 0.0 ms]
   [Clear CT: 0.2 ms]
   [Other: 1.6 ms]
      [Choose CSet: 0.1 ms]
      [Ref Proc: 0.3 ms]
      [Ref Enq: 0.0 ms]
      [Redirty Cards: 0.3 ms]
      [Humongous Register: 0.4 ms]
      [Humongous Reclaim: 0.1 ms]
      [Free CSet: 0.3 ms]
   [Eden: 32.0M(32.0M)->0.0B(44.0M) Survivors: 19.0M->7168.0K Heap: 737.4M(1024.0M)->604.9M(1024.0M)]
 [Times: user=0.17 sys=0.01, real=0.02 secs] 
9.114: [GC pause (G1 Evacuation Pause) (mixed), 0.0168888 secs]
   [Parallel Time: 15.1 ms, GC Workers: 18]
      [GC Worker Start (ms): Min: 9114.0, Avg: 9114.2, Max: 9114.3, Diff: 0.3]
      [Ext Root Scanning (ms): Min: 0.0, Avg: 0.2, Max: 0.3, Diff: 0.3, Sum: 2.7]
      [Update RS (ms): Min: 2.1, Avg: 2.2, Max: 2.3, Diff: 0.2, Sum: 40.2]
         [Processed Buffers: Min: 6, Avg: 7.4, Max: 9, Diff: 3, Sum: 133]
      [Scan RS (ms): Min: 0.0, Avg: 0.1, Max: 0.2, Diff: 0.2, Sum: 1.2]
      [Code Root Scanning (ms): Min: 0.0, Avg: 0.0, Max: 0.0, Diff: 0.0, Sum: 0.0]
      [Object Copy (ms): Min: 11.6, Avg: 12.0, Max: 12.2, Diff: 0.5, Sum: 215.2]
      [Termination (ms): Min: 0.0, Avg: 0.2, Max: 0.5, Diff: 0.5, Sum: 4.0]
         [Termination Attempts: Min: 1, Avg: 1.0, Max: 1, Diff: 0, Sum: 18]
      [GC Worker Other (ms): Min: 0.0, Avg: 0.0, Max: 0.1, Diff: 0.1, Sum: 0.4]
      [GC Worker Total (ms): Min: 14.5, Avg: 14.7, Max: 14.9, Diff: 0.3, Sum: 263.7]
      [GC Worker End (ms): Min: 9128.8, Avg: 9128.8, Max: 9128.9, Diff: 0.0]
   [Code Root Fixup: 0.0 ms]
   [Code Root Purge: 0.0 ms]
   [Clear CT: 0.2 ms]
   [Other: 1.6 ms]
      [Choose CSet: 0.1 ms]
      [Ref Proc: 0.3 ms]
      [Ref Enq: 0.0 ms]
      [Redirty Cards: 0.3 ms]
      [Humongous Register: 0.3 ms]
      [Humongous Reclaim: 0.1 ms]
      [Free CSet: 0.4 ms]
   [Eden: 44.0M(44.0M)->0.0B(44.0M) Survivors: 7168.0K->7168.0K Heap: 663.0M(1024.0M)->544.3M(1024.0M)]
 [Times: user=0.25 sys=0.01, real=0.02 secs] 
9.146: [GC pause (G1 Evacuation Pause) (mixed), 0.0166943 secs]
   [Parallel Time: 15.0 ms, GC Workers: 18]
      [GC Worker Start (ms): Min: 9146.8, Avg: 9146.9, Max: 9147.0, Diff: 0.2]
      [Ext Root Scanning (ms): Min: 0.1, Avg: 0.2, Max: 0.3, Diff: 0.2, Sum: 3.9]
      [Update RS (ms): Min: 1.7, Avg: 1.9, Max: 2.0, Diff: 0.3, Sum: 33.5]
         [Processed Buffers: Min: 5, Avg: 6.1, Max: 7, Diff: 2, Sum: 110]
      [Scan RS (ms): Min: 0.0, Avg: 0.0, Max: 0.2, Diff: 0.2, Sum: 0.7]
      [Code Root Scanning (ms): Min: 0.0, Avg: 0.0, Max: 0.0, Diff: 0.0, Sum: 0.0]
      [Object Copy (ms): Min: 12.0, Avg: 12.3, Max: 12.5, Diff: 0.5, Sum: 220.6]
      [Termination (ms): Min: 0.0, Avg: 0.2, Max: 0.4, Diff: 0.4, Sum: 4.3]
         [Termination Attempts: Min: 1, Avg: 1.0, Max: 1, Diff: 0, Sum: 18]
      [GC Worker Other (ms): Min: 0.0, Avg: 0.0, Max: 0.0, Diff: 0.0, Sum: 0.3]
      [GC Worker Total (ms): Min: 14.5, Avg: 14.6, Max: 14.8, Diff: 0.2, Sum: 263.4]
      [GC Worker End (ms): Min: 9161.5, Avg: 9161.5, Max: 9161.5, Diff: 0.0]
   [Code Root Fixup: 0.0 ms]
   [Code Root Purge: 0.0 ms]
   [Clear CT: 0.2 ms]
   [Other: 1.5 ms]
      [Choose CSet: 0.1 ms]
      [Ref Proc: 0.2 ms]
      [Ref Enq: 0.0 ms]
      [Redirty Cards: 0.3 ms]
      [Humongous Register: 0.3 ms]
      [Humongous Reclaim: 0.1 ms]
      [Free CSet: 0.3 ms]
   [Eden: 44.0M(44.0M)->0.0B(259.0M) Survivors: 7168.0K->7168.0K Heap: 599.6M(1024.0M)->513.7M(1024.0M)]
 [Times: user=0.26 sys=0.01, real=0.02 secs] 
9.164: [GC pause (G1 Humongous Allocation) (young) (initial-mark), 0.0034284 secs]
   [Parallel Time: 2.2 ms, GC Workers: 18]
      [GC Worker Start (ms): Min: 9164.1, Avg: 9164.2, Max: 9164.3, Diff: 0.2]
      [Ext Root Scanning (ms): Min: 0.1, Avg: 0.2, Max: 0.3, Diff: 0.2, Sum: 3.8]
      [Update RS (ms): Min: 0.1, Avg: 0.2, Max: 0.6, Diff: 0.5, Sum: 3.8]
         [Processed Buffers: Min: 0, Avg: 1.1, Max: 3, Diff: 3, Sum: 19]
      [Scan RS (ms): Min: 0.0, Avg: 0.0, Max: 0.0, Diff: 0.0, Sum: 0.1]
      [Code Root Scanning (ms): Min: 0.0, Avg: 0.0, Max: 0.0, Diff: 0.0, Sum: 0.0]
      [Object Copy (ms): Min: 0.7, Avg: 1.2, Max: 1.6, Diff: 0.9, Sum: 21.3]
      [Termination (ms): Min: 0.0, Avg: 0.3, Max: 0.5, Diff: 0.5, Sum: 5.3]
         [Termination Attempts: Min: 1, Avg: 1.0, Max: 1, Diff: 0, Sum: 18]
      [GC Worker Other (ms): Min: 0.0, Avg: 0.0, Max: 0.0, Diff: 0.0, Sum: 0.3]
      [GC Worker Total (ms): Min: 1.8, Avg: 1.9, Max: 2.0, Diff: 0.2, Sum: 34.7]
      [GC Worker End (ms): Min: 9166.1, Avg: 9166.1, Max: 9166.2, Diff: 0.0]
   [Code Root Fixup: 0.0 ms]
   [Code Root Purge: 0.0 ms]
   [Clear CT: 0.2 ms]
   [Other: 1.0 ms]
      [Choose CSet: 0.0 ms]
      [Ref Proc: 0.3 ms]
      [Ref Enq: 0.0 ms]
      [Redirty Cards: 0.2 ms]
      [Humongous Register: 0.2 ms]
      [Humongous Reclaim: 0.0 ms]
      [Free CSet: 0.0 ms]
   [Eden: 2048.0K(259.0M)->0.0B(264.0M) Survivors: 7168.0K->7168.0K Heap: 515.3M(1024.0M)->513.4M(1024.0M)]
 [Times: user=0.03 sys=0.00, real=0.00 secs] 
9.167: [GC concurrent-root-region-scan-start]
9.167: [GC concurrent-root-region-scan-end, 0.0001470 secs]
9.167: [GC concurrent-mark-start]
9.169: [GC concurrent-mark-end, 0.0018557 secs]
9.169: [GC remark 9.169: [Finalize Marking, 0.0003594 secs] 9.170: [GC ref-proc, 0.0004030 secs] 9.170: [Unloading, 0.0009002 secs], 0.0024188 secs]
 [Times: user=0.02 sys=0.00, real=0.00 secs] 
9.172: [GC cleanup 520M->519M(1024M), 0.0014504 secs]
 [Times: user=0.01 sys=0.00, real=0.00 secs] 
9.173: [GC concurrent-cleanup-start]
9.173: [GC concurrent-cleanup-end, 0.0000257 secs]
9.272: [GC pause (G1 Evacuation Pause) (young) (to-space exhausted), 0.0325116 secs]
   [Parallel Time: 29.9 ms, GC Workers: 18]
      [GC Worker Start (ms): Min: 9272.6, Avg: 9272.8, Max: 9273.0, Diff: 0.4]
      [Ext Root Scanning (ms): Min: 0.0, Avg: 0.2, Max: 0.3, Diff: 0.3, Sum: 2.7]
      [Update RS (ms): Min: 10.6, Avg: 10.8, Max: 11.0, Diff: 0.3, Sum: 194.1]
         [Processed Buffers: Min: 31, Avg: 34.4, Max: 38, Diff: 7, Sum: 620]
      [Scan RS (ms): Min: 0.0, Avg: 0.1, Max: 0.5, Diff: 0.5, Sum: 1.4]
      [Code Root Scanning (ms): Min: 0.0, Avg: 0.0, Max: 0.0, Diff: 0.0, Sum: 0.0]
      [Object Copy (ms): Min: 17.8, Avg: 18.4, Max: 18.6, Diff: 0.8, Sum: 332.0]
      [Termination (ms): Min: 0.0, Avg: 0.1, Max: 0.1, Diff: 0.1, Sum: 1.2]
         [Termination Attempts: Min: 1, Avg: 1.0, Max: 1, Diff: 0, Sum: 18]
      [GC Worker Other (ms): Min: 0.0, Avg: 0.0, Max: 0.1, Diff: 0.1, Sum: 0.7]
      [GC Worker Total (ms): Min: 29.3, Avg: 29.6, Max: 29.8, Diff: 0.4, Sum: 532.1]
      [GC Worker End (ms): Min: 9302.3, Avg: 9302.4, Max: 9302.4, Diff: 0.1]
   [Code Root Fixup: 0.0 ms]
   [Code Root Purge: 0.0 ms]
   [Clear CT: 0.3 ms]
   [Other: 2.3 ms]
      [Evacuation Failure: 0.6 ms]
      [Choose CSet: 0.0 ms]
      [Ref Proc: 0.3 ms]
      [Ref Enq: 0.0 ms]
      [Redirty Cards: 0.2 ms]
      [Humongous Register: 0.4 ms]
      [Humongous Reclaim: 0.4 ms]
      [Free CSet: 0.3 ms]
   [Eden: 264.0M(264.0M)->0.0B(17.0M) Survivors: 7168.0K->34.0M Heap: 852.5M(1024.0M)->681.6M(1024.0M)]
 [Times: user=0.53 sys=0.01, real=0.03 secs] 
9.312: [GC pause (G1 Evacuation Pause) (mixed), 0.0206239 secs]
   [Parallel Time: 18.8 ms, GC Workers: 18]
      [GC Worker Start (ms): Min: 9312.1, Avg: 9312.3, Max: 9312.5, Diff: 0.4]
      [Ext Root Scanning (ms): Min: 0.0, Avg: 0.2, Max: 0.4, Diff: 0.4, Sum: 3.1]
      [Update RS (ms): Min: 1.0, Avg: 1.1, Max: 1.2, Diff: 0.2, Sum: 20.6]
         [Processed Buffers: Min: 3, Avg: 4.7, Max: 9, Diff: 6, Sum: 85]
      [Scan RS (ms): Min: 0.0, Avg: 0.0, Max: 0.2, Diff: 0.2, Sum: 0.9]
      [Code Root Scanning (ms): Min: 0.0, Avg: 0.0, Max: 0.0, Diff: 0.0, Sum: 0.0]
      [Object Copy (ms): Min: 16.4, Avg: 16.7, Max: 17.0, Diff: 0.6, Sum: 300.2]
      [Termination (ms): Min: 0.0, Avg: 0.3, Max: 0.6, Diff: 0.6, Sum: 5.9]
         [Termination Attempts: Min: 1, Avg: 1.5, Max: 5, Diff: 4, Sum: 27]
      [GC Worker Other (ms): Min: 0.0, Avg: 0.0, Max: 0.1, Diff: 0.0, Sum: 0.5]
      [GC Worker Total (ms): Min: 18.2, Avg: 18.4, Max: 18.6, Diff: 0.4, Sum: 331.2]
      [GC Worker End (ms): Min: 9330.7, Avg: 9330.7, Max: 9330.8, Diff: 0.0]
   [Code Root Fixup: 0.0 ms]
   [Code Root Purge: 0.0 ms]
   [Clear CT: 0.3 ms]
   [Other: 1.5 ms]
      [Choose CSet: 0.1 ms]
      [Ref Proc: 0.2 ms]
      [Ref Enq: 0.0 ms]
      [Redirty Cards: 0.2 ms]
      [Humongous Register: 0.3 ms]
      [Humongous Reclaim: 0.1 ms]
      [Free CSet: 0.4 ms]
   [Eden: 17.0M(17.0M)->0.0B(45.0M) Survivors: 34.0M->6144.0K Heap: 705.1M(1024.0M)->615.1M(1024.0M)]
 [Times: user=0.32 sys=0.00, real=0.02 secs] 
9.347: [GC pause (G1 Evacuation Pause) (mixed), 0.0113355 secs]
   [Parallel Time: 9.8 ms, GC Workers: 18]
      [GC Worker Start (ms): Min: 9347.8, Avg: 9348.0, Max: 9348.2, Diff: 0.4]
      [Ext Root Scanning (ms): Min: 0.0, Avg: 0.1, Max: 0.4, Diff: 0.4, Sum: 2.6]
      [Update RS (ms): Min: 1.1, Avg: 1.2, Max: 1.4, Diff: 0.3, Sum: 22.3]
         [Processed Buffers: Min: 4, Avg: 4.3, Max: 5, Diff: 1, Sum: 77]
      [Scan RS (ms): Min: 0.0, Avg: 0.0, Max: 0.1, Diff: 0.1, Sum: 0.5]
      [Code Root Scanning (ms): Min: 0.0, Avg: 0.0, Max: 0.0, Diff: 0.0, Sum: 0.0]
      [Object Copy (ms): Min: 7.4, Avg: 7.6, Max: 7.9, Diff: 0.5, Sum: 136.9]
      [Termination (ms): Min: 0.0, Avg: 0.2, Max: 0.4, Diff: 0.4, Sum: 4.4]
         [Termination Attempts: Min: 1, Avg: 1.0, Max: 1, Diff: 0, Sum: 18]
      [GC Worker Other (ms): Min: 0.0, Avg: 0.0, Max: 0.0, Diff: 0.0, Sum: 0.4]
      [GC Worker Total (ms): Min: 9.1, Avg: 9.3, Max: 9.5, Diff: 0.4, Sum: 167.2]
      [GC Worker End (ms): Min: 9357.3, Avg: 9357.3, Max: 9357.3, Diff: 0.0]
   [Code Root Fixup: 0.0 ms]
   [Code Root Purge: 0.0 ms]
   [Clear CT: 0.2 ms]
   [Other: 1.3 ms]
      [Choose CSet: 0.0 ms]
      [Ref Proc: 0.3 ms]
      [Ref Enq: 0.0 ms]
      [Redirty Cards: 0.2 ms]
      [Humongous Register: 0.3 ms]
      [Humongous Reclaim: 0.1 ms]
      [Free CSet: 0.2 ms]
   [Eden: 45.0M(45.0M)->0.0B(188.0M) Survivors: 6144.0K->7168.0K Heap: 667.3M(1024.0M)->612.5M(1024.0M)]
 [Times: user=0.16 sys=0.01, real=0.02 secs] 
9.360: [GC pause (G1 Humongous Allocation) (young) (initial-mark), 0.0037364 secs]
   [Parallel Time: 2.5 ms, GC Workers: 18]
      [GC Worker Start (ms): Min: 9360.6, Avg: 9360.7, Max: 9360.9, Diff: 0.3]
      [Ext Root Scanning (ms): Min: 0.0, Avg: 0.2, Max: 0.4, Diff: 0.3, Sum: 3.1]
      [Update RS (ms): Min: 0.1, Avg: 0.2, Max: 0.4, Diff: 0.4, Sum: 2.8]
         [Processed Buffers: Min: 0, Avg: 1.1, Max: 2, Diff: 2, Sum: 19]
      [Scan RS (ms): Min: 0.0, Avg: 0.0, Max: 0.0, Diff: 0.0, Sum: 0.1]
      [Code Root Scanning (ms): Min: 0.0, Avg: 0.0, Max: 0.0, Diff: 0.0, Sum: 0.0]
      [Object Copy (ms): Min: 0.9, Avg: 1.4, Max: 1.8, Diff: 0.9, Sum: 26.1]
      [Termination (ms): Min: 0.0, Avg: 0.3, Max: 0.6, Diff: 0.6, Sum: 5.4]
         [Termination Attempts: Min: 1, Avg: 1.1, Max: 2, Diff: 1, Sum: 20]
      [GC Worker Other (ms): Min: 0.0, Avg: 0.0, Max: 0.0, Diff: 0.0, Sum: 0.3]
      [GC Worker Total (ms): Min: 2.0, Avg: 2.1, Max: 2.3, Diff: 0.3, Sum: 37.8]
      [GC Worker End (ms): Min: 9362.8, Avg: 9362.8, Max: 9362.9, Diff: 0.0]
   [Code Root Fixup: 0.0 ms]
   [Code Root Purge: 0.0 ms]
   [Clear CT: 0.3 ms]
   [Other: 0.9 ms]
      [Choose CSet: 0.0 ms]
      [Ref Proc: 0.2 ms]
      [Ref Enq: 0.0 ms]
      [Redirty Cards: 0.2 ms]
      [Humongous Register: 0.2 ms]
      [Humongous Reclaim: 0.0 ms]
      [Free CSet: 0.0 ms]
   [Eden: 5120.0K(188.0M)->0.0B(196.0M) Survivors: 7168.0K->9216.0K Heap: 616.7M(1024.0M)->613.9M(1024.0M)]
 [Times: user=0.04 sys=0.00, real=0.00 secs] 
9.364: [GC concurrent-root-region-scan-start]
9.364: [GC concurrent-root-region-scan-end, 0.0001356 secs]
9.364: [GC concurrent-mark-start]
9.366: [GC concurrent-mark-end, 0.0018558 secs]
9.366: [GC remark 9.366: [Finalize Marking, 0.0003458 secs] 9.367: [GC ref-proc, 0.0004130 secs] 9.367: [Unloading, 0.0009484 secs], 0.0025345 secs]
 [Times: user=0.02 sys=0.00, real=0.01 secs] 
9.369: [GC cleanup 621M->612M(1024M), 0.0015066 secs]
 [Times: user=0.01 sys=0.00, real=0.00 secs] 
9.370: [GC concurrent-cleanup-start]
9.370: [GC concurrent-cleanup-end, 0.0000356 secs]
9.440: [GC pause (G1 Evacuation Pause) (young), 0.0253446 secs]
   [Parallel Time: 23.4 ms, GC Workers: 18]
      [GC Worker Start (ms): Min: 9440.8, Avg: 9441.1, Max: 9441.2, Diff: 0.4]
      [Ext Root Scanning (ms): Min: 0.0, Avg: 0.1, Max: 0.3, Diff: 0.3, Sum: 2.6]
      [Update RS (ms): Min: 7.0, Avg: 7.1, Max: 7.2, Diff: 0.2, Sum: 128.3]
         [Processed Buffers: Min: 19, Avg: 21.4, Max: 24, Diff: 5, Sum: 386]
      [Scan RS (ms): Min: 0.0, Avg: 0.1, Max: 0.5, Diff: 0.4, Sum: 1.1]
      [Code Root Scanning (ms): Min: 0.0, Avg: 0.0, Max: 0.0, Diff: 0.0, Sum: 0.0]
      [Object Copy (ms): Min: 14.6, Avg: 15.3, Max: 15.7, Diff: 1.0, Sum: 274.7]
      [Termination (ms): Min: 0.0, Avg: 0.4, Max: 0.6, Diff: 0.6, Sum: 6.8]
         [Termination Attempts: Min: 1, Avg: 1.3, Max: 2, Diff: 1, Sum: 24]
      [GC Worker Other (ms): Min: 0.0, Avg: 0.0, Max: 0.1, Diff: 0.1, Sum: 0.8]
      [GC Worker Total (ms): Min: 22.9, Avg: 23.0, Max: 23.2, Diff: 0.3, Sum: 414.1]
      [GC Worker End (ms): Min: 9464.0, Avg: 9464.1, Max: 9464.1, Diff: 0.1]
   [Code Root Fixup: 0.0 ms]
   [Code Root Purge: 0.0 ms]
   [Clear CT: 0.2 ms]
   [Other: 1.7 ms]
      [Choose CSet: 0.0 ms]
      [Ref Proc: 0.3 ms]
      [Ref Enq: 0.0 ms]
      [Redirty Cards: 0.3 ms]
      [Humongous Register: 0.3 ms]
      [Humongous Reclaim: 0.3 ms]
      [Free CSet: 0.3 ms]
   [Eden: 196.0M(196.0M)->0.0B(25.0M) Survivors: 9216.0K->26.0M Heap: 847.5M(1024.0M)->660.8M(1024.0M)]
 [Times: user=0.40 sys=0.02, real=0.02 secs] 
9.475: [GC pause (G1 Evacuation Pause) (mixed), 0.0140233 secs]
   [Parallel Time: 12.2 ms, GC Workers: 18]
      [GC Worker Start (ms): Min: 9476.0, Avg: 9476.2, Max: 9476.5, Diff: 0.4]
      [Ext Root Scanning (ms): Min: 0.0, Avg: 0.2, Max: 0.4, Diff: 0.4, Sum: 2.7]
      [Update RS (ms): Min: 0.8, Avg: 0.9, Max: 1.1, Diff: 0.3, Sum: 16.9]
         [Processed Buffers: Min: 3, Avg: 3.4, Max: 5, Diff: 2, Sum: 61]
      [Scan RS (ms): Min: 0.0, Avg: 0.0, Max: 0.1, Diff: 0.1, Sum: 0.8]
      [Code Root Scanning (ms): Min: 0.0, Avg: 0.0, Max: 0.0, Diff: 0.0, Sum: 0.0]
      [Object Copy (ms): Min: 10.0, Avg: 10.3, Max: 10.5, Diff: 0.5, Sum: 185.2]
      [Termination (ms): Min: 0.0, Avg: 0.2, Max: 0.3, Diff: 0.3, Sum: 2.8]
         [Termination Attempts: Min: 1, Avg: 1.0, Max: 1, Diff: 0, Sum: 18]
      [GC Worker Other (ms): Min: 0.0, Avg: 0.0, Max: 0.0, Diff: 0.0, Sum: 0.4]
      [GC Worker Total (ms): Min: 11.4, Avg: 11.6, Max: 11.8, Diff: 0.5, Sum: 208.9]
      [GC Worker End (ms): Min: 9487.8, Avg: 9487.8, Max: 9487.9, Diff: 0.0]
   [Code Root Fixup: 0.0 ms]
   [Code Root Purge: 0.0 ms]
   [Clear CT: 0.2 ms]
   [Other: 1.6 ms]
      [Choose CSet: 0.1 ms]
      [Ref Proc: 0.3 ms]
      [Ref Enq: 0.0 ms]
      [Redirty Cards: 0.3 ms]
      [Humongous Register: 0.4 ms]
      [Humongous Reclaim: 0.1 ms]
      [Free CSet: 0.4 ms]
   [Eden: 25.0M(25.0M)->0.0B(44.0M) Survivors: 26.0M->7168.0K Heap: 691.2M(1024.0M)->574.4M(1024.0M)]
 [Times: user=0.21 sys=0.00, real=0.02 secs] 
9.504: [GC pause (G1 Evacuation Pause) (mixed), 0.0158009 secs]
   [Parallel Time: 14.1 ms, GC Workers: 18]
      [GC Worker Start (ms): Min: 9504.6, Avg: 9504.8, Max: 9505.0, Diff: 0.4]
      [Ext Root Scanning (ms): Min: 0.0, Avg: 0.2, Max: 0.4, Diff: 0.4, Sum: 2.7]
      [Update RS (ms): Min: 0.9, Avg: 1.1, Max: 1.1, Diff: 0.2, Sum: 19.3]
         [Processed Buffers: Min: 3, Avg: 3.9, Max: 6, Diff: 3, Sum: 71]
      [Scan RS (ms): Min: 0.0, Avg: 0.1, Max: 0.2, Diff: 0.2, Sum: 1.0]
      [Code Root Scanning (ms): Min: 0.0, Avg: 0.0, Max: 0.0, Diff: 0.0, Sum: 0.0]
      [Object Copy (ms): Min: 11.8, Avg: 12.0, Max: 12.3, Diff: 0.5, Sum: 216.7]
      [Termination (ms): Min: 0.0, Avg: 0.3, Max: 0.5, Diff: 0.5, Sum: 4.7]
         [Termination Attempts: Min: 1, Avg: 1.5, Max: 4, Diff: 3, Sum: 27]
      [GC Worker Other (ms): Min: 0.0, Avg: 0.0, Max: 0.1, Diff: 0.1, Sum: 0.5]
      [GC Worker Total (ms): Min: 13.4, Avg: 13.6, Max: 13.8, Diff: 0.4, Sum: 245.0]
      [GC Worker End (ms): Min: 9518.4, Avg: 9518.5, Max: 9518.5, Diff: 0.0]
   [Code Root Fixup: 0.0 ms]
   [Code Root Purge: 0.0 ms]
   [Clear CT: 0.2 ms]
   [Other: 1.5 ms]
      [Choose CSet: 0.1 ms]
      [Ref Proc: 0.2 ms]
      [Ref Enq: 0.0 ms]
      [Redirty Cards: 0.3 ms]
      [Humongous Register: 0.3 ms]
      [Humongous Reclaim: 0.1 ms]
      [Free CSet: 0.4 ms]
   [Eden: 44.0M(44.0M)->0.0B(44.0M) Survivors: 7168.0K->7168.0K Heap: 624.9M(1024.0M)->512.6M(1024.0M)]
 [Times: user=0.23 sys=0.01, real=0.02 secs] 
9.536: [GC pause (G1 Evacuation Pause) (mixed), 0.0130607 secs]
   [Parallel Time: 11.3 ms, GC Workers: 18]
      [GC Worker Start (ms): Min: 9536.5, Avg: 9536.6, Max: 9536.7, Diff: 0.2]
      [Ext Root Scanning (ms): Min: 0.1, Avg: 0.2, Max: 0.3, Diff: 0.3, Sum: 3.6]
      [Update RS (ms): Min: 1.9, Avg: 2.1, Max: 2.3, Diff: 0.4, Sum: 37.7]
         [Processed Buffers: Min: 6, Avg: 6.8, Max: 9, Diff: 3, Sum: 122]
      [Scan RS (ms): Min: 0.0, Avg: 0.0, Max: 0.1, Diff: 0.1, Sum: 0.5]
      [Code Root Scanning (ms): Min: 0.0, Avg: 0.0, Max: 0.0, Diff: 0.0, Sum: 0.0]
      [Object Copy (ms): Min: 7.8, Avg: 8.2, Max: 8.6, Diff: 0.9, Sum: 146.8]
      [Termination (ms): Min: 0.0, Avg: 0.4, Max: 0.6, Diff: 0.6, Sum: 6.8]
         [Termination Attempts: Min: 1, Avg: 1.1, Max: 2, Diff: 1, Sum: 19]
      [GC Worker Other (ms): Min: 0.0, Avg: 0.0, Max: 0.2, Diff: 0.1, Sum: 0.6]
      [GC Worker Total (ms): Min: 10.8, Avg: 10.9, Max: 11.1, Diff: 0.3, Sum: 196.1]
      [GC Worker End (ms): Min: 9547.5, Avg: 9547.5, Max: 9547.6, Diff: 0.1]
   [Code Root Fixup: 0.0 ms]
   [Code Root Purge: 0.0 ms]
   [Clear CT: 0.2 ms]
   [Other: 1.5 ms]
      [Choose CSet: 0.0 ms]
      [Ref Proc: 0.4 ms]
      [Ref Enq: 0.0 ms]
      [Redirty Cards: 0.3 ms]
      [Humongous Register: 0.3 ms]
      [Humongous Reclaim: 0.1 ms]
      [Free CSet: 0.2 ms]
   [Eden: 44.0M(44.0M)->0.0B(280.0M) Survivors: 7168.0K->7168.0K Heap: 569.3M(1024.0M)->502.0M(1024.0M)]
 [Times: user=0.19 sys=0.00, real=0.02 secs] 
9.550: [GC pause (G1 Humongous Allocation) (young) (initial-mark), 0.0039538 secs]
   [Parallel Time: 2.4 ms, GC Workers: 18]
      [GC Worker Start (ms): Min: 9550.0, Avg: 9550.1, Max: 9550.2, Diff: 0.2]
      [Ext Root Scanning (ms): Min: 0.1, Avg: 0.2, Max: 0.3, Diff: 0.1, Sum: 4.0]
      [Update RS (ms): Min: 0.0, Avg: 0.3, Max: 1.6, Diff: 1.6, Sum: 4.6]
         [Processed Buffers: Min: 0, Avg: 1.1, Max: 2, Diff: 2, Sum: 19]
      [Scan RS (ms): Min: 0.0, Avg: 0.0, Max: 0.0, Diff: 0.0, Sum: 0.1]
      [Code Root Scanning (ms): Min: 0.0, Avg: 0.0, Max: 0.0, Diff: 0.0, Sum: 0.0]
      [Object Copy (ms): Min: 0.2, Avg: 1.3, Max: 1.8, Diff: 1.6, Sum: 23.3]
      [Termination (ms): Min: 0.0, Avg: 0.4, Max: 0.8, Diff: 0.8, Sum: 6.6]
         [Termination Attempts: Min: 1, Avg: 1.0, Max: 1, Diff: 0, Sum: 18]
      [GC Worker Other (ms): Min: 0.0, Avg: 0.0, Max: 0.0, Diff: 0.0, Sum: 0.3]
      [GC Worker Total (ms): Min: 2.1, Avg: 2.2, Max: 2.2, Diff: 0.2, Sum: 38.8]
      [GC Worker End (ms): Min: 9552.2, Avg: 9552.2, Max: 9552.2, Diff: 0.0]
   [Code Root Fixup: 0.0 ms]
   [Code Root Purge: 0.0 ms]
   [Clear CT: 0.3 ms]
   [Other: 1.2 ms]
      [Choose CSet: 0.0 ms]
      [Ref Proc: 0.4 ms]
      [Ref Enq: 0.0 ms]
      [Redirty Cards: 0.2 ms]
      [Humongous Register: 0.2 ms]
      [Humongous Reclaim: 0.0 ms]
      [Free CSet: 0.0 ms]
   [Eden: 1024.0K(280.0M)->0.0B(292.0M) Survivors: 7168.0K->8192.0K Heap: 502.7M(1024.0M)->502.4M(1024.0M)]
 [Times: user=0.04 sys=0.00, real=0.00 secs] 
9.554: [GC concurrent-root-region-scan-start]
9.554: [GC concurrent-root-region-scan-end, 0.0001151 secs]
9.554: [GC concurrent-mark-start]
9.556: [GC concurrent-mark-end, 0.0017933 secs]
9.556: [GC remark 9.556: [Finalize Marking, 0.0004322 secs] 9.556: [GC ref-proc, 0.0004036 secs] 9.557: [Unloading, 0.0009397 secs], 0.0027423 secs]
 [Times: user=0.02 sys=0.00, real=0.01 secs] 
9.559: [GC cleanup 510M->509M(1024M), 0.0016127 secs]
 [Times: user=0.01 sys=0.00, real=0.00 secs] 
9.560: [GC concurrent-cleanup-start]
9.560: [GC concurrent-cleanup-end, 0.0000219 secs]
9.670: [GC pause (G1 Evacuation Pause) (young) (to-space exhausted), 0.0304759 secs]
   [Parallel Time: 27.9 ms, GC Workers: 18]
      [GC Worker Start (ms): Min: 9670.1, Avg: 9670.4, Max: 9670.7, Diff: 0.6]
      [Ext Root Scanning (ms): Min: 0.0, Avg: 0.1, Max: 0.3, Diff: 0.3, Sum: 1.8]
      [Update RS (ms): Min: 12.1, Avg: 12.3, Max: 12.4, Diff: 0.3, Sum: 220.8]
         [Processed Buffers: Min: 27, Avg: 33.0, Max: 44, Diff: 17, Sum: 594]
      [Scan RS (ms): Min: 0.0, Avg: 0.1, Max: 0.1, Diff: 0.1, Sum: 1.0]
      [Code Root Scanning (ms): Min: 0.0, Avg: 0.0, Max: 0.0, Diff: 0.0, Sum: 0.0]
      [Object Copy (ms): Min: 14.7, Avg: 14.8, Max: 14.9, Diff: 0.2, Sum: 266.8]
      [Termination (ms): Min: 0.0, Avg: 0.1, Max: 0.2, Diff: 0.2, Sum: 1.5]
         [Termination Attempts: Min: 1, Avg: 1.0, Max: 1, Diff: 0, Sum: 18]
      [GC Worker Other (ms): Min: 0.0, Avg: 0.0, Max: 0.1, Diff: 0.1, Sum: 0.7]
      [GC Worker Total (ms): Min: 27.1, Avg: 27.4, Max: 27.7, Diff: 0.6, Sum: 492.6]
      [GC Worker End (ms): Min: 9697.7, Avg: 9697.8, Max: 9697.8, Diff: 0.1]
   [Code Root Fixup: 0.0 ms]
   [Code Root Purge: 0.0 ms]
   [Clear CT: 0.3 ms]
   [Other: 2.3 ms]
      [Evacuation Failure: 0.6 ms]
      [Choose CSet: 0.0 ms]
      [Ref Proc: 0.3 ms]
      [Ref Enq: 0.0 ms]
      [Redirty Cards: 0.2 ms]
      [Humongous Register: 0.4 ms]
      [Humongous Reclaim: 0.4 ms]
      [Free CSet: 0.3 ms]
   [Eden: 292.0M(292.0M)->0.0B(13.0M) Survivors: 8192.0K->38.0M Heap: 866.2M(1024.0M)->676.2M(1024.0M)]
 [Times: user=0.49 sys=0.01, real=0.03 secs] 
9.704: [GC pause (G1 Evacuation Pause) (mixed), 0.0207596 secs]
   [Parallel Time: 18.9 ms, GC Workers: 18]
      [GC Worker Start (ms): Min: 9704.6, Avg: 9704.8, Max: 9705.1, Diff: 0.5]
      [Ext Root Scanning (ms): Min: 0.0, Avg: 0.1, Max: 0.3, Diff: 0.3, Sum: 1.5]
      [Update RS (ms): Min: 0.4, Avg: 0.6, Max: 0.8, Diff: 0.4, Sum: 10.7]
         [Processed Buffers: Min: 1, Avg: 3.4, Max: 7, Diff: 6, Sum: 62]
      [Scan RS (ms): Min: 0.0, Avg: 0.1, Max: 0.1, Diff: 0.1, Sum: 1.1]
      [Code Root Scanning (ms): Min: 0.0, Avg: 0.0, Max: 0.0, Diff: 0.0, Sum: 0.0]
      [Object Copy (ms): Min: 17.1, Avg: 17.4, Max: 17.7, Diff: 0.6, Sum: 313.1]
      [Termination (ms): Min: 0.0, Avg: 0.3, Max: 0.6, Diff: 0.6, Sum: 5.6]
         [Termination Attempts: Min: 1, Avg: 1.1, Max: 2, Diff: 1, Sum: 19]
      [GC Worker Other (ms): Min: 0.0, Avg: 0.0, Max: 0.1, Diff: 0.0, Sum: 0.4]
      [GC Worker Total (ms): Min: 18.2, Avg: 18.5, Max: 18.7, Diff: 0.5, Sum: 332.5]
      [GC Worker End (ms): Min: 9723.3, Avg: 9723.3, Max: 9723.3, Diff: 0.0]
   [Code Root Fixup: 0.0 ms]
   [Code Root Purge: 0.0 ms]
   [Clear CT: 0.3 ms]
   [Other: 1.5 ms]
      [Choose CSet: 0.1 ms]
      [Ref Proc: 0.3 ms]
      [Ref Enq: 0.0 ms]
      [Redirty Cards: 0.3 ms]
      [Humongous Register: 0.2 ms]
      [Humongous Reclaim: 0.1 ms]
      [Free CSet: 0.4 ms]
   [Eden: 13.0M(13.0M)->0.0B(44.0M) Survivors: 38.0M->7168.0K Heap: 692.5M(1024.0M)->612.3M(1024.0M)]
 [Times: user=0.31 sys=0.02, real=0.02 secs] 
9.740: [GC pause (G1 Evacuation Pause) (mixed), 0.0107562 secs]
   [Parallel Time: 9.2 ms, GC Workers: 18]
      [GC Worker Start (ms): Min: 9740.0, Avg: 9740.1, Max: 9740.3, Diff: 0.3]
      [Ext Root Scanning (ms): Min: 0.0, Avg: 0.2, Max: 0.3, Diff: 0.3, Sum: 3.1]
      [Update RS (ms): Min: 1.5, Avg: 1.6, Max: 1.8, Diff: 0.3, Sum: 29.5]
         [Processed Buffers: Min: 5, Avg: 5.3, Max: 7, Diff: 2, Sum: 96]
      [Scan RS (ms): Min: 0.0, Avg: 0.0, Max: 0.1, Diff: 0.1, Sum: 0.4]
      [Code Root Scanning (ms): Min: 0.0, Avg: 0.0, Max: 0.0, Diff: 0.0, Sum: 0.0]
      [Object Copy (ms): Min: 6.1, Avg: 6.6, Max: 7.1, Diff: 1.0, Sum: 118.5]
      [Termination (ms): Min: 0.0, Avg: 0.4, Max: 0.8, Diff: 0.8, Sum: 6.8]
         [Termination Attempts: Min: 1, Avg: 1.2, Max: 3, Diff: 2, Sum: 21]
      [GC Worker Other (ms): Min: 0.0, Avg: 0.0, Max: 0.0, Diff: 0.0, Sum: 0.4]
      [GC Worker Total (ms): Min: 8.7, Avg: 8.8, Max: 9.0, Diff: 0.3, Sum: 158.7]
      [GC Worker End (ms): Min: 9748.9, Avg: 9749.0, Max: 9749.0, Diff: 0.0]
   [Code Root Fixup: 0.0 ms]
   [Code Root Purge: 0.0 ms]
   [Clear CT: 0.2 ms]
   [Other: 1.3 ms]
      [Choose CSet: 0.0 ms]
      [Ref Proc: 0.3 ms]
      [Ref Enq: 0.0 ms]
      [Redirty Cards: 0.3 ms]
      [Humongous Register: 0.3 ms]
      [Humongous Reclaim: 0.1 ms]
      [Free CSet: 0.1 ms]
   [Eden: 44.0M(44.0M)->0.0B(198.0M) Survivors: 7168.0K->7168.0K Heap: 665.9M(1024.0M)->619.3M(1024.0M)]
 [Times: user=0.16 sys=0.00, real=0.01 secs] 
9.751: [GC pause (G1 Humongous Allocation) (young) (initial-mark), 0.0036564 secs]
   [Parallel Time: 2.4 ms, GC Workers: 18]
      [GC Worker Start (ms): Min: 9751.6, Avg: 9751.9, Max: 9752.0, Diff: 0.4]
      [Ext Root Scanning (ms): Min: 0.0, Avg: 0.3, Max: 0.5, Diff: 0.5, Sum: 5.2]
      [Update RS (ms): Min: 0.0, Avg: 0.1, Max: 1.2, Diff: 1.2, Sum: 2.6]
         [Processed Buffers: Min: 0, Avg: 0.8, Max: 3, Diff: 3, Sum: 15]
      [Scan RS (ms): Min: 0.0, Avg: 0.0, Max: 0.0, Diff: 0.0, Sum: 0.1]
      [Code Root Scanning (ms): Min: 0.0, Avg: 0.0, Max: 0.0, Diff: 0.0, Sum: 0.0]
      [Object Copy (ms): Min: 0.1, Avg: 1.2, Max: 1.7, Diff: 1.5, Sum: 22.0]
      [Termination (ms): Min: 0.0, Avg: 0.3, Max: 0.5, Diff: 0.5, Sum: 5.3]
         [Termination Attempts: Min: 1, Avg: 1.0, Max: 1, Diff: 0, Sum: 18]
      [GC Worker Other (ms): Min: 0.0, Avg: 0.0, Max: 0.0, Diff: 0.0, Sum: 0.3]
      [GC Worker Total (ms): Min: 1.8, Avg: 2.0, Max: 2.2, Diff: 0.4, Sum: 35.5]
      [GC Worker End (ms): Min: 9753.8, Avg: 9753.8, Max: 9753.8, Diff: 0.0]
   [Code Root Fixup: 0.0 ms]
   [Code Root Purge: 0.0 ms]
   [Clear CT: 0.2 ms]
   [Other: 1.0 ms]
      [Choose CSet: 0.0 ms]
      [Ref Proc: 0.2 ms]
      [Ref Enq: 0.0 ms]
      [Redirty Cards: 0.2 ms]
      [Humongous Register: 0.3 ms]
      [Humongous Reclaim: 0.0 ms]
      [Free CSet: 0.0 ms]
   [Eden: 3072.0K(198.0M)->0.0B(195.0M) Survivors: 7168.0K->7168.0K Heap: 621.8M(1024.0M)->618.9M(1024.0M)]
 [Times: user=0.04 sys=0.00, real=0.00 secs] 
9.755: [GC concurrent-root-region-scan-start]
9.755: [GC concurrent-root-region-scan-end, 0.0001727 secs]
9.755: [GC concurrent-mark-start]
9.757: [GC concurrent-mark-end, 0.0020372 secs]
9.757: [GC remark 9.757: [Finalize Marking, 0.0003075 secs] 9.758: [GC ref-proc, 0.0004025 secs] 9.758: [Unloading, 0.0009762 secs], 0.0025972 secs]
 [Times: user=0.02 sys=0.00, real=0.01 secs] 
9.760: [GC cleanup 629M->623M(1024M), 0.0014079 secs]
 [Times: user=0.01 sys=0.00, real=0.00 secs] 
9.762: [GC concurrent-cleanup-start]
9.762: [GC concurrent-cleanup-end, 0.0000322 secs]
9.830: [GC pause (G1 Evacuation Pause) (young), 0.0303927 secs]
   [Parallel Time: 28.3 ms, GC Workers: 18]
      [GC Worker Start (ms): Min: 9830.1, Avg: 9830.3, Max: 9830.5, Diff: 0.4]
      [Ext Root Scanning (ms): Min: 0.0, Avg: 0.2, Max: 0.4, Diff: 0.4, Sum: 3.1]
      [Update RS (ms): Min: 10.5, Avg: 10.6, Max: 10.8, Diff: 0.3, Sum: 191.6]
         [Processed Buffers: Min: 20, Avg: 26.1, Max: 35, Diff: 15, Sum: 470]
      [Scan RS (ms): Min: 0.0, Avg: 0.0, Max: 0.1, Diff: 0.1, Sum: 0.8]
      [Code Root Scanning (ms): Min: 0.0, Avg: 0.0, Max: 0.0, Diff: 0.0, Sum: 0.0]
      [Object Copy (ms): Min: 16.4, Avg: 16.7, Max: 16.9, Diff: 0.5, Sum: 299.9]
      [Termination (ms): Min: 0.0, Avg: 0.3, Max: 0.5, Diff: 0.5, Sum: 5.9]
         [Termination Attempts: Min: 1, Avg: 1.0, Max: 1, Diff: 0, Sum: 18]
      [GC Worker Other (ms): Min: 0.0, Avg: 0.0, Max: 0.1, Diff: 0.1, Sum: 0.6]
      [GC Worker Total (ms): Min: 27.7, Avg: 27.9, Max: 28.1, Diff: 0.4, Sum: 501.9]
      [GC Worker End (ms): Min: 9858.2, Avg: 9858.2, Max: 9858.2, Diff: 0.0]
   [Code Root Fixup: 0.0 ms]
   [Code Root Purge: 0.0 ms]
   [Clear CT: 0.3 ms]
   [Other: 1.8 ms]
      [Choose CSet: 0.0 ms]
      [Ref Proc: 0.3 ms]
      [Ref Enq: 0.0 ms]
      [Redirty Cards: 0.3 ms]
      [Humongous Register: 0.3 ms]
      [Humongous Reclaim: 0.4 ms]
      [Free CSet: 0.4 ms]
   [Eden: 195.0M(195.0M)->0.0B(25.0M) Survivors: 7168.0K->26.0M Heap: 865.1M(1024.0M)->674.9M(1024.0M)]
 [Times: user=0.48 sys=0.02, real=0.03 secs] 
9.868: [GC pause (G1 Evacuation Pause) (mixed), 0.0146851 secs]
   [Parallel Time: 12.9 ms, GC Workers: 18]
      [GC Worker Start (ms): Min: 9868.8, Avg: 9869.0, Max: 9869.2, Diff: 0.5]
      [Ext Root Scanning (ms): Min: 0.0, Avg: 0.1, Max: 0.4, Diff: 0.4, Sum: 2.5]
      [Update RS (ms): Min: 0.8, Avg: 1.0, Max: 1.1, Diff: 0.3, Sum: 17.3]
         [Processed Buffers: Min: 2, Avg: 3.4, Max: 5, Diff: 3, Sum: 61]
      [Scan RS (ms): Min: 0.0, Avg: 0.0, Max: 0.1, Diff: 0.1, Sum: 0.7]
      [Code Root Scanning (ms): Min: 0.0, Avg: 0.0, Max: 0.0, Diff: 0.0, Sum: 0.0]
      [Object Copy (ms): Min: 10.8, Avg: 11.1, Max: 11.3, Diff: 0.5, Sum: 199.7]
      [Termination (ms): Min: 0.0, Avg: 0.2, Max: 0.4, Diff: 0.4, Sum: 3.0]
         [Termination Attempts: Min: 1, Avg: 1.0, Max: 1, Diff: 0, Sum: 18]
      [GC Worker Other (ms): Min: 0.0, Avg: 0.0, Max: 0.0, Diff: 0.0, Sum: 0.4]
      [GC Worker Total (ms): Min: 12.2, Avg: 12.4, Max: 12.7, Diff: 0.5, Sum: 223.7]
      [GC Worker End (ms): Min: 9881.4, Avg: 9881.4, Max: 9881.5, Diff: 0.0]
   [Code Root Fixup: 0.0 ms]
   [Code Root Purge: 0.0 ms]
   [Clear CT: 0.2 ms]
   [Other: 1.5 ms]
      [Choose CSet: 0.1 ms]
      [Ref Proc: 0.2 ms]
      [Ref Enq: 0.0 ms]
      [Redirty Cards: 0.3 ms]
      [Humongous Register: 0.3 ms]
      [Humongous Reclaim: 0.1 ms]
      [Free CSet: 0.4 ms]
   [Eden: 25.0M(25.0M)->0.0B(44.0M) Survivors: 26.0M->7168.0K Heap: 705.2M(1024.0M)->589.2M(1024.0M)]
 [Times: user=0.22 sys=0.00, real=0.01 secs] 
9.899: [GC pause (G1 Evacuation Pause) (mixed), 0.0160424 secs]
   [Parallel Time: 14.2 ms, GC Workers: 18]
      [GC Worker Start (ms): Min: 9899.7, Avg: 9899.8, Max: 9900.0, Diff: 0.3]
      [Ext Root Scanning (ms): Min: 0.0, Avg: 0.2, Max: 0.3, Diff: 0.3, Sum: 3.3]
      [Update RS (ms): Min: 1.9, Avg: 2.0, Max: 2.1, Diff: 0.2, Sum: 35.6]
         [Processed Buffers: Min: 6, Avg: 6.9, Max: 9, Diff: 3, Sum: 125]
      [Scan RS (ms): Min: 0.0, Avg: 0.1, Max: 0.3, Diff: 0.3, Sum: 1.6]
      [Code Root Scanning (ms): Min: 0.0, Avg: 0.0, Max: 0.0, Diff: 0.0, Sum: 0.0]
      [Object Copy (ms): Min: 11.1, Avg: 11.3, Max: 11.7, Diff: 0.6, Sum: 204.2]
      [Termination (ms): Min: 0.0, Avg: 0.3, Max: 0.6, Diff: 0.6, Sum: 5.7]
         [Termination Attempts: Min: 1, Avg: 1.0, Max: 1, Diff: 0, Sum: 18]
      [GC Worker Other (ms): Min: 0.0, Avg: 0.0, Max: 0.0, Diff: 0.0, Sum: 0.3]
      [GC Worker Total (ms): Min: 13.8, Avg: 13.9, Max: 14.1, Diff: 0.3, Sum: 250.7]
      [GC Worker End (ms): Min: 9913.7, Avg: 9913.7, Max: 9913.8, Diff: 0.0]
   [Code Root Fixup: 0.0 ms]
   [Code Root Purge: 0.0 ms]
   [Clear CT: 0.2 ms]
   [Other: 1.6 ms]
      [Choose CSet: 0.1 ms]
      [Ref Proc: 0.2 ms]
      [Ref Enq: 0.0 ms]
      [Redirty Cards: 0.3 ms]
      [Humongous Register: 0.3 ms]
      [Humongous Reclaim: 0.1 ms]
      [Free CSet: 0.4 ms]
   [Eden: 44.0M(44.0M)->0.0B(44.0M) Survivors: 7168.0K->7168.0K Heap: 646.4M(1024.0M)->531.3M(1024.0M)]
 [Times: user=0.24 sys=0.01, real=0.01 secs] 
9.931: [GC pause (G1 Evacuation Pause) (mixed), 0.0159676 secs]
   [Parallel Time: 14.2 ms, GC Workers: 18]
      [GC Worker Start (ms): Min: 9931.9, Avg: 9932.1, Max: 9932.3, Diff: 0.4]
      [Ext Root Scanning (ms): Min: 0.0, Avg: 0.1, Max: 0.4, Diff: 0.4, Sum: 2.3]
      [Update RS (ms): Min: 2.3, Avg: 2.3, Max: 2.4, Diff: 0.2, Sum: 41.7]
         [Processed Buffers: Min: 7, Avg: 7.9, Max: 9, Diff: 2, Sum: 142]
      [Scan RS (ms): Min: 0.0, Avg: 0.0, Max: 0.2, Diff: 0.2, Sum: 0.9]
      [Code Root Scanning (ms): Min: 0.0, Avg: 0.0, Max: 0.1, Diff: 0.1, Sum: 0.1]
      [Object Copy (ms): Min: 10.4, Avg: 10.9, Max: 11.2, Diff: 0.8, Sum: 196.3]
      [Termination (ms): Min: 0.0, Avg: 0.3, Max: 0.7, Diff: 0.6, Sum: 5.4]
         [Termination Attempts: Min: 1, Avg: 1.1, Max: 3, Diff: 2, Sum: 20]
      [GC Worker Other (ms): Min: 0.0, Avg: 0.0, Max: 0.1, Diff: 0.0, Sum: 0.5]
      [GC Worker Total (ms): Min: 13.5, Avg: 13.7, Max: 14.0, Diff: 0.4, Sum: 247.1]
      [GC Worker End (ms): Min: 9945.8, Avg: 9945.8, Max: 9945.9, Diff: 0.0]
   [Code Root Fixup: 0.0 ms]
   [Code Root Purge: 0.0 ms]
   [Clear CT: 0.2 ms]
   [Other: 1.5 ms]
      [Choose CSet: 0.1 ms]
      [Ref Proc: 0.3 ms]
      [Ref Enq: 0.0 ms]
      [Redirty Cards: 0.3 ms]
      [Humongous Register: 0.3 ms]
      [Humongous Reclaim: 0.1 ms]
      [Free CSet: 0.3 ms]
   [Eden: 44.0M(44.0M)->0.0B(272.0M) Survivors: 7168.0K->7168.0K Heap: 590.7M(1024.0M)->510.5M(1024.0M)]
 [Times: user=0.24 sys=0.00, real=0.02 secs] 
9.948: [GC pause (G1 Humongous Allocation) (young) (initial-mark), 0.0035154 secs]
   [Parallel Time: 2.2 ms, GC Workers: 18]
      [GC Worker Start (ms): Min: 9948.1, Avg: 9948.2, Max: 9948.4, Diff: 0.3]
      [Ext Root Scanning (ms): Min: 0.0, Avg: 0.2, Max: 0.3, Diff: 0.3, Sum: 3.1]
      [Update RS (ms): Min: 0.0, Avg: 0.1, Max: 0.5, Diff: 0.5, Sum: 2.5]
         [Processed Buffers: Min: 0, Avg: 1.1, Max: 2, Diff: 2, Sum: 19]
      [Scan RS (ms): Min: 0.0, Avg: 0.0, Max: 0.0, Diff: 0.0, Sum: 0.0]
      [Code Root Scanning (ms): Min: 0.0, Avg: 0.0, Max: 0.0, Diff: 0.0, Sum: 0.0]
      [Object Copy (ms): Min: 1.0, Avg: 1.2, Max: 1.5, Diff: 0.5, Sum: 21.9]
      [Termination (ms): Min: 0.0, Avg: 0.3, Max: 0.6, Diff: 0.6, Sum: 5.4]
         [Termination Attempts: Min: 1, Avg: 1.0, Max: 1, Diff: 0, Sum: 18]
      [GC Worker Other (ms): Min: 0.0, Avg: 0.0, Max: 0.0, Diff: 0.0, Sum: 0.2]
      [GC Worker Total (ms): Min: 1.7, Avg: 1.8, Max: 2.0, Diff: 0.3, Sum: 33.1]
      [GC Worker End (ms): Min: 9950.1, Avg: 9950.1, Max: 9950.1, Diff: 0.0]
   [Code Root Fixup: 0.0 ms]
   [Code Root Purge: 0.0 ms]
   [Clear CT: 0.2 ms]
   [Other: 1.1 ms]
      [Choose CSet: 0.0 ms]
      [Ref Proc: 0.4 ms]
      [Ref Enq: 0.0 ms]
      [Redirty Cards: 0.2 ms]
      [Humongous Register: 0.2 ms]
      [Humongous Reclaim: 0.0 ms]
      [Free CSet: 0.0 ms]
   [Eden: 1024.0K(272.0M)->0.0B(286.0M) Survivors: 7168.0K->7168.0K Heap: 510.7M(1024.0M)->510.3M(1024.0M)]
 [Times: user=0.04 sys=0.00, real=0.00 secs] 
9.951: [GC concurrent-root-region-scan-start]
9.951: [GC concurrent-root-region-scan-end, 0.0001653 secs]
9.952: [GC concurrent-mark-start]
9.953: [GC concurrent-mark-end, 0.0018250 secs]
9.953: [GC remark 9.954: [Finalize Marking, 0.0003639 secs] 9.954: [GC ref-proc, 0.0004126 secs] 9.954: [Unloading, 0.0009279 secs], 0.0025263 secs]
 [Times: user=0.02 sys=0.00, real=0.00 secs] 
9.956: [GC cleanup 517M->515M(1024M), 0.0013425 secs]
 [Times: user=0.01 sys=0.00, real=0.01 secs] 
9.958: [GC concurrent-cleanup-start]
9.958: [GC concurrent-cleanup-end, 0.0000219 secs]
10.059: [GC pause (G1 Evacuation Pause) (young) (to-space exhausted), 0.0400098 secs]
   [Parallel Time: 37.3 ms, GC Workers: 18]
      [GC Worker Start (ms): Min: 10059.5, Avg: 10059.7, Max: 10060.0, Diff: 0.5]
      [Ext Root Scanning (ms): Min: 0.0, Avg: 0.1, Max: 0.3, Diff: 0.3, Sum: 2.4]
      [Update RS (ms): Min: 9.6, Avg: 9.8, Max: 9.9, Diff: 0.3, Sum: 175.9]
         [Processed Buffers: Min: 28, Avg: 31.3, Max: 36, Diff: 8, Sum: 564]
      [Scan RS (ms): Min: 0.0, Avg: 0.1, Max: 0.1, Diff: 0.1, Sum: 0.9]
      [Code Root Scanning (ms): Min: 0.0, Avg: 0.0, Max: 0.0, Diff: 0.0, Sum: 0.0]
      [Object Copy (ms): Min: 19.4, Avg: 20.1, Max: 26.7, Diff: 7.3, Sum: 360.9]
      [Termination (ms): Min: 0.0, Avg: 6.8, Max: 7.2, Diff: 7.2, Sum: 122.0]
         [Termination Attempts: Min: 1, Avg: 1.0, Max: 1, Diff: 0, Sum: 18]
      [GC Worker Other (ms): Min: 0.0, Avg: 0.0, Max: 0.1, Diff: 0.1, Sum: 0.8]
      [GC Worker Total (ms): Min: 36.5, Avg: 36.8, Max: 37.0, Diff: 0.5, Sum: 662.8]
      [GC Worker End (ms): Min: 10096.5, Avg: 10096.6, Max: 10096.6, Diff: 0.1]
   [Code Root Fixup: 0.0 ms]
   [Code Root Purge: 0.0 ms]
   [Clear CT: 0.3 ms]
   [Other: 2.4 ms]
      [Evacuation Failure: 0.6 ms]
      [Choose CSet: 0.0 ms]
      [Ref Proc: 0.2 ms]
      [Ref Enq: 0.0 ms]
      [Redirty Cards: 0.2 ms]
      [Humongous Register: 0.4 ms]
      [Humongous Reclaim: 0.5 ms]
      [Free CSet: 0.3 ms]
   [Eden: 286.0M(286.0M)->0.0B(14.0M) Survivors: 7168.0K->37.0M Heap: 862.6M(1024.0M)->683.5M(1024.0M)]
 [Times: user=0.65 sys=0.01, real=0.04 secs] 
10.105: [GC pause (G1 Evacuation Pause) (mixed), 0.0198132 secs]
   [Parallel Time: 17.9 ms, GC Workers: 18]
      [GC Worker Start (ms): Min: 10105.7, Avg: 10105.9, Max: 10106.2, Diff: 0.5]
      [Ext Root Scanning (ms): Min: 0.0, Avg: 0.1, Max: 0.3, Diff: 0.3, Sum: 1.7]
      [Update RS (ms): Min: 0.4, Avg: 0.5, Max: 0.6, Diff: 0.2, Sum: 9.6]
         [Processed Buffers: Min: 1, Avg: 3.1, Max: 14, Diff: 13, Sum: 55]
      [Scan RS (ms): Min: 0.0, Avg: 0.1, Max: 0.3, Diff: 0.3, Sum: 1.6]
      [Code Root Scanning (ms): Min: 0.0, Avg: 0.0, Max: 0.0, Diff: 0.0, Sum: 0.0]
      [Object Copy (ms): Min: 15.9, Avg: 16.1, Max: 16.6, Diff: 0.7, Sum: 289.9]
      [Termination (ms): Min: 0.0, Avg: 0.5, Max: 0.7, Diff: 0.7, Sum: 9.4]
         [Termination Attempts: Min: 1, Avg: 1.1, Max: 2, Diff: 1, Sum: 19]
      [GC Worker Other (ms): Min: 0.0, Avg: 0.0, Max: 0.0, Diff: 0.0, Sum: 0.3]
      [GC Worker Total (ms): Min: 17.2, Avg: 17.4, Max: 17.6, Diff: 0.4, Sum: 312.6]
      [GC Worker End (ms): Min: 10123.3, Avg: 10123.3, Max: 10123.3, Diff: 0.0]
   [Code Root Fixup: 0.0 ms]
   [Code Root Purge: 0.0 ms]
   [Clear CT: 0.2 ms]
   [Other: 1.7 ms]
      [Choose CSet: 0.1 ms]
      [Ref Proc: 0.3 ms]
      [Ref Enq: 0.0 ms]
      [Redirty Cards: 0.3 ms]
      [Humongous Register: 0.4 ms]
      [Humongous Reclaim: 0.1 ms]
      [Free CSet: 0.4 ms]
   [Eden: 14.0M(14.0M)->0.0B(48.0M) Survivors: 37.0M->3072.0K Heap: 700.2M(1024.0M)->611.1M(1024.0M)]
 [Times: user=0.17 sys=0.14, real=0.02 secs] 
执行结束。共生成对象次数:71830
Heap
 garbage-first heap   total 1048576K, used 659575K [0x00000000c0000000, 0x00000000c0102000, 0x0000000100000000)
  region size 1024K, 31 young (31744K), 3 survivors (3072K)
 Metaspace       used 2541K, capacity 4490K, committed 4864K, reserved 1056768K
  class space    used 273K, capacity 386K, committed 512K, reserved 1048576K
开始执行.......
0.175: [GC pause (G1 Evacuation Pause) (young), 0.0065869 secs]
   [Parallel Time: 4.8 ms, GC Workers: 18]
      [GC Worker Start (ms): Min: 175.3, Avg: 177.5, Max: 179.9, Diff: 4.6]
      [Ext Root Scanning (ms): Min: 0.0, Avg: 0.2, Max: 0.5, Diff: 0.5, Sum: 2.8]
      [Update RS (ms): Min: 0.0, Avg: 0.0, Max: 0.0, Diff: 0.0, Sum: 0.0]
         [Processed Buffers: Min: 0, Avg: 0.0, Max: 0, Diff: 0, Sum: 0]
      [Scan RS (ms): Min: 0.0, Avg: 0.0, Max: 0.1, Diff: 0.1, Sum: 0.2]
      [Code Root Scanning (ms): Min: 0.0, Avg: 0.0, Max: 0.0, Diff: 0.0, Sum: 0.0]
      [Object Copy (ms): Min: 0.0, Avg: 1.5, Max: 3.2, Diff: 3.2, Sum: 26.7]
      [Termination (ms): Min: 0.0, Avg: 0.8, Max: 1.1, Diff: 1.1, Sum: 13.9]
         [Termination Attempts: Min: 1, Avg: 1.0, Max: 1, Diff: 0, Sum: 18]
      [GC Worker Other (ms): Min: 0.0, Avg: 0.0, Max: 0.0, Diff: 0.0, Sum: 0.3]
      [GC Worker Total (ms): Min: 0.0, Avg: 2.4, Max: 4.6, Diff: 4.6, Sum: 44.1]
      [GC Worker End (ms): Min: 179.9, Avg: 180.0, Max: 180.0, Diff: 0.0]
   [Code Root Fixup: 0.0 ms]
   [Code Root Purge: 0.0 ms]
   [Clear CT: 0.2 ms]
   [Other: 1.5 ms]
      [Choose CSet: 0.0 ms]
      [Ref Proc: 0.7 ms]
      [Ref Enq: 0.0 ms]
      [Redirty Cards: 0.2 ms]
      [Humongous Register: 0.1 ms]
      [Humongous Reclaim: 0.0 ms]
      [Free CSet: 0.1 ms]
   [Eden: 51.0M(51.0M)->0.0B(44.0M) Survivors: 0.0B->7168.0K Heap: 61.2M(1024.0M)->21.5M(1024.0M)]
 [Times: user=0.03 sys=0.02, real=0.00 secs] 
0.211: [GC pause (G1 Evacuation Pause) (young), 0.0075939 secs]
   [Parallel Time: 6.5 ms, GC Workers: 18]
      [GC Worker Start (ms): Min: 210.7, Avg: 210.9, Max: 212.2, Diff: 1.5]
      [Ext Root Scanning (ms): Min: 0.0, Avg: 0.1, Max: 0.3, Diff: 0.3, Sum: 2.6]
      [Update RS (ms): Min: 0.0, Avg: 0.8, Max: 1.0, Diff: 1.0, Sum: 15.2]
         [Processed Buffers: Min: 0, Avg: 3.0, Max: 4, Diff: 4, Sum: 54]
      [Scan RS (ms): Min: 0.0, Avg: 0.0, Max: 0.0, Diff: 0.0, Sum: 0.2]
      [Code Root Scanning (ms): Min: 0.0, Avg: 0.0, Max: 0.0, Diff: 0.0, Sum: 0.0]
      [Object Copy (ms): Min: 3.9, Avg: 4.6, Max: 5.4, Diff: 1.5, Sum: 82.6]
      [Termination (ms): Min: 0.0, Avg: 0.4, Max: 0.9, Diff: 0.9, Sum: 7.4]
         [Termination Attempts: Min: 1, Avg: 1.1, Max: 2, Diff: 1, Sum: 19]
      [GC Worker Other (ms): Min: 0.0, Avg: 0.0, Max: 0.0, Diff: 0.0, Sum: 0.2]
      [GC Worker Total (ms): Min: 4.7, Avg: 6.0, Max: 6.2, Diff: 1.5, Sum: 108.3]
      [GC Worker End (ms): Min: 216.9, Avg: 216.9, Max: 216.9, Diff: 0.0]
   [Code Root Fixup: 0.0 ms]
   [Code Root Purge: 0.0 ms]
   [Clear CT: 0.2 ms]
   [Other: 0.9 ms]
      [Choose CSet: 0.0 ms]
      [Ref Proc: 0.3 ms]
      [Ref Enq: 0.0 ms]
      [Redirty Cards: 0.2 ms]
      [Humongous Register: 0.0 ms]
      [Humongous Reclaim: 0.1 ms]
      [Free CSet: 0.1 ms]
   [Eden: 44.0M(44.0M)->0.0B(44.0M) Survivors: 7168.0K->7168.0K Heap: 80.8M(1024.0M)->43.4M(1024.0M)]
 [Times: user=0.07 sys=0.04, real=0.01 secs] 
0.242: [GC pause (G1 Evacuation Pause) (young), 0.0062720 secs]
   [Parallel Time: 5.1 ms, GC Workers: 18]
      [GC Worker Start (ms): Min: 241.9, Avg: 242.1, Max: 242.3, Diff: 0.3]
      [Ext Root Scanning (ms): Min: 0.0, Avg: 0.1, Max: 0.2, Diff: 0.2, Sum: 1.8]
      [Update RS (ms): Min: 0.3, Avg: 0.4, Max: 0.5, Diff: 0.2, Sum: 6.8]
         [Processed Buffers: Min: 1, Avg: 1.2, Max: 2, Diff: 1, Sum: 22]
      [Scan RS (ms): Min: 0.0, Avg: 0.0, Max: 0.0, Diff: 0.0, Sum: 0.2]
      [Code Root Scanning (ms): Min: 0.0, Avg: 0.0, Max: 0.0, Diff: 0.0, Sum: 0.0]
      [Object Copy (ms): Min: 3.7, Avg: 3.9, Max: 4.2, Diff: 0.5, Sum: 71.0]
      [Termination (ms): Min: 0.0, Avg: 0.3, Max: 0.4, Diff: 0.4, Sum: 4.5]
         [Termination Attempts: Min: 1, Avg: 1.0, Max: 1, Diff: 0, Sum: 18]
      [GC Worker Other (ms): Min: 0.0, Avg: 0.0, Max: 0.0, Diff: 0.0, Sum: 0.2]
      [GC Worker Total (ms): Min: 4.5, Avg: 4.7, Max: 4.9, Diff: 0.4, Sum: 84.6]
      [GC Worker End (ms): Min: 246.8, Avg: 246.8, Max: 246.8, Diff: 0.0]
   [Code Root Fixup: 0.0 ms]
   [Code Root Purge: 0.0 ms]
   [Clear CT: 0.2 ms]
   [Other: 1.0 ms]
      [Choose CSet: 0.0 ms]
      [Ref Proc: 0.3 ms]
      [Ref Enq: 0.0 ms]
      [Redirty Cards: 0.2 ms]
      [Humongous Register: 0.0 ms]
      [Humongous Reclaim: 0.1 ms]
      [Free CSet: 0.1 ms]
   [Eden: 44.0M(44.0M)->0.0B(71.0M) Survivors: 7168.0K->7168.0K Heap: 103.6M(1024.0M)->64.1M(1024.0M)]
 [Times: user=0.04 sys=0.04, real=0.01 secs] 
0.287: [GC pause (G1 Evacuation Pause) (young), 0.0074287 secs]
   [Parallel Time: 6.2 ms, GC Workers: 18]
      [GC Worker Start (ms): Min: 287.1, Avg: 287.4, Max: 287.6, Diff: 0.5]
      [Ext Root Scanning (ms): Min: 0.0, Avg: 0.1, Max: 0.4, Diff: 0.4, Sum: 2.0]
      [Update RS (ms): Min: 0.3, Avg: 0.5, Max: 0.7, Diff: 0.4, Sum: 9.5]
         [Processed Buffers: Min: 1, Avg: 1.5, Max: 2, Diff: 1, Sum: 27]
      [Scan RS (ms): Min: 0.0, Avg: 0.0, Max: 0.1, Diff: 0.1, Sum: 0.3]
      [Code Root Scanning (ms): Min: 0.0, Avg: 0.0, Max: 0.0, Diff: 0.0, Sum: 0.0]
      [Object Copy (ms): Min: 4.4, Avg: 4.8, Max: 5.1, Diff: 0.7, Sum: 86.4]
      [Termination (ms): Min: 0.0, Avg: 0.2, Max: 0.5, Diff: 0.5, Sum: 3.7]
         [Termination Attempts: Min: 1, Avg: 1.0, Max: 1, Diff: 0, Sum: 18]
      [GC Worker Other (ms): Min: 0.0, Avg: 0.0, Max: 0.1, Diff: 0.0, Sum: 0.4]
      [GC Worker Total (ms): Min: 5.5, Avg: 5.7, Max: 6.0, Diff: 0.5, Sum: 102.3]
      [GC Worker End (ms): Min: 293.0, Avg: 293.1, Max: 293.1, Diff: 0.0]
   [Code Root Fixup: 0.0 ms]
   [Code Root Purge: 0.0 ms]
   [Clear CT: 0.2 ms]
   [Other: 1.0 ms]
      [Choose CSet: 0.0 ms]
      [Ref Proc: 0.2 ms]
      [Ref Enq: 0.0 ms]
      [Redirty Cards: 0.2 ms]
      [Humongous Register: 0.1 ms]
      [Humongous Reclaim: 0.1 ms]
      [Free CSet: 0.1 ms]
   [Eden: 71.0M(71.0M)->0.0B(101.0M) Survivors: 7168.0K->10.0M Heap: 156.1M(1024.0M)->94.4M(1024.0M)]
 [Times: user=0.05 sys=0.05, real=0.01 secs] 
0.347: [GC pause (G1 Evacuation Pause) (young), 0.0106034 secs]
   [Parallel Time: 9.1 ms, GC Workers: 18]
      [GC Worker Start (ms): Min: 347.3, Avg: 347.6, Max: 347.8, Diff: 0.5]
      [Ext Root Scanning (ms): Min: 0.0, Avg: 0.2, Max: 0.5, Diff: 0.5, Sum: 3.1]
      [Update RS (ms): Min: 0.4, Avg: 0.7, Max: 0.8, Diff: 0.4, Sum: 13.2]
         [Processed Buffers: Min: 1, Avg: 1.8, Max: 2, Diff: 1, Sum: 33]
      [Scan RS (ms): Min: 0.0, Avg: 0.0, Max: 0.1, Diff: 0.1, Sum: 0.3]
      [Code Root Scanning (ms): Min: 0.0, Avg: 0.0, Max: 0.0, Diff: 0.0, Sum: 0.0]
      [Object Copy (ms): Min: 7.1, Avg: 7.3, Max: 7.6, Diff: 0.5, Sum: 132.1]
      [Termination (ms): Min: 0.0, Avg: 0.2, Max: 0.4, Diff: 0.4, Sum: 3.1]
         [Termination Attempts: Min: 1, Avg: 1.0, Max: 1, Diff: 0, Sum: 18]
      [GC Worker Other (ms): Min: 0.0, Avg: 0.0, Max: 0.0, Diff: 0.0, Sum: 0.3]
      [GC Worker Total (ms): Min: 8.2, Avg: 8.5, Max: 8.8, Diff: 0.5, Sum: 152.2]
      [GC Worker End (ms): Min: 356.0, Avg: 356.0, Max: 356.0, Diff: 0.0]
   [Code Root Fixup: 0.0 ms]
   [Code Root Purge: 0.0 ms]
   [Clear CT: 0.2 ms]
   [Other: 1.3 ms]
      [Choose CSet: 0.0 ms]
      [Ref Proc: 0.3 ms]
      [Ref Enq: 0.0 ms]
      [Redirty Cards: 0.3 ms]
      [Humongous Register: 0.1 ms]
      [Humongous Reclaim: 0.1 ms]
      [Free CSet: 0.2 ms]
   [Eden: 101.0M(101.0M)->0.0B(114.0M) Survivors: 10.0M->14.0M Heap: 214.8M(1024.0M)->133.2M(1024.0M)]
 [Times: user=0.07 sys=0.09, real=0.01 secs] 
0.411: [GC pause (G1 Evacuation Pause) (young), 0.0107153 secs]
   [Parallel Time: 9.3 ms, GC Workers: 18]
      [GC Worker Start (ms): Min: 411.0, Avg: 411.2, Max: 412.0, Diff: 1.1]
      [Ext Root Scanning (ms): Min: 0.0, Avg: 0.1, Max: 0.3, Diff: 0.3, Sum: 2.3]
      [Update RS (ms): Min: 0.0, Avg: 0.6, Max: 0.7, Diff: 0.7, Sum: 10.8]
         [Processed Buffers: Min: 0, Avg: 1.8, Max: 2, Diff: 2, Sum: 32]
      [Scan RS (ms): Min: 0.0, Avg: 0.0, Max: 0.1, Diff: 0.1, Sum: 0.2]
      [Code Root Scanning (ms): Min: 0.0, Avg: 0.0, Max: 0.0, Diff: 0.0, Sum: 0.0]
      [Object Copy (ms): Min: 7.6, Avg: 7.9, Max: 8.1, Diff: 0.5, Sum: 141.3]
      [Termination (ms): Min: 0.0, Avg: 0.3, Max: 0.5, Diff: 0.5, Sum: 4.6]
         [Termination Attempts: Min: 1, Avg: 1.3, Max: 2, Diff: 1, Sum: 24]
      [GC Worker Other (ms): Min: 0.0, Avg: 0.0, Max: 0.1, Diff: 0.1, Sum: 0.5]
      [GC Worker Total (ms): Min: 8.1, Avg: 8.9, Max: 9.1, Diff: 1.1, Sum: 159.8]
      [GC Worker End (ms): Min: 420.1, Avg: 420.1, Max: 420.1, Diff: 0.0]
   [Code Root Fixup: 0.0 ms]
   [Code Root Purge: 0.0 ms]
   [Clear CT: 0.2 ms]
   [Other: 1.2 ms]
      [Choose CSet: 0.0 ms]
      [Ref Proc: 0.3 ms]
      [Ref Enq: 0.0 ms]
      [Redirty Cards: 0.3 ms]
      [Humongous Register: 0.1 ms]
      [Humongous Reclaim: 0.1 ms]
      [Free CSet: 0.2 ms]
   [Eden: 114.0M(114.0M)->0.0B(598.0M) Survivors: 14.0M->16.0M Heap: 280.5M(1024.0M)->182.7M(1024.0M)]
 [Times: user=0.07 sys=0.10, real=0.01 secs] 
0.843: [GC pause (G1 Humongous Allocation) (young) (to-space exhausted), 0.0105057 secs]
   [Parallel Time: 3.5 ms, GC Workers: 18]
      [GC Worker Start (ms): Min: 843.3, Avg: 843.7, Max: 844.7, Diff: 1.4]
      [Ext Root Scanning (ms): Min: 0.0, Avg: 0.1, Max: 0.5, Diff: 0.4, Sum: 2.5]
      [Update RS (ms): Min: 0.0, Avg: 0.7, Max: 0.8, Diff: 0.8, Sum: 12.1]
         [Processed Buffers: Min: 0, Avg: 1.9, Max: 3, Diff: 3, Sum: 34]
      [Scan RS (ms): Min: 0.0, Avg: 0.2, Max: 0.3, Diff: 0.2, Sum: 3.2]
      [Code Root Scanning (ms): Min: 0.0, Avg: 0.0, Max: 0.0, Diff: 0.0, Sum: 0.0]
      [Object Copy (ms): Min: 1.6, Avg: 1.8, Max: 1.8, Diff: 0.2, Sum: 31.8]
      [Termination (ms): Min: 0.0, Avg: 0.1, Max: 0.1, Diff: 0.1, Sum: 1.2]
         [Termination Attempts: Min: 1, Avg: 1.8, Max: 2, Diff: 1, Sum: 32]
      [GC Worker Other (ms): Min: 0.0, Avg: 0.0, Max: 0.1, Diff: 0.1, Sum: 0.6]
      [GC Worker Total (ms): Min: 1.9, Avg: 2.9, Max: 3.2, Diff: 1.4, Sum: 51.4]
      [GC Worker End (ms): Min: 846.5, Avg: 846.5, Max: 846.6, Diff: 0.1]
   [Code Root Fixup: 0.0 ms]
   [Code Root Purge: 0.0 ms]
   [Clear CT: 0.5 ms]
   [Other: 6.6 ms]
      [Evacuation Failure: 4.4 ms]
      [Choose CSet: 0.0 ms]
      [Ref Proc: 0.5 ms]
      [Ref Enq: 0.0 ms]
      [Redirty Cards: 0.2 ms]
      [Humongous Register: 0.2 ms]
      [Humongous Reclaim: 0.5 ms]
      [Free CSet: 0.4 ms]
   [Eden: 580.0M(598.0M)->0.0B(149.0M) Survivors: 16.0M->0.0B Heap: 912.1M(1024.0M)->695.9M(1024.0M)]
 [Times: user=0.04 sys=0.07, real=0.01 secs] 
0.854: [GC pause (G1 Humongous Allocation) (young) (initial-mark), 0.0019273 secs]
   [Parallel Time: 0.9 ms, GC Workers: 18]
      [GC Worker Start (ms): Min: 854.0, Avg: 854.2, Max: 854.4, Diff: 0.4]
      [Ext Root Scanning (ms): Min: 0.0, Avg: 0.2, Max: 0.5, Diff: 0.4, Sum: 4.4]
      [Update RS (ms): Min: 0.0, Avg: 0.2, Max: 0.3, Diff: 0.3, Sum: 2.9]
         [Processed Buffers: Min: 0, Avg: 1.9, Max: 4, Diff: 4, Sum: 35]
      [Scan RS (ms): Min: 0.0, Avg: 0.0, Max: 0.0, Diff: 0.0, Sum: 0.0]
      [Code Root Scanning (ms): Min: 0.0, Avg: 0.0, Max: 0.0, Diff: 0.0, Sum: 0.0]
      [Object Copy (ms): Min: 0.0, Avg: 0.0, Max: 0.1, Diff: 0.1, Sum: 0.2]
      [Termination (ms): Min: 0.0, Avg: 0.1, Max: 0.2, Diff: 0.2, Sum: 1.7]
         [Termination Attempts: Min: 1, Avg: 1.0, Max: 1, Diff: 0, Sum: 18]
      [GC Worker Other (ms): Min: 0.0, Avg: 0.0, Max: 0.0, Diff: 0.0, Sum: 0.1]
      [GC Worker Total (ms): Min: 0.3, Avg: 0.5, Max: 0.7, Diff: 0.4, Sum: 9.3]
      [GC Worker End (ms): Min: 854.7, Avg: 854.7, Max: 854.7, Diff: 0.0]
   [Code Root Fixup: 0.0 ms]
   [Code Root Purge: 0.0 ms]
   [Clear CT: 0.3 ms]
   [Other: 0.8 ms]
      [Choose CSet: 0.0 ms]
      [Ref Proc: 0.3 ms]
      [Ref Enq: 0.0 ms]
      [Redirty Cards: 0.2 ms]
      [Humongous Register: 0.1 ms]
      [Humongous Reclaim: 0.0 ms]
      [Free CSet: 0.0 ms]
   [Eden: 1024.0K(149.0M)->0.0B(151.0M) Survivors: 0.0B->1024.0K Heap: 697.1M(1024.0M)->696.0M(1024.0M)]
 [Times: user=0.00 sys=0.00, real=0.00 secs] 
0.856: [GC concurrent-root-region-scan-start]
0.856: [GC concurrent-root-region-scan-end, 0.0001005 secs]
0.856: [GC concurrent-mark-start]
0.864: [GC concurrent-mark-end, 0.0081145 secs]
0.864: [GC remark 0.864: [Finalize Marking, 0.0004694 secs] 0.865: [GC ref-proc, 0.0004044 secs] 0.865: [Unloading, 0.0012105 secs], 0.0035976 secs]
 [Times: user=0.03 sys=0.01, real=0.00 secs] 
0.868: [GC cleanup 718M->714M(1024M), 0.0019152 secs]
 [Times: user=0.01 sys=0.00, real=0.00 secs] 
0.870: [GC concurrent-cleanup-start]
0.870: [GC concurrent-cleanup-end, 0.0000279 secs]
0.932: [GC pause (G1 Evacuation Pause) (young), 0.0187346 secs]
   [Parallel Time: 17.0 ms, GC Workers: 18]
      [GC Worker Start (ms): Min: 932.7, Avg: 933.0, Max: 933.2, Diff: 0.5]
      [Ext Root Scanning (ms): Min: 0.0, Avg: 0.1, Max: 0.4, Diff: 0.4, Sum: 2.5]
      [Update RS (ms): Min: 0.7, Avg: 0.8, Max: 1.0, Diff: 0.3, Sum: 14.7]
         [Processed Buffers: Min: 0, Avg: 2.4, Max: 3, Diff: 3, Sum: 43]
      [Scan RS (ms): Min: 0.0, Avg: 0.0, Max: 0.1, Diff: 0.1, Sum: 0.6]
      [Code Root Scanning (ms): Min: 0.0, Avg: 0.0, Max: 0.0, Diff: 0.0, Sum: 0.0]
      [Object Copy (ms): Min: 14.8, Avg: 15.2, Max: 15.5, Diff: 0.7, Sum: 274.5]
      [Termination (ms): Min: 0.0, Avg: 0.2, Max: 0.5, Diff: 0.5, Sum: 4.3]
         [Termination Attempts: Min: 1, Avg: 1.1, Max: 2, Diff: 1, Sum: 20]
      [GC Worker Other (ms): Min: 0.0, Avg: 0.0, Max: 0.1, Diff: 0.0, Sum: 0.4]
      [GC Worker Total (ms): Min: 16.3, Avg: 16.5, Max: 16.8, Diff: 0.5, Sum: 296.9]
      [GC Worker End (ms): Min: 949.4, Avg: 949.5, Max: 949.5, Diff: 0.0]
   [Code Root Fixup: 0.0 ms]
   [Code Root Purge: 0.0 ms]
   [Clear CT: 0.2 ms]
   [Other: 1.5 ms]
      [Choose CSet: 0.0 ms]
      [Ref Proc: 0.3 ms]
      [Ref Enq: 0.0 ms]
      [Redirty Cards: 0.3 ms]
      [Humongous Register: 0.2 ms]
      [Humongous Reclaim: 0.3 ms]
      [Free CSet: 0.3 ms]
   [Eden: 151.0M(151.0M)->0.0B(32.0M) Survivors: 1024.0K->19.0M Heap: 887.6M(1024.0M)->745.4M(1024.0M)]
 [Times: user=0.24 sys=0.06, real=0.01 secs] 
0.963: [GC pause (G1 Evacuation Pause) (mixed), 0.0137998 secs]
   [Parallel Time: 12.2 ms, GC Workers: 18]
      [GC Worker Start (ms): Min: 962.9, Avg: 963.2, Max: 963.4, Diff: 0.5]
      [Ext Root Scanning (ms): Min: 0.0, Avg: 0.1, Max: 0.4, Diff: 0.4, Sum: 2.3]
      [Update RS (ms): Min: 0.7, Avg: 1.0, Max: 1.2, Diff: 0.5, Sum: 17.3]
         [Processed Buffers: Min: 1, Avg: 2.6, Max: 3, Diff: 2, Sum: 46]
      [Scan RS (ms): Min: 0.0, Avg: 0.0, Max: 0.1, Diff: 0.1, Sum: 0.7]
      [Code Root Scanning (ms): Min: 0.0, Avg: 0.0, Max: 0.0, Diff: 0.0, Sum: 0.0]
      [Object Copy (ms): Min: 9.9, Avg: 10.3, Max: 10.7, Diff: 0.8, Sum: 185.2]
      [Termination (ms): Min: 0.0, Avg: 0.3, Max: 0.4, Diff: 0.4, Sum: 4.6]
         [Termination Attempts: Min: 1, Avg: 1.0, Max: 1, Diff: 0, Sum: 18]
      [GC Worker Other (ms): Min: 0.0, Avg: 0.0, Max: 0.0, Diff: 0.0, Sum: 0.3]
      [GC Worker Total (ms): Min: 11.5, Avg: 11.7, Max: 11.9, Diff: 0.5, Sum: 210.4]
      [GC Worker End (ms): Min: 974.9, Avg: 974.9, Max: 974.9, Diff: 0.0]
   [Code Root Fixup: 0.0 ms]
   [Code Root Purge: 0.0 ms]
   [Clear CT: 0.3 ms]
   [Other: 1.4 ms]
      [Choose CSet: 0.1 ms]
      [Ref Proc: 0.3 ms]
      [Ref Enq: 0.0 ms]
      [Redirty Cards: 0.2 ms]
      [Humongous Register: 0.2 ms]
      [Humongous Reclaim: 0.1 ms]
      [Free CSet: 0.4 ms]
   [Eden: 32.0M(32.0M)->0.0B(44.0M) Survivors: 19.0M->7168.0K Heap: 785.6M(1024.0M)->656.0M(1024.0M)]
 [Times: user=0.18 sys=0.04, real=0.01 secs] 
0.994: [GC pause (G1 Evacuation Pause) (mixed), 0.0146386 secs]
   [Parallel Time: 13.0 ms, GC Workers: 18]
      [GC Worker Start (ms): Min: 994.4, Avg: 994.7, Max: 994.9, Diff: 0.5]
      [Ext Root Scanning (ms): Min: 0.0, Avg: 0.1, Max: 0.4, Diff: 0.4, Sum: 2.0]
      [Update RS (ms): Min: 0.7, Avg: 0.9, Max: 1.1, Diff: 0.4, Sum: 17.0]
         [Processed Buffers: Min: 1, Avg: 2.7, Max: 3, Diff: 2, Sum: 48]
      [Scan RS (ms): Min: 0.0, Avg: 0.0, Max: 0.1, Diff: 0.1, Sum: 0.7]
      [Code Root Scanning (ms): Min: 0.0, Avg: 0.0, Max: 0.0, Diff: 0.0, Sum: 0.0]
      [Object Copy (ms): Min: 10.8, Avg: 11.1, Max: 11.5, Diff: 0.7, Sum: 200.2]
      [Termination (ms): Min: 0.0, Avg: 0.2, Max: 0.5, Diff: 0.5, Sum: 4.3]
         [Termination Attempts: Min: 1, Avg: 1.0, Max: 1, Diff: 0, Sum: 18]
      [GC Worker Other (ms): Min: 0.0, Avg: 0.0, Max: 0.0, Diff: 0.0, Sum: 0.3]
      [GC Worker Total (ms): Min: 12.3, Avg: 12.5, Max: 12.8, Diff: 0.5, Sum: 224.5]
      [GC Worker End (ms): Min: 1007.2, Avg: 1007.2, Max: 1007.2, Diff: 0.0]
   [Code Root Fixup: 0.0 ms]
   [Code Root Purge: 0.0 ms]
   [Clear CT: 0.2 ms]
   [Other: 1.4 ms]
      [Choose CSet: 0.1 ms]
      [Ref Proc: 0.2 ms]
      [Ref Enq: 0.0 ms]
      [Redirty Cards: 0.2 ms]
      [Humongous Register: 0.2 ms]
      [Humongous Reclaim: 0.1 ms]
      [Free CSet: 0.5 ms]
   [Eden: 44.0M(44.0M)->0.0B(44.0M) Survivors: 7168.0K->7168.0K Heap: 716.5M(1024.0M)->585.9M(1024.0M)]
 [Times: user=0.19 sys=0.04, real=0.01 secs] 
1.026: [GC pause (G1 Evacuation Pause) (mixed), 0.0129663 secs]
   [Parallel Time: 11.2 ms, GC Workers: 18]
      [GC Worker Start (ms): Min: 1026.7, Avg: 1027.0, Max: 1027.2, Diff: 0.5]
      [Ext Root Scanning (ms): Min: 0.0, Avg: 0.1, Max: 0.3, Diff: 0.3, Sum: 1.5]
      [Update RS (ms): Min: 0.9, Avg: 1.1, Max: 1.3, Diff: 0.4, Sum: 19.2]
         [Processed Buffers: Min: 2, Avg: 3.3, Max: 5, Diff: 3, Sum: 59]
      [Scan RS (ms): Min: 0.0, Avg: 0.0, Max: 0.1, Diff: 0.1, Sum: 0.8]
      [Code Root Scanning (ms): Min: 0.0, Avg: 0.0, Max: 0.0, Diff: 0.0, Sum: 0.0]
      [Object Copy (ms): Min: 9.0, Avg: 9.3, Max: 9.6, Diff: 0.6, Sum: 167.2]
      [Termination (ms): Min: 0.0, Avg: 0.3, Max: 0.5, Diff: 0.5, Sum: 5.0]
         [Termination Attempts: Min: 1, Avg: 1.8, Max: 4, Diff: 3, Sum: 33]
      [GC Worker Other (ms): Min: 0.0, Avg: 0.0, Max: 0.0, Diff: 0.0, Sum: 0.2]
      [GC Worker Total (ms): Min: 10.5, Avg: 10.8, Max: 11.0, Diff: 0.5, Sum: 193.9]
      [GC Worker End (ms): Min: 1037.7, Avg: 1037.7, Max: 1037.7, Diff: 0.0]
   [Code Root Fixup: 0.0 ms]
   [Code Root Purge: 0.0 ms]
   [Clear CT: 0.2 ms]
   [Other: 1.6 ms]
      [Choose CSet: 0.1 ms]
      [Ref Proc: 0.3 ms]
      [Ref Enq: 0.0 ms]
      [Redirty Cards: 0.3 ms]
      [Humongous Register: 0.2 ms]
      [Humongous Reclaim: 0.1 ms]
      [Free CSet: 0.4 ms]
   [Eden: 44.0M(44.0M)->0.0B(44.0M) Survivors: 7168.0K->7168.0K Heap: 641.6M(1024.0M)->511.2M(1024.0M)]
 [Times: user=0.17 sys=0.02, real=0.01 secs] 
1.057: [GC pause (G1 Evacuation Pause) (mixed), 0.0184833 secs]
   [Parallel Time: 16.7 ms, GC Workers: 18]
      [GC Worker Start (ms): Min: 1057.6, Avg: 1057.9, Max: 1058.1, Diff: 0.5]
      [Ext Root Scanning (ms): Min: 0.0, Avg: 0.1, Max: 0.4, Diff: 0.4, Sum: 2.3]
      [Update RS (ms): Min: 0.6, Avg: 0.8, Max: 1.1, Diff: 0.5, Sum: 15.2]
         [Processed Buffers: Min: 1, Avg: 2.4, Max: 3, Diff: 2, Sum: 44]
      [Scan RS (ms): Min: 0.0, Avg: 0.0, Max: 0.1, Diff: 0.1, Sum: 0.9]
      [Code Root Scanning (ms): Min: 0.0, Avg: 0.0, Max: 0.0, Diff: 0.0, Sum: 0.0]
      [Object Copy (ms): Min: 14.2, Avg: 14.7, Max: 15.2, Diff: 1.1, Sum: 264.5]
      [Termination (ms): Min: 0.0, Avg: 0.4, Max: 0.9, Diff: 0.9, Sum: 8.0]
         [Termination Attempts: Min: 1, Avg: 1.1, Max: 2, Diff: 1, Sum: 19]
      [GC Worker Other (ms): Min: 0.0, Avg: 0.0, Max: 0.0, Diff: 0.0, Sum: 0.3]
      [GC Worker Total (ms): Min: 16.0, Avg: 16.2, Max: 16.4, Diff: 0.5, Sum: 291.2]
      [GC Worker End (ms): Min: 1074.1, Avg: 1074.1, Max: 1074.1, Diff: 0.0]
   [Code Root Fixup: 0.0 ms]
   [Code Root Purge: 0.0 ms]
   [Clear CT: 0.3 ms]
   [Other: 1.5 ms]
      [Choose CSet: 0.1 ms]
      [Ref Proc: 0.3 ms]
      [Ref Enq: 0.0 ms]
      [Redirty Cards: 0.3 ms]
      [Humongous Register: 0.2 ms]
      [Humongous Reclaim: 0.1 ms]
      [Free CSet: 0.4 ms]
   [Eden: 44.0M(44.0M)->0.0B(44.0M) Survivors: 7168.0K->7168.0K Heap: 566.0M(1024.0M)->451.8M(1024.0M)]
 [Times: user=0.26 sys=0.03, real=0.02 secs] 
1.093: [GC pause (G1 Evacuation Pause) (mixed), 0.0170384 secs]
   [Parallel Time: 15.3 ms, GC Workers: 18]
      [GC Worker Start (ms): Min: 1093.1, Avg: 1093.4, Max: 1093.6, Diff: 0.5]
      [Ext Root Scanning (ms): Min: 0.0, Avg: 0.1, Max: 0.3, Diff: 0.3, Sum: 2.0]
      [Update RS (ms): Min: 1.0, Avg: 1.3, Max: 1.5, Diff: 0.5, Sum: 23.0]
         [Processed Buffers: Min: 2, Avg: 3.6, Max: 5, Diff: 3, Sum: 64]
      [Scan RS (ms): Min: 0.0, Avg: 0.0, Max: 0.2, Diff: 0.2, Sum: 0.8]
      [Code Root Scanning (ms): Min: 0.0, Avg: 0.0, Max: 0.0, Diff: 0.0, Sum: 0.0]
      [Object Copy (ms): Min: 12.3, Avg: 12.9, Max: 13.4, Diff: 1.0, Sum: 232.1]
      [Termination (ms): Min: 0.0, Avg: 0.4, Max: 0.9, Diff: 0.9, Sum: 7.4]
         [Termination Attempts: Min: 1, Avg: 1.1, Max: 2, Diff: 1, Sum: 19]
      [GC Worker Other (ms): Min: 0.0, Avg: 0.0, Max: 0.0, Diff: 0.0, Sum: 0.3]
      [GC Worker Total (ms): Min: 14.6, Avg: 14.8, Max: 15.0, Diff: 0.5, Sum: 265.7]
      [GC Worker End (ms): Min: 1108.1, Avg: 1108.2, Max: 1108.2, Diff: 0.0]
   [Code Root Fixup: 0.0 ms]
   [Code Root Purge: 0.0 ms]
   [Clear CT: 0.2 ms]
   [Other: 1.5 ms]
      [Choose CSet: 0.1 ms]
      [Ref Proc: 0.3 ms]
      [Ref Enq: 0.0 ms]
      [Redirty Cards: 0.3 ms]
      [Humongous Register: 0.2 ms]
      [Humongous Reclaim: 0.1 ms]
      [Free CSet: 0.4 ms]
   [Eden: 44.0M(44.0M)->0.0B(395.0M) Survivors: 7168.0K->7168.0K Heap: 509.0M(1024.0M)->420.1M(1024.0M)]
 [Times: user=0.24 sys=0.02, real=0.01 secs] 
1.112: [GC pause (G1 Humongous Allocation) (young) (initial-mark), 0.0051465 secs]
   [Parallel Time: 3.9 ms, GC Workers: 18]
      [GC Worker Start (ms): Min: 1112.8, Avg: 1113.0, Max: 1113.1, Diff: 0.3]
      [Ext Root Scanning (ms): Min: 0.0, Avg: 0.2, Max: 0.3, Diff: 0.3, Sum: 3.3]
      [Update RS (ms): Min: 0.0, Avg: 0.3, Max: 1.6, Diff: 1.5, Sum: 6.1]
         [Processed Buffers: Min: 0, Avg: 1.1, Max: 3, Diff: 3, Sum: 19]
      [Scan RS (ms): Min: 0.0, Avg: 0.0, Max: 0.0, Diff: 0.0, Sum: 0.1]
      [Code Root Scanning (ms): Min: 0.0, Avg: 0.0, Max: 0.0, Diff: 0.0, Sum: 0.0]
      [Object Copy (ms): Min: 1.5, Avg: 2.6, Max: 3.1, Diff: 1.6, Sum: 46.1]
      [Termination (ms): Min: 0.0, Avg: 0.3, Max: 0.8, Diff: 0.8, Sum: 6.2]
         [Termination Attempts: Min: 1, Avg: 1.0, Max: 1, Diff: 0, Sum: 18]
      [GC Worker Other (ms): Min: 0.0, Avg: 0.0, Max: 0.0, Diff: 0.0, Sum: 0.3]
      [GC Worker Total (ms): Min: 3.3, Avg: 3.5, Max: 3.6, Diff: 0.3, Sum: 62.2]
      [GC Worker End (ms): Min: 1116.4, Avg: 1116.4, Max: 1116.4, Diff: 0.0]
   [Code Root Fixup: 0.0 ms]
   [Code Root Purge: 0.0 ms]
   [Clear CT: 0.3 ms]
   [Other: 1.0 ms]
      [Choose CSet: 0.0 ms]
      [Ref Proc: 0.2 ms]
      [Ref Enq: 0.0 ms]
      [Redirty Cards: 0.2 ms]
      [Humongous Register: 0.2 ms]
      [Humongous Reclaim: 0.0 ms]
      [Free CSet: 0.0 ms]
   [Eden: 9216.0K(395.0M)->0.0B(369.0M) Survivors: 7168.0K->10.0M Heap: 428.5M(1024.0M)->422.7M(1024.0M)]
 [Times: user=0.07 sys=0.00, real=0.00 secs] 
1.118: [GC concurrent-root-region-scan-start]
1.118: [GC concurrent-root-region-scan-end, 0.0001863 secs]
1.118: [GC concurrent-mark-start]
1.120: [GC concurrent-mark-end, 0.0017629 secs]
1.120: [GC remark 1.120: [Finalize Marking, 0.0003677 secs] 1.120: [GC ref-proc, 0.0004013 secs] 1.121: [Unloading, 0.0010801 secs], 0.0027082 secs]
 [Times: user=0.02 sys=0.00, real=0.01 secs] 
1.123: [GC cleanup 429M->422M(1024M), 0.0018331 secs]
 [Times: user=0.01 sys=0.00, real=0.00 secs] 
1.124: [GC concurrent-cleanup-start]
1.124: [GC concurrent-cleanup-end, 0.0000293 secs]
1.276: [GC pause (G1 Evacuation Pause) (young) (to-space exhausted), 0.0223158 secs]
   [Parallel Time: 18.3 ms, GC Workers: 18]
      [GC Worker Start (ms): Min: 1277.5, Avg: 1277.9, Max: 1278.5, Diff: 1.1]
      [Ext Root Scanning (ms): Min: 0.0, Avg: 0.2, Max: 0.5, Diff: 0.5, Sum: 3.1]
      [Update RS (ms): Min: 0.9, Avg: 1.5, Max: 1.8, Diff: 0.9, Sum: 26.5]
         [Processed Buffers: Min: 2, Avg: 4.0, Max: 5, Diff: 3, Sum: 72]
      [Scan RS (ms): Min: 0.0, Avg: 0.1, Max: 0.2, Diff: 0.1, Sum: 1.9]
      [Code Root Scanning (ms): Min: 0.0, Avg: 0.0, Max: 0.0, Diff: 0.0, Sum: 0.0]
      [Object Copy (ms): Min: 14.9, Avg: 15.1, Max: 16.0, Diff: 1.1, Sum: 272.5]
      [Termination (ms): Min: 0.0, Avg: 0.8, Max: 1.0, Diff: 1.0, Sum: 15.3]
         [Termination Attempts: Min: 1, Avg: 1.4, Max: 2, Diff: 1, Sum: 25]
      [GC Worker Other (ms): Min: 0.0, Avg: 0.0, Max: 0.1, Diff: 0.1, Sum: 0.6]
      [GC Worker Total (ms): Min: 17.1, Avg: 17.8, Max: 18.2, Diff: 1.1, Sum: 319.9]
      [GC Worker End (ms): Min: 1295.6, Avg: 1295.7, Max: 1295.7, Diff: 0.1]
   [Code Root Fixup: 0.0 ms]
   [Code Root Purge: 0.0 ms]
   [Clear CT: 0.3 ms]
   [Other: 3.7 ms]
      [Evacuation Failure: 1.0 ms]
      [Choose CSet: 0.0 ms]
      [Ref Proc: 0.2 ms]
      [Ref Enq: 0.0 ms]
      [Redirty Cards: 0.2 ms]
      [Humongous Register: 1.1 ms]
      [Humongous Reclaim: 0.5 ms]
      [Free CSet: 0.5 ms]
   [Eden: 369.0M(369.0M)->0.0B(13.0M) Survivors: 10.0M->38.0M Heap: 879.1M(1024.0M)->697.5M(1024.0M)]
 [Times: user=0.30 sys=0.03, real=0.02 secs] 
1.305: [GC pause (G1 Evacuation Pause) (mixed), 0.0265067 secs]
   [Parallel Time: 24.9 ms, GC Workers: 18]
      [GC Worker Start (ms): Min: 1305.6, Avg: 1305.9, Max: 1306.1, Diff: 0.5]
      [Ext Root Scanning (ms): Min: 0.0, Avg: 0.2, Max: 0.9, Diff: 0.9, Sum: 3.4]
      [Update RS (ms): Min: 0.0, Avg: 0.2, Max: 0.3, Diff: 0.3, Sum: 2.9]
         [Processed Buffers: Min: 0, Avg: 1.5, Max: 11, Diff: 11, Sum: 27]
      [Scan RS (ms): Min: 0.0, Avg: 0.1, Max: 0.7, Diff: 0.7, Sum: 2.1]
      [Code Root Scanning (ms): Min: 0.0, Avg: 0.0, Max: 0.1, Diff: 0.1, Sum: 0.1]
      [Object Copy (ms): Min: 21.9, Avg: 22.6, Max: 23.8, Diff: 1.9, Sum: 406.7]
      [Termination (ms): Min: 0.0, Avg: 1.2, Max: 1.9, Diff: 1.9, Sum: 22.5]
         [Termination Attempts: Min: 1, Avg: 1.0, Max: 1, Diff: 0, Sum: 18]
      [GC Worker Other (ms): Min: 0.0, Avg: 0.0, Max: 0.0, Diff: 0.0, Sum: 0.3]
      [GC Worker Total (ms): Min: 24.1, Avg: 24.3, Max: 24.6, Diff: 0.5, Sum: 438.0]
      [GC Worker End (ms): Min: 1330.2, Avg: 1330.2, Max: 1330.2, Diff: 0.0]
   [Code Root Fixup: 0.0 ms]
   [Code Root Purge: 0.0 ms]
   [Clear CT: 0.2 ms]
   [Other: 1.4 ms]
      [Choose CSet: 0.1 ms]
      [Ref Proc: 0.3 ms]
      [Ref Enq: 0.0 ms]
      [Redirty Cards: 0.2 ms]
      [Humongous Register: 0.2 ms]
      [Humongous Reclaim: 0.1 ms]
      [Free CSet: 0.4 ms]
   [Eden: 13.0M(13.0M)->0.0B(183.0M) Survivors: 38.0M->5120.0K Heap: 711.7M(1024.0M)->639.6M(1024.0M)]
 [Times: user=0.08 sys=0.35, real=0.03 secs] 
1.334: [GC pause (G1 Humongous Allocation) (young) (initial-mark), 0.0030343 secs]
   [Parallel Time: 1.9 ms, GC Workers: 18]
      [GC Worker Start (ms): Min: 1334.4, Avg: 1334.6, Max: 1334.7, Diff: 0.4]
      [Ext Root Scanning (ms): Min: 0.0, Avg: 0.2, Max: 0.4, Diff: 0.4, Sum: 4.1]
      [Update RS (ms): Min: 0.0, Avg: 0.4, Max: 0.9, Diff: 0.9, Sum: 6.3]
         [Processed Buffers: Min: 0, Avg: 1.1, Max: 3, Diff: 3, Sum: 20]
      [Scan RS (ms): Min: 0.0, Avg: 0.0, Max: 0.0, Diff: 0.0, Sum: 0.1]
      [Code Root Scanning (ms): Min: 0.0, Avg: 0.0, Max: 0.0, Diff: 0.0, Sum: 0.0]
      [Object Copy (ms): Min: 0.0, Avg: 0.7, Max: 1.1, Diff: 1.1, Sum: 12.6]
      [Termination (ms): Min: 0.0, Avg: 0.2, Max: 0.5, Diff: 0.5, Sum: 3.5]
         [Termination Attempts: Min: 1, Avg: 1.0, Max: 1, Diff: 0, Sum: 18]
      [GC Worker Other (ms): Min: 0.0, Avg: 0.0, Max: 0.0, Diff: 0.0, Sum: 0.3]
      [GC Worker Total (ms): Min: 1.3, Avg: 1.5, Max: 1.7, Diff: 0.3, Sum: 27.0]
      [GC Worker End (ms): Min: 1336.0, Avg: 1336.1, Max: 1336.1, Diff: 0.0]
   [Code Root Fixup: 0.0 ms]
   [Code Root Purge: 0.0 ms]
   [Clear CT: 0.2 ms]
   [Other: 0.9 ms]
      [Choose CSet: 0.0 ms]
      [Ref Proc: 0.3 ms]
      [Ref Enq: 0.0 ms]
      [Redirty Cards: 0.2 ms]
      [Humongous Register: 0.1 ms]
      [Humongous Reclaim: 0.0 ms]
      [Free CSet: 0.0 ms]
   [Eden: 3072.0K(183.0M)->0.0B(182.0M) Survivors: 5120.0K->5120.0K Heap: 642.3M(1024.0M)->639.9M(1024.0M)]
 [Times: user=0.03 sys=0.00, real=0.00 secs] 
1.337: [GC concurrent-root-region-scan-start]
1.337: [GC concurrent-root-region-scan-end, 0.0001292 secs]
1.337: [GC concurrent-mark-start]
1.341: [GC concurrent-mark-end, 0.0036299 secs]
1.341: [GC remark 1.341: [Finalize Marking, 0.0004153 secs] 1.342: [GC ref-proc, 0.0004127 secs] 1.342: [Unloading, 0.0009803 secs], 0.0027198 secs]
 [Times: user=0.01 sys=0.01, real=0.01 secs] 
1.344: [GC cleanup 644M->635M(1024M), 0.0018553 secs]
 [Times: user=0.02 sys=0.00, real=0.00 secs] 
1.346: [GC concurrent-cleanup-start]
1.346: [GC concurrent-cleanup-end, 0.0000415 secs]
1.432: [GC pause (G1 Evacuation Pause) (young), 0.0247244 secs]
   [Parallel Time: 22.8 ms, GC Workers: 18]
      [GC Worker Start (ms): Min: 1432.6, Avg: 1432.8, Max: 1433.0, Diff: 0.4]
      [Ext Root Scanning (ms): Min: 0.0, Avg: 0.1, Max: 0.4, Diff: 0.4, Sum: 2.6]
      [Update RS (ms): Min: 1.2, Avg: 1.4, Max: 1.5, Diff: 0.4, Sum: 24.8]
         [Processed Buffers: Min: 3, Avg: 3.9, Max: 4, Diff: 1, Sum: 70]
      [Scan RS (ms): Min: 0.0, Avg: 0.0, Max: 0.1, Diff: 0.1, Sum: 0.7]
      [Code Root Scanning (ms): Min: 0.0, Avg: 0.0, Max: 0.0, Diff: 0.0, Sum: 0.0]
      [Object Copy (ms): Min: 20.0, Avg: 20.4, Max: 20.8, Diff: 0.9, Sum: 366.9]
      [Termination (ms): Min: 0.0, Avg: 0.4, Max: 0.6, Diff: 0.6, Sum: 6.4]
         [Termination Attempts: Min: 1, Avg: 1.2, Max: 3, Diff: 2, Sum: 22]
      [GC Worker Other (ms): Min: 0.0, Avg: 0.0, Max: 0.0, Diff: 0.0, Sum: 0.4]
      [GC Worker Total (ms): Min: 22.1, Avg: 22.3, Max: 22.5, Diff: 0.4, Sum: 401.8]
      [GC Worker End (ms): Min: 1455.1, Avg: 1455.1, Max: 1455.2, Diff: 0.0]
   [Code Root Fixup: 0.0 ms]
   [Code Root Purge: 0.0 ms]
   [Clear CT: 0.3 ms]
   [Other: 1.7 ms]
      [Choose CSet: 0.0 ms]
      [Ref Proc: 0.3 ms]
      [Ref Enq: 0.0 ms]
      [Redirty Cards: 0.3 ms]
      [Humongous Register: 0.3 ms]
      [Humongous Reclaim: 0.3 ms]
      [Free CSet: 0.4 ms]
   [Eden: 182.0M(182.0M)->0.0B(27.0M) Survivors: 5120.0K->24.0M Heap: 869.7M(1024.0M)->688.6M(1024.0M)]
 [Times: user=0.38 sys=0.02, real=0.02 secs] 
1.474: [GC pause (G1 Evacuation Pause) (mixed), 0.0172078 secs]
   [Parallel Time: 15.4 ms, GC Workers: 18]
      [GC Worker Start (ms): Min: 1474.4, Avg: 1474.7, Max: 1474.9, Diff: 0.5]
      [Ext Root Scanning (ms): Min: 0.0, Avg: 0.1, Max: 0.4, Diff: 0.4, Sum: 2.2]
      [Update RS (ms): Min: 1.4, Avg: 1.5, Max: 1.7, Diff: 0.3, Sum: 27.9]
         [Processed Buffers: Min: 3, Avg: 4.5, Max: 6, Diff: 3, Sum: 81]
      [Scan RS (ms): Min: 0.0, Avg: 0.0, Max: 0.1, Diff: 0.1, Sum: 0.9]
      [Code Root Scanning (ms): Min: 0.0, Avg: 0.0, Max: 0.0, Diff: 0.0, Sum: 0.0]
      [Object Copy (ms): Min: 12.3, Avg: 12.7, Max: 12.9, Diff: 0.7, Sum: 227.7]
      [Termination (ms): Min: 0.0, Avg: 0.4, Max: 0.7, Diff: 0.7, Sum: 7.1]
         [Termination Attempts: Min: 1, Avg: 1.0, Max: 1, Diff: 0, Sum: 18]
      [GC Worker Other (ms): Min: 0.0, Avg: 0.0, Max: 0.1, Diff: 0.0, Sum: 0.4]
      [GC Worker Total (ms): Min: 14.6, Avg: 14.8, Max: 15.1, Diff: 0.5, Sum: 266.2]
      [GC Worker End (ms): Min: 1489.5, Avg: 1489.5, Max: 1489.5, Diff: 0.0]
   [Code Root Fixup: 0.0 ms]
   [Code Root Purge: 0.0 ms]
   [Clear CT: 0.3 ms]
   [Other: 1.5 ms]
      [Choose CSet: 0.1 ms]
      [Ref Proc: 0.3 ms]
      [Ref Enq: 0.0 ms]
      [Redirty Cards: 0.2 ms]
      [Humongous Register: 0.2 ms]
      [Humongous Reclaim: 0.1 ms]
      [Free CSet: 0.5 ms]
   [Eden: 27.0M(27.0M)->0.0B(44.0M) Survivors: 24.0M->7168.0K Heap: 727.4M(1024.0M)->607.1M(1024.0M)]
 [Times: user=0.17 sys=0.10, real=0.01 secs] 
1.510: [GC pause (G1 Evacuation Pause) (mixed), 0.0181915 secs]
   [Parallel Time: 16.3 ms, GC Workers: 18]
      [GC Worker Start (ms): Min: 1510.3, Avg: 1510.6, Max: 1510.8, Diff: 0.5]
      [Ext Root Scanning (ms): Min: 0.0, Avg: 0.1, Max: 0.4, Diff: 0.4, Sum: 2.1]
      [Update RS (ms): Min: 1.7, Avg: 1.8, Max: 2.0, Diff: 0.3, Sum: 33.1]
         [Processed Buffers: Min: 4, Avg: 5.4, Max: 7, Diff: 3, Sum: 97]
      [Scan RS (ms): Min: 0.0, Avg: 0.0, Max: 0.1, Diff: 0.1, Sum: 0.6]
      [Code Root Scanning (ms): Min: 0.0, Avg: 0.0, Max: 0.0, Diff: 0.0, Sum: 0.0]
      [Object Copy (ms): Min: 13.2, Avg: 13.5, Max: 13.8, Diff: 0.6, Sum: 243.6]
      [Termination (ms): Min: 0.0, Avg: 0.2, Max: 0.6, Diff: 0.6, Sum: 4.2]
         [Termination Attempts: Min: 1, Avg: 1.0, Max: 1, Diff: 0, Sum: 18]
      [GC Worker Other (ms): Min: 0.0, Avg: 0.0, Max: 0.0, Diff: 0.0, Sum: 0.3]
      [GC Worker Total (ms): Min: 15.6, Avg: 15.8, Max: 16.0, Diff: 0.5, Sum: 283.9]
      [GC Worker End (ms): Min: 1526.4, Avg: 1526.4, Max: 1526.4, Diff: 0.0]
   [Code Root Fixup: 0.0 ms]
   [Code Root Purge: 0.0 ms]
   [Clear CT: 0.2 ms]
   [Other: 1.6 ms]
      [Choose CSet: 0.1 ms]
      [Ref Proc: 0.3 ms]
      [Ref Enq: 0.0 ms]
      [Redirty Cards: 0.3 ms]
      [Humongous Register: 0.2 ms]
      [Humongous Reclaim: 0.1 ms]
      [Free CSet: 0.5 ms]
   [Eden: 44.0M(44.0M)->0.0B(44.0M) Survivors: 7168.0K->7168.0K Heap: 664.9M(1024.0M)->542.4M(1024.0M)]
 [Times: user=0.24 sys=0.05, real=0.02 secs] 
1.548: [GC pause (G1 Evacuation Pause) (mixed), 0.0221001 secs]
   [Parallel Time: 20.2 ms, GC Workers: 18]
      [GC Worker Start (ms): Min: 1548.4, Avg: 1548.6, Max: 1548.8, Diff: 0.5]
      [Ext Root Scanning (ms): Min: 0.0, Avg: 0.1, Max: 0.4, Diff: 0.4, Sum: 2.2]
      [Update RS (ms): Min: 1.7, Avg: 1.8, Max: 1.9, Diff: 0.2, Sum: 31.9]
         [Processed Buffers: Min: 5, Avg: 6.0, Max: 7, Diff: 2, Sum: 108]
      [Scan RS (ms): Min: 0.0, Avg: 0.0, Max: 0.1, Diff: 0.1, Sum: 0.6]
      [Code Root Scanning (ms): Min: 0.0, Avg: 0.0, Max: 0.0, Diff: 0.0, Sum: 0.0]
      [Object Copy (ms): Min: 16.7, Avg: 17.1, Max: 17.8, Diff: 1.1, Sum: 307.5]
      [Termination (ms): Min: 0.0, Avg: 0.7, Max: 1.1, Diff: 1.1, Sum: 12.1]
         [Termination Attempts: Min: 1, Avg: 1.1, Max: 3, Diff: 2, Sum: 20]
      [GC Worker Other (ms): Min: 0.0, Avg: 0.0, Max: 0.0, Diff: 0.0, Sum: 0.3]
      [GC Worker Total (ms): Min: 19.5, Avg: 19.7, Max: 20.0, Diff: 0.5, Sum: 354.6]
      [GC Worker End (ms): Min: 1568.3, Avg: 1568.3, Max: 1568.3, Diff: 0.0]
   [Code Root Fixup: 0.0 ms]
   [Code Root Purge: 0.0 ms]
   [Clear CT: 0.3 ms]
   [Other: 1.6 ms]
      [Choose CSet: 0.1 ms]
      [Ref Proc: 0.3 ms]
      [Ref Enq: 0.0 ms]
      [Redirty Cards: 0.3 ms]
      [Humongous Register: 0.3 ms]
      [Humongous Reclaim: 0.1 ms]
      [Free CSet: 0.4 ms]
   [Eden: 44.0M(44.0M)->0.0B(44.0M) Survivors: 7168.0K->7168.0K Heap: 597.4M(1024.0M)->483.8M(1024.0M)]
 [Times: user=0.29 sys=0.07, real=0.02 secs] 
1.592: [GC pause (G1 Evacuation Pause) (mixed), 0.0145698 secs]
   [Parallel Time: 13.2 ms, GC Workers: 18]
      [GC Worker Start (ms): Min: 1592.3, Avg: 1592.6, Max: 1592.8, Diff: 0.4]
      [Ext Root Scanning (ms): Min: 0.0, Avg: 0.1, Max: 0.4, Diff: 0.4, Sum: 2.5]
      [Update RS (ms): Min: 1.5, Avg: 1.9, Max: 2.0, Diff: 0.5, Sum: 33.4]
         [Processed Buffers: Min: 4, Avg: 5.0, Max: 6, Diff: 2, Sum: 90]
      [Scan RS (ms): Min: 0.0, Avg: 0.0, Max: 0.1, Diff: 0.1, Sum: 0.4]
      [Code Root Scanning (ms): Min: 0.0, Avg: 0.0, Max: 0.0, Diff: 0.0, Sum: 0.0]
      [Object Copy (ms): Min: 8.5, Avg: 9.0, Max: 10.7, Diff: 2.2, Sum: 161.6]
      [Termination (ms): Min: 0.0, Avg: 1.8, Max: 2.2, Diff: 2.2, Sum: 31.7]
         [Termination Attempts: Min: 1, Avg: 1.1, Max: 2, Diff: 1, Sum: 19]
      [GC Worker Other (ms): Min: 0.0, Avg: 0.0, Max: 0.0, Diff: 0.0, Sum: 0.3]
      [GC Worker Total (ms): Min: 12.6, Avg: 12.8, Max: 13.0, Diff: 0.4, Sum: 229.9]
      [GC Worker End (ms): Min: 1605.3, Avg: 1605.4, Max: 1605.4, Diff: 0.0]
   [Code Root Fixup: 0.0 ms]
   [Code Root Purge: 0.0 ms]
   [Clear CT: 0.2 ms]
   [Other: 1.1 ms]
      [Choose CSet: 0.0 ms]
      [Ref Proc: 0.2 ms]
      [Ref Enq: 0.0 ms]
      [Redirty Cards: 0.2 ms]
      [Humongous Register: 0.2 ms]
      [Humongous Reclaim: 0.1 ms]
      [Free CSet: 0.2 ms]
   [Eden: 44.0M(44.0M)->0.0B(288.0M) Survivors: 7168.0K->7168.0K Heap: 542.2M(1024.0M)->487.9M(1024.0M)]
 [Times: user=0.15 sys=0.08, real=0.01 secs] 
1.607: [GC pause (G1 Humongous Allocation) (young) (initial-mark), 0.0035467 secs]
   [Parallel Time: 2.4 ms, GC Workers: 18]
      [GC Worker Start (ms): Min: 1607.9, Avg: 1608.1, Max: 1608.3, Diff: 0.4]
      [Ext Root Scanning (ms): Min: 0.0, Avg: 0.3, Max: 0.6, Diff: 0.6, Sum: 5.2]
      [Update RS (ms): Min: 0.0, Avg: 0.1, Max: 1.2, Diff: 1.2, Sum: 2.3]
         [Processed Buffers: Min: 0, Avg: 1.0, Max: 4, Diff: 4, Sum: 18]
      [Scan RS (ms): Min: 0.0, Avg: 0.0, Max: 0.0, Diff: 0.0, Sum: 0.1]
      [Code Root Scanning (ms): Min: 0.0, Avg: 0.0, Max: 0.0, Diff: 0.0, Sum: 0.0]
      [Object Copy (ms): Min: 0.3, Avg: 1.3, Max: 1.6, Diff: 1.3, Sum: 22.9]
      [Termination (ms): Min: 0.0, Avg: 0.2, Max: 0.6, Diff: 0.5, Sum: 4.2]
         [Termination Attempts: Min: 1, Avg: 2.1, Max: 6, Diff: 5, Sum: 38]
      [GC Worker Other (ms): Min: 0.0, Avg: 0.0, Max: 0.0, Diff: 0.0, Sum: 0.2]
      [GC Worker Total (ms): Min: 1.8, Avg: 1.9, Max: 2.2, Diff: 0.4, Sum: 34.9]
      [GC Worker End (ms): Min: 1610.1, Avg: 1610.1, Max: 1610.1, Diff: 0.0]
   [Code Root Fixup: 0.0 ms]
   [Code Root Purge: 0.0 ms]
   [Clear CT: 0.2 ms]
   [Other: 1.0 ms]
      [Choose CSet: 0.0 ms]
      [Ref Proc: 0.3 ms]
      [Ref Enq: 0.0 ms]
      [Redirty Cards: 0.2 ms]
      [Humongous Register: 0.2 ms]
      [Humongous Reclaim: 0.0 ms]
      [Free CSet: 0.0 ms]
   [Eden: 2048.0K(288.0M)->0.0B(303.0M) Survivors: 7168.0K->7168.0K Heap: 489.4M(1024.0M)->487.4M(1024.0M)]
 [Times: user=0.04 sys=0.00, real=0.00 secs] 
1.611: [GC concurrent-root-region-scan-start]
1.611: [GC concurrent-root-region-scan-end, 0.0001716 secs]
1.611: [GC concurrent-mark-start]
1.613: [GC concurrent-mark-end, 0.0019433 secs]
1.613: [GC remark 1.613: [Finalize Marking, 0.0003620 secs] 1.614: [GC ref-proc, 0.0004025 secs] 1.614: [Unloading, 0.0009977 secs], 0.0027634 secs]
 [Times: user=0.02 sys=0.00, real=0.00 secs] 
1.616: [GC cleanup 495M->491M(1024M), 0.0017318 secs]
 [Times: user=0.02 sys=0.00, real=0.00 secs] 
1.618: [GC concurrent-cleanup-start]
1.618: [GC concurrent-cleanup-end, 0.0000253 secs]
1.742: [GC pause (G1 Evacuation Pause) (young) (to-space exhausted), 0.0250733 secs]
   [Parallel Time: 21.7 ms, GC Workers: 18]
      [GC Worker Start (ms): Min: 1742.5, Avg: 1742.7, Max: 1743.0, Diff: 0.4]
      [Ext Root Scanning (ms): Min: 0.0, Avg: 0.1, Max: 0.3, Diff: 0.3, Sum: 2.1]
      [Update RS (ms): Min: 1.8, Avg: 2.0, Max: 2.2, Diff: 0.4, Sum: 35.9]
         [Processed Buffers: Min: 4, Avg: 6.0, Max: 7, Diff: 3, Sum: 108]
      [Scan RS (ms): Min: 0.0, Avg: 0.1, Max: 0.5, Diff: 0.5, Sum: 2.4]
      [Code Root Scanning (ms): Min: 0.0, Avg: 0.0, Max: 0.0, Diff: 0.0, Sum: 0.0]
      [Object Copy (ms): Min: 18.5, Avg: 19.0, Max: 19.2, Diff: 0.7, Sum: 341.8]
      [Termination (ms): Min: 0.0, Avg: 0.1, Max: 0.1, Diff: 0.1, Sum: 1.2]
         [Termination Attempts: Min: 1, Avg: 1.0, Max: 1, Diff: 0, Sum: 18]
      [GC Worker Other (ms): Min: 0.0, Avg: 0.0, Max: 0.1, Diff: 0.1, Sum: 0.6]
      [GC Worker Total (ms): Min: 21.1, Avg: 21.3, Max: 21.5, Diff: 0.4, Sum: 384.0]
      [GC Worker End (ms): Min: 1764.1, Avg: 1764.1, Max: 1764.1, Diff: 0.1]
   [Code Root Fixup: 0.0 ms]
   [Code Root Purge: 0.0 ms]
   [Clear CT: 0.4 ms]
   [Other: 3.0 ms]
      [Evacuation Failure: 0.8 ms]
      [Choose CSet: 0.0 ms]
      [Ref Proc: 0.3 ms]
      [Ref Enq: 0.0 ms]
      [Redirty Cards: 0.2 ms]
      [Humongous Register: 0.9 ms]
      [Humongous Reclaim: 0.4 ms]
      [Free CSet: 0.3 ms]
   [Eden: 303.0M(303.0M)->0.0B(12.0M) Survivors: 7168.0K->39.0M Heap: 865.8M(1024.0M)->721.8M(1024.0M)]
 [Times: user=0.34 sys=0.05, real=0.03 secs] 
1.771: [GC pause (G1 Evacuation Pause) (mixed), 0.0263294 secs]
   [Parallel Time: 24.6 ms, GC Workers: 18]
      [GC Worker Start (ms): Min: 1771.4, Avg: 1771.7, Max: 1771.9, Diff: 0.4]
      [Ext Root Scanning (ms): Min: 0.0, Avg: 0.2, Max: 0.4, Diff: 0.4, Sum: 2.9]
      [Update RS (ms): Min: 0.2, Avg: 0.4, Max: 0.6, Diff: 0.3, Sum: 7.1]
         [Processed Buffers: Min: 1, Avg: 2.1, Max: 6, Diff: 5, Sum: 37]
      [Scan RS (ms): Min: 0.0, Avg: 0.1, Max: 0.3, Diff: 0.3, Sum: 2.0]
      [Code Root Scanning (ms): Min: 0.0, Avg: 0.0, Max: 0.0, Diff: 0.0, Sum: 0.0]
      [Object Copy (ms): Min: 21.8, Avg: 22.4, Max: 23.5, Diff: 1.7, Sum: 402.5]
      [Termination (ms): Min: 0.0, Avg: 1.1, Max: 1.5, Diff: 1.5, Sum: 19.8]
         [Termination Attempts: Min: 1, Avg: 1.0, Max: 1, Diff: 0, Sum: 18]
      [GC Worker Other (ms): Min: 0.0, Avg: 0.0, Max: 0.0, Diff: 0.0, Sum: 0.4]
      [GC Worker Total (ms): Min: 23.9, Avg: 24.1, Max: 24.4, Diff: 0.4, Sum: 434.5]
      [GC Worker End (ms): Min: 1795.8, Avg: 1795.8, Max: 1795.9, Diff: 0.0]
   [Code Root Fixup: 0.0 ms]
   [Code Root Purge: 0.0 ms]
   [Clear CT: 0.2 ms]
   [Other: 1.5 ms]
      [Choose CSet: 0.1 ms]
      [Ref Proc: 0.3 ms]
      [Ref Enq: 0.0 ms]
      [Redirty Cards: 0.3 ms]
      [Humongous Register: 0.2 ms]
      [Humongous Reclaim: 0.1 ms]
      [Free CSet: 0.4 ms]
   [Eden: 12.0M(12.0M)->0.0B(45.0M) Survivors: 39.0M->6144.0K Heap: 735.1M(1024.0M)->647.5M(1024.0M)]
 [Times: user=0.15 sys=0.29, real=0.03 secs] 
1.824: [GC pause (G1 Evacuation Pause) (mixed), 0.0142294 secs]
   [Parallel Time: 12.7 ms, GC Workers: 18]
      [GC Worker Start (ms): Min: 1824.9, Avg: 1825.1, Max: 1825.3, Diff: 0.5]
      [Ext Root Scanning (ms): Min: 0.0, Avg: 0.2, Max: 0.4, Diff: 0.4, Sum: 2.9]
      [Update RS (ms): Min: 2.5, Avg: 2.6, Max: 2.7, Diff: 0.2, Sum: 47.0]
         [Processed Buffers: Min: 7, Avg: 8.2, Max: 10, Diff: 3, Sum: 147]
      [Scan RS (ms): Min: 0.0, Avg: 0.0, Max: 0.1, Diff: 0.1, Sum: 0.5]
      [Code Root Scanning (ms): Min: 0.0, Avg: 0.0, Max: 0.0, Diff: 0.0, Sum: 0.0]
      [Object Copy (ms): Min: 7.6, Avg: 8.2, Max: 9.4, Diff: 1.8, Sum: 147.2]
      [Termination (ms): Min: 0.0, Avg: 1.2, Max: 1.7, Diff: 1.7, Sum: 21.3]
         [Termination Attempts: Min: 1, Avg: 1.2, Max: 3, Diff: 2, Sum: 21]
      [GC Worker Other (ms): Min: 0.0, Avg: 0.0, Max: 0.0, Diff: 0.0, Sum: 0.3]
      [GC Worker Total (ms): Min: 12.0, Avg: 12.2, Max: 12.4, Diff: 0.5, Sum: 219.1]
      [GC Worker End (ms): Min: 1837.3, Avg: 1837.3, Max: 1837.3, Diff: 0.0]
   [Code Root Fixup: 0.0 ms]
   [Code Root Purge: 0.0 ms]
   [Clear CT: 0.2 ms]
   [Other: 1.3 ms]
      [Choose CSet: 0.0 ms]
      [Ref Proc: 0.3 ms]
      [Ref Enq: 0.0 ms]
      [Redirty Cards: 0.3 ms]
      [Humongous Register: 0.3 ms]
      [Humongous Reclaim: 0.2 ms]
      [Free CSet: 0.2 ms]
   [Eden: 45.0M(45.0M)->0.0B(173.0M) Survivors: 6144.0K->7168.0K Heap: 708.5M(1024.0M)->642.7M(1024.0M)]
 [Times: user=0.12 sys=0.11, real=0.01 secs] 
1.839: [GC pause (G1 Humongous Allocation) (young) (initial-mark), 0.0039987 secs]
   [Parallel Time: 2.7 ms, GC Workers: 18]
      [GC Worker Start (ms): Min: 1839.7, Avg: 1840.0, Max: 1840.1, Diff: 0.4]
      [Ext Root Scanning (ms): Min: 0.0, Avg: 0.3, Max: 0.6, Diff: 0.6, Sum: 5.0]
      [Update RS (ms): Min: 0.0, Avg: 0.2, Max: 0.9, Diff: 0.9, Sum: 2.9]
         [Processed Buffers: Min: 0, Avg: 1.0, Max: 3, Diff: 3, Sum: 18]
      [Scan RS (ms): Min: 0.0, Avg: 0.0, Max: 0.0, Diff: 0.0, Sum: 0.1]
      [Code Root Scanning (ms): Min: 0.0, Avg: 0.0, Max: 0.0, Diff: 0.0, Sum: 0.0]
      [Object Copy (ms): Min: 0.8, Avg: 1.5, Max: 1.9, Diff: 1.2, Sum: 27.4]
      [Termination (ms): Min: 0.0, Avg: 0.3, Max: 0.6, Diff: 0.6, Sum: 5.7]
         [Termination Attempts: Min: 1, Avg: 1.0, Max: 1, Diff: 0, Sum: 18]
      [GC Worker Other (ms): Min: 0.0, Avg: 0.0, Max: 0.0, Diff: 0.0, Sum: 0.2]
      [GC Worker Total (ms): Min: 2.1, Avg: 2.3, Max: 2.5, Diff: 0.4, Sum: 41.3]
      [GC Worker End (ms): Min: 1842.2, Avg: 1842.3, Max: 1842.3, Diff: 0.0]
   [Code Root Fixup: 0.0 ms]
   [Code Root Purge: 0.0 ms]
   [Clear CT: 0.2 ms]
   [Other: 1.1 ms]
      [Choose CSet: 0.0 ms]
      [Ref Proc: 0.3 ms]
      [Ref Enq: 0.0 ms]
      [Redirty Cards: 0.2 ms]
      [Humongous Register: 0.3 ms]
      [Humongous Reclaim: 0.0 ms]
      [Free CSet: 0.0 ms]
   [Eden: 1024.0K(173.0M)->0.0B(175.0M) Survivors: 7168.0K->7168.0K Heap: 643.3M(1024.0M)->642.6M(1024.0M)]
 [Times: user=0.04 sys=0.00, real=0.01 secs] 
1.843: [GC concurrent-root-region-scan-start]
1.844: [GC concurrent-root-region-scan-end, 0.0001310 secs]
1.844: [GC concurrent-mark-start]
1.848: [GC concurrent-mark-end, 0.0045725 secs]
1.848: [GC remark 1.848: [Finalize Marking, 0.0004616 secs] 1.849: [GC ref-proc, 0.0004093 secs] 1.849: [Unloading, 0.0009118 secs], 0.0028424 secs]
 [Times: user=0.03 sys=0.00, real=0.00 secs] 
1.851: [GC cleanup 659M->649M(1024M), 0.0017790 secs]
 [Times: user=0.01 sys=0.00, real=0.01 secs] 
1.853: [GC concurrent-cleanup-start]
1.853: [GC concurrent-cleanup-end, 0.0000393 secs]
1.926: [GC pause (G1 Evacuation Pause) (young), 0.0263416 secs]
   [Parallel Time: 24.3 ms, GC Workers: 18]
      [GC Worker Start (ms): Min: 1926.0, Avg: 1926.2, Max: 1926.4, Diff: 0.4]
      [Ext Root Scanning (ms): Min: 0.0, Avg: 0.2, Max: 0.4, Diff: 0.4, Sum: 2.9]
      [Update RS (ms): Min: 2.3, Avg: 2.5, Max: 2.6, Diff: 0.3, Sum: 44.8]
         [Processed Buffers: Min: 6, Avg: 7.2, Max: 8, Diff: 2, Sum: 129]
      [Scan RS (ms): Min: 0.0, Avg: 0.0, Max: 0.1, Diff: 0.1, Sum: 0.7]
      [Code Root Scanning (ms): Min: 0.0, Avg: 0.0, Max: 0.0, Diff: 0.0, Sum: 0.0]
      [Object Copy (ms): Min: 19.2, Avg: 19.8, Max: 21.2, Diff: 1.9, Sum: 355.6]
      [Termination (ms): Min: 0.0, Avg: 1.4, Max: 1.9, Diff: 1.9, Sum: 26.0]
         [Termination Attempts: Min: 1, Avg: 1.0, Max: 1, Diff: 0, Sum: 18]
      [GC Worker Other (ms): Min: 0.0, Avg: 0.0, Max: 0.1, Diff: 0.0, Sum: 0.5]
      [GC Worker Total (ms): Min: 23.7, Avg: 23.9, Max: 24.1, Diff: 0.4, Sum: 430.5]
      [GC Worker End (ms): Min: 1950.1, Avg: 1950.1, Max: 1950.2, Diff: 0.0]
   [Code Root Fixup: 0.0 ms]
   [Code Root Purge: 0.0 ms]
   [Clear CT: 0.3 ms]
   [Other: 1.7 ms]
      [Choose CSet: 0.0 ms]
      [Ref Proc: 0.3 ms]
      [Ref Enq: 0.0 ms]
      [Redirty Cards: 0.3 ms]
      [Humongous Register: 0.4 ms]
      [Humongous Reclaim: 0.3 ms]
      [Free CSet: 0.4 ms]
   [Eden: 175.0M(175.0M)->0.0B(28.0M) Survivors: 7168.0K->23.0M Heap: 861.0M(1024.0M)->691.8M(1024.0M)]
 [Times: user=0.31 sys=0.13, real=0.03 secs] 
1.963: [GC pause (G1 Evacuation Pause) (mixed), 0.0142595 secs]
   [Parallel Time: 12.4 ms, GC Workers: 18]
      [GC Worker Start (ms): Min: 1963.1, Avg: 1963.4, Max: 1963.5, Diff: 0.4]
      [Ext Root Scanning (ms): Min: 0.0, Avg: 0.1, Max: 0.4, Diff: 0.4, Sum: 2.5]
      [Update RS (ms): Min: 0.8, Avg: 1.0, Max: 1.2, Diff: 0.4, Sum: 17.6]
         [Processed Buffers: Min: 3, Avg: 3.5, Max: 5, Diff: 2, Sum: 63]
      [Scan RS (ms): Min: 0.0, Avg: 0.1, Max: 0.2, Diff: 0.2, Sum: 1.0]
      [Code Root Scanning (ms): Min: 0.0, Avg: 0.0, Max: 0.0, Diff: 0.0, Sum: 0.0]
      [Object Copy (ms): Min: 10.1, Avg: 10.4, Max: 10.9, Diff: 0.8, Sum: 187.7]
      [Termination (ms): Min: 0.0, Avg: 0.3, Max: 0.5, Diff: 0.5, Sum: 6.1]
         [Termination Attempts: Min: 1, Avg: 1.2, Max: 2, Diff: 1, Sum: 21]
      [GC Worker Other (ms): Min: 0.0, Avg: 0.0, Max: 0.0, Diff: 0.0, Sum: 0.4]
      [GC Worker Total (ms): Min: 11.8, Avg: 12.0, Max: 12.2, Diff: 0.4, Sum: 215.2]
      [GC Worker End (ms): Min: 1975.3, Avg: 1975.3, Max: 1975.3, Diff: 0.0]
   [Code Root Fixup: 0.0 ms]
   [Code Root Purge: 0.0 ms]
   [Clear CT: 0.2 ms]
   [Other: 1.6 ms]
      [Choose CSet: 0.1 ms]
      [Ref Proc: 0.3 ms]
      [Ref Enq: 0.0 ms]
      [Redirty Cards: 0.3 ms]
      [Humongous Register: 0.3 ms]
      [Humongous Reclaim: 0.1 ms]
      [Free CSet: 0.4 ms]
   [Eden: 28.0M(28.0M)->0.0B(44.0M) Survivors: 23.0M->7168.0K Heap: 725.4M(1024.0M)->602.0M(1024.0M)]
 [Times: user=0.15 sys=0.06, real=0.01 secs] 
1.994: [GC pause (G1 Evacuation Pause) (mixed), 0.0183996 secs]
   [Parallel Time: 16.6 ms, GC Workers: 18]
      [GC Worker Start (ms): Min: 1994.2, Avg: 1994.4, Max: 1994.6, Diff: 0.4]
      [Ext Root Scanning (ms): Min: 0.0, Avg: 0.2, Max: 0.4, Diff: 0.3, Sum: 3.0]
      [Update RS (ms): Min: 1.1, Avg: 1.3, Max: 1.4, Diff: 0.2, Sum: 22.7]
         [Processed Buffers: Min: 3, Avg: 4.3, Max: 6, Diff: 3, Sum: 78]
      [Scan RS (ms): Min: 0.0, Avg: 0.0, Max: 0.1, Diff: 0.1, Sum: 0.8]
      [Code Root Scanning (ms): Min: 0.0, Avg: 0.0, Max: 0.0, Diff: 0.0, Sum: 0.0]
      [Object Copy (ms): Min: 13.9, Avg: 14.2, Max: 14.7, Diff: 0.8, Sum: 255.5]
      [Termination (ms): Min: 0.0, Avg: 0.5, Max: 0.7, Diff: 0.7, Sum: 8.8]
         [Termination Attempts: Min: 1, Avg: 1.2, Max: 2, Diff: 1, Sum: 22]
      [GC Worker Other (ms): Min: 0.0, Avg: 0.0, Max: 0.0, Diff: 0.0, Sum: 0.3]
      [GC Worker Total (ms): Min: 16.0, Avg: 16.2, Max: 16.4, Diff: 0.4, Sum: 291.2]
      [GC Worker End (ms): Min: 2010.6, Avg: 2010.6, Max: 2010.6, Diff: 0.0]
   [Code Root Fixup: 0.0 ms]
   [Code Root Purge: 0.0 ms]
   [Clear CT: 0.3 ms]
   [Other: 1.5 ms]
      [Choose CSet: 0.1 ms]
      [Ref Proc: 0.3 ms]
      [Ref Enq: 0.0 ms]
      [Redirty Cards: 0.3 ms]
      [Humongous Register: 0.3 ms]
      [Humongous Reclaim: 0.1 ms]
      [Free CSet: 0.4 ms]
   [Eden: 44.0M(44.0M)->0.0B(44.0M) Survivors: 7168.0K->7168.0K Heap: 653.4M(1024.0M)->531.4M(1024.0M)]
 [Times: user=0.14 sys=0.15, real=0.02 secs] 
2.030: [GC pause (G1 Evacuation Pause) (mixed), 0.0221662 secs]
   [Parallel Time: 20.4 ms, GC Workers: 18]
      [GC Worker Start (ms): Min: 2030.4, Avg: 2030.6, Max: 2030.8, Diff: 0.4]
      [Ext Root Scanning (ms): Min: 0.0, Avg: 0.2, Max: 0.3, Diff: 0.3, Sum: 2.9]
      [Update RS (ms): Min: 2.5, Avg: 2.7, Max: 2.8, Diff: 0.3, Sum: 47.8]
         [Processed Buffers: Min: 7, Avg: 8.4, Max: 11, Diff: 4, Sum: 152]
      [Scan RS (ms): Min: 0.0, Avg: 0.0, Max: 0.2, Diff: 0.2, Sum: 0.9]
      [Code Root Scanning (ms): Min: 0.0, Avg: 0.0, Max: 0.2, Diff: 0.2, Sum: 0.2]
      [Object Copy (ms): Min: 16.1, Avg: 16.5, Max: 17.2, Diff: 1.0, Sum: 297.4]
      [Termination (ms): Min: 0.0, Avg: 0.6, Max: 0.7, Diff: 0.7, Sum: 10.4]
         [Termination Attempts: Min: 1, Avg: 1.2, Max: 3, Diff: 2, Sum: 21]
      [GC Worker Other (ms): Min: 0.0, Avg: 0.0, Max: 0.0, Diff: 0.0, Sum: 0.3]
      [GC Worker Total (ms): Min: 19.8, Avg: 20.0, Max: 20.2, Diff: 0.4, Sum: 359.9]
      [GC Worker End (ms): Min: 2050.6, Avg: 2050.6, Max: 2050.6, Diff: 0.0]
   [Code Root Fixup: 0.0 ms]
   [Code Root Purge: 0.0 ms]
   [Clear CT: 0.2 ms]
   [Other: 1.5 ms]
      [Choose CSet: 0.1 ms]
      [Ref Proc: 0.3 ms]
      [Ref Enq: 0.0 ms]
      [Redirty Cards: 0.3 ms]
      [Humongous Register: 0.2 ms]
      [Humongous Reclaim: 0.1 ms]
      [Free CSet: 0.4 ms]
   [Eden: 44.0M(44.0M)->0.0B(290.0M) Survivors: 7168.0K->7168.0K Heap: 591.9M(1024.0M)->494.2M(1024.0M)]
 [Times: user=0.19 sys=0.18, real=0.03 secs] 
2.053: [GC pause (G1 Humongous Allocation) (young) (initial-mark), 0.0041888 secs]
   [Parallel Time: 2.9 ms, GC Workers: 18]
      [GC Worker Start (ms): Min: 2053.6, Avg: 2053.8, Max: 2053.9, Diff: 0.3]
      [Ext Root Scanning (ms): Min: 0.1, Avg: 0.2, Max: 0.4, Diff: 0.3, Sum: 3.7]
      [Update RS (ms): Min: 0.1, Avg: 0.3, Max: 1.4, Diff: 1.3, Sum: 5.8]
         [Processed Buffers: Min: 0, Avg: 1.1, Max: 3, Diff: 3, Sum: 19]
      [Scan RS (ms): Min: 0.0, Avg: 0.0, Max: 0.0, Diff: 0.0, Sum: 0.1]
      [Code Root Scanning (ms): Min: 0.0, Avg: 0.0, Max: 0.0, Diff: 0.0, Sum: 0.0]
      [Object Copy (ms): Min: 0.4, Avg: 1.7, Max: 2.2, Diff: 1.9, Sum: 30.4]
      [Termination (ms): Min: 0.0, Avg: 0.3, Max: 0.6, Diff: 0.6, Sum: 5.2]
         [Termination Attempts: Min: 1, Avg: 1.1, Max: 2, Diff: 1, Sum: 20]
      [GC Worker Other (ms): Min: 0.0, Avg: 0.0, Max: 0.0, Diff: 0.0, Sum: 0.3]
      [GC Worker Total (ms): Min: 2.4, Avg: 2.5, Max: 2.7, Diff: 0.3, Sum: 45.6]
      [GC Worker End (ms): Min: 2056.3, Avg: 2056.3, Max: 2056.3, Diff: 0.0]
   [Code Root Fixup: 0.0 ms]
   [Code Root Purge: 0.0 ms]
   [Clear CT: 0.3 ms]
   [Other: 1.0 ms]
      [Choose CSet: 0.0 ms]
      [Ref Proc: 0.3 ms]
      [Ref Enq: 0.0 ms]
      [Redirty Cards: 0.2 ms]
      [Humongous Register: 0.2 ms]
      [Humongous Reclaim: 0.0 ms]
      [Free CSet: 0.0 ms]
   [Eden: 2048.0K(290.0M)->0.0B(303.0M) Survivors: 7168.0K->8192.0K Heap: 495.6M(1024.0M)->494.6M(1024.0M)]
 [Times: user=0.04 sys=0.00, real=0.00 secs] 
2.058: [GC concurrent-root-region-scan-start]
2.058: [GC concurrent-root-region-scan-end, 0.0001251 secs]
2.058: [GC concurrent-mark-start]
2.060: [GC concurrent-mark-end, 0.0018905 secs]
2.060: [GC remark 2.060: [Finalize Marking, 0.0003603 secs] 2.060: [GC ref-proc, 0.0004029 secs] 2.060: [Unloading, 0.0008908 secs], 0.0026228 secs]
 [Times: user=0.02 sys=0.00, real=0.01 secs] 
2.062: [GC cleanup 500M->497M(1024M), 0.0017962 secs]
 [Times: user=0.02 sys=0.00, real=0.00 secs] 
2.064: [GC concurrent-cleanup-start]
2.064: [GC concurrent-cleanup-end, 0.0000242 secs]
2.186: [GC pause (G1 Evacuation Pause) (young) (to-space exhausted), 0.0215210 secs]
   [Parallel Time: 18.4 ms, GC Workers: 18]
      [GC Worker Start (ms): Min: 2186.2, Avg: 2186.4, Max: 2186.6, Diff: 0.4]
      [Ext Root Scanning (ms): Min: 0.0, Avg: 0.1, Max: 0.3, Diff: 0.3, Sum: 2.5]
      [Update RS (ms): Min: 3.4, Avg: 3.6, Max: 3.8, Diff: 0.3, Sum: 65.2]
         [Processed Buffers: Min: 9, Avg: 10.4, Max: 12, Diff: 3, Sum: 187]
      [Scan RS (ms): Min: 0.0, Avg: 0.1, Max: 0.2, Diff: 0.2, Sum: 1.5]
      [Code Root Scanning (ms): Min: 0.0, Avg: 0.0, Max: 0.0, Diff: 0.0, Sum: 0.0]
      [Object Copy (ms): Min: 13.8, Avg: 14.1, Max: 14.2, Diff: 0.4, Sum: 253.7]
      [Termination (ms): Min: 0.0, Avg: 0.0, Max: 0.1, Diff: 0.1, Sum: 0.6]
         [Termination Attempts: Min: 1, Avg: 1.1, Max: 2, Diff: 1, Sum: 20]
      [GC Worker Other (ms): Min: 0.0, Avg: 0.0, Max: 0.1, Diff: 0.0, Sum: 0.5]
      [GC Worker Total (ms): Min: 17.8, Avg: 18.0, Max: 18.2, Diff: 0.4, Sum: 324.1]
      [GC Worker End (ms): Min: 2204.4, Avg: 2204.4, Max: 2204.4, Diff: 0.0]
   [Code Root Fixup: 0.0 ms]
   [Code Root Purge: 0.0 ms]
   [Clear CT: 0.5 ms]
   [Other: 2.6 ms]
      [Evacuation Failure: 0.9 ms]
      [Choose CSet: 0.0 ms]
      [Ref Proc: 0.3 ms]
      [Ref Enq: 0.0 ms]
      [Redirty Cards: 0.2 ms]
      [Humongous Register: 0.4 ms]
      [Humongous Reclaim: 0.4 ms]
      [Free CSet: 0.3 ms]
   [Eden: 303.0M(303.0M)->0.0B(12.0M) Survivors: 8192.0K->39.0M Heap: 872.4M(1024.0M)->720.4M(1024.0M)]
 [Times: user=0.32 sys=0.01, real=0.02 secs] 
2.211: [GC pause (G1 Evacuation Pause) (mixed), 0.0247259 secs]
   [Parallel Time: 23.0 ms, GC Workers: 18]
      [GC Worker Start (ms): Min: 2211.6, Avg: 2211.7, Max: 2211.8, Diff: 0.2]
      [Ext Root Scanning (ms): Min: 0.1, Avg: 0.2, Max: 0.3, Diff: 0.2, Sum: 3.8]
      [Update RS (ms): Min: 0.4, Avg: 0.5, Max: 0.5, Diff: 0.2, Sum: 8.6]
         [Processed Buffers: Min: 1, Avg: 2.1, Max: 3, Diff: 2, Sum: 37]
      [Scan RS (ms): Min: 0.0, Avg: 0.1, Max: 0.1, Diff: 0.1, Sum: 1.5]
      [Code Root Scanning (ms): Min: 0.0, Avg: 0.0, Max: 0.0, Diff: 0.0, Sum: 0.0]
      [Object Copy (ms): Min: 20.4, Avg: 20.8, Max: 21.8, Diff: 1.4, Sum: 373.8]
      [Termination (ms): Min: 0.0, Avg: 1.1, Max: 1.4, Diff: 1.4, Sum: 19.1]
         [Termination Attempts: Min: 1, Avg: 1.0, Max: 1, Diff: 0, Sum: 18]
      [GC Worker Other (ms): Min: 0.0, Avg: 0.0, Max: 0.0, Diff: 0.0, Sum: 0.4]
      [GC Worker Total (ms): Min: 22.5, Avg: 22.6, Max: 22.7, Diff: 0.2, Sum: 407.2]
      [GC Worker End (ms): Min: 2234.3, Avg: 2234.3, Max: 2234.3, Diff: 0.0]
   [Code Root Fixup: 0.0 ms]
   [Code Root Purge: 0.0 ms]
   [Clear CT: 0.3 ms]
   [Other: 1.4 ms]
      [Choose CSet: 0.1 ms]
      [Ref Proc: 0.3 ms]
      [Ref Enq: 0.0 ms]
      [Redirty Cards: 0.3 ms]
      [Humongous Register: 0.2 ms]
      [Humongous Reclaim: 0.1 ms]
      [Free CSet: 0.4 ms]
   [Eden: 12.0M(12.0M)->0.0B(44.0M) Survivors: 39.0M->7168.0K Heap: 734.8M(1024.0M)->651.8M(1024.0M)]
 [Times: user=0.21 sys=0.19, real=0.03 secs] 
2.253: [GC pause (G1 Evacuation Pause) (mixed), 0.0088570 secs]
   [Parallel Time: 7.2 ms, GC Workers: 18]
      [GC Worker Start (ms): Min: 2253.7, Avg: 2254.0, Max: 2254.1, Diff: 0.4]
      [Ext Root Scanning (ms): Min: 0.0, Avg: 0.2, Max: 0.4, Diff: 0.4, Sum: 2.8]
      [Update RS (ms): Min: 2.0, Avg: 2.2, Max: 2.4, Diff: 0.3, Sum: 39.0]
         [Processed Buffers: Min: 6, Avg: 6.9, Max: 8, Diff: 2, Sum: 124]
      [Scan RS (ms): Min: 0.0, Avg: 0.0, Max: 0.0, Diff: 0.0, Sum: 0.3]
      [Code Root Scanning (ms): Min: 0.0, Avg: 0.0, Max: 0.0, Diff: 0.0, Sum: 0.0]
      [Object Copy (ms): Min: 3.6, Avg: 4.1, Max: 4.5, Diff: 0.9, Sum: 73.7]
      [Termination (ms): Min: 0.0, Avg: 0.3, Max: 0.6, Diff: 0.6, Sum: 4.9]
         [Termination Attempts: Min: 1, Avg: 1.0, Max: 1, Diff: 0, Sum: 18]
      [GC Worker Other (ms): Min: 0.0, Avg: 0.0, Max: 0.0, Diff: 0.0, Sum: 0.3]
      [GC Worker Total (ms): Min: 6.6, Avg: 6.7, Max: 7.0, Diff: 0.4, Sum: 121.1]
      [GC Worker End (ms): Min: 2260.7, Avg: 2260.7, Max: 2260.7, Diff: 0.0]
   [Code Root Fixup: 0.0 ms]
   [Code Root Purge: 0.0 ms]
   [Clear CT: 0.2 ms]
   [Other: 1.4 ms]
      [Choose CSet: 0.0 ms]
      [Ref Proc: 0.3 ms]
      [Ref Enq: 0.0 ms]
      [Redirty Cards: 0.2 ms]
      [Humongous Register: 0.4 ms]
      [Humongous Reclaim: 0.1 ms]
      [Free CSet: 0.1 ms]
   [Eden: 44.0M(44.0M)->0.0B(165.0M) Survivors: 7168.0K->7168.0K Heap: 708.9M(1024.0M)->656.0M(1024.0M)]
 [Times: user=0.11 sys=0.01, real=0.01 secs] 
2.263: [GC pause (G1 Humongous Allocation) (young) (initial-mark), 0.0038436 secs]
   [Parallel Time: 2.5 ms, GC Workers: 18]
      [GC Worker Start (ms): Min: 2263.8, Avg: 2264.0, Max: 2264.2, Diff: 0.4]
      [Ext Root Scanning (ms): Min: 0.0, Avg: 0.3, Max: 0.7, Diff: 0.7, Sum: 5.2]
      [Update RS (ms): Min: 0.0, Avg: 0.1, Max: 0.6, Diff: 0.6, Sum: 1.6]
         [Processed Buffers: Min: 0, Avg: 0.9, Max: 3, Diff: 3, Sum: 16]
      [Scan RS (ms): Min: 0.0, Avg: 0.0, Max: 0.0, Diff: 0.0, Sum: 0.1]
      [Code Root Scanning (ms): Min: 0.0, Avg: 0.0, Max: 0.0, Diff: 0.0, Sum: 0.0]
      [Object Copy (ms): Min: 0.9, Avg: 1.3, Max: 1.6, Diff: 0.7, Sum: 24.2]
      [Termination (ms): Min: 0.0, Avg: 0.2, Max: 0.4, Diff: 0.4, Sum: 3.9]
         [Termination Attempts: Min: 1, Avg: 1.0, Max: 1, Diff: 0, Sum: 18]
      [GC Worker Other (ms): Min: 0.0, Avg: 0.0, Max: 0.0, Diff: 0.0, Sum: 0.2]
      [GC Worker Total (ms): Min: 1.8, Avg: 2.0, Max: 2.2, Diff: 0.4, Sum: 35.2]
      [GC Worker End (ms): Min: 2266.0, Avg: 2266.0, Max: 2266.0, Diff: 0.0]
   [Code Root Fixup: 0.0 ms]
   [Code Root Purge: 0.0 ms]
   [Clear CT: 0.3 ms]
   [Other: 1.1 ms]
      [Choose CSet: 0.0 ms]
      [Ref Proc: 0.2 ms]
      [Ref Enq: 0.0 ms]
      [Redirty Cards: 0.2 ms]
      [Humongous Register: 0.3 ms]
      [Humongous Reclaim: 0.0 ms]
      [Free CSet: 0.0 ms]
   [Eden: 3072.0K(165.0M)->0.0B(169.0M) Survivors: 7168.0K->8192.0K Heap: 658.5M(1024.0M)->655.9M(1024.0M)]
 [Times: user=0.04 sys=0.00, real=0.00 secs] 
2.267: [GC concurrent-root-region-scan-start]
2.267: [GC concurrent-root-region-scan-end, 0.0001537 secs]
2.267: [GC concurrent-mark-start]
2.269: [GC concurrent-mark-end, 0.0019627 secs]
2.269: [GC remark 2.269: [Finalize Marking, 0.0004342 secs] 2.270: [GC ref-proc, 0.0004099 secs] 2.270: [Unloading, 0.0010512 secs], 0.0029623 secs]
 [Times: user=0.02 sys=0.00, real=0.01 secs] 
2.272: [GC cleanup 662M->649M(1024M), 0.0017389 secs]
 [Times: user=0.02 sys=0.00, real=0.00 secs] 
2.274: [GC concurrent-cleanup-start]
2.274: [GC concurrent-cleanup-end, 0.0000454 secs]
2.360: [GC pause (G1 Evacuation Pause) (young), 0.0281248 secs]
   [Parallel Time: 25.8 ms, GC Workers: 18]
      [GC Worker Start (ms): Min: 2361.0, Avg: 2361.3, Max: 2361.5, Diff: 0.5]
      [Ext Root Scanning (ms): Min: 0.0, Avg: 0.1, Max: 0.4, Diff: 0.4, Sum: 2.5]
      [Update RS (ms): Min: 3.3, Avg: 3.5, Max: 3.7, Diff: 0.4, Sum: 63.8]
         [Processed Buffers: Min: 6, Avg: 9.0, Max: 11, Diff: 5, Sum: 162]
      [Scan RS (ms): Min: 0.0, Avg: 0.1, Max: 0.3, Diff: 0.3, Sum: 1.2]
      [Code Root Scanning (ms): Min: 0.0, Avg: 0.0, Max: 0.0, Diff: 0.0, Sum: 0.0]
      [Object Copy (ms): Min: 18.7, Avg: 19.9, Max: 21.5, Diff: 2.7, Sum: 357.6]
      [Termination (ms): Min: 0.0, Avg: 1.5, Max: 2.3, Diff: 2.3, Sum: 27.8]
         [Termination Attempts: Min: 1, Avg: 1.0, Max: 1, Diff: 0, Sum: 18]
      [GC Worker Other (ms): Min: 0.0, Avg: 0.0, Max: 0.1, Diff: 0.0, Sum: 0.5]
      [GC Worker Total (ms): Min: 25.0, Avg: 25.2, Max: 25.5, Diff: 0.5, Sum: 453.4]
      [GC Worker End (ms): Min: 2386.5, Avg: 2386.5, Max: 2386.5, Diff: 0.0]
   [Code Root Fixup: 0.0 ms]
   [Code Root Purge: 0.0 ms]
   [Clear CT: 0.2 ms]
   [Other: 2.1 ms]
      [Choose CSet: 0.0 ms]
      [Ref Proc: 0.2 ms]
      [Ref Enq: 0.0 ms]
      [Redirty Cards: 0.3 ms]
      [Humongous Register: 0.8 ms]
      [Humongous Reclaim: 0.3 ms]
      [Free CSet: 0.4 ms]
   [Eden: 169.0M(169.0M)->0.0B(28.0M) Survivors: 8192.0K->23.0M Heap: 857.2M(1024.0M)->703.0M(1024.0M)]
 [Times: user=0.22 sys=0.23, real=0.03 secs] 
2.399: [GC pause (G1 Evacuation Pause) (mixed), 0.0142142 secs]
   [Parallel Time: 12.4 ms, GC Workers: 18]
      [GC Worker Start (ms): Min: 2399.1, Avg: 2399.3, Max: 2399.4, Diff: 0.4]
      [Ext Root Scanning (ms): Min: 0.0, Avg: 0.1, Max: 0.3, Diff: 0.3, Sum: 1.7]
      [Update RS (ms): Min: 1.0, Avg: 1.2, Max: 1.2, Diff: 0.3, Sum: 20.8]
         [Processed Buffers: Min: 3, Avg: 4.0, Max: 6, Diff: 3, Sum: 72]
      [Scan RS (ms): Min: 0.0, Avg: 0.0, Max: 0.1, Diff: 0.1, Sum: 0.5]
      [Code Root Scanning (ms): Min: 0.0, Avg: 0.0, Max: 0.0, Diff: 0.0, Sum: 0.0]
      [Object Copy (ms): Min: 9.9, Avg: 10.2, Max: 10.6, Diff: 0.7, Sum: 183.4]
      [Termination (ms): Min: 0.0, Avg: 0.5, Max: 0.7, Diff: 0.7, Sum: 8.8]
         [Termination Attempts: Min: 1, Avg: 1.1, Max: 2, Diff: 1, Sum: 19]
      [GC Worker Other (ms): Min: 0.0, Avg: 0.0, Max: 0.0, Diff: 0.0, Sum: 0.3]
      [GC Worker Total (ms): Min: 11.8, Avg: 12.0, Max: 12.1, Diff: 0.3, Sum: 215.5]
      [GC Worker End (ms): Min: 2411.2, Avg: 2411.2, Max: 2411.2, Diff: 0.0]
   [Code Root Fixup: 0.0 ms]
   [Code Root Purge: 0.0 ms]
   [Clear CT: 0.3 ms]
   [Other: 1.6 ms]
      [Choose CSet: 0.1 ms]
      [Ref Proc: 0.2 ms]
      [Ref Enq: 0.0 ms]
      [Redirty Cards: 0.3 ms]
      [Humongous Register: 0.3 ms]
      [Humongous Reclaim: 0.1 ms]
      [Free CSet: 0.4 ms]
   [Eden: 28.0M(28.0M)->0.0B(44.0M) Survivors: 23.0M->7168.0K Heap: 737.8M(1024.0M)->614.9M(1024.0M)]
 [Times: user=0.13 sys=0.09, real=0.02 secs] 
2.429: [GC pause (G1 Evacuation Pause) (mixed), 0.0191381 secs]
   [Parallel Time: 17.2 ms, GC Workers: 18]
      [GC Worker Start (ms): Min: 2429.5, Avg: 2429.7, Max: 2430.0, Diff: 0.5]
      [Ext Root Scanning (ms): Min: 0.0, Avg: 0.1, Max: 0.4, Diff: 0.4, Sum: 2.5]
      [Update RS (ms): Min: 1.5, Avg: 1.7, Max: 1.9, Diff: 0.4, Sum: 30.9]
         [Processed Buffers: Min: 4, Avg: 5.7, Max: 7, Diff: 3, Sum: 103]
      [Scan RS (ms): Min: 0.0, Avg: 0.0, Max: 0.1, Diff: 0.1, Sum: 0.9]
      [Code Root Scanning (ms): Min: 0.0, Avg: 0.0, Max: 0.0, Diff: 0.0, Sum: 0.0]
      [Object Copy (ms): Min: 12.9, Avg: 13.5, Max: 14.8, Diff: 1.8, Sum: 243.6]
      [Termination (ms): Min: 0.0, Avg: 1.2, Max: 1.6, Diff: 1.6, Sum: 21.7]
         [Termination Attempts: Min: 1, Avg: 1.1, Max: 2, Diff: 1, Sum: 20]
      [GC Worker Other (ms): Min: 0.0, Avg: 0.0, Max: 0.1, Diff: 0.0, Sum: 0.4]
      [GC Worker Total (ms): Min: 16.4, Avg: 16.7, Max: 16.9, Diff: 0.5, Sum: 300.0]
      [GC Worker End (ms): Min: 2446.4, Avg: 2446.4, Max: 2446.4, Diff: 0.0]
   [Code Root Fixup: 0.0 ms]
   [Code Root Purge: 0.0 ms]
   [Clear CT: 0.2 ms]
   [Other: 1.7 ms]
      [Choose CSet: 0.1 ms]
      [Ref Proc: 0.4 ms]
      [Ref Enq: 0.0 ms]
      [Redirty Cards: 0.3 ms]
      [Humongous Register: 0.2 ms]
      [Humongous Reclaim: 0.1 ms]
      [Free CSet: 0.4 ms]
   [Eden: 44.0M(44.0M)->0.0B(44.0M) Survivors: 7168.0K->7168.0K Heap: 669.3M(1024.0M)->543.1M(1024.0M)]
 [Times: user=0.16 sys=0.14, real=0.02 secs] 
2.466: [GC pause (G1 Evacuation Pause) (mixed), 0.0215628 secs]
   [Parallel Time: 19.8 ms, GC Workers: 18]
      [GC Worker Start (ms): Min: 2466.3, Avg: 2466.6, Max: 2466.8, Diff: 0.6]
      [Ext Root Scanning (ms): Min: 0.0, Avg: 0.1, Max: 0.4, Diff: 0.4, Sum: 2.3]
      [Update RS (ms): Min: 1.8, Avg: 2.0, Max: 2.1, Diff: 0.2, Sum: 36.3]
         [Processed Buffers: Min: 0, Avg: 6.3, Max: 9, Diff: 9, Sum: 113]
      [Scan RS (ms): Min: 0.0, Avg: 0.1, Max: 0.1, Diff: 0.1, Sum: 1.4]
      [Code Root Scanning (ms): Min: 0.0, Avg: 0.0, Max: 0.0, Diff: 0.0, Sum: 0.0]
      [Object Copy (ms): Min: 15.3, Avg: 15.7, Max: 17.0, Diff: 1.6, Sum: 282.7]
      [Termination (ms): Min: 0.0, Avg: 1.3, Max: 1.6, Diff: 1.6, Sum: 23.0]
         [Termination Attempts: Min: 1, Avg: 1.0, Max: 1, Diff: 0, Sum: 18]
      [GC Worker Other (ms): Min: 0.0, Avg: 0.0, Max: 0.0, Diff: 0.0, Sum: 0.3]
      [GC Worker Total (ms): Min: 19.0, Avg: 19.2, Max: 19.5, Diff: 0.6, Sum: 346.0]
      [GC Worker End (ms): Min: 2485.8, Avg: 2485.8, Max: 2485.8, Diff: 0.0]
   [Code Root Fixup: 0.0 ms]
   [Code Root Purge: 0.0 ms]
   [Clear CT: 0.2 ms]
   [Other: 1.5 ms]
      [Choose CSet: 0.1 ms]
      [Ref Proc: 0.2 ms]
      [Ref Enq: 0.0 ms]
      [Redirty Cards: 0.3 ms]
      [Humongous Register: 0.3 ms]
      [Humongous Reclaim: 0.1 ms]
      [Free CSet: 0.4 ms]
   [Eden: 44.0M(44.0M)->0.0B(296.0M) Survivors: 7168.0K->7168.0K Heap: 598.7M(1024.0M)->496.3M(1024.0M)]
 [Times: user=0.16 sys=0.18, real=0.02 secs] 
2.490: [GC pause (G1 Humongous Allocation) (young) (initial-mark), 0.0041852 secs]
   [Parallel Time: 2.9 ms, GC Workers: 18]
      [GC Worker Start (ms): Min: 2490.2, Avg: 2490.5, Max: 2490.7, Diff: 0.4]
      [Ext Root Scanning (ms): Min: 0.0, Avg: 0.3, Max: 0.5, Diff: 0.5, Sum: 4.7]
      [Update RS (ms): Min: 0.0, Avg: 0.3, Max: 1.7, Diff: 1.7, Sum: 5.0]
         [Processed Buffers: Min: 0, Avg: 1.1, Max: 4, Diff: 4, Sum: 19]
      [Scan RS (ms): Min: 0.0, Avg: 0.0, Max: 0.0, Diff: 0.0, Sum: 0.1]
      [Code Root Scanning (ms): Min: 0.0, Avg: 0.0, Max: 0.0, Diff: 0.0, Sum: 0.0]
      [Object Copy (ms): Min: 0.0, Avg: 1.6, Max: 2.1, Diff: 2.1, Sum: 28.2]
      [Termination (ms): Min: 0.1, Avg: 0.4, Max: 0.9, Diff: 0.8, Sum: 7.5]
         [Termination Attempts: Min: 1, Avg: 2.1, Max: 5, Diff: 4, Sum: 37]
      [GC Worker Other (ms): Min: 0.0, Avg: 0.0, Max: 0.0, Diff: 0.0, Sum: 0.2]
      [GC Worker Total (ms): Min: 2.4, Avg: 2.5, Max: 2.8, Diff: 0.4, Sum: 45.8]
      [GC Worker End (ms): Min: 2493.0, Avg: 2493.0, Max: 2493.0, Diff: 0.0]
   [Code Root Fixup: 0.0 ms]
   [Code Root Purge: 0.0 ms]
   [Clear CT: 0.2 ms]
   [Other: 1.1 ms]
      [Choose CSet: 0.0 ms]
      [Ref Proc: 0.3 ms]
      [Ref Enq: 0.0 ms]
      [Redirty Cards: 0.2 ms]
      [Humongous Register: 0.2 ms]
      [Humongous Reclaim: 0.0 ms]
      [Free CSet: 0.0 ms]
   [Eden: 8192.0K(296.0M)->0.0B(303.0M) Survivors: 7168.0K->9216.0K Heap: 503.9M(1024.0M)->497.2M(1024.0M)]
 [Times: user=0.05 sys=0.00, real=0.01 secs] 
2.494: [GC concurrent-root-region-scan-start]
2.494: [GC concurrent-root-region-scan-end, 0.0001378 secs]
2.494: [GC concurrent-mark-start]
2.497: [GC concurrent-mark-end, 0.0026811 secs]
2.497: [GC remark 2.497: [Finalize Marking, 0.0003099 secs] 2.497: [GC ref-proc, 0.0003961 secs] 2.498: [Unloading, 0.0010389 secs], 0.0027296 secs]
 [Times: user=0.02 sys=0.01, real=0.00 secs] 
2.500: [GC cleanup 508M->504M(1024M), 0.0017754 secs]
 [Times: user=0.02 sys=0.00, real=0.00 secs] 
2.502: [GC concurrent-cleanup-start]
2.502: [GC concurrent-cleanup-end, 0.0000259 secs]
2.624: [GC pause (G1 Evacuation Pause) (young) (to-space exhausted), 0.0241421 secs]
   [Parallel Time: 20.8 ms, GC Workers: 18]
      [GC Worker Start (ms): Min: 2624.7, Avg: 2625.0, Max: 2625.1, Diff: 0.4]
      [Ext Root Scanning (ms): Min: 0.0, Avg: 0.1, Max: 0.4, Diff: 0.4, Sum: 2.5]
      [Update RS (ms): Min: 3.8, Avg: 4.1, Max: 4.2, Diff: 0.4, Sum: 72.9]
         [Processed Buffers: Min: 10, Avg: 11.7, Max: 14, Diff: 4, Sum: 211]
      [Scan RS (ms): Min: 0.0, Avg: 0.1, Max: 0.2, Diff: 0.1, Sum: 1.0]
      [Code Root Scanning (ms): Min: 0.0, Avg: 0.0, Max: 0.0, Diff: 0.0, Sum: 0.0]
      [Object Copy (ms): Min: 13.8, Avg: 14.3, Max: 16.4, Diff: 2.6, Sum: 257.1]
      [Termination (ms): Min: 0.0, Avg: 1.8, Max: 2.1, Diff: 2.1, Sum: 32.8]
         [Termination Attempts: Min: 1, Avg: 1.1, Max: 2, Diff: 1, Sum: 19]
      [GC Worker Other (ms): Min: 0.0, Avg: 0.0, Max: 0.1, Diff: 0.1, Sum: 0.7]
      [GC Worker Total (ms): Min: 20.2, Avg: 20.4, Max: 20.6, Diff: 0.4, Sum: 366.9]
      [GC Worker End (ms): Min: 2645.3, Avg: 2645.3, Max: 2645.4, Diff: 0.1]
   [Code Root Fixup: 0.0 ms]
   [Code Root Purge: 0.0 ms]
   [Clear CT: 0.9 ms]
   [Other: 2.5 ms]
      [Evacuation Failure: 0.8 ms]
      [Choose CSet: 0.0 ms]
      [Ref Proc: 0.4 ms]
      [Ref Enq: 0.0 ms]
      [Redirty Cards: 0.3 ms]
      [Humongous Register: 0.3 ms]
      [Humongous Reclaim: 0.3 ms]
      [Free CSet: 0.3 ms]
   [Eden: 303.0M(303.0M)->0.0B(13.0M) Survivors: 9216.0K->38.0M Heap: 875.3M(1024.0M)->728.4M(1024.0M)]
 [Times: user=0.31 sys=0.06, real=0.02 secs] 
2.654: [GC pause (G1 Evacuation Pause) (mixed), 0.0219493 secs]
   [Parallel Time: 20.3 ms, GC Workers: 18]
      [GC Worker Start (ms): Min: 2654.8, Avg: 2654.9, Max: 2655.0, Diff: 0.2]
      [Ext Root Scanning (ms): Min: 0.1, Avg: 0.2, Max: 0.3, Diff: 0.2, Sum: 4.2]
      [Update RS (ms): Min: 0.4, Avg: 0.7, Max: 0.9, Diff: 0.5, Sum: 12.1]
         [Processed Buffers: Min: 2, Avg: 2.4, Max: 5, Diff: 3, Sum: 44]
      [Scan RS (ms): Min: 0.0, Avg: 0.1, Max: 0.2, Diff: 0.2, Sum: 1.3]
      [Code Root Scanning (ms): Min: 0.0, Avg: 0.0, Max: 0.1, Diff: 0.1, Sum: 0.1]
      [Object Copy (ms): Min: 18.4, Avg: 18.7, Max: 19.0, Diff: 0.6, Sum: 336.6]
      [Termination (ms): Min: 0.0, Avg: 0.3, Max: 0.4, Diff: 0.4, Sum: 5.8]
         [Termination Attempts: Min: 1, Avg: 1.4, Max: 4, Diff: 3, Sum: 26]
      [GC Worker Other (ms): Min: 0.0, Avg: 0.0, Max: 0.1, Diff: 0.0, Sum: 0.5]
      [GC Worker Total (ms): Min: 19.9, Avg: 20.0, Max: 20.2, Diff: 0.2, Sum: 360.7]
      [GC Worker End (ms): Min: 2674.9, Avg: 2674.9, Max: 2674.9, Diff: 0.0]
   [Code Root Fixup: 0.0 ms]
   [Code Root Purge: 0.0 ms]
   [Clear CT: 0.2 ms]
   [Other: 1.4 ms]
      [Choose CSet: 0.1 ms]
      [Ref Proc: 0.3 ms]
      [Ref Enq: 0.0 ms]
      [Redirty Cards: 0.3 ms]
      [Humongous Register: 0.3 ms]
      [Humongous Reclaim: 0.0 ms]
      [Free CSet: 0.3 ms]
   [Eden: 13.0M(13.0M)->0.0B(46.0M) Survivors: 38.0M->5120.0K Heap: 744.7M(1024.0M)->659.3M(1024.0M)]
 [Times: user=0.24 sys=0.11, real=0.02 secs] 
2.693: [GC pause (G1 Evacuation Pause) (mixed), 0.0101909 secs]
   [Parallel Time: 8.7 ms, GC Workers: 18]
      [GC Worker Start (ms): Min: 2693.4, Avg: 2693.5, Max: 2693.7, Diff: 0.3]
      [Ext Root Scanning (ms): Min: 0.1, Avg: 0.2, Max: 0.3, Diff: 0.3, Sum: 3.6]
      [Update RS (ms): Min: 1.3, Avg: 1.5, Max: 2.0, Diff: 0.6, Sum: 27.6]
         [Processed Buffers: Min: 4, Avg: 5.1, Max: 6, Diff: 2, Sum: 91]
      [Scan RS (ms): Min: 0.0, Avg: 0.0, Max: 0.1, Diff: 0.1, Sum: 0.3]
      [Code Root Scanning (ms): Min: 0.0, Avg: 0.0, Max: 0.0, Diff: 0.0, Sum: 0.0]
      [Object Copy (ms): Min: 4.3, Avg: 5.2, Max: 6.7, Diff: 2.5, Sum: 93.1]
      [Termination (ms): Min: 0.0, Avg: 1.4, Max: 1.9, Diff: 1.9, Sum: 25.4]
         [Termination Attempts: Min: 1, Avg: 1.1, Max: 2, Diff: 1, Sum: 19]
      [GC Worker Other (ms): Min: 0.0, Avg: 0.0, Max: 0.4, Diff: 0.4, Sum: 0.7]
      [GC Worker Total (ms): Min: 8.2, Avg: 8.4, Max: 8.5, Diff: 0.3, Sum: 150.8]
      [GC Worker End (ms): Min: 2701.9, Avg: 2701.9, Max: 2701.9, Diff: 0.0]
   [Code Root Fixup: 0.0 ms]
   [Code Root Purge: 0.0 ms]
   [Clear CT: 0.2 ms]
   [Other: 1.2 ms]
      [Choose CSet: 0.0 ms]
      [Ref Proc: 0.4 ms]
      [Ref Enq: 0.0 ms]
      [Redirty Cards: 0.3 ms]
      [Humongous Register: 0.3 ms]
      [Humongous Reclaim: 0.1 ms]
      [Free CSet: 0.1 ms]
   [Eden: 46.0M(46.0M)->0.0B(155.0M) Survivors: 5120.0K->7168.0K Heap: 714.2M(1024.0M)->665.9M(1024.0M)]
 [Times: user=0.13 sys=0.02, real=0.01 secs] 
2.704: [GC pause (G1 Humongous Allocation) (young) (initial-mark), 0.0031001 secs]
   [Parallel Time: 1.9 ms, GC Workers: 18]
      [GC Worker Start (ms): Min: 2704.8, Avg: 2705.0, Max: 2705.1, Diff: 0.3]
      [Ext Root Scanning (ms): Min: 0.1, Avg: 0.2, Max: 0.3, Diff: 0.3, Sum: 3.6]
      [Update RS (ms): Min: 0.0, Avg: 0.2, Max: 1.3, Diff: 1.3, Sum: 4.3]
         [Processed Buffers: Min: 0, Avg: 0.9, Max: 2, Diff: 2, Sum: 16]
      [Scan RS (ms): Min: 0.0, Avg: 0.0, Max: 0.0, Diff: 0.0, Sum: 0.1]
      [Code Root Scanning (ms): Min: 0.0, Avg: 0.0, Max: 0.0, Diff: 0.0, Sum: 0.0]
      [Object Copy (ms): Min: 0.0, Avg: 0.8, Max: 1.2, Diff: 1.2, Sum: 14.2]
      [Termination (ms): Min: 0.0, Avg: 0.4, Max: 0.7, Diff: 0.7, Sum: 6.9]
         [Termination Attempts: Min: 1, Avg: 3.1, Max: 8, Diff: 7, Sum: 56]
      [GC Worker Other (ms): Min: 0.0, Avg: 0.0, Max: 0.0, Diff: 0.0, Sum: 0.2]
      [GC Worker Total (ms): Min: 1.5, Avg: 1.6, Max: 1.8, Diff: 0.3, Sum: 29.3]
      [GC Worker End (ms): Min: 2706.6, Avg: 2706.6, Max: 2706.6, Diff: 0.0]
   [Code Root Fixup: 0.0 ms]
   [Code Root Purge: 0.0 ms]
   [Clear CT: 0.2 ms]
   [Other: 1.0 ms]
      [Choose CSet: 0.0 ms]
      [Ref Proc: 0.3 ms]
      [Ref Enq: 0.0 ms]
      [Redirty Cards: 0.2 ms]
      [Humongous Register: 0.2 ms]
      [Humongous Reclaim: 0.0 ms]
      [Free CSet: 0.0 ms]
   [Eden: 3072.0K(155.0M)->0.0B(160.0M) Survivors: 7168.0K->7168.0K Heap: 668.7M(1024.0M)->664.8M(1024.0M)]
 [Times: user=0.02 sys=0.00, real=0.00 secs] 
2.708: [GC concurrent-root-region-scan-start]
2.708: [GC concurrent-root-region-scan-end, 0.0001443 secs]
2.708: [GC concurrent-mark-start]
2.710: [GC concurrent-mark-end, 0.0020496 secs]
2.710: [GC remark 2.710: [Finalize Marking, 0.0003964 secs] 2.711: [GC ref-proc, 0.0004171 secs] 2.711: [Unloading, 0.0009995 secs], 0.0028584 secs]
 [Times: user=0.02 sys=0.01, real=0.01 secs] 
2.713: [GC cleanup 675M->663M(1024M), 0.0019132 secs]
 [Times: user=0.02 sys=0.01, real=0.00 secs] 
2.715: [GC concurrent-cleanup-start]
2.715: [GC concurrent-cleanup-end, 0.0000496 secs]
2.779: [GC pause (G1 Evacuation Pause) (young), 0.0263878 secs]
   [Parallel Time: 24.5 ms, GC Workers: 18]
      [GC Worker Start (ms): Min: 2779.7, Avg: 2779.9, Max: 2780.1, Diff: 0.4]
      [Ext Root Scanning (ms): Min: 0.0, Avg: 0.2, Max: 0.3, Diff: 0.3, Sum: 2.9]
      [Update RS (ms): Min: 3.9, Avg: 4.2, Max: 4.3, Diff: 0.5, Sum: 75.3]
         [Processed Buffers: Min: 12, Avg: 12.7, Max: 14, Diff: 2, Sum: 228]
      [Scan RS (ms): Min: 0.0, Avg: 0.0, Max: 0.1, Diff: 0.1, Sum: 0.9]
      [Code Root Scanning (ms): Min: 0.0, Avg: 0.0, Max: 0.0, Diff: 0.0, Sum: 0.0]
      [Object Copy (ms): Min: 18.4, Avg: 19.0, Max: 19.6, Diff: 1.2, Sum: 341.3]
      [Termination (ms): Min: 0.0, Avg: 0.7, Max: 1.2, Diff: 1.2, Sum: 13.2]
         [Termination Attempts: Min: 1, Avg: 1.1, Max: 2, Diff: 1, Sum: 19]
      [GC Worker Other (ms): Min: 0.0, Avg: 0.0, Max: 0.0, Diff: 0.0, Sum: 0.4]
      [GC Worker Total (ms): Min: 23.9, Avg: 24.1, Max: 24.3, Diff: 0.4, Sum: 434.1]
      [GC Worker End (ms): Min: 2804.0, Avg: 2804.0, Max: 2804.0, Diff: 0.0]
   [Code Root Fixup: 0.0 ms]
   [Code Root Purge: 0.0 ms]
   [Clear CT: 0.2 ms]
   [Other: 1.6 ms]
      [Choose CSet: 0.0 ms]
      [Ref Proc: 0.3 ms]
      [Ref Enq: 0.0 ms]
      [Redirty Cards: 0.3 ms]
      [Humongous Register: 0.3 ms]
      [Humongous Reclaim: 0.3 ms]
      [Free CSet: 0.3 ms]
   [Eden: 160.0M(160.0M)->0.0B(30.0M) Survivors: 7168.0K->21.0M Heap: 863.4M(1024.0M)->697.7M(1024.0M)]
 [Times: user=0.28 sys=0.15, real=0.03 secs] 
2.826: [GC pause (G1 Evacuation Pause) (mixed), 0.0147468 secs]
   [Parallel Time: 13.1 ms, GC Workers: 18]
      [GC Worker Start (ms): Min: 2826.4, Avg: 2826.6, Max: 2826.8, Diff: 0.4]
      [Ext Root Scanning (ms): Min: 0.0, Avg: 0.2, Max: 0.3, Diff: 0.3, Sum: 2.7]
      [Update RS (ms): Min: 0.9, Avg: 1.1, Max: 1.2, Diff: 0.3, Sum: 19.4]
         [Processed Buffers: Min: 2, Avg: 3.7, Max: 6, Diff: 4, Sum: 66]
      [Scan RS (ms): Min: 0.0, Avg: 0.0, Max: 0.1, Diff: 0.1, Sum: 0.6]
      [Code Root Scanning (ms): Min: 0.0, Avg: 0.0, Max: 0.0, Diff: 0.0, Sum: 0.0]
      [Object Copy (ms): Min: 9.6, Avg: 10.2, Max: 11.4, Diff: 1.8, Sum: 184.3]
      [Termination (ms): Min: 0.0, Avg: 1.2, Max: 1.7, Diff: 1.7, Sum: 21.2]
         [Termination Attempts: Min: 1, Avg: 1.1, Max: 2, Diff: 1, Sum: 19]
      [GC Worker Other (ms): Min: 0.0, Avg: 0.0, Max: 0.0, Diff: 0.0, Sum: 0.3]
      [GC Worker Total (ms): Min: 12.5, Avg: 12.7, Max: 12.9, Diff: 0.4, Sum: 228.6]
      [GC Worker End (ms): Min: 2839.2, Avg: 2839.3, Max: 2839.3, Diff: 0.0]
   [Code Root Fixup: 0.0 ms]
   [Code Root Purge: 0.0 ms]
   [Clear CT: 0.2 ms]
   [Other: 1.4 ms]
      [Choose CSet: 0.1 ms]
      [Ref Proc: 0.3 ms]
      [Ref Enq: 0.0 ms]
      [Redirty Cards: 0.2 ms]
      [Humongous Register: 0.2 ms]
      [Humongous Reclaim: 0.1 ms]
      [Free CSet: 0.3 ms]
   [Eden: 30.0M(30.0M)->0.0B(44.0M) Survivors: 21.0M->7168.0K Heap: 733.7M(1024.0M)->604.3M(1024.0M)]
 [Times: user=0.11 sys=0.12, real=0.01 secs] 
2.863: [GC pause (G1 Evacuation Pause) (mixed), 0.0161216 secs]
   [Parallel Time: 14.5 ms, GC Workers: 18]
      [GC Worker Start (ms): Min: 2863.8, Avg: 2864.1, Max: 2864.3, Diff: 0.5]
      [Ext Root Scanning (ms): Min: 0.0, Avg: 0.1, Max: 0.4, Diff: 0.4, Sum: 2.2]
      [Update RS (ms): Min: 2.5, Avg: 2.7, Max: 2.8, Diff: 0.3, Sum: 48.0]
         [Processed Buffers: Min: 7, Avg: 8.4, Max: 10, Diff: 3, Sum: 152]
      [Scan RS (ms): Min: 0.0, Avg: 0.0, Max: 0.1, Diff: 0.1, Sum: 0.6]
      [Code Root Scanning (ms): Min: 0.0, Avg: 0.0, Max: 0.0, Diff: 0.0, Sum: 0.0]
      [Object Copy (ms): Min: 9.8, Avg: 10.4, Max: 11.2, Diff: 1.4, Sum: 187.9]
      [Termination (ms): Min: 0.0, Avg: 0.8, Max: 1.4, Diff: 1.4, Sum: 13.5]
         [Termination Attempts: Min: 1, Avg: 1.2, Max: 3, Diff: 2, Sum: 21]
      [GC Worker Other (ms): Min: 0.0, Avg: 0.0, Max: 0.0, Diff: 0.0, Sum: 0.4]
      [GC Worker Total (ms): Min: 13.8, Avg: 14.0, Max: 14.3, Diff: 0.5, Sum: 252.6]
      [GC Worker End (ms): Min: 2878.1, Avg: 2878.1, Max: 2878.1, Diff: 0.0]
   [Code Root Fixup: 0.0 ms]
   [Code Root Purge: 0.0 ms]
   [Clear CT: 0.2 ms]
   [Other: 1.4 ms]
      [Choose CSet: 0.0 ms]
      [Ref Proc: 0.3 ms]
      [Ref Enq: 0.0 ms]
      [Redirty Cards: 0.3 ms]
      [Humongous Register: 0.2 ms]
      [Humongous Reclaim: 0.1 ms]
      [Free CSet: 0.2 ms]
   [Eden: 44.0M(44.0M)->0.0B(44.0M) Survivors: 7168.0K->7168.0K Heap: 664.8M(1024.0M)->573.5M(1024.0M)]
 [Times: user=0.13 sys=0.12, real=0.01 secs] 
2.898: [GC pause (G1 Evacuation Pause) (mixed), 0.0161279 secs]
   [Parallel Time: 14.5 ms, GC Workers: 18]
      [GC Worker Start (ms): Min: 2898.7, Avg: 2898.9, Max: 2899.1, Diff: 0.4]
      [Ext Root Scanning (ms): Min: 0.0, Avg: 0.2, Max: 0.4, Diff: 0.4, Sum: 2.8]
      [Update RS (ms): Min: 1.4, Avg: 1.6, Max: 1.8, Diff: 0.4, Sum: 28.6]
         [Processed Buffers: Min: 4, Avg: 5.0, Max: 6, Diff: 2, Sum: 90]
      [Scan RS (ms): Min: 0.0, Avg: 0.0, Max: 0.1, Diff: 0.1, Sum: 0.6]
      [Code Root Scanning (ms): Min: 0.0, Avg: 0.0, Max: 0.0, Diff: 0.0, Sum: 0.0]
      [Object Copy (ms): Min: 10.6, Avg: 11.2, Max: 12.2, Diff: 1.5, Sum: 201.0]
      [Termination (ms): Min: 0.0, Avg: 1.0, Max: 1.5, Diff: 1.5, Sum: 18.7]
         [Termination Attempts: Min: 1, Avg: 1.0, Max: 1, Diff: 0, Sum: 18]
      [GC Worker Other (ms): Min: 0.0, Avg: 0.0, Max: 0.1, Diff: 0.1, Sum: 0.5]
      [GC Worker Total (ms): Min: 13.8, Avg: 14.0, Max: 14.3, Diff: 0.4, Sum: 252.2]
      [GC Worker End (ms): Min: 2912.9, Avg: 2912.9, Max: 2912.9, Diff: 0.0]
   [Code Root Fixup: 0.0 ms]
   [Code Root Purge: 0.0 ms]
   [Clear CT: 0.3 ms]
   [Other: 1.4 ms]
      [Choose CSet: 0.0 ms]
      [Ref Proc: 0.3 ms]
      [Ref Enq: 0.0 ms]
      [Redirty Cards: 0.3 ms]
      [Humongous Register: 0.2 ms]
      [Humongous Reclaim: 0.1 ms]
      [Free CSet: 0.2 ms]
   [Eden: 44.0M(44.0M)->0.0B(44.0M) Survivors: 7168.0K->7168.0K Heap: 626.6M(1024.0M)->545.4M(1024.0M)]
 [Times: user=0.16 sys=0.10, real=0.02 secs] 
2.935: [GC pause (G1 Evacuation Pause) (mixed), 0.0175150 secs]
   [Parallel Time: 15.9 ms, GC Workers: 18]
      [GC Worker Start (ms): Min: 2935.2, Avg: 2935.4, Max: 2935.6, Diff: 0.5]
      [Ext Root Scanning (ms): Min: 0.0, Avg: 0.1, Max: 0.3, Diff: 0.3, Sum: 2.7]
      [Update RS (ms): Min: 1.6, Avg: 1.9, Max: 2.3, Diff: 0.7, Sum: 34.1]
         [Processed Buffers: Min: 5, Avg: 5.9, Max: 8, Diff: 3, Sum: 107]
      [Scan RS (ms): Min: 0.0, Avg: 0.0, Max: 0.1, Diff: 0.1, Sum: 0.6]
      [Code Root Scanning (ms): Min: 0.0, Avg: 0.0, Max: 0.0, Diff: 0.0, Sum: 0.0]
      [Object Copy (ms): Min: 11.9, Avg: 12.3, Max: 13.3, Diff: 1.5, Sum: 221.9]
      [Termination (ms): Min: 0.0, Avg: 0.9, Max: 1.3, Diff: 1.3, Sum: 16.7]
         [Termination Attempts: Min: 1, Avg: 1.0, Max: 1, Diff: 0, Sum: 18]
      [GC Worker Other (ms): Min: 0.0, Avg: 0.0, Max: 0.1, Diff: 0.1, Sum: 0.5]
      [GC Worker Total (ms): Min: 15.1, Avg: 15.4, Max: 15.6, Diff: 0.5, Sum: 276.5]
      [GC Worker End (ms): Min: 2950.7, Avg: 2950.8, Max: 2950.8, Diff: 0.0]
   [Code Root Fixup: 0.0 ms]
   [Code Root Purge: 0.0 ms]
   [Clear CT: 0.2 ms]
   [Other: 1.4 ms]
      [Choose CSet: 0.0 ms]
      [Ref Proc: 0.3 ms]
      [Ref Enq: 0.0 ms]
      [Redirty Cards: 0.3 ms]
      [Humongous Register: 0.3 ms]
      [Humongous Reclaim: 0.1 ms]
      [Free CSet: 0.2 ms]
   [Eden: 44.0M(44.0M)->0.0B(44.0M) Survivors: 7168.0K->7168.0K Heap: 600.4M(1024.0M)->518.7M(1024.0M)]
 [Times: user=0.18 sys=0.10, real=0.02 secs] 
2.971: [GC pause (G1 Evacuation Pause) (mixed), 0.0154748 secs]
   [Parallel Time: 14.0 ms, GC Workers: 18]
      [GC Worker Start (ms): Min: 2971.0, Avg: 2971.2, Max: 2971.5, Diff: 0.4]
      [Ext Root Scanning (ms): Min: 0.0, Avg: 0.2, Max: 0.4, Diff: 0.4, Sum: 2.8]
      [Update RS (ms): Min: 2.1, Avg: 2.4, Max: 2.6, Diff: 0.5, Sum: 42.4]
         [Processed Buffers: Min: 6, Avg: 7.4, Max: 9, Diff: 3, Sum: 133]
      [Scan RS (ms): Min: 0.0, Avg: 0.0, Max: 0.1, Diff: 0.1, Sum: 0.5]
      [Code Root Scanning (ms): Min: 0.0, Avg: 0.0, Max: 0.0, Diff: 0.0, Sum: 0.0]
      [Object Copy (ms): Min: 9.0, Avg: 9.8, Max: 10.8, Diff: 1.8, Sum: 176.1]
      [Termination (ms): Min: 0.0, Avg: 1.1, Max: 1.7, Diff: 1.7, Sum: 20.6]
         [Termination Attempts: Min: 1, Avg: 1.1, Max: 2, Diff: 1, Sum: 19]
      [GC Worker Other (ms): Min: 0.0, Avg: 0.0, Max: 0.1, Diff: 0.1, Sum: 0.6]
      [GC Worker Total (ms): Min: 13.3, Avg: 13.5, Max: 13.7, Diff: 0.4, Sum: 243.0]
      [GC Worker End (ms): Min: 2984.7, Avg: 2984.7, Max: 2984.9, Diff: 0.2]
   [Code Root Fixup: 0.0 ms]
   [Code Root Purge: 0.0 ms]
   [Clear CT: 0.2 ms]
   [Other: 1.2 ms]
      [Choose CSet: 0.0 ms]
      [Ref Proc: 0.3 ms]
      [Ref Enq: 0.0 ms]
      [Redirty Cards: 0.2 ms]
      [Humongous Register: 0.2 ms]
      [Humongous Reclaim: 0.1 ms]
      [Free CSet: 0.2 ms]
   [Eden: 44.0M(44.0M)->0.0B(218.0M) Survivors: 7168.0K->7168.0K Heap: 577.1M(1024.0M)->527.2M(1024.0M)]
 [Times: user=0.18 sys=0.06, real=0.02 secs] 
2.989: [GC pause (G1 Humongous Allocation) (young) (initial-mark), 0.0048844 secs]
   [Parallel Time: 3.6 ms, GC Workers: 18]
      [GC Worker Start (ms): Min: 2989.5, Avg: 2989.7, Max: 2989.9, Diff: 0.4]
      [Ext Root Scanning (ms): Min: 0.0, Avg: 0.3, Max: 0.6, Diff: 0.6, Sum: 6.2]
      [Update RS (ms): Min: 0.0, Avg: 0.1, Max: 0.8, Diff: 0.8, Sum: 2.0]
         [Processed Buffers: Min: 0, Avg: 1.1, Max: 5, Diff: 5, Sum: 19]
      [Scan RS (ms): Min: 0.0, Avg: 0.0, Max: 0.0, Diff: 0.0, Sum: 0.1]
      [Code Root Scanning (ms): Min: 0.0, Avg: 0.0, Max: 0.0, Diff: 0.0, Sum: 0.0]
      [Object Copy (ms): Min: 1.4, Avg: 2.3, Max: 2.7, Diff: 1.3, Sum: 41.7]
      [Termination (ms): Min: 0.0, Avg: 0.3, Max: 0.6, Diff: 0.6, Sum: 6.3]
         [Termination Attempts: Min: 1, Avg: 1.3, Max: 2, Diff: 1, Sum: 24]
      [GC Worker Other (ms): Min: 0.0, Avg: 0.0, Max: 0.0, Diff: 0.0, Sum: 0.2]
      [GC Worker Total (ms): Min: 2.9, Avg: 3.1, Max: 3.4, Diff: 0.4, Sum: 56.4]
      [GC Worker End (ms): Min: 2992.8, Avg: 2992.8, Max: 2992.9, Diff: 0.0]
   [Code Root Fixup: 0.0 ms]
   [Code Root Purge: 0.0 ms]
   [Clear CT: 0.3 ms]
   [Other: 1.0 ms]
      [Choose CSet: 0.0 ms]
      [Ref Proc: 0.3 ms]
      [Ref Enq: 0.0 ms]
      [Redirty Cards: 0.2 ms]
      [Humongous Register: 0.2 ms]
      [Humongous Reclaim: 0.0 ms]
      [Free CSet: 0.0 ms]
   [Eden: 10.0M(218.0M)->0.0B(282.0M) Survivors: 7168.0K->11.0M Heap: 536.7M(1024.0M)->530.0M(1024.0M)]
 [Times: user=0.04 sys=0.01, real=0.01 secs] 
2.994: [GC concurrent-root-region-scan-start]
2.994: [GC concurrent-root-region-scan-end, 0.0001721 secs]
2.994: [GC concurrent-mark-start]
2.997: [GC concurrent-mark-end, 0.0022137 secs]
2.997: [GC remark 2.997: [Finalize Marking, 0.0004687 secs] 2.997: [GC ref-proc, 0.0003969 secs] 2.998: [Unloading, 0.0009023 secs], 0.0028713 secs]
 [Times: user=0.03 sys=0.00, real=0.00 secs] 
3.000: [GC cleanup 540M->531M(1024M), 0.0017841 secs]
 [Times: user=0.01 sys=0.00, real=0.00 secs] 
3.002: [GC concurrent-cleanup-start]
3.002: [GC concurrent-cleanup-end, 0.0000419 secs]
3.156: [GC pause (G1 Evacuation Pause) (young) (to-space exhausted), 0.0152162 secs]
   [Parallel Time: 12.7 ms, GC Workers: 18]
      [GC Worker Start (ms): Min: 3156.7, Avg: 3156.9, Max: 3157.1, Diff: 0.4]
      [Ext Root Scanning (ms): Min: 0.0, Avg: 0.2, Max: 0.4, Diff: 0.4, Sum: 2.8]
      [Update RS (ms): Min: 3.9, Avg: 4.1, Max: 4.2, Diff: 0.2, Sum: 73.0]
         [Processed Buffers: Min: 4, Avg: 11.2, Max: 13, Diff: 9, Sum: 201]
      [Scan RS (ms): Min: 0.0, Avg: 0.1, Max: 0.1, Diff: 0.1, Sum: 1.1]
      [Code Root Scanning (ms): Min: 0.0, Avg: 0.0, Max: 0.0, Diff: 0.0, Sum: 0.0]
      [Object Copy (ms): Min: 7.8, Avg: 7.9, Max: 8.0, Diff: 0.2, Sum: 141.4]
      [Termination (ms): Min: 0.0, Avg: 0.1, Max: 0.2, Diff: 0.2, Sum: 2.3]
         [Termination Attempts: Min: 1, Avg: 1.4, Max: 2, Diff: 1, Sum: 25]
      [GC Worker Other (ms): Min: 0.0, Avg: 0.0, Max: 0.1, Diff: 0.1, Sum: 0.6]
      [GC Worker Total (ms): Min: 12.1, Avg: 12.3, Max: 12.6, Diff: 0.4, Sum: 221.2]
      [GC Worker End (ms): Min: 3169.2, Avg: 3169.2, Max: 3169.2, Diff: 0.1]
   [Code Root Fixup: 0.0 ms]
   [Code Root Purge: 0.0 ms]
   [Clear CT: 0.4 ms]
   [Other: 2.2 ms]
      [Evacuation Failure: 0.7 ms]
      [Choose CSet: 0.0 ms]
      [Ref Proc: 0.3 ms]
      [Ref Enq: 0.0 ms]
      [Redirty Cards: 0.2 ms]
      [Humongous Register: 0.3 ms]
      [Humongous Reclaim: 0.3 ms]
      [Free CSet: 0.2 ms]
   [Eden: 282.0M(282.0M)->0.0B(30.0M) Survivors: 11.0M->21.0M Heap: 890.7M(1024.0M)->763.5M(1024.0M)]
 [Times: user=0.17 sys=0.04, real=0.01 secs] 
3.181: [GC pause (G1 Evacuation Pause) (mixed), 0.0201557 secs]
   [Parallel Time: 18.4 ms, GC Workers: 18]
      [GC Worker Start (ms): Min: 3181.9, Avg: 3182.1, Max: 3182.3, Diff: 0.4]
      [Ext Root Scanning (ms): Min: 0.0, Avg: 0.2, Max: 0.4, Diff: 0.4, Sum: 2.9]
      [Update RS (ms): Min: 0.4, Avg: 0.5, Max: 0.7, Diff: 0.4, Sum: 9.8]
         [Processed Buffers: Min: 1, Avg: 3.0, Max: 10, Diff: 9, Sum: 54]
      [Scan RS (ms): Min: 0.0, Avg: 0.1, Max: 0.5, Diff: 0.5, Sum: 1.7]
      [Code Root Scanning (ms): Min: 0.0, Avg: 0.0, Max: 0.1, Diff: 0.1, Sum: 0.1]
      [Object Copy (ms): Min: 14.8, Avg: 15.4, Max: 16.9, Diff: 2.0, Sum: 277.9]
      [Termination (ms): Min: 0.0, Avg: 1.7, Max: 2.3, Diff: 2.3, Sum: 31.1]
         [Termination Attempts: Min: 1, Avg: 1.0, Max: 1, Diff: 0, Sum: 18]
      [GC Worker Other (ms): Min: 0.0, Avg: 0.0, Max: 0.0, Diff: 0.0, Sum: 0.3]
      [GC Worker Total (ms): Min: 17.8, Avg: 18.0, Max: 18.2, Diff: 0.4, Sum: 323.8]
      [GC Worker End (ms): Min: 3200.1, Avg: 3200.1, Max: 3200.1, Diff: 0.0]
   [Code Root Fixup: 0.0 ms]
   [Code Root Purge: 0.0 ms]
   [Clear CT: 0.3 ms]
   [Other: 1.4 ms]
      [Choose CSet: 0.1 ms]
      [Ref Proc: 0.3 ms]
      [Ref Enq: 0.0 ms]
      [Redirty Cards: 0.2 ms]
      [Humongous Register: 0.3 ms]
      [Humongous Reclaim: 0.1 ms]
      [Free CSet: 0.3 ms]
   [Eden: 30.0M(30.0M)->0.0B(44.0M) Survivors: 21.0M->7168.0K Heap: 797.0M(1024.0M)->695.9M(1024.0M)]
 [Times: user=0.22 sys=0.10, real=0.02 secs] 
3.216: [GC pause (G1 Evacuation Pause) (mixed), 0.0157517 secs]
   [Parallel Time: 14.4 ms, GC Workers: 18]
      [GC Worker Start (ms): Min: 3216.6, Avg: 3216.8, Max: 3217.0, Diff: 0.4]
      [Ext Root Scanning (ms): Min: 0.0, Avg: 0.2, Max: 0.4, Diff: 0.3, Sum: 2.8]
      [Update RS (ms): Min: 2.0, Avg: 2.1, Max: 2.2, Diff: 0.2, Sum: 37.7]
         [Processed Buffers: Min: 6, Avg: 6.5, Max: 8, Diff: 2, Sum: 117]
      [Scan RS (ms): Min: 0.0, Avg: 0.0, Max: 0.1, Diff: 0.1, Sum: 0.4]
      [Code Root Scanning (ms): Min: 0.0, Avg: 0.0, Max: 0.0, Diff: 0.0, Sum: 0.0]
      [Object Copy (ms): Min: 10.4, Avg: 10.7, Max: 11.7, Diff: 1.2, Sum: 193.4]
      [Termination (ms): Min: 0.0, Avg: 1.0, Max: 1.2, Diff: 1.2, Sum: 17.3]
         [Termination Attempts: Min: 1, Avg: 1.0, Max: 1, Diff: 0, Sum: 18]
      [GC Worker Other (ms): Min: 0.0, Avg: 0.0, Max: 0.0, Diff: 0.0, Sum: 0.3]
      [GC Worker Total (ms): Min: 13.8, Avg: 14.0, Max: 14.2, Diff: 0.4, Sum: 251.9]
      [GC Worker End (ms): Min: 3230.8, Avg: 3230.8, Max: 3230.8, Diff: 0.0]
   [Code Root Fixup: 0.0 ms]
   [Code Root Purge: 0.0 ms]
   [Clear CT: 0.2 ms]
   [Other: 1.1 ms]
      [Choose CSet: 0.0 ms]
      [Ref Proc: 0.2 ms]
      [Ref Enq: 0.0 ms]
      [Redirty Cards: 0.3 ms]
      [Humongous Register: 0.1 ms]
      [Humongous Reclaim: 0.1 ms]
      [Free CSet: 0.2 ms]
   [Eden: 44.0M(44.0M)->0.0B(141.0M) Survivors: 7168.0K->7168.0K Heap: 752.1M(1024.0M)->680.0M(1024.0M)]
 [Times: user=0.20 sys=0.05, real=0.02 secs] 
3.232: [GC pause (G1 Humongous Allocation) (young) (initial-mark), 0.0036094 secs]
   [Parallel Time: 2.5 ms, GC Workers: 18]
      [GC Worker Start (ms): Min: 3232.9, Avg: 3233.0, Max: 3233.2, Diff: 0.3]
      [Ext Root Scanning (ms): Min: 0.0, Avg: 0.2, Max: 0.3, Diff: 0.3, Sum: 3.1]
      [Update RS (ms): Min: 0.0, Avg: 0.3, Max: 1.6, Diff: 1.5, Sum: 5.9]
         [Processed Buffers: Min: 0, Avg: 1.0, Max: 2, Diff: 2, Sum: 18]
      [Scan RS (ms): Min: 0.0, Avg: 0.0, Max: 0.0, Diff: 0.0, Sum: 0.1]
      [Code Root Scanning (ms): Min: 0.0, Avg: 0.0, Max: 0.0, Diff: 0.0, Sum: 0.0]
      [Object Copy (ms): Min: 0.0, Avg: 1.1, Max: 1.6, Diff: 1.6, Sum: 20.5]
      [Termination (ms): Min: 0.2, Avg: 0.5, Max: 1.0, Diff: 0.8, Sum: 9.1]
         [Termination Attempts: Min: 1, Avg: 2.2, Max: 5, Diff: 4, Sum: 39]
      [GC Worker Other (ms): Min: 0.0, Avg: 0.0, Max: 0.0, Diff: 0.0, Sum: 0.2]
      [GC Worker Total (ms): Min: 2.0, Avg: 2.2, Max: 2.3, Diff: 0.3, Sum: 38.9]
      [GC Worker End (ms): Min: 3235.2, Avg: 3235.2, Max: 3235.2, Diff: 0.0]
   [Code Root Fixup: 0.0 ms]
   [Code Root Purge: 0.0 ms]
   [Clear CT: 0.2 ms]
   [Other: 0.9 ms]
      [Choose CSet: 0.0 ms]
      [Ref Proc: 0.3 ms]
      [Ref Enq: 0.0 ms]
      [Redirty Cards: 0.2 ms]
      [Humongous Register: 0.2 ms]
      [Humongous Reclaim: 0.0 ms]
      [Free CSet: 0.0 ms]
   [Eden: 1024.0K(141.0M)->0.0B(147.0M) Survivors: 7168.0K->7168.0K Heap: 680.6M(1024.0M)->680.0M(1024.0M)]
 [Times: user=0.04 sys=0.00, real=0.00 secs] 
3.236: [GC concurrent-root-region-scan-start]
3.236: [GC concurrent-root-region-scan-end, 0.0001549 secs]
3.236: [GC concurrent-mark-start]
3.239: [GC concurrent-mark-end, 0.0021208 secs]
3.239: [GC remark 3.239: [Finalize Marking, 0.0004365 secs] 3.239: [GC ref-proc, 0.0003982 secs] 3.240: [Unloading, 0.0009792 secs], 0.0029358 secs]
 [Times: user=0.03 sys=0.00, real=0.00 secs] 
3.242: [GC cleanup 691M->679M(1024M), 0.0019594 secs]
 [Times: user=0.02 sys=0.00, real=0.01 secs] 
3.244: [GC concurrent-cleanup-start]
3.244: [GC concurrent-cleanup-end, 0.0000480 secs]
3.295: [GC pause (G1 Evacuation Pause) (young), 0.0234659 secs]
   [Parallel Time: 21.8 ms, GC Workers: 18]
      [GC Worker Start (ms): Min: 3295.7, Avg: 3295.9, Max: 3296.0, Diff: 0.3]
      [Ext Root Scanning (ms): Min: 0.0, Avg: 0.2, Max: 0.4, Diff: 0.3, Sum: 3.4]
      [Update RS (ms): Min: 4.5, Avg: 4.8, Max: 4.9, Diff: 0.5, Sum: 85.7]
         [Processed Buffers: Min: 13, Avg: 14.6, Max: 17, Diff: 4, Sum: 262]
      [Scan RS (ms): Min: 0.0, Avg: 0.0, Max: 0.1, Diff: 0.1, Sum: 0.8]
      [Code Root Scanning (ms): Min: 0.0, Avg: 0.0, Max: 0.0, Diff: 0.0, Sum: 0.0]
      [Object Copy (ms): Min: 15.8, Avg: 16.2, Max: 16.7, Diff: 0.9, Sum: 291.4]
      [Termination (ms): Min: 0.0, Avg: 0.4, Max: 0.8, Diff: 0.8, Sum: 6.6]
         [Termination Attempts: Min: 1, Avg: 1.1, Max: 2, Diff: 1, Sum: 19]
      [GC Worker Other (ms): Min: 0.0, Avg: 0.0, Max: 0.1, Diff: 0.0, Sum: 0.5]
      [GC Worker Total (ms): Min: 21.4, Avg: 21.6, Max: 21.7, Diff: 0.3, Sum: 388.3]
      [GC Worker End (ms): Min: 3317.4, Avg: 3317.4, Max: 3317.5, Diff: 0.0]
   [Code Root Fixup: 0.0 ms]
   [Code Root Purge: 0.0 ms]
   [Clear CT: 0.2 ms]
   [Other: 1.4 ms]
      [Choose CSet: 0.0 ms]
      [Ref Proc: 0.3 ms]
      [Ref Enq: 0.0 ms]
      [Redirty Cards: 0.3 ms]
      [Humongous Register: 0.3 ms]
      [Humongous Reclaim: 0.2 ms]
      [Free CSet: 0.2 ms]
   [Eden: 147.0M(147.0M)->0.0B(31.0M) Survivors: 7168.0K->20.0M Heap: 846.6M(1024.0M)->711.8M(1024.0M)]
 [Times: user=0.33 sys=0.05, real=0.02 secs] 
3.331: [GC pause (G1 Evacuation Pause) (mixed), 0.0139889 secs]
   [Parallel Time: 12.3 ms, GC Workers: 18]
      [GC Worker Start (ms): Min: 3330.9, Avg: 3331.1, Max: 3331.4, Diff: 0.5]
      [Ext Root Scanning (ms): Min: 0.0, Avg: 0.1, Max: 0.3, Diff: 0.3, Sum: 2.5]
      [Update RS (ms): Min: 1.5, Avg: 1.6, Max: 1.9, Diff: 0.4, Sum: 29.6]
         [Processed Buffers: Min: 5, Avg: 5.5, Max: 9, Diff: 4, Sum: 99]
      [Scan RS (ms): Min: 0.0, Avg: 0.0, Max: 0.1, Diff: 0.1, Sum: 0.8]
      [Code Root Scanning (ms): Min: 0.0, Avg: 0.0, Max: 0.0, Diff: 0.0, Sum: 0.0]
      [Object Copy (ms): Min: 9.6, Avg: 9.9, Max: 10.2, Diff: 0.7, Sum: 178.5]
      [Termination (ms): Min: 0.0, Avg: 0.2, Max: 0.4, Diff: 0.3, Sum: 4.0]
         [Termination Attempts: Min: 1, Avg: 1.0, Max: 1, Diff: 0, Sum: 18]
      [GC Worker Other (ms): Min: 0.0, Avg: 0.0, Max: 0.0, Diff: 0.0, Sum: 0.4]
      [GC Worker Total (ms): Min: 11.7, Avg: 12.0, Max: 12.2, Diff: 0.5, Sum: 215.9]
      [GC Worker End (ms): Min: 3343.1, Avg: 3343.1, Max: 3343.1, Diff: 0.0]
   [Code Root Fixup: 0.0 ms]
   [Code Root Purge: 0.0 ms]
   [Clear CT: 0.2 ms]
   [Other: 1.5 ms]
      [Choose CSet: 0.1 ms]
      [Ref Proc: 0.3 ms]
      [Ref Enq: 0.0 ms]
      [Redirty Cards: 0.3 ms]
      [Humongous Register: 0.2 ms]
      [Humongous Reclaim: 0.1 ms]
      [Free CSet: 0.3 ms]
   [Eden: 31.0M(31.0M)->0.0B(44.0M) Survivors: 20.0M->7168.0K Heap: 752.8M(1024.0M)->623.7M(1024.0M)]
 [Times: user=0.20 sys=0.02, real=0.02 secs] 
3.361: [GC pause (G1 Evacuation Pause) (mixed), 0.0184291 secs]
   [Parallel Time: 15.3 ms, GC Workers: 18]
      [GC Worker Start (ms): Min: 3362.6, Avg: 3363.2, Max: 3363.6, Diff: 0.9]
      [Ext Root Scanning (ms): Min: 0.3, Avg: 0.7, Max: 1.2, Diff: 0.9, Sum: 13.1]
      [Update RS (ms): Min: 1.5, Avg: 1.7, Max: 1.8, Diff: 0.2, Sum: 30.1]
         [Processed Buffers: Min: 4, Avg: 4.9, Max: 6, Diff: 2, Sum: 88]
      [Scan RS (ms): Min: 0.1, Avg: 0.2, Max: 0.3, Diff: 0.3, Sum: 3.7]
      [Code Root Scanning (ms): Min: 0.0, Avg: 0.0, Max: 0.0, Diff: 0.0, Sum: 0.0]
      [Object Copy (ms): Min: 11.4, Avg: 11.6, Max: 11.8, Diff: 0.4, Sum: 209.6]
      [Termination (ms): Min: 0.0, Avg: 0.2, Max: 0.3, Diff: 0.3, Sum: 3.3]
         [Termination Attempts: Min: 1, Avg: 1.0, Max: 1, Diff: 0, Sum: 18]
      [GC Worker Other (ms): Min: 0.0, Avg: 0.0, Max: 0.1, Diff: 0.1, Sum: 0.7]
      [GC Worker Total (ms): Min: 14.1, Avg: 14.5, Max: 15.0, Diff: 0.9, Sum: 260.5]
      [GC Worker End (ms): Min: 3377.6, Avg: 3377.6, Max: 3377.6, Diff: 0.0]
   [Code Root Fixup: 0.0 ms]
   [Code Root Purge: 0.0 ms]
   [Clear CT: 0.3 ms]
   [Other: 2.8 ms]
      [Choose CSet: 0.3 ms]
      [Ref Proc: 0.3 ms]
      [Ref Enq: 0.0 ms]
      [Redirty Cards: 0.3 ms]
      [Humongous Register: 1.0 ms]
      [Humongous Reclaim: 0.2 ms]
      [Free CSet: 0.6 ms]
   [Eden: 44.0M(44.0M)->0.0B(44.0M) Survivors: 7168.0K->7168.0K Heap: 676.4M(1024.0M)->554.4M(1024.0M)]
 [Times: user=0.17 sys=0.08, real=0.02 secs] 
3.395: [GC pause (G1 Evacuation Pause) (mixed), 0.0198574 secs]
   [Parallel Time: 18.1 ms, GC Workers: 18]
      [GC Worker Start (ms): Min: 3395.0, Avg: 3395.2, Max: 3395.4, Diff: 0.4]
      [Ext Root Scanning (ms): Min: 0.0, Avg: 0.2, Max: 0.4, Diff: 0.4, Sum: 3.0]
      [Update RS (ms): Min: 1.2, Avg: 1.3, Max: 1.4, Diff: 0.3, Sum: 22.9]
         [Processed Buffers: Min: 4, Avg: 4.4, Max: 6, Diff: 2, Sum: 79]
      [Scan RS (ms): Min: 0.0, Avg: 0.1, Max: 0.5, Diff: 0.4, Sum: 2.6]
      [Code Root Scanning (ms): Min: 0.0, Avg: 0.0, Max: 0.0, Diff: 0.0, Sum: 0.0]
      [Object Copy (ms): Min: 14.3, Avg: 14.8, Max: 16.0, Diff: 1.7, Sum: 266.7]
      [Termination (ms): Min: 0.0, Avg: 1.1, Max: 1.4, Diff: 1.4, Sum: 20.4]
         [Termination Attempts: Min: 1, Avg: 1.2, Max: 2, Diff: 1, Sum: 21]
      [GC Worker Other (ms): Min: 0.0, Avg: 0.0, Max: 0.1, Diff: 0.1, Sum: 0.6]
      [GC Worker Total (ms): Min: 17.4, Avg: 17.6, Max: 17.8, Diff: 0.4, Sum: 316.3]
      [GC Worker End (ms): Min: 3412.8, Avg: 3412.8, Max: 3412.8, Diff: 0.0]
   [Code Root Fixup: 0.0 ms]
   [Code Root Purge: 0.0 ms]
   [Clear CT: 0.2 ms]
   [Other: 1.6 ms]
      [Choose CSet: 0.1 ms]
      [Ref Proc: 0.2 ms]
      [Ref Enq: 0.0 ms]
      [Redirty Cards: 0.2 ms]
      [Humongous Register: 0.3 ms]
      [Humongous Reclaim: 0.2 ms]
      [Free CSet: 0.5 ms]
   [Eden: 44.0M(44.0M)->0.0B(44.0M) Survivors: 7168.0K->7168.0K Heap: 605.8M(1024.0M)->502.6M(1024.0M)]
 [Times: user=0.27 sys=0.04, real=0.02 secs] 
3.429: [GC pause (G1 Evacuation Pause) (mixed), 0.0115918 secs]
   [Parallel Time: 10.0 ms, GC Workers: 18]
      [GC Worker Start (ms): Min: 3429.3, Avg: 3429.5, Max: 3429.6, Diff: 0.3]
      [Ext Root Scanning (ms): Min: 0.0, Avg: 0.2, Max: 0.4, Diff: 0.3, Sum: 3.1]
      [Update RS (ms): Min: 2.0, Avg: 2.3, Max: 2.5, Diff: 0.5, Sum: 42.0]
         [Processed Buffers: Min: 6, Avg: 7.1, Max: 8, Diff: 2, Sum: 128]
      [Scan RS (ms): Min: 0.0, Avg: 0.0, Max: 0.1, Diff: 0.1, Sum: 0.4]
      [Code Root Scanning (ms): Min: 0.0, Avg: 0.0, Max: 0.0, Diff: 0.0, Sum: 0.0]
      [Object Copy (ms): Min: 6.4, Avg: 6.7, Max: 7.3, Diff: 0.9, Sum: 120.8]
      [Termination (ms): Min: 0.0, Avg: 0.3, Max: 0.7, Diff: 0.7, Sum: 6.1]
         [Termination Attempts: Min: 1, Avg: 1.0, Max: 1, Diff: 0, Sum: 18]
      [GC Worker Other (ms): Min: 0.0, Avg: 0.0, Max: 0.1, Diff: 0.1, Sum: 0.5]
      [GC Worker Total (ms): Min: 9.4, Avg: 9.6, Max: 9.8, Diff: 0.3, Sum: 172.8]
      [GC Worker End (ms): Min: 3439.1, Avg: 3439.1, Max: 3439.1, Diff: 0.0]
   [Code Root Fixup: 0.0 ms]
   [Code Root Purge: 0.0 ms]
   [Clear CT: 0.2 ms]
   [Other: 1.4 ms]
      [Choose CSet: 0.0 ms]
      [Ref Proc: 0.4 ms]
      [Ref Enq: 0.0 ms]
      [Redirty Cards: 0.3 ms]
      [Humongous Register: 0.2 ms]
      [Humongous Reclaim: 0.2 ms]
      [Free CSet: 0.1 ms]
   [Eden: 44.0M(44.0M)->0.0B(276.0M) Survivors: 7168.0K->7168.0K Heap: 560.2M(1024.0M)->510.3M(1024.0M)]
 [Times: user=0.17 sys=0.00, real=0.01 secs] 
3.441: [GC pause (G1 Humongous Allocation) (young) (initial-mark), 0.0035656 secs]
   [Parallel Time: 2.4 ms, GC Workers: 18]
      [GC Worker Start (ms): Min: 3441.2, Avg: 3441.4, Max: 3441.5, Diff: 0.3]
      [Ext Root Scanning (ms): Min: 0.1, Avg: 0.2, Max: 0.4, Diff: 0.3, Sum: 3.5]
      [Update RS (ms): Min: 0.0, Avg: 0.3, Max: 0.8, Diff: 0.8, Sum: 4.6]
         [Processed Buffers: Min: 0, Avg: 0.7, Max: 2, Diff: 2, Sum: 13]
      [Scan RS (ms): Min: 0.0, Avg: 0.0, Max: 0.0, Diff: 0.0, Sum: 0.1]
      [Code Root Scanning (ms): Min: 0.0, Avg: 0.0, Max: 0.0, Diff: 0.0, Sum: 0.0]
      [Object Copy (ms): Min: 0.4, Avg: 1.1, Max: 1.7, Diff: 1.2, Sum: 20.6]
      [Termination (ms): Min: 0.1, Avg: 0.4, Max: 0.7, Diff: 0.6, Sum: 6.7]
         [Termination Attempts: Min: 1, Avg: 1.6, Max: 4, Diff: 3, Sum: 28]
      [GC Worker Other (ms): Min: 0.0, Avg: 0.0, Max: 0.0, Diff: 0.0, Sum: 0.3]
      [GC Worker Total (ms): Min: 1.9, Avg: 2.0, Max: 2.2, Diff: 0.3, Sum: 35.7]
      [GC Worker End (ms): Min: 3443.4, Avg: 3443.4, Max: 3443.4, Diff: 0.0]
   [Code Root Fixup: 0.0 ms]
   [Code Root Purge: 0.0 ms]
   [Clear CT: 0.2 ms]
   [Other: 0.9 ms]
      [Choose CSet: 0.0 ms]
      [Ref Proc: 0.3 ms]
      [Ref Enq: 0.0 ms]
      [Redirty Cards: 0.2 ms]
      [Humongous Register: 0.2 ms]
      [Humongous Reclaim: 0.0 ms]
      [Free CSet: 0.0 ms]
   [Eden: 1024.0K(276.0M)->0.0B(289.0M) Survivors: 7168.0K->7168.0K Heap: 510.9M(1024.0M)->510.0M(1024.0M)]
 [Times: user=0.04 sys=0.00, real=0.01 secs] 
3.445: [GC concurrent-root-region-scan-start]
3.445: [GC concurrent-root-region-scan-end, 0.0003278 secs]
3.445: [GC concurrent-mark-start]
3.448: [GC concurrent-mark-end, 0.0033345 secs]
3.448: [GC remark 3.448: [Finalize Marking, 0.0003669 secs] 3.449: [GC ref-proc, 0.0004188 secs] 3.449: [Unloading, 0.0026229 secs], 0.0051242 secs]
 [Times: user=0.01 sys=0.05, real=0.01 secs] 
3.454: [GC cleanup 521M->517M(1024M), 0.0017902 secs]
 [Times: user=0.02 sys=0.00, real=0.00 secs] 
3.456: [GC concurrent-cleanup-start]
3.456: [GC concurrent-cleanup-end, 0.0000460 secs]
3.562: [GC pause (G1 Evacuation Pause) (young) (to-space exhausted), 0.0239286 secs]
   [Parallel Time: 20.4 ms, GC Workers: 18]
      [GC Worker Start (ms): Min: 3562.4, Avg: 3562.6, Max: 3562.8, Diff: 0.4]
      [Ext Root Scanning (ms): Min: 0.0, Avg: 0.2, Max: 0.4, Diff: 0.4, Sum: 3.0]
      [Update RS (ms): Min: 4.5, Avg: 4.7, Max: 4.9, Diff: 0.3, Sum: 84.3]
         [Processed Buffers: Min: 12, Avg: 13.7, Max: 16, Diff: 4, Sum: 247]
      [Scan RS (ms): Min: 0.0, Avg: 0.1, Max: 0.4, Diff: 0.4, Sum: 1.9]
      [Code Root Scanning (ms): Min: 0.0, Avg: 0.0, Max: 0.0, Diff: 0.0, Sum: 0.0]
      [Object Copy (ms): Min: 14.5, Avg: 15.0, Max: 15.2, Diff: 0.7, Sum: 270.1]
      [Termination (ms): Min: 0.0, Avg: 0.1, Max: 0.1, Diff: 0.1, Sum: 1.2]
         [Termination Attempts: Min: 1, Avg: 1.0, Max: 1, Diff: 0, Sum: 18]
      [GC Worker Other (ms): Min: 0.0, Avg: 0.0, Max: 0.1, Diff: 0.1, Sum: 0.6]
      [GC Worker Total (ms): Min: 19.8, Avg: 20.1, Max: 20.3, Diff: 0.5, Sum: 361.1]
      [GC Worker End (ms): Min: 3582.7, Avg: 3582.7, Max: 3582.7, Diff: 0.1]
   [Code Root Fixup: 0.0 ms]
   [Code Root Purge: 0.0 ms]
   [Clear CT: 0.3 ms]
   [Other: 3.2 ms]
      [Evacuation Failure: 1.5 ms]
      [Choose CSet: 0.0 ms]
      [Ref Proc: 0.3 ms]
      [Ref Enq: 0.0 ms]
      [Redirty Cards: 0.2 ms]
      [Humongous Register: 0.4 ms]
      [Humongous Reclaim: 0.4 ms]
      [Free CSet: 0.2 ms]
   [Eden: 289.0M(289.0M)->0.0B(14.0M) Survivors: 7168.0K->37.0M Heap: 872.9M(1024.0M)->733.2M(1024.0M)]
 [Times: user=0.35 sys=0.03, real=0.02 secs] 
3.591: [GC pause (G1 Evacuation Pause) (mixed), 0.0216365 secs]
   [Parallel Time: 19.9 ms, GC Workers: 18]
      [GC Worker Start (ms): Min: 3591.8, Avg: 3592.0, Max: 3592.2, Diff: 0.4]
      [Ext Root Scanning (ms): Min: 0.0, Avg: 0.2, Max: 0.4, Diff: 0.4, Sum: 2.9]
      [Update RS (ms): Min: 0.6, Avg: 0.8, Max: 0.9, Diff: 0.3, Sum: 14.7]
         [Processed Buffers: Min: 2, Avg: 3.4, Max: 6, Diff: 4, Sum: 61]
      [Scan RS (ms): Min: 0.0, Avg: 0.1, Max: 0.4, Diff: 0.4, Sum: 1.4]
      [Code Root Scanning (ms): Min: 0.0, Avg: 0.0, Max: 0.0, Diff: 0.0, Sum: 0.0]
      [Object Copy (ms): Min: 18.2, Avg: 18.3, Max: 18.4, Diff: 0.3, Sum: 329.3]
      [Termination (ms): Min: 0.0, Avg: 0.1, Max: 0.2, Diff: 0.2, Sum: 2.4]
         [Termination Attempts: Min: 1, Avg: 1.8, Max: 6, Diff: 5, Sum: 33]
      [GC Worker Other (ms): Min: 0.0, Avg: 0.0, Max: 0.0, Diff: 0.0, Sum: 0.3]
      [GC Worker Total (ms): Min: 19.3, Avg: 19.5, Max: 19.7, Diff: 0.4, Sum: 351.0]
      [GC Worker End (ms): Min: 3611.5, Avg: 3611.5, Max: 3611.5, Diff: 0.0]
   [Code Root Fixup: 0.0 ms]
   [Code Root Purge: 0.0 ms]
   [Clear CT: 0.4 ms]
   [Other: 1.4 ms]
      [Choose CSet: 0.1 ms]
      [Ref Proc: 0.3 ms]
      [Ref Enq: 0.0 ms]
      [Redirty Cards: 0.2 ms]
      [Humongous Register: 0.2 ms]
      [Humongous Reclaim: 0.1 ms]
      [Free CSet: 0.4 ms]
   [Eden: 14.0M(14.0M)->0.0B(47.0M) Survivors: 37.0M->4096.0K Heap: 751.2M(1024.0M)->661.1M(1024.0M)]
 [Times: user=0.31 sys=0.04, real=0.03 secs] 
3.630: [GC pause (G1 Evacuation Pause) (mixed), 0.0116146 secs]
   [Parallel Time: 10.2 ms, GC Workers: 18]
      [GC Worker Start (ms): Min: 3630.1, Avg: 3630.3, Max: 3630.4, Diff: 0.3]
      [Ext Root Scanning (ms): Min: 0.0, Avg: 0.2, Max: 0.4, Diff: 0.3, Sum: 3.2]
      [Update RS (ms): Min: 1.7, Avg: 2.0, Max: 2.2, Diff: 0.5, Sum: 36.0]
         [Processed Buffers: Min: 5, Avg: 6.1, Max: 7, Diff: 2, Sum: 110]
      [Scan RS (ms): Min: 0.0, Avg: 0.0, Max: 0.1, Diff: 0.1, Sum: 0.5]
      [Code Root Scanning (ms): Min: 0.0, Avg: 0.0, Max: 0.0, Diff: 0.0, Sum: 0.0]
      [Object Copy (ms): Min: 7.2, Avg: 7.4, Max: 7.8, Diff: 0.6, Sum: 133.8]
      [Termination (ms): Min: 0.0, Avg: 0.2, Max: 0.3, Diff: 0.3, Sum: 4.3]
         [Termination Attempts: Min: 1, Avg: 1.3, Max: 3, Diff: 2, Sum: 23]
      [GC Worker Other (ms): Min: 0.0, Avg: 0.0, Max: 0.1, Diff: 0.1, Sum: 0.5]
      [GC Worker Total (ms): Min: 9.8, Avg: 9.9, Max: 10.1, Diff: 0.3, Sum: 178.3]
      [GC Worker End (ms): Min: 3640.2, Avg: 3640.2, Max: 3640.2, Diff: 0.0]
   [Code Root Fixup: 0.0 ms]
   [Code Root Purge: 0.0 ms]
   [Clear CT: 0.2 ms]
   [Other: 1.1 ms]
      [Choose CSet: 0.0 ms]
      [Ref Proc: 0.2 ms]
      [Ref Enq: 0.0 ms]
      [Redirty Cards: 0.3 ms]
      [Humongous Register: 0.2 ms]
      [Humongous Reclaim: 0.1 ms]
      [Free CSet: 0.2 ms]
   [Eden: 47.0M(47.0M)->0.0B(169.0M) Survivors: 4096.0K->7168.0K Heap: 719.4M(1024.0M)->657.9M(1024.0M)]
 [Times: user=0.17 sys=0.00, real=0.01 secs] 
3.642: [GC pause (G1 Humongous Allocation) (young) (initial-mark), 0.0038037 secs]
   [Parallel Time: 2.6 ms, GC Workers: 18]
      [GC Worker Start (ms): Min: 3642.4, Avg: 3642.6, Max: 3642.8, Diff: 0.4]
      [Ext Root Scanning (ms): Min: 0.0, Avg: 0.2, Max: 0.4, Diff: 0.4, Sum: 3.1]
      [Update RS (ms): Min: 0.0, Avg: 0.3, Max: 1.2, Diff: 1.2, Sum: 5.3]
         [Processed Buffers: Min: 0, Avg: 1.0, Max: 2, Diff: 2, Sum: 18]
      [Scan RS (ms): Min: 0.0, Avg: 0.0, Max: 0.0, Diff: 0.0, Sum: 0.1]
      [Code Root Scanning (ms): Min: 0.0, Avg: 0.0, Max: 0.0, Diff: 0.0, Sum: 0.0]
      [Object Copy (ms): Min: 0.6, Avg: 1.5, Max: 1.8, Diff: 1.2, Sum: 27.1]
      [Termination (ms): Min: 0.0, Avg: 0.2, Max: 0.5, Diff: 0.5, Sum: 4.0]
         [Termination Attempts: Min: 1, Avg: 1.0, Max: 1, Diff: 0, Sum: 18]
      [GC Worker Other (ms): Min: 0.0, Avg: 0.0, Max: 0.0, Diff: 0.0, Sum: 0.3]
      [GC Worker Total (ms): Min: 2.1, Avg: 2.2, Max: 2.4, Diff: 0.4, Sum: 39.9]
      [GC Worker End (ms): Min: 3644.8, Avg: 3644.8, Max: 3644.8, Diff: 0.0]
   [Code Root Fixup: 0.0 ms]
   [Code Root Purge: 0.0 ms]
   [Clear CT: 0.3 ms]
   [Other: 0.9 ms]
      [Choose CSet: 0.0 ms]
      [Ref Proc: 0.3 ms]
      [Ref Enq: 0.0 ms]
      [Redirty Cards: 0.2 ms]
      [Humongous Register: 0.2 ms]
      [Humongous Reclaim: 0.0 ms]
      [Free CSet: 0.0 ms]
   [Eden: 1024.0K(169.0M)->0.0B(165.0M) Survivors: 7168.0K->8192.0K Heap: 658.9M(1024.0M)->658.3M(1024.0M)]
 [Times: user=0.04 sys=0.01, real=0.00 secs] 
3.646: [GC concurrent-root-region-scan-start]
3.646: [GC concurrent-root-region-scan-end, 0.0001708 secs]
3.646: [GC concurrent-mark-start]
3.648: [GC concurrent-mark-end, 0.0020067 secs]
3.648: [GC remark 3.648: [Finalize Marking, 0.0003998 secs] 3.649: [GC ref-proc, 0.0004075 secs] 3.649: [Unloading, 0.0009795 secs], 0.0026779 secs]
 [Times: user=0.02 sys=0.00, real=0.00 secs] 
3.651: [GC cleanup 668M->652M(1024M), 0.0019375 secs]
 [Times: user=0.01 sys=0.00, real=0.01 secs] 
3.653: [GC concurrent-cleanup-start]
3.653: [GC concurrent-cleanup-end, 0.0000646 secs]
3.715: [GC pause (G1 Evacuation Pause) (young), 0.0231585 secs]
   [Parallel Time: 21.2 ms, GC Workers: 18]
      [GC Worker Start (ms): Min: 3715.1, Avg: 3715.3, Max: 3715.4, Diff: 0.3]
      [Ext Root Scanning (ms): Min: 0.1, Avg: 0.2, Max: 0.4, Diff: 0.3, Sum: 3.6]
      [Update RS (ms): Min: 4.6, Avg: 4.9, Max: 5.9, Diff: 1.3, Sum: 87.5]
         [Processed Buffers: Min: 12, Avg: 13.8, Max: 15, Diff: 3, Sum: 248]
      [Scan RS (ms): Min: 0.0, Avg: 0.1, Max: 0.3, Diff: 0.3, Sum: 1.5]
      [Code Root Scanning (ms): Min: 0.0, Avg: 0.0, Max: 0.0, Diff: 0.0, Sum: 0.0]
      [Object Copy (ms): Min: 14.2, Avg: 15.4, Max: 15.8, Diff: 1.6, Sum: 276.9]
      [Termination (ms): Min: 0.0, Avg: 0.2, Max: 0.5, Diff: 0.5, Sum: 3.9]
         [Termination Attempts: Min: 1, Avg: 1.0, Max: 1, Diff: 0, Sum: 18]
      [GC Worker Other (ms): Min: 0.0, Avg: 0.0, Max: 0.1, Diff: 0.1, Sum: 0.5]
      [GC Worker Total (ms): Min: 20.6, Avg: 20.8, Max: 20.9, Diff: 0.3, Sum: 373.9]
      [GC Worker End (ms): Min: 3736.0, Avg: 3736.0, Max: 3736.1, Diff: 0.0]
   [Code Root Fixup: 0.0 ms]
   [Code Root Purge: 0.0 ms]
   [Clear CT: 0.3 ms]
   [Other: 1.7 ms]
      [Choose CSet: 0.0 ms]
      [Ref Proc: 0.3 ms]
      [Ref Enq: 0.0 ms]
      [Redirty Cards: 0.2 ms]
      [Humongous Register: 0.3 ms]
      [Humongous Reclaim: 0.3 ms]
      [Free CSet: 0.4 ms]
   [Eden: 165.0M(165.0M)->0.0B(29.0M) Survivors: 8192.0K->22.0M Heap: 852.5M(1024.0M)->687.1M(1024.0M)]
 [Times: user=0.35 sys=0.02, real=0.02 secs] 
3.748: [GC pause (G1 Evacuation Pause) (mixed), 0.0170841 secs]
   [Parallel Time: 15.1 ms, GC Workers: 18]
      [GC Worker Start (ms): Min: 3748.7, Avg: 3748.9, Max: 3749.1, Diff: 0.4]
      [Ext Root Scanning (ms): Min: 0.0, Avg: 0.1, Max: 0.4, Diff: 0.4, Sum: 2.6]
      [Update RS (ms): Min: 1.1, Avg: 1.3, Max: 1.4, Diff: 0.2, Sum: 22.7]
         [Processed Buffers: Min: 3, Avg: 4.3, Max: 6, Diff: 3, Sum: 77]
      [Scan RS (ms): Min: 0.0, Avg: 0.0, Max: 0.1, Diff: 0.1, Sum: 0.8]
      [Code Root Scanning (ms): Min: 0.0, Avg: 0.0, Max: 0.0, Diff: 0.0, Sum: 0.0]
      [Object Copy (ms): Min: 11.8, Avg: 12.2, Max: 13.2, Diff: 1.4, Sum: 219.2]
      [Termination (ms): Min: 0.0, Avg: 1.0, Max: 1.3, Diff: 1.3, Sum: 17.4]
         [Termination Attempts: Min: 1, Avg: 1.0, Max: 1, Diff: 0, Sum: 18]
      [GC Worker Other (ms): Min: 0.0, Avg: 0.0, Max: 0.0, Diff: 0.0, Sum: 0.4]
      [GC Worker Total (ms): Min: 14.5, Avg: 14.6, Max: 14.8, Diff: 0.4, Sum: 263.1]
      [GC Worker End (ms): Min: 3763.5, Avg: 3763.5, Max: 3763.5, Diff: 0.0]
   [Code Root Fixup: 0.0 ms]
   [Code Root Purge: 0.0 ms]
   [Clear CT: 0.2 ms]
   [Other: 1.7 ms]
      [Choose CSet: 0.1 ms]
      [Ref Proc: 0.3 ms]
      [Ref Enq: 0.0 ms]
      [Redirty Cards: 0.2 ms]
      [Humongous Register: 0.2 ms]
      [Humongous Reclaim: 0.1 ms]
      [Free CSet: 0.7 ms]
   [Eden: 29.0M(29.0M)->0.0B(44.0M) Survivors: 22.0M->7168.0K Heap: 723.7M(1024.0M)->602.7M(1024.0M)]
 [Times: user=0.24 sys=0.02, real=0.02 secs] 
3.782: [GC pause (G1 Evacuation Pause) (mixed), 0.0177315 secs]
   [Parallel Time: 15.6 ms, GC Workers: 18]
      [GC Worker Start (ms): Min: 3782.8, Avg: 3783.0, Max: 3783.1, Diff: 0.4]
      [Ext Root Scanning (ms): Min: 0.0, Avg: 0.2, Max: 0.4, Diff: 0.4, Sum: 3.0]
      [Update RS (ms): Min: 2.1, Avg: 2.3, Max: 2.4, Diff: 0.3, Sum: 40.9]
         [Processed Buffers: Min: 6, Avg: 7.3, Max: 9, Diff: 3, Sum: 131]
      [Scan RS (ms): Min: 0.0, Avg: 0.1, Max: 0.3, Diff: 0.2, Sum: 1.2]
      [Code Root Scanning (ms): Min: 0.0, Avg: 0.0, Max: 0.0, Diff: 0.0, Sum: 0.0]
      [Object Copy (ms): Min: 12.5, Avg: 12.7, Max: 12.7, Diff: 0.2, Sum: 227.8]
      [Termination (ms): Min: 0.0, Avg: 0.0, Max: 0.0, Diff: 0.0, Sum: 0.3]
         [Termination Attempts: Min: 1, Avg: 2.2, Max: 5, Diff: 4, Sum: 40]
      [GC Worker Other (ms): Min: 0.0, Avg: 0.0, Max: 0.1, Diff: 0.1, Sum: 0.6]
      [GC Worker Total (ms): Min: 15.1, Avg: 15.2, Max: 15.4, Diff: 0.4, Sum: 273.8]
      [GC Worker End (ms): Min: 3798.2, Avg: 3798.2, Max: 3798.2, Diff: 0.0]
   [Code Root Fixup: 0.0 ms]
   [Code Root Purge: 0.0 ms]
   [Clear CT: 0.3 ms]
   [Other: 1.8 ms]
      [Choose CSet: 0.1 ms]
      [Ref Proc: 0.3 ms]
      [Ref Enq: 0.0 ms]
      [Redirty Cards: 0.2 ms]
      [Humongous Register: 0.3 ms]
      [Humongous Reclaim: 0.1 ms]
      [Free CSet: 0.6 ms]
   [Eden: 44.0M(44.0M)->0.0B(44.0M) Survivors: 7168.0K->7168.0K Heap: 660.7M(1024.0M)->539.7M(1024.0M)]
 [Times: user=0.25 sys=0.02, real=0.01 secs] 
3.816: [GC pause (G1 Evacuation Pause) (mixed), 0.0221627 secs]
   [Parallel Time: 20.1 ms, GC Workers: 18]
      [GC Worker Start (ms): Min: 3816.6, Avg: 3816.7, Max: 3816.9, Diff: 0.4]
      [Ext Root Scanning (ms): Min: 0.0, Avg: 0.2, Max: 0.3, Diff: 0.3, Sum: 3.1]
      [Update RS (ms): Min: 2.1, Avg: 2.2, Max: 2.4, Diff: 0.3, Sum: 40.0]
         [Processed Buffers: Min: 6, Avg: 7.1, Max: 9, Diff: 3, Sum: 128]
      [Scan RS (ms): Min: 0.0, Avg: 0.1, Max: 0.2, Diff: 0.2, Sum: 1.0]
      [Code Root Scanning (ms): Min: 0.0, Avg: 0.0, Max: 0.0, Diff: 0.0, Sum: 0.0]
      [Object Copy (ms): Min: 15.7, Avg: 16.0, Max: 17.4, Diff: 1.7, Sum: 288.8]
      [Termination (ms): Min: 0.0, Avg: 1.3, Max: 1.7, Diff: 1.7, Sum: 23.1]
         [Termination Attempts: Min: 1, Avg: 1.1, Max: 2, Diff: 1, Sum: 20]
      [GC Worker Other (ms): Min: 0.0, Avg: 0.0, Max: 0.0, Diff: 0.0, Sum: 0.4]
      [GC Worker Total (ms): Min: 19.6, Avg: 19.8, Max: 20.0, Diff: 0.4, Sum: 356.5]
      [GC Worker End (ms): Min: 3836.5, Avg: 3836.5, Max: 3836.5, Diff: 0.0]
   [Code Root Fixup: 0.0 ms]
   [Code Root Purge: 0.0 ms]
   [Clear CT: 0.3 ms]
   [Other: 1.8 ms]
      [Choose CSet: 0.1 ms]
      [Ref Proc: 0.3 ms]
      [Ref Enq: 0.0 ms]
      [Redirty Cards: 0.2 ms]
      [Humongous Register: 0.2 ms]
      [Humongous Reclaim: 0.1 ms]
      [Free CSet: 0.6 ms]
   [Eden: 44.0M(44.0M)->0.0B(296.0M) Survivors: 7168.0K->7168.0K Heap: 597.3M(1024.0M)->491.2M(1024.0M)]
 [Times: user=0.30 sys=0.04, real=0.02 secs] 
3.841: [GC pause (G1 Humongous Allocation) (young) (initial-mark), 0.0045712 secs]
   [Parallel Time: 3.3 ms, GC Workers: 18]
      [GC Worker Start (ms): Min: 3841.0, Avg: 3841.1, Max: 3841.3, Diff: 0.2]
      [Ext Root Scanning (ms): Min: 0.1, Avg: 0.2, Max: 0.3, Diff: 0.2, Sum: 3.7]
      [Update RS (ms): Min: 0.1, Avg: 0.2, Max: 0.6, Diff: 0.5, Sum: 4.1]
         [Processed Buffers: Min: 1, Avg: 1.1, Max: 2, Diff: 1, Sum: 19]
      [Scan RS (ms): Min: 0.0, Avg: 0.0, Max: 0.0, Diff: 0.0, Sum: 0.1]
      [Code Root Scanning (ms): Min: 0.0, Avg: 0.0, Max: 0.0, Diff: 0.0, Sum: 0.0]
      [Object Copy (ms): Min: 2.0, Avg: 2.2, Max: 2.5, Diff: 0.6, Sum: 39.6]
      [Termination (ms): Min: 0.0, Avg: 0.3, Max: 0.5, Diff: 0.5, Sum: 5.3]
         [Termination Attempts: Min: 1, Avg: 1.1, Max: 2, Diff: 1, Sum: 19]
      [GC Worker Other (ms): Min: 0.0, Avg: 0.0, Max: 0.0, Diff: 0.0, Sum: 0.3]
      [GC Worker Total (ms): Min: 2.9, Avg: 3.0, Max: 3.1, Diff: 0.2, Sum: 53.2]
      [GC Worker End (ms): Min: 3844.1, Avg: 3844.1, Max: 3844.1, Diff: 0.0]
   [Code Root Fixup: 0.0 ms]
   [Code Root Purge: 0.0 ms]
   [Clear CT: 0.2 ms]
   [Other: 1.1 ms]
      [Choose CSet: 0.0 ms]
      [Ref Proc: 0.3 ms]
      [Ref Enq: 0.0 ms]
      [Redirty Cards: 0.2 ms]
      [Humongous Register: 0.2 ms]
      [Humongous Reclaim: 0.0 ms]
      [Free CSet: 0.1 ms]
   [Eden: 9216.0K(296.0M)->0.0B(301.0M) Survivors: 7168.0K->9216.0K Heap: 499.5M(1024.0M)->491.5M(1024.0M)]
 [Times: user=0.05 sys=0.00, real=0.01 secs] 
3.845: [GC concurrent-root-region-scan-start]
3.845: [GC concurrent-root-region-scan-end, 0.0001255 secs]
3.845: [GC concurrent-mark-start]
3.847: [GC concurrent-mark-end, 0.0018758 secs]
3.848: [GC remark 3.848: [Finalize Marking, 0.0003603 secs] 3.848: [GC ref-proc, 0.0004007 secs] 3.848: [Unloading, 0.0009160 secs], 0.0024616 secs]
 [Times: user=0.02 sys=0.00, real=0.00 secs] 
3.850: [GC cleanup 499M->497M(1024M), 0.0018284 secs]
 [Times: user=0.01 sys=0.00, real=0.01 secs] 
3.852: [GC concurrent-cleanup-start]
3.852: [GC concurrent-cleanup-end, 0.0000201 secs]
3.964: [GC pause (G1 Evacuation Pause) (young) (to-space exhausted), 0.0208779 secs]
   [Parallel Time: 18.2 ms, GC Workers: 18]
      [GC Worker Start (ms): Min: 3964.7, Avg: 3964.9, Max: 3965.1, Diff: 0.4]
      [Ext Root Scanning (ms): Min: 0.0, Avg: 0.2, Max: 0.3, Diff: 0.3, Sum: 2.9]
      [Update RS (ms): Min: 4.8, Avg: 5.0, Max: 5.1, Diff: 0.3, Sum: 90.8]
         [Processed Buffers: Min: 13, Avg: 14.7, Max: 16, Diff: 3, Sum: 265]
      [Scan RS (ms): Min: 0.0, Avg: 0.1, Max: 0.2, Diff: 0.2, Sum: 1.3]
      [Code Root Scanning (ms): Min: 0.0, Avg: 0.0, Max: 0.0, Diff: 0.0, Sum: 0.0]
      [Object Copy (ms): Min: 12.4, Avg: 12.5, Max: 12.6, Diff: 0.2, Sum: 225.1]
      [Termination (ms): Min: 0.0, Avg: 0.0, Max: 0.0, Diff: 0.0, Sum: 0.3]
         [Termination Attempts: Min: 1, Avg: 2.1, Max: 4, Diff: 3, Sum: 38]
      [GC Worker Other (ms): Min: 0.0, Avg: 0.1, Max: 0.1, Diff: 0.1, Sum: 1.1]
      [GC Worker Total (ms): Min: 17.7, Avg: 17.9, Max: 18.1, Diff: 0.4, Sum: 321.5]
      [GC Worker End (ms): Min: 3982.7, Avg: 3982.7, Max: 3982.8, Diff: 0.1]
   [Code Root Fixup: 0.0 ms]
   [Code Root Purge: 0.0 ms]
   [Clear CT: 0.3 ms]
   [Other: 2.5 ms]
      [Evacuation Failure: 0.8 ms]
      [Choose CSet: 0.0 ms]
      [Ref Proc: 0.3 ms]
      [Ref Enq: 0.0 ms]
      [Redirty Cards: 0.2 ms]
      [Humongous Register: 0.3 ms]
      [Humongous Reclaim: 0.5 ms]
      [Free CSet: 0.3 ms]
   [Eden: 301.0M(301.0M)->0.0B(18.0M) Survivors: 9216.0K->33.0M Heap: 881.5M(1024.0M)->739.5M(1024.0M)]
 [Times: user=0.32 sys=0.01, real=0.02 secs] 
3.991: [GC pause (G1 Evacuation Pause) (mixed), 0.0208143 secs]
   [Parallel Time: 19.0 ms, GC Workers: 18]
      [GC Worker Start (ms): Min: 3991.8, Avg: 3992.0, Max: 3992.1, Diff: 0.2]
      [Ext Root Scanning (ms): Min: 0.1, Avg: 0.2, Max: 0.3, Diff: 0.2, Sum: 4.0]
      [Update RS (ms): Min: 0.7, Avg: 0.8, Max: 0.9, Diff: 0.2, Sum: 14.6]
         [Processed Buffers: Min: 2, Avg: 2.8, Max: 4, Diff: 2, Sum: 51]
      [Scan RS (ms): Min: 0.0, Avg: 0.1, Max: 0.2, Diff: 0.2, Sum: 1.6]
      [Code Root Scanning (ms): Min: 0.0, Avg: 0.0, Max: 0.1, Diff: 0.1, Sum: 0.1]
      [Object Copy (ms): Min: 16.8, Avg: 17.2, Max: 17.5, Diff: 0.7, Sum: 309.1]
      [Termination (ms): Min: 0.0, Avg: 0.3, Max: 0.7, Diff: 0.7, Sum: 5.7]
         [Termination Attempts: Min: 1, Avg: 1.1, Max: 2, Diff: 1, Sum: 20]
      [GC Worker Other (ms): Min: 0.0, Avg: 0.0, Max: 0.0, Diff: 0.0, Sum: 0.4]
      [GC Worker Total (ms): Min: 18.5, Avg: 18.6, Max: 18.8, Diff: 0.2, Sum: 335.5]
      [GC Worker End (ms): Min: 4010.6, Avg: 4010.6, Max: 4010.6, Diff: 0.0]
   [Code Root Fixup: 0.0 ms]
   [Code Root Purge: 0.0 ms]
   [Clear CT: 0.3 ms]
   [Other: 1.6 ms]
      [Choose CSet: 0.1 ms]
      [Ref Proc: 0.2 ms]
      [Ref Enq: 0.0 ms]
      [Redirty Cards: 0.3 ms]
      [Humongous Register: 0.2 ms]
      [Humongous Reclaim: 0.1 ms]
      [Free CSet: 0.6 ms]
   [Eden: 18.0M(18.0M)->0.0B(44.0M) Survivors: 33.0M->7168.0K Heap: 762.1M(1024.0M)->671.4M(1024.0M)]
 [Times: user=0.31 sys=0.02, real=0.03 secs] 
4.028: [GC pause (G1 Evacuation Pause) (mixed), 0.0115218 secs]
   [Parallel Time: 10.1 ms, GC Workers: 18]
      [GC Worker Start (ms): Min: 4028.1, Avg: 4028.3, Max: 4028.4, Diff: 0.2]
      [Ext Root Scanning (ms): Min: 0.1, Avg: 0.2, Max: 0.3, Diff: 0.2, Sum: 3.9]
      [Update RS (ms): Min: 1.4, Avg: 1.6, Max: 1.8, Diff: 0.4, Sum: 28.8]
         [Processed Buffers: Min: 4, Avg: 5.1, Max: 6, Diff: 2, Sum: 91]
      [Scan RS (ms): Min: 0.0, Avg: 0.0, Max: 0.1, Diff: 0.1, Sum: 0.3]
      [Code Root Scanning (ms): Min: 0.0, Avg: 0.0, Max: 0.0, Diff: 0.0, Sum: 0.0]
      [Object Copy (ms): Min: 7.4, Avg: 7.7, Max: 8.0, Diff: 0.5, Sum: 138.9]
      [Termination (ms): Min: 0.0, Avg: 0.2, Max: 0.3, Diff: 0.3, Sum: 3.0]
         [Termination Attempts: Min: 1, Avg: 1.2, Max: 2, Diff: 1, Sum: 21]
      [GC Worker Other (ms): Min: 0.0, Avg: 0.0, Max: 0.1, Diff: 0.0, Sum: 0.3]
      [GC Worker Total (ms): Min: 9.6, Avg: 9.7, Max: 9.9, Diff: 0.3, Sum: 175.3]
      [GC Worker End (ms): Min: 4038.0, Avg: 4038.0, Max: 4038.0, Diff: 0.0]
   [Code Root Fixup: 0.0 ms]
   [Code Root Purge: 0.0 ms]
   [Clear CT: 0.2 ms]
   [Other: 1.2 ms]
      [Choose CSet: 0.0 ms]
      [Ref Proc: 0.3 ms]
      [Ref Enq: 0.0 ms]
      [Redirty Cards: 0.3 ms]
      [Humongous Register: 0.2 ms]
      [Humongous Reclaim: 0.1 ms]
      [Free CSet: 0.2 ms]
   [Eden: 44.0M(44.0M)->0.0B(139.0M) Survivors: 7168.0K->7168.0K Heap: 724.3M(1024.0M)->678.6M(1024.0M)]
 [Times: user=0.16 sys=0.01, real=0.01 secs] 
4.041: [GC pause (G1 Humongous Allocation) (young) (initial-mark), 0.0039136 secs]
   [Parallel Time: 2.6 ms, GC Workers: 18]
      [GC Worker Start (ms): Min: 4041.1, Avg: 4041.3, Max: 4041.4, Diff: 0.3]
      [Ext Root Scanning (ms): Min: 0.0, Avg: 0.2, Max: 0.3, Diff: 0.3, Sum: 3.1]
      [Update RS (ms): Min: 0.0, Avg: 0.3, Max: 1.2, Diff: 1.1, Sum: 5.2]
         [Processed Buffers: Min: 0, Avg: 0.9, Max: 2, Diff: 2, Sum: 17]
      [Scan RS (ms): Min: 0.0, Avg: 0.0, Max: 0.0, Diff: 0.0, Sum: 0.1]
      [Code Root Scanning (ms): Min: 0.0, Avg: 0.0, Max: 0.0, Diff: 0.0, Sum: 0.0]
      [Object Copy (ms): Min: 0.4, Avg: 1.5, Max: 1.9, Diff: 1.5, Sum: 26.2]
      [Termination (ms): Min: 0.0, Avg: 0.3, Max: 0.5, Diff: 0.5, Sum: 4.8]
         [Termination Attempts: Min: 1, Avg: 1.0, Max: 1, Diff: 0, Sum: 18]
      [GC Worker Other (ms): Min: 0.0, Avg: 0.0, Max: 0.0, Diff: 0.0, Sum: 0.3]
      [GC Worker Total (ms): Min: 2.1, Avg: 2.2, Max: 2.4, Diff: 0.3, Sum: 39.6]
      [GC Worker End (ms): Min: 4043.4, Avg: 4043.5, Max: 4043.5, Diff: 0.0]
   [Code Root Fixup: 0.0 ms]
   [Code Root Purge: 0.0 ms]
   [Clear CT: 0.3 ms]
   [Other: 1.0 ms]
      [Choose CSet: 0.0 ms]
      [Ref Proc: 0.2 ms]
      [Ref Enq: 0.0 ms]
      [Redirty Cards: 0.2 ms]
      [Humongous Register: 0.3 ms]
      [Humongous Reclaim: 0.0 ms]
      [Free CSet: 0.1 ms]
   [Eden: 4096.0K(139.0M)->0.0B(142.0M) Survivors: 7168.0K->8192.0K Heap: 681.8M(1024.0M)->679.3M(1024.0M)]
 [Times: user=0.04 sys=0.00, real=0.01 secs] 
4.045: [GC concurrent-root-region-scan-start]
4.045: [GC concurrent-root-region-scan-end, 0.0001243 secs]
4.045: [GC concurrent-mark-start]
4.047: [GC concurrent-mark-end, 0.0021213 secs]
4.047: [GC remark 4.047: [Finalize Marking, 0.0004099 secs] 4.048: [GC ref-proc, 0.0004016 secs] 4.048: [Unloading, 0.0010458 secs], 0.0028438 secs]
 [Times: user=0.02 sys=0.00, real=0.00 secs] 
4.050: [GC cleanup 690M->676M(1024M), 0.0018358 secs]
 [Times: user=0.02 sys=0.00, real=0.01 secs] 
4.052: [GC concurrent-cleanup-start]
4.052: [GC concurrent-cleanup-end, 0.0000696 secs]
4.103: [GC pause (G1 Evacuation Pause) (young), 0.0257138 secs]
   [Parallel Time: 23.7 ms, GC Workers: 18]
      [GC Worker Start (ms): Min: 4103.6, Avg: 4103.8, Max: 4103.9, Diff: 0.3]
      [Ext Root Scanning (ms): Min: 0.0, Avg: 0.2, Max: 0.4, Diff: 0.3, Sum: 3.3]
      [Update RS (ms): Min: 6.5, Avg: 6.9, Max: 7.1, Diff: 0.6, Sum: 124.3]
         [Processed Buffers: Min: 17, Avg: 20.2, Max: 23, Diff: 6, Sum: 363]
      [Scan RS (ms): Min: 0.0, Avg: 0.0, Max: 0.1, Diff: 0.1, Sum: 0.7]
      [Code Root Scanning (ms): Min: 0.0, Avg: 0.0, Max: 0.0, Diff: 0.0, Sum: 0.0]
      [Object Copy (ms): Min: 15.3, Avg: 15.9, Max: 16.3, Diff: 1.0, Sum: 286.2]
      [Termination (ms): Min: 0.0, Avg: 0.3, Max: 0.8, Diff: 0.8, Sum: 5.3]
         [Termination Attempts: Min: 1, Avg: 1.1, Max: 2, Diff: 1, Sum: 19]
      [GC Worker Other (ms): Min: 0.0, Avg: 0.0, Max: 0.1, Diff: 0.0, Sum: 0.5]
      [GC Worker Total (ms): Min: 23.2, Avg: 23.4, Max: 23.5, Diff: 0.3, Sum: 420.4]
      [GC Worker End (ms): Min: 4127.1, Avg: 4127.1, Max: 4127.1, Diff: 0.0]
   [Code Root Fixup: 0.0 ms]
   [Code Root Purge: 0.0 ms]
   [Clear CT: 0.3 ms]
   [Other: 1.7 ms]
      [Choose CSet: 0.0 ms]
      [Ref Proc: 0.3 ms]
      [Ref Enq: 0.0 ms]
      [Redirty Cards: 0.2 ms]
      [Humongous Register: 0.4 ms]
      [Humongous Reclaim: 0.4 ms]
      [Free CSet: 0.3 ms]
   [Eden: 142.0M(142.0M)->0.0B(32.0M) Survivors: 8192.0K->19.0M Heap: 851.2M(1024.0M)->704.6M(1024.0M)]
 [Times: user=0.39 sys=0.02, real=0.02 secs] 
4.140: [GC pause (G1 Evacuation Pause) (mixed), 0.0155002 secs]
   [Parallel Time: 13.6 ms, GC Workers: 18]
      [GC Worker Start (ms): Min: 4140.0, Avg: 4140.1, Max: 4140.3, Diff: 0.3]
      [Ext Root Scanning (ms): Min: 0.1, Avg: 0.2, Max: 0.3, Diff: 0.3, Sum: 3.7]
      [Update RS (ms): Min: 1.1, Avg: 1.2, Max: 1.4, Diff: 0.2, Sum: 22.1]
         [Processed Buffers: Min: 3, Avg: 4.3, Max: 6, Diff: 3, Sum: 77]
      [Scan RS (ms): Min: 0.0, Avg: 0.0, Max: 0.1, Diff: 0.1, Sum: 0.7]
      [Code Root Scanning (ms): Min: 0.0, Avg: 0.0, Max: 0.0, Diff: 0.0, Sum: 0.0]
      [Object Copy (ms): Min: 11.0, Avg: 11.3, Max: 11.7, Diff: 0.7, Sum: 203.8]
      [Termination (ms): Min: 0.0, Avg: 0.4, Max: 0.6, Diff: 0.6, Sum: 7.3]
         [Termination Attempts: Min: 1, Avg: 1.0, Max: 1, Diff: 0, Sum: 18]
      [GC Worker Other (ms): Min: 0.0, Avg: 0.0, Max: 0.0, Diff: 0.0, Sum: 0.3]
      [GC Worker Total (ms): Min: 13.1, Avg: 13.2, Max: 13.4, Diff: 0.3, Sum: 237.9]
      [GC Worker End (ms): Min: 4153.3, Avg: 4153.3, Max: 4153.3, Diff: 0.0]
   [Code Root Fixup: 0.0 ms]
   [Code Root Purge: 0.0 ms]
   [Clear CT: 0.3 ms]
   [Other: 1.6 ms]
      [Choose CSet: 0.1 ms]
      [Ref Proc: 0.3 ms]
      [Ref Enq: 0.0 ms]
      [Redirty Cards: 0.3 ms]
      [Humongous Register: 0.2 ms]
      [Humongous Reclaim: 0.1 ms]
      [Free CSet: 0.5 ms]
   [Eden: 32.0M(32.0M)->0.0B(44.0M) Survivors: 19.0M->7168.0K Heap: 743.8M(1024.0M)->620.6M(1024.0M)]
 [Times: user=0.22 sys=0.02, real=0.02 secs] 
4.173: [GC pause (G1 Evacuation Pause) (mixed), 0.0182515 secs]
   [Parallel Time: 16.3 ms, GC Workers: 18]
      [GC Worker Start (ms): Min: 4173.2, Avg: 4173.3, Max: 4173.5, Diff: 0.4]
      [Ext Root Scanning (ms): Min: 0.0, Avg: 0.2, Max: 0.4, Diff: 0.4, Sum: 3.1]
      [Update RS (ms): Min: 2.0, Avg: 2.2, Max: 2.3, Diff: 0.3, Sum: 39.7]
         [Processed Buffers: Min: 6, Avg: 7.1, Max: 9, Diff: 3, Sum: 127]
      [Scan RS (ms): Min: 0.0, Avg: 0.1, Max: 0.2, Diff: 0.1, Sum: 1.0]
      [Code Root Scanning (ms): Min: 0.0, Avg: 0.0, Max: 0.0, Diff: 0.0, Sum: 0.0]
      [Object Copy (ms): Min: 12.7, Avg: 13.1, Max: 13.5, Diff: 0.8, Sum: 234.9]
      [Termination (ms): Min: 0.0, Avg: 0.4, Max: 0.9, Diff: 0.9, Sum: 7.0]
         [Termination Attempts: Min: 1, Avg: 1.0, Max: 1, Diff: 0, Sum: 18]
      [GC Worker Other (ms): Min: 0.0, Avg: 0.0, Max: 0.1, Diff: 0.1, Sum: 0.6]
      [GC Worker Total (ms): Min: 15.7, Avg: 15.9, Max: 16.1, Diff: 0.4, Sum: 286.2]
      [GC Worker End (ms): Min: 4189.2, Avg: 4189.3, Max: 4189.3, Diff: 0.0]
   [Code Root Fixup: 0.0 ms]
   [Code Root Purge: 0.0 ms]
   [Clear CT: 0.3 ms]
   [Other: 1.7 ms]
      [Choose CSet: 0.1 ms]
      [Ref Proc: 0.3 ms]
      [Ref Enq: 0.0 ms]
      [Redirty Cards: 0.3 ms]
      [Humongous Register: 0.3 ms]
      [Humongous Reclaim: 0.1 ms]
      [Free CSet: 0.5 ms]
   [Eden: 44.0M(44.0M)->0.0B(44.0M) Survivors: 7168.0K->7168.0K Heap: 678.0M(1024.0M)->556.1M(1024.0M)]
 [Times: user=0.27 sys=0.03, real=0.01 secs] 
4.205: [GC pause (G1 Evacuation Pause) (mixed), 0.0193957 secs]
   [Parallel Time: 17.6 ms, GC Workers: 18]
      [GC Worker Start (ms): Min: 4205.7, Avg: 4205.9, Max: 4206.0, Diff: 0.4]
      [Ext Root Scanning (ms): Min: 0.0, Avg: 0.2, Max: 0.4, Diff: 0.4, Sum: 3.2]
      [Update RS (ms): Min: 1.1, Avg: 1.2, Max: 1.3, Diff: 0.2, Sum: 21.9]
         [Processed Buffers: Min: 3, Avg: 4.2, Max: 5, Diff: 2, Sum: 75]
      [Scan RS (ms): Min: 0.0, Avg: 0.1, Max: 0.1, Diff: 0.1, Sum: 1.0]
      [Code Root Scanning (ms): Min: 0.0, Avg: 0.0, Max: 0.0, Diff: 0.0, Sum: 0.0]
      [Object Copy (ms): Min: 14.8, Avg: 15.4, Max: 15.7, Diff: 0.9, Sum: 277.7]
      [Termination (ms): Min: 0.0, Avg: 0.3, Max: 0.8, Diff: 0.8, Sum: 4.8]
         [Termination Attempts: Min: 1, Avg: 1.0, Max: 1, Diff: 0, Sum: 18]
      [GC Worker Other (ms): Min: 0.0, Avg: 0.0, Max: 0.1, Diff: 0.0, Sum: 0.5]
      [GC Worker Total (ms): Min: 17.0, Avg: 17.2, Max: 17.4, Diff: 0.4, Sum: 309.0]
      [GC Worker End (ms): Min: 4223.0, Avg: 4223.0, Max: 4223.1, Diff: 0.0]
   [Code Root Fixup: 0.0 ms]
   [Code Root Purge: 0.0 ms]
   [Clear CT: 0.3 ms]
   [Other: 1.5 ms]
      [Choose CSet: 0.1 ms]
      [Ref Proc: 0.3 ms]
      [Ref Enq: 0.0 ms]
      [Redirty Cards: 0.3 ms]
      [Humongous Register: 0.2 ms]
      [Humongous Reclaim: 0.1 ms]
      [Free CSet: 0.5 ms]
   [Eden: 44.0M(44.0M)->0.0B(44.0M) Survivors: 7168.0K->7168.0K Heap: 607.1M(1024.0M)->504.3M(1024.0M)]
 [Times: user=0.29 sys=0.01, real=0.02 secs] 
4.238: [GC pause (G1 Evacuation Pause) (mixed), 0.0115461 secs]
   [Parallel Time: 10.2 ms, GC Workers: 18]
      [GC Worker Start (ms): Min: 4238.0, Avg: 4238.2, Max: 4238.3, Diff: 0.3]
      [Ext Root Scanning (ms): Min: 0.0, Avg: 0.1, Max: 0.3, Diff: 0.3, Sum: 2.6]
      [Update RS (ms): Min: 1.1, Avg: 1.3, Max: 1.5, Diff: 0.4, Sum: 23.5]
         [Processed Buffers: Min: 3, Avg: 4.3, Max: 5, Diff: 2, Sum: 77]
      [Scan RS (ms): Min: 0.0, Avg: 0.0, Max: 0.1, Diff: 0.1, Sum: 0.3]
      [Code Root Scanning (ms): Min: 0.0, Avg: 0.0, Max: 0.0, Diff: 0.0, Sum: 0.0]
      [Object Copy (ms): Min: 7.7, Avg: 8.1, Max: 8.5, Diff: 0.8, Sum: 145.4]
      [Termination (ms): Min: 0.0, Avg: 0.3, Max: 0.5, Diff: 0.5, Sum: 4.7]
         [Termination Attempts: Min: 1, Avg: 1.1, Max: 2, Diff: 1, Sum: 20]
      [GC Worker Other (ms): Min: 0.0, Avg: 0.0, Max: 0.0, Diff: 0.0, Sum: 0.4]
      [GC Worker Total (ms): Min: 9.7, Avg: 9.8, Max: 10.0, Diff: 0.3, Sum: 176.9]
      [GC Worker End (ms): Min: 4248.0, Avg: 4248.0, Max: 4248.0, Diff: 0.0]
   [Code Root Fixup: 0.0 ms]
   [Code Root Purge: 0.0 ms]
   [Clear CT: 0.2 ms]
   [Other: 1.1 ms]
      [Choose CSet: 0.0 ms]
      [Ref Proc: 0.2 ms]
      [Ref Enq: 0.0 ms]
      [Redirty Cards: 0.3 ms]
      [Humongous Register: 0.2 ms]
      [Humongous Reclaim: 0.1 ms]
      [Free CSet: 0.2 ms]
   [Eden: 44.0M(44.0M)->0.0B(261.0M) Survivors: 7168.0K->7168.0K Heap: 555.4M(1024.0M)->515.3M(1024.0M)]
 [Times: user=0.17 sys=0.01, real=0.01 secs] 
4.250: [GC pause (G1 Humongous Allocation) (young) (initial-mark), 0.0036856 secs]
   [Parallel Time: 2.4 ms, GC Workers: 18]
      [GC Worker Start (ms): Min: 4250.4, Avg: 4250.5, Max: 4250.7, Diff: 0.3]
      [Ext Root Scanning (ms): Min: 0.0, Avg: 0.2, Max: 0.3, Diff: 0.3, Sum: 3.2]
      [Update RS (ms): Min: 0.1, Avg: 0.2, Max: 0.4, Diff: 0.4, Sum: 2.8]
         [Processed Buffers: Min: 0, Avg: 0.9, Max: 2, Diff: 2, Sum: 17]
      [Scan RS (ms): Min: 0.0, Avg: 0.0, Max: 0.0, Diff: 0.0, Sum: 0.1]
      [Code Root Scanning (ms): Min: 0.0, Avg: 0.0, Max: 0.0, Diff: 0.0, Sum: 0.0]
      [Object Copy (ms): Min: 0.9, Avg: 1.2, Max: 1.8, Diff: 0.9, Sum: 22.3]
      [Termination (ms): Min: 0.0, Avg: 0.4, Max: 0.8, Diff: 0.8, Sum: 7.8]
         [Termination Attempts: Min: 1, Avg: 1.0, Max: 1, Diff: 0, Sum: 18]
      [GC Worker Other (ms): Min: 0.0, Avg: 0.0, Max: 0.0, Diff: 0.0, Sum: 0.2]
      [GC Worker Total (ms): Min: 1.9, Avg: 2.0, Max: 2.2, Diff: 0.3, Sum: 36.4]
      [GC Worker End (ms): Min: 4252.5, Avg: 4252.6, Max: 4252.6, Diff: 0.0]
   [Code Root Fixup: 0.0 ms]
   [Code Root Purge: 0.0 ms]
   [Clear CT: 0.3 ms]
   [Other: 1.1 ms]
      [Choose CSet: 0.0 ms]
      [Ref Proc: 0.3 ms]
      [Ref Enq: 0.0 ms]
      [Redirty Cards: 0.2 ms]
      [Humongous Register: 0.2 ms]
      [Humongous Reclaim: 0.0 ms]
      [Free CSet: 0.0 ms]
   [Eden: 3072.0K(261.0M)->0.0B(249.0M) Survivors: 7168.0K->8192.0K Heap: 517.3M(1024.0M)->515.6M(1024.0M)]
 [Times: user=0.04 sys=0.00, real=0.01 secs] 
4.254: [GC concurrent-root-region-scan-start]
4.254: [GC concurrent-root-region-scan-end, 0.0001401 secs]
4.254: [GC concurrent-mark-start]
4.256: [GC concurrent-mark-end, 0.0018805 secs]
4.256: [GC remark 4.256: [Finalize Marking, 0.0004165 secs] 4.256: [GC ref-proc, 0.0003978 secs] 4.257: [Unloading, 0.0009882 secs], 0.0027243 secs]
 [Times: user=0.02 sys=0.01, real=0.00 secs] 
4.259: [GC cleanup 523M->521M(1024M), 0.0018067 secs]
 [Times: user=0.02 sys=0.00, real=0.00 secs] 
4.261: [GC concurrent-cleanup-start]
4.261: [GC concurrent-cleanup-end, 0.0000201 secs]
4.352: [GC pause (G1 Evacuation Pause) (young), 0.0356306 secs]
   [Parallel Time: 33.3 ms, GC Workers: 18]
      [GC Worker Start (ms): Min: 4352.8, Avg: 4353.1, Max: 4353.2, Diff: 0.4]
      [Ext Root Scanning (ms): Min: 0.0, Avg: 0.1, Max: 0.4, Diff: 0.4, Sum: 2.3]
      [Update RS (ms): Min: 7.1, Avg: 7.2, Max: 7.3, Diff: 0.2, Sum: 129.4]
         [Processed Buffers: Min: 18, Avg: 21.1, Max: 25, Diff: 7, Sum: 380]
      [Scan RS (ms): Min: 0.0, Avg: 0.1, Max: 0.1, Diff: 0.1, Sum: 1.0]
      [Code Root Scanning (ms): Min: 0.0, Avg: 0.0, Max: 0.0, Diff: 0.0, Sum: 0.0]
      [Object Copy (ms): Min: 24.7, Avg: 25.1, Max: 25.4, Diff: 0.6, Sum: 451.3]
      [Termination (ms): Min: 0.0, Avg: 0.3, Max: 0.6, Diff: 0.6, Sum: 5.2]
         [Termination Attempts: Min: 1, Avg: 1.1, Max: 2, Diff: 1, Sum: 19]
      [GC Worker Other (ms): Min: 0.0, Avg: 0.0, Max: 0.1, Diff: 0.1, Sum: 0.7]
      [GC Worker Total (ms): Min: 32.6, Avg: 32.8, Max: 33.0, Diff: 0.4, Sum: 589.9]
      [GC Worker End (ms): Min: 4385.8, Avg: 4385.8, Max: 4385.9, Diff: 0.1]
   [Code Root Fixup: 0.0 ms]
   [Code Root Purge: 0.0 ms]
   [Clear CT: 0.3 ms]
   [Other: 2.1 ms]
      [Choose CSet: 0.0 ms]
      [Ref Proc: 0.3 ms]
      [Ref Enq: 0.0 ms]
      [Redirty Cards: 0.3 ms]
      [Humongous Register: 0.4 ms]
      [Humongous Reclaim: 0.4 ms]
      [Free CSet: 0.4 ms]
   [Eden: 249.0M(249.0M)->0.0B(18.0M) Survivors: 8192.0K->33.0M Heap: 829.8M(1024.0M)->580.7M(1024.0M)]
 [Times: user=0.59 sys=0.00, real=0.03 secs] 
4.394: [GC pause (G1 Evacuation Pause) (mixed), 0.0216121 secs]
   [Parallel Time: 19.7 ms, GC Workers: 18]
      [GC Worker Start (ms): Min: 4394.7, Avg: 4394.9, Max: 4395.1, Diff: 0.4]
      [Ext Root Scanning (ms): Min: 0.0, Avg: 0.2, Max: 0.4, Diff: 0.4, Sum: 3.1]
      [Update RS (ms): Min: 0.1, Avg: 0.5, Max: 0.5, Diff: 0.5, Sum: 8.2]
         [Processed Buffers: Min: 1, Avg: 1.9, Max: 3, Diff: 2, Sum: 35]
      [Scan RS (ms): Min: 0.0, Avg: 0.1, Max: 0.2, Diff: 0.2, Sum: 1.2]
      [Code Root Scanning (ms): Min: 0.0, Avg: 0.0, Max: 0.0, Diff: 0.0, Sum: 0.0]
      [Object Copy (ms): Min: 17.9, Avg: 18.2, Max: 18.9, Diff: 1.0, Sum: 327.9]
      [Termination (ms): Min: 0.0, Avg: 0.4, Max: 0.7, Diff: 0.7, Sum: 7.8]
         [Termination Attempts: Min: 1, Avg: 1.1, Max: 2, Diff: 1, Sum: 20]
      [GC Worker Other (ms): Min: 0.0, Avg: 0.0, Max: 0.0, Diff: 0.0, Sum: 0.3]
      [GC Worker Total (ms): Min: 19.2, Avg: 19.4, Max: 19.6, Diff: 0.4, Sum: 348.6]
      [GC Worker End (ms): Min: 4414.3, Avg: 4414.3, Max: 4414.3, Diff: 0.0]
   [Code Root Fixup: 0.0 ms]
   [Code Root Purge: 0.0 ms]
   [Clear CT: 0.3 ms]
   [Other: 1.6 ms]
      [Choose CSet: 0.1 ms]
      [Ref Proc: 0.4 ms]
      [Ref Enq: 0.0 ms]
      [Redirty Cards: 0.2 ms]
      [Humongous Register: 0.2 ms]
      [Humongous Reclaim: 0.1 ms]
      [Free CSet: 0.5 ms]
   [Eden: 18.0M(18.0M)->0.0B(44.0M) Survivors: 33.0M->7168.0K Heap: 600.6M(1024.0M)->515.4M(1024.0M)]
 [Times: user=0.31 sys=0.03, real=0.02 secs] 
4.432: [GC pause (G1 Evacuation Pause) (mixed), 0.0131518 secs]
   [Parallel Time: 11.6 ms, GC Workers: 18]
      [GC Worker Start (ms): Min: 4432.5, Avg: 4432.7, Max: 4432.8, Diff: 0.3]
      [Ext Root Scanning (ms): Min: 0.1, Avg: 0.2, Max: 0.3, Diff: 0.3, Sum: 3.9]
      [Update RS (ms): Min: 1.8, Avg: 2.0, Max: 2.2, Diff: 0.4, Sum: 35.6]
         [Processed Buffers: Min: 5, Avg: 6.1, Max: 7, Diff: 2, Sum: 109]
      [Scan RS (ms): Min: 0.0, Avg: 0.0, Max: 0.1, Diff: 0.1, Sum: 0.5]
      [Code Root Scanning (ms): Min: 0.0, Avg: 0.0, Max: 0.0, Diff: 0.0, Sum: 0.0]
      [Object Copy (ms): Min: 8.4, Avg: 8.8, Max: 9.1, Diff: 0.7, Sum: 157.6]
      [Termination (ms): Min: 0.0, Avg: 0.2, Max: 0.4, Diff: 0.4, Sum: 3.8]
         [Termination Attempts: Min: 1, Avg: 1.2, Max: 3, Diff: 2, Sum: 21]
      [GC Worker Other (ms): Min: 0.0, Avg: 0.0, Max: 0.1, Diff: 0.1, Sum: 0.5]
      [GC Worker Total (ms): Min: 11.1, Avg: 11.2, Max: 11.3, Diff: 0.3, Sum: 201.8]
      [GC Worker End (ms): Min: 4443.9, Avg: 4443.9, Max: 4443.9, Diff: 0.0]
   [Code Root Fixup: 0.0 ms]
   [Code Root Purge: 0.0 ms]
   [Clear CT: 0.2 ms]
   [Other: 1.3 ms]
      [Choose CSet: 0.0 ms]
      [Ref Proc: 0.3 ms]
      [Ref Enq: 0.0 ms]
      [Redirty Cards: 0.3 ms]
      [Humongous Register: 0.2 ms]
      [Humongous Reclaim: 0.1 ms]
      [Free CSet: 0.2 ms]
   [Eden: 44.0M(44.0M)->0.0B(260.0M) Survivors: 7168.0K->7168.0K Heap: 570.8M(1024.0M)->508.8M(1024.0M)]
 [Times: user=0.20 sys=0.00, real=0.01 secs] 
4.448: [GC pause (G1 Humongous Allocation) (young) (initial-mark), 0.0044302 secs]
   [Parallel Time: 3.0 ms, GC Workers: 18]
      [GC Worker Start (ms): Min: 4448.6, Avg: 4448.8, Max: 4449.0, Diff: 0.4]
      [Ext Root Scanning (ms): Min: 0.0, Avg: 0.2, Max: 0.4, Diff: 0.4, Sum: 4.3]
      [Update RS (ms): Min: 0.0, Avg: 0.2, Max: 0.7, Diff: 0.7, Sum: 3.0]
         [Processed Buffers: Min: 0, Avg: 1.1, Max: 3, Diff: 3, Sum: 19]
      [Scan RS (ms): Min: 0.0, Avg: 0.0, Max: 0.0, Diff: 0.0, Sum: 0.1]
      [Code Root Scanning (ms): Min: 0.0, Avg: 0.0, Max: 0.0, Diff: 0.0, Sum: 0.0]
      [Object Copy (ms): Min: 1.3, Avg: 1.8, Max: 2.3, Diff: 1.0, Sum: 32.6]
      [Termination (ms): Min: 0.0, Avg: 0.4, Max: 0.7, Diff: 0.7, Sum: 6.9]
         [Termination Attempts: Min: 1, Avg: 1.0, Max: 1, Diff: 0, Sum: 18]
      [GC Worker Other (ms): Min: 0.0, Avg: 0.0, Max: 0.0, Diff: 0.0, Sum: 0.3]
      [GC Worker Total (ms): Min: 2.5, Avg: 2.6, Max: 2.8, Diff: 0.4, Sum: 47.1]
      [GC Worker End (ms): Min: 4451.4, Avg: 4451.4, Max: 4451.4, Diff: 0.0]
   [Code Root Fixup: 0.0 ms]
   [Code Root Purge: 0.0 ms]
   [Clear CT: 0.2 ms]
   [Other: 1.2 ms]
      [Choose CSet: 0.0 ms]
      [Ref Proc: 0.4 ms]
      [Ref Enq: 0.0 ms]
      [Redirty Cards: 0.2 ms]
      [Humongous Register: 0.2 ms]
      [Humongous Reclaim: 0.0 ms]
      [Free CSet: 0.1 ms]
   [Eden: 8192.0K(260.0M)->0.0B(271.0M) Survivors: 7168.0K->9216.0K Heap: 516.0M(1024.0M)->509.1M(1024.0M)]
 [Times: user=0.05 sys=0.01, real=0.01 secs] 
4.453: [GC concurrent-root-region-scan-start]
4.453: [GC concurrent-root-region-scan-end, 0.0001010 secs]
4.453: [GC concurrent-mark-start]
4.455: [GC concurrent-mark-end, 0.0019090 secs]
4.455: [GC remark 4.455: [Finalize Marking, 0.0004096 secs] 4.455: [GC ref-proc, 0.0003974 secs] 4.456: [Unloading, 0.0009173 secs], 0.0025638 secs]
 [Times: user=0.02 sys=0.00, real=0.00 secs] 
4.458: [GC cleanup 516M->509M(1024M), 0.0014891 secs]
 [Times: user=0.01 sys=0.00, real=0.00 secs] 
4.459: [GC concurrent-cleanup-start]
4.459: [GC concurrent-cleanup-end, 0.0000317 secs]
4.560: [GC pause (G1 Evacuation Pause) (young), 0.0349708 secs]
   [Parallel Time: 32.7 ms, GC Workers: 18]
      [GC Worker Start (ms): Min: 4560.0, Avg: 4560.2, Max: 4560.3, Diff: 0.3]
      [Ext Root Scanning (ms): Min: 0.0, Avg: 0.2, Max: 0.3, Diff: 0.3, Sum: 3.5]
      [Update RS (ms): Min: 6.7, Avg: 6.9, Max: 7.0, Diff: 0.3, Sum: 123.3]
         [Processed Buffers: Min: 18, Avg: 19.5, Max: 23, Diff: 5, Sum: 351]
      [Scan RS (ms): Min: 0.0, Avg: 0.1, Max: 0.2, Diff: 0.1, Sum: 1.5]
      [Code Root Scanning (ms): Min: 0.0, Avg: 0.0, Max: 0.0, Diff: 0.0, Sum: 0.0]
      [Object Copy (ms): Min: 24.1, Avg: 24.7, Max: 25.2, Diff: 1.1, Sum: 444.2]
      [Termination (ms): Min: 0.0, Avg: 0.5, Max: 1.1, Diff: 1.1, Sum: 9.4]
         [Termination Attempts: Min: 1, Avg: 1.3, Max: 2, Diff: 1, Sum: 23]
      [GC Worker Other (ms): Min: 0.0, Avg: 0.0, Max: 0.1, Diff: 0.1, Sum: 0.9]
      [GC Worker Total (ms): Min: 32.2, Avg: 32.4, Max: 32.5, Diff: 0.4, Sum: 582.8]
      [GC Worker End (ms): Min: 4592.5, Avg: 4592.5, Max: 4592.6, Diff: 0.1]
   [Code Root Fixup: 0.0 ms]
   [Code Root Purge: 0.0 ms]
   [Clear CT: 0.4 ms]
   [Other: 1.9 ms]
      [Choose CSet: 0.0 ms]
      [Ref Proc: 0.3 ms]
      [Ref Enq: 0.0 ms]
      [Redirty Cards: 0.2 ms]
      [Humongous Register: 0.4 ms]
      [Humongous Reclaim: 0.4 ms]
      [Free CSet: 0.5 ms]
   [Eden: 271.0M(271.0M)->0.0B(16.0M) Survivors: 9216.0K->35.0M Heap: 841.3M(1024.0M)->578.9M(1024.0M)]
 [Times: user=0.56 sys=0.02, real=0.04 secs] 
4.601: [GC pause (G1 Evacuation Pause) (mixed), 0.0213642 secs]
   [Parallel Time: 19.5 ms, GC Workers: 18]
      [GC Worker Start (ms): Min: 4601.4, Avg: 4601.7, Max: 4601.9, Diff: 0.5]
      [Ext Root Scanning (ms): Min: 0.0, Avg: 0.1, Max: 0.3, Diff: 0.3, Sum: 2.1]
      [Update RS (ms): Min: 0.6, Avg: 0.7, Max: 0.8, Diff: 0.2, Sum: 12.9]
         [Processed Buffers: Min: 2, Avg: 3.0, Max: 6, Diff: 4, Sum: 54]
      [Scan RS (ms): Min: 0.1, Avg: 0.1, Max: 0.5, Diff: 0.4, Sum: 2.4]
      [Code Root Scanning (ms): Min: 0.0, Avg: 0.0, Max: 0.2, Diff: 0.2, Sum: 0.2]
      [Object Copy (ms): Min: 17.3, Avg: 17.8, Max: 18.1, Diff: 0.8, Sum: 320.9]
      [Termination (ms): Min: 0.0, Avg: 0.3, Max: 0.6, Diff: 0.6, Sum: 4.7]
         [Termination Attempts: Min: 1, Avg: 1.0, Max: 1, Diff: 0, Sum: 18]
      [GC Worker Other (ms): Min: 0.0, Avg: 0.0, Max: 0.1, Diff: 0.0, Sum: 0.4]
      [GC Worker Total (ms): Min: 18.8, Avg: 19.1, Max: 19.3, Diff: 0.5, Sum: 343.6]
      [GC Worker End (ms): Min: 4620.8, Avg: 4620.8, Max: 4620.8, Diff: 0.0]
   [Code Root Fixup: 0.0 ms]
   [Code Root Purge: 0.0 ms]
   [Clear CT: 0.3 ms]
   [Other: 1.6 ms]
      [Choose CSet: 0.1 ms]
      [Ref Proc: 0.4 ms]
      [Ref Enq: 0.0 ms]
      [Redirty Cards: 0.2 ms]
      [Humongous Register: 0.2 ms]
      [Humongous Reclaim: 0.1 ms]
      [Free CSet: 0.5 ms]
   [Eden: 16.0M(16.0M)->0.0B(46.0M) Survivors: 35.0M->5120.0K Heap: 599.4M(1024.0M)->506.7M(1024.0M)]
 [Times: user=0.31 sys=0.02, real=0.03 secs] 
4.638: [GC pause (G1 Evacuation Pause) (mixed), 0.0122978 secs]
   [Parallel Time: 10.9 ms, GC Workers: 18]
      [GC Worker Start (ms): Min: 4638.5, Avg: 4638.7, Max: 4638.8, Diff: 0.3]
      [Ext Root Scanning (ms): Min: 0.0, Avg: 0.1, Max: 0.3, Diff: 0.3, Sum: 2.3]
      [Update RS (ms): Min: 1.5, Avg: 1.7, Max: 1.9, Diff: 0.4, Sum: 30.9]
         [Processed Buffers: Min: 4, Avg: 5.1, Max: 6, Diff: 2, Sum: 92]
      [Scan RS (ms): Min: 0.0, Avg: 0.0, Max: 0.1, Diff: 0.1, Sum: 0.5]
      [Code Root Scanning (ms): Min: 0.0, Avg: 0.0, Max: 0.0, Diff: 0.0, Sum: 0.0]
      [Object Copy (ms): Min: 7.7, Avg: 8.2, Max: 8.5, Diff: 0.9, Sum: 147.3]
      [Termination (ms): Min: 0.0, Avg: 0.3, Max: 0.7, Diff: 0.7, Sum: 6.2]
         [Termination Attempts: Min: 1, Avg: 1.0, Max: 1, Diff: 0, Sum: 18]
      [GC Worker Other (ms): Min: 0.0, Avg: 0.0, Max: 0.0, Diff: 0.0, Sum: 0.4]
      [GC Worker Total (ms): Min: 10.3, Avg: 10.4, Max: 10.6, Diff: 0.3, Sum: 187.7]
      [GC Worker End (ms): Min: 4649.1, Avg: 4649.1, Max: 4649.1, Diff: 0.0]
   [Code Root Fixup: 0.0 ms]
   [Code Root Purge: 0.0 ms]
   [Clear CT: 0.2 ms]
   [Other: 1.2 ms]
      [Choose CSet: 0.0 ms]
      [Ref Proc: 0.3 ms]
      [Ref Enq: 0.0 ms]
      [Redirty Cards: 0.3 ms]
      [Humongous Register: 0.1 ms]
      [Humongous Reclaim: 0.1 ms]
      [Free CSet: 0.2 ms]
   [Eden: 46.0M(46.0M)->0.0B(274.0M) Survivors: 5120.0K->7168.0K Heap: 562.0M(1024.0M)->502.8M(1024.0M)]
 [Times: user=0.18 sys=0.01, real=0.01 secs] 
4.651: [GC pause (G1 Humongous Allocation) (young) (initial-mark), 0.0036494 secs]
   [Parallel Time: 2.5 ms, GC Workers: 18]
      [GC Worker Start (ms): Min: 4651.5, Avg: 4651.7, Max: 4651.8, Diff: 0.3]
      [Ext Root Scanning (ms): Min: 0.1, Avg: 0.2, Max: 0.4, Diff: 0.3, Sum: 3.5]
      [Update RS (ms): Min: 0.1, Avg: 0.3, Max: 0.9, Diff: 0.8, Sum: 4.6]
         [Processed Buffers: Min: 0, Avg: 1.1, Max: 3, Diff: 3, Sum: 19]
      [Scan RS (ms): Min: 0.0, Avg: 0.0, Max: 0.0, Diff: 0.0, Sum: 0.1]
      [Code Root Scanning (ms): Min: 0.0, Avg: 0.0, Max: 0.0, Diff: 0.0, Sum: 0.0]
      [Object Copy (ms): Min: 0.6, Avg: 1.3, Max: 1.8, Diff: 1.2, Sum: 23.0]
      [Termination (ms): Min: 0.0, Avg: 0.3, Max: 0.5, Diff: 0.5, Sum: 5.3]
         [Termination Attempts: Min: 1, Avg: 1.0, Max: 1, Diff: 0, Sum: 18]
      [GC Worker Other (ms): Min: 0.0, Avg: 0.0, Max: 0.0, Diff: 0.0, Sum: 0.3]
      [GC Worker Total (ms): Min: 1.9, Avg: 2.0, Max: 2.2, Diff: 0.3, Sum: 36.9]
      [GC Worker End (ms): Min: 4653.8, Avg: 4653.8, Max: 4653.8, Diff: 0.0]
   [Code Root Fixup: 0.0 ms]
   [Code Root Purge: 0.0 ms]
   [Clear CT: 0.3 ms]
   [Other: 0.9 ms]
      [Choose CSet: 0.0 ms]
      [Ref Proc: 0.2 ms]
      [Ref Enq: 0.0 ms]
      [Redirty Cards: 0.2 ms]
      [Humongous Register: 0.2 ms]
      [Humongous Reclaim: 0.0 ms]
      [Free CSet: 0.0 ms]
   [Eden: 1024.0K(274.0M)->0.0B(283.0M) Survivors: 7168.0K->8192.0K Heap: 503.3M(1024.0M)->503.1M(1024.0M)]
 [Times: user=0.04 sys=0.00, real=0.01 secs] 
4.655: [GC concurrent-root-region-scan-start]
4.655: [GC concurrent-root-region-scan-end, 0.0001191 secs]
4.655: [GC concurrent-mark-start]
4.657: [GC concurrent-mark-end, 0.0022904 secs]
4.657: [GC remark 4.657: [Finalize Marking, 0.0003624 secs] 4.658: [GC ref-proc, 0.0004081 secs] 4.658: [Unloading, 0.0010178 secs], 0.0026140 secs]
 [Times: user=0.02 sys=0.01, real=0.00 secs] 
4.660: [GC cleanup 513M->509M(1024M), 0.0018385 secs]
 [Times: user=0.01 sys=0.00, real=0.01 secs] 
4.662: [GC concurrent-cleanup-start]
4.662: [GC concurrent-cleanup-end, 0.0000242 secs]
4.761: [GC pause (G1 Evacuation Pause) (young) (to-space exhausted), 0.0374738 secs]
   [Parallel Time: 34.8 ms, GC Workers: 18]
      [GC Worker Start (ms): Min: 4761.7, Avg: 4761.9, Max: 4762.2, Diff: 0.5]
      [Ext Root Scanning (ms): Min: 0.0, Avg: 0.2, Max: 0.4, Diff: 0.4, Sum: 3.6]
      [Update RS (ms): Min: 11.7, Avg: 11.9, Max: 12.0, Diff: 0.3, Sum: 214.2]
         [Processed Buffers: Min: 25, Avg: 31.3, Max: 39, Diff: 14, Sum: 564]
      [Scan RS (ms): Min: 0.0, Avg: 0.1, Max: 0.1, Diff: 0.1, Sum: 1.1]
      [Code Root Scanning (ms): Min: 0.0, Avg: 0.0, Max: 0.0, Diff: 0.0, Sum: 0.0]
      [Object Copy (ms): Min: 21.9, Avg: 22.1, Max: 22.2, Diff: 0.3, Sum: 397.1]
      [Termination (ms): Min: 0.0, Avg: 0.1, Max: 0.1, Diff: 0.1, Sum: 1.1]
         [Termination Attempts: Min: 1, Avg: 1.1, Max: 2, Diff: 1, Sum: 19]
      [GC Worker Other (ms): Min: 0.0, Avg: 0.0, Max: 0.1, Diff: 0.0, Sum: 0.5]
      [GC Worker Total (ms): Min: 34.1, Avg: 34.3, Max: 34.5, Diff: 0.5, Sum: 617.5]
      [GC Worker End (ms): Min: 4796.2, Avg: 4796.2, Max: 4796.3, Diff: 0.0]
   [Code Root Fixup: 0.0 ms]
   [Code Root Purge: 0.0 ms]
   [Clear CT: 0.3 ms]
   [Other: 2.4 ms]
      [Evacuation Failure: 0.4 ms]
      [Choose CSet: 0.0 ms]
      [Ref Proc: 0.3 ms]
      [Ref Enq: 0.0 ms]
      [Redirty Cards: 0.2 ms]
      [Humongous Register: 0.4 ms]
      [Humongous Reclaim: 0.4 ms]
      [Free CSet: 0.5 ms]
   [Eden: 283.0M(283.0M)->0.0B(14.0M) Survivors: 8192.0K->37.0M Heap: 850.9M(1024.0M)->625.8M(1024.0M)]
 [Times: user=0.59 sys=0.02, real=0.04 secs] 
4.806: [GC pause (G1 Evacuation Pause) (mixed), 0.0221428 secs]
   [Parallel Time: 20.2 ms, GC Workers: 18]
      [GC Worker Start (ms): Min: 4806.3, Avg: 4806.7, Max: 4807.0, Diff: 0.7]
      [Ext Root Scanning (ms): Min: 0.0, Avg: 0.3, Max: 0.6, Diff: 0.6, Sum: 4.9]
      [Update RS (ms): Min: 0.8, Avg: 0.9, Max: 1.0, Diff: 0.2, Sum: 16.3]
         [Processed Buffers: Min: 3, Avg: 4.1, Max: 9, Diff: 6, Sum: 73]
      [Scan RS (ms): Min: 0.0, Avg: 0.1, Max: 0.2, Diff: 0.2, Sum: 1.5]
      [Code Root Scanning (ms): Min: 0.0, Avg: 0.0, Max: 0.0, Diff: 0.0, Sum: 0.0]
      [Object Copy (ms): Min: 17.9, Avg: 18.0, Max: 18.2, Diff: 0.4, Sum: 324.9]
      [Termination (ms): Min: 0.0, Avg: 0.2, Max: 0.3, Diff: 0.3, Sum: 3.1]
         [Termination Attempts: Min: 1, Avg: 1.6, Max: 4, Diff: 3, Sum: 28]
      [GC Worker Other (ms): Min: 0.0, Avg: 0.0, Max: 0.0, Diff: 0.0, Sum: 0.5]
      [GC Worker Total (ms): Min: 19.2, Avg: 19.5, Max: 19.9, Diff: 0.7, Sum: 351.2]
      [GC Worker End (ms): Min: 4826.2, Avg: 4826.2, Max: 4826.2, Diff: 0.0]
   [Code Root Fixup: 0.0 ms]
   [Code Root Purge: 0.0 ms]
   [Clear CT: 0.2 ms]
   [Other: 1.7 ms]
      [Choose CSet: 0.2 ms]
      [Ref Proc: 0.2 ms]
      [Ref Enq: 0.0 ms]
      [Redirty Cards: 0.3 ms]
      [Humongous Register: 0.3 ms]
      [Humongous Reclaim: 0.1 ms]
      [Free CSet: 0.5 ms]
   [Eden: 14.0M(14.0M)->0.0B(45.0M) Survivors: 37.0M->6144.0K Heap: 645.1M(1024.0M)->557.7M(1024.0M)]
 [Times: user=0.33 sys=0.02, real=0.02 secs] 
4.843: [GC pause (G1 Evacuation Pause) (mixed), 0.0108982 secs]
   [Parallel Time: 9.4 ms, GC Workers: 18]
      [GC Worker Start (ms): Min: 4843.7, Avg: 4843.9, Max: 4844.0, Diff: 0.3]
      [Ext Root Scanning (ms): Min: 0.0, Avg: 0.2, Max: 0.4, Diff: 0.3, Sum: 3.1]
      [Update RS (ms): Min: 1.0, Avg: 1.2, Max: 1.4, Diff: 0.4, Sum: 22.1]
         [Processed Buffers: Min: 3, Avg: 3.9, Max: 5, Diff: 2, Sum: 70]
      [Scan RS (ms): Min: 0.0, Avg: 0.0, Max: 0.3, Diff: 0.3, Sum: 0.9]
      [Code Root Scanning (ms): Min: 0.0, Avg: 0.0, Max: 0.0, Diff: 0.0, Sum: 0.0]
      [Object Copy (ms): Min: 7.2, Avg: 7.4, Max: 7.7, Diff: 0.5, Sum: 133.4]
      [Termination (ms): Min: 0.0, Avg: 0.2, Max: 0.2, Diff: 0.2, Sum: 2.8]
         [Termination Attempts: Min: 1, Avg: 1.1, Max: 3, Diff: 2, Sum: 20]
      [GC Worker Other (ms): Min: 0.0, Avg: 0.0, Max: 0.1, Diff: 0.0, Sum: 0.5]
      [GC Worker Total (ms): Min: 8.9, Avg: 9.0, Max: 9.2, Diff: 0.3, Sum: 162.7]
      [GC Worker End (ms): Min: 4852.9, Avg: 4852.9, Max: 4852.9, Diff: 0.0]
   [Code Root Fixup: 0.0 ms]
   [Code Root Purge: 0.0 ms]
   [Clear CT: 0.2 ms]
   [Other: 1.2 ms]
      [Choose CSet: 0.0 ms]
      [Ref Proc: 0.3 ms]
      [Ref Enq: 0.0 ms]
      [Redirty Cards: 0.3 ms]
      [Humongous Register: 0.2 ms]
      [Humongous Reclaim: 0.1 ms]
      [Free CSet: 0.2 ms]
   [Eden: 45.0M(45.0M)->0.0B(236.0M) Survivors: 6144.0K->7168.0K Heap: 609.0M(1024.0M)->561.8M(1024.0M)]
 [Times: user=0.16 sys=0.00, real=0.01 secs] 
4.855: [GC pause (G1 Humongous Allocation) (young) (initial-mark), 0.0036634 secs]
   [Parallel Time: 2.5 ms, GC Workers: 18]
      [GC Worker Start (ms): Min: 4855.6, Avg: 4855.7, Max: 4855.8, Diff: 0.3]
      [Ext Root Scanning (ms): Min: 0.1, Avg: 0.2, Max: 0.3, Diff: 0.2, Sum: 3.7]
      [Update RS (ms): Min: 0.0, Avg: 0.3, Max: 1.7, Diff: 1.7, Sum: 6.2]
         [Processed Buffers: Min: 0, Avg: 1.0, Max: 2, Diff: 2, Sum: 18]
      [Scan RS (ms): Min: 0.0, Avg: 0.0, Max: 0.0, Diff: 0.0, Sum: 0.1]
      [Code Root Scanning (ms): Min: 0.0, Avg: 0.0, Max: 0.0, Diff: 0.0, Sum: 0.0]
      [Object Copy (ms): Min: 0.0, Avg: 1.4, Max: 1.7, Diff: 1.7, Sum: 24.9]
      [Termination (ms): Min: 0.0, Avg: 0.2, Max: 0.4, Diff: 0.4, Sum: 3.6]
         [Termination Attempts: Min: 1, Avg: 1.3, Max: 2, Diff: 1, Sum: 24]
      [GC Worker Other (ms): Min: 0.0, Avg: 0.0, Max: 0.0, Diff: 0.0, Sum: 0.2]
      [GC Worker Total (ms): Min: 2.0, Avg: 2.1, Max: 2.3, Diff: 0.3, Sum: 38.6]
      [GC Worker End (ms): Min: 4857.8, Avg: 4857.8, Max: 4857.9, Diff: 0.0]
   [Code Root Fixup: 0.0 ms]
   [Code Root Purge: 0.0 ms]
   [Clear CT: 0.2 ms]
   [Other: 0.9 ms]
      [Choose CSet: 0.0 ms]
      [Ref Proc: 0.2 ms]
      [Ref Enq: 0.0 ms]
      [Redirty Cards: 0.2 ms]
      [Humongous Register: 0.2 ms]
      [Humongous Reclaim: 0.0 ms]
      [Free CSet: 0.0 ms]
   [Eden: 3072.0K(236.0M)->0.0B(246.0M) Survivors: 7168.0K->9216.0K Heap: 564.5M(1024.0M)->563.2M(1024.0M)]
 [Times: user=0.04 sys=0.01, real=0.00 secs] 
4.859: [GC concurrent-root-region-scan-start]
4.859: [GC concurrent-root-region-scan-end, 0.0001505 secs]
4.859: [GC concurrent-mark-start]
4.861: [GC concurrent-mark-end, 0.0023210 secs]
4.862: [GC remark 4.862: [Finalize Marking, 0.0004007 secs] 4.862: [GC ref-proc, 0.0004024 secs] 4.862: [Unloading, 0.0009953 secs], 0.0027039 secs]
 [Times: user=0.02 sys=0.00, real=0.01 secs] 
4.864: [GC cleanup 573M->570M(1024M), 0.0017793 secs]
 [Times: user=0.02 sys=0.00, real=0.00 secs] 
4.866: [GC concurrent-cleanup-start]
4.866: [GC concurrent-cleanup-end, 0.0000235 secs]
4.952: [GC pause (G1 Evacuation Pause) (young), 0.0357970 secs]
   [Parallel Time: 33.4 ms, GC Workers: 18]
      [GC Worker Start (ms): Min: 4952.8, Avg: 4953.0, Max: 4953.2, Diff: 0.4]
      [Ext Root Scanning (ms): Min: 0.0, Avg: 0.2, Max: 0.4, Diff: 0.4, Sum: 2.8]
      [Update RS (ms): Min: 11.2, Avg: 11.6, Max: 11.8, Diff: 0.6, Sum: 208.0]
         [Processed Buffers: Min: 22, Avg: 26.9, Max: 33, Diff: 11, Sum: 485]
      [Scan RS (ms): Min: 0.0, Avg: 0.1, Max: 0.4, Diff: 0.4, Sum: 2.0]
      [Code Root Scanning (ms): Min: 0.0, Avg: 0.0, Max: 0.0, Diff: 0.0, Sum: 0.0]
      [Object Copy (ms): Min: 20.2, Avg: 20.7, Max: 21.4, Diff: 1.2, Sum: 372.9]
      [Termination (ms): Min: 0.0, Avg: 0.4, Max: 0.7, Diff: 0.7, Sum: 6.6]
         [Termination Attempts: Min: 1, Avg: 1.1, Max: 2, Diff: 1, Sum: 19]
      [GC Worker Other (ms): Min: 0.0, Avg: 0.0, Max: 0.1, Diff: 0.1, Sum: 0.8]
      [GC Worker Total (ms): Min: 32.7, Avg: 33.0, Max: 33.2, Diff: 0.5, Sum: 593.2]
      [GC Worker End (ms): Min: 4985.9, Avg: 4985.9, Max: 4986.0, Diff: 0.1]
   [Code Root Fixup: 0.0 ms]
   [Code Root Purge: 0.0 ms]
   [Clear CT: 0.3 ms]
   [Other: 2.2 ms]
      [Choose CSet: 0.0 ms]
      [Ref Proc: 0.4 ms]
      [Ref Enq: 0.0 ms]
      [Redirty Cards: 0.3 ms]
      [Humongous Register: 0.3 ms]
      [Humongous Reclaim: 0.4 ms]
      [Free CSet: 0.7 ms]
   [Eden: 246.0M(246.0M)->0.0B(19.0M) Survivors: 9216.0K->32.0M Heap: 865.4M(1024.0M)->622.8M(1024.0M)]
 [Times: user=0.56 sys=0.02, real=0.03 secs] 
4.994: [GC pause (G1 Evacuation Pause) (mixed), 0.0165883 secs]
   [Parallel Time: 14.8 ms, GC Workers: 18]
      [GC Worker Start (ms): Min: 4994.8, Avg: 4995.0, Max: 4995.6, Diff: 0.8]
      [Ext Root Scanning (ms): Min: 0.0, Avg: 0.1, Max: 0.3, Diff: 0.3, Sum: 2.1]
      [Update RS (ms): Min: 0.0, Avg: 0.4, Max: 0.5, Diff: 0.5, Sum: 7.1]
         [Processed Buffers: Min: 0, Avg: 1.9, Max: 4, Diff: 4, Sum: 34]
      [Scan RS (ms): Min: 0.0, Avg: 0.0, Max: 0.2, Diff: 0.2, Sum: 0.8]
      [Code Root Scanning (ms): Min: 0.0, Avg: 0.0, Max: 0.0, Diff: 0.0, Sum: 0.0]
      [Object Copy (ms): Min: 13.4, Avg: 13.6, Max: 13.8, Diff: 0.4, Sum: 244.6]
      [Termination (ms): Min: 0.0, Avg: 0.2, Max: 0.3, Diff: 0.3, Sum: 3.0]
         [Termination Attempts: Min: 1, Avg: 1.2, Max: 3, Diff: 2, Sum: 22]
      [GC Worker Other (ms): Min: 0.0, Avg: 0.0, Max: 0.1, Diff: 0.0, Sum: 0.4]
      [GC Worker Total (ms): Min: 13.7, Avg: 14.3, Max: 14.6, Diff: 0.8, Sum: 258.0]
      [GC Worker End (ms): Min: 5009.3, Avg: 5009.4, Max: 5009.4, Diff: 0.0]
   [Code Root Fixup: 0.0 ms]
   [Code Root Purge: 0.0 ms]
   [Clear CT: 0.2 ms]
   [Other: 1.5 ms]
      [Choose CSet: 0.1 ms]
      [Ref Proc: 0.3 ms]
      [Ref Enq: 0.0 ms]
      [Redirty Cards: 0.2 ms]
      [Humongous Register: 0.2 ms]
      [Humongous Reclaim: 0.1 ms]
      [Free CSet: 0.5 ms]
   [Eden: 19.0M(19.0M)->0.0B(44.0M) Survivors: 32.0M->7168.0K Heap: 643.6M(1024.0M)->537.4M(1024.0M)]
 [Times: user=0.25 sys=0.01, real=0.01 secs] 
5.027: [GC pause (G1 Evacuation Pause) (mixed), 0.0217494 secs]
   [Parallel Time: 19.8 ms, GC Workers: 18]
      [GC Worker Start (ms): Min: 5027.0, Avg: 5027.2, Max: 5027.4, Diff: 0.4]
      [Ext Root Scanning (ms): Min: 0.0, Avg: 0.1, Max: 0.3, Diff: 0.3, Sum: 2.5]
      [Update RS (ms): Min: 2.2, Avg: 2.4, Max: 2.5, Diff: 0.3, Sum: 42.8]
         [Processed Buffers: Min: 6, Avg: 7.6, Max: 9, Diff: 3, Sum: 136]
      [Scan RS (ms): Min: 0.0, Avg: 0.1, Max: 0.3, Diff: 0.3, Sum: 1.6]
      [Code Root Scanning (ms): Min: 0.0, Avg: 0.0, Max: 0.2, Diff: 0.2, Sum: 0.2]
      [Object Copy (ms): Min: 15.6, Avg: 16.0, Max: 16.8, Diff: 1.2, Sum: 288.9]
      [Termination (ms): Min: 0.0, Avg: 0.7, Max: 0.9, Diff: 0.9, Sum: 12.4]
         [Termination Attempts: Min: 1, Avg: 1.0, Max: 1, Diff: 0, Sum: 18]
      [GC Worker Other (ms): Min: 0.0, Avg: 0.0, Max: 0.0, Diff: 0.0, Sum: 0.4]
      [GC Worker Total (ms): Min: 19.2, Avg: 19.4, Max: 19.6, Diff: 0.4, Sum: 348.8]
      [GC Worker End (ms): Min: 5046.6, Avg: 5046.6, Max: 5046.6, Diff: 0.0]
   [Code Root Fixup: 0.0 ms]
   [Code Root Purge: 0.0 ms]
   [Clear CT: 0.3 ms]
   [Other: 1.6 ms]
      [Choose CSet: 0.1 ms]
      [Ref Proc: 0.3 ms]
      [Ref Enq: 0.0 ms]
      [Redirty Cards: 0.3 ms]
      [Humongous Register: 0.2 ms]
      [Humongous Reclaim: 0.1 ms]
      [Free CSet: 0.5 ms]
   [Eden: 44.0M(44.0M)->0.0B(44.0M) Survivors: 7168.0K->7168.0K Heap: 596.0M(1024.0M)->491.1M(1024.0M)]
 [Times: user=0.33 sys=0.01, real=0.02 secs] 
5.065: [GC pause (G1 Evacuation Pause) (mixed), 0.0096588 secs]
   [Parallel Time: 8.3 ms, GC Workers: 18]
      [GC Worker Start (ms): Min: 5065.0, Avg: 5065.2, Max: 5065.4, Diff: 0.4]
      [Ext Root Scanning (ms): Min: 0.0, Avg: 0.1, Max: 0.4, Diff: 0.3, Sum: 2.6]
      [Update RS (ms): Min: 1.4, Avg: 1.7, Max: 2.0, Diff: 0.5, Sum: 30.7]
         [Processed Buffers: Min: 4, Avg: 5.3, Max: 6, Diff: 2, Sum: 95]
      [Scan RS (ms): Min: 0.0, Avg: 0.0, Max: 0.0, Diff: 0.0, Sum: 0.3]
      [Code Root Scanning (ms): Min: 0.0, Avg: 0.0, Max: 0.0, Diff: 0.0, Sum: 0.0]
      [Object Copy (ms): Min: 5.4, Avg: 5.8, Max: 6.3, Diff: 0.9, Sum: 104.6]
      [Termination (ms): Min: 0.0, Avg: 0.3, Max: 0.6, Diff: 0.6, Sum: 4.9]
         [Termination Attempts: Min: 1, Avg: 1.0, Max: 1, Diff: 0, Sum: 18]
      [GC Worker Other (ms): Min: 0.0, Avg: 0.0, Max: 0.0, Diff: 0.0, Sum: 0.4]
      [GC Worker Total (ms): Min: 7.8, Avg: 8.0, Max: 8.2, Diff: 0.4, Sum: 143.4]
      [GC Worker End (ms): Min: 5073.2, Avg: 5073.2, Max: 5073.2, Diff: 0.0]
   [Code Root Fixup: 0.0 ms]
   [Code Root Purge: 0.0 ms]
   [Clear CT: 0.2 ms]
   [Other: 1.1 ms]
      [Choose CSet: 0.0 ms]
      [Ref Proc: 0.3 ms]
      [Ref Enq: 0.0 ms]
      [Redirty Cards: 0.2 ms]
      [Humongous Register: 0.2 ms]
      [Humongous Reclaim: 0.1 ms]
      [Free CSet: 0.1 ms]
   [Eden: 44.0M(44.0M)->0.0B(292.0M) Survivors: 7168.0K->7168.0K Heap: 544.5M(1024.0M)->501.8M(1024.0M)]
 [Times: user=0.14 sys=0.00, real=0.01 secs] 
5.075: [GC pause (G1 Humongous Allocation) (young) (initial-mark), 0.0037239 secs]
   [Parallel Time: 2.5 ms, GC Workers: 18]
      [GC Worker Start (ms): Min: 5075.3, Avg: 5075.5, Max: 5075.6, Diff: 0.3]
      [Ext Root Scanning (ms): Min: 0.0, Avg: 0.2, Max: 0.3, Diff: 0.3, Sum: 3.3]
      [Update RS (ms): Min: 0.0, Avg: 0.2, Max: 1.4, Diff: 1.4, Sum: 4.1]
         [Processed Buffers: Min: 0, Avg: 0.9, Max: 3, Diff: 3, Sum: 17]
      [Scan RS (ms): Min: 0.0, Avg: 0.0, Max: 0.0, Diff: 0.0, Sum: 0.1]
      [Code Root Scanning (ms): Min: 0.0, Avg: 0.0, Max: 0.0, Diff: 0.0, Sum: 0.0]
      [Object Copy (ms): Min: 0.0, Avg: 1.1, Max: 1.8, Diff: 1.8, Sum: 20.0]
      [Termination (ms): Min: 0.0, Avg: 0.6, Max: 1.1, Diff: 1.1, Sum: 10.2]
         [Termination Attempts: Min: 1, Avg: 3.5, Max: 8, Diff: 7, Sum: 63]
      [GC Worker Other (ms): Min: 0.0, Avg: 0.0, Max: 0.0, Diff: 0.0, Sum: 0.2]
      [GC Worker Total (ms): Min: 2.0, Avg: 2.1, Max: 2.3, Diff: 0.3, Sum: 37.9]
      [GC Worker End (ms): Min: 5077.6, Avg: 5077.6, Max: 5077.6, Diff: 0.0]
   [Code Root Fixup: 0.0 ms]
   [Code Root Purge: 0.0 ms]
   [Clear CT: 0.3 ms]
   [Other: 0.9 ms]
      [Choose CSet: 0.0 ms]
      [Ref Proc: 0.2 ms]
      [Ref Enq: 0.0 ms]
      [Redirty Cards: 0.2 ms]
      [Humongous Register: 0.2 ms]
      [Humongous Reclaim: 0.0 ms]
      [Free CSet: 0.0 ms]
   [Eden: 1024.0K(292.0M)->0.0B(306.0M) Survivors: 7168.0K->7168.0K Heap: 502.4M(1024.0M)->501.6M(1024.0M)]
 [Times: user=0.05 sys=0.00, real=0.00 secs] 
5.079: [GC concurrent-root-region-scan-start]
5.079: [GC concurrent-root-region-scan-end, 0.0001417 secs]
5.079: [GC concurrent-mark-start]
5.081: [GC concurrent-mark-end, 0.0023347 secs]
5.081: [GC remark 5.081: [Finalize Marking, 0.0003829 secs] 5.082: [GC ref-proc, 0.0004137 secs] 5.082: [Unloading, 0.0010522 secs], 0.0027734 secs]
 [Times: user=0.02 sys=0.00, real=0.01 secs] 
5.084: [GC cleanup 513M->511M(1024M), 0.0019910 secs]
 [Times: user=0.02 sys=0.00, real=0.00 secs] 
5.086: [GC concurrent-cleanup-start]
5.086: [GC concurrent-cleanup-end, 0.0000207 secs]
5.198: [GC pause (G1 Evacuation Pause) (young) (to-space exhausted), 0.0267408 secs]
   [Parallel Time: 23.7 ms, GC Workers: 18]
      [GC Worker Start (ms): Min: 5198.3, Avg: 5198.5, Max: 5198.7, Diff: 0.5]
      [Ext Root Scanning (ms): Min: 0.0, Avg: 0.1, Max: 0.3, Diff: 0.3, Sum: 2.1]
      [Update RS (ms): Min: 12.3, Avg: 12.5, Max: 12.7, Diff: 0.4, Sum: 224.8]
         [Processed Buffers: Min: 33, Avg: 36.8, Max: 42, Diff: 9, Sum: 662]
      [Scan RS (ms): Min: 0.0, Avg: 0.1, Max: 0.5, Diff: 0.4, Sum: 1.7]
      [Code Root Scanning (ms): Min: 0.0, Avg: 0.0, Max: 0.0, Diff: 0.0, Sum: 0.0]
      [Object Copy (ms): Min: 10.0, Avg: 10.5, Max: 10.6, Diff: 0.6, Sum: 188.7]
      [Termination (ms): Min: 0.0, Avg: 0.1, Max: 0.1, Diff: 0.1, Sum: 0.9]
         [Termination Attempts: Min: 1, Avg: 1.0, Max: 1, Diff: 0, Sum: 18]
      [GC Worker Other (ms): Min: 0.0, Avg: 0.0, Max: 0.1, Diff: 0.1, Sum: 0.6]
      [GC Worker Total (ms): Min: 23.0, Avg: 23.3, Max: 23.5, Diff: 0.5, Sum: 418.8]
      [GC Worker End (ms): Min: 5221.8, Avg: 5221.8, Max: 5221.8, Diff: 0.0]
   [Code Root Fixup: 0.0 ms]
   [Code Root Purge: 0.0 ms]
   [Clear CT: 0.4 ms]
   [Other: 2.7 ms]
      [Evacuation Failure: 0.8 ms]
      [Choose CSet: 0.0 ms]
      [Ref Proc: 0.4 ms]
      [Ref Enq: 0.0 ms]
      [Redirty Cards: 0.2 ms]
      [Humongous Register: 0.4 ms]
      [Humongous Reclaim: 0.4 ms]
      [Free CSet: 0.3 ms]
   [Eden: 306.0M(306.0M)->0.0B(21.0M) Survivors: 7168.0K->30.0M Heap: 887.2M(1024.0M)->752.6M(1024.0M)]
 [Times: user=0.42 sys=0.00, real=0.03 secs] 
5.232: [GC pause (G1 Evacuation Pause) (mixed), 0.0198119 secs]
   [Parallel Time: 18.1 ms, GC Workers: 18]
      [GC Worker Start (ms): Min: 5232.3, Avg: 5232.4, Max: 5232.5, Diff: 0.2]
      [Ext Root Scanning (ms): Min: 0.1, Avg: 0.2, Max: 0.3, Diff: 0.2, Sum: 3.7]
      [Update RS (ms): Min: 0.5, Avg: 0.8, Max: 1.1, Diff: 0.6, Sum: 14.6]
         [Processed Buffers: Min: 2, Avg: 3.2, Max: 6, Diff: 4, Sum: 58]
      [Scan RS (ms): Min: 0.0, Avg: 0.1, Max: 0.2, Diff: 0.2, Sum: 1.2]
      [Code Root Scanning (ms): Min: 0.0, Avg: 0.0, Max: 0.0, Diff: 0.0, Sum: 0.0]
      [Object Copy (ms): Min: 16.2, Avg: 16.5, Max: 16.8, Diff: 0.6, Sum: 296.4]
      [Termination (ms): Min: 0.0, Avg: 0.2, Max: 0.3, Diff: 0.3, Sum: 2.8]
         [Termination Attempts: Min: 1, Avg: 1.3, Max: 3, Diff: 2, Sum: 24]
      [GC Worker Other (ms): Min: 0.0, Avg: 0.0, Max: 0.1, Diff: 0.1, Sum: 0.6]
      [GC Worker Total (ms): Min: 17.6, Avg: 17.7, Max: 17.9, Diff: 0.2, Sum: 319.4]
      [GC Worker End (ms): Min: 5250.1, Avg: 5250.1, Max: 5250.1, Diff: 0.1]
   [Code Root Fixup: 0.0 ms]
   [Code Root Purge: 0.0 ms]
   [Clear CT: 0.2 ms]
   [Other: 1.5 ms]
      [Choose CSet: 0.1 ms]
      [Ref Proc: 0.3 ms]
      [Ref Enq: 0.0 ms]
      [Redirty Cards: 0.3 ms]
      [Humongous Register: 0.2 ms]
      [Humongous Reclaim: 0.1 ms]
      [Free CSet: 0.4 ms]
   [Eden: 21.0M(21.0M)->0.0B(44.0M) Survivors: 30.0M->7168.0K Heap: 777.3M(1024.0M)->684.4M(1024.0M)]
 [Times: user=0.31 sys=0.01, real=0.02 secs] 
5.266: [GC pause (G1 Evacuation Pause) (mixed), 0.0125475 secs]
   [Parallel Time: 11.0 ms, GC Workers: 18]
      [GC Worker Start (ms): Min: 5266.1, Avg: 5266.2, Max: 5266.4, Diff: 0.3]
      [Ext Root Scanning (ms): Min: 0.0, Avg: 0.2, Max: 0.3, Diff: 0.3, Sum: 3.0]
      [Update RS (ms): Min: 1.1, Avg: 1.4, Max: 1.6, Diff: 0.5, Sum: 25.0]
         [Processed Buffers: Min: 3, Avg: 4.8, Max: 6, Diff: 3, Sum: 87]
      [Scan RS (ms): Min: 0.0, Avg: 0.0, Max: 0.2, Diff: 0.2, Sum: 0.8]
      [Code Root Scanning (ms): Min: 0.0, Avg: 0.0, Max: 0.1, Diff: 0.1, Sum: 0.1]
      [Object Copy (ms): Min: 8.5, Avg: 8.9, Max: 9.2, Diff: 0.6, Sum: 159.3]
      [Termination (ms): Min: 0.0, Avg: 0.2, Max: 0.5, Diff: 0.5, Sum: 3.0]
         [Termination Attempts: Min: 1, Avg: 1.1, Max: 2, Diff: 1, Sum: 19]
      [GC Worker Other (ms): Min: 0.0, Avg: 0.0, Max: 0.1, Diff: 0.0, Sum: 0.4]
      [GC Worker Total (ms): Min: 10.5, Avg: 10.6, Max: 10.8, Diff: 0.3, Sum: 191.5]
      [GC Worker End (ms): Min: 5276.8, Avg: 5276.9, Max: 5276.9, Diff: 0.0]
   [Code Root Fixup: 0.0 ms]
   [Code Root Purge: 0.0 ms]
   [Clear CT: 0.2 ms]
   [Other: 1.3 ms]
      [Choose CSet: 0.0 ms]
      [Ref Proc: 0.3 ms]
      [Ref Enq: 0.0 ms]
      [Redirty Cards: 0.3 ms]
      [Humongous Register: 0.2 ms]
      [Humongous Reclaim: 0.1 ms]
      [Free CSet: 0.2 ms]
   [Eden: 44.0M(44.0M)->0.0B(151.0M) Survivors: 7168.0K->7168.0K Heap: 736.8M(1024.0M)->678.5M(1024.0M)]
 [Times: user=0.19 sys=0.00, real=0.01 secs] 
5.279: [GC pause (G1 Humongous Allocation) (young) (initial-mark), 0.0038342 secs]
   [Parallel Time: 2.7 ms, GC Workers: 18]
      [GC Worker Start (ms): Min: 5279.0, Avg: 5279.2, Max: 5279.3, Diff: 0.3]
      [Ext Root Scanning (ms): Min: 0.0, Avg: 0.2, Max: 0.4, Diff: 0.3, Sum: 3.4]
      [Update RS (ms): Min: 0.1, Avg: 0.7, Max: 2.0, Diff: 1.9, Sum: 12.6]
         [Processed Buffers: Min: 0, Avg: 1.0, Max: 2, Diff: 2, Sum: 18]
      [Scan RS (ms): Min: 0.0, Avg: 0.0, Max: 0.0, Diff: 0.0, Sum: 0.1]
      [Code Root Scanning (ms): Min: 0.0, Avg: 0.0, Max: 0.0, Diff: 0.0, Sum: 0.0]
      [Object Copy (ms): Min: 0.0, Avg: 1.1, Max: 2.1, Diff: 2.1, Sum: 20.3]
      [Termination (ms): Min: 0.0, Avg: 0.3, Max: 0.7, Diff: 0.7, Sum: 6.0]
         [Termination Attempts: Min: 1, Avg: 1.1, Max: 2, Diff: 1, Sum: 19]
      [GC Worker Other (ms): Min: 0.0, Avg: 0.0, Max: 0.0, Diff: 0.0, Sum: 0.3]
      [GC Worker Total (ms): Min: 2.2, Avg: 2.4, Max: 2.5, Diff: 0.3, Sum: 42.7]
      [GC Worker End (ms): Min: 5281.5, Avg: 5281.6, Max: 5281.6, Diff: 0.0]
   [Code Root Fixup: 0.0 ms]
   [Code Root Purge: 0.0 ms]
   [Clear CT: 0.2 ms]
   [Other: 0.9 ms]
      [Choose CSet: 0.0 ms]
      [Ref Proc: 0.3 ms]
      [Ref Enq: 0.0 ms]
      [Redirty Cards: 0.2 ms]
      [Humongous Register: 0.1 ms]
      [Humongous Reclaim: 0.0 ms]
      [Free CSet: 0.0 ms]
   [Eden: 1024.0K(151.0M)->0.0B(147.0M) Survivors: 7168.0K->8192.0K Heap: 679.1M(1024.0M)->679.2M(1024.0M)]
 [Times: user=0.04 sys=0.01, real=0.01 secs] 
5.283: [GC concurrent-root-region-scan-start]
5.283: [GC concurrent-root-region-scan-end, 0.0001291 secs]
5.283: [GC concurrent-mark-start]
5.285: [GC concurrent-mark-end, 0.0024325 secs]
5.285: [GC remark 5.285: [Finalize Marking, 0.0004742 secs] 5.286: [GC ref-proc, 0.0004028 secs] 5.286: [Unloading, 0.0010073 secs], 0.0027921 secs]
 [Times: user=0.03 sys=0.00, real=0.00 secs] 
5.288: [GC cleanup 689M->674M(1024M), 0.0018208 secs]
 [Times: user=0.02 sys=0.00, real=0.00 secs] 
5.290: [GC concurrent-cleanup-start]
5.290: [GC concurrent-cleanup-end, 0.0000475 secs]
5.344: [GC pause (G1 Evacuation Pause) (young), 0.0232303 secs]
   [Parallel Time: 21.2 ms, GC Workers: 18]
      [GC Worker Start (ms): Min: 5344.8, Avg: 5345.2, Max: 5345.4, Diff: 0.6]
      [Ext Root Scanning (ms): Min: 0.0, Avg: 0.1, Max: 0.4, Diff: 0.4, Sum: 1.4]
      [Update RS (ms): Min: 5.6, Avg: 5.9, Max: 6.2, Diff: 0.6, Sum: 106.5]
         [Processed Buffers: Min: 15, Avg: 17.2, Max: 20, Diff: 5, Sum: 310]
      [Scan RS (ms): Min: 0.0, Avg: 0.0, Max: 0.1, Diff: 0.1, Sum: 0.6]
      [Code Root Scanning (ms): Min: 0.0, Avg: 0.0, Max: 0.0, Diff: 0.0, Sum: 0.0]
      [Object Copy (ms): Min: 13.4, Avg: 13.9, Max: 14.3, Diff: 0.9, Sum: 251.0]
      [Termination (ms): Min: 0.0, Avg: 0.5, Max: 0.9, Diff: 0.9, Sum: 9.1]
         [Termination Attempts: Min: 1, Avg: 1.0, Max: 1, Diff: 0, Sum: 18]
      [GC Worker Other (ms): Min: 0.0, Avg: 0.0, Max: 0.1, Diff: 0.1, Sum: 0.6]
      [GC Worker Total (ms): Min: 20.3, Avg: 20.5, Max: 20.9, Diff: 0.6, Sum: 369.2]
      [GC Worker End (ms): Min: 5365.7, Avg: 5365.7, Max: 5365.7, Diff: 0.1]
   [Code Root Fixup: 0.0 ms]
   [Code Root Purge: 0.0 ms]
   [Clear CT: 0.2 ms]
   [Other: 1.8 ms]
      [Choose CSet: 0.0 ms]
      [Ref Proc: 0.3 ms]
      [Ref Enq: 0.0 ms]
      [Redirty Cards: 0.3 ms]
      [Humongous Register: 0.5 ms]
      [Humongous Reclaim: 0.2 ms]
      [Free CSet: 0.4 ms]
   [Eden: 147.0M(147.0M)->0.0B(31.0M) Survivors: 8192.0K->20.0M Heap: 848.9M(1024.0M)->709.9M(1024.0M)]
 [Times: user=0.36 sys=0.00, real=0.02 secs] 
5.377: [GC pause (G1 Evacuation Pause) (mixed), 0.0154319 secs]
   [Parallel Time: 13.6 ms, GC Workers: 18]
      [GC Worker Start (ms): Min: 5377.6, Avg: 5377.8, Max: 5378.0, Diff: 0.4]
      [Ext Root Scanning (ms): Min: 0.0, Avg: 0.2, Max: 0.4, Diff: 0.4, Sum: 2.9]
      [Update RS (ms): Min: 0.8, Avg: 0.9, Max: 1.0, Diff: 0.2, Sum: 16.7]
         [Processed Buffers: Min: 3, Avg: 3.3, Max: 4, Diff: 1, Sum: 59]
      [Scan RS (ms): Min: 0.0, Avg: 0.0, Max: 0.1, Diff: 0.1, Sum: 0.6]
      [Code Root Scanning (ms): Min: 0.0, Avg: 0.0, Max: 0.0, Diff: 0.0, Sum: 0.0]
      [Object Copy (ms): Min: 11.1, Avg: 11.4, Max: 12.1, Diff: 1.0, Sum: 205.0]
      [Termination (ms): Min: 0.0, Avg: 0.7, Max: 1.0, Diff: 1.0, Sum: 12.6]
         [Termination Attempts: Min: 1, Avg: 1.4, Max: 4, Diff: 3, Sum: 25]
      [GC Worker Other (ms): Min: 0.0, Avg: 0.0, Max: 0.0, Diff: 0.0, Sum: 0.4]
      [GC Worker Total (ms): Min: 13.0, Avg: 13.2, Max: 13.5, Diff: 0.4, Sum: 238.3]
      [GC Worker End (ms): Min: 5391.0, Avg: 5391.1, Max: 5391.1, Diff: 0.0]
   [Code Root Fixup: 0.0 ms]
   [Code Root Purge: 0.0 ms]
   [Clear CT: 0.2 ms]
   [Other: 1.6 ms]
      [Choose CSet: 0.1 ms]
      [Ref Proc: 0.3 ms]
      [Ref Enq: 0.0 ms]
      [Redirty Cards: 0.3 ms]
      [Humongous Register: 0.2 ms]
      [Humongous Reclaim: 0.1 ms]
      [Free CSet: 0.5 ms]
   [Eden: 31.0M(31.0M)->0.0B(44.0M) Survivors: 20.0M->7168.0K Heap: 746.1M(1024.0M)->624.4M(1024.0M)]
 [Times: user=0.22 sys=0.01, real=0.02 secs] 
5.408: [GC pause (G1 Evacuation Pause) (mixed), 0.0152913 secs]
   [Parallel Time: 13.4 ms, GC Workers: 18]
      [GC Worker Start (ms): Min: 5408.1, Avg: 5408.3, Max: 5408.5, Diff: 0.4]
      [Ext Root Scanning (ms): Min: 0.0, Avg: 0.2, Max: 0.3, Diff: 0.3, Sum: 2.8]
      [Update RS (ms): Min: 0.9, Avg: 1.1, Max: 1.3, Diff: 0.4, Sum: 20.5]
         [Processed Buffers: Min: 3, Avg: 4.0, Max: 7, Diff: 4, Sum: 72]
      [Scan RS (ms): Min: 0.0, Avg: 0.1, Max: 0.2, Diff: 0.2, Sum: 0.9]
      [Code Root Scanning (ms): Min: 0.0, Avg: 0.0, Max: 0.0, Diff: 0.0, Sum: 0.0]
      [Object Copy (ms): Min: 11.4, Avg: 11.5, Max: 11.7, Diff: 0.3, Sum: 207.3]
      [Termination (ms): Min: 0.0, Avg: 0.1, Max: 0.3, Diff: 0.3, Sum: 1.9]
         [Termination Attempts: Min: 1, Avg: 1.0, Max: 1, Diff: 0, Sum: 18]
      [GC Worker Other (ms): Min: 0.0, Avg: 0.0, Max: 0.0, Diff: 0.0, Sum: 0.4]
      [GC Worker Total (ms): Min: 12.8, Avg: 13.0, Max: 13.2, Diff: 0.4, Sum: 233.8]
      [GC Worker End (ms): Min: 5421.3, Avg: 5421.3, Max: 5421.3, Diff: 0.0]
   [Code Root Fixup: 0.0 ms]
   [Code Root Purge: 0.0 ms]
   [Clear CT: 0.3 ms]
   [Other: 1.6 ms]
      [Choose CSet: 0.1 ms]
      [Ref Proc: 0.3 ms]
      [Ref Enq: 0.0 ms]
      [Redirty Cards: 0.3 ms]
      [Humongous Register: 0.2 ms]
      [Humongous Reclaim: 0.1 ms]
      [Free CSet: 0.4 ms]
   [Eden: 44.0M(44.0M)->0.0B(44.0M) Survivors: 7168.0K->7168.0K Heap: 674.9M(1024.0M)->556.8M(1024.0M)]
 [Times: user=0.22 sys=0.01, real=0.02 secs] 
5.438: [GC pause (G1 Evacuation Pause) (mixed), 0.0189114 secs]
   [Parallel Time: 17.1 ms, GC Workers: 18]
      [GC Worker Start (ms): Min: 5438.1, Avg: 5438.3, Max: 5438.6, Diff: 0.5]
      [Ext Root Scanning (ms): Min: 0.0, Avg: 0.1, Max: 0.3, Diff: 0.3, Sum: 1.9]
      [Update RS (ms): Min: 1.5, Avg: 1.7, Max: 1.9, Diff: 0.5, Sum: 31.1]
         [Processed Buffers: Min: 4, Avg: 5.6, Max: 7, Diff: 3, Sum: 100]
      [Scan RS (ms): Min: 0.0, Avg: 0.0, Max: 0.1, Diff: 0.1, Sum: 0.9]
      [Code Root Scanning (ms): Min: 0.0, Avg: 0.0, Max: 0.0, Diff: 0.0, Sum: 0.0]
      [Object Copy (ms): Min: 14.2, Avg: 14.5, Max: 15.0, Diff: 0.8, Sum: 260.7]
      [Termination (ms): Min: 0.0, Avg: 0.2, Max: 0.4, Diff: 0.4, Sum: 4.5]
         [Termination Attempts: Min: 1, Avg: 1.2, Max: 4, Diff: 3, Sum: 21]
      [GC Worker Other (ms): Min: 0.0, Avg: 0.0, Max: 0.1, Diff: 0.1, Sum: 0.5]
      [GC Worker Total (ms): Min: 16.4, Avg: 16.6, Max: 16.9, Diff: 0.5, Sum: 299.6]
      [GC Worker End (ms): Min: 5454.9, Avg: 5455.0, Max: 5455.0, Diff: 0.0]
   [Code Root Fixup: 0.0 ms]
   [Code Root Purge: 0.0 ms]
   [Clear CT: 0.2 ms]
   [Other: 1.6 ms]
      [Choose CSet: 0.1 ms]
      [Ref Proc: 0.3 ms]
      [Ref Enq: 0.0 ms]
      [Redirty Cards: 0.3 ms]
      [Humongous Register: 0.2 ms]
      [Humongous Reclaim: 0.1 ms]
      [Free CSet: 0.4 ms]
   [Eden: 44.0M(44.0M)->0.0B(44.0M) Survivors: 7168.0K->7168.0K Heap: 610.9M(1024.0M)->504.3M(1024.0M)]
 [Times: user=0.30 sys=0.00, real=0.02 secs] 
5.470: [GC pause (G1 Evacuation Pause) (mixed), 0.0139068 secs]
   [Parallel Time: 12.4 ms, GC Workers: 18]
      [GC Worker Start (ms): Min: 5470.6, Avg: 5470.8, Max: 5471.0, Diff: 0.4]
      [Ext Root Scanning (ms): Min: 0.0, Avg: 0.2, Max: 0.4, Diff: 0.3, Sum: 2.8]
      [Update RS (ms): Min: 0.9, Avg: 1.2, Max: 1.4, Diff: 0.4, Sum: 22.0]
         [Processed Buffers: Min: 3, Avg: 4.0, Max: 6, Diff: 3, Sum: 72]
      [Scan RS (ms): Min: 0.0, Avg: 0.0, Max: 0.1, Diff: 0.1, Sum: 0.4]
      [Code Root Scanning (ms): Min: 0.0, Avg: 0.0, Max: 0.0, Diff: 0.0, Sum: 0.0]
      [Object Copy (ms): Min: 9.8, Avg: 10.3, Max: 10.7, Diff: 0.8, Sum: 184.6]
      [Termination (ms): Min: 0.0, Avg: 0.4, Max: 0.8, Diff: 0.8, Sum: 7.1]
         [Termination Attempts: Min: 1, Avg: 1.0, Max: 1, Diff: 0, Sum: 18]
      [GC Worker Other (ms): Min: 0.0, Avg: 0.0, Max: 0.0, Diff: 0.0, Sum: 0.4]
      [GC Worker Total (ms): Min: 11.9, Avg: 12.1, Max: 12.3, Diff: 0.4, Sum: 217.4]
      [GC Worker End (ms): Min: 5482.9, Avg: 5482.9, Max: 5482.9, Diff: 0.0]
   [Code Root Fixup: 0.0 ms]
   [Code Root Purge: 0.0 ms]
   [Clear CT: 0.2 ms]
   [Other: 1.2 ms]
      [Choose CSet: 0.0 ms]
      [Ref Proc: 0.3 ms]
      [Ref Enq: 0.0 ms]
      [Redirty Cards: 0.3 ms]
      [Humongous Register: 0.2 ms]
      [Humongous Reclaim: 0.1 ms]
      [Free CSet: 0.2 ms]
   [Eden: 44.0M(44.0M)->0.0B(279.0M) Survivors: 7168.0K->7168.0K Heap: 554.9M(1024.0M)->503.7M(1024.0M)]
 [Times: user=0.21 sys=0.01, real=0.02 secs] 
5.485: [GC pause (G1 Humongous Allocation) (young) (initial-mark), 0.0040800 secs]
   [Parallel Time: 2.9 ms, GC Workers: 18]
      [GC Worker Start (ms): Min: 5485.1, Avg: 5485.2, Max: 5485.3, Diff: 0.2]
      [Ext Root Scanning (ms): Min: 0.1, Avg: 0.2, Max: 0.3, Diff: 0.2, Sum: 3.8]
      [Update RS (ms): Min: 0.0, Avg: 0.2, Max: 0.6, Diff: 0.6, Sum: 4.2]
         [Processed Buffers: Min: 0, Avg: 1.1, Max: 2, Diff: 2, Sum: 19]
      [Scan RS (ms): Min: 0.0, Avg: 0.0, Max: 0.0, Diff: 0.0, Sum: 0.1]
      [Code Root Scanning (ms): Min: 0.0, Avg: 0.0, Max: 0.0, Diff: 0.0, Sum: 0.0]
      [Object Copy (ms): Min: 1.2, Avg: 1.8, Max: 2.2, Diff: 1.0, Sum: 33.1]
      [Termination (ms): Min: 0.0, Avg: 0.3, Max: 0.6, Diff: 0.6, Sum: 5.4]
         [Termination Attempts: Min: 1, Avg: 1.1, Max: 2, Diff: 1, Sum: 20]
      [GC Worker Other (ms): Min: 0.0, Avg: 0.0, Max: 0.0, Diff: 0.0, Sum: 0.3]
      [GC Worker Total (ms): Min: 2.5, Avg: 2.6, Max: 2.7, Diff: 0.2, Sum: 46.8]
      [GC Worker End (ms): Min: 5487.8, Avg: 5487.8, Max: 5487.9, Diff: 0.0]
   [Code Root Fixup: 0.0 ms]
   [Code Root Purge: 0.0 ms]
   [Clear CT: 0.2 ms]
   [Other: 1.0 ms]
      [Choose CSet: 0.0 ms]
      [Ref Proc: 0.3 ms]
      [Ref Enq: 0.0 ms]
      [Redirty Cards: 0.2 ms]
      [Humongous Register: 0.2 ms]
      [Humongous Reclaim: 0.0 ms]
      [Free CSet: 0.0 ms]
   [Eden: 2048.0K(279.0M)->0.0B(265.0M) Survivors: 7168.0K->9216.0K Heap: 505.6M(1024.0M)->505.6M(1024.0M)]
 [Times: user=0.05 sys=0.00, real=0.00 secs] 
5.489: [GC concurrent-root-region-scan-start]
5.489: [GC concurrent-root-region-scan-end, 0.0001180 secs]
5.489: [GC concurrent-mark-start]
5.491: [GC concurrent-mark-end, 0.0022433 secs]
5.491: [GC remark 5.491: [Finalize Marking, 0.0004608 secs] 5.492: [GC ref-proc, 0.0003969 secs] 5.492: [Unloading, 0.0010563 secs], 0.0028427 secs]
 [Times: user=0.02 sys=0.00, real=0.01 secs] 
5.494: [GC cleanup 514M->512M(1024M), 0.0017148 secs]
 [Times: user=0.02 sys=0.00, real=0.00 secs] 
5.496: [GC concurrent-cleanup-start]
5.496: [GC concurrent-cleanup-end, 0.0000285 secs]
5.588: [GC pause (G1 Evacuation Pause) (young), 0.0389055 secs]
   [Parallel Time: 36.7 ms, GC Workers: 18]
      [GC Worker Start (ms): Min: 5588.8, Avg: 5589.1, Max: 5589.3, Diff: 0.5]
      [Ext Root Scanning (ms): Min: 0.0, Avg: 0.2, Max: 0.4, Diff: 0.4, Sum: 3.0]
      [Update RS (ms): Min: 8.5, Avg: 9.0, Max: 13.6, Diff: 5.1, Sum: 162.8]
         [Processed Buffers: Min: 15, Avg: 25.6, Max: 29, Diff: 14, Sum: 460]
      [Scan RS (ms): Min: 0.0, Avg: 0.1, Max: 0.4, Diff: 0.4, Sum: 1.9]
      [Code Root Scanning (ms): Min: 0.0, Avg: 0.0, Max: 0.0, Diff: 0.0, Sum: 0.0]
      [Object Copy (ms): Min: 22.1, Avg: 26.4, Max: 27.3, Diff: 5.2, Sum: 475.3]
      [Termination (ms): Min: 0.0, Avg: 0.5, Max: 0.9, Diff: 0.9, Sum: 8.7]
         [Termination Attempts: Min: 1, Avg: 1.0, Max: 1, Diff: 0, Sum: 18]
      [GC Worker Other (ms): Min: 0.0, Avg: 0.0, Max: 0.1, Diff: 0.1, Sum: 0.6]
      [GC Worker Total (ms): Min: 36.0, Avg: 36.2, Max: 36.5, Diff: 0.5, Sum: 652.2]
      [GC Worker End (ms): Min: 5625.3, Avg: 5625.3, Max: 5625.3, Diff: 0.0]
   [Code Root Fixup: 0.0 ms]
   [Code Root Purge: 0.0 ms]
   [Clear CT: 0.4 ms]
   [Other: 1.8 ms]
      [Choose CSet: 0.0 ms]
      [Ref Proc: 0.3 ms]
      [Ref Enq: 0.0 ms]
      [Redirty Cards: 0.2 ms]
      [Humongous Register: 0.3 ms]
      [Humongous Reclaim: 0.4 ms]
      [Free CSet: 0.5 ms]
   [Eden: 265.0M(265.0M)->0.0B(16.0M) Survivors: 9216.0K->35.0M Heap: 824.9M(1024.0M)->572.6M(1024.0M)]
 [Times: user=0.63 sys=0.01, real=0.04 secs] 
5.637: [GC pause (G1 Evacuation Pause) (mixed), 0.0238605 secs]
   [Parallel Time: 22.0 ms, GC Workers: 18]
      [GC Worker Start (ms): Min: 5637.9, Avg: 5638.1, Max: 5638.3, Diff: 0.4]
      [Ext Root Scanning (ms): Min: 0.0, Avg: 0.2, Max: 0.4, Diff: 0.4, Sum: 2.9]
      [Update RS (ms): Min: 0.7, Avg: 0.9, Max: 1.0, Diff: 0.2, Sum: 15.5]
         [Processed Buffers: Min: 2, Avg: 3.2, Max: 4, Diff: 2, Sum: 58]
      [Scan RS (ms): Min: 0.0, Avg: 0.1, Max: 0.2, Diff: 0.2, Sum: 2.0]
      [Code Root Scanning (ms): Min: 0.0, Avg: 0.0, Max: 0.0, Diff: 0.0, Sum: 0.0]
      [Object Copy (ms): Min: 19.5, Avg: 19.8, Max: 20.3, Diff: 0.8, Sum: 356.9]
      [Termination (ms): Min: 0.0, Avg: 0.5, Max: 0.8, Diff: 0.8, Sum: 9.3]
         [Termination Attempts: Min: 1, Avg: 1.0, Max: 1, Diff: 0, Sum: 18]
      [GC Worker Other (ms): Min: 0.0, Avg: 0.0, Max: 0.0, Diff: 0.0, Sum: 0.4]
      [GC Worker Total (ms): Min: 21.3, Avg: 21.5, Max: 21.7, Diff: 0.4, Sum: 387.0]
      [GC Worker End (ms): Min: 5659.6, Avg: 5659.6, Max: 5659.6, Diff: 0.0]
   [Code Root Fixup: 0.0 ms]
   [Code Root Purge: 0.0 ms]
   [Clear CT: 0.3 ms]
   [Other: 1.6 ms]
      [Choose CSet: 0.1 ms]
      [Ref Proc: 0.3 ms]
      [Ref Enq: 0.0 ms]
      [Redirty Cards: 0.2 ms]
      [Humongous Register: 0.3 ms]
      [Humongous Reclaim: 0.1 ms]
      [Free CSet: 0.4 ms]
   [Eden: 16.0M(16.0M)->0.0B(45.0M) Survivors: 35.0M->6144.0K Heap: 593.6M(1024.0M)->507.6M(1024.0M)]
 [Times: user=0.30 sys=0.09, real=0.02 secs] 
5.680: [GC pause (G1 Evacuation Pause) (mixed), 0.0135665 secs]
   [Parallel Time: 12.1 ms, GC Workers: 18]
      [GC Worker Start (ms): Min: 5679.9, Avg: 5680.0, Max: 5680.2, Diff: 0.3]
      [Ext Root Scanning (ms): Min: 0.0, Avg: 0.2, Max: 0.3, Diff: 0.3, Sum: 2.9]
      [Update RS (ms): Min: 1.8, Avg: 2.0, Max: 2.1, Diff: 0.3, Sum: 36.8]
         [Processed Buffers: Min: 5, Avg: 6.4, Max: 8, Diff: 3, Sum: 115]
      [Scan RS (ms): Min: 0.0, Avg: 0.1, Max: 0.3, Diff: 0.3, Sum: 0.9]
      [Code Root Scanning (ms): Min: 0.0, Avg: 0.0, Max: 0.0, Diff: 0.0, Sum: 0.0]
      [Object Copy (ms): Min: 8.8, Avg: 9.0, Max: 9.4, Diff: 0.6, Sum: 161.8]
      [Termination (ms): Min: 0.0, Avg: 0.4, Max: 0.6, Diff: 0.6, Sum: 7.7]
         [Termination Attempts: Min: 1, Avg: 1.1, Max: 2, Diff: 1, Sum: 19]
      [GC Worker Other (ms): Min: 0.0, Avg: 0.0, Max: 0.0, Diff: 0.0, Sum: 0.3]
      [GC Worker Total (ms): Min: 11.6, Avg: 11.7, Max: 11.8, Diff: 0.3, Sum: 210.5]
      [GC Worker End (ms): Min: 5691.7, Avg: 5691.7, Max: 5691.7, Diff: 0.0]
   [Code Root Fixup: 0.0 ms]
   [Code Root Purge: 0.0 ms]
   [Clear CT: 0.2 ms]
   [Other: 1.2 ms]
      [Choose CSet: 0.0 ms]
      [Ref Proc: 0.2 ms]
      [Ref Enq: 0.0 ms]
      [Redirty Cards: 0.3 ms]
      [Humongous Register: 0.2 ms]
      [Humongous Reclaim: 0.1 ms]
      [Free CSet: 0.2 ms]
   [Eden: 45.0M(45.0M)->0.0B(270.0M) Survivors: 6144.0K->7168.0K Heap: 564.5M(1024.0M)->503.3M(1024.0M)]
 [Times: user=0.15 sys=0.06, real=0.02 secs] 
5.695: [GC pause (G1 Humongous Allocation) (young) (initial-mark), 0.0038165 secs]
   [Parallel Time: 2.5 ms, GC Workers: 18]
      [GC Worker Start (ms): Min: 5695.5, Avg: 5695.7, Max: 5695.8, Diff: 0.4]
      [Ext Root Scanning (ms): Min: 0.0, Avg: 0.2, Max: 0.4, Diff: 0.4, Sum: 4.2]
      [Update RS (ms): Min: 0.0, Avg: 0.3, Max: 0.9, Diff: 0.9, Sum: 4.7]
         [Processed Buffers: Min: 0, Avg: 1.1, Max: 2, Diff: 2, Sum: 19]
      [Scan RS (ms): Min: 0.0, Avg: 0.0, Max: 0.0, Diff: 0.0, Sum: 0.1]
      [Code Root Scanning (ms): Min: 0.0, Avg: 0.0, Max: 0.0, Diff: 0.0, Sum: 0.0]
      [Object Copy (ms): Min: 0.5, Avg: 1.3, Max: 1.8, Diff: 1.3, Sum: 22.9]
      [Termination (ms): Min: 0.0, Avg: 0.3, Max: 0.5, Diff: 0.5, Sum: 5.6]
         [Termination Attempts: Min: 1, Avg: 1.1, Max: 2, Diff: 1, Sum: 19]
      [GC Worker Other (ms): Min: 0.0, Avg: 0.0, Max: 0.0, Diff: 0.0, Sum: 0.3]
      [GC Worker Total (ms): Min: 1.9, Avg: 2.1, Max: 2.3, Diff: 0.4, Sum: 37.9]
      [GC Worker End (ms): Min: 5697.8, Avg: 5697.8, Max: 5697.8, Diff: 0.0]
   [Code Root Fixup: 0.0 ms]
   [Code Root Purge: 0.0 ms]
   [Clear CT: 0.2 ms]
   [Other: 1.1 ms]
      [Choose CSet: 0.0 ms]
      [Ref Proc: 0.3 ms]
      [Ref Enq: 0.0 ms]
      [Redirty Cards: 0.2 ms]
      [Humongous Register: 0.2 ms]
      [Humongous Reclaim: 0.0 ms]
      [Free CSet: 0.0 ms]
   [Eden: 6144.0K(270.0M)->0.0B(283.0M) Survivors: 7168.0K->8192.0K Heap: 508.6M(1024.0M)->503.1M(1024.0M)]
 [Times: user=0.03 sys=0.01, real=0.00 secs] 
5.699: [GC concurrent-root-region-scan-start]
5.699: [GC concurrent-root-region-scan-end, 0.0001600 secs]
5.699: [GC concurrent-mark-start]
5.702: [GC concurrent-mark-end, 0.0026451 secs]
5.702: [GC remark 5.702: [Finalize Marking, 0.0005134 secs] 5.703: [GC ref-proc, 0.0004063 secs] 5.703: [Unloading, 0.0010248 secs], 0.0028791 secs]
 [Times: user=0.02 sys=0.01, real=0.00 secs] 
5.705: [GC cleanup 513M->509M(1024M), 0.0017930 secs]
 [Times: user=0.01 sys=0.00, real=0.00 secs] 
5.707: [GC concurrent-cleanup-start]
5.707: [GC concurrent-cleanup-end, 0.0000292 secs]
5.815: [GC pause (G1 Evacuation Pause) (young) (to-space exhausted), 0.0453250 secs]
   [Parallel Time: 42.4 ms, GC Workers: 18]
      [GC Worker Start (ms): Min: 5815.9, Avg: 5816.3, Max: 5816.5, Diff: 0.6]
      [Ext Root Scanning (ms): Min: 0.0, Avg: 0.3, Max: 0.6, Diff: 0.6, Sum: 4.9]
      [Update RS (ms): Min: 12.6, Avg: 12.7, Max: 12.8, Diff: 0.2, Sum: 227.8]
         [Processed Buffers: Min: 31, Avg: 34.9, Max: 40, Diff: 9, Sum: 628]
      [Scan RS (ms): Min: 0.0, Avg: 0.1, Max: 0.1, Diff: 0.1, Sum: 1.4]
      [Code Root Scanning (ms): Min: 0.0, Avg: 0.0, Max: 0.0, Diff: 0.0, Sum: 0.0]
      [Object Copy (ms): Min: 21.1, Avg: 21.8, Max: 28.8, Diff: 7.7, Sum: 391.9]
      [Termination (ms): Min: 0.0, Avg: 7.0, Max: 7.5, Diff: 7.5, Sum: 125.7]
         [Termination Attempts: Min: 1, Avg: 1.0, Max: 1, Diff: 0, Sum: 18]
      [GC Worker Other (ms): Min: 0.0, Avg: 0.1, Max: 0.1, Diff: 0.1, Sum: 0.9]
      [GC Worker Total (ms): Min: 41.5, Avg: 41.8, Max: 42.1, Diff: 0.6, Sum: 752.6]
      [GC Worker End (ms): Min: 5858.0, Avg: 5858.1, Max: 5858.1, Diff: 0.1]
   [Code Root Fixup: 0.0 ms]
   [Code Root Purge: 0.0 ms]
   [Clear CT: 0.3 ms]
   [Other: 2.6 ms]
      [Evacuation Failure: 0.4 ms]
      [Choose CSet: 0.0 ms]
      [Ref Proc: 0.3 ms]
      [Ref Enq: 0.0 ms]
      [Redirty Cards: 0.2 ms]
      [Humongous Register: 0.5 ms]
      [Humongous Reclaim: 0.5 ms]
      [Free CSet: 0.4 ms]
   [Eden: 283.0M(283.0M)->0.0B(14.0M) Survivors: 8192.0K->37.0M Heap: 859.6M(1024.0M)->648.2M(1024.0M)]
 [Times: user=0.74 sys=0.01, real=0.04 secs] 
5.865: [GC pause (G1 Evacuation Pause) (mixed), 0.0216937 secs]
   [Parallel Time: 19.9 ms, GC Workers: 18]
      [GC Worker Start (ms): Min: 5865.6, Avg: 5865.8, Max: 5866.0, Diff: 0.4]
      [Ext Root Scanning (ms): Min: 0.0, Avg: 0.2, Max: 0.4, Diff: 0.4, Sum: 2.9]
      [Update RS (ms): Min: 0.4, Avg: 0.5, Max: 0.6, Diff: 0.2, Sum: 9.0]
         [Processed Buffers: Min: 2, Avg: 2.8, Max: 5, Diff: 3, Sum: 51]
      [Scan RS (ms): Min: 0.0, Avg: 0.1, Max: 0.2, Diff: 0.2, Sum: 1.5]
      [Code Root Scanning (ms): Min: 0.0, Avg: 0.0, Max: 0.0, Diff: 0.0, Sum: 0.0]
      [Object Copy (ms): Min: 18.0, Avg: 18.3, Max: 18.7, Diff: 0.7, Sum: 328.6]
      [Termination (ms): Min: 0.0, Avg: 0.5, Max: 0.7, Diff: 0.7, Sum: 8.5]
         [Termination Attempts: Min: 1, Avg: 1.0, Max: 1, Diff: 0, Sum: 18]
      [GC Worker Other (ms): Min: 0.0, Avg: 0.0, Max: 0.0, Diff: 0.0, Sum: 0.3]
      [GC Worker Total (ms): Min: 19.3, Avg: 19.5, Max: 19.7, Diff: 0.4, Sum: 350.8]
      [GC Worker End (ms): Min: 5885.3, Avg: 5885.3, Max: 5885.3, Diff: 0.0]
   [Code Root Fixup: 0.0 ms]
   [Code Root Purge: 0.0 ms]
   [Clear CT: 0.2 ms]
   [Other: 1.5 ms]
      [Choose CSet: 0.1 ms]
      [Ref Proc: 0.2 ms]
      [Ref Enq: 0.0 ms]
      [Redirty Cards: 0.3 ms]
      [Humongous Register: 0.3 ms]
      [Humongous Reclaim: 0.1 ms]
      [Free CSet: 0.4 ms]
   [Eden: 14.0M(14.0M)->0.0B(46.0M) Survivors: 37.0M->5120.0K Heap: 664.7M(1024.0M)->575.4M(1024.0M)]
 [Times: user=0.19 sys=0.17, real=0.02 secs] 
5.905: [GC pause (G1 Evacuation Pause) (mixed), 0.0126445 secs]
   [Parallel Time: 11.2 ms, GC Workers: 18]
      [GC Worker Start (ms): Min: 5905.7, Avg: 5905.9, Max: 5906.2, Diff: 0.5]
      [Ext Root Scanning (ms): Min: 0.0, Avg: 0.1, Max: 0.4, Diff: 0.4, Sum: 2.4]
      [Update RS (ms): Min: 2.0, Avg: 2.3, Max: 2.6, Diff: 0.5, Sum: 40.9]
         [Processed Buffers: Min: 6, Avg: 6.9, Max: 8, Diff: 2, Sum: 125]
      [Scan RS (ms): Min: 0.0, Avg: 0.0, Max: 0.1, Diff: 0.1, Sum: 0.4]
      [Code Root Scanning (ms): Min: 0.0, Avg: 0.0, Max: 0.0, Diff: 0.0, Sum: 0.0]
      [Object Copy (ms): Min: 7.5, Avg: 8.0, Max: 8.4, Diff: 0.9, Sum: 143.2]
      [Termination (ms): Min: 0.0, Avg: 0.4, Max: 0.6, Diff: 0.6, Sum: 7.8]
         [Termination Attempts: Min: 1, Avg: 1.1, Max: 2, Diff: 1, Sum: 19]
      [GC Worker Other (ms): Min: 0.0, Avg: 0.0, Max: 0.0, Diff: 0.0, Sum: 0.3]
      [GC Worker Total (ms): Min: 10.6, Avg: 10.8, Max: 11.1, Diff: 0.5, Sum: 195.1]
      [GC Worker End (ms): Min: 5916.8, Avg: 5916.8, Max: 5916.8, Diff: 0.0]
   [Code Root Fixup: 0.0 ms]
   [Code Root Purge: 0.0 ms]
   [Clear CT: 0.2 ms]
   [Other: 1.2 ms]
      [Choose CSet: 0.0 ms]
      [Ref Proc: 0.2 ms]
      [Ref Enq: 0.0 ms]
      [Redirty Cards: 0.3 ms]
      [Humongous Register: 0.2 ms]
      [Humongous Reclaim: 0.1 ms]
      [Free CSet: 0.2 ms]
   [Eden: 46.0M(46.0M)->0.0B(227.0M) Survivors: 5120.0K->7168.0K Heap: 634.6M(1024.0M)->572.6M(1024.0M)]
 [Times: user=0.14 sys=0.05, real=0.01 secs] 
5.919: [GC pause (G1 Humongous Allocation) (young) (initial-mark), 0.0037227 secs]
   [Parallel Time: 2.5 ms, GC Workers: 18]
      [GC Worker Start (ms): Min: 5919.3, Avg: 5919.5, Max: 5919.6, Diff: 0.3]
      [Ext Root Scanning (ms): Min: 0.0, Avg: 0.2, Max: 0.4, Diff: 0.4, Sum: 3.9]
      [Update RS (ms): Min: 0.0, Avg: 0.2, Max: 0.9, Diff: 0.9, Sum: 3.8]
         [Processed Buffers: Min: 0, Avg: 0.9, Max: 3, Diff: 3, Sum: 17]
      [Scan RS (ms): Min: 0.0, Avg: 0.0, Max: 0.0, Diff: 0.0, Sum: 0.1]
      [Code Root Scanning (ms): Min: 0.0, Avg: 0.0, Max: 0.0, Diff: 0.0, Sum: 0.0]
      [Object Copy (ms): Min: 0.8, Avg: 1.5, Max: 1.8, Diff: 1.0, Sum: 27.0]
      [Termination (ms): Min: 0.0, Avg: 0.2, Max: 0.4, Diff: 0.4, Sum: 3.9]
         [Termination Attempts: Min: 1, Avg: 1.3, Max: 2, Diff: 1, Sum: 23]
      [GC Worker Other (ms): Min: 0.0, Avg: 0.0, Max: 0.0, Diff: 0.0, Sum: 0.2]
      [GC Worker Total (ms): Min: 2.0, Avg: 2.2, Max: 2.3, Diff: 0.4, Sum: 38.9]
      [GC Worker End (ms): Min: 5921.6, Avg: 5921.7, Max: 5921.7, Diff: 0.0]
   [Code Root Fixup: 0.0 ms]
   [Code Root Purge: 0.0 ms]
   [Clear CT: 0.3 ms]
   [Other: 0.9 ms]
      [Choose CSet: 0.0 ms]
      [Ref Proc: 0.2 ms]
      [Ref Enq: 0.0 ms]
      [Redirty Cards: 0.2 ms]
      [Humongous Register: 0.2 ms]
      [Humongous Reclaim: 0.0 ms]
      [Free CSet: 0.0 ms]
   [Eden: 2048.0K(227.0M)->0.0B(222.0M) Survivors: 7168.0K->8192.0K Heap: 574.4M(1024.0M)->573.4M(1024.0M)]
 [Times: user=0.04 sys=0.00, real=0.01 secs] 
5.923: [GC concurrent-root-region-scan-start]
5.923: [GC concurrent-root-region-scan-end, 0.0001252 secs]
5.923: [GC concurrent-mark-start]
5.925: [GC concurrent-mark-end, 0.0026096 secs]
5.926: [GC remark 5.926: [Finalize Marking, 0.0003281 secs] 5.926: [GC ref-proc, 0.0003968 secs] 5.926: [Unloading, 0.0010135 secs], 0.0025729 secs]
 [Times: user=0.02 sys=0.01, real=0.00 secs] 
5.928: [GC cleanup 582M->576M(1024M), 0.0017033 secs]
 [Times: user=0.02 sys=0.00, real=0.00 secs] 
5.930: [GC concurrent-cleanup-start]
5.930: [GC concurrent-cleanup-end, 0.0000350 secs]
6.020: [GC pause (G1 Evacuation Pause) (young), 0.0327788 secs]
   [Parallel Time: 30.8 ms, GC Workers: 18]
      [GC Worker Start (ms): Min: 6020.4, Avg: 6020.6, Max: 6020.9, Diff: 0.4]
      [Ext Root Scanning (ms): Min: 0.0, Avg: 0.1, Max: 0.3, Diff: 0.3, Sum: 2.3]
      [Update RS (ms): Min: 9.6, Avg: 9.9, Max: 10.1, Diff: 0.6, Sum: 178.0]
         [Processed Buffers: Min: 27, Avg: 29.2, Max: 34, Diff: 7, Sum: 526]
      [Scan RS (ms): Min: 0.0, Avg: 0.1, Max: 0.2, Diff: 0.1, Sum: 1.1]
      [Code Root Scanning (ms): Min: 0.0, Avg: 0.0, Max: 0.0, Diff: 0.0, Sum: 0.0]
      [Object Copy (ms): Min: 19.6, Avg: 20.0, Max: 20.3, Diff: 0.7, Sum: 360.5]
      [Termination (ms): Min: 0.0, Avg: 0.2, Max: 0.4, Diff: 0.4, Sum: 3.0]
         [Termination Attempts: Min: 1, Avg: 1.0, Max: 1, Diff: 0, Sum: 18]
      [GC Worker Other (ms): Min: 0.0, Avg: 0.0, Max: 0.1, Diff: 0.1, Sum: 0.7]
      [GC Worker Total (ms): Min: 30.1, Avg: 30.3, Max: 30.5, Diff: 0.4, Sum: 545.6]
      [GC Worker End (ms): Min: 6050.9, Avg: 6051.0, Max: 6051.0, Diff: 0.0]
   [Code Root Fixup: 0.0 ms]
   [Code Root Purge: 0.0 ms]
   [Clear CT: 0.2 ms]
   [Other: 1.8 ms]
      [Choose CSet: 0.0 ms]
      [Ref Proc: 0.2 ms]
      [Ref Enq: 0.0 ms]
      [Redirty Cards: 0.3 ms]
      [Humongous Register: 0.3 ms]
      [Humongous Reclaim: 0.4 ms]
      [Free CSet: 0.4 ms]
   [Eden: 222.0M(222.0M)->0.0B(22.0M) Survivors: 8192.0K->29.0M Heap: 853.4M(1024.0M)->630.6M(1024.0M)]
 [Times: user=0.51 sys=0.03, real=0.04 secs] 
6.062: [GC pause (G1 Evacuation Pause) (mixed), 0.0164839 secs]
   [Parallel Time: 14.8 ms, GC Workers: 18]
      [GC Worker Start (ms): Min: 6062.1, Avg: 6062.3, Max: 6062.5, Diff: 0.4]
      [Ext Root Scanning (ms): Min: 0.0, Avg: 0.2, Max: 0.4, Diff: 0.4, Sum: 2.7]
      [Update RS (ms): Min: 0.8, Avg: 0.9, Max: 1.0, Diff: 0.2, Sum: 16.1]
         [Processed Buffers: Min: 3, Avg: 3.2, Max: 4, Diff: 1, Sum: 58]
      [Scan RS (ms): Min: 0.0, Avg: 0.1, Max: 0.1, Diff: 0.1, Sum: 1.0]
      [Code Root Scanning (ms): Min: 0.0, Avg: 0.0, Max: 0.0, Diff: 0.0, Sum: 0.0]
      [Object Copy (ms): Min: 13.0, Avg: 13.1, Max: 13.3, Diff: 0.2, Sum: 236.0]
      [Termination (ms): Min: 0.0, Avg: 0.1, Max: 0.3, Diff: 0.3, Sum: 2.7]
         [Termination Attempts: Min: 1, Avg: 1.2, Max: 3, Diff: 2, Sum: 21]
      [GC Worker Other (ms): Min: 0.0, Avg: 0.0, Max: 0.1, Diff: 0.0, Sum: 0.5]
      [GC Worker Total (ms): Min: 14.2, Avg: 14.4, Max: 14.6, Diff: 0.5, Sum: 258.9]
      [GC Worker End (ms): Min: 6076.7, Avg: 6076.7, Max: 6076.7, Diff: 0.0]
   [Code Root Fixup: 0.0 ms]
   [Code Root Purge: 0.0 ms]
   [Clear CT: 0.2 ms]
   [Other: 1.4 ms]
      [Choose CSet: 0.1 ms]
      [Ref Proc: 0.2 ms]
      [Ref Enq: 0.0 ms]
      [Redirty Cards: 0.2 ms]
      [Humongous Register: 0.2 ms]
      [Humongous Reclaim: 0.1 ms]
      [Free CSet: 0.4 ms]
   [Eden: 22.0M(22.0M)->0.0B(44.0M) Survivors: 29.0M->7168.0K Heap: 657.5M(1024.0M)->544.3M(1024.0M)]
 [Times: user=0.22 sys=0.04, real=0.02 secs] 
6.097: [GC pause (G1 Evacuation Pause) (mixed), 0.0307508 secs]
   [Parallel Time: 28.8 ms, GC Workers: 18]
      [GC Worker Start (ms): Min: 6097.7, Avg: 6097.9, Max: 6098.1, Diff: 0.4]
      [Ext Root Scanning (ms): Min: 0.0, Avg: 0.2, Max: 0.4, Diff: 0.4, Sum: 3.2]
      [Update RS (ms): Min: 3.0, Avg: 3.1, Max: 3.2, Diff: 0.2, Sum: 56.3]
         [Processed Buffers: Min: 8, Avg: 9.8, Max: 11, Diff: 3, Sum: 177]
      [Scan RS (ms): Min: 0.0, Avg: 0.1, Max: 0.2, Diff: 0.2, Sum: 1.2]
      [Code Root Scanning (ms): Min: 0.0, Avg: 0.0, Max: 0.0, Diff: 0.0, Sum: 0.0]
      [Object Copy (ms): Min: 16.1, Avg: 16.8, Max: 24.9, Diff: 8.9, Sum: 301.6]
      [Termination (ms): Min: 0.0, Avg: 8.2, Max: 8.9, Diff: 8.9, Sum: 147.4]
         [Termination Attempts: Min: 1, Avg: 1.0, Max: 1, Diff: 0, Sum: 18]
      [GC Worker Other (ms): Min: 0.0, Avg: 0.0, Max: 0.0, Diff: 0.0, Sum: 0.3]
      [GC Worker Total (ms): Min: 28.1, Avg: 28.3, Max: 28.6, Diff: 0.4, Sum: 510.0]
      [GC Worker End (ms): Min: 6126.2, Avg: 6126.2, Max: 6126.3, Diff: 0.0]
   [Code Root Fixup: 0.0 ms]
   [Code Root Purge: 0.0 ms]
   [Clear CT: 0.3 ms]
   [Other: 1.7 ms]
      [Choose CSet: 0.1 ms]
      [Ref Proc: 0.3 ms]
      [Ref Enq: 0.0 ms]
      [Redirty Cards: 0.3 ms]
      [Humongous Register: 0.3 ms]
      [Humongous Reclaim: 0.1 ms]
      [Free CSet: 0.4 ms]
   [Eden: 44.0M(44.0M)->0.0B(44.0M) Survivors: 7168.0K->7168.0K Heap: 608.0M(1024.0M)->489.4M(1024.0M)]
 [Times: user=0.40 sys=0.11, real=0.03 secs] 
6.145: [GC pause (G1 Evacuation Pause) (mixed), 0.0099777 secs]
   [Parallel Time: 8.7 ms, GC Workers: 18]
      [GC Worker Start (ms): Min: 6145.5, Avg: 6145.6, Max: 6145.7, Diff: 0.3]
      [Ext Root Scanning (ms): Min: 0.1, Avg: 0.2, Max: 0.3, Diff: 0.2, Sum: 3.6]
      [Update RS (ms): Min: 2.1, Avg: 2.4, Max: 2.6, Diff: 0.4, Sum: 42.3]
         [Processed Buffers: Min: 6, Avg: 7.1, Max: 8, Diff: 2, Sum: 128]
      [Scan RS (ms): Min: 0.0, Avg: 0.0, Max: 0.1, Diff: 0.1, Sum: 0.3]
      [Code Root Scanning (ms): Min: 0.0, Avg: 0.0, Max: 0.0, Diff: 0.0, Sum: 0.0]
      [Object Copy (ms): Min: 5.1, Avg: 5.5, Max: 5.9, Diff: 0.8, Sum: 99.4]
      [Termination (ms): Min: 0.0, Avg: 0.2, Max: 0.5, Diff: 0.4, Sum: 4.4]
         [Termination Attempts: Min: 1, Avg: 1.4, Max: 4, Diff: 3, Sum: 26]
      [GC Worker Other (ms): Min: 0.0, Avg: 0.0, Max: 0.0, Diff: 0.0, Sum: 0.4]
      [GC Worker Total (ms): Min: 8.2, Avg: 8.4, Max: 8.5, Diff: 0.3, Sum: 150.4]
      [GC Worker End (ms): Min: 6154.0, Avg: 6154.0, Max: 6154.0, Diff: 0.0]
   [Code Root Fixup: 0.0 ms]
   [Code Root Purge: 0.0 ms]
   [Clear CT: 0.2 ms]
   [Other: 1.0 ms]
      [Choose CSet: 0.0 ms]
      [Ref Proc: 0.2 ms]
      [Ref Enq: 0.0 ms]
      [Redirty Cards: 0.3 ms]
      [Humongous Register: 0.2 ms]
      [Humongous Reclaim: 0.1 ms]
      [Free CSet: 0.1 ms]
   [Eden: 44.0M(44.0M)->0.0B(273.0M) Survivors: 7168.0K->7168.0K Heap: 547.0M(1024.0M)->501.0M(1024.0M)]
 [Times: user=0.14 sys=0.00, real=0.01 secs] 
6.157: [GC pause (G1 Humongous Allocation) (young) (initial-mark), 0.0039369 secs]
   [Parallel Time: 2.6 ms, GC Workers: 18]
      [GC Worker Start (ms): Min: 6157.8, Avg: 6157.9, Max: 6158.0, Diff: 0.2]
      [Ext Root Scanning (ms): Min: 0.1, Avg: 0.2, Max: 0.3, Diff: 0.2, Sum: 3.6]
      [Update RS (ms): Min: 0.0, Avg: 0.3, Max: 1.4, Diff: 1.4, Sum: 4.6]
         [Processed Buffers: Min: 0, Avg: 0.9, Max: 2, Diff: 2, Sum: 16]
      [Scan RS (ms): Min: 0.0, Avg: 0.0, Max: 0.0, Diff: 0.0, Sum: 0.1]
      [Code Root Scanning (ms): Min: 0.0, Avg: 0.0, Max: 0.0, Diff: 0.0, Sum: 0.0]
      [Object Copy (ms): Min: 0.2, Avg: 1.5, Max: 2.0, Diff: 1.8, Sum: 26.9]
      [Termination (ms): Min: 0.0, Avg: 0.3, Max: 0.5, Diff: 0.5, Sum: 5.2]
         [Termination Attempts: Min: 1, Avg: 1.0, Max: 1, Diff: 0, Sum: 18]
      [GC Worker Other (ms): Min: 0.0, Avg: 0.0, Max: 0.0, Diff: 0.0, Sum: 0.2]
      [GC Worker Total (ms): Min: 2.1, Avg: 2.3, Max: 2.4, Diff: 0.2, Sum: 40.6]
      [GC Worker End (ms): Min: 6160.1, Avg: 6160.1, Max: 6160.1, Diff: 0.0]
   [Code Root Fixup: 0.0 ms]
   [Code Root Purge: 0.0 ms]
   [Clear CT: 0.3 ms]
   [Other: 1.1 ms]
      [Choose CSet: 0.0 ms]
      [Ref Proc: 0.3 ms]
      [Ref Enq: 0.0 ms]
      [Redirty Cards: 0.2 ms]
      [Humongous Register: 0.2 ms]
      [Humongous Reclaim: 0.0 ms]
      [Free CSet: 0.0 ms]
   [Eden: 7168.0K(273.0M)->0.0B(267.0M) Survivors: 7168.0K->9216.0K Heap: 507.4M(1024.0M)->502.4M(1024.0M)]
 [Times: user=0.05 sys=0.00, real=0.00 secs] 
6.161: [GC concurrent-root-region-scan-start]
6.162: [GC concurrent-root-region-scan-end, 0.0001344 secs]
6.162: [GC concurrent-mark-start]
6.164: [GC concurrent-mark-end, 0.0025778 secs]
6.164: [GC remark 6.164: [Finalize Marking, 0.0008691 secs] 6.165: [GC ref-proc, 0.0003991 secs] 6.166: [Unloading, 0.0009917 secs], 0.0030564 secs]
 [Times: user=0.03 sys=0.00, real=0.00 secs] 
6.168: [GC cleanup 512M->509M(1024M), 0.0017801 secs]
 [Times: user=0.01 sys=0.00, real=0.00 secs] 
6.169: [GC concurrent-cleanup-start]
6.169: [GC concurrent-cleanup-end, 0.0000250 secs]
6.275: [GC pause (G1 Evacuation Pause) (young), 0.0460678 secs]
   [Parallel Time: 43.4 ms, GC Workers: 18]
      [GC Worker Start (ms): Min: 6275.3, Avg: 6275.7, Max: 6276.0, Diff: 0.6]
      [Ext Root Scanning (ms): Min: 0.0, Avg: 0.1, Max: 0.4, Diff: 0.4, Sum: 2.0]
      [Update RS (ms): Min: 12.8, Avg: 13.0, Max: 13.2, Diff: 0.4, Sum: 233.4]
         [Processed Buffers: Min: 23, Avg: 28.4, Max: 33, Diff: 10, Sum: 512]
      [Scan RS (ms): Min: 0.0, Avg: 0.0, Max: 0.1, Diff: 0.1, Sum: 0.9]
      [Code Root Scanning (ms): Min: 0.0, Avg: 0.0, Max: 0.0, Diff: 0.0, Sum: 0.0]
      [Object Copy (ms): Min: 28.9, Avg: 29.2, Max: 29.7, Diff: 0.8, Sum: 525.9]
      [Termination (ms): Min: 0.0, Avg: 0.5, Max: 0.9, Diff: 0.9, Sum: 8.6]
         [Termination Attempts: Min: 1, Avg: 1.0, Max: 1, Diff: 0, Sum: 18]
      [GC Worker Other (ms): Min: 0.0, Avg: 0.0, Max: 0.1, Diff: 0.1, Sum: 0.7]
      [GC Worker Total (ms): Min: 42.6, Avg: 42.9, Max: 43.2, Diff: 0.6, Sum: 771.5]
      [GC Worker End (ms): Min: 6318.5, Avg: 6318.5, Max: 6318.6, Diff: 0.1]
   [Code Root Fixup: 0.0 ms]
   [Code Root Purge: 0.0 ms]
   [Clear CT: 0.3 ms]
   [Other: 2.3 ms]
      [Choose CSet: 0.0 ms]
      [Ref Proc: 0.4 ms]
      [Ref Enq: 0.0 ms]
      [Redirty Cards: 0.4 ms]
      [Humongous Register: 0.4 ms]
      [Humongous Reclaim: 0.5 ms]
      [Free CSet: 0.6 ms]
   [Eden: 267.0M(267.0M)->0.0B(16.0M) Survivors: 9216.0K->35.0M Heap: 828.9M(1024.0M)->559.3M(1024.0M)]
 [Times: user=0.58 sys=0.18, real=0.04 secs] 
6.329: [GC pause (G1 Evacuation Pause) (mixed), 0.0214878 secs]
   [Parallel Time: 19.7 ms, GC Workers: 18]
      [GC Worker Start (ms): Min: 6329.6, Avg: 6329.9, Max: 6330.1, Diff: 0.4]
      [Ext Root Scanning (ms): Min: 0.0, Avg: 0.2, Max: 0.4, Diff: 0.4, Sum: 3.4]
      [Update RS (ms): Min: 0.6, Avg: 0.8, Max: 0.9, Diff: 0.3, Sum: 14.1]
         [Processed Buffers: Min: 2, Avg: 3.0, Max: 5, Diff: 3, Sum: 54]
      [Scan RS (ms): Min: 0.0, Avg: 0.1, Max: 0.2, Diff: 0.2, Sum: 1.0]
      [Code Root Scanning (ms): Min: 0.0, Avg: 0.0, Max: 0.0, Diff: 0.0, Sum: 0.0]
      [Object Copy (ms): Min: 17.9, Avg: 18.0, Max: 18.2, Diff: 0.3, Sum: 323.4]
      [Termination (ms): Min: 0.0, Avg: 0.2, Max: 0.3, Diff: 0.3, Sum: 3.5]
         [Termination Attempts: Min: 1, Avg: 3.2, Max: 8, Diff: 7, Sum: 57]
      [GC Worker Other (ms): Min: 0.0, Avg: 0.0, Max: 0.1, Diff: 0.0, Sum: 0.5]
      [GC Worker Total (ms): Min: 19.0, Avg: 19.2, Max: 19.5, Diff: 0.4, Sum: 345.8]
      [GC Worker End (ms): Min: 6349.1, Avg: 6349.1, Max: 6349.1, Diff: 0.0]
   [Code Root Fixup: 0.0 ms]
   [Code Root Purge: 0.0 ms]
   [Clear CT: 0.2 ms]
   [Other: 1.6 ms]
      [Choose CSet: 0.1 ms]
      [Ref Proc: 0.3 ms]
      [Ref Enq: 0.0 ms]
      [Redirty Cards: 0.3 ms]
      [Humongous Register: 0.2 ms]
      [Humongous Reclaim: 0.1 ms]
      [Free CSet: 0.5 ms]
   [Eden: 16.0M(16.0M)->0.0B(44.0M) Survivors: 35.0M->7168.0K Heap: 579.6M(1024.0M)->488.6M(1024.0M)]
 [Times: user=0.26 sys=0.08, real=0.02 secs] 
6.366: [GC pause (G1 Evacuation Pause) (mixed), 0.0242067 secs]
   [Parallel Time: 22.6 ms, GC Workers: 18]
      [GC Worker Start (ms): Min: 6366.9, Avg: 6367.1, Max: 6367.3, Diff: 0.4]
      [Ext Root Scanning (ms): Min: 0.0, Avg: 0.1, Max: 0.4, Diff: 0.4, Sum: 2.6]
      [Update RS (ms): Min: 1.2, Avg: 1.5, Max: 1.7, Diff: 0.4, Sum: 27.2]
         [Processed Buffers: Min: 4, Avg: 5.0, Max: 6, Diff: 2, Sum: 90]
      [Scan RS (ms): Min: 0.0, Avg: 0.0, Max: 0.1, Diff: 0.1, Sum: 0.5]
      [Code Root Scanning (ms): Min: 0.0, Avg: 0.0, Max: 0.0, Diff: 0.0, Sum: 0.0]
      [Object Copy (ms): Min: 10.4, Avg: 11.3, Max: 20.3, Diff: 9.9, Sum: 202.6]
      [Termination (ms): Min: 0.0, Avg: 9.1, Max: 9.9, Diff: 9.9, Sum: 164.4]
         [Termination Attempts: Min: 1, Avg: 1.1, Max: 2, Diff: 1, Sum: 19]
      [GC Worker Other (ms): Min: 0.0, Avg: 0.0, Max: 0.1, Diff: 0.1, Sum: 0.4]
      [GC Worker Total (ms): Min: 21.9, Avg: 22.1, Max: 22.3, Diff: 0.4, Sum: 397.7]
      [GC Worker End (ms): Min: 6389.2, Avg: 6389.2, Max: 6389.2, Diff: 0.0]
   [Code Root Fixup: 0.0 ms]
   [Code Root Purge: 0.0 ms]
   [Clear CT: 0.3 ms]
   [Other: 1.2 ms]
      [Choose CSet: 0.0 ms]
      [Ref Proc: 0.2 ms]
      [Ref Enq: 0.0 ms]
      [Redirty Cards: 0.2 ms]
      [Humongous Register: 0.2 ms]
      [Humongous Reclaim: 0.1 ms]
      [Free CSet: 0.2 ms]
   [Eden: 44.0M(44.0M)->0.0B(286.0M) Survivors: 7168.0K->7168.0K Heap: 541.4M(1024.0M)->485.7M(1024.0M)]
 [Times: user=0.34 sys=0.05, real=0.02 secs] 
6.392: [GC pause (G1 Humongous Allocation) (young) (initial-mark), 0.0041571 secs]
   [Parallel Time: 2.8 ms, GC Workers: 18]
      [GC Worker Start (ms): Min: 6392.8, Avg: 6393.0, Max: 6393.1, Diff: 0.3]
      [Ext Root Scanning (ms): Min: 0.0, Avg: 0.2, Max: 0.4, Diff: 0.3, Sum: 3.5]
      [Update RS (ms): Min: 0.1, Avg: 0.2, Max: 0.5, Diff: 0.4, Sum: 2.9]
         [Processed Buffers: Min: 0, Avg: 1.1, Max: 3, Diff: 3, Sum: 19]
      [Scan RS (ms): Min: 0.0, Avg: 0.0, Max: 0.0, Diff: 0.0, Sum: 0.0]
      [Code Root Scanning (ms): Min: 0.0, Avg: 0.0, Max: 0.0, Diff: 0.0, Sum: 0.0]
      [Object Copy (ms): Min: 1.3, Avg: 1.8, Max: 2.1, Diff: 0.7, Sum: 31.5]
      [Termination (ms): Min: 0.0, Avg: 0.3, Max: 0.6, Diff: 0.6, Sum: 5.0]
         [Termination Attempts: Min: 1, Avg: 1.0, Max: 1, Diff: 0, Sum: 18]
      [GC Worker Other (ms): Min: 0.0, Avg: 0.0, Max: 0.0, Diff: 0.0, Sum: 0.2]
      [GC Worker Total (ms): Min: 2.2, Avg: 2.4, Max: 2.6, Diff: 0.3, Sum: 43.2]
      [GC Worker End (ms): Min: 6395.3, Avg: 6395.4, Max: 6395.4, Diff: 0.0]
   [Code Root Fixup: 0.0 ms]
   [Code Root Purge: 0.0 ms]
   [Clear CT: 0.3 ms]
   [Other: 1.1 ms]
      [Choose CSet: 0.0 ms]
      [Ref Proc: 0.3 ms]
      [Ref Enq: 0.0 ms]
      [Redirty Cards: 0.2 ms]
      [Humongous Register: 0.2 ms]
      [Humongous Reclaim: 0.0 ms]
      [Free CSet: 0.0 ms]
   [Eden: 3072.0K(286.0M)->0.0B(284.0M) Survivors: 7168.0K->7168.0K Heap: 487.8M(1024.0M)->485.5M(1024.0M)]
 [Times: user=0.03 sys=0.02, real=0.00 secs] 
6.397: [GC concurrent-root-region-scan-start]
6.397: [GC concurrent-root-region-scan-end, 0.0001763 secs]
6.397: [GC concurrent-mark-start]
6.399: [GC concurrent-mark-end, 0.0022505 secs]
6.399: [GC remark 6.399: [Finalize Marking, 0.0005193 secs] 6.400: [GC ref-proc, 0.0004041 secs] 6.400: [Unloading, 0.0009158 secs], 0.0026304 secs]
 [Times: user=0.02 sys=0.00, real=0.01 secs] 
6.402: [GC cleanup 491M->486M(1024M), 0.0018290 secs]
 [Times: user=0.01 sys=0.00, real=0.00 secs] 
6.404: [GC concurrent-cleanup-start]
6.404: [GC concurrent-cleanup-end, 0.0000301 secs]
6.558: [GC pause (G1 Evacuation Pause) (young), 0.0432393 secs]
   [Parallel Time: 40.4 ms, GC Workers: 18]
      [GC Worker Start (ms): Min: 6559.1, Avg: 6559.4, Max: 6559.6, Diff: 0.5]
      [Ext Root Scanning (ms): Min: 0.0, Avg: 0.1, Max: 0.4, Diff: 0.4, Sum: 2.6]
      [Update RS (ms): Min: 15.2, Avg: 15.5, Max: 15.6, Diff: 0.4, Sum: 278.4]
         [Processed Buffers: Min: 28, Avg: 34.1, Max: 43, Diff: 15, Sum: 614]
      [Scan RS (ms): Min: 0.0, Avg: 0.1, Max: 0.2, Diff: 0.2, Sum: 1.4]
      [Code Root Scanning (ms): Min: 0.0, Avg: 0.0, Max: 0.0, Diff: 0.0, Sum: 0.0]
      [Object Copy (ms): Min: 23.3, Avg: 23.7, Max: 24.2, Diff: 1.0, Sum: 427.2]
      [Termination (ms): Min: 0.0, Avg: 0.4, Max: 0.7, Diff: 0.7, Sum: 7.8]
         [Termination Attempts: Min: 1, Avg: 1.0, Max: 1, Diff: 0, Sum: 18]
      [GC Worker Other (ms): Min: 0.0, Avg: 0.1, Max: 0.2, Diff: 0.1, Sum: 1.0]
      [GC Worker Total (ms): Min: 39.7, Avg: 39.9, Max: 40.2, Diff: 0.5, Sum: 718.4]
      [GC Worker End (ms): Min: 6599.2, Avg: 6599.3, Max: 6599.3, Diff: 0.1]
   [Code Root Fixup: 0.0 ms]
   [Code Root Purge: 0.0 ms]
   [Clear CT: 0.3 ms]
   [Other: 2.5 ms]
      [Choose CSet: 0.0 ms]
      [Ref Proc: 0.3 ms]
      [Ref Enq: 0.0 ms]
      [Redirty Cards: 0.4 ms]
      [Humongous Register: 0.5 ms]
      [Humongous Reclaim: 0.5 ms]
      [Free CSet: 0.6 ms]
   [Eden: 284.0M(284.0M)->0.0B(14.0M) Survivors: 7168.0K->37.0M Heap: 839.7M(1024.0M)->553.7M(1024.0M)]
 [Times: user=0.63 sys=0.09, real=0.05 secs] 
6.607: [GC pause (G1 Evacuation Pause) (mixed), 0.0222855 secs]
   [Parallel Time: 20.2 ms, GC Workers: 18]
      [GC Worker Start (ms): Min: 6607.6, Avg: 6607.9, Max: 6608.1, Diff: 0.5]
      [Ext Root Scanning (ms): Min: 0.0, Avg: 0.2, Max: 0.5, Diff: 0.5, Sum: 3.6]
      [Update RS (ms): Min: 0.3, Avg: 0.5, Max: 0.6, Diff: 0.2, Sum: 8.3]
         [Processed Buffers: Min: 1, Avg: 2.1, Max: 5, Diff: 4, Sum: 38]
      [Scan RS (ms): Min: 0.0, Avg: 0.1, Max: 0.5, Diff: 0.5, Sum: 2.0]
      [Code Root Scanning (ms): Min: 0.0, Avg: 0.0, Max: 0.2, Diff: 0.2, Sum: 0.2]
      [Object Copy (ms): Min: 18.1, Avg: 18.5, Max: 18.8, Diff: 0.7, Sum: 332.4]
      [Termination (ms): Min: 0.0, Avg: 0.3, Max: 0.5, Diff: 0.5, Sum: 5.3]
         [Termination Attempts: Min: 1, Avg: 1.0, Max: 1, Diff: 0, Sum: 18]
      [GC Worker Other (ms): Min: 0.0, Avg: 0.0, Max: 0.0, Diff: 0.0, Sum: 0.3]
      [GC Worker Total (ms): Min: 19.3, Avg: 19.6, Max: 19.9, Diff: 0.5, Sum: 352.2]
      [GC Worker End (ms): Min: 6627.5, Avg: 6627.5, Max: 6627.5, Diff: 0.0]
   [Code Root Fixup: 0.0 ms]
   [Code Root Purge: 0.0 ms]
   [Clear CT: 0.3 ms]
   [Other: 1.8 ms]
      [Choose CSet: 0.1 ms]
      [Ref Proc: 0.3 ms]
      [Ref Enq: 0.0 ms]
      [Redirty Cards: 0.3 ms]
      [Humongous Register: 0.3 ms]
      [Humongous Reclaim: 0.1 ms]
      [Free CSet: 0.5 ms]
   [Eden: 14.0M(14.0M)->0.0B(45.0M) Survivors: 37.0M->6144.0K Heap: 570.3M(1024.0M)->486.7M(1024.0M)]
 [Times: user=0.27 sys=0.08, real=0.02 secs] 
6.647: [GC pause (G1 Evacuation Pause) (mixed), 0.0136458 secs]
   [Parallel Time: 12.3 ms, GC Workers: 18]
      [GC Worker Start (ms): Min: 6646.7, Avg: 6646.9, Max: 6647.1, Diff: 0.4]
      [Ext Root Scanning (ms): Min: 0.0, Avg: 0.2, Max: 0.4, Diff: 0.4, Sum: 3.3]
      [Update RS (ms): Min: 2.6, Avg: 2.8, Max: 3.0, Diff: 0.4, Sum: 51.0]
         [Processed Buffers: Min: 7, Avg: 7.9, Max: 9, Diff: 2, Sum: 142]
      [Scan RS (ms): Min: 0.0, Avg: 0.0, Max: 0.1, Diff: 0.1, Sum: 0.5]
      [Code Root Scanning (ms): Min: 0.0, Avg: 0.0, Max: 0.0, Diff: 0.0, Sum: 0.0]
      [Object Copy (ms): Min: 8.0, Avg: 8.4, Max: 8.7, Diff: 0.7, Sum: 150.5]
      [Termination (ms): Min: 0.0, Avg: 0.4, Max: 0.9, Diff: 0.9, Sum: 8.0]
         [Termination Attempts: Min: 1, Avg: 1.0, Max: 1, Diff: 0, Sum: 18]
      [GC Worker Other (ms): Min: 0.0, Avg: 0.0, Max: 0.1, Diff: 0.0, Sum: 0.5]
      [GC Worker Total (ms): Min: 11.7, Avg: 11.9, Max: 12.1, Diff: 0.4, Sum: 213.7]
      [GC Worker End (ms): Min: 6658.8, Avg: 6658.8, Max: 6658.8, Diff: 0.0]
   [Code Root Fixup: 0.0 ms]
   [Code Root Purge: 0.0 ms]
   [Clear CT: 0.2 ms]
   [Other: 1.1 ms]
      [Choose CSet: 0.0 ms]
      [Ref Proc: 0.2 ms]
      [Ref Enq: 0.0 ms]
      [Redirty Cards: 0.2 ms]
      [Humongous Register: 0.1 ms]
      [Humongous Reclaim: 0.2 ms]
      [Free CSet: 0.2 ms]
   [Eden: 45.0M(45.0M)->0.0B(275.0M) Survivors: 6144.0K->7168.0K Heap: 547.0M(1024.0M)->497.6M(1024.0M)]
 [Times: user=0.19 sys=0.02, real=0.01 secs] 
6.661: [GC pause (G1 Humongous Allocation) (young) (initial-mark), 0.0040352 secs]
   [Parallel Time: 2.7 ms, GC Workers: 18]
      [GC Worker Start (ms): Min: 6661.4, Avg: 6661.6, Max: 6661.8, Diff: 0.4]
      [Ext Root Scanning (ms): Min: 0.0, Avg: 0.3, Max: 0.5, Diff: 0.5, Sum: 4.6]
      [Update RS (ms): Min: 0.0, Avg: 0.3, Max: 1.2, Diff: 1.2, Sum: 5.7]
         [Processed Buffers: Min: 0, Avg: 1.1, Max: 2, Diff: 2, Sum: 19]
      [Scan RS (ms): Min: 0.0, Avg: 0.0, Max: 0.0, Diff: 0.0, Sum: 0.1]
      [Code Root Scanning (ms): Min: 0.0, Avg: 0.0, Max: 0.0, Diff: 0.0, Sum: 0.0]
      [Object Copy (ms): Min: 0.5, Avg: 1.5, Max: 1.9, Diff: 1.3, Sum: 26.3]
      [Termination (ms): Min: 0.0, Avg: 0.2, Max: 0.5, Diff: 0.5, Sum: 3.8]
         [Termination Attempts: Min: 1, Avg: 1.0, Max: 1, Diff: 0, Sum: 18]
      [GC Worker Other (ms): Min: 0.0, Avg: 0.0, Max: 0.0, Diff: 0.0, Sum: 0.3]
      [GC Worker Total (ms): Min: 2.1, Avg: 2.3, Max: 2.5, Diff: 0.4, Sum: 40.7]
      [GC Worker End (ms): Min: 6663.9, Avg: 6663.9, Max: 6663.9, Diff: 0.0]
   [Code Root Fixup: 0.0 ms]
   [Code Root Purge: 0.0 ms]
   [Clear CT: 0.3 ms]
   [Other: 1.1 ms]
      [Choose CSet: 0.0 ms]
      [Ref Proc: 0.3 ms]
      [Ref Enq: 0.0 ms]
      [Redirty Cards: 0.2 ms]
      [Humongous Register: 0.2 ms]
      [Humongous Reclaim: 0.0 ms]
      [Free CSet: 0.0 ms]
   [Eden: 1024.0K(275.0M)->0.0B(225.0M) Survivors: 7168.0K->8192.0K Heap: 498.5M(1024.0M)->498.3M(1024.0M)]
 [Times: user=0.04 sys=0.00, real=0.01 secs] 
6.665: [GC concurrent-root-region-scan-start]
6.665: [GC concurrent-root-region-scan-end, 0.0000942 secs]
6.665: [GC concurrent-mark-start]
6.667: [GC concurrent-mark-end, 0.0022267 secs]
6.668: [GC remark 6.668: [Finalize Marking, 0.0002845 secs] 6.668: [GC ref-proc, 0.0004081 secs] 6.668: [Unloading, 0.0009598 secs], 0.0025848 secs]
 [Times: user=0.02 sys=0.01, real=0.00 secs] 
6.670: [GC cleanup 506M->501M(1024M), 0.0018690 secs]
 [Times: user=0.01 sys=0.00, real=0.01 secs] 
6.672: [GC concurrent-cleanup-start]
6.672: [GC concurrent-cleanup-end, 0.0000292 secs]
6.759: [GC pause (G1 Evacuation Pause) (young), 0.0363612 secs]
   [Parallel Time: 33.0 ms, GC Workers: 18]
      [GC Worker Start (ms): Min: 6759.2, Avg: 6759.5, Max: 6759.6, Diff: 0.4]
      [Ext Root Scanning (ms): Min: 0.0, Avg: 0.1, Max: 0.4, Diff: 0.4, Sum: 2.6]
      [Update RS (ms): Min: 9.4, Avg: 10.2, Max: 22.1, Diff: 12.7, Sum: 183.5]
         [Processed Buffers: Min: 25, Avg: 27.4, Max: 32, Diff: 7, Sum: 493]
      [Scan RS (ms): Min: 0.3, Avg: 0.7, Max: 0.8, Diff: 0.5, Sum: 12.4]
      [Code Root Scanning (ms): Min: 0.0, Avg: 0.0, Max: 0.0, Diff: 0.0, Sum: 0.0]
      [Object Copy (ms): Min: 9.4, Avg: 21.1, Max: 22.1, Diff: 12.6, Sum: 379.2]
      [Termination (ms): Min: 0.0, Avg: 0.3, Max: 0.6, Diff: 0.6, Sum: 5.8]
         [Termination Attempts: Min: 1, Avg: 1.0, Max: 1, Diff: 0, Sum: 18]
      [GC Worker Other (ms): Min: 0.0, Avg: 0.0, Max: 0.1, Diff: 0.1, Sum: 0.7]
      [GC Worker Total (ms): Min: 32.3, Avg: 32.5, Max: 32.7, Diff: 0.5, Sum: 584.1]
      [GC Worker End (ms): Min: 6791.9, Avg: 6791.9, Max: 6791.9, Diff: 0.0]
   [Code Root Fixup: 0.0 ms]
   [Code Root Purge: 0.0 ms]
   [Clear CT: 0.4 ms]
   [Other: 2.9 ms]
      [Choose CSet: 0.0 ms]
      [Ref Proc: 0.4 ms]
      [Ref Enq: 0.0 ms]
      [Redirty Cards: 0.2 ms]
      [Humongous Register: 0.5 ms]
      [Humongous Reclaim: 1.0 ms]
      [Free CSet: 0.5 ms]
   [Eden: 225.0M(225.0M)->0.0B(21.0M) Survivors: 8192.0K->30.0M Heap: 778.4M(1024.0M)->554.4M(1024.0M)]
 [Times: user=0.52 sys=0.07, real=0.04 secs] 
6.807: [GC pause (G1 Evacuation Pause) (mixed), 0.0216238 secs]
   [Parallel Time: 19.4 ms, GC Workers: 18]
      [GC Worker Start (ms): Min: 6807.7, Avg: 6808.1, Max: 6808.2, Diff: 0.5]
      [Ext Root Scanning (ms): Min: 0.2, Avg: 0.4, Max: 0.7, Diff: 0.5, Sum: 6.6]
      [Update RS (ms): Min: 0.4, Avg: 0.6, Max: 0.7, Diff: 0.2, Sum: 10.0]
         [Processed Buffers: Min: 1, Avg: 2.4, Max: 5, Diff: 4, Sum: 44]
      [Scan RS (ms): Min: 0.0, Avg: 0.1, Max: 0.2, Diff: 0.2, Sum: 1.6]
      [Code Root Scanning (ms): Min: 0.0, Avg: 0.0, Max: 0.2, Diff: 0.2, Sum: 0.2]
      [Object Copy (ms): Min: 17.0, Avg: 17.2, Max: 17.8, Diff: 0.8, Sum: 310.2]
      [Termination (ms): Min: 0.0, Avg: 0.5, Max: 0.7, Diff: 0.7, Sum: 9.3]
         [Termination Attempts: Min: 1, Avg: 1.0, Max: 1, Diff: 0, Sum: 18]
      [GC Worker Other (ms): Min: 0.0, Avg: 0.0, Max: 0.1, Diff: 0.0, Sum: 0.5]
      [GC Worker Total (ms): Min: 18.6, Avg: 18.8, Max: 19.1, Diff: 0.5, Sum: 338.4]
      [GC Worker End (ms): Min: 6826.8, Avg: 6826.9, Max: 6826.9, Diff: 0.0]
   [Code Root Fixup: 0.0 ms]
   [Code Root Purge: 0.0 ms]
   [Clear CT: 0.2 ms]
   [Other: 2.0 ms]
      [Choose CSet: 0.1 ms]
      [Ref Proc: 0.3 ms]
      [Ref Enq: 0.0 ms]
      [Redirty Cards: 0.3 ms]
      [Humongous Register: 0.4 ms]
      [Humongous Reclaim: 0.1 ms]
      [Free CSet: 0.6 ms]
   [Eden: 21.0M(21.0M)->0.0B(46.0M) Survivors: 30.0M->5120.0K Heap: 578.6M(1024.0M)->486.1M(1024.0M)]
 [Times: user=0.29 sys=0.04, real=0.02 secs] 
6.849: [GC pause (G1 Evacuation Pause) (mixed), 0.0122792 secs]
   [Parallel Time: 10.6 ms, GC Workers: 18]
      [GC Worker Start (ms): Min: 6849.6, Avg: 6849.8, Max: 6850.0, Diff: 0.4]
      [Ext Root Scanning (ms): Min: 0.0, Avg: 0.2, Max: 0.4, Diff: 0.4, Sum: 3.5]
      [Update RS (ms): Min: 1.3, Avg: 1.5, Max: 1.7, Diff: 0.4, Sum: 26.4]
         [Processed Buffers: Min: 4, Avg: 4.8, Max: 6, Diff: 2, Sum: 86]
      [Scan RS (ms): Min: 0.0, Avg: 0.0, Max: 0.1, Diff: 0.1, Sum: 0.6]
      [Code Root Scanning (ms): Min: 0.0, Avg: 0.0, Max: 0.0, Diff: 0.0, Sum: 0.0]
      [Object Copy (ms): Min: 7.7, Avg: 8.2, Max: 8.6, Diff: 0.9, Sum: 147.6]
      [Termination (ms): Min: 0.0, Avg: 0.4, Max: 0.7, Diff: 0.7, Sum: 6.7]
         [Termination Attempts: Min: 1, Avg: 1.0, Max: 1, Diff: 0, Sum: 18]
      [GC Worker Other (ms): Min: 0.0, Avg: 0.0, Max: 0.0, Diff: 0.0, Sum: 0.4]
      [GC Worker Total (ms): Min: 10.1, Avg: 10.3, Max: 10.5, Diff: 0.4, Sum: 185.2]
      [GC Worker End (ms): Min: 6860.1, Avg: 6860.1, Max: 6860.1, Diff: 0.0]
   [Code Root Fixup: 0.0 ms]
   [Code Root Purge: 0.0 ms]
   [Clear CT: 0.2 ms]
   [Other: 1.4 ms]
      [Choose CSet: 0.0 ms]
      [Ref Proc: 0.3 ms]
      [Ref Enq: 0.0 ms]
      [Redirty Cards: 0.3 ms]
      [Humongous Register: 0.2 ms]
      [Humongous Reclaim: 0.1 ms]
      [Free CSet: 0.2 ms]
   [Eden: 46.0M(46.0M)->0.0B(258.0M) Survivors: 5120.0K->7168.0K Heap: 540.4M(1024.0M)->492.3M(1024.0M)]
 [Times: user=0.18 sys=0.01, real=0.01 secs] 
6.865: [GC pause (G1 Humongous Allocation) (young) (initial-mark), 0.0050223 secs]
   [Parallel Time: 3.6 ms, GC Workers: 18]
      [GC Worker Start (ms): Min: 6865.1, Avg: 6865.3, Max: 6865.5, Diff: 0.5]
      [Ext Root Scanning (ms): Min: 0.0, Avg: 0.3, Max: 0.6, Diff: 0.6, Sum: 5.2]
      [Update RS (ms): Min: 0.0, Avg: 0.2, Max: 0.9, Diff: 0.9, Sum: 3.7]
         [Processed Buffers: Min: 0, Avg: 1.1, Max: 3, Diff: 3, Sum: 19]
      [Scan RS (ms): Min: 0.0, Avg: 0.0, Max: 0.0, Diff: 0.0, Sum: 0.1]
      [Code Root Scanning (ms): Min: 0.0, Avg: 0.0, Max: 0.0, Diff: 0.0, Sum: 0.0]
      [Object Copy (ms): Min: 1.5, Avg: 2.1, Max: 2.6, Diff: 1.1, Sum: 38.3]
      [Termination (ms): Min: 0.0, Avg: 0.4, Max: 1.0, Diff: 1.0, Sum: 7.3]
         [Termination Attempts: Min: 1, Avg: 1.1, Max: 2, Diff: 1, Sum: 20]
      [GC Worker Other (ms): Min: 0.0, Avg: 0.0, Max: 0.0, Diff: 0.0, Sum: 0.3]
      [GC Worker Total (ms): Min: 2.8, Avg: 3.0, Max: 3.3, Diff: 0.5, Sum: 54.8]
      [GC Worker End (ms): Min: 6868.3, Avg: 6868.3, Max: 6868.4, Diff: 0.0]
   [Code Root Fixup: 0.0 ms]
   [Code Root Purge: 0.0 ms]
   [Clear CT: 0.2 ms]
   [Other: 1.2 ms]
      [Choose CSet: 0.0 ms]
      [Ref Proc: 0.3 ms]
      [Ref Enq: 0.0 ms]
      [Redirty Cards: 0.2 ms]
      [Humongous Register: 0.2 ms]
      [Humongous Reclaim: 0.1 ms]
      [Free CSet: 0.1 ms]
   [Eden: 8192.0K(258.0M)->0.0B(264.0M) Survivors: 7168.0K->10.0M Heap: 499.3M(1024.0M)->493.5M(1024.0M)]
 [Times: user=0.06 sys=0.01, real=0.00 secs] 
6.870: [GC concurrent-root-region-scan-start]
6.870: [GC concurrent-root-region-scan-end, 0.0004109 secs]
6.870: [GC concurrent-mark-start]
6.873: [GC concurrent-mark-end, 0.0025864 secs]
6.873: [GC remark 6.873: [Finalize Marking, 0.0005625 secs] 6.874: [GC ref-proc, 0.0004944 secs] 6.874: [Unloading, 0.0013917 secs], 0.0034690 secs]
 [Times: user=0.03 sys=0.01, real=0.00 secs] 
6.877: [GC cleanup 504M->502M(1024M), 0.0019311 secs]
 [Times: user=0.02 sys=0.00, real=0.00 secs] 
6.879: [GC concurrent-cleanup-start]
6.879: [GC concurrent-cleanup-end, 0.0000259 secs]
6.983: [GC pause (G1 Evacuation Pause) (young), 0.0441588 secs]
   [Parallel Time: 42.0 ms, GC Workers: 18]
      [GC Worker Start (ms): Min: 6983.1, Avg: 6983.4, Max: 6983.6, Diff: 0.4]
      [Ext Root Scanning (ms): Min: 0.0, Avg: 0.1, Max: 0.4, Diff: 0.4, Sum: 2.6]
      [Update RS (ms): Min: 16.4, Avg: 16.6, Max: 16.8, Diff: 0.4, Sum: 299.2]
         [Processed Buffers: Min: 31, Avg: 36.3, Max: 47, Diff: 16, Sum: 654]
      [Scan RS (ms): Min: 0.0, Avg: 0.1, Max: 0.1, Diff: 0.1, Sum: 1.3]
      [Code Root Scanning (ms): Min: 0.0, Avg: 0.0, Max: 0.0, Diff: 0.0, Sum: 0.0]
      [Object Copy (ms): Min: 23.6, Avg: 24.2, Max: 24.8, Diff: 1.1, Sum: 435.6]
      [Termination (ms): Min: 0.0, Avg: 0.4, Max: 0.9, Diff: 0.9, Sum: 7.1]
         [Termination Attempts: Min: 1, Avg: 1.0, Max: 1, Diff: 0, Sum: 18]
      [GC Worker Other (ms): Min: 0.0, Avg: 0.0, Max: 0.1, Diff: 0.1, Sum: 0.7]
      [GC Worker Total (ms): Min: 41.3, Avg: 41.5, Max: 41.7, Diff: 0.4, Sum: 746.4]
      [GC Worker End (ms): Min: 7024.8, Avg: 7024.8, Max: 7024.9, Diff: 0.1]
   [Code Root Fixup: 0.0 ms]
   [Code Root Purge: 0.0 ms]
   [Clear CT: 0.3 ms]
   [Other: 1.9 ms]
      [Choose CSet: 0.0 ms]
      [Ref Proc: 0.3 ms]
      [Ref Enq: 0.0 ms]
      [Redirty Cards: 0.3 ms]
      [Humongous Register: 0.3 ms]
      [Humongous Reclaim: 0.4 ms]
      [Free CSet: 0.4 ms]
   [Eden: 264.0M(264.0M)->0.0B(16.0M) Survivors: 10.0M->35.0M Heap: 835.7M(1024.0M)->561.7M(1024.0M)]
 [Times: user=0.69 sys=0.04, real=0.04 secs] 
7.036: [GC pause (G1 Evacuation Pause) (mixed), 0.0227979 secs]
   [Parallel Time: 20.9 ms, GC Workers: 18]
      [GC Worker Start (ms): Min: 7036.5, Avg: 7036.9, Max: 7037.1, Diff: 0.6]
      [Ext Root Scanning (ms): Min: 0.0, Avg: 0.1, Max: 0.4, Diff: 0.4, Sum: 2.0]
      [Update RS (ms): Min: 0.8, Avg: 1.0, Max: 1.1, Diff: 0.3, Sum: 18.1]
         [Processed Buffers: Min: 2, Avg: 3.6, Max: 5, Diff: 3, Sum: 65]
      [Scan RS (ms): Min: 0.0, Avg: 0.1, Max: 0.2, Diff: 0.2, Sum: 1.4]
      [Code Root Scanning (ms): Min: 0.0, Avg: 0.0, Max: 0.0, Diff: 0.0, Sum: 0.0]
      [Object Copy (ms): Min: 18.4, Avg: 18.6, Max: 19.1, Diff: 0.8, Sum: 335.1]
      [Termination (ms): Min: 0.0, Avg: 0.5, Max: 0.8, Diff: 0.8, Sum: 8.9]
         [Termination Attempts: Min: 1, Avg: 1.1, Max: 3, Diff: 2, Sum: 20]
      [GC Worker Other (ms): Min: 0.0, Avg: 0.0, Max: 0.0, Diff: 0.0, Sum: 0.3]
      [GC Worker Total (ms): Min: 20.1, Avg: 20.3, Max: 20.6, Diff: 0.6, Sum: 365.7]
      [GC Worker End (ms): Min: 7057.2, Avg: 7057.2, Max: 7057.2, Diff: 0.0]
   [Code Root Fixup: 0.0 ms]
   [Code Root Purge: 0.0 ms]
   [Clear CT: 0.4 ms]
   [Other: 1.5 ms]
      [Choose CSet: 0.1 ms]
      [Ref Proc: 0.3 ms]
      [Ref Enq: 0.0 ms]
      [Redirty Cards: 0.2 ms]
      [Humongous Register: 0.2 ms]
      [Humongous Reclaim: 0.1 ms]
      [Free CSet: 0.5 ms]
   [Eden: 16.0M(16.0M)->0.0B(45.0M) Survivors: 35.0M->6144.0K Heap: 583.5M(1024.0M)->494.5M(1024.0M)]
 [Times: user=0.30 sys=0.06, real=0.02 secs] 
7.079: [GC pause (G1 Evacuation Pause) (mixed), 0.0134118 secs]
   [Parallel Time: 11.9 ms, GC Workers: 18]
      [GC Worker Start (ms): Min: 7079.2, Avg: 7079.4, Max: 7079.5, Diff: 0.4]
      [Ext Root Scanning (ms): Min: 0.0, Avg: 0.2, Max: 0.4, Diff: 0.4, Sum: 3.3]
      [Update RS (ms): Min: 1.7, Avg: 1.9, Max: 2.1, Diff: 0.4, Sum: 33.8]
         [Processed Buffers: Min: 5, Avg: 5.9, Max: 7, Diff: 2, Sum: 106]
      [Scan RS (ms): Min: 0.0, Avg: 0.1, Max: 0.3, Diff: 0.2, Sum: 0.9]
      [Code Root Scanning (ms): Min: 0.0, Avg: 0.0, Max: 0.0, Diff: 0.0, Sum: 0.0]
      [Object Copy (ms): Min: 8.8, Avg: 9.1, Max: 9.3, Diff: 0.5, Sum: 163.6]
      [Termination (ms): Min: 0.0, Avg: 0.2, Max: 0.3, Diff: 0.3, Sum: 2.8]
         [Termination Attempts: Min: 1, Avg: 1.1, Max: 2, Diff: 1, Sum: 19]
      [GC Worker Other (ms): Min: 0.0, Avg: 0.0, Max: 0.1, Diff: 0.0, Sum: 0.6]
      [GC Worker Total (ms): Min: 11.2, Avg: 11.4, Max: 11.6, Diff: 0.3, Sum: 204.9]
      [GC Worker End (ms): Min: 7090.8, Avg: 7090.8, Max: 7090.8, Diff: 0.0]
   [Code Root Fixup: 0.0 ms]
   [Code Root Purge: 0.0 ms]
   [Clear CT: 0.2 ms]
   [Other: 1.3 ms]
      [Choose CSet: 0.0 ms]
      [Ref Proc: 0.3 ms]
      [Ref Enq: 0.0 ms]
      [Redirty Cards: 0.3 ms]
      [Humongous Register: 0.2 ms]
      [Humongous Reclaim: 0.1 ms]
      [Free CSet: 0.2 ms]
   [Eden: 45.0M(45.0M)->0.0B(270.0M) Survivors: 6144.0K->7168.0K Heap: 550.2M(1024.0M)->496.3M(1024.0M)]
 [Times: user=0.20 sys=0.01, real=0.02 secs] 
7.093: [GC pause (G1 Humongous Allocation) (young) (initial-mark), 0.0036578 secs]
   [Parallel Time: 2.6 ms, GC Workers: 18]
      [GC Worker Start (ms): Min: 7092.9, Avg: 7093.1, Max: 7093.2, Diff: 0.3]
      [Ext Root Scanning (ms): Min: 0.0, Avg: 0.2, Max: 0.3, Diff: 0.3, Sum: 3.4]
      [Update RS (ms): Min: 0.1, Avg: 0.4, Max: 0.9, Diff: 0.9, Sum: 6.8]
         [Processed Buffers: Min: 0, Avg: 1.1, Max: 2, Diff: 2, Sum: 19]
      [Scan RS (ms): Min: 0.0, Avg: 0.0, Max: 0.0, Diff: 0.0, Sum: 0.1]
      [Code Root Scanning (ms): Min: 0.0, Avg: 0.0, Max: 0.0, Diff: 0.0, Sum: 0.0]
      [Object Copy (ms): Min: 0.5, Avg: 1.2, Max: 1.9, Diff: 1.3, Sum: 21.1]
      [Termination (ms): Min: 0.0, Avg: 0.4, Max: 0.8, Diff: 0.8, Sum: 7.7]
         [Termination Attempts: Min: 1, Avg: 1.2, Max: 2, Diff: 1, Sum: 21]
      [GC Worker Other (ms): Min: 0.0, Avg: 0.0, Max: 0.0, Diff: 0.0, Sum: 0.3]
      [GC Worker Total (ms): Min: 2.0, Avg: 2.2, Max: 2.3, Diff: 0.3, Sum: 39.4]
      [GC Worker End (ms): Min: 7095.3, Avg: 7095.3, Max: 7095.3, Diff: 0.0]
   [Code Root Fixup: 0.0 ms]
   [Code Root Purge: 0.0 ms]
   [Clear CT: 0.2 ms]
   [Other: 0.9 ms]
      [Choose CSet: 0.0 ms]
      [Ref Proc: 0.3 ms]
      [Ref Enq: 0.0 ms]
      [Redirty Cards: 0.2 ms]
      [Humongous Register: 0.2 ms]
      [Humongous Reclaim: 0.0 ms]
      [Free CSet: 0.0 ms]
   [Eden: 1024.0K(270.0M)->0.0B(287.0M) Survivors: 7168.0K->8192.0K Heap: 496.8M(1024.0M)->496.5M(1024.0M)]
 [Times: user=0.04 sys=0.00, real=0.00 secs] 
7.096: [GC concurrent-root-region-scan-start]
7.097: [GC concurrent-root-region-scan-end, 0.0001560 secs]
7.097: [GC concurrent-mark-start]
7.099: [GC concurrent-mark-end, 0.0023413 secs]
7.099: [GC remark 7.099: [Finalize Marking, 0.0003646 secs] 7.099: [GC ref-proc, 0.0004197 secs] 7.100: [Unloading, 0.0010027 secs], 0.0026320 secs]
 [Times: user=0.02 sys=0.00, real=0.00 secs] 
7.102: [GC cleanup 506M->504M(1024M), 0.0017211 secs]
 [Times: user=0.02 sys=0.00, real=0.01 secs] 
7.104: [GC concurrent-cleanup-start]
7.104: [GC concurrent-cleanup-end, 0.0000258 secs]
7.212: [GC pause (G1 Evacuation Pause) (young) (to-space exhausted), 0.0375921 secs]
   [Parallel Time: 35.2 ms, GC Workers: 18]
      [GC Worker Start (ms): Min: 7211.9, Avg: 7212.1, Max: 7212.2, Diff: 0.4]
      [Ext Root Scanning (ms): Min: 0.0, Avg: 0.2, Max: 0.3, Diff: 0.3, Sum: 3.0]
      [Update RS (ms): Min: 11.0, Avg: 11.1, Max: 11.3, Diff: 0.3, Sum: 200.6]
         [Processed Buffers: Min: 30, Avg: 33.1, Max: 38, Diff: 8, Sum: 595]
      [Scan RS (ms): Min: 0.0, Avg: 0.1, Max: 0.1, Diff: 0.1, Sum: 1.4]
      [Code Root Scanning (ms): Min: 0.0, Avg: 0.0, Max: 0.0, Diff: 0.0, Sum: 0.0]
      [Object Copy (ms): Min: 23.0, Avg: 23.2, Max: 23.4, Diff: 0.4, Sum: 417.9]
      [Termination (ms): Min: 0.0, Avg: 0.2, Max: 0.3, Diff: 0.3, Sum: 2.9]
         [Termination Attempts: Min: 1, Avg: 1.0, Max: 1, Diff: 0, Sum: 18]
      [GC Worker Other (ms): Min: 0.0, Avg: 0.0, Max: 0.1, Diff: 0.1, Sum: 0.7]
      [GC Worker Total (ms): Min: 34.7, Avg: 34.8, Max: 35.0, Diff: 0.4, Sum: 626.5]
      [GC Worker End (ms): Min: 7246.8, Avg: 7246.9, Max: 7246.9, Diff: 0.1]
   [Code Root Fixup: 0.0 ms]
   [Code Root Purge: 0.0 ms]
   [Clear CT: 0.4 ms]
   [Other: 2.0 ms]
      [Evacuation Failure: 0.3 ms]
      [Choose CSet: 0.0 ms]
      [Ref Proc: 0.3 ms]
      [Ref Enq: 0.0 ms]
      [Redirty Cards: 0.3 ms]
      [Humongous Register: 0.2 ms]
      [Humongous Reclaim: 0.3 ms]
      [Free CSet: 0.4 ms]
   [Eden: 287.0M(287.0M)->0.0B(14.0M) Survivors: 8192.0K->37.0M Heap: 854.5M(1024.0M)->566.9M(1024.0M)]
 [Times: user=0.59 sys=0.03, real=0.04 secs] 
7.254: [GC pause (G1 Evacuation Pause) (mixed), 0.0205358 secs]
   [Parallel Time: 18.8 ms, GC Workers: 18]
      [GC Worker Start (ms): Min: 7254.5, Avg: 7254.7, Max: 7254.9, Diff: 0.4]
      [Ext Root Scanning (ms): Min: 0.0, Avg: 0.2, Max: 0.4, Diff: 0.4, Sum: 3.2]
      [Update RS (ms): Min: 0.2, Avg: 0.5, Max: 0.7, Diff: 0.5, Sum: 8.8]
         [Processed Buffers: Min: 1, Avg: 2.5, Max: 7, Diff: 6, Sum: 45]
      [Scan RS (ms): Min: 0.0, Avg: 0.1, Max: 0.3, Diff: 0.2, Sum: 1.2]
      [Code Root Scanning (ms): Min: 0.0, Avg: 0.0, Max: 0.0, Diff: 0.0, Sum: 0.0]
      [Object Copy (ms): Min: 16.9, Avg: 17.3, Max: 17.7, Diff: 0.8, Sum: 311.0]
      [Termination (ms): Min: 0.0, Avg: 0.4, Max: 0.6, Diff: 0.6, Sum: 6.6]
         [Termination Attempts: Min: 1, Avg: 1.0, Max: 1, Diff: 0, Sum: 18]
      [GC Worker Other (ms): Min: 0.0, Avg: 0.0, Max: 0.0, Diff: 0.0, Sum: 0.4]
      [GC Worker Total (ms): Min: 18.2, Avg: 18.4, Max: 18.6, Diff: 0.4, Sum: 331.3]
      [GC Worker End (ms): Min: 7273.1, Avg: 7273.1, Max: 7273.1, Diff: 0.0]
   [Code Root Fixup: 0.0 ms]
   [Code Root Purge: 0.0 ms]
   [Clear CT: 0.2 ms]
   [Other: 1.5 ms]
      [Choose CSet: 0.1 ms]
      [Ref Proc: 0.3 ms]
      [Ref Enq: 0.0 ms]
      [Redirty Cards: 0.3 ms]
      [Humongous Register: 0.2 ms]
      [Humongous Reclaim: 0.0 ms]
      [Free CSet: 0.4 ms]
   [Eden: 14.0M(14.0M)->0.0B(46.0M) Survivors: 37.0M->5120.0K Heap: 582.8M(1024.0M)->494.5M(1024.0M)]
 [Times: user=0.29 sys=0.04, real=0.02 secs] 
7.292: [GC pause (G1 Evacuation Pause) (mixed), 0.0126293 secs]
   [Parallel Time: 11.0 ms, GC Workers: 18]
      [GC Worker Start (ms): Min: 7292.6, Avg: 7292.8, Max: 7293.0, Diff: 0.3]
      [Ext Root Scanning (ms): Min: 0.0, Avg: 0.2, Max: 0.4, Diff: 0.3, Sum: 3.9]
      [Update RS (ms): Min: 1.6, Avg: 1.8, Max: 2.0, Diff: 0.4, Sum: 32.5]
         [Processed Buffers: Min: 5, Avg: 5.7, Max: 8, Diff: 3, Sum: 103]
      [Scan RS (ms): Min: 0.0, Avg: 0.0, Max: 0.1, Diff: 0.1, Sum: 0.6]
      [Code Root Scanning (ms): Min: 0.0, Avg: 0.0, Max: 0.0, Diff: 0.0, Sum: 0.0]
      [Object Copy (ms): Min: 8.2, Avg: 8.4, Max: 8.8, Diff: 0.6, Sum: 152.0]
      [Termination (ms): Min: 0.0, Avg: 0.2, Max: 0.4, Diff: 0.4, Sum: 3.4]
         [Termination Attempts: Min: 1, Avg: 1.0, Max: 1, Diff: 0, Sum: 18]
      [GC Worker Other (ms): Min: 0.0, Avg: 0.0, Max: 0.0, Diff: 0.0, Sum: 0.5]
      [GC Worker Total (ms): Min: 10.5, Avg: 10.7, Max: 10.9, Diff: 0.3, Sum: 192.9]
      [GC Worker End (ms): Min: 7303.5, Avg: 7303.5, Max: 7303.5, Diff: 0.0]
   [Code Root Fixup: 0.0 ms]
   [Code Root Purge: 0.0 ms]
   [Clear CT: 0.2 ms]
   [Other: 1.4 ms]
      [Choose CSet: 0.0 ms]
      [Ref Proc: 0.4 ms]
      [Ref Enq: 0.0 ms]
      [Redirty Cards: 0.3 ms]
      [Humongous Register: 0.2 ms]
      [Humongous Reclaim: 0.1 ms]
      [Free CSet: 0.2 ms]
   [Eden: 46.0M(46.0M)->0.0B(286.0M) Survivors: 5120.0K->7168.0K Heap: 550.9M(1024.0M)->494.9M(1024.0M)]
 [Times: user=0.19 sys=0.01, real=0.01 secs] 
7.307: [GC pause (G1 Humongous Allocation) (young) (initial-mark), 0.0043463 secs]
   [Parallel Time: 2.9 ms, GC Workers: 18]
      [GC Worker Start (ms): Min: 7308.0, Avg: 7308.1, Max: 7308.3, Diff: 0.3]
      [Ext Root Scanning (ms): Min: 0.0, Avg: 0.2, Max: 0.4, Diff: 0.3, Sum: 3.3]
      [Update RS (ms): Min: 0.0, Avg: 0.3, Max: 1.2, Diff: 1.1, Sum: 5.4]
         [Processed Buffers: Min: 0, Avg: 1.0, Max: 2, Diff: 2, Sum: 18]
      [Scan RS (ms): Min: 0.0, Avg: 0.0, Max: 0.0, Diff: 0.0, Sum: 0.1]
      [Code Root Scanning (ms): Min: 0.0, Avg: 0.0, Max: 0.0, Diff: 0.0, Sum: 0.0]
      [Object Copy (ms): Min: 1.0, Avg: 1.7, Max: 2.1, Diff: 1.1, Sum: 31.5]
      [Termination (ms): Min: 0.0, Avg: 0.2, Max: 0.5, Diff: 0.5, Sum: 4.3]
         [Termination Attempts: Min: 1, Avg: 1.1, Max: 2, Diff: 1, Sum: 20]
      [GC Worker Other (ms): Min: 0.0, Avg: 0.0, Max: 0.0, Diff: 0.0, Sum: 0.3]
      [GC Worker Total (ms): Min: 2.3, Avg: 2.5, Max: 2.7, Diff: 0.4, Sum: 44.9]
      [GC Worker End (ms): Min: 7310.6, Avg: 7310.6, Max: 7310.7, Diff: 0.0]
   [Code Root Fixup: 0.0 ms]
   [Code Root Purge: 0.0 ms]
   [Clear CT: 0.2 ms]
   [Other: 1.2 ms]
      [Choose CSet: 0.0 ms]
      [Ref Proc: 0.4 ms]
      [Ref Enq: 0.0 ms]
      [Redirty Cards: 0.2 ms]
      [Humongous Register: 0.2 ms]
      [Humongous Reclaim: 0.0 ms]
      [Free CSet: 0.0 ms]
   [Eden: 8192.0K(286.0M)->0.0B(294.0M) Survivors: 7168.0K->10.0M Heap: 502.3M(1024.0M)->496.4M(1024.0M)]
 [Times: user=0.04 sys=0.00, real=0.01 secs] 
7.312: [GC concurrent-root-region-scan-start]
7.312: [GC concurrent-root-region-scan-end, 0.0001789 secs]
7.312: [GC concurrent-mark-start]
7.315: [GC concurrent-mark-end, 0.0023710 secs]
7.315: [GC remark 7.315: [Finalize Marking, 0.0003782 secs] 7.315: [GC ref-proc, 0.0003983 secs] 7.316: [Unloading, 0.0008827 secs], 0.0025732 secs]
 [Times: user=0.02 sys=0.00, real=0.00 secs] 
7.317: [GC cleanup 505M->503M(1024M), 0.0018969 secs]
 [Times: user=0.01 sys=0.00, real=0.00 secs] 
7.319: [GC concurrent-cleanup-start]
7.319: [GC concurrent-cleanup-end, 0.0000240 secs]
7.425: [GC pause (G1 Evacuation Pause) (young) (to-space exhausted), 0.0367531 secs]
   [Parallel Time: 32.4 ms, GC Workers: 18]
      [GC Worker Start (ms): Min: 7425.9, Avg: 7426.0, Max: 7426.2, Diff: 0.4]
      [Ext Root Scanning (ms): Min: 0.0, Avg: 0.2, Max: 0.4, Diff: 0.4, Sum: 3.5]
      [Update RS (ms): Min: 10.9, Avg: 11.0, Max: 11.1, Diff: 0.2, Sum: 198.1]
         [Processed Buffers: Min: 29, Avg: 32.6, Max: 36, Diff: 7, Sum: 586]
      [Scan RS (ms): Min: 0.0, Avg: 0.1, Max: 0.1, Diff: 0.1, Sum: 1.0]
      [Code Root Scanning (ms): Min: 0.0, Avg: 0.0, Max: 0.0, Diff: 0.0, Sum: 0.0]
      [Object Copy (ms): Min: 20.5, Avg: 20.7, Max: 20.8, Diff: 0.2, Sum: 372.5]
      [Termination (ms): Min: 0.0, Avg: 0.1, Max: 0.1, Diff: 0.1, Sum: 1.2]
         [Termination Attempts: Min: 1, Avg: 1.0, Max: 1, Diff: 0, Sum: 18]
      [GC Worker Other (ms): Min: 0.0, Avg: 0.0, Max: 0.1, Diff: 0.1, Sum: 0.6]
      [GC Worker Total (ms): Min: 31.9, Avg: 32.0, Max: 32.2, Diff: 0.3, Sum: 576.9]
      [GC Worker End (ms): Min: 7458.1, Avg: 7458.1, Max: 7458.1, Diff: 0.1]
   [Code Root Fixup: 0.0 ms]
   [Code Root Purge: 0.0 ms]
   [Clear CT: 0.3 ms]
   [Other: 4.0 ms]
      [Evacuation Failure: 2.6 ms]
      [Choose CSet: 0.0 ms]
      [Ref Proc: 0.2 ms]
      [Ref Enq: 0.0 ms]
      [Redirty Cards: 0.2 ms]
      [Humongous Register: 0.3 ms]
      [Humongous Reclaim: 0.3 ms]
      [Free CSet: 0.3 ms]
   [Eden: 294.0M(294.0M)->0.0B(13.0M) Survivors: 10.0M->38.0M Heap: 860.4M(1024.0M)->652.5M(1024.0M)]
 [Times: user=0.56 sys=0.02, real=0.04 secs] 
7.466: [GC pause (G1 Evacuation Pause) (mixed), 0.0197281 secs]
   [Parallel Time: 18.1 ms, GC Workers: 18]
      [GC Worker Start (ms): Min: 7466.9, Avg: 7467.1, Max: 7467.3, Diff: 0.4]
      [Ext Root Scanning (ms): Min: 0.0, Avg: 0.1, Max: 0.3, Diff: 0.3, Sum: 2.0]
      [Update RS (ms): Min: 0.5, Avg: 0.6, Max: 0.7, Diff: 0.3, Sum: 10.5]
         [Processed Buffers: Min: 2, Avg: 2.9, Max: 6, Diff: 4, Sum: 53]
      [Scan RS (ms): Min: 0.0, Avg: 0.1, Max: 0.2, Diff: 0.2, Sum: 1.6]
      [Code Root Scanning (ms): Min: 0.0, Avg: 0.0, Max: 0.0, Diff: 0.0, Sum: 0.0]
      [Object Copy (ms): Min: 16.5, Avg: 16.7, Max: 16.9, Diff: 0.5, Sum: 300.6]
      [Termination (ms): Min: 0.0, Avg: 0.2, Max: 0.4, Diff: 0.4, Sum: 3.8]
         [Termination Attempts: Min: 1, Avg: 1.1, Max: 2, Diff: 1, Sum: 20]
      [GC Worker Other (ms): Min: 0.0, Avg: 0.0, Max: 0.1, Diff: 0.0, Sum: 0.4]
      [GC Worker Total (ms): Min: 17.5, Avg: 17.7, Max: 17.9, Diff: 0.4, Sum: 318.9]
      [GC Worker End (ms): Min: 7484.8, Avg: 7484.9, Max: 7484.9, Diff: 0.0]
   [Code Root Fixup: 0.0 ms]
   [Code Root Purge: 0.0 ms]
   [Clear CT: 0.2 ms]
   [Other: 1.3 ms]
      [Choose CSet: 0.1 ms]
      [Ref Proc: 0.3 ms]
      [Ref Enq: 0.0 ms]
      [Redirty Cards: 0.2 ms]
      [Humongous Register: 0.2 ms]
      [Humongous Reclaim: 0.0 ms]
      [Free CSet: 0.4 ms]
   [Eden: 13.0M(13.0M)->0.0B(46.0M) Survivors: 38.0M->5120.0K Heap: 668.7M(1024.0M)->582.0M(1024.0M)]
 [Times: user=0.29 sys=0.02, real=0.02 secs] 
7.503: [GC pause (G1 Evacuation Pause) (mixed), 0.0121052 secs]
   [Parallel Time: 10.6 ms, GC Workers: 18]
      [GC Worker Start (ms): Min: 7503.0, Avg: 7503.2, Max: 7503.4, Diff: 0.4]
      [Ext Root Scanning (ms): Min: 0.0, Avg: 0.2, Max: 0.4, Diff: 0.4, Sum: 2.9]
      [Update RS (ms): Min: 1.6, Avg: 1.9, Max: 2.1, Diff: 0.5, Sum: 33.4]
         [Processed Buffers: Min: 5, Avg: 5.8, Max: 7, Diff: 2, Sum: 105]
      [Scan RS (ms): Min: 0.0, Avg: 0.0, Max: 0.1, Diff: 0.1, Sum: 0.4]
      [Code Root Scanning (ms): Min: 0.0, Avg: 0.0, Max: 0.0, Diff: 0.0, Sum: 0.0]
      [Object Copy (ms): Min: 7.6, Avg: 7.9, Max: 8.1, Diff: 0.5, Sum: 142.1]
      [Termination (ms): Min: 0.0, Avg: 0.2, Max: 0.4, Diff: 0.4, Sum: 3.7]
         [Termination Attempts: Min: 1, Avg: 1.3, Max: 6, Diff: 5, Sum: 24]
      [GC Worker Other (ms): Min: 0.0, Avg: 0.0, Max: 0.0, Diff: 0.0, Sum: 0.3]
      [GC Worker Total (ms): Min: 10.0, Avg: 10.2, Max: 10.4, Diff: 0.4, Sum: 182.9]
      [GC Worker End (ms): Min: 7513.3, Avg: 7513.4, Max: 7513.4, Diff: 0.0]
   [Code Root Fixup: 0.0 ms]
   [Code Root Purge: 0.0 ms]
   [Clear CT: 0.2 ms]
   [Other: 1.3 ms]
      [Choose CSet: 0.0 ms]
      [Ref Proc: 0.3 ms]
      [Ref Enq: 0.0 ms]
      [Redirty Cards: 0.3 ms]
      [Humongous Register: 0.2 ms]
      [Humongous Reclaim: 0.1 ms]
      [Free CSet: 0.2 ms]
   [Eden: 46.0M(46.0M)->0.0B(224.0M) Survivors: 5120.0K->7168.0K Heap: 638.7M(1024.0M)->578.3M(1024.0M)]
 [Times: user=0.18 sys=0.01, real=0.01 secs] 
7.516: [GC pause (G1 Humongous Allocation) (young) (initial-mark), 0.0037431 secs]
   [Parallel Time: 2.7 ms, GC Workers: 18]
      [GC Worker Start (ms): Min: 7516.2, Avg: 7516.4, Max: 7516.5, Diff: 0.3]
      [Ext Root Scanning (ms): Min: 0.0, Avg: 0.2, Max: 0.3, Diff: 0.3, Sum: 3.4]
      [Update RS (ms): Min: 0.0, Avg: 0.3, Max: 0.9, Diff: 0.9, Sum: 5.3]
         [Processed Buffers: Min: 0, Avg: 1.0, Max: 2, Diff: 2, Sum: 18]
      [Scan RS (ms): Min: 0.0, Avg: 0.0, Max: 0.0, Diff: 0.0, Sum: 0.1]
      [Code Root Scanning (ms): Min: 0.0, Avg: 0.0, Max: 0.0, Diff: 0.0, Sum: 0.0]
      [Object Copy (ms): Min: 0.6, Avg: 1.5, Max: 2.1, Diff: 1.5, Sum: 27.2]
      [Termination (ms): Min: 0.0, Avg: 0.3, Max: 0.6, Diff: 0.6, Sum: 5.8]
         [Termination Attempts: Min: 1, Avg: 1.2, Max: 2, Diff: 1, Sum: 21]
      [GC Worker Other (ms): Min: 0.0, Avg: 0.0, Max: 0.0, Diff: 0.0, Sum: 0.3]
      [GC Worker Total (ms): Min: 2.2, Avg: 2.3, Max: 2.5, Diff: 0.3, Sum: 42.0]
      [GC Worker End (ms): Min: 7518.7, Avg: 7518.7, Max: 7518.7, Diff: 0.0]
   [Code Root Fixup: 0.0 ms]
   [Code Root Purge: 0.0 ms]
   [Clear CT: 0.3 ms]
   [Other: 0.8 ms]
      [Choose CSet: 0.0 ms]
      [Ref Proc: 0.2 ms]
      [Ref Enq: 0.0 ms]
      [Redirty Cards: 0.2 ms]
      [Humongous Register: 0.2 ms]
      [Humongous Reclaim: 0.0 ms]
      [Free CSet: 0.0 ms]
   [Eden: 3072.0K(224.0M)->0.0B(231.0M) Survivors: 7168.0K->8192.0K Heap: 580.9M(1024.0M)->578.0M(1024.0M)]
 [Times: user=0.04 sys=0.00, real=0.00 secs] 
7.520: [GC concurrent-root-region-scan-start]
7.520: [GC concurrent-root-region-scan-end, 0.0001488 secs]
7.520: [GC concurrent-mark-start]
7.523: [GC concurrent-mark-end, 0.0027632 secs]
7.523: [GC remark 7.523: [Finalize Marking, 0.0003010 secs] 7.523: [GC ref-proc, 0.0004145 secs] 7.524: [Unloading, 0.0010190 secs], 0.0026942 secs]
 [Times: user=0.02 sys=0.00, real=0.00 secs] 
7.526: [GC cleanup 588M->582M(1024M), 0.0017427 secs]
 [Times: user=0.02 sys=0.00, real=0.00 secs] 
7.527: [GC concurrent-cleanup-start]
7.527: [GC concurrent-cleanup-end, 0.0000344 secs]
7.614: [GC pause (G1 Evacuation Pause) (young) (to-space exhausted), 0.0321930 secs]
   [Parallel Time: 30.1 ms, GC Workers: 18]
      [GC Worker Start (ms): Min: 7614.9, Avg: 7615.1, Max: 7615.3, Diff: 0.4]
      [Ext Root Scanning (ms): Min: 0.0, Avg: 0.2, Max: 0.3, Diff: 0.3, Sum: 2.7]
      [Update RS (ms): Min: 9.3, Avg: 9.5, Max: 9.6, Diff: 0.3, Sum: 170.2]
         [Processed Buffers: Min: 26, Avg: 28.1, Max: 30, Diff: 4, Sum: 506]
      [Scan RS (ms): Min: 0.0, Avg: 0.1, Max: 0.4, Diff: 0.4, Sum: 1.6]
      [Code Root Scanning (ms): Min: 0.0, Avg: 0.0, Max: 0.0, Diff: 0.0, Sum: 0.0]
      [Object Copy (ms): Min: 19.1, Avg: 19.7, Max: 19.9, Diff: 0.8, Sum: 354.4]
      [Termination (ms): Min: 0.0, Avg: 0.3, Max: 0.4, Diff: 0.4, Sum: 4.6]
         [Termination Attempts: Min: 1, Avg: 1.0, Max: 1, Diff: 0, Sum: 18]
      [GC Worker Other (ms): Min: 0.0, Avg: 0.0, Max: 0.1, Diff: 0.1, Sum: 0.7]
      [GC Worker Total (ms): Min: 29.5, Avg: 29.7, Max: 29.9, Diff: 0.4, Sum: 534.2]
      [GC Worker End (ms): Min: 7644.7, Avg: 7644.8, Max: 7644.8, Diff: 0.0]
   [Code Root Fixup: 0.0 ms]
   [Code Root Purge: 0.0 ms]
   [Clear CT: 0.3 ms]
   [Other: 1.8 ms]
      [Evacuation Failure: 0.3 ms]
      [Choose CSet: 0.0 ms]
      [Ref Proc: 0.3 ms]
      [Ref Enq: 0.0 ms]
      [Redirty Cards: 0.2 ms]
      [Humongous Register: 0.3 ms]
      [Humongous Reclaim: 0.3 ms]
      [Free CSet: 0.3 ms]
   [Eden: 231.0M(231.0M)->0.0B(21.0M) Survivors: 8192.0K->30.0M Heap: 864.6M(1024.0M)->641.6M(1024.0M)]
 [Times: user=0.51 sys=0.03, real=0.03 secs] 
7.654: [GC pause (G1 Evacuation Pause) (mixed), 0.0156357 secs]
   [Parallel Time: 13.9 ms, GC Workers: 18]
      [GC Worker Start (ms): Min: 7654.3, Avg: 7654.5, Max: 7654.7, Diff: 0.4]
      [Ext Root Scanning (ms): Min: 0.0, Avg: 0.2, Max: 0.4, Diff: 0.4, Sum: 2.8]
      [Update RS (ms): Min: 0.5, Avg: 1.0, Max: 1.6, Diff: 1.1, Sum: 17.6]
         [Processed Buffers: Min: 0, Avg: 3.5, Max: 8, Diff: 8, Sum: 63]
      [Scan RS (ms): Min: 0.0, Avg: 0.1, Max: 0.3, Diff: 0.2, Sum: 1.2]
      [Code Root Scanning (ms): Min: 0.0, Avg: 0.0, Max: 0.0, Diff: 0.0, Sum: 0.0]
      [Object Copy (ms): Min: 11.3, Avg: 12.0, Max: 12.5, Diff: 1.2, Sum: 215.4]
      [Termination (ms): Min: 0.0, Avg: 0.2, Max: 0.4, Diff: 0.4, Sum: 4.4]
         [Termination Attempts: Min: 1, Avg: 1.1, Max: 2, Diff: 1, Sum: 19]
      [GC Worker Other (ms): Min: 0.0, Avg: 0.0, Max: 0.0, Diff: 0.0, Sum: 0.5]
      [GC Worker Total (ms): Min: 13.2, Avg: 13.4, Max: 13.7, Diff: 0.4, Sum: 242.0]
      [GC Worker End (ms): Min: 7667.9, Avg: 7667.9, Max: 7667.9, Diff: 0.0]
   [Code Root Fixup: 0.0 ms]
   [Code Root Purge: 0.0 ms]
   [Clear CT: 0.2 ms]
   [Other: 1.5 ms]
      [Choose CSet: 0.1 ms]
      [Ref Proc: 0.2 ms]
      [Ref Enq: 0.0 ms]
      [Redirty Cards: 0.3 ms]
      [Humongous Register: 0.2 ms]
      [Humongous Reclaim: 0.1 ms]
      [Free CSet: 0.4 ms]
   [Eden: 21.0M(21.0M)->0.0B(46.0M) Survivors: 30.0M->5120.0K Heap: 666.5M(1024.0M)->552.8M(1024.0M)]
 [Times: user=0.23 sys=0.00, real=0.01 secs] 
7.687: [GC pause (G1 Evacuation Pause) (mixed), 0.0198341 secs]
   [Parallel Time: 18.1 ms, GC Workers: 18]
      [GC Worker Start (ms): Min: 7687.2, Avg: 7687.4, Max: 7687.6, Diff: 0.4]
      [Ext Root Scanning (ms): Min: 0.0, Avg: 0.2, Max: 0.3, Diff: 0.3, Sum: 2.7]
      [Update RS (ms): Min: 2.1, Avg: 2.2, Max: 2.3, Diff: 0.2, Sum: 40.5]
         [Processed Buffers: Min: 7, Avg: 7.3, Max: 9, Diff: 2, Sum: 131]
      [Scan RS (ms): Min: 0.0, Avg: 0.1, Max: 0.2, Diff: 0.1, Sum: 1.2]
      [Code Root Scanning (ms): Min: 0.0, Avg: 0.0, Max: 0.1, Diff: 0.1, Sum: 0.1]
      [Object Copy (ms): Min: 14.8, Avg: 15.0, Max: 15.3, Diff: 0.5, Sum: 269.7]
      [Termination (ms): Min: 0.0, Avg: 0.3, Max: 0.5, Diff: 0.5, Sum: 5.7]
         [Termination Attempts: Min: 1, Avg: 1.1, Max: 2, Diff: 1, Sum: 20]
      [GC Worker Other (ms): Min: 0.0, Avg: 0.0, Max: 0.0, Diff: 0.0, Sum: 0.3]
      [GC Worker Total (ms): Min: 17.5, Avg: 17.8, Max: 18.0, Diff: 0.4, Sum: 320.3]
      [GC Worker End (ms): Min: 7705.2, Avg: 7705.2, Max: 7705.2, Diff: 0.0]
   [Code Root Fixup: 0.0 ms]
   [Code Root Purge: 0.0 ms]
   [Clear CT: 0.2 ms]
   [Other: 1.5 ms]
      [Choose CSet: 0.1 ms]
      [Ref Proc: 0.3 ms]
      [Ref Enq: 0.0 ms]
      [Redirty Cards: 0.3 ms]
      [Humongous Register: 0.2 ms]
      [Humongous Reclaim: 0.1 ms]
      [Free CSet: 0.4 ms]
   [Eden: 46.0M(46.0M)->0.0B(44.0M) Survivors: 5120.0K->7168.0K Heap: 612.7M(1024.0M)->501.0M(1024.0M)]
 [Times: user=0.30 sys=0.02, real=0.02 secs] 
7.723: [GC pause (G1 Evacuation Pause) (mixed), 0.0128755 secs]
   [Parallel Time: 11.3 ms, GC Workers: 18]
      [GC Worker Start (ms): Min: 7723.2, Avg: 7723.5, Max: 7723.7, Diff: 0.4]
      [Ext Root Scanning (ms): Min: 0.0, Avg: 0.1, Max: 0.4, Diff: 0.3, Sum: 2.5]
      [Update RS (ms): Min: 2.1, Avg: 2.3, Max: 2.5, Diff: 0.4, Sum: 41.9]
         [Processed Buffers: Min: 7, Avg: 7.3, Max: 9, Diff: 2, Sum: 132]
      [Scan RS (ms): Min: 0.0, Avg: 0.0, Max: 0.2, Diff: 0.2, Sum: 0.7]
      [Code Root Scanning (ms): Min: 0.0, Avg: 0.0, Max: 0.0, Diff: 0.0, Sum: 0.0]
      [Object Copy (ms): Min: 7.8, Avg: 8.0, Max: 8.4, Diff: 0.6, Sum: 144.8]
      [Termination (ms): Min: 0.0, Avg: 0.3, Max: 0.4, Diff: 0.4, Sum: 5.2]
         [Termination Attempts: Min: 1, Avg: 1.1, Max: 2, Diff: 1, Sum: 19]
      [GC Worker Other (ms): Min: 0.0, Avg: 0.0, Max: 0.0, Diff: 0.0, Sum: 0.4]
      [GC Worker Total (ms): Min: 10.7, Avg: 10.9, Max: 11.1, Diff: 0.4, Sum: 195.5]
      [GC Worker End (ms): Min: 7734.3, Avg: 7734.3, Max: 7734.3, Diff: 0.0]
   [Code Root Fixup: 0.0 ms]
   [Code Root Purge: 0.0 ms]
   [Clear CT: 0.2 ms]
   [Other: 1.3 ms]
      [Choose CSet: 0.0 ms]
      [Ref Proc: 0.3 ms]
      [Ref Enq: 0.0 ms]
      [Redirty Cards: 0.3 ms]
      [Humongous Register: 0.2 ms]
      [Humongous Reclaim: 0.1 ms]
      [Free CSet: 0.1 ms]
   [Eden: 44.0M(44.0M)->0.0B(279.0M) Survivors: 7168.0K->7168.0K Heap: 559.1M(1024.0M)->508.4M(1024.0M)]
 [Times: user=0.19 sys=0.00, real=0.01 secs] 
7.737: [GC pause (G1 Humongous Allocation) (young) (initial-mark), 0.0038813 secs]
   [Parallel Time: 2.7 ms, GC Workers: 18]
      [GC Worker Start (ms): Min: 7737.1, Avg: 7737.3, Max: 7737.4, Diff: 0.3]
      [Ext Root Scanning (ms): Min: 0.0, Avg: 0.2, Max: 0.4, Diff: 0.3, Sum: 3.2]
      [Update RS (ms): Min: 0.1, Avg: 0.4, Max: 1.5, Diff: 1.4, Sum: 7.1]
         [Processed Buffers: Min: 0, Avg: 1.0, Max: 2, Diff: 2, Sum: 18]
      [Scan RS (ms): Min: 0.0, Avg: 0.0, Max: 0.0, Diff: 0.0, Sum: 0.1]
      [Code Root Scanning (ms): Min: 0.0, Avg: 0.0, Max: 0.0, Diff: 0.0, Sum: 0.0]
      [Object Copy (ms): Min: 0.0, Avg: 1.4, Max: 2.0, Diff: 2.0, Sum: 24.5]
      [Termination (ms): Min: 0.0, Avg: 0.3, Max: 0.6, Diff: 0.6, Sum: 5.9]
         [Termination Attempts: Min: 1, Avg: 1.1, Max: 2, Diff: 1, Sum: 20]
      [GC Worker Other (ms): Min: 0.0, Avg: 0.0, Max: 0.0, Diff: 0.0, Sum: 0.4]
      [GC Worker Total (ms): Min: 2.1, Avg: 2.3, Max: 2.5, Diff: 0.3, Sum: 41.2]
      [GC Worker End (ms): Min: 7739.6, Avg: 7739.6, Max: 7739.6, Diff: 0.0]
   [Code Root Fixup: 0.0 ms]
   [Code Root Purge: 0.0 ms]
   [Clear CT: 0.2 ms]
   [Other: 0.9 ms]
      [Choose CSet: 0.0 ms]
      [Ref Proc: 0.2 ms]
      [Ref Enq: 0.0 ms]
      [Redirty Cards: 0.2 ms]
      [Humongous Register: 0.2 ms]
      [Humongous Reclaim: 0.0 ms]
      [Free CSet: 0.0 ms]
   [Eden: 3072.0K(279.0M)->0.0B(291.0M) Survivors: 7168.0K->8192.0K Heap: 510.7M(1024.0M)->508.8M(1024.0M)]
 [Times: user=0.04 sys=0.00, real=0.00 secs] 
7.741: [GC concurrent-root-region-scan-start]
7.741: [GC concurrent-root-region-scan-end, 0.0001506 secs]
7.741: [GC concurrent-mark-start]
7.743: [GC concurrent-mark-end, 0.0022518 secs]
7.743: [GC remark 7.743: [Finalize Marking, 0.0002930 secs] 7.744: [GC ref-proc, 0.0004122 secs] 7.744: [Unloading, 0.0009858 secs], 0.0025463 secs]
 [Times: user=0.01 sys=0.01, real=0.00 secs] 
7.746: [GC cleanup 518M->512M(1024M), 0.0016745 secs]
 [Times: user=0.02 sys=0.00, real=0.00 secs] 
7.748: [GC concurrent-cleanup-start]
7.748: [GC concurrent-cleanup-end, 0.0000342 secs]
7.857: [GC pause (G1 Evacuation Pause) (young) (to-space exhausted), 0.0331636 secs]
   [Parallel Time: 30.3 ms, GC Workers: 18]
      [GC Worker Start (ms): Min: 7857.5, Avg: 7857.8, Max: 7858.2, Diff: 0.7]
      [Ext Root Scanning (ms): Min: 0.0, Avg: 0.2, Max: 0.4, Diff: 0.4, Sum: 3.1]
      [Update RS (ms): Min: 18.5, Avg: 18.9, Max: 19.2, Diff: 0.7, Sum: 340.2]
         [Processed Buffers: Min: 32, Avg: 42.0, Max: 52, Diff: 20, Sum: 756]
      [Scan RS (ms): Min: 0.0, Avg: 0.1, Max: 0.8, Diff: 0.8, Sum: 2.1]
      [Code Root Scanning (ms): Min: 0.0, Avg: 0.0, Max: 0.0, Diff: 0.0, Sum: 0.0]
      [Object Copy (ms): Min: 9.5, Avg: 10.4, Max: 10.6, Diff: 1.1, Sum: 187.3]
      [Termination (ms): Min: 0.0, Avg: 0.1, Max: 0.1, Diff: 0.1, Sum: 1.1]
         [Termination Attempts: Min: 1, Avg: 1.0, Max: 1, Diff: 0, Sum: 18]
      [GC Worker Other (ms): Min: 0.0, Avg: 0.0, Max: 0.1, Diff: 0.1, Sum: 0.6]
      [GC Worker Total (ms): Min: 29.3, Avg: 29.7, Max: 30.0, Diff: 0.7, Sum: 534.4]
      [GC Worker End (ms): Min: 7887.5, Avg: 7887.5, Max: 7887.5, Diff: 0.0]
   [Code Root Fixup: 0.0 ms]
   [Code Root Purge: 0.0 ms]
   [Clear CT: 0.4 ms]
   [Other: 2.5 ms]
      [Evacuation Failure: 0.8 ms]
      [Choose CSet: 0.0 ms]
      [Ref Proc: 0.3 ms]
      [Ref Enq: 0.0 ms]
      [Redirty Cards: 0.2 ms]
      [Humongous Register: 0.3 ms]
      [Humongous Reclaim: 0.4 ms]
      [Free CSet: 0.2 ms]
   [Eden: 291.0M(291.0M)->0.0B(21.0M) Survivors: 8192.0K->30.0M Heap: 886.8M(1024.0M)->747.0M(1024.0M)]
 [Times: user=0.53 sys=0.00, real=0.03 secs] 
7.899: [GC pause (G1 Evacuation Pause) (mixed), 0.0177247 secs]
   [Parallel Time: 15.9 ms, GC Workers: 18]
      [GC Worker Start (ms): Min: 7899.1, Avg: 7899.4, Max: 7899.7, Diff: 0.6]
      [Ext Root Scanning (ms): Min: 0.0, Avg: 0.1, Max: 0.3, Diff: 0.3, Sum: 2.0]
      [Update RS (ms): Min: 1.0, Avg: 1.3, Max: 1.4, Diff: 0.4, Sum: 22.5]
         [Processed Buffers: Min: 2, Avg: 4.6, Max: 14, Diff: 12, Sum: 83]
      [Scan RS (ms): Min: 0.0, Avg: 0.1, Max: 0.4, Diff: 0.4, Sum: 1.6]
      [Code Root Scanning (ms): Min: 0.0, Avg: 0.0, Max: 0.0, Diff: 0.0, Sum: 0.0]
      [Object Copy (ms): Min: 13.4, Avg: 13.6, Max: 13.9, Diff: 0.5, Sum: 245.2]
      [Termination (ms): Min: 0.0, Avg: 0.3, Max: 0.5, Diff: 0.5, Sum: 5.6]
         [Termination Attempts: Min: 1, Avg: 1.0, Max: 1, Diff: 0, Sum: 18]
      [GC Worker Other (ms): Min: 0.0, Avg: 0.0, Max: 0.0, Diff: 0.0, Sum: 0.3]
      [GC Worker Total (ms): Min: 15.1, Avg: 15.4, Max: 15.7, Diff: 0.6, Sum: 277.3]
      [GC Worker End (ms): Min: 7914.8, Avg: 7914.8, Max: 7914.8, Diff: 0.0]
   [Code Root Fixup: 0.0 ms]
   [Code Root Purge: 0.0 ms]
   [Clear CT: 0.3 ms]
   [Other: 1.6 ms]
      [Choose CSet: 0.1 ms]
      [Ref Proc: 0.3 ms]
      [Ref Enq: 0.0 ms]
      [Redirty Cards: 0.3 ms]
      [Humongous Register: 0.3 ms]
      [Humongous Reclaim: 0.0 ms]
      [Free CSet: 0.4 ms]
   [Eden: 21.0M(21.0M)->0.0B(45.0M) Survivors: 30.0M->6144.0K Heap: 774.1M(1024.0M)->679.6M(1024.0M)]
 [Times: user=0.26 sys=0.02, real=0.02 secs] 
7.934: [GC pause (G1 Evacuation Pause) (mixed), 0.0134131 secs]
   [Parallel Time: 11.9 ms, GC Workers: 18]
      [GC Worker Start (ms): Min: 7934.6, Avg: 7934.8, Max: 7935.1, Diff: 0.5]
      [Ext Root Scanning (ms): Min: 0.0, Avg: 0.2, Max: 0.4, Diff: 0.4, Sum: 3.1]
      [Update RS (ms): Min: 1.9, Avg: 2.1, Max: 2.2, Diff: 0.3, Sum: 37.9]
         [Processed Buffers: Min: 5, Avg: 6.3, Max: 7, Diff: 2, Sum: 114]
      [Scan RS (ms): Min: 0.0, Avg: 0.0, Max: 0.1, Diff: 0.1, Sum: 0.5]
      [Code Root Scanning (ms): Min: 0.0, Avg: 0.0, Max: 0.0, Diff: 0.0, Sum: 0.0]
      [Object Copy (ms): Min: 8.3, Avg: 8.7, Max: 9.0, Diff: 0.7, Sum: 156.2]
      [Termination (ms): Min: 0.0, Avg: 0.3, Max: 0.7, Diff: 0.7, Sum: 5.9]
         [Termination Attempts: Min: 1, Avg: 1.1, Max: 2, Diff: 1, Sum: 19]
      [GC Worker Other (ms): Min: 0.0, Avg: 0.0, Max: 0.0, Diff: 0.0, Sum: 0.4]
      [GC Worker Total (ms): Min: 11.1, Avg: 11.3, Max: 11.6, Diff: 0.5, Sum: 204.0]
      [GC Worker End (ms): Min: 7946.2, Avg: 7946.2, Max: 7946.2, Diff: 0.0]
   [Code Root Fixup: 0.0 ms]
   [Code Root Purge: 0.0 ms]
   [Clear CT: 0.2 ms]
   [Other: 1.3 ms]
      [Choose CSet: 0.0 ms]
      [Ref Proc: 0.3 ms]
      [Ref Enq: 0.0 ms]
      [Redirty Cards: 0.3 ms]
      [Humongous Register: 0.2 ms]
      [Humongous Reclaim: 0.1 ms]
      [Free CSet: 0.2 ms]
   [Eden: 45.0M(45.0M)->0.0B(152.0M) Survivors: 6144.0K->7168.0K Heap: 736.5M(1024.0M)->674.1M(1024.0M)]
 [Times: user=0.20 sys=0.00, real=0.01 secs] 
7.949: [GC pause (G1 Humongous Allocation) (young) (initial-mark), 0.0039442 secs]
   [Parallel Time: 2.8 ms, GC Workers: 18]
      [GC Worker Start (ms): Min: 7949.6, Avg: 7949.8, Max: 7949.9, Diff: 0.3]
      [Ext Root Scanning (ms): Min: 0.1, Avg: 0.2, Max: 0.4, Diff: 0.3, Sum: 3.6]
      [Update RS (ms): Min: 0.1, Avg: 0.3, Max: 0.5, Diff: 0.5, Sum: 4.5]
         [Processed Buffers: Min: 0, Avg: 1.1, Max: 2, Diff: 2, Sum: 19]
      [Scan RS (ms): Min: 0.0, Avg: 0.0, Max: 0.0, Diff: 0.0, Sum: 0.1]
      [Code Root Scanning (ms): Min: 0.0, Avg: 0.0, Max: 0.0, Diff: 0.0, Sum: 0.0]
      [Object Copy (ms): Min: 1.1, Avg: 1.7, Max: 2.1, Diff: 1.0, Sum: 30.7]
      [Termination (ms): Min: 0.0, Avg: 0.3, Max: 0.7, Diff: 0.7, Sum: 5.1]
         [Termination Attempts: Min: 1, Avg: 1.1, Max: 2, Diff: 1, Sum: 19]
      [GC Worker Other (ms): Min: 0.0, Avg: 0.0, Max: 0.0, Diff: 0.0, Sum: 0.3]
      [GC Worker Total (ms): Min: 2.3, Avg: 2.5, Max: 2.6, Diff: 0.3, Sum: 44.3]
      [GC Worker End (ms): Min: 7952.2, Avg: 7952.3, Max: 7952.3, Diff: 0.0]
   [Code Root Fixup: 0.0 ms]
   [Code Root Purge: 0.0 ms]
   [Clear CT: 0.2 ms]
   [Other: 0.9 ms]
      [Choose CSet: 0.0 ms]
      [Ref Proc: 0.3 ms]
      [Ref Enq: 0.0 ms]
      [Redirty Cards: 0.2 ms]
      [Humongous Register: 0.2 ms]
      [Humongous Reclaim: 0.0 ms]
      [Free CSet: 0.0 ms]
   [Eden: 5120.0K(152.0M)->0.0B(156.0M) Survivors: 7168.0K->9216.0K Heap: 679.0M(1024.0M)->675.3M(1024.0M)]
 [Times: user=0.05 sys=0.00, real=0.01 secs] 
7.953: [GC concurrent-root-region-scan-start]
7.954: [GC concurrent-root-region-scan-end, 0.0001844 secs]
7.954: [GC concurrent-mark-start]
7.956: [GC concurrent-mark-end, 0.0024723 secs]
7.956: [GC remark 7.956: [Finalize Marking, 0.0003332 secs] 7.957: [GC ref-proc, 0.0004183 secs] 7.957: [Unloading, 0.0009233 secs], 0.0025577 secs]
 [Times: user=0.02 sys=0.00, real=0.00 secs] 
7.959: [GC cleanup 686M->672M(1024M), 0.0018594 secs]
 [Times: user=0.01 sys=0.00, real=0.00 secs] 
7.961: [GC concurrent-cleanup-start]
7.961: [GC concurrent-cleanup-end, 0.0000492 secs]
8.016: [GC pause (G1 Evacuation Pause) (young), 0.0239852 secs]
   [Parallel Time: 22.2 ms, GC Workers: 18]
      [GC Worker Start (ms): Min: 8016.9, Avg: 8017.0, Max: 8017.2, Diff: 0.3]
      [Ext Root Scanning (ms): Min: 0.0, Avg: 0.2, Max: 0.4, Diff: 0.3, Sum: 3.2]
      [Update RS (ms): Min: 6.0, Avg: 6.2, Max: 6.4, Diff: 0.4, Sum: 110.7]
         [Processed Buffers: Min: 16, Avg: 18.5, Max: 20, Diff: 4, Sum: 333]
      [Scan RS (ms): Min: 0.0, Avg: 0.0, Max: 0.1, Diff: 0.1, Sum: 0.8]
      [Code Root Scanning (ms): Min: 0.0, Avg: 0.0, Max: 0.0, Diff: 0.0, Sum: 0.0]
      [Object Copy (ms): Min: 14.7, Avg: 15.1, Max: 15.6, Diff: 0.9, Sum: 271.9]
      [Termination (ms): Min: 0.0, Avg: 0.3, Max: 0.7, Diff: 0.7, Sum: 5.9]
         [Termination Attempts: Min: 1, Avg: 1.1, Max: 2, Diff: 1, Sum: 20]
      [GC Worker Other (ms): Min: 0.0, Avg: 0.0, Max: 0.1, Diff: 0.0, Sum: 0.6]
      [GC Worker Total (ms): Min: 21.7, Avg: 21.8, Max: 22.0, Diff: 0.3, Sum: 393.2]
      [GC Worker End (ms): Min: 8038.9, Avg: 8038.9, Max: 8038.9, Diff: 0.0]
   [Code Root Fixup: 0.0 ms]
   [Code Root Purge: 0.0 ms]
   [Clear CT: 0.2 ms]
   [Other: 1.5 ms]
      [Choose CSet: 0.0 ms]
      [Ref Proc: 0.3 ms]
      [Ref Enq: 0.0 ms]
      [Redirty Cards: 0.3 ms]
      [Humongous Register: 0.3 ms]
      [Humongous Reclaim: 0.2 ms]
      [Free CSet: 0.3 ms]
   [Eden: 156.0M(156.0M)->0.0B(30.0M) Survivors: 9216.0K->21.0M Heap: 857.2M(1024.0M)->709.4M(1024.0M)]
 [Times: user=0.37 sys=0.02, real=0.02 secs] 
8.051: [GC pause (G1 Evacuation Pause) (mixed), 0.0140747 secs]
   [Parallel Time: 12.4 ms, GC Workers: 18]
      [GC Worker Start (ms): Min: 8051.5, Avg: 8051.7, Max: 8051.9, Diff: 0.4]
      [Ext Root Scanning (ms): Min: 0.0, Avg: 0.2, Max: 0.4, Diff: 0.4, Sum: 2.8]
      [Update RS (ms): Min: 1.0, Avg: 1.2, Max: 1.3, Diff: 0.3, Sum: 21.0]
         [Processed Buffers: Min: 3, Avg: 4.0, Max: 6, Diff: 3, Sum: 72]
      [Scan RS (ms): Min: 0.0, Avg: 0.0, Max: 0.2, Diff: 0.2, Sum: 0.7]
      [Code Root Scanning (ms): Min: 0.0, Avg: 0.0, Max: 0.0, Diff: 0.0, Sum: 0.0]
      [Object Copy (ms): Min: 10.2, Avg: 10.4, Max: 10.6, Diff: 0.3, Sum: 186.9]
      [Termination (ms): Min: 0.0, Avg: 0.1, Max: 0.2, Diff: 0.2, Sum: 2.2]
         [Termination Attempts: Min: 1, Avg: 1.1, Max: 2, Diff: 1, Sum: 20]
      [GC Worker Other (ms): Min: 0.0, Avg: 0.0, Max: 0.1, Diff: 0.0, Sum: 0.4]
      [GC Worker Total (ms): Min: 11.7, Avg: 11.9, Max: 12.1, Diff: 0.4, Sum: 214.0]
      [GC Worker End (ms): Min: 8063.6, Avg: 8063.6, Max: 8063.7, Diff: 0.0]
   [Code Root Fixup: 0.0 ms]
   [Code Root Purge: 0.0 ms]
   [Clear CT: 0.2 ms]
   [Other: 1.5 ms]
      [Choose CSet: 0.1 ms]
      [Ref Proc: 0.3 ms]
      [Ref Enq: 0.0 ms]
      [Redirty Cards: 0.3 ms]
      [Humongous Register: 0.2 ms]
      [Humongous Reclaim: 0.1 ms]
      [Free CSet: 0.4 ms]
   [Eden: 30.0M(30.0M)->0.0B(44.0M) Survivors: 21.0M->7168.0K Heap: 746.0M(1024.0M)->619.2M(1024.0M)]
 [Times: user=0.22 sys=0.00, real=0.02 secs] 
8.080: [GC pause (G1 Evacuation Pause) (mixed), 0.0159330 secs]
   [Parallel Time: 14.2 ms, GC Workers: 18]
      [GC Worker Start (ms): Min: 8080.0, Avg: 8080.2, Max: 8080.4, Diff: 0.3]
      [Ext Root Scanning (ms): Min: 0.0, Avg: 0.2, Max: 0.4, Diff: 0.3, Sum: 3.3]
      [Update RS (ms): Min: 1.1, Avg: 1.3, Max: 1.5, Diff: 0.4, Sum: 23.8]
         [Processed Buffers: Min: 4, Avg: 4.5, Max: 6, Diff: 2, Sum: 81]
      [Scan RS (ms): Min: 0.0, Avg: 0.1, Max: 0.2, Diff: 0.2, Sum: 1.2]
      [Code Root Scanning (ms): Min: 0.0, Avg: 0.0, Max: 0.0, Diff: 0.0, Sum: 0.0]
      [Object Copy (ms): Min: 11.6, Avg: 12.1, Max: 12.4, Diff: 0.7, Sum: 217.0]
      [Termination (ms): Min: 0.0, Avg: 0.2, Max: 0.3, Diff: 0.3, Sum: 3.3]
         [Termination Attempts: Min: 1, Avg: 1.2, Max: 3, Diff: 2, Sum: 21]
      [GC Worker Other (ms): Min: 0.0, Avg: 0.0, Max: 0.1, Diff: 0.1, Sum: 0.5]
      [GC Worker Total (ms): Min: 13.6, Avg: 13.8, Max: 14.0, Diff: 0.4, Sum: 249.0]
      [GC Worker End (ms): Min: 8094.0, Avg: 8094.0, Max: 8094.1, Diff: 0.0]
   [Code Root Fixup: 0.0 ms]
   [Code Root Purge: 0.0 ms]
   [Clear CT: 0.2 ms]
   [Other: 1.5 ms]
      [Choose CSet: 0.1 ms]
      [Ref Proc: 0.3 ms]
      [Ref Enq: 0.0 ms]
      [Redirty Cards: 0.3 ms]
      [Humongous Register: 0.2 ms]
      [Humongous Reclaim: 0.1 ms]
      [Free CSet: 0.3 ms]
   [Eden: 44.0M(44.0M)->0.0B(44.0M) Survivors: 7168.0K->7168.0K Heap: 670.8M(1024.0M)->547.6M(1024.0M)]
 [Times: user=0.24 sys=0.01, real=0.02 secs] 
8.111: [GC pause (G1 Evacuation Pause) (mixed), 0.0192849 secs]
   [Parallel Time: 17.6 ms, GC Workers: 18]
      [GC Worker Start (ms): Min: 8111.5, Avg: 8111.7, Max: 8111.8, Diff: 0.3]
      [Ext Root Scanning (ms): Min: 0.0, Avg: 0.1, Max: 0.3, Diff: 0.3, Sum: 2.3]
      [Update RS (ms): Min: 1.5, Avg: 1.8, Max: 1.8, Diff: 0.3, Sum: 31.6]
         [Processed Buffers: Min: 4, Avg: 5.8, Max: 7, Diff: 3, Sum: 105]
      [Scan RS (ms): Min: 0.0, Avg: 0.1, Max: 0.2, Diff: 0.2, Sum: 1.2]
      [Code Root Scanning (ms): Min: 0.0, Avg: 0.0, Max: 0.0, Diff: 0.0, Sum: 0.0]
      [Object Copy (ms): Min: 14.7, Avg: 14.9, Max: 15.2, Diff: 0.5, Sum: 267.7]
      [Termination (ms): Min: 0.0, Avg: 0.3, Max: 0.5, Diff: 0.5, Sum: 4.9]
         [Termination Attempts: Min: 1, Avg: 1.0, Max: 1, Diff: 0, Sum: 18]
      [GC Worker Other (ms): Min: 0.0, Avg: 0.0, Max: 0.0, Diff: 0.0, Sum: 0.4]
      [GC Worker Total (ms): Min: 16.9, Avg: 17.1, Max: 17.3, Diff: 0.3, Sum: 308.0]
      [GC Worker End (ms): Min: 8128.8, Avg: 8128.8, Max: 8128.8, Diff: 0.0]
   [Code Root Fixup: 0.0 ms]
   [Code Root Purge: 0.0 ms]
   [Clear CT: 0.3 ms]
   [Other: 1.5 ms]
      [Choose CSet: 0.1 ms]
      [Ref Proc: 0.3 ms]
      [Ref Enq: 0.0 ms]
      [Redirty Cards: 0.3 ms]
      [Humongous Register: 0.2 ms]
      [Humongous Reclaim: 0.1 ms]
      [Free CSet: 0.3 ms]
   [Eden: 44.0M(44.0M)->0.0B(44.0M) Survivors: 7168.0K->7168.0K Heap: 602.3M(1024.0M)->491.2M(1024.0M)]
 [Times: user=0.29 sys=0.01, real=0.02 secs] 
8.146: [GC pause (G1 Evacuation Pause) (mixed), 0.0124011 secs]
   [Parallel Time: 10.9 ms, GC Workers: 18]
      [GC Worker Start (ms): Min: 8146.3, Avg: 8146.5, Max: 8146.6, Diff: 0.3]
      [Ext Root Scanning (ms): Min: 0.0, Avg: 0.2, Max: 0.3, Diff: 0.3, Sum: 3.1]
      [Update RS (ms): Min: 1.8, Avg: 2.0, Max: 2.2, Diff: 0.4, Sum: 35.4]
         [Processed Buffers: Min: 5, Avg: 6.2, Max: 7, Diff: 2, Sum: 112]
      [Scan RS (ms): Min: 0.0, Avg: 0.0, Max: 0.1, Diff: 0.1, Sum: 0.6]
      [Code Root Scanning (ms): Min: 0.0, Avg: 0.0, Max: 0.0, Diff: 0.0, Sum: 0.0]
      [Object Copy (ms): Min: 7.5, Avg: 8.1, Max: 8.5, Diff: 0.9, Sum: 146.2]
      [Termination (ms): Min: 0.0, Avg: 0.2, Max: 0.7, Diff: 0.7, Sum: 3.7]
         [Termination Attempts: Min: 1, Avg: 1.0, Max: 1, Diff: 0, Sum: 18]
      [GC Worker Other (ms): Min: 0.0, Avg: 0.0, Max: 0.1, Diff: 0.0, Sum: 0.4]
      [GC Worker Total (ms): Min: 10.4, Avg: 10.5, Max: 10.7, Diff: 0.3, Sum: 189.5]
      [GC Worker End (ms): Min: 8157.0, Avg: 8157.0, Max: 8157.0, Diff: 0.0]
   [Code Root Fixup: 0.0 ms]
   [Code Root Purge: 0.0 ms]
   [Clear CT: 0.3 ms]
   [Other: 1.3 ms]
      [Choose CSet: 0.0 ms]
      [Ref Proc: 0.3 ms]
      [Ref Enq: 0.0 ms]
      [Redirty Cards: 0.3 ms]
      [Humongous Register: 0.2 ms]
      [Humongous Reclaim: 0.1 ms]
      [Free CSet: 0.1 ms]
   [Eden: 44.0M(44.0M)->0.0B(308.0M) Survivors: 7168.0K->7168.0K Heap: 546.9M(1024.0M)->494.8M(1024.0M)]
 [Times: user=0.19 sys=0.00, real=0.01 secs] 
8.160: [GC pause (G1 Humongous Allocation) (young) (initial-mark), 0.0033612 secs]
   [Parallel Time: 2.3 ms, GC Workers: 18]
      [GC Worker Start (ms): Min: 8159.9, Avg: 8160.0, Max: 8160.1, Diff: 0.2]
      [Ext Root Scanning (ms): Min: 0.1, Avg: 0.2, Max: 0.3, Diff: 0.2, Sum: 3.7]
      [Update RS (ms): Min: 0.0, Avg: 0.3, Max: 0.8, Diff: 0.8, Sum: 5.0]
         [Processed Buffers: Min: 0, Avg: 1.1, Max: 2, Diff: 2, Sum: 19]
      [Scan RS (ms): Min: 0.0, Avg: 0.0, Max: 0.0, Diff: 0.0, Sum: 0.1]
      [Code Root Scanning (ms): Min: 0.0, Avg: 0.0, Max: 0.0, Diff: 0.0, Sum: 0.0]
      [Object Copy (ms): Min: 0.6, Avg: 1.3, Max: 1.7, Diff: 1.1, Sum: 22.7]
      [Termination (ms): Min: 0.0, Avg: 0.2, Max: 0.5, Diff: 0.5, Sum: 4.4]
         [Termination Attempts: Min: 1, Avg: 1.0, Max: 1, Diff: 0, Sum: 18]
      [GC Worker Other (ms): Min: 0.0, Avg: 0.0, Max: 0.0, Diff: 0.0, Sum: 0.3]
      [GC Worker Total (ms): Min: 1.9, Avg: 2.0, Max: 2.1, Diff: 0.2, Sum: 36.2]
      [GC Worker End (ms): Min: 8162.0, Avg: 8162.0, Max: 8162.0, Diff: 0.0]
   [Code Root Fixup: 0.0 ms]
   [Code Root Purge: 0.0 ms]
   [Clear CT: 0.2 ms]
   [Other: 0.9 ms]
      [Choose CSet: 0.0 ms]
      [Ref Proc: 0.2 ms]
      [Ref Enq: 0.0 ms]
      [Redirty Cards: 0.2 ms]
      [Humongous Register: 0.2 ms]
      [Humongous Reclaim: 0.0 ms]
      [Free CSet: 0.0 ms]
   [Eden: 3072.0K(308.0M)->0.0B(319.0M) Survivors: 7168.0K->7168.0K Heap: 497.1M(1024.0M)->494.6M(1024.0M)]
 [Times: user=0.04 sys=0.00, real=0.01 secs] 
8.163: [GC concurrent-root-region-scan-start]
8.163: [GC concurrent-root-region-scan-end, 0.0001585 secs]
8.163: [GC concurrent-mark-start]
8.165: [GC concurrent-mark-end, 0.0022676 secs]
8.166: [GC remark 8.166: [Finalize Marking, 0.0003962 secs] 8.166: [GC ref-proc, 0.0003983 secs] 8.166: [Unloading, 0.0009317 secs], 0.0026985 secs]
 [Times: user=0.03 sys=0.00, real=0.00 secs] 
8.168: [GC cleanup 506M->499M(1024M), 0.0017971 secs]
 [Times: user=0.01 sys=0.00, real=0.00 secs] 
8.170: [GC concurrent-cleanup-start]
8.170: [GC concurrent-cleanup-end, 0.0000508 secs]
8.295: [GC pause (G1 Humongous Allocation) (young) (to-space exhausted), 0.0212303 secs]
   [Parallel Time: 18.5 ms, GC Workers: 18]
      [GC Worker Start (ms): Min: 8295.0, Avg: 8295.2, Max: 8295.4, Diff: 0.4]
      [Ext Root Scanning (ms): Min: 0.0, Avg: 0.1, Max: 0.3, Diff: 0.3, Sum: 2.1]
      [Update RS (ms): Min: 16.7, Avg: 16.8, Max: 16.9, Diff: 0.3, Sum: 303.1]
         [Processed Buffers: Min: 39, Avg: 45.2, Max: 51, Diff: 12, Sum: 813]
      [Scan RS (ms): Min: 0.0, Avg: 0.0, Max: 0.1, Diff: 0.1, Sum: 0.7]
      [Code Root Scanning (ms): Min: 0.0, Avg: 0.0, Max: 0.0, Diff: 0.0, Sum: 0.0]
      [Object Copy (ms): Min: 0.8, Avg: 0.9, Max: 1.0, Diff: 0.2, Sum: 16.6]
      [Termination (ms): Min: 0.0, Avg: 0.1, Max: 0.1, Diff: 0.1, Sum: 1.6]
         [Termination Attempts: Min: 1, Avg: 1.0, Max: 1, Diff: 0, Sum: 18]
      [GC Worker Other (ms): Min: 0.0, Avg: 0.0, Max: 0.1, Diff: 0.1, Sum: 0.5]
      [GC Worker Total (ms): Min: 17.8, Avg: 18.0, Max: 18.3, Diff: 0.4, Sum: 324.7]
      [GC Worker End (ms): Min: 8313.3, Avg: 8313.3, Max: 8313.3, Diff: 0.0]
   [Code Root Fixup: 0.0 ms]
   [Code Root Purge: 0.0 ms]
   [Clear CT: 0.3 ms]
   [Other: 2.5 ms]
      [Evacuation Failure: 1.0 ms]
      [Choose CSet: 0.0 ms]
      [Ref Proc: 0.3 ms]
      [Ref Enq: 0.0 ms]
      [Redirty Cards: 0.2 ms]
      [Humongous Register: 0.3 ms]
      [Humongous Reclaim: 0.4 ms]
      [Free CSet: 0.1 ms]
   [Eden: 318.0M(319.0M)->0.0B(51.0M) Survivors: 7168.0K->0.0B Heap: 905.5M(1024.0M)->779.4M(1024.0M)]
 [Times: user=0.32 sys=0.00, real=0.02 secs] 
8.336: [GC pause (G1 Evacuation Pause) (mixed), 0.0157952 secs]
   [Parallel Time: 14.1 ms, GC Workers: 18]
      [GC Worker Start (ms): Min: 8336.4, Avg: 8336.6, Max: 8336.9, Diff: 0.5]
      [Ext Root Scanning (ms): Min: 0.0, Avg: 0.1, Max: 0.3, Diff: 0.3, Sum: 2.2]
      [Update RS (ms): Min: 2.0, Avg: 2.2, Max: 2.3, Diff: 0.3, Sum: 39.9]
         [Processed Buffers: Min: 7, Avg: 8.6, Max: 12, Diff: 5, Sum: 155]
      [Scan RS (ms): Min: 0.0, Avg: 0.1, Max: 0.3, Diff: 0.3, Sum: 1.7]
      [Code Root Scanning (ms): Min: 0.0, Avg: 0.0, Max: 0.1, Diff: 0.1, Sum: 0.1]
      [Object Copy (ms): Min: 10.6, Avg: 10.9, Max: 11.2, Diff: 0.5, Sum: 197.0]
      [Termination (ms): Min: 0.0, Avg: 0.2, Max: 0.4, Diff: 0.4, Sum: 3.6]
         [Termination Attempts: Min: 1, Avg: 1.0, Max: 1, Diff: 0, Sum: 18]
      [GC Worker Other (ms): Min: 0.0, Avg: 0.0, Max: 0.1, Diff: 0.1, Sum: 0.6]
      [GC Worker Total (ms): Min: 13.4, Avg: 13.6, Max: 13.8, Diff: 0.5, Sum: 244.9]
      [GC Worker End (ms): Min: 8350.2, Avg: 8350.3, Max: 8350.3, Diff: 0.0]
   [Code Root Fixup: 0.0 ms]
   [Code Root Purge: 0.0 ms]
   [Clear CT: 0.2 ms]
   [Other: 1.4 ms]
      [Choose CSet: 0.1 ms]
      [Ref Proc: 0.3 ms]
      [Ref Enq: 0.0 ms]
      [Redirty Cards: 0.2 ms]
      [Humongous Register: 0.3 ms]
      [Humongous Reclaim: 0.1 ms]
      [Free CSet: 0.4 ms]
   [Eden: 51.0M(51.0M)->0.0B(44.0M) Survivors: 0.0B->7168.0K Heap: 844.5M(1024.0M)->716.9M(1024.0M)]
 [Times: user=0.24 sys=0.01, real=0.02 secs] 
8.367: [GC pause (G1 Evacuation Pause) (mixed), 0.0126563 secs]
   [Parallel Time: 11.1 ms, GC Workers: 18]
      [GC Worker Start (ms): Min: 8367.9, Avg: 8368.1, Max: 8368.3, Diff: 0.4]
      [Ext Root Scanning (ms): Min: 0.0, Avg: 0.1, Max: 0.3, Diff: 0.3, Sum: 2.1]
      [Update RS (ms): Min: 1.5, Avg: 1.7, Max: 1.9, Diff: 0.4, Sum: 30.5]
         [Processed Buffers: Min: 5, Avg: 5.6, Max: 7, Diff: 2, Sum: 101]
      [Scan RS (ms): Min: 0.0, Avg: 0.0, Max: 0.2, Diff: 0.2, Sum: 0.7]
      [Code Root Scanning (ms): Min: 0.0, Avg: 0.0, Max: 0.0, Diff: 0.0, Sum: 0.0]
      [Object Copy (ms): Min: 8.3, Avg: 8.6, Max: 8.9, Diff: 0.6, Sum: 153.9]
      [Termination (ms): Min: 0.0, Avg: 0.2, Max: 0.3, Diff: 0.3, Sum: 3.7]
         [Termination Attempts: Min: 1, Avg: 1.1, Max: 2, Diff: 1, Sum: 19]
      [GC Worker Other (ms): Min: 0.0, Avg: 0.0, Max: 0.0, Diff: 0.0, Sum: 0.4]
      [GC Worker Total (ms): Min: 10.4, Avg: 10.6, Max: 10.8, Diff: 0.4, Sum: 191.1]
      [GC Worker End (ms): Min: 8378.7, Avg: 8378.7, Max: 8378.8, Diff: 0.0]
   [Code Root Fixup: 0.0 ms]
   [Code Root Purge: 0.0 ms]
   [Clear CT: 0.2 ms]
   [Other: 1.3 ms]
      [Choose CSet: 0.0 ms]
      [Ref Proc: 0.3 ms]
      [Ref Enq: 0.0 ms]
      [Redirty Cards: 0.3 ms]
      [Humongous Register: 0.3 ms]
      [Humongous Reclaim: 0.1 ms]
      [Free CSet: 0.2 ms]
   [Eden: 44.0M(44.0M)->0.0B(114.0M) Survivors: 7168.0K->7168.0K Heap: 771.1M(1024.0M)->716.3M(1024.0M)]
 [Times: user=0.18 sys=0.01, real=0.01 secs] 
8.381: [GC pause (G1 Humongous Allocation) (young) (initial-mark), 0.0036255 secs]
   [Parallel Time: 2.4 ms, GC Workers: 18]
      [GC Worker Start (ms): Min: 8381.3, Avg: 8381.5, Max: 8381.6, Diff: 0.3]
      [Ext Root Scanning (ms): Min: 0.1, Avg: 0.2, Max: 0.4, Diff: 0.3, Sum: 3.4]
      [Update RS (ms): Min: 0.1, Avg: 0.3, Max: 1.3, Diff: 1.2, Sum: 5.9]
         [Processed Buffers: Min: 0, Avg: 1.0, Max: 2, Diff: 2, Sum: 18]
      [Scan RS (ms): Min: 0.0, Avg: 0.0, Max: 0.0, Diff: 0.0, Sum: 0.1]
      [Code Root Scanning (ms): Min: 0.0, Avg: 0.0, Max: 0.0, Diff: 0.0, Sum: 0.0]
      [Object Copy (ms): Min: 0.0, Avg: 1.2, Max: 1.7, Diff: 1.7, Sum: 20.8]
      [Termination (ms): Min: 0.0, Avg: 0.3, Max: 0.7, Diff: 0.7, Sum: 6.2]
         [Termination Attempts: Min: 1, Avg: 1.0, Max: 1, Diff: 0, Sum: 18]
      [GC Worker Other (ms): Min: 0.0, Avg: 0.0, Max: 0.0, Diff: 0.0, Sum: 0.3]
      [GC Worker Total (ms): Min: 1.9, Avg: 2.0, Max: 2.2, Diff: 0.3, Sum: 36.6]
      [GC Worker End (ms): Min: 8383.5, Avg: 8383.5, Max: 8383.5, Diff: 0.0]
   [Code Root Fixup: 0.0 ms]
   [Code Root Purge: 0.0 ms]
   [Clear CT: 0.2 ms]
   [Other: 1.0 ms]
      [Choose CSet: 0.0 ms]
      [Ref Proc: 0.3 ms]
      [Ref Enq: 0.0 ms]
      [Redirty Cards: 0.2 ms]
      [Humongous Register: 0.2 ms]
      [Humongous Reclaim: 0.0 ms]
      [Free CSet: 0.0 ms]
   [Eden: 2048.0K(114.0M)->0.0B(118.0M) Survivors: 7168.0K->7168.0K Heap: 718.1M(1024.0M)->715.9M(1024.0M)]
 [Times: user=0.04 sys=0.00, real=0.01 secs] 
8.385: [GC concurrent-root-region-scan-start]
8.385: [GC concurrent-root-region-scan-end, 0.0001192 secs]
8.385: [GC concurrent-mark-start]
8.387: [GC concurrent-mark-end, 0.0026051 secs]
8.388: [GC remark 8.388: [Finalize Marking, 0.0004940 secs] 8.388: [GC ref-proc, 0.0003992 secs] 8.389: [Unloading, 0.0010367 secs], 0.0028884 secs]
 [Times: user=0.02 sys=0.00, real=0.00 secs] 
8.391: [GC cleanup 728M->713M(1024M), 0.0018555 secs]
 [Times: user=0.02 sys=0.00, real=0.01 secs] 
8.392: [GC concurrent-cleanup-start]
8.393: [GC concurrent-cleanup-end, 0.0000650 secs]
8.434: [GC pause (G1 Evacuation Pause) (young), 0.0182428 secs]
   [Parallel Time: 16.6 ms, GC Workers: 18]
      [GC Worker Start (ms): Min: 8434.1, Avg: 8434.3, Max: 8434.5, Diff: 0.4]
      [Ext Root Scanning (ms): Min: 0.0, Avg: 0.2, Max: 0.3, Diff: 0.3, Sum: 3.4]
      [Update RS (ms): Min: 4.9, Avg: 5.1, Max: 5.3, Diff: 0.4, Sum: 91.2]
         [Processed Buffers: Min: 14, Avg: 15.7, Max: 19, Diff: 5, Sum: 283]
      [Scan RS (ms): Min: 0.0, Avg: 0.0, Max: 0.1, Diff: 0.1, Sum: 0.7]
      [Code Root Scanning (ms): Min: 0.0, Avg: 0.0, Max: 0.0, Diff: 0.0, Sum: 0.0]
      [Object Copy (ms): Min: 10.1, Avg: 10.6, Max: 11.1, Diff: 1.0, Sum: 191.5]
      [Termination (ms): Min: 0.0, Avg: 0.3, Max: 0.7, Diff: 0.7, Sum: 5.6]
         [Termination Attempts: Min: 1, Avg: 1.1, Max: 2, Diff: 1, Sum: 20]
      [GC Worker Other (ms): Min: 0.0, Avg: 0.0, Max: 0.1, Diff: 0.1, Sum: 0.5]
      [GC Worker Total (ms): Min: 16.1, Avg: 16.3, Max: 16.4, Diff: 0.3, Sum: 292.9]
      [GC Worker End (ms): Min: 8450.5, Avg: 8450.5, Max: 8450.6, Diff: 0.0]
   [Code Root Fixup: 0.0 ms]
   [Code Root Purge: 0.0 ms]
   [Clear CT: 0.2 ms]
   [Other: 1.4 ms]
      [Choose CSet: 0.0 ms]
      [Ref Proc: 0.3 ms]
      [Ref Enq: 0.0 ms]
      [Redirty Cards: 0.3 ms]
      [Humongous Register: 0.3 ms]
      [Humongous Reclaim: 0.2 ms]
      [Free CSet: 0.2 ms]
   [Eden: 118.0M(118.0M)->0.0B(35.0M) Survivors: 7168.0K->16.0M Heap: 853.0M(1024.0M)->735.5M(1024.0M)]
 [Times: user=0.29 sys=0.01, real=0.02 secs] 
8.466: [GC pause (G1 Evacuation Pause) (mixed), 0.0132750 secs]
   [Parallel Time: 11.5 ms, GC Workers: 18]
      [GC Worker Start (ms): Min: 8466.4, Avg: 8466.6, Max: 8466.8, Diff: 0.4]
      [Ext Root Scanning (ms): Min: 0.0, Avg: 0.1, Max: 0.3, Diff: 0.3, Sum: 2.5]
      [Update RS (ms): Min: 1.6, Avg: 1.8, Max: 1.9, Diff: 0.4, Sum: 31.8]
         [Processed Buffers: Min: 5, Avg: 5.6, Max: 6, Diff: 1, Sum: 101]
      [Scan RS (ms): Min: 0.0, Avg: 0.1, Max: 0.6, Diff: 0.6, Sum: 1.6]
      [Code Root Scanning (ms): Min: 0.0, Avg: 0.0, Max: 0.0, Diff: 0.0, Sum: 0.0]
      [Object Copy (ms): Min: 8.1, Avg: 8.8, Max: 9.2, Diff: 1.1, Sum: 158.7]
      [Termination (ms): Min: 0.0, Avg: 0.2, Max: 0.3, Diff: 0.3, Sum: 3.6]
         [Termination Attempts: Min: 1, Avg: 1.1, Max: 2, Diff: 1, Sum: 19]
      [GC Worker Other (ms): Min: 0.0, Avg: 0.0, Max: 0.0, Diff: 0.0, Sum: 0.3]
      [GC Worker Total (ms): Min: 10.8, Avg: 11.0, Max: 11.2, Diff: 0.4, Sum: 198.5]
      [GC Worker End (ms): Min: 8477.6, Avg: 8477.7, Max: 8477.7, Diff: 0.0]
   [Code Root Fixup: 0.0 ms]
   [Code Root Purge: 0.0 ms]
   [Clear CT: 0.2 ms]
   [Other: 1.5 ms]
      [Choose CSet: 0.1 ms]
      [Ref Proc: 0.3 ms]
      [Ref Enq: 0.0 ms]
      [Redirty Cards: 0.3 ms]
      [Humongous Register: 0.3 ms]
      [Humongous Reclaim: 0.1 ms]
      [Free CSet: 0.3 ms]
   [Eden: 35.0M(35.0M)->0.0B(44.0M) Survivors: 16.0M->7168.0K Heap: 781.0M(1024.0M)->647.0M(1024.0M)]
 [Times: user=0.19 sys=0.00, real=0.01 secs] 
8.495: [GC pause (G1 Evacuation Pause) (mixed), 0.0168908 secs]
   [Parallel Time: 15.3 ms, GC Workers: 18]
      [GC Worker Start (ms): Min: 8495.2, Avg: 8495.5, Max: 8495.7, Diff: 0.4]
      [Ext Root Scanning (ms): Min: 0.0, Avg: 0.1, Max: 0.4, Diff: 0.4, Sum: 2.5]
      [Update RS (ms): Min: 1.6, Avg: 1.8, Max: 1.9, Diff: 0.3, Sum: 32.7]
         [Processed Buffers: Min: 5, Avg: 6.0, Max: 8, Diff: 3, Sum: 108]
      [Scan RS (ms): Min: 0.0, Avg: 0.0, Max: 0.2, Diff: 0.2, Sum: 0.8]
      [Code Root Scanning (ms): Min: 0.0, Avg: 0.0, Max: 0.0, Diff: 0.0, Sum: 0.0]
      [Object Copy (ms): Min: 11.9, Avg: 12.2, Max: 12.8, Diff: 0.8, Sum: 220.5]
      [Termination (ms): Min: 0.0, Avg: 0.5, Max: 0.7, Diff: 0.7, Sum: 8.9]
         [Termination Attempts: Min: 1, Avg: 1.0, Max: 1, Diff: 0, Sum: 18]
      [GC Worker Other (ms): Min: 0.0, Avg: 0.0, Max: 0.1, Diff: 0.0, Sum: 0.4]
      [GC Worker Total (ms): Min: 14.6, Avg: 14.8, Max: 15.0, Diff: 0.5, Sum: 265.8]
      [GC Worker End (ms): Min: 8510.2, Avg: 8510.2, Max: 8510.3, Diff: 0.0]
   [Code Root Fixup: 0.0 ms]
   [Code Root Purge: 0.0 ms]
   [Clear CT: 0.2 ms]
   [Other: 1.4 ms]
      [Choose CSet: 0.1 ms]
      [Ref Proc: 0.2 ms]
      [Ref Enq: 0.0 ms]
      [Redirty Cards: 0.3 ms]
      [Humongous Register: 0.2 ms]
      [Humongous Reclaim: 0.1 ms]
      [Free CSet: 0.3 ms]
   [Eden: 44.0M(44.0M)->0.0B(44.0M) Survivors: 7168.0K->7168.0K Heap: 702.1M(1024.0M)->575.2M(1024.0M)]
 [Times: user=0.25 sys=0.01, real=0.01 secs] 
8.526: [GC pause (G1 Evacuation Pause) (mixed), 0.0171958 secs]
   [Parallel Time: 15.4 ms, GC Workers: 18]
      [GC Worker Start (ms): Min: 8526.9, Avg: 8527.1, Max: 8527.3, Diff: 0.4]
      [Ext Root Scanning (ms): Min: 0.0, Avg: 0.2, Max: 0.4, Diff: 0.4, Sum: 2.8]
      [Update RS (ms): Min: 1.8, Avg: 1.8, Max: 1.9, Diff: 0.1, Sum: 33.1]
         [Processed Buffers: Min: 5, Avg: 6.3, Max: 7, Diff: 2, Sum: 113]
      [Scan RS (ms): Min: 0.0, Avg: 0.1, Max: 0.1, Diff: 0.1, Sum: 1.0]
      [Code Root Scanning (ms): Min: 0.0, Avg: 0.0, Max: 0.0, Diff: 0.0, Sum: 0.0]
      [Object Copy (ms): Min: 12.6, Avg: 12.8, Max: 12.9, Diff: 0.3, Sum: 229.6]
      [Termination (ms): Min: 0.0, Avg: 0.2, Max: 0.4, Diff: 0.4, Sum: 3.5]
         [Termination Attempts: Min: 1, Avg: 1.1, Max: 2, Diff: 1, Sum: 19]
      [GC Worker Other (ms): Min: 0.0, Avg: 0.0, Max: 0.1, Diff: 0.0, Sum: 0.3]
      [GC Worker Total (ms): Min: 14.8, Avg: 15.0, Max: 15.2, Diff: 0.4, Sum: 270.2]
      [GC Worker End (ms): Min: 8542.1, Avg: 8542.1, Max: 8542.1, Diff: 0.0]
   [Code Root Fixup: 0.0 ms]
   [Code Root Purge: 0.0 ms]
   [Clear CT: 0.2 ms]
   [Other: 1.5 ms]
      [Choose CSet: 0.1 ms]
      [Ref Proc: 0.3 ms]
      [Ref Enq: 0.0 ms]
      [Redirty Cards: 0.3 ms]
      [Humongous Register: 0.2 ms]
      [Humongous Reclaim: 0.1 ms]
      [Free CSet: 0.3 ms]
   [Eden: 44.0M(44.0M)->0.0B(44.0M) Survivors: 7168.0K->7168.0K Heap: 630.8M(1024.0M)->515.3M(1024.0M)]
 [Times: user=0.25 sys=0.01, real=0.02 secs] 
8.558: [GC pause (G1 Evacuation Pause) (mixed), 0.0175313 secs]
   [Parallel Time: 15.8 ms, GC Workers: 18]
      [GC Worker Start (ms): Min: 8558.7, Avg: 8558.8, Max: 8559.0, Diff: 0.4]
      [Ext Root Scanning (ms): Min: 0.0, Avg: 0.2, Max: 0.4, Diff: 0.3, Sum: 3.2]
      [Update RS (ms): Min: 1.1, Avg: 1.2, Max: 1.4, Diff: 0.3, Sum: 21.9]
         [Processed Buffers: Min: 3, Avg: 4.2, Max: 6, Diff: 3, Sum: 76]
      [Scan RS (ms): Min: 0.0, Avg: 0.0, Max: 0.2, Diff: 0.2, Sum: 0.9]
      [Code Root Scanning (ms): Min: 0.0, Avg: 0.0, Max: 0.0, Diff: 0.0, Sum: 0.0]
      [Object Copy (ms): Min: 13.3, Avg: 13.5, Max: 13.9, Diff: 0.7, Sum: 243.3]
      [Termination (ms): Min: 0.0, Avg: 0.4, Max: 0.7, Diff: 0.7, Sum: 6.7]
         [Termination Attempts: Min: 1, Avg: 1.1, Max: 2, Diff: 1, Sum: 19]
      [GC Worker Other (ms): Min: 0.0, Avg: 0.0, Max: 0.0, Diff: 0.0, Sum: 0.3]
      [GC Worker Total (ms): Min: 15.2, Avg: 15.4, Max: 15.5, Diff: 0.4, Sum: 276.3]
      [GC Worker End (ms): Min: 8574.2, Avg: 8574.2, Max: 8574.2, Diff: 0.0]
   [Code Root Fixup: 0.0 ms]
   [Code Root Purge: 0.0 ms]
   [Clear CT: 0.3 ms]
   [Other: 1.5 ms]
      [Choose CSet: 0.1 ms]
      [Ref Proc: 0.3 ms]
      [Ref Enq: 0.0 ms]
      [Redirty Cards: 0.3 ms]
      [Humongous Register: 0.2 ms]
      [Humongous Reclaim: 0.1 ms]
      [Free CSet: 0.3 ms]
   [Eden: 44.0M(44.0M)->0.0B(318.0M) Survivors: 7168.0K->7168.0K Heap: 566.3M(1024.0M)->487.0M(1024.0M)]
 [Times: user=0.26 sys=0.00, real=0.02 secs] 
8.577: [GC pause (G1 Humongous Allocation) (young) (initial-mark), 0.0041434 secs]
   [Parallel Time: 2.9 ms, GC Workers: 18]
      [GC Worker Start (ms): Min: 8577.8, Avg: 8577.9, Max: 8578.2, Diff: 0.3]
      [Ext Root Scanning (ms): Min: 0.0, Avg: 0.3, Max: 0.5, Diff: 0.5, Sum: 5.3]
      [Update RS (ms): Min: 0.0, Avg: 0.3, Max: 1.9, Diff: 1.9, Sum: 6.0]
         [Processed Buffers: Min: 0, Avg: 1.1, Max: 3, Diff: 3, Sum: 19]
      [Scan RS (ms): Min: 0.0, Avg: 0.0, Max: 0.0, Diff: 0.0, Sum: 0.1]
      [Code Root Scanning (ms): Min: 0.0, Avg: 0.0, Max: 0.0, Diff: 0.0, Sum: 0.0]
      [Object Copy (ms): Min: 0.0, Avg: 1.6, Max: 2.2, Diff: 2.2, Sum: 29.0]
      [Termination (ms): Min: 0.1, Avg: 0.4, Max: 0.8, Diff: 0.7, Sum: 7.2]
         [Termination Attempts: Min: 1, Avg: 1.4, Max: 5, Diff: 4, Sum: 26]
      [GC Worker Other (ms): Min: 0.0, Avg: 0.0, Max: 0.0, Diff: 0.0, Sum: 0.3]
      [GC Worker Total (ms): Min: 2.4, Avg: 2.7, Max: 2.8, Diff: 0.4, Sum: 47.8]
      [GC Worker End (ms): Min: 8580.6, Avg: 8580.6, Max: 8580.6, Diff: 0.0]
   [Code Root Fixup: 0.0 ms]
   [Code Root Purge: 0.0 ms]
   [Clear CT: 0.2 ms]
   [Other: 1.0 ms]
      [Choose CSet: 0.0 ms]
      [Ref Proc: 0.3 ms]
      [Ref Enq: 0.0 ms]
      [Redirty Cards: 0.3 ms]
      [Humongous Register: 0.2 ms]
      [Humongous Reclaim: 0.0 ms]
      [Free CSet: 0.0 ms]
   [Eden: 5120.0K(318.0M)->0.0B(326.0M) Survivors: 7168.0K->9216.0K Heap: 491.6M(1024.0M)->488.5M(1024.0M)]
 [Times: user=0.04 sys=0.00, real=0.00 secs] 
8.582: [GC concurrent-root-region-scan-start]
8.582: [GC concurrent-root-region-scan-end, 0.0001934 secs]
8.582: [GC concurrent-mark-start]
8.584: [GC concurrent-mark-end, 0.0023377 secs]
8.585: [GC remark 8.585: [Finalize Marking, 0.0005266 secs] 8.585: [GC ref-proc, 0.0003973 secs] 8.585: [Unloading, 0.0010312 secs], 0.0029362 secs]
 [Times: user=0.02 sys=0.00, real=0.00 secs] 
8.588: [GC cleanup 498M->494M(1024M), 0.0019472 secs]
 [Times: user=0.02 sys=0.00, real=0.00 secs] 
8.590: [GC concurrent-cleanup-start]
8.590: [GC concurrent-cleanup-end, 0.0000264 secs]
8.710: [GC pause (G1 Evacuation Pause) (young) (to-space exhausted), 0.0195070 secs]
   [Parallel Time: 16.9 ms, GC Workers: 18]
      [GC Worker Start (ms): Min: 8710.1, Avg: 8710.3, Max: 8710.5, Diff: 0.4]
      [Ext Root Scanning (ms): Min: 0.0, Avg: 0.2, Max: 0.4, Diff: 0.4, Sum: 2.9]
      [Update RS (ms): Min: 13.4, Avg: 13.6, Max: 13.7, Diff: 0.3, Sum: 244.0]
         [Processed Buffers: Min: 37, Avg: 40.1, Max: 45, Diff: 8, Sum: 722]
      [Scan RS (ms): Min: 0.0, Avg: 0.1, Max: 0.2, Diff: 0.2, Sum: 1.4]
      [Code Root Scanning (ms): Min: 0.0, Avg: 0.0, Max: 0.0, Diff: 0.0, Sum: 0.0]
      [Object Copy (ms): Min: 2.5, Avg: 2.7, Max: 2.9, Diff: 0.4, Sum: 49.1]
      [Termination (ms): Min: 0.0, Avg: 0.1, Max: 0.1, Diff: 0.1, Sum: 1.2]
         [Termination Attempts: Min: 1, Avg: 1.1, Max: 2, Diff: 1, Sum: 19]
      [GC Worker Other (ms): Min: 0.0, Avg: 0.0, Max: 0.1, Diff: 0.0, Sum: 0.5]
      [GC Worker Total (ms): Min: 16.4, Avg: 16.6, Max: 16.8, Diff: 0.4, Sum: 299.0]
      [GC Worker End (ms): Min: 8726.9, Avg: 8726.9, Max: 8726.9, Diff: 0.0]
   [Code Root Fixup: 0.0 ms]
   [Code Root Purge: 0.0 ms]
   [Clear CT: 0.3 ms]
   [Other: 2.2 ms]
      [Evacuation Failure: 0.9 ms]
      [Choose CSet: 0.0 ms]
      [Ref Proc: 0.3 ms]
      [Ref Enq: 0.0 ms]
      [Redirty Cards: 0.2 ms]
      [Humongous Register: 0.3 ms]
      [Humongous Reclaim: 0.3 ms]
      [Free CSet: 0.2 ms]
   [Eden: 326.0M(326.0M)->0.0B(44.0M) Survivors: 9216.0K->7168.0K Heap: 899.5M(1024.0M)->771.2M(1024.0M)]
 [Times: user=0.30 sys=0.00, real=0.02 secs] 
8.744: [GC pause (G1 Evacuation Pause) (mixed), 0.0167225 secs]
   [Parallel Time: 14.9 ms, GC Workers: 18]
      [GC Worker Start (ms): Min: 8744.7, Avg: 8744.9, Max: 8745.0, Diff: 0.3]
      [Ext Root Scanning (ms): Min: 0.0, Avg: 0.2, Max: 0.3, Diff: 0.3, Sum: 3.0]
      [Update RS (ms): Min: 0.7, Avg: 1.0, Max: 1.1, Diff: 0.3, Sum: 17.7]
         [Processed Buffers: Min: 2, Avg: 4.9, Max: 10, Diff: 8, Sum: 88]
      [Scan RS (ms): Min: 0.0, Avg: 0.1, Max: 0.3, Diff: 0.3, Sum: 1.4]
      [Code Root Scanning (ms): Min: 0.0, Avg: 0.0, Max: 0.1, Diff: 0.1, Sum: 0.1]
      [Object Copy (ms): Min: 12.6, Avg: 13.0, Max: 13.3, Diff: 0.7, Sum: 233.8]
      [Termination (ms): Min: 0.0, Avg: 0.3, Max: 0.6, Diff: 0.6, Sum: 5.2]
         [Termination Attempts: Min: 1, Avg: 1.0, Max: 1, Diff: 0, Sum: 18]
      [GC Worker Other (ms): Min: 0.0, Avg: 0.0, Max: 0.0, Diff: 0.0, Sum: 0.3]
      [GC Worker Total (ms): Min: 14.4, Avg: 14.5, Max: 14.7, Diff: 0.3, Sum: 261.4]
      [GC Worker End (ms): Min: 8759.4, Avg: 8759.4, Max: 8759.4, Diff: 0.0]
   [Code Root Fixup: 0.0 ms]
   [Code Root Purge: 0.0 ms]
   [Clear CT: 0.3 ms]
   [Other: 1.4 ms]
      [Choose CSet: 0.1 ms]
      [Ref Proc: 0.3 ms]
      [Ref Enq: 0.0 ms]
      [Redirty Cards: 0.2 ms]
      [Humongous Register: 0.3 ms]
      [Humongous Reclaim: 0.1 ms]
      [Free CSet: 0.4 ms]
   [Eden: 44.0M(44.0M)->0.0B(44.0M) Survivors: 7168.0K->7168.0K Heap: 821.6M(1024.0M)->705.2M(1024.0M)]
 [Times: user=0.25 sys=0.01, real=0.01 secs] 
8.779: [GC pause (G1 Evacuation Pause) (mixed), 0.0108493 secs]
   [Parallel Time: 9.6 ms, GC Workers: 18]
      [GC Worker Start (ms): Min: 8779.4, Avg: 8779.7, Max: 8779.8, Diff: 0.4]
      [Ext Root Scanning (ms): Min: 0.0, Avg: 0.1, Max: 0.4, Diff: 0.4, Sum: 2.5]
      [Update RS (ms): Min: 2.5, Avg: 2.7, Max: 2.9, Diff: 0.4, Sum: 48.0]
         [Processed Buffers: Min: 7, Avg: 8.2, Max: 9, Diff: 2, Sum: 147]
      [Scan RS (ms): Min: 0.0, Avg: 0.0, Max: 0.1, Diff: 0.1, Sum: 0.4]
      [Code Root Scanning (ms): Min: 0.0, Avg: 0.0, Max: 0.0, Diff: 0.0, Sum: 0.0]
      [Object Copy (ms): Min: 5.5, Avg: 6.0, Max: 6.3, Diff: 0.8, Sum: 108.1]
      [Termination (ms): Min: 0.0, Avg: 0.4, Max: 0.7, Diff: 0.7, Sum: 6.4]
         [Termination Attempts: Min: 1, Avg: 1.2, Max: 2, Diff: 1, Sum: 22]
      [GC Worker Other (ms): Min: 0.0, Avg: 0.0, Max: 0.1, Diff: 0.0, Sum: 0.5]
      [GC Worker Total (ms): Min: 9.0, Avg: 9.2, Max: 9.5, Diff: 0.4, Sum: 166.0]
      [GC Worker End (ms): Min: 8788.9, Avg: 8788.9, Max: 8788.9, Diff: 0.0]
   [Code Root Fixup: 0.0 ms]
   [Code Root Purge: 0.0 ms]
   [Clear CT: 0.2 ms]
   [Other: 1.1 ms]
      [Choose CSet: 0.0 ms]
      [Ref Proc: 0.3 ms]
      [Ref Enq: 0.0 ms]
      [Redirty Cards: 0.3 ms]
      [Humongous Register: 0.1 ms]
      [Humongous Reclaim: 0.1 ms]
      [Free CSet: 0.1 ms]
   [Eden: 44.0M(44.0M)->0.0B(111.0M) Survivors: 7168.0K->7168.0K Heap: 765.2M(1024.0M)->718.8M(1024.0M)]
 [Times: user=0.16 sys=0.01, real=0.01 secs] 
8.793: [GC pause (G1 Humongous Allocation) (young) (initial-mark), 0.0044344 secs]
   [Parallel Time: 3.2 ms, GC Workers: 18]
      [GC Worker Start (ms): Min: 8793.0, Avg: 8793.2, Max: 8793.3, Diff: 0.4]
      [Ext Root Scanning (ms): Min: 0.0, Avg: 0.2, Max: 0.3, Diff: 0.3, Sum: 3.8]
      [Update RS (ms): Min: 0.0, Avg: 0.2, Max: 0.6, Diff: 0.6, Sum: 4.0]
         [Processed Buffers: Min: 0, Avg: 1.1, Max: 2, Diff: 2, Sum: 19]
      [Scan RS (ms): Min: 0.0, Avg: 0.0, Max: 0.0, Diff: 0.0, Sum: 0.1]
      [Code Root Scanning (ms): Min: 0.0, Avg: 0.0, Max: 0.0, Diff: 0.0, Sum: 0.0]
      [Object Copy (ms): Min: 1.4, Avg: 2.0, Max: 2.4, Diff: 1.0, Sum: 36.6]
      [Termination (ms): Min: 0.0, Avg: 0.3, Max: 0.7, Diff: 0.7, Sum: 4.7]
         [Termination Attempts: Min: 1, Avg: 1.0, Max: 1, Diff: 0, Sum: 18]
      [GC Worker Other (ms): Min: 0.0, Avg: 0.0, Max: 0.0, Diff: 0.0, Sum: 0.2]
      [GC Worker Total (ms): Min: 2.6, Avg: 2.7, Max: 2.9, Diff: 0.4, Sum: 49.5]
      [GC Worker End (ms): Min: 8795.9, Avg: 8795.9, Max: 8795.9, Diff: 0.0]
   [Code Root Fixup: 0.0 ms]
   [Code Root Purge: 0.0 ms]
   [Clear CT: 0.2 ms]
   [Other: 1.0 ms]
      [Choose CSet: 0.0 ms]
      [Ref Proc: 0.3 ms]
      [Ref Enq: 0.0 ms]
      [Redirty Cards: 0.2 ms]
      [Humongous Register: 0.2 ms]
      [Humongous Reclaim: 0.0 ms]
      [Free CSet: 0.1 ms]
   [Eden: 8192.0K(111.0M)->0.0B(113.0M) Survivors: 7168.0K->9216.0K Heap: 726.4M(1024.0M)->719.4M(1024.0M)]
 [Times: user=0.06 sys=0.00, real=0.00 secs] 
8.797: [GC concurrent-root-region-scan-start]
8.797: [GC concurrent-root-region-scan-end, 0.0001400 secs]
8.797: [GC concurrent-mark-start]
8.799: [GC concurrent-mark-end, 0.0021549 secs]
8.800: [GC remark 8.800: [Finalize Marking, 0.0002415 secs] 8.800: [GC ref-proc, 0.0004100 secs] 8.800: [Unloading, 0.0010109 secs], 0.0032877 secs]
 [Times: user=0.03 sys=0.00, real=0.01 secs] 
8.803: [GC cleanup 730M->713M(1024M), 0.0022669 secs]
 [Times: user=0.01 sys=0.00, real=0.00 secs] 
8.805: [GC concurrent-cleanup-start]
8.806: [GC concurrent-cleanup-end, 0.0000644 secs]
8.843: [GC pause (G1 Evacuation Pause) (young), 0.0180439 secs]
   [Parallel Time: 16.3 ms, GC Workers: 18]
      [GC Worker Start (ms): Min: 8843.7, Avg: 8843.9, Max: 8844.0, Diff: 0.3]
      [Ext Root Scanning (ms): Min: 0.0, Avg: 0.2, Max: 0.3, Diff: 0.3, Sum: 3.1]
      [Update RS (ms): Min: 4.2, Avg: 4.4, Max: 4.6, Diff: 0.4, Sum: 78.7]
         [Processed Buffers: Min: 12, Avg: 13.1, Max: 15, Diff: 3, Sum: 235]
      [Scan RS (ms): Min: 0.0, Avg: 0.0, Max: 0.1, Diff: 0.1, Sum: 0.5]
      [Code Root Scanning (ms): Min: 0.0, Avg: 0.0, Max: 0.0, Diff: 0.0, Sum: 0.0]
      [Object Copy (ms): Min: 10.6, Avg: 11.1, Max: 11.6, Diff: 0.9, Sum: 199.4]
      [Termination (ms): Min: 0.0, Avg: 0.4, Max: 0.6, Diff: 0.6, Sum: 6.6]
         [Termination Attempts: Min: 1, Avg: 1.0, Max: 1, Diff: 0, Sum: 18]
      [GC Worker Other (ms): Min: 0.0, Avg: 0.0, Max: 0.1, Diff: 0.0, Sum: 0.6]
      [GC Worker Total (ms): Min: 15.9, Avg: 16.1, Max: 16.2, Diff: 0.3, Sum: 289.0]
      [GC Worker End (ms): Min: 8859.9, Avg: 8859.9, Max: 8860.0, Diff: 0.0]
   [Code Root Fixup: 0.0 ms]
   [Code Root Purge: 0.0 ms]
   [Clear CT: 0.2 ms]
   [Other: 1.5 ms]
      [Choose CSet: 0.0 ms]
      [Ref Proc: 0.3 ms]
      [Ref Enq: 0.0 ms]
      [Redirty Cards: 0.3 ms]
      [Humongous Register: 0.3 ms]
      [Humongous Reclaim: 0.2 ms]
      [Free CSet: 0.2 ms]
   [Eden: 113.0M(113.0M)->0.0B(35.0M) Survivors: 9216.0K->16.0M Heap: 842.9M(1024.0M)->735.0M(1024.0M)]
 [Times: user=0.28 sys=0.01, real=0.01 secs] 
8.875: [GC pause (G1 Evacuation Pause) (mixed), 0.0137683 secs]
   [Parallel Time: 12.0 ms, GC Workers: 18]
      [GC Worker Start (ms): Min: 8875.4, Avg: 8875.7, Max: 8875.8, Diff: 0.4]
      [Ext Root Scanning (ms): Min: 0.0, Avg: 0.1, Max: 0.4, Diff: 0.4, Sum: 2.7]
      [Update RS (ms): Min: 1.3, Avg: 1.4, Max: 1.7, Diff: 0.4, Sum: 25.7]
         [Processed Buffers: Min: 4, Avg: 4.7, Max: 7, Diff: 3, Sum: 85]
      [Scan RS (ms): Min: 0.0, Avg: 0.1, Max: 0.2, Diff: 0.2, Sum: 1.2]
      [Code Root Scanning (ms): Min: 0.0, Avg: 0.0, Max: 0.0, Diff: 0.0, Sum: 0.0]
      [Object Copy (ms): Min: 8.9, Avg: 9.4, Max: 9.7, Diff: 0.8, Sum: 170.0]
      [Termination (ms): Min: 0.0, Avg: 0.3, Max: 0.5, Diff: 0.5, Sum: 6.0]
         [Termination Attempts: Min: 1, Avg: 1.1, Max: 2, Diff: 1, Sum: 20]
      [GC Worker Other (ms): Min: 0.0, Avg: 0.0, Max: 0.1, Diff: 0.0, Sum: 0.5]
      [GC Worker Total (ms): Min: 11.2, Avg: 11.5, Max: 11.7, Diff: 0.4, Sum: 206.1]
      [GC Worker End (ms): Min: 8887.1, Avg: 8887.1, Max: 8887.1, Diff: 0.0]
   [Code Root Fixup: 0.0 ms]
   [Code Root Purge: 0.0 ms]
   [Clear CT: 0.2 ms]
   [Other: 1.5 ms]
      [Choose CSet: 0.1 ms]
      [Ref Proc: 0.3 ms]
      [Ref Enq: 0.0 ms]
      [Redirty Cards: 0.3 ms]
      [Humongous Register: 0.3 ms]
      [Humongous Reclaim: 0.1 ms]
      [Free CSet: 0.3 ms]
   [Eden: 35.0M(35.0M)->0.0B(44.0M) Survivors: 16.0M->7168.0K Heap: 778.4M(1024.0M)->648.9M(1024.0M)]
 [Times: user=0.19 sys=0.01, real=0.01 secs] 
8.904: [GC pause (G1 Evacuation Pause) (mixed), 0.0180831 secs]
   [Parallel Time: 16.2 ms, GC Workers: 18]
      [GC Worker Start (ms): Min: 8904.5, Avg: 8904.7, Max: 8905.0, Diff: 0.5]
      [Ext Root Scanning (ms): Min: 0.0, Avg: 0.1, Max: 0.3, Diff: 0.3, Sum: 2.5]
      [Update RS (ms): Min: 1.8, Avg: 2.1, Max: 2.2, Diff: 0.4, Sum: 36.9]
         [Processed Buffers: Min: 5, Avg: 6.3, Max: 9, Diff: 4, Sum: 114]
      [Scan RS (ms): Min: 0.0, Avg: 0.1, Max: 0.2, Diff: 0.2, Sum: 1.0]
      [Code Root Scanning (ms): Min: 0.0, Avg: 0.0, Max: 0.0, Diff: 0.0, Sum: 0.0]
      [Object Copy (ms): Min: 12.7, Avg: 13.1, Max: 13.6, Diff: 0.9, Sum: 235.8]
      [Termination (ms): Min: 0.0, Avg: 0.4, Max: 0.6, Diff: 0.6, Sum: 6.4]
         [Termination Attempts: Min: 1, Avg: 1.0, Max: 1, Diff: 0, Sum: 18]
      [GC Worker Other (ms): Min: 0.0, Avg: 0.0, Max: 0.1, Diff: 0.0, Sum: 0.5]
      [GC Worker Total (ms): Min: 15.4, Avg: 15.7, Max: 15.9, Diff: 0.5, Sum: 283.2]
      [GC Worker End (ms): Min: 8920.5, Avg: 8920.5, Max: 8920.5, Diff: 0.0]
   [Code Root Fixup: 0.0 ms]
   [Code Root Purge: 0.0 ms]
   [Clear CT: 0.3 ms]
   [Other: 1.6 ms]
      [Choose CSet: 0.1 ms]
      [Ref Proc: 0.4 ms]
      [Ref Enq: 0.0 ms]
      [Redirty Cards: 0.3 ms]
      [Humongous Register: 0.3 ms]
      [Humongous Reclaim: 0.1 ms]
      [Free CSet: 0.3 ms]
   [Eden: 44.0M(44.0M)->0.0B(44.0M) Survivors: 7168.0K->7168.0K Heap: 704.9M(1024.0M)->583.7M(1024.0M)]
 [Times: user=0.27 sys=0.01, real=0.02 secs] 
8.939: [GC pause (G1 Evacuation Pause) (mixed), 0.0199655 secs]
   [Parallel Time: 18.3 ms, GC Workers: 18]
      [GC Worker Start (ms): Min: 8939.0, Avg: 8939.2, Max: 8939.4, Diff: 0.4]
      [Ext Root Scanning (ms): Min: 0.0, Avg: 0.1, Max: 0.3, Diff: 0.3, Sum: 2.5]
      [Update RS (ms): Min: 2.2, Avg: 2.4, Max: 2.6, Diff: 0.4, Sum: 42.4]
         [Processed Buffers: Min: 6, Avg: 7.2, Max: 9, Diff: 3, Sum: 130]
      [Scan RS (ms): Min: 0.0, Avg: 0.1, Max: 0.2, Diff: 0.2, Sum: 1.0]
      [Code Root Scanning (ms): Min: 0.0, Avg: 0.0, Max: 0.0, Diff: 0.0, Sum: 0.0]
      [Object Copy (ms): Min: 14.4, Avg: 14.9, Max: 15.3, Diff: 0.9, Sum: 268.2]
      [Termination (ms): Min: 0.0, Avg: 0.3, Max: 0.7, Diff: 0.7, Sum: 5.9]
         [Termination Attempts: Min: 1, Avg: 1.0, Max: 1, Diff: 0, Sum: 18]
      [GC Worker Other (ms): Min: 0.0, Avg: 0.0, Max: 0.1, Diff: 0.0, Sum: 0.4]
      [GC Worker Total (ms): Min: 17.6, Avg: 17.8, Max: 18.0, Diff: 0.4, Sum: 320.5]
      [GC Worker End (ms): Min: 8957.0, Avg: 8957.0, Max: 8957.0, Diff: 0.0]
   [Code Root Fixup: 0.0 ms]
   [Code Root Purge: 0.0 ms]
   [Clear CT: 0.3 ms]
   [Other: 1.5 ms]
      [Choose CSet: 0.1 ms]
      [Ref Proc: 0.3 ms]
      [Ref Enq: 0.0 ms]
      [Redirty Cards: 0.2 ms]
      [Humongous Register: 0.3 ms]
      [Humongous Reclaim: 0.1 ms]
      [Free CSet: 0.3 ms]
   [Eden: 44.0M(44.0M)->0.0B(44.0M) Survivors: 7168.0K->7168.0K Heap: 641.5M(1024.0M)->538.5M(1024.0M)]
 [Times: user=0.30 sys=0.01, real=0.02 secs] 
8.975: [GC pause (G1 Evacuation Pause) (mixed), 0.0181462 secs]
   [Parallel Time: 16.5 ms, GC Workers: 18]
      [GC Worker Start (ms): Min: 8975.3, Avg: 8975.6, Max: 8975.8, Diff: 0.5]
      [Ext Root Scanning (ms): Min: 0.0, Avg: 0.1, Max: 0.4, Diff: 0.4, Sum: 2.2]
      [Update RS (ms): Min: 1.7, Avg: 1.9, Max: 2.0, Diff: 0.3, Sum: 34.9]
         [Processed Buffers: Min: 5, Avg: 6.4, Max: 7, Diff: 2, Sum: 115]
      [Scan RS (ms): Min: 0.0, Avg: 0.1, Max: 0.2, Diff: 0.2, Sum: 1.3]
      [Code Root Scanning (ms): Min: 0.0, Avg: 0.0, Max: 0.0, Diff: 0.0, Sum: 0.0]
      [Object Copy (ms): Min: 13.0, Avg: 13.4, Max: 13.8, Diff: 0.8, Sum: 241.8]
      [Termination (ms): Min: 0.0, Avg: 0.4, Max: 0.8, Diff: 0.8, Sum: 6.9]
         [Termination Attempts: Min: 1, Avg: 1.0, Max: 1, Diff: 0, Sum: 18]
      [GC Worker Other (ms): Min: 0.0, Avg: 0.0, Max: 0.0, Diff: 0.0, Sum: 0.4]
      [GC Worker Total (ms): Min: 15.7, Avg: 16.0, Max: 16.2, Diff: 0.5, Sum: 287.5]
      [GC Worker End (ms): Min: 8991.5, Avg: 8991.5, Max: 8991.6, Diff: 0.0]
   [Code Root Fixup: 0.0 ms]
   [Code Root Purge: 0.0 ms]
   [Clear CT: 0.2 ms]
   [Other: 1.4 ms]
      [Choose CSet: 0.1 ms]
      [Ref Proc: 0.3 ms]
      [Ref Enq: 0.0 ms]
      [Redirty Cards: 0.3 ms]
      [Humongous Register: 0.3 ms]
      [Humongous Reclaim: 0.1 ms]
      [Free CSet: 0.3 ms]
   [Eden: 44.0M(44.0M)->0.0B(261.0M) Survivors: 7168.0K->7168.0K Heap: 594.5M(1024.0M)->514.8M(1024.0M)]
 [Times: user=0.28 sys=0.01, real=0.02 secs] 
8.995: [GC pause (G1 Humongous Allocation) (young) (initial-mark), 0.0037809 secs]
   [Parallel Time: 2.5 ms, GC Workers: 18]
      [GC Worker Start (ms): Min: 8995.4, Avg: 8995.5, Max: 8995.6, Diff: 0.2]
      [Ext Root Scanning (ms): Min: 0.1, Avg: 0.2, Max: 0.3, Diff: 0.2, Sum: 3.9]
      [Update RS (ms): Min: 0.1, Avg: 0.4, Max: 1.7, Diff: 1.6, Sum: 6.9]
         [Processed Buffers: Min: 0, Avg: 1.1, Max: 2, Diff: 2, Sum: 19]
      [Scan RS (ms): Min: 0.0, Avg: 0.0, Max: 0.0, Diff: 0.0, Sum: 0.1]
      [Code Root Scanning (ms): Min: 0.0, Avg: 0.0, Max: 0.0, Diff: 0.0, Sum: 0.0]
      [Object Copy (ms): Min: 0.0, Avg: 1.4, Max: 1.9, Diff: 1.9, Sum: 25.1]
      [Termination (ms): Min: 0.0, Avg: 0.2, Max: 0.4, Diff: 0.4, Sum: 4.1]
         [Termination Attempts: Min: 1, Avg: 1.0, Max: 1, Diff: 0, Sum: 18]
      [GC Worker Other (ms): Min: 0.0, Avg: 0.0, Max: 0.0, Diff: 0.0, Sum: 0.3]
      [GC Worker Total (ms): Min: 2.1, Avg: 2.2, Max: 2.3, Diff: 0.2, Sum: 40.4]
      [GC Worker End (ms): Min: 8997.7, Avg: 8997.7, Max: 8997.7, Diff: 0.0]
   [Code Root Fixup: 0.0 ms]
   [Code Root Purge: 0.0 ms]
   [Clear CT: 0.3 ms]
   [Other: 1.0 ms]
      [Choose CSet: 0.0 ms]
      [Ref Proc: 0.3 ms]
      [Ref Enq: 0.0 ms]
      [Redirty Cards: 0.2 ms]
      [Humongous Register: 0.2 ms]
      [Humongous Reclaim: 0.0 ms]
      [Free CSet: 0.0 ms]
   [Eden: 5120.0K(261.0M)->0.0B(237.0M) Survivors: 7168.0K->8192.0K Heap: 519.5M(1024.0M)->514.9M(1024.0M)]
 [Times: user=0.04 sys=0.00, real=0.00 secs] 
8.999: [GC concurrent-root-region-scan-start]
8.999: [GC concurrent-root-region-scan-end, 0.0001623 secs]
8.999: [GC concurrent-mark-start]
9.001: [GC concurrent-mark-end, 0.0018880 secs]
9.001: [GC remark 9.001: [Finalize Marking, 0.0003400 secs] 9.002: [GC ref-proc, 0.0004230 secs] 9.002: [Unloading, 0.0009728 secs], 0.0025785 secs]
 [Times: user=0.02 sys=0.01, real=0.01 secs] 
9.004: [GC cleanup 524M->520M(1024M), 0.0018475 secs]
 [Times: user=0.01 sys=0.00, real=0.00 secs] 
9.006: [GC concurrent-cleanup-start]
9.006: [GC concurrent-cleanup-end, 0.0000292 secs]
9.093: [GC pause (G1 Evacuation Pause) (young), 0.0427222 secs]
   [Parallel Time: 40.6 ms, GC Workers: 18]
      [GC Worker Start (ms): Min: 9093.3, Avg: 9093.5, Max: 9093.6, Diff: 0.4]
      [Ext Root Scanning (ms): Min: 0.0, Avg: 0.1, Max: 0.3, Diff: 0.3, Sum: 2.5]
      [Update RS (ms): Min: 14.8, Avg: 15.0, Max: 15.3, Diff: 0.5, Sum: 270.8]
         [Processed Buffers: Min: 27, Avg: 33.5, Max: 41, Diff: 14, Sum: 603]
      [Scan RS (ms): Min: 0.0, Avg: 0.1, Max: 0.4, Diff: 0.4, Sum: 1.7]
      [Code Root Scanning (ms): Min: 0.0, Avg: 0.0, Max: 0.0, Diff: 0.0, Sum: 0.0]
      [Object Copy (ms): Min: 24.0, Avg: 24.7, Max: 25.1, Diff: 1.1, Sum: 444.1]
      [Termination (ms): Min: 0.0, Avg: 0.2, Max: 0.6, Diff: 0.6, Sum: 3.8]
         [Termination Attempts: Min: 1, Avg: 1.2, Max: 2, Diff: 1, Sum: 22]
      [GC Worker Other (ms): Min: 0.0, Avg: 0.1, Max: 0.1, Diff: 0.1, Sum: 0.9]
      [GC Worker Total (ms): Min: 40.0, Avg: 40.2, Max: 40.4, Diff: 0.4, Sum: 723.8]
      [GC Worker End (ms): Min: 9133.7, Avg: 9133.7, Max: 9133.7, Diff: 0.1]
   [Code Root Fixup: 0.0 ms]
   [Code Root Purge: 0.0 ms]
   [Clear CT: 0.3 ms]
   [Other: 1.8 ms]
      [Choose CSet: 0.0 ms]
      [Ref Proc: 0.3 ms]
      [Ref Enq: 0.0 ms]
      [Redirty Cards: 0.3 ms]
      [Humongous Register: 0.3 ms]
      [Humongous Reclaim: 0.3 ms]
      [Free CSet: 0.3 ms]
   [Eden: 237.0M(237.0M)->0.0B(20.0M) Survivors: 8192.0K->31.0M Heap: 822.0M(1024.0M)->584.1M(1024.0M)]
 [Times: user=0.71 sys=0.01, real=0.04 secs] 
9.143: [GC pause (G1 Evacuation Pause) (mixed), 0.0201756 secs]
   [Parallel Time: 18.5 ms, GC Workers: 18]
      [GC Worker Start (ms): Min: 9143.4, Avg: 9143.7, Max: 9143.8, Diff: 0.4]
      [Ext Root Scanning (ms): Min: 0.0, Avg: 0.2, Max: 0.4, Diff: 0.4, Sum: 3.1]
      [Update RS (ms): Min: 0.8, Avg: 1.0, Max: 1.1, Diff: 0.3, Sum: 17.7]
         [Processed Buffers: Min: 2, Avg: 3.6, Max: 5, Diff: 3, Sum: 64]
      [Scan RS (ms): Min: 0.0, Avg: 0.1, Max: 0.2, Diff: 0.2, Sum: 1.2]
      [Code Root Scanning (ms): Min: 0.0, Avg: 0.0, Max: 0.1, Diff: 0.1, Sum: 0.1]
      [Object Copy (ms): Min: 16.0, Avg: 16.4, Max: 16.8, Diff: 0.8, Sum: 295.4]
      [Termination (ms): Min: 0.0, Avg: 0.3, Max: 0.6, Diff: 0.6, Sum: 6.2]
         [Termination Attempts: Min: 1, Avg: 1.1, Max: 2, Diff: 1, Sum: 20]
      [GC Worker Other (ms): Min: 0.0, Avg: 0.0, Max: 0.1, Diff: 0.0, Sum: 0.5]
      [GC Worker Total (ms): Min: 17.8, Avg: 18.0, Max: 18.2, Diff: 0.4, Sum: 324.3]
      [GC Worker End (ms): Min: 9161.7, Avg: 9161.7, Max: 9161.7, Diff: 0.0]
   [Code Root Fixup: 0.0 ms]
   [Code Root Purge: 0.0 ms]
   [Clear CT: 0.2 ms]
   [Other: 1.4 ms]
      [Choose CSet: 0.1 ms]
      [Ref Proc: 0.2 ms]
      [Ref Enq: 0.0 ms]
      [Redirty Cards: 0.3 ms]
      [Humongous Register: 0.3 ms]
      [Humongous Reclaim: 0.1 ms]
      [Free CSet: 0.3 ms]
   [Eden: 20.0M(20.0M)->0.0B(45.0M) Survivors: 31.0M->6144.0K Heap: 609.9M(1024.0M)->519.7M(1024.0M)]
 [Times: user=0.29 sys=0.01, real=0.02 secs] 
9.179: [GC pause (G1 Evacuation Pause) (mixed), 0.0121930 secs]
   [Parallel Time: 10.8 ms, GC Workers: 18]
      [GC Worker Start (ms): Min: 9179.2, Avg: 9179.4, Max: 9179.6, Diff: 0.4]
      [Ext Root Scanning (ms): Min: 0.0, Avg: 0.1, Max: 0.4, Diff: 0.3, Sum: 2.6]
      [Update RS (ms): Min: 2.1, Avg: 2.2, Max: 2.3, Diff: 0.2, Sum: 39.2]
         [Processed Buffers: Min: 6, Avg: 7.0, Max: 8, Diff: 2, Sum: 126]
      [Scan RS (ms): Min: 0.0, Avg: 0.0, Max: 0.2, Diff: 0.2, Sum: 0.6]
      [Code Root Scanning (ms): Min: 0.0, Avg: 0.0, Max: 0.0, Diff: 0.0, Sum: 0.0]
      [Object Copy (ms): Min: 7.2, Avg: 7.6, Max: 7.9, Diff: 0.7, Sum: 136.8]
      [Termination (ms): Min: 0.0, Avg: 0.4, Max: 0.8, Diff: 0.8, Sum: 6.7]
         [Termination Attempts: Min: 1, Avg: 1.0, Max: 1, Diff: 0, Sum: 18]
      [GC Worker Other (ms): Min: 0.0, Avg: 0.0, Max: 0.0, Diff: 0.0, Sum: 0.4]
      [GC Worker Total (ms): Min: 10.1, Avg: 10.4, Max: 10.6, Diff: 0.4, Sum: 186.3]
      [GC Worker End (ms): Min: 9189.7, Avg: 9189.7, Max: 9189.7, Diff: 0.0]
   [Code Root Fixup: 0.0 ms]
   [Code Root Purge: 0.0 ms]
   [Clear CT: 0.2 ms]
   [Other: 1.2 ms]
      [Choose CSet: 0.0 ms]
      [Ref Proc: 0.2 ms]
      [Ref Enq: 0.0 ms]
      [Redirty Cards: 0.3 ms]
      [Humongous Register: 0.3 ms]
      [Humongous Reclaim: 0.1 ms]
      [Free CSet: 0.1 ms]
   [Eden: 45.0M(45.0M)->0.0B(230.0M) Survivors: 6144.0K->7168.0K Heap: 578.2M(1024.0M)->527.1M(1024.0M)]
 [Times: user=0.18 sys=0.01, real=0.01 secs] 
9.192: [GC pause (G1 Humongous Allocation) (young) (initial-mark), 0.0035519 secs]
   [Parallel Time: 2.3 ms, GC Workers: 18]
      [GC Worker Start (ms): Min: 9192.2, Avg: 9192.4, Max: 9192.5, Diff: 0.3]
      [Ext Root Scanning (ms): Min: 0.0, Avg: 0.2, Max: 0.3, Diff: 0.3, Sum: 3.0]
      [Update RS (ms): Min: 0.1, Avg: 0.3, Max: 1.4, Diff: 1.3, Sum: 5.6]
         [Processed Buffers: Min: 0, Avg: 1.0, Max: 3, Diff: 3, Sum: 18]
      [Scan RS (ms): Min: 0.0, Avg: 0.0, Max: 0.0, Diff: 0.0, Sum: 0.1]
      [Code Root Scanning (ms): Min: 0.0, Avg: 0.0, Max: 0.0, Diff: 0.0, Sum: 0.0]
      [Object Copy (ms): Min: 0.0, Avg: 1.2, Max: 1.7, Diff: 1.6, Sum: 21.8]
      [Termination (ms): Min: 0.0, Avg: 0.2, Max: 0.4, Diff: 0.4, Sum: 4.2]
         [Termination Attempts: Min: 1, Avg: 1.0, Max: 1, Diff: 0, Sum: 18]
      [GC Worker Other (ms): Min: 0.0, Avg: 0.0, Max: 0.0, Diff: 0.0, Sum: 0.3]
      [GC Worker Total (ms): Min: 1.8, Avg: 1.9, Max: 2.1, Diff: 0.3, Sum: 35.0]
      [GC Worker End (ms): Min: 9194.3, Avg: 9194.3, Max: 9194.3, Diff: 0.0]
   [Code Root Fixup: 0.0 ms]
   [Code Root Purge: 0.0 ms]
   [Clear CT: 0.2 ms]
   [Other: 1.0 ms]
      [Choose CSet: 0.0 ms]
      [Ref Proc: 0.3 ms]
      [Ref Enq: 0.0 ms]
      [Redirty Cards: 0.2 ms]
      [Humongous Register: 0.2 ms]
      [Humongous Reclaim: 0.0 ms]
      [Free CSet: 0.0 ms]
   [Eden: 2048.0K(230.0M)->0.0B(235.0M) Survivors: 7168.0K->8192.0K Heap: 529.1M(1024.0M)->527.7M(1024.0M)]
 [Times: user=0.03 sys=0.00, real=0.01 secs] 
9.196: [GC concurrent-root-region-scan-start]
9.196: [GC concurrent-root-region-scan-end, 0.0003751 secs]
9.196: [GC concurrent-mark-start]
9.198: [GC concurrent-mark-end, 0.0020601 secs]
9.198: [GC remark 9.198: [Finalize Marking, 0.0004175 secs] 9.199: [GC ref-proc, 0.0004075 secs] 9.199: [Unloading, 0.0009189 secs], 0.0025897 secs]
 [Times: user=0.02 sys=0.00, real=0.00 secs] 
9.201: [GC cleanup 538M->536M(1024M), 0.0018277 secs]
 [Times: user=0.02 sys=0.00, real=0.01 secs] 
9.203: [GC concurrent-cleanup-start]
9.203: [GC concurrent-cleanup-end, 0.0000283 secs]
9.289: [GC pause (G1 Evacuation Pause) (young), 0.0405810 secs]
   [Parallel Time: 38.1 ms, GC Workers: 18]
      [GC Worker Start (ms): Min: 9289.0, Avg: 9289.3, Max: 9289.5, Diff: 0.5]
      [Ext Root Scanning (ms): Min: 0.0, Avg: 0.2, Max: 0.4, Diff: 0.4, Sum: 3.6]
      [Update RS (ms): Min: 11.8, Avg: 12.2, Max: 12.6, Diff: 0.7, Sum: 220.0]
         [Processed Buffers: Min: 24, Avg: 29.4, Max: 35, Diff: 11, Sum: 529]
      [Scan RS (ms): Min: 0.0, Avg: 0.2, Max: 0.4, Diff: 0.4, Sum: 2.7]
      [Code Root Scanning (ms): Min: 0.0, Avg: 0.0, Max: 0.0, Diff: 0.0, Sum: 0.0]
      [Object Copy (ms): Min: 23.7, Avg: 24.6, Max: 25.1, Diff: 1.4, Sum: 442.3]
      [Termination (ms): Min: 0.0, Avg: 0.3, Max: 0.7, Diff: 0.7, Sum: 5.2]
         [Termination Attempts: Min: 1, Avg: 1.1, Max: 2, Diff: 1, Sum: 20]
      [GC Worker Other (ms): Min: 0.0, Avg: 0.0, Max: 0.1, Diff: 0.1, Sum: 0.9]
      [GC Worker Total (ms): Min: 37.2, Avg: 37.5, Max: 37.7, Diff: 0.5, Sum: 674.8]
      [GC Worker End (ms): Min: 9326.7, Avg: 9326.8, Max: 9326.8, Diff: 0.1]
   [Code Root Fixup: 0.0 ms]
   [Code Root Purge: 0.0 ms]
   [Clear CT: 0.3 ms]
   [Other: 2.1 ms]
      [Choose CSet: 0.0 ms]
      [Ref Proc: 0.6 ms]
      [Ref Enq: 0.0 ms]
      [Redirty Cards: 0.4 ms]
      [Humongous Register: 0.3 ms]
      [Humongous Reclaim: 0.3 ms]
      [Free CSet: 0.3 ms]
   [Eden: 235.0M(235.0M)->0.0B(20.0M) Survivors: 8192.0K->31.0M Heap: 825.8M(1024.0M)->594.2M(1024.0M)]
 [Times: user=0.59 sys=0.02, real=0.04 secs] 
9.336: [GC pause (G1 Evacuation Pause) (mixed), 0.0207573 secs]
   [Parallel Time: 18.8 ms, GC Workers: 18]
      [GC Worker Start (ms): Min: 9336.8, Avg: 9337.1, Max: 9338.5, Diff: 1.7]
      [Ext Root Scanning (ms): Min: 0.0, Avg: 0.2, Max: 0.4, Diff: 0.4, Sum: 4.0]
      [Update RS (ms): Min: 0.0, Avg: 1.0, Max: 1.2, Diff: 1.2, Sum: 18.3]
         [Processed Buffers: Min: 0, Avg: 3.4, Max: 5, Diff: 5, Sum: 62]
      [Scan RS (ms): Min: 0.0, Avg: 0.1, Max: 0.3, Diff: 0.3, Sum: 1.4]
      [Code Root Scanning (ms): Min: 0.0, Avg: 0.0, Max: 0.0, Diff: 0.0, Sum: 0.0]
      [Object Copy (ms): Min: 16.6, Avg: 16.8, Max: 17.1, Diff: 0.5, Sum: 302.4]
      [Termination (ms): Min: 0.0, Avg: 0.3, Max: 0.4, Diff: 0.4, Sum: 4.5]
         [Termination Attempts: Min: 1, Avg: 1.0, Max: 1, Diff: 0, Sum: 18]
      [GC Worker Other (ms): Min: 0.0, Avg: 0.0, Max: 0.1, Diff: 0.0, Sum: 0.4]
      [GC Worker Total (ms): Min: 16.9, Avg: 18.4, Max: 18.7, Diff: 1.7, Sum: 331.2]
      [GC Worker End (ms): Min: 9355.4, Avg: 9355.5, Max: 9355.5, Diff: 0.0]
   [Code Root Fixup: 0.0 ms]
   [Code Root Purge: 0.0 ms]
   [Clear CT: 0.3 ms]
   [Other: 1.6 ms]
      [Choose CSet: 0.1 ms]
      [Ref Proc: 0.4 ms]
      [Ref Enq: 0.0 ms]
      [Redirty Cards: 0.3 ms]
      [Humongous Register: 0.3 ms]
      [Humongous Reclaim: 0.1 ms]
      [Free CSet: 0.3 ms]
   [Eden: 20.0M(20.0M)->0.0B(44.0M) Survivors: 31.0M->7168.0K Heap: 619.7M(1024.0M)->526.9M(1024.0M)]
 [Times: user=0.29 sys=0.01, real=0.02 secs] 
9.373: [GC pause (G1 Evacuation Pause) (mixed), 0.0127819 secs]
   [Parallel Time: 11.3 ms, GC Workers: 18]
      [GC Worker Start (ms): Min: 9373.9, Avg: 9374.1, Max: 9374.3, Diff: 0.5]
      [Ext Root Scanning (ms): Min: 0.0, Avg: 0.2, Max: 0.4, Diff: 0.4, Sum: 3.0]
      [Update RS (ms): Min: 1.9, Avg: 2.1, Max: 2.3, Diff: 0.4, Sum: 38.2]
         [Processed Buffers: Min: 5, Avg: 6.7, Max: 9, Diff: 4, Sum: 120]
      [Scan RS (ms): Min: 0.0, Avg: 0.0, Max: 0.2, Diff: 0.2, Sum: 0.9]
      [Code Root Scanning (ms): Min: 0.0, Avg: 0.0, Max: 0.1, Diff: 0.1, Sum: 0.1]
      [Object Copy (ms): Min: 8.2, Avg: 8.3, Max: 8.5, Diff: 0.4, Sum: 149.8]
      [Termination (ms): Min: 0.0, Avg: 0.2, Max: 0.2, Diff: 0.2, Sum: 2.8]
         [Termination Attempts: Min: 1, Avg: 1.9, Max: 5, Diff: 4, Sum: 35]
      [GC Worker Other (ms): Min: 0.0, Avg: 0.0, Max: 0.1, Diff: 0.0, Sum: 0.4]
      [GC Worker Total (ms): Min: 10.6, Avg: 10.8, Max: 11.1, Diff: 0.5, Sum: 195.2]
      [GC Worker End (ms): Min: 9385.0, Avg: 9385.0, Max: 9385.0, Diff: 0.0]
   [Code Root Fixup: 0.0 ms]
   [Code Root Purge: 0.0 ms]
   [Clear CT: 0.2 ms]
   [Other: 1.2 ms]
      [Choose CSet: 0.0 ms]
      [Ref Proc: 0.2 ms]
      [Ref Enq: 0.0 ms]
      [Redirty Cards: 0.3 ms]
      [Humongous Register: 0.3 ms]
      [Humongous Reclaim: 0.1 ms]
      [Free CSet: 0.1 ms]
   [Eden: 44.0M(44.0M)->0.0B(240.0M) Survivors: 7168.0K->7168.0K Heap: 583.4M(1024.0M)->523.4M(1024.0M)]
 [Times: user=0.19 sys=0.00, real=0.01 secs] 
9.387: [GC pause (G1 Humongous Allocation) (young) (initial-mark), 0.0033384 secs]
   [Parallel Time: 2.3 ms, GC Workers: 18]
      [GC Worker Start (ms): Min: 9386.8, Avg: 9386.9, Max: 9387.1, Diff: 0.2]
      [Ext Root Scanning (ms): Min: 0.1, Avg: 0.2, Max: 0.3, Diff: 0.2, Sum: 3.4]
      [Update RS (ms): Min: 0.1, Avg: 0.6, Max: 1.7, Diff: 1.6, Sum: 10.1]
         [Processed Buffers: Min: 0, Avg: 1.1, Max: 2, Diff: 2, Sum: 19]
      [Scan RS (ms): Min: 0.0, Avg: 0.0, Max: 0.0, Diff: 0.0, Sum: 0.1]
      [Code Root Scanning (ms): Min: 0.0, Avg: 0.0, Max: 0.0, Diff: 0.0, Sum: 0.0]
      [Object Copy (ms): Min: 0.0, Avg: 1.1, Max: 1.7, Diff: 1.7, Sum: 19.0]
      [Termination (ms): Min: 0.0, Avg: 0.3, Max: 0.6, Diff: 0.6, Sum: 4.5]
         [Termination Attempts: Min: 1, Avg: 1.1, Max: 2, Diff: 1, Sum: 20]
      [GC Worker Other (ms): Min: 0.0, Avg: 0.0, Max: 0.0, Diff: 0.0, Sum: 0.3]
      [GC Worker Total (ms): Min: 2.0, Avg: 2.1, Max: 2.2, Diff: 0.2, Sum: 37.4]
      [GC Worker End (ms): Min: 9389.0, Avg: 9389.0, Max: 9389.0, Diff: 0.0]
   [Code Root Fixup: 0.0 ms]
   [Code Root Purge: 0.0 ms]
   [Clear CT: 0.2 ms]
   [Other: 0.8 ms]
      [Choose CSet: 0.0 ms]
      [Ref Proc: 0.3 ms]
      [Ref Enq: 0.0 ms]
      [Redirty Cards: 0.2 ms]
      [Humongous Register: 0.1 ms]
      [Humongous Reclaim: 0.0 ms]
      [Free CSet: 0.0 ms]
   [Eden: 1024.0K(240.0M)->0.0B(236.0M) Survivors: 7168.0K->7168.0K Heap: 523.8M(1024.0M)->523.0M(1024.0M)]
 [Times: user=0.04 sys=0.01, real=0.00 secs] 
9.390: [GC concurrent-root-region-scan-start]
9.390: [GC concurrent-root-region-scan-end, 0.0001225 secs]
9.390: [GC concurrent-mark-start]
9.392: [GC concurrent-mark-end, 0.0022460 secs]
9.393: [GC remark 9.393: [Finalize Marking, 0.0003152 secs] 9.393: [GC ref-proc, 0.0003992 secs] 9.393: [Unloading, 0.0009726 secs], 0.0026151 secs]
 [Times: user=0.03 sys=0.00, real=0.00 secs] 
9.395: [GC cleanup 533M->531M(1024M), 0.0017661 secs]
 [Times: user=0.01 sys=0.00, real=0.00 secs] 
9.397: [GC concurrent-cleanup-start]
9.397: [GC concurrent-cleanup-end, 0.0000272 secs]
9.480: [GC pause (G1 Evacuation Pause) (young), 0.0326498 secs]
   [Parallel Time: 30.8 ms, GC Workers: 18]
      [GC Worker Start (ms): Min: 9480.1, Avg: 9480.3, Max: 9480.5, Diff: 0.4]
      [Ext Root Scanning (ms): Min: 0.0, Avg: 0.1, Max: 0.3, Diff: 0.3, Sum: 2.2]
      [Update RS (ms): Min: 8.1, Avg: 8.2, Max: 8.3, Diff: 0.2, Sum: 148.1]
         [Processed Buffers: Min: 24, Avg: 25.7, Max: 30, Diff: 6, Sum: 463]
      [Scan RS (ms): Min: 0.0, Avg: 0.1, Max: 0.2, Diff: 0.2, Sum: 1.3]
      [Code Root Scanning (ms): Min: 0.0, Avg: 0.0, Max: 0.0, Diff: 0.0, Sum: 0.0]
      [Object Copy (ms): Min: 21.4, Avg: 21.8, Max: 22.1, Diff: 0.7, Sum: 391.9]
      [Termination (ms): Min: 0.0, Avg: 0.3, Max: 0.5, Diff: 0.5, Sum: 4.5]
         [Termination Attempts: Min: 1, Avg: 1.0, Max: 1, Diff: 0, Sum: 18]
      [GC Worker Other (ms): Min: 0.0, Avg: 0.0, Max: 0.1, Diff: 0.1, Sum: 0.6]
      [GC Worker Total (ms): Min: 30.3, Avg: 30.5, Max: 30.7, Diff: 0.4, Sum: 548.7]
      [GC Worker End (ms): Min: 9510.8, Avg: 9510.8, Max: 9510.8, Diff: 0.1]
   [Code Root Fixup: 0.0 ms]
   [Code Root Purge: 0.0 ms]
   [Clear CT: 0.2 ms]
   [Other: 1.6 ms]
      [Choose CSet: 0.0 ms]
      [Ref Proc: 0.3 ms]
      [Ref Enq: 0.0 ms]
      [Redirty Cards: 0.3 ms]
      [Humongous Register: 0.3 ms]
      [Humongous Reclaim: 0.3 ms]
      [Free CSet: 0.3 ms]
   [Eden: 236.0M(236.0M)->0.0B(20.0M) Survivors: 7168.0K->31.0M Heap: 813.7M(1024.0M)->580.7M(1024.0M)]
 [Times: user=0.54 sys=0.00, real=0.04 secs] 
9.519: [GC pause (G1 Evacuation Pause) (mixed), 0.0200896 secs]
   [Parallel Time: 18.4 ms, GC Workers: 18]
      [GC Worker Start (ms): Min: 9519.3, Avg: 9519.6, Max: 9519.8, Diff: 0.4]
      [Ext Root Scanning (ms): Min: 0.0, Avg: 0.1, Max: 0.3, Diff: 0.3, Sum: 2.6]
      [Update RS (ms): Min: 0.5, Avg: 0.6, Max: 0.7, Diff: 0.3, Sum: 10.4]
         [Processed Buffers: Min: 2, Avg: 2.4, Max: 4, Diff: 2, Sum: 44]
      [Scan RS (ms): Min: 0.0, Avg: 0.1, Max: 0.4, Diff: 0.3, Sum: 1.4]
      [Code Root Scanning (ms): Min: 0.0, Avg: 0.0, Max: 0.0, Diff: 0.0, Sum: 0.0]
      [Object Copy (ms): Min: 16.8, Avg: 17.0, Max: 17.3, Diff: 0.5, Sum: 305.8]
      [Termination (ms): Min: 0.0, Avg: 0.2, Max: 0.4, Diff: 0.4, Sum: 3.9]
         [Termination Attempts: Min: 1, Avg: 1.0, Max: 1, Diff: 0, Sum: 18]
      [GC Worker Other (ms): Min: 0.0, Avg: 0.0, Max: 0.0, Diff: 0.0, Sum: 0.4]
      [GC Worker Total (ms): Min: 17.8, Avg: 18.0, Max: 18.3, Diff: 0.4, Sum: 324.6]
      [GC Worker End (ms): Min: 9537.6, Avg: 9537.6, Max: 9537.6, Diff: 0.0]
   [Code Root Fixup: 0.0 ms]
   [Code Root Purge: 0.0 ms]
   [Clear CT: 0.3 ms]
   [Other: 1.4 ms]
      [Choose CSet: 0.1 ms]
      [Ref Proc: 0.3 ms]
      [Ref Enq: 0.0 ms]
      [Redirty Cards: 0.3 ms]
      [Humongous Register: 0.2 ms]
      [Humongous Reclaim: 0.0 ms]
      [Free CSet: 0.3 ms]
   [Eden: 20.0M(20.0M)->0.0B(45.0M) Survivors: 31.0M->6144.0K Heap: 603.9M(1024.0M)->515.5M(1024.0M)]
 [Times: user=0.30 sys=0.01, real=0.02 secs] 
9.554: [GC pause (G1 Evacuation Pause) (mixed), 0.0120653 secs]
   [Parallel Time: 10.6 ms, GC Workers: 18]
      [GC Worker Start (ms): Min: 9554.6, Avg: 9554.8, Max: 9555.0, Diff: 0.4]
      [Ext Root Scanning (ms): Min: 0.0, Avg: 0.1, Max: 0.4, Diff: 0.4, Sum: 2.5]
      [Update RS (ms): Min: 1.6, Avg: 1.7, Max: 1.9, Diff: 0.3, Sum: 31.5]
         [Processed Buffers: Min: 5, Avg: 5.8, Max: 7, Diff: 2, Sum: 104]
      [Scan RS (ms): Min: 0.0, Avg: 0.0, Max: 0.2, Diff: 0.2, Sum: 0.7]
      [Code Root Scanning (ms): Min: 0.0, Avg: 0.0, Max: 0.1, Diff: 0.1, Sum: 0.1]
      [Object Copy (ms): Min: 7.9, Avg: 8.1, Max: 8.2, Diff: 0.3, Sum: 145.1]
      [Termination (ms): Min: 0.0, Avg: 0.1, Max: 0.1, Diff: 0.1, Sum: 1.4]
         [Termination Attempts: Min: 1, Avg: 3.3, Max: 8, Diff: 7, Sum: 59]
      [GC Worker Other (ms): Min: 0.0, Avg: 0.0, Max: 0.0, Diff: 0.0, Sum: 0.4]
      [GC Worker Total (ms): Min: 9.9, Avg: 10.1, Max: 10.3, Diff: 0.4, Sum: 181.6]
      [GC Worker End (ms): Min: 9564.9, Avg: 9564.9, Max: 9564.9, Diff: 0.0]
   [Code Root Fixup: 0.0 ms]
   [Code Root Purge: 0.0 ms]
   [Clear CT: 0.2 ms]
   [Other: 1.2 ms]
      [Choose CSet: 0.0 ms]
      [Ref Proc: 0.3 ms]
      [Ref Enq: 0.0 ms]
      [Redirty Cards: 0.3 ms]
      [Humongous Register: 0.3 ms]
      [Humongous Reclaim: 0.1 ms]
      [Free CSet: 0.1 ms]
   [Eden: 45.0M(45.0M)->0.0B(246.0M) Survivors: 6144.0K->7168.0K Heap: 571.1M(1024.0M)->518.5M(1024.0M)]
 [Times: user=0.19 sys=0.00, real=0.01 secs] 
9.567: [GC pause (G1 Humongous Allocation) (young) (initial-mark), 0.0033809 secs]
   [Parallel Time: 2.2 ms, GC Workers: 18]
      [GC Worker Start (ms): Min: 9567.0, Avg: 9567.1, Max: 9567.3, Diff: 0.2]
      [Ext Root Scanning (ms): Min: 0.1, Avg: 0.2, Max: 0.3, Diff: 0.2, Sum: 3.7]
      [Update RS (ms): Min: 0.1, Avg: 0.3, Max: 0.9, Diff: 0.8, Sum: 5.8]
         [Processed Buffers: Min: 0, Avg: 1.0, Max: 2, Diff: 2, Sum: 18]
      [Scan RS (ms): Min: 0.0, Avg: 0.0, Max: 0.0, Diff: 0.0, Sum: 0.1]
      [Code Root Scanning (ms): Min: 0.0, Avg: 0.0, Max: 0.0, Diff: 0.0, Sum: 0.0]
      [Object Copy (ms): Min: 0.0, Avg: 1.2, Max: 1.7, Diff: 1.6, Sum: 21.8]
      [Termination (ms): Min: 0.0, Avg: 0.3, Max: 1.0, Diff: 1.0, Sum: 6.1]
         [Termination Attempts: Min: 1, Avg: 1.1, Max: 2, Diff: 1, Sum: 19]
      [GC Worker Other (ms): Min: 0.0, Avg: 0.0, Max: 0.0, Diff: 0.0, Sum: 0.2]
      [GC Worker Total (ms): Min: 2.0, Avg: 2.1, Max: 2.2, Diff: 0.2, Sum: 37.8]
      [GC Worker End (ms): Min: 9569.2, Avg: 9569.2, Max: 9569.2, Diff: 0.0]
   [Code Root Fixup: 0.0 ms]
   [Code Root Purge: 0.0 ms]
   [Clear CT: 0.2 ms]
   [Other: 0.9 ms]
      [Choose CSet: 0.0 ms]
      [Ref Proc: 0.3 ms]
      [Ref Enq: 0.0 ms]
      [Redirty Cards: 0.2 ms]
      [Humongous Register: 0.2 ms]
      [Humongous Reclaim: 0.0 ms]
      [Free CSet: 0.0 ms]
   [Eden: 1024.0K(246.0M)->0.0B(234.0M) Survivors: 7168.0K->8192.0K Heap: 519.5M(1024.0M)->518.9M(1024.0M)]
 [Times: user=0.03 sys=0.00, real=0.00 secs] 
9.570: [GC concurrent-root-region-scan-start]
9.570: [GC concurrent-root-region-scan-end, 0.0001804 secs]
9.570: [GC concurrent-mark-start]
9.573: [GC concurrent-mark-end, 0.0023003 secs]
9.573: [GC remark 9.573: [Finalize Marking, 0.0003883 secs] 9.573: [GC ref-proc, 0.0003996 secs] 9.574: [Unloading, 0.0010143 secs], 0.0025686 secs]
 [Times: user=0.02 sys=0.00, real=0.00 secs] 
9.576: [GC cleanup 529M->524M(1024M), 0.0018515 secs]
 [Times: user=0.02 sys=0.00, real=0.00 secs] 
9.577: [GC concurrent-cleanup-start]
9.577: [GC concurrent-cleanup-end, 0.0000296 secs]
9.663: [GC pause (G1 Evacuation Pause) (young), 0.0353677 secs]
   [Parallel Time: 33.5 ms, GC Workers: 18]
      [GC Worker Start (ms): Min: 9663.2, Avg: 9663.5, Max: 9663.7, Diff: 0.5]
      [Ext Root Scanning (ms): Min: 0.0, Avg: 0.2, Max: 0.4, Diff: 0.4, Sum: 2.9]
      [Update RS (ms): Min: 9.1, Avg: 9.3, Max: 9.4, Diff: 0.4, Sum: 166.7]
         [Processed Buffers: Min: 27, Avg: 28.8, Max: 35, Diff: 8, Sum: 518]
      [Scan RS (ms): Min: 0.0, Avg: 0.1, Max: 0.4, Diff: 0.4, Sum: 1.7]
      [Code Root Scanning (ms): Min: 0.0, Avg: 0.0, Max: 0.0, Diff: 0.0, Sum: 0.0]
      [Object Copy (ms): Min: 22.3, Avg: 23.1, Max: 23.7, Diff: 1.4, Sum: 416.6]
      [Termination (ms): Min: 0.0, Avg: 0.4, Max: 0.7, Diff: 0.7, Sum: 7.1]
         [Termination Attempts: Min: 1, Avg: 1.0, Max: 1, Diff: 0, Sum: 18]
      [GC Worker Other (ms): Min: 0.0, Avg: 0.0, Max: 0.1, Diff: 0.1, Sum: 0.8]
      [GC Worker Total (ms): Min: 32.9, Avg: 33.1, Max: 33.3, Diff: 0.4, Sum: 595.8]
      [GC Worker End (ms): Min: 9696.5, Avg: 9696.6, Max: 9696.6, Diff: 0.1]
   [Code Root Fixup: 0.0 ms]
   [Code Root Purge: 0.0 ms]
   [Clear CT: 0.2 ms]
   [Other: 1.6 ms]
      [Choose CSet: 0.0 ms]
      [Ref Proc: 0.3 ms]
      [Ref Enq: 0.0 ms]
      [Redirty Cards: 0.2 ms]
      [Humongous Register: 0.3 ms]
      [Humongous Reclaim: 0.3 ms]
      [Free CSet: 0.3 ms]
   [Eden: 234.0M(234.0M)->0.0B(20.0M) Survivors: 8192.0K->31.0M Heap: 811.6M(1024.0M)->581.4M(1024.0M)]
 [Times: user=0.58 sys=0.01, real=0.03 secs] 
9.705: [GC pause (G1 Evacuation Pause) (mixed), 0.0203736 secs]
   [Parallel Time: 18.7 ms, GC Workers: 18]
      [GC Worker Start (ms): Min: 9705.7, Avg: 9706.0, Max: 9706.2, Diff: 0.5]
      [Ext Root Scanning (ms): Min: 0.0, Avg: 0.1, Max: 0.3, Diff: 0.3, Sum: 1.3]
      [Update RS (ms): Min: 0.7, Avg: 0.8, Max: 0.9, Diff: 0.2, Sum: 14.1]
         [Processed Buffers: Min: 2, Avg: 3.1, Max: 6, Diff: 4, Sum: 56]
      [Scan RS (ms): Min: 0.0, Avg: 0.1, Max: 0.2, Diff: 0.1, Sum: 1.6]
      [Code Root Scanning (ms): Min: 0.0, Avg: 0.0, Max: 0.0, Diff: 0.0, Sum: 0.0]
      [Object Copy (ms): Min: 16.5, Avg: 16.8, Max: 17.1, Diff: 0.6, Sum: 303.0]
      [Termination (ms): Min: 0.0, Avg: 0.3, Max: 0.6, Diff: 0.6, Sum: 5.3]
         [Termination Attempts: Min: 1, Avg: 1.0, Max: 1, Diff: 0, Sum: 18]
      [GC Worker Other (ms): Min: 0.0, Avg: 0.0, Max: 0.0, Diff: 0.0, Sum: 0.4]
      [GC Worker Total (ms): Min: 17.9, Avg: 18.1, Max: 18.4, Diff: 0.5, Sum: 325.9]
      [GC Worker End (ms): Min: 9724.1, Avg: 9724.1, Max: 9724.1, Diff: 0.0]
   [Code Root Fixup: 0.0 ms]
   [Code Root Purge: 0.0 ms]
   [Clear CT: 0.2 ms]
   [Other: 1.4 ms]
      [Choose CSet: 0.1 ms]
      [Ref Proc: 0.3 ms]
      [Ref Enq: 0.0 ms]
      [Redirty Cards: 0.3 ms]
      [Humongous Register: 0.3 ms]
      [Humongous Reclaim: 0.1 ms]
      [Free CSet: 0.3 ms]
   [Eden: 20.0M(20.0M)->0.0B(44.0M) Survivors: 31.0M->7168.0K Heap: 606.1M(1024.0M)->514.7M(1024.0M)]
 [Times: user=0.31 sys=0.01, real=0.02 secs] 
9.741: [GC pause (G1 Evacuation Pause) (mixed), 0.0122122 secs]
   [Parallel Time: 10.6 ms, GC Workers: 18]
      [GC Worker Start (ms): Min: 9741.0, Avg: 9741.2, Max: 9741.4, Diff: 0.4]
      [Ext Root Scanning (ms): Min: 0.0, Avg: 0.2, Max: 0.4, Diff: 0.4, Sum: 2.8]
      [Update RS (ms): Min: 1.8, Avg: 1.9, Max: 1.9, Diff: 0.2, Sum: 33.6]
         [Processed Buffers: Min: 5, Avg: 6.1, Max: 7, Diff: 2, Sum: 110]
      [Scan RS (ms): Min: 0.0, Avg: 0.0, Max: 0.2, Diff: 0.2, Sum: 0.6]
      [Code Root Scanning (ms): Min: 0.0, Avg: 0.0, Max: 0.0, Diff: 0.0, Sum: 0.0]
      [Object Copy (ms): Min: 7.7, Avg: 7.9, Max: 8.1, Diff: 0.4, Sum: 142.0]
      [Termination (ms): Min: 0.0, Avg: 0.2, Max: 0.3, Diff: 0.3, Sum: 4.1]
         [Termination Attempts: Min: 1, Avg: 1.9, Max: 5, Diff: 4, Sum: 35]
      [GC Worker Other (ms): Min: 0.0, Avg: 0.0, Max: 0.1, Diff: 0.1, Sum: 0.4]
      [GC Worker Total (ms): Min: 10.0, Avg: 10.2, Max: 10.4, Diff: 0.4, Sum: 183.5]
      [GC Worker End (ms): Min: 9751.4, Avg: 9751.4, Max: 9751.4, Diff: 0.0]
   [Code Root Fixup: 0.0 ms]
   [Code Root Purge: 0.0 ms]
   [Clear CT: 0.2 ms]
   [Other: 1.3 ms]
      [Choose CSet: 0.0 ms]
      [Ref Proc: 0.4 ms]
      [Ref Enq: 0.0 ms]
      [Redirty Cards: 0.3 ms]
      [Humongous Register: 0.3 ms]
      [Humongous Reclaim: 0.1 ms]
      [Free CSet: 0.1 ms]
   [Eden: 44.0M(44.0M)->0.0B(243.0M) Survivors: 7168.0K->7168.0K Heap: 570.0M(1024.0M)->517.0M(1024.0M)]
 [Times: user=0.18 sys=0.01, real=0.02 secs] 
9.753: [GC pause (G1 Humongous Allocation) (young) (initial-mark), 0.0038434 secs]
   [Parallel Time: 2.7 ms, GC Workers: 18]
      [GC Worker Start (ms): Min: 9753.7, Avg: 9753.9, Max: 9754.0, Diff: 0.3]
      [Ext Root Scanning (ms): Min: 0.0, Avg: 0.2, Max: 0.3, Diff: 0.3, Sum: 3.1]
      [Update RS (ms): Min: 0.0, Avg: 0.4, Max: 1.6, Diff: 1.5, Sum: 6.5]
         [Processed Buffers: Min: 0, Avg: 1.1, Max: 3, Diff: 3, Sum: 20]
      [Scan RS (ms): Min: 0.0, Avg: 0.0, Max: 0.0, Diff: 0.0, Sum: 0.1]
      [Code Root Scanning (ms): Min: 0.0, Avg: 0.0, Max: 0.0, Diff: 0.0, Sum: 0.0]
      [Object Copy (ms): Min: 0.0, Avg: 1.4, Max: 2.0, Diff: 1.9, Sum: 25.8]
      [Termination (ms): Min: 0.0, Avg: 0.3, Max: 0.8, Diff: 0.8, Sum: 5.7]
         [Termination Attempts: Min: 1, Avg: 1.3, Max: 2, Diff: 1, Sum: 23]
      [GC Worker Other (ms): Min: 0.0, Avg: 0.0, Max: 0.0, Diff: 0.0, Sum: 0.3]
      [GC Worker Total (ms): Min: 2.1, Avg: 2.3, Max: 2.5, Diff: 0.3, Sum: 41.5]
      [GC Worker End (ms): Min: 9756.2, Avg: 9756.2, Max: 9756.2, Diff: 0.0]
   [Code Root Fixup: 0.0 ms]
   [Code Root Purge: 0.0 ms]
   [Clear CT: 0.2 ms]
   [Other: 1.0 ms]
      [Choose CSet: 0.0 ms]
      [Ref Proc: 0.3 ms]
      [Ref Enq: 0.0 ms]
      [Redirty Cards: 0.2 ms]
      [Humongous Register: 0.2 ms]
      [Humongous Reclaim: 0.0 ms]
      [Free CSet: 0.0 ms]
   [Eden: 1024.0K(243.0M)->0.0B(229.0M) Survivors: 7168.0K->8192.0K Heap: 518.0M(1024.0M)->517.7M(1024.0M)]
 [Times: user=0.04 sys=0.00, real=0.00 secs] 
9.757: [GC concurrent-root-region-scan-start]
9.757: [GC concurrent-root-region-scan-end, 0.0001738 secs]
9.757: [GC concurrent-mark-start]
9.760: [GC concurrent-mark-end, 0.0022889 secs]
9.760: [GC remark 9.760: [Finalize Marking, 0.0004406 secs] 9.760: [GC ref-proc, 0.0003991 secs] 9.761: [Unloading, 0.0009612 secs], 0.0026266 secs]
 [Times: user=0.02 sys=0.00, real=0.01 secs] 
9.763: [GC cleanup 528M->524M(1024M), 0.0016822 secs]
 [Times: user=0.01 sys=0.00, real=0.00 secs] 
9.764: [GC concurrent-cleanup-start]
9.764: [GC concurrent-cleanup-end, 0.0000296 secs]
9.856: [GC pause (G1 Evacuation Pause) (young), 0.0352395 secs]
   [Parallel Time: 33.0 ms, GC Workers: 18]
      [GC Worker Start (ms): Min: 9856.5, Avg: 9856.9, Max: 9857.2, Diff: 0.7]
      [Ext Root Scanning (ms): Min: 0.0, Avg: 0.2, Max: 0.5, Diff: 0.5, Sum: 3.6]
      [Update RS (ms): Min: 11.6, Avg: 11.9, Max: 12.2, Diff: 0.5, Sum: 214.2]
         [Processed Buffers: Min: 21, Avg: 28.3, Max: 35, Diff: 14, Sum: 510]
      [Scan RS (ms): Min: 0.0, Avg: 0.1, Max: 0.2, Diff: 0.1, Sum: 1.3]
      [Code Root Scanning (ms): Min: 0.0, Avg: 0.0, Max: 0.0, Diff: 0.0, Sum: 0.0]
      [Object Copy (ms): Min: 19.4, Avg: 20.0, Max: 20.5, Diff: 1.1, Sum: 359.1]
      [Termination (ms): Min: 0.0, Avg: 0.3, Max: 0.7, Diff: 0.7, Sum: 5.9]
         [Termination Attempts: Min: 1, Avg: 1.0, Max: 1, Diff: 0, Sum: 18]
      [GC Worker Other (ms): Min: 0.0, Avg: 0.0, Max: 0.1, Diff: 0.1, Sum: 0.8]
      [GC Worker Total (ms): Min: 32.2, Avg: 32.5, Max: 32.8, Diff: 0.6, Sum: 585.0]
      [GC Worker End (ms): Min: 9889.4, Avg: 9889.4, Max: 9889.4, Diff: 0.1]
   [Code Root Fixup: 0.0 ms]
   [Code Root Purge: 0.0 ms]
   [Clear CT: 0.3 ms]
   [Other: 1.9 ms]
      [Choose CSet: 0.0 ms]
      [Ref Proc: 0.3 ms]
      [Ref Enq: 0.0 ms]
      [Redirty Cards: 0.3 ms]
      [Humongous Register: 0.5 ms]
      [Humongous Reclaim: 0.3 ms]
      [Free CSet: 0.3 ms]
   [Eden: 229.0M(229.0M)->0.0B(21.0M) Survivors: 8192.0K->30.0M Heap: 804.5M(1024.0M)->572.7M(1024.0M)]
 [Times: user=0.57 sys=0.01, real=0.03 secs] 
9.900: [GC pause (G1 Evacuation Pause) (mixed), 0.0217635 secs]
   [Parallel Time: 20.0 ms, GC Workers: 18]
      [GC Worker Start (ms): Min: 9900.1, Avg: 9900.4, Max: 9900.6, Diff: 0.5]
      [Ext Root Scanning (ms): Min: 0.0, Avg: 0.1, Max: 0.4, Diff: 0.4, Sum: 2.7]
      [Update RS (ms): Min: 1.0, Avg: 1.1, Max: 1.2, Diff: 0.3, Sum: 20.2]
         [Processed Buffers: Min: 3, Avg: 3.8, Max: 6, Diff: 3, Sum: 68]
      [Scan RS (ms): Min: 0.0, Avg: 0.1, Max: 0.3, Diff: 0.3, Sum: 1.9]
      [Code Root Scanning (ms): Min: 0.0, Avg: 0.0, Max: 0.2, Diff: 0.2, Sum: 0.2]
      [Object Copy (ms): Min: 17.6, Avg: 17.9, Max: 18.1, Diff: 0.5, Sum: 322.3]
      [Termination (ms): Min: 0.0, Avg: 0.2, Max: 0.2, Diff: 0.2, Sum: 2.7]
         [Termination Attempts: Min: 1, Avg: 1.9, Max: 4, Diff: 3, Sum: 35]
      [GC Worker Other (ms): Min: 0.0, Avg: 0.0, Max: 0.0, Diff: 0.0, Sum: 0.4]
      [GC Worker Total (ms): Min: 19.2, Avg: 19.5, Max: 19.7, Diff: 0.5, Sum: 350.4]
      [GC Worker End (ms): Min: 9919.8, Avg: 9919.8, Max: 9919.8, Diff: 0.0]
   [Code Root Fixup: 0.0 ms]
   [Code Root Purge: 0.0 ms]
   [Clear CT: 0.2 ms]
   [Other: 1.5 ms]
      [Choose CSet: 0.1 ms]
      [Ref Proc: 0.3 ms]
      [Ref Enq: 0.0 ms]
      [Redirty Cards: 0.3 ms]
      [Humongous Register: 0.3 ms]
      [Humongous Reclaim: 0.0 ms]
      [Free CSet: 0.3 ms]
   [Eden: 21.0M(21.0M)->0.0B(44.0M) Survivors: 30.0M->7168.0K Heap: 599.9M(1024.0M)->511.8M(1024.0M)]
 [Times: user=0.33 sys=0.01, real=0.02 secs] 
9.938: [GC pause (G1 Evacuation Pause) (mixed), 0.0127667 secs]
   [Parallel Time: 11.3 ms, GC Workers: 18]
      [GC Worker Start (ms): Min: 9938.4, Avg: 9938.6, Max: 9938.8, Diff: 0.4]
      [Ext Root Scanning (ms): Min: 0.0, Avg: 0.2, Max: 0.4, Diff: 0.4, Sum: 3.1]
      [Update RS (ms): Min: 1.6, Avg: 1.9, Max: 2.1, Diff: 0.5, Sum: 34.6]
         [Processed Buffers: Min: 5, Avg: 5.7, Max: 7, Diff: 2, Sum: 103]
      [Scan RS (ms): Min: 0.0, Avg: 0.0, Max: 0.1, Diff: 0.1, Sum: 0.6]
      [Code Root Scanning (ms): Min: 0.0, Avg: 0.0, Max: 0.0, Diff: 0.0, Sum: 0.0]
      [Object Copy (ms): Min: 8.2, Avg: 8.5, Max: 8.9, Diff: 0.8, Sum: 153.3]
      [Termination (ms): Min: 0.0, Avg: 0.2, Max: 0.5, Diff: 0.5, Sum: 4.3]
         [Termination Attempts: Min: 1, Avg: 1.1, Max: 2, Diff: 1, Sum: 20]
      [GC Worker Other (ms): Min: 0.0, Avg: 0.0, Max: 0.0, Diff: 0.0, Sum: 0.5]
      [GC Worker Total (ms): Min: 10.7, Avg: 10.9, Max: 11.1, Diff: 0.4, Sum: 196.5]
      [GC Worker End (ms): Min: 9949.5, Avg: 9949.6, Max: 9949.6, Diff: 0.0]
   [Code Root Fixup: 0.0 ms]
   [Code Root Purge: 0.0 ms]
   [Clear CT: 0.2 ms]
   [Other: 1.3 ms]
      [Choose CSet: 0.0 ms]
      [Ref Proc: 0.3 ms]
      [Ref Enq: 0.0 ms]
      [Redirty Cards: 0.3 ms]
      [Humongous Register: 0.3 ms]
      [Humongous Reclaim: 0.1 ms]
      [Free CSet: 0.2 ms]
   [Eden: 44.0M(44.0M)->0.0B(242.0M) Survivors: 7168.0K->7168.0K Heap: 566.3M(1024.0M)->509.2M(1024.0M)]
 [Times: user=0.19 sys=0.01, real=0.01 secs] 
9.952: [GC pause (G1 Humongous Allocation) (young) (initial-mark), 0.0043994 secs]
   [Parallel Time: 3.3 ms, GC Workers: 18]
      [GC Worker Start (ms): Min: 9952.6, Avg: 9952.8, Max: 9952.9, Diff: 0.4]
      [Ext Root Scanning (ms): Min: 0.0, Avg: 0.2, Max: 0.4, Diff: 0.4, Sum: 3.7]
      [Update RS (ms): Min: 0.1, Avg: 0.3, Max: 0.9, Diff: 0.9, Sum: 5.7]
         [Processed Buffers: Min: 0, Avg: 1.1, Max: 3, Diff: 3, Sum: 20]
      [Scan RS (ms): Min: 0.0, Avg: 0.0, Max: 0.0, Diff: 0.0, Sum: 0.1]
      [Code Root Scanning (ms): Min: 0.0, Avg: 0.0, Max: 0.0, Diff: 0.0, Sum: 0.0]
      [Object Copy (ms): Min: 1.5, Avg: 2.1, Max: 2.5, Diff: 1.0, Sum: 38.3]
      [Termination (ms): Min: 0.0, Avg: 0.2, Max: 0.3, Diff: 0.3, Sum: 3.2]
         [Termination Attempts: Min: 1, Avg: 1.0, Max: 1, Diff: 0, Sum: 18]
      [GC Worker Other (ms): Min: 0.0, Avg: 0.0, Max: 0.1, Diff: 0.1, Sum: 0.4]
      [GC Worker Total (ms): Min: 2.7, Avg: 2.9, Max: 3.0, Diff: 0.3, Sum: 51.4]
      [GC Worker End (ms): Min: 9955.6, Avg: 9955.6, Max: 9955.6, Diff: 0.0]
   [Code Root Fixup: 0.0 ms]
   [Code Root Purge: 0.0 ms]
   [Clear CT: 0.2 ms]
   [Other: 0.9 ms]
      [Choose CSet: 0.0 ms]
      [Ref Proc: 0.2 ms]
      [Ref Enq: 0.0 ms]
      [Redirty Cards: 0.2 ms]
      [Humongous Register: 0.2 ms]
      [Humongous Reclaim: 0.0 ms]
      [Free CSet: 0.0 ms]
   [Eden: 6144.0K(242.0M)->0.0B(248.0M) Survivors: 7168.0K->11.0M Heap: 515.2M(1024.0M)->511.6M(1024.0M)]
 [Times: user=0.06 sys=0.00, real=0.00 secs] 
9.957: [GC concurrent-root-region-scan-start]
9.957: [GC concurrent-root-region-scan-end, 0.0001584 secs]
9.957: [GC concurrent-mark-start]
9.959: [GC concurrent-mark-end, 0.0022480 secs]
9.959: [GC remark 9.959: [Finalize Marking, 0.0003142 secs] 9.960: [GC ref-proc, 0.0004112 secs] 9.960: [Unloading, 0.0010926 secs], 0.0026662 secs]
 [Times: user=0.02 sys=0.00, real=0.01 secs] 
9.962: [GC cleanup 522M->518M(1024M), 0.0017437 secs]
 [Times: user=0.02 sys=0.00, real=0.00 secs] 
9.964: [GC concurrent-cleanup-start]
9.964: [GC concurrent-cleanup-end, 0.0000308 secs]
10.050: [GC pause (G1 Evacuation Pause) (young), 0.0344863 secs]
   [Parallel Time: 32.6 ms, GC Workers: 18]
      [GC Worker Start (ms): Min: 10050.3, Avg: 10050.6, Max: 10050.7, Diff: 0.4]
      [Ext Root Scanning (ms): Min: 0.0, Avg: 0.2, Max: 0.4, Diff: 0.4, Sum: 2.7]
      [Update RS (ms): Min: 8.9, Avg: 9.0, Max: 9.2, Diff: 0.3, Sum: 162.6]
         [Processed Buffers: Min: 25, Avg: 27.1, Max: 29, Diff: 4, Sum: 487]
      [Scan RS (ms): Min: 0.0, Avg: 0.1, Max: 0.4, Diff: 0.4, Sum: 1.9]
      [Code Root Scanning (ms): Min: 0.0, Avg: 0.0, Max: 0.0, Diff: 0.0, Sum: 0.0]
      [Object Copy (ms): Min: 21.9, Avg: 22.6, Max: 22.9, Diff: 1.0, Sum: 406.4]
      [Termination (ms): Min: 0.0, Avg: 0.2, Max: 0.5, Diff: 0.5, Sum: 4.4]
         [Termination Attempts: Min: 1, Avg: 1.1, Max: 2, Diff: 1, Sum: 19]
      [GC Worker Other (ms): Min: 0.0, Avg: 0.0, Max: 0.1, Diff: 0.0, Sum: 0.6]
      [GC Worker Total (ms): Min: 31.9, Avg: 32.1, Max: 32.4, Diff: 0.4, Sum: 578.6]
      [GC Worker End (ms): Min: 10082.7, Avg: 10082.7, Max: 10082.7, Diff: 0.0]
   [Code Root Fixup: 0.0 ms]
   [Code Root Purge: 0.0 ms]
   [Clear CT: 0.2 ms]
   [Other: 1.7 ms]
      [Choose CSet: 0.0 ms]
      [Ref Proc: 0.3 ms]
      [Ref Enq: 0.0 ms]
      [Redirty Cards: 0.3 ms]
      [Humongous Register: 0.3 ms]
      [Humongous Reclaim: 0.3 ms]
      [Free CSet: 0.4 ms]
   [Eden: 248.0M(248.0M)->0.0B(18.0M) Survivors: 11.0M->33.0M Heap: 815.0M(1024.0M)->571.3M(1024.0M)]
 [Times: user=0.56 sys=0.01, real=0.04 secs] 
10.091: [GC pause (G1 Evacuation Pause) (mixed), 0.0203055 secs]
   [Parallel Time: 18.6 ms, GC Workers: 18]
      [GC Worker Start (ms): Min: 10091.4, Avg: 10091.7, Max: 10091.9, Diff: 0.5]
      [Ext Root Scanning (ms): Min: 0.0, Avg: 0.1, Max: 0.4, Diff: 0.4, Sum: 2.6]
      [Update RS (ms): Min: 0.0, Avg: 0.1, Max: 0.1, Diff: 0.1, Sum: 0.9]
         [Processed Buffers: Min: 0, Avg: 1.3, Max: 4, Diff: 4, Sum: 23]
      [Scan RS (ms): Min: 0.0, Avg: 0.2, Max: 0.6, Diff: 0.6, Sum: 2.7]
      [Code Root Scanning (ms): Min: 0.0, Avg: 0.0, Max: 0.2, Diff: 0.2, Sum: 0.2]
      [Object Copy (ms): Min: 16.6, Avg: 17.4, Max: 17.8, Diff: 1.2, Sum: 312.3]
      [Termination (ms): Min: 0.0, Avg: 0.3, Max: 0.7, Diff: 0.7, Sum: 5.9]
         [Termination Attempts: Min: 1, Avg: 1.0, Max: 1, Diff: 0, Sum: 18]
      [GC Worker Other (ms): Min: 0.0, Avg: 0.0, Max: 0.1, Diff: 0.1, Sum: 0.4]
      [GC Worker Total (ms): Min: 17.8, Avg: 18.1, Max: 18.3, Diff: 0.5, Sum: 325.1]
      [GC Worker End (ms): Min: 10109.7, Avg: 10109.7, Max: 10109.8, Diff: 0.0]
   [Code Root Fixup: 0.0 ms]
   [Code Root Purge: 0.0 ms]
   [Clear CT: 0.2 ms]
   [Other: 1.5 ms]
      [Choose CSet: 0.1 ms]
      [Ref Proc: 0.3 ms]
      [Ref Enq: 0.0 ms]
      [Redirty Cards: 0.3 ms]
      [Humongous Register: 0.2 ms]
      [Humongous Reclaim: 0.0 ms]
      [Free CSet: 0.4 ms]
   [Eden: 18.0M(18.0M)->0.0B(47.0M) Survivors: 33.0M->4096.0K Heap: 589.9M(1024.0M)->498.1M(1024.0M)]
 [Times: user=0.31 sys=0.02, real=0.02 secs] 
执行结束。共生成对象次数:71006
Heap
 garbage-first heap   total 1048576K, used 550307K [0x00000000c0000000, 0x00000000c0102000, 0x0000000100000000)
  region size 1024K, 37 young (37888K), 4 survivors (4096K)
 Metaspace       used 2541K, capacity 4490K, committed 4864K, reserved 1056768K
  class space    used 273K, capacity 386K, committed 512K, reserved 1048576K
开始执行.......
0.181: [GC pause (G1 Evacuation Pause) (young), 0.0062736 secs]
   [Parallel Time: 4.4 ms, GC Workers: 18]
      [GC Worker Start (ms): Min: 180.8, Avg: 181.8, Max: 184.1, Diff: 3.3]
      [Ext Root Scanning (ms): Min: 0.0, Avg: 0.2, Max: 0.7, Diff: 0.7, Sum: 3.6]
      [Update RS (ms): Min: 0.0, Avg: 0.0, Max: 0.0, Diff: 0.0, Sum: 0.0]
         [Processed Buffers: Min: 0, Avg: 0.0, Max: 0, Diff: 0, Sum: 0]
      [Scan RS (ms): Min: 0.0, Avg: 0.0, Max: 0.0, Diff: 0.0, Sum: 0.2]
      [Code Root Scanning (ms): Min: 0.0, Avg: 0.0, Max: 0.1, Diff: 0.1, Sum: 0.1]
      [Object Copy (ms): Min: 0.0, Avg: 2.3, Max: 3.6, Diff: 3.6, Sum: 41.2]
      [Termination (ms): Min: 0.0, Avg: 0.6, Max: 0.9, Diff: 0.9, Sum: 10.6]
         [Termination Attempts: Min: 1, Avg: 1.1, Max: 2, Diff: 1, Sum: 19]
      [GC Worker Other (ms): Min: 0.0, Avg: 0.0, Max: 0.0, Diff: 0.0, Sum: 0.4]
      [GC Worker Total (ms): Min: 0.9, Avg: 3.1, Max: 4.2, Diff: 3.3, Sum: 56.1]
      [GC Worker End (ms): Min: 184.9, Avg: 185.0, Max: 185.0, Diff: 0.0]
   [Code Root Fixup: 0.0 ms]
   [Code Root Purge: 0.0 ms]
   [Clear CT: 0.3 ms]
   [Other: 1.6 ms]
      [Choose CSet: 0.0 ms]
      [Ref Proc: 0.8 ms]
      [Ref Enq: 0.0 ms]
      [Redirty Cards: 0.3 ms]
      [Humongous Register: 0.1 ms]
      [Humongous Reclaim: 0.0 ms]
      [Free CSet: 0.1 ms]
   [Eden: 51.0M(51.0M)->0.0B(44.0M) Survivors: 0.0B->7168.0K Heap: 64.9M(1024.0M)->24.0M(1024.0M)]
 [Times: user=0.03 sys=0.02, real=0.01 secs] 
0.211: [GC pause (G1 Evacuation Pause) (young), 0.0073931 secs]
   [Parallel Time: 6.3 ms, GC Workers: 18]
      [GC Worker Start (ms): Min: 210.7, Avg: 210.9, Max: 211.2, Diff: 0.5]
      [Ext Root Scanning (ms): Min: 0.0, Avg: 0.2, Max: 0.4, Diff: 0.4, Sum: 2.8]
      [Update RS (ms): Min: 0.3, Avg: 0.3, Max: 0.4, Diff: 0.1, Sum: 5.9]
         [Processed Buffers: Min: 1, Avg: 1.1, Max: 2, Diff: 1, Sum: 19]
      [Scan RS (ms): Min: 0.0, Avg: 0.0, Max: 0.0, Diff: 0.0, Sum: 0.1]
      [Code Root Scanning (ms): Min: 0.0, Avg: 0.0, Max: 0.0, Diff: 0.0, Sum: 0.0]
      [Object Copy (ms): Min: 4.9, Avg: 5.1, Max: 5.3, Diff: 0.5, Sum: 92.0]
      [Termination (ms): Min: 0.0, Avg: 0.2, Max: 0.4, Diff: 0.4, Sum: 4.4]
         [Termination Attempts: Min: 1, Avg: 1.0, Max: 1, Diff: 0, Sum: 18]
      [GC Worker Other (ms): Min: 0.0, Avg: 0.0, Max: 0.0, Diff: 0.0, Sum: 0.2]
      [GC Worker Total (ms): Min: 5.5, Avg: 5.9, Max: 6.1, Diff: 0.5, Sum: 105.3]
      [GC Worker End (ms): Min: 216.8, Avg: 216.8, Max: 216.8, Diff: 0.0]
   [Code Root Fixup: 0.0 ms]
   [Code Root Purge: 0.0 ms]
   [Clear CT: 0.2 ms]
   [Other: 0.8 ms]
      [Choose CSet: 0.0 ms]
      [Ref Proc: 0.2 ms]
      [Ref Enq: 0.0 ms]
      [Redirty Cards: 0.2 ms]
      [Humongous Register: 0.0 ms]
      [Humongous Reclaim: 0.0 ms]
      [Free CSet: 0.1 ms]
   [Eden: 44.0M(44.0M)->0.0B(44.0M) Survivors: 7168.0K->7168.0K Heap: 79.8M(1024.0M)->42.8M(1024.0M)]
 [Times: user=0.06 sys=0.05, real=0.01 secs] 
0.238: [GC pause (G1 Evacuation Pause) (young), 0.0062690 secs]
   [Parallel Time: 5.2 ms, GC Workers: 18]
      [GC Worker Start (ms): Min: 238.3, Avg: 238.6, Max: 238.8, Diff: 0.5]
      [Ext Root Scanning (ms): Min: 0.0, Avg: 0.1, Max: 0.3, Diff: 0.3, Sum: 2.0]
      [Update RS (ms): Min: 0.3, Avg: 0.6, Max: 0.9, Diff: 0.6, Sum: 10.4]
         [Processed Buffers: Min: 1, Avg: 1.5, Max: 2, Diff: 1, Sum: 27]
      [Scan RS (ms): Min: 0.0, Avg: 0.0, Max: 0.0, Diff: 0.0, Sum: 0.2]
      [Code Root Scanning (ms): Min: 0.0, Avg: 0.0, Max: 0.0, Diff: 0.0, Sum: 0.0]
      [Object Copy (ms): Min: 3.3, Avg: 3.6, Max: 4.1, Diff: 0.8, Sum: 65.5]
      [Termination (ms): Min: 0.0, Avg: 0.2, Max: 0.4, Diff: 0.4, Sum: 4.1]
         [Termination Attempts: Min: 1, Avg: 1.0, Max: 1, Diff: 0, Sum: 18]
      [GC Worker Other (ms): Min: 0.0, Avg: 0.0, Max: 0.0, Diff: 0.0, Sum: 0.2]
      [GC Worker Total (ms): Min: 4.4, Avg: 4.6, Max: 4.9, Diff: 0.5, Sum: 82.5]
      [GC Worker End (ms): Min: 243.2, Avg: 243.2, Max: 243.2, Diff: 0.0]
   [Code Root Fixup: 0.0 ms]
   [Code Root Purge: 0.0 ms]
   [Clear CT: 0.2 ms]
   [Other: 0.9 ms]
      [Choose CSet: 0.0 ms]
      [Ref Proc: 0.2 ms]
      [Ref Enq: 0.0 ms]
      [Redirty Cards: 0.3 ms]
      [Humongous Register: 0.1 ms]
      [Humongous Reclaim: 0.0 ms]
      [Free CSet: 0.1 ms]
   [Eden: 44.0M(44.0M)->0.0B(63.0M) Survivors: 7168.0K->7168.0K Heap: 97.9M(1024.0M)->62.0M(1024.0M)]
 [Times: user=0.05 sys=0.03, real=0.01 secs] 
0.282: [GC pause (G1 Evacuation Pause) (young), 0.0064134 secs]
   [Parallel Time: 5.1 ms, GC Workers: 18]
      [GC Worker Start (ms): Min: 282.2, Avg: 282.5, Max: 282.7, Diff: 0.4]
      [Ext Root Scanning (ms): Min: 0.0, Avg: 0.1, Max: 0.4, Diff: 0.4, Sum: 2.3]
      [Update RS (ms): Min: 0.3, Avg: 0.5, Max: 0.7, Diff: 0.3, Sum: 9.3]
         [Processed Buffers: Min: 1, Avg: 1.6, Max: 2, Diff: 1, Sum: 28]
      [Scan RS (ms): Min: 0.0, Avg: 0.0, Max: 0.0, Diff: 0.0, Sum: 0.2]
      [Code Root Scanning (ms): Min: 0.0, Avg: 0.0, Max: 0.0, Diff: 0.0, Sum: 0.0]
      [Object Copy (ms): Min: 3.3, Avg: 3.6, Max: 4.0, Diff: 0.7, Sum: 65.4]
      [Termination (ms): Min: 0.0, Avg: 0.3, Max: 0.5, Diff: 0.5, Sum: 5.7]
         [Termination Attempts: Min: 1, Avg: 1.0, Max: 1, Diff: 0, Sum: 18]
      [GC Worker Other (ms): Min: 0.0, Avg: 0.0, Max: 0.0, Diff: 0.0, Sum: 0.2]
      [GC Worker Total (ms): Min: 4.4, Avg: 4.6, Max: 4.9, Diff: 0.4, Sum: 83.0]
      [GC Worker End (ms): Min: 287.1, Avg: 287.1, Max: 287.1, Diff: 0.0]
   [Code Root Fixup: 0.0 ms]
   [Code Root Purge: 0.0 ms]
   [Clear CT: 0.3 ms]
   [Other: 1.0 ms]
      [Choose CSet: 0.0 ms]
      [Ref Proc: 0.2 ms]
      [Ref Enq: 0.0 ms]
      [Redirty Cards: 0.2 ms]
      [Humongous Register: 0.2 ms]
      [Humongous Reclaim: 0.1 ms]
      [Free CSet: 0.1 ms]
   [Eden: 63.0M(63.0M)->0.0B(150.0M) Survivors: 7168.0K->9216.0K Heap: 147.5M(1024.0M)->88.6M(1024.0M)]
 [Times: user=0.05 sys=0.03, real=0.00 secs] 
0.386: [GC pause (G1 Evacuation Pause) (young), 0.0113440 secs]
   [Parallel Time: 9.8 ms, GC Workers: 18]
      [GC Worker Start (ms): Min: 385.9, Avg: 386.2, Max: 386.5, Diff: 0.5]
      [Ext Root Scanning (ms): Min: 0.0, Avg: 0.1, Max: 0.2, Diff: 0.2, Sum: 1.3]
      [Update RS (ms): Min: 0.3, Avg: 0.5, Max: 0.8, Diff: 0.5, Sum: 9.6]
         [Processed Buffers: Min: 1, Avg: 1.9, Max: 3, Diff: 2, Sum: 34]
      [Scan RS (ms): Min: 0.0, Avg: 0.0, Max: 0.1, Diff: 0.1, Sum: 0.5]
      [Code Root Scanning (ms): Min: 0.0, Avg: 0.0, Max: 0.0, Diff: 0.0, Sum: 0.0]
      [Object Copy (ms): Min: 8.2, Avg: 8.4, Max: 8.6, Diff: 0.4, Sum: 151.5]
      [Termination (ms): Min: 0.0, Avg: 0.2, Max: 0.3, Diff: 0.3, Sum: 3.0]
         [Termination Attempts: Min: 1, Avg: 1.0, Max: 1, Diff: 0, Sum: 18]
      [GC Worker Other (ms): Min: 0.0, Avg: 0.0, Max: 0.1, Diff: 0.0, Sum: 0.4]
      [GC Worker Total (ms): Min: 9.0, Avg: 9.2, Max: 9.5, Diff: 0.5, Sum: 166.3]
      [GC Worker End (ms): Min: 395.4, Avg: 395.4, Max: 395.5, Diff: 0.0]
   [Code Root Fixup: 0.0 ms]
   [Code Root Purge: 0.0 ms]
   [Clear CT: 0.2 ms]
   [Other: 1.3 ms]
      [Choose CSet: 0.0 ms]
      [Ref Proc: 0.3 ms]
      [Ref Enq: 0.0 ms]
      [Redirty Cards: 0.3 ms]
      [Humongous Register: 0.1 ms]
      [Humongous Reclaim: 0.1 ms]
      [Free CSet: 0.2 ms]
   [Eden: 150.0M(150.0M)->0.0B(95.0M) Survivors: 9216.0K->20.0M Heap: 277.6M(1024.0M)->140.4M(1024.0M)]
 [Times: user=0.06 sys=0.11, real=0.01 secs] 
0.436: [GC pause (G1 Evacuation Pause) (young), 0.0136334 secs]
   [Parallel Time: 12.2 ms, GC Workers: 18]
      [GC Worker Start (ms): Min: 436.7, Avg: 437.0, Max: 437.3, Diff: 0.6]
      [Ext Root Scanning (ms): Min: 0.0, Avg: 0.1, Max: 0.3, Diff: 0.3, Sum: 1.2]
      [Update RS (ms): Min: 0.3, Avg: 0.5, Max: 0.7, Diff: 0.4, Sum: 8.7]
         [Processed Buffers: Min: 1, Avg: 1.4, Max: 2, Diff: 1, Sum: 26]
      [Scan RS (ms): Min: 0.0, Avg: 0.0, Max: 0.1, Diff: 0.1, Sum: 0.6]
      [Code Root Scanning (ms): Min: 0.0, Avg: 0.0, Max: 0.0, Diff: 0.0, Sum: 0.0]
      [Object Copy (ms): Min: 10.5, Avg: 10.8, Max: 11.1, Diff: 0.5, Sum: 194.1]
      [Termination (ms): Min: 0.0, Avg: 0.3, Max: 0.4, Diff: 0.4, Sum: 4.7]
         [Termination Attempts: Min: 1, Avg: 1.0, Max: 1, Diff: 0, Sum: 18]
      [GC Worker Other (ms): Min: 0.0, Avg: 0.0, Max: 0.0, Diff: 0.0, Sum: 0.3]
      [GC Worker Total (ms): Min: 11.4, Avg: 11.6, Max: 12.0, Diff: 0.6, Sum: 209.6]
      [GC Worker End (ms): Min: 448.7, Avg: 448.7, Max: 448.7, Diff: 0.0]
   [Code Root Fixup: 0.0 ms]
   [Code Root Purge: 0.0 ms]
   [Clear CT: 0.2 ms]
   [Other: 1.2 ms]
      [Choose CSet: 0.0 ms]
      [Ref Proc: 0.3 ms]
      [Ref Enq: 0.0 ms]
      [Redirty Cards: 0.3 ms]
      [Humongous Register: 0.1 ms]
      [Humongous Reclaim: 0.1 ms]
      [Free CSet: 0.1 ms]
   [Eden: 95.0M(95.0M)->0.0B(135.0M) Survivors: 20.0M->15.0M Heap: 261.6M(1024.0M)->178.9M(1024.0M)]
 [Times: user=0.12 sys=0.09, real=0.01 secs] 
0.513: [GC pause (G1 Evacuation Pause) (young), 0.0137311 secs]
   [Parallel Time: 12.3 ms, GC Workers: 18]
      [GC Worker Start (ms): Min: 512.8, Avg: 513.1, Max: 513.2, Diff: 0.4]
      [Ext Root Scanning (ms): Min: 0.0, Avg: 0.1, Max: 0.4, Diff: 0.4, Sum: 2.5]
      [Update RS (ms): Min: 0.6, Avg: 0.8, Max: 0.9, Diff: 0.4, Sum: 14.2]
         [Processed Buffers: Min: 1, Avg: 2.2, Max: 4, Diff: 3, Sum: 39]
      [Scan RS (ms): Min: 0.0, Avg: 0.0, Max: 0.1, Diff: 0.1, Sum: 0.7]
      [Code Root Scanning (ms): Min: 0.0, Avg: 0.0, Max: 0.0, Diff: 0.0, Sum: 0.0]
      [Object Copy (ms): Min: 10.3, Avg: 10.5, Max: 10.8, Diff: 0.5, Sum: 189.3]
      [Termination (ms): Min: 0.0, Avg: 0.2, Max: 0.4, Diff: 0.4, Sum: 3.9]
         [Termination Attempts: Min: 1, Avg: 1.0, Max: 1, Diff: 0, Sum: 18]
      [GC Worker Other (ms): Min: 0.0, Avg: 0.0, Max: 0.0, Diff: 0.0, Sum: 0.4]
      [GC Worker Total (ms): Min: 11.6, Avg: 11.7, Max: 12.0, Diff: 0.4, Sum: 211.0]
      [GC Worker End (ms): Min: 524.8, Avg: 524.8, Max: 524.8, Diff: 0.0]
   [Code Root Fixup: 0.0 ms]
   [Code Root Purge: 0.0 ms]
   [Clear CT: 0.2 ms]
   [Other: 1.2 ms]
      [Choose CSet: 0.0 ms]
      [Ref Proc: 0.3 ms]
      [Ref Enq: 0.0 ms]
      [Redirty Cards: 0.3 ms]
      [Humongous Register: 0.1 ms]
      [Humongous Reclaim: 0.1 ms]
      [Free CSet: 0.2 ms]
   [Eden: 135.0M(135.0M)->0.0B(194.0M) Survivors: 15.0M->19.0M Heap: 348.2M(1024.0M)->228.7M(1024.0M)]
 [Times: user=0.14 sys=0.06, real=0.01 secs] 
0.628: [GC pause (G1 Evacuation Pause) (young), 0.0138833 secs]
   [Parallel Time: 12.2 ms, GC Workers: 18]
      [GC Worker Start (ms): Min: 628.4, Avg: 628.8, Max: 629.0, Diff: 0.6]
      [Ext Root Scanning (ms): Min: 0.0, Avg: 0.1, Max: 0.4, Diff: 0.4, Sum: 1.6]
      [Update RS (ms): Min: 0.3, Avg: 0.6, Max: 0.7, Diff: 0.4, Sum: 10.1]
         [Processed Buffers: Min: 0, Avg: 1.7, Max: 2, Diff: 2, Sum: 30]
      [Scan RS (ms): Min: 0.0, Avg: 0.0, Max: 0.1, Diff: 0.1, Sum: 0.6]
      [Code Root Scanning (ms): Min: 0.0, Avg: 0.0, Max: 0.0, Diff: 0.0, Sum: 0.0]
      [Object Copy (ms): Min: 10.3, Avg: 10.6, Max: 11.0, Diff: 0.7, Sum: 191.0]
      [Termination (ms): Min: 0.0, Avg: 0.2, Max: 0.4, Diff: 0.4, Sum: 3.7]
         [Termination Attempts: Min: 1, Avg: 1.2, Max: 2, Diff: 1, Sum: 21]
      [GC Worker Other (ms): Min: 0.0, Avg: 0.0, Max: 0.1, Diff: 0.1, Sum: 0.6]
      [GC Worker Total (ms): Min: 11.3, Avg: 11.5, Max: 11.9, Diff: 0.6, Sum: 207.7]
      [GC Worker End (ms): Min: 640.3, Avg: 640.3, Max: 640.3, Diff: 0.1]
   [Code Root Fixup: 0.0 ms]
   [Code Root Purge: 0.0 ms]
   [Clear CT: 0.3 ms]
   [Other: 1.4 ms]
      [Choose CSet: 0.0 ms]
      [Ref Proc: 0.3 ms]
      [Ref Enq: 0.0 ms]
      [Redirty Cards: 0.3 ms]
      [Humongous Register: 0.2 ms]
      [Humongous Reclaim: 0.2 ms]
      [Free CSet: 0.3 ms]
   [Eden: 194.0M(194.0M)->0.0B(219.0M) Survivors: 19.0M->27.0M Heap: 478.8M(1024.0M)->292.1M(1024.0M)]
 [Times: user=0.09 sys=0.13, real=0.02 secs] 
0.742: [GC pause (G1 Evacuation Pause) (young), 0.0157291 secs]
   [Parallel Time: 14.0 ms, GC Workers: 18]
      [GC Worker Start (ms): Min: 742.1, Avg: 742.2, Max: 742.4, Diff: 0.4]
      [Ext Root Scanning (ms): Min: 0.0, Avg: 0.1, Max: 0.3, Diff: 0.3, Sum: 2.7]
      [Update RS (ms): Min: 0.6, Avg: 0.7, Max: 0.8, Diff: 0.2, Sum: 12.9]
         [Processed Buffers: Min: 2, Avg: 2.1, Max: 3, Diff: 1, Sum: 38]
      [Scan RS (ms): Min: 0.0, Avg: 0.0, Max: 0.1, Diff: 0.1, Sum: 0.7]
      [Code Root Scanning (ms): Min: 0.0, Avg: 0.0, Max: 0.0, Diff: 0.0, Sum: 0.0]
      [Object Copy (ms): Min: 11.9, Avg: 12.3, Max: 12.6, Diff: 0.7, Sum: 221.2]
      [Termination (ms): Min: 0.0, Avg: 0.3, Max: 0.7, Diff: 0.7, Sum: 6.2]
         [Termination Attempts: Min: 1, Avg: 2.7, Max: 3, Diff: 2, Sum: 48]
      [GC Worker Other (ms): Min: 0.0, Avg: 0.0, Max: 0.1, Diff: 0.0, Sum: 0.4]
      [GC Worker Total (ms): Min: 13.4, Avg: 13.6, Max: 13.8, Diff: 0.4, Sum: 244.1]
      [GC Worker End (ms): Min: 755.8, Avg: 755.8, Max: 755.8, Diff: 0.0]
   [Code Root Fixup: 0.0 ms]
   [Code Root Purge: 0.0 ms]
   [Clear CT: 0.3 ms]
   [Other: 1.4 ms]
      [Choose CSet: 0.0 ms]
      [Ref Proc: 0.3 ms]
      [Ref Enq: 0.0 ms]
      [Redirty Cards: 0.2 ms]
      [Humongous Register: 0.2 ms]
      [Humongous Reclaim: 0.2 ms]
      [Free CSet: 0.3 ms]
   [Eden: 219.0M(219.0M)->0.0B(276.0M) Survivors: 27.0M->31.0M Heap: 574.3M(1024.0M)->363.9M(1024.0M)]
 [Times: user=0.11 sys=0.14, real=0.01 secs] 
0.831: [GC pause (G1 Humongous Allocation) (young) (initial-mark), 0.0208113 secs]
   [Parallel Time: 19.0 ms, GC Workers: 18]
      [GC Worker Start (ms): Min: 831.6, Avg: 831.9, Max: 832.1, Diff: 0.5]
      [Ext Root Scanning (ms): Min: 0.0, Avg: 0.3, Max: 0.5, Diff: 0.5, Sum: 4.9]
      [Update RS (ms): Min: 0.6, Avg: 0.7, Max: 0.8, Diff: 0.2, Sum: 12.6]
         [Processed Buffers: Min: 1, Avg: 2.2, Max: 3, Diff: 2, Sum: 39]
      [Scan RS (ms): Min: 0.0, Avg: 0.0, Max: 0.1, Diff: 0.1, Sum: 0.9]
      [Code Root Scanning (ms): Min: 0.0, Avg: 0.0, Max: 0.0, Diff: 0.0, Sum: 0.0]
      [Object Copy (ms): Min: 17.0, Avg: 17.2, Max: 17.5, Diff: 0.4, Sum: 310.2]
      [Termination (ms): Min: 0.0, Avg: 0.3, Max: 0.5, Diff: 0.5, Sum: 4.7]
         [Termination Attempts: Min: 1, Avg: 1.1, Max: 2, Diff: 1, Sum: 20]
      [GC Worker Other (ms): Min: 0.0, Avg: 0.0, Max: 0.0, Diff: 0.0, Sum: 0.4]
      [GC Worker Total (ms): Min: 18.3, Avg: 18.5, Max: 18.8, Diff: 0.5, Sum: 333.6]
      [GC Worker End (ms): Min: 850.4, Avg: 850.4, Max: 850.5, Diff: 0.0]
   [Code Root Fixup: 0.0 ms]
   [Code Root Purge: 0.0 ms]
   [Clear CT: 0.2 ms]
   [Other: 1.5 ms]
      [Choose CSet: 0.0 ms]
      [Ref Proc: 0.3 ms]
      [Ref Enq: 0.0 ms]
      [Redirty Cards: 0.2 ms]
      [Humongous Register: 0.2 ms]
      [Humongous Reclaim: 0.2 ms]
      [Free CSet: 0.3 ms]
   [Eden: 196.0M(276.0M)->0.0B(335.0M) Survivors: 31.0M->39.0M Heap: 607.7M(1024.0M)->419.4M(1024.0M)]
 [Times: user=0.20 sys=0.13, real=0.02 secs] 
0.852: [GC concurrent-root-region-scan-start]
0.853: [GC concurrent-root-region-scan-end, 0.0002709 secs]
0.853: [GC concurrent-mark-start]
0.859: [GC concurrent-mark-end, 0.0060306 secs]
0.859: [GC remark 0.859: [Finalize Marking, 0.0005013 secs] 0.859: [GC ref-proc, 0.0004120 secs] 0.860: [Unloading, 0.0011525 secs], 0.0029971 secs]
 [Times: user=0.03 sys=0.00, real=0.01 secs] 
0.862: [GC cleanup 439M->426M(1024M), 0.0019156 secs]
 [Times: user=0.01 sys=0.00, real=0.00 secs] 
0.864: [GC concurrent-cleanup-start]
0.864: [GC concurrent-cleanup-end, 0.0000544 secs]
1.032: [GC pause (G1 Evacuation Pause) (young) (to-space exhausted), 0.0221237 secs]
   [Parallel Time: 18.8 ms, GC Workers: 18]
      [GC Worker Start (ms): Min: 1032.4, Avg: 1032.6, Max: 1032.8, Diff: 0.4]
      [Ext Root Scanning (ms): Min: 0.0, Avg: 0.1, Max: 0.3, Diff: 0.3, Sum: 2.3]
      [Update RS (ms): Min: 0.9, Avg: 1.1, Max: 1.1, Diff: 0.2, Sum: 19.1]
         [Processed Buffers: Min: 1, Avg: 3.0, Max: 4, Diff: 3, Sum: 54]
      [Scan RS (ms): Min: 0.0, Avg: 0.1, Max: 0.2, Diff: 0.2, Sum: 1.4]
      [Code Root Scanning (ms): Min: 0.0, Avg: 0.0, Max: 0.0, Diff: 0.0, Sum: 0.0]
      [Object Copy (ms): Min: 16.9, Avg: 16.9, Max: 17.0, Diff: 0.2, Sum: 304.1]
      [Termination (ms): Min: 0.0, Avg: 0.2, Max: 0.2, Diff: 0.2, Sum: 2.8]
         [Termination Attempts: Min: 1, Avg: 2.9, Max: 3, Diff: 2, Sum: 52]
      [GC Worker Other (ms): Min: 0.0, Avg: 0.0, Max: 0.1, Diff: 0.1, Sum: 0.6]
      [GC Worker Total (ms): Min: 18.1, Avg: 18.4, Max: 18.6, Diff: 0.5, Sum: 330.3]
      [GC Worker End (ms): Min: 1051.0, Avg: 1051.0, Max: 1051.0, Diff: 0.1]
   [Code Root Fixup: 0.0 ms]
   [Code Root Purge: 0.0 ms]
   [Clear CT: 0.4 ms]
   [Other: 2.9 ms]
      [Evacuation Failure: 1.3 ms]
      [Choose CSet: 0.0 ms]
      [Ref Proc: 0.3 ms]
      [Ref Enq: 0.0 ms]
      [Redirty Cards: 0.2 ms]
      [Humongous Register: 0.2 ms]
      [Humongous Reclaim: 0.3 ms]
      [Free CSet: 0.4 ms]
   [Eden: 335.0M(335.0M)->0.0B(4096.0K) Survivors: 39.0M->47.0M Heap: 827.4M(1024.0M)->533.8M(1024.0M)]
 [Times: user=0.16 sys=0.19, real=0.02 secs] 
1.056: [GC pause (G1 Evacuation Pause) (mixed), 0.0193249 secs]
   [Parallel Time: 18.0 ms, GC Workers: 18]
      [GC Worker Start (ms): Min: 1055.9, Avg: 1056.1, Max: 1056.3, Diff: 0.3]
      [Ext Root Scanning (ms): Min: 0.0, Avg: 0.1, Max: 0.3, Diff: 0.3, Sum: 2.6]
      [Update RS (ms): Min: 0.1, Avg: 0.3, Max: 0.5, Diff: 0.4, Sum: 4.9]
         [Processed Buffers: Min: 1, Avg: 1.7, Max: 4, Diff: 3, Sum: 30]
      [Scan RS (ms): Min: 0.0, Avg: 0.0, Max: 0.2, Diff: 0.2, Sum: 0.8]
      [Code Root Scanning (ms): Min: 0.0, Avg: 0.0, Max: 0.0, Diff: 0.0, Sum: 0.0]
      [Object Copy (ms): Min: 16.5, Avg: 16.8, Max: 17.1, Diff: 0.7, Sum: 303.1]
      [Termination (ms): Min: 0.0, Avg: 0.2, Max: 0.4, Diff: 0.4, Sum: 3.6]
         [Termination Attempts: Min: 1, Avg: 1.0, Max: 1, Diff: 0, Sum: 18]
      [GC Worker Other (ms): Min: 0.0, Avg: 0.0, Max: 0.1, Diff: 0.0, Sum: 0.5]
      [GC Worker Total (ms): Min: 17.4, Avg: 17.5, Max: 17.7, Diff: 0.3, Sum: 315.5]
      [GC Worker End (ms): Min: 1073.6, Avg: 1073.6, Max: 1073.6, Diff: 0.0]
   [Code Root Fixup: 0.0 ms]
   [Code Root Purge: 0.0 ms]
   [Clear CT: 0.3 ms]
   [Other: 1.1 ms]
      [Choose CSet: 0.1 ms]
      [Ref Proc: 0.2 ms]
      [Ref Enq: 0.0 ms]
      [Redirty Cards: 0.3 ms]
      [Humongous Register: 0.1 ms]
      [Humongous Reclaim: 0.0 ms]
      [Free CSet: 0.3 ms]
   [Eden: 4096.0K(4096.0K)->0.0B(298.0M) Survivors: 47.0M->2048.0K Heap: 539.0M(1024.0M)->470.3M(1024.0M)]
 [Times: user=0.26 sys=0.06, real=0.02 secs] 
1.077: [GC pause (G1 Humongous Allocation) (young) (initial-mark), 0.0026008 secs]
   [Parallel Time: 1.5 ms, GC Workers: 18]
      [GC Worker Start (ms): Min: 1077.6, Avg: 1077.7, Max: 1077.8, Diff: 0.2]
      [Ext Root Scanning (ms): Min: 0.1, Avg: 0.2, Max: 0.3, Diff: 0.2, Sum: 3.6]
      [Update RS (ms): Min: 0.0, Avg: 0.3, Max: 0.8, Diff: 0.8, Sum: 5.5]
         [Processed Buffers: Min: 0, Avg: 1.1, Max: 3, Diff: 3, Sum: 19]
      [Scan RS (ms): Min: 0.0, Avg: 0.0, Max: 0.0, Diff: 0.0, Sum: 0.1]
      [Code Root Scanning (ms): Min: 0.0, Avg: 0.0, Max: 0.0, Diff: 0.0, Sum: 0.0]
      [Object Copy (ms): Min: 0.0, Avg: 0.4, Max: 0.8, Diff: 0.8, Sum: 6.7]
      [Termination (ms): Min: 0.0, Avg: 0.4, Max: 0.6, Diff: 0.6, Sum: 6.5]
         [Termination Attempts: Min: 1, Avg: 1.4, Max: 3, Diff: 2, Sum: 25]
      [GC Worker Other (ms): Min: 0.0, Avg: 0.0, Max: 0.0, Diff: 0.0, Sum: 0.2]
      [GC Worker Total (ms): Min: 1.1, Avg: 1.3, Max: 1.4, Diff: 0.2, Sum: 22.6]
      [GC Worker End (ms): Min: 1078.9, Avg: 1078.9, Max: 1079.0, Diff: 0.0]
   [Code Root Fixup: 0.0 ms]
   [Code Root Purge: 0.0 ms]
   [Clear CT: 0.2 ms]
   [Other: 0.8 ms]
      [Choose CSet: 0.0 ms]
      [Ref Proc: 0.3 ms]
      [Ref Enq: 0.0 ms]
      [Redirty Cards: 0.2 ms]
      [Humongous Register: 0.1 ms]
      [Humongous Reclaim: 0.0 ms]
      [Free CSet: 0.0 ms]
   [Eden: 6144.0K(298.0M)->0.0B(312.0M) Survivors: 2048.0K->4096.0K Heap: 476.3M(1024.0M)->471.1M(1024.0M)]
 [Times: user=0.02 sys=0.00, real=0.00 secs] 
1.080: [GC concurrent-root-region-scan-start]
1.080: [GC concurrent-root-region-scan-end, 0.0001630 secs]
1.080: [GC concurrent-mark-start]
1.082: [GC concurrent-mark-end, 0.0017039 secs]
1.082: [GC remark 1.082: [Finalize Marking, 0.0003223 secs] 1.082: [GC ref-proc, 0.0004077 secs] 1.083: [Unloading, 0.0008848 secs], 0.0024593 secs]
 [Times: user=0.02 sys=0.00, real=0.00 secs] 
1.085: [GC cleanup 477M->474M(1024M), 0.0017256 secs]
 [Times: user=0.02 sys=0.00, real=0.00 secs] 
1.086: [GC concurrent-cleanup-start]
1.086: [GC concurrent-cleanup-end, 0.0000305 secs]
1.212: [GC pause (G1 Evacuation Pause) (young) (to-space exhausted), 0.0194131 secs]
   [Parallel Time: 16.1 ms, GC Workers: 18]
      [GC Worker Start (ms): Min: 1213.3, Avg: 1213.6, Max: 1213.8, Diff: 0.5]
      [Ext Root Scanning (ms): Min: 0.0, Avg: 0.1, Max: 0.3, Diff: 0.3, Sum: 1.3]
      [Update RS (ms): Min: 0.6, Avg: 0.8, Max: 1.0, Diff: 0.4, Sum: 15.0]
         [Processed Buffers: Min: 1, Avg: 2.5, Max: 3, Diff: 2, Sum: 45]
      [Scan RS (ms): Min: 0.0, Avg: 0.1, Max: 0.2, Diff: 0.2, Sum: 1.4]
      [Code Root Scanning (ms): Min: 0.0, Avg: 0.0, Max: 0.0, Diff: 0.0, Sum: 0.0]
      [Object Copy (ms): Min: 14.1, Avg: 14.4, Max: 14.6, Diff: 0.5, Sum: 260.0]
      [Termination (ms): Min: 0.0, Avg: 0.1, Max: 0.1, Diff: 0.1, Sum: 1.1]
         [Termination Attempts: Min: 1, Avg: 1.1, Max: 2, Diff: 1, Sum: 20]
      [GC Worker Other (ms): Min: 0.0, Avg: 0.0, Max: 0.1, Diff: 0.1, Sum: 0.7]
      [GC Worker Total (ms): Min: 15.3, Avg: 15.5, Max: 15.8, Diff: 0.4, Sum: 279.5]
      [GC Worker End (ms): Min: 1229.1, Avg: 1229.1, Max: 1229.2, Diff: 0.1]
   [Code Root Fixup: 0.0 ms]
   [Code Root Purge: 0.0 ms]
   [Clear CT: 0.4 ms]
   [Other: 3.0 ms]
      [Evacuation Failure: 0.6 ms]
      [Choose CSet: 0.0 ms]
      [Ref Proc: 0.3 ms]
      [Ref Enq: 0.0 ms]
      [Redirty Cards: 0.2 ms]
      [Humongous Register: 1.0 ms]
      [Humongous Reclaim: 0.3 ms]
      [Free CSet: 0.3 ms]
   [Eden: 312.0M(312.0M)->0.0B(11.0M) Survivors: 4096.0K->40.0M Heap: 860.3M(1024.0M)->680.9M(1024.0M)]
 [Times: user=0.24 sys=0.05, real=0.02 secs] 
1.241: [GC pause (G1 Evacuation Pause) (mixed), 0.0230119 secs]
   [Parallel Time: 21.5 ms, GC Workers: 18]
      [GC Worker Start (ms): Min: 1241.7, Avg: 1242.0, Max: 1242.1, Diff: 0.4]
      [Ext Root Scanning (ms): Min: 0.0, Avg: 0.1, Max: 0.3, Diff: 0.3, Sum: 1.7]
      [Update RS (ms): Min: 1.0, Avg: 1.1, Max: 1.2, Diff: 0.2, Sum: 20.5]
         [Processed Buffers: Min: 1, Avg: 3.2, Max: 4, Diff: 3, Sum: 58]
      [Scan RS (ms): Min: 0.0, Avg: 0.1, Max: 0.2, Diff: 0.2, Sum: 1.1]
      [Code Root Scanning (ms): Min: 0.0, Avg: 0.0, Max: 0.0, Diff: 0.0, Sum: 0.0]
      [Object Copy (ms): Min: 18.3, Avg: 18.9, Max: 19.7, Diff: 1.4, Sum: 339.4]
      [Termination (ms): Min: 0.0, Avg: 0.8, Max: 1.4, Diff: 1.4, Sum: 15.1]
         [Termination Attempts: Min: 1, Avg: 1.0, Max: 1, Diff: 0, Sum: 18]
      [GC Worker Other (ms): Min: 0.0, Avg: 0.0, Max: 0.0, Diff: 0.0, Sum: 0.3]
      [GC Worker Total (ms): Min: 20.8, Avg: 21.0, Max: 21.2, Diff: 0.4, Sum: 378.1]
      [GC Worker End (ms): Min: 1263.0, Avg: 1263.0, Max: 1263.0, Diff: 0.0]
   [Code Root Fixup: 0.0 ms]
   [Code Root Purge: 0.0 ms]
   [Clear CT: 0.2 ms]
   [Other: 1.3 ms]
      [Choose CSet: 0.1 ms]
      [Ref Proc: 0.2 ms]
      [Ref Enq: 0.0 ms]
      [Redirty Cards: 0.3 ms]
      [Humongous Register: 0.2 ms]
      [Humongous Reclaim: 0.1 ms]
      [Free CSet: 0.3 ms]
   [Eden: 11.0M(11.0M)->0.0B(45.0M) Survivors: 40.0M->6144.0K Heap: 699.6M(1024.0M)->596.5M(1024.0M)]
 [Times: user=0.09 sys=0.29, real=0.02 secs] 
1.287: [GC pause (G1 Evacuation Pause) (mixed), 0.0106481 secs]
   [Parallel Time: 9.2 ms, GC Workers: 18]
      [GC Worker Start (ms): Min: 1287.7, Avg: 1287.8, Max: 1288.0, Diff: 0.3]
      [Ext Root Scanning (ms): Min: 0.0, Avg: 0.2, Max: 0.3, Diff: 0.3, Sum: 3.1]
      [Update RS (ms): Min: 1.1, Avg: 1.2, Max: 1.4, Diff: 0.2, Sum: 21.7]
         [Processed Buffers: Min: 2, Avg: 3.4, Max: 4, Diff: 2, Sum: 62]
      [Scan RS (ms): Min: 0.0, Avg: 0.0, Max: 0.1, Diff: 0.1, Sum: 0.6]
      [Code Root Scanning (ms): Min: 0.0, Avg: 0.0, Max: 0.0, Diff: 0.0, Sum: 0.0]
      [Object Copy (ms): Min: 6.4, Avg: 6.9, Max: 7.4, Diff: 1.0, Sum: 123.5]
      [Termination (ms): Min: 0.0, Avg: 0.5, Max: 1.0, Diff: 1.0, Sum: 9.6]
         [Termination Attempts: Min: 1, Avg: 1.2, Max: 3, Diff: 2, Sum: 21]
      [GC Worker Other (ms): Min: 0.0, Avg: 0.0, Max: 0.1, Diff: 0.0, Sum: 0.5]
      [GC Worker Total (ms): Min: 8.6, Avg: 8.8, Max: 9.0, Diff: 0.4, Sum: 159.1]
      [GC Worker End (ms): Min: 1296.7, Avg: 1296.7, Max: 1296.7, Diff: 0.0]
   [Code Root Fixup: 0.0 ms]
   [Code Root Purge: 0.0 ms]
   [Clear CT: 0.3 ms]
   [Other: 1.2 ms]
      [Choose CSet: 0.0 ms]
      [Ref Proc: 0.4 ms]
      [Ref Enq: 0.0 ms]
      [Redirty Cards: 0.3 ms]
      [Humongous Register: 0.2 ms]
      [Humongous Reclaim: 0.1 ms]
      [Free CSet: 0.1 ms]
   [Eden: 45.0M(45.0M)->0.0B(215.0M) Survivors: 6144.0K->7168.0K Heap: 649.7M(1024.0M)->587.8M(1024.0M)]
 [Times: user=0.09 sys=0.07, real=0.01 secs] 
1.300: [GC pause (G1 Humongous Allocation) (young) (initial-mark), 0.0036956 secs]
   [Parallel Time: 2.6 ms, GC Workers: 18]
      [GC Worker Start (ms): Min: 1300.0, Avg: 1300.1, Max: 1300.3, Diff: 0.2]
      [Ext Root Scanning (ms): Min: 0.1, Avg: 0.2, Max: 0.3, Diff: 0.2, Sum: 3.9]
      [Update RS (ms): Min: 0.0, Avg: 0.4, Max: 1.6, Diff: 1.6, Sum: 7.4]
         [Processed Buffers: Min: 0, Avg: 1.1, Max: 3, Diff: 3, Sum: 19]
      [Scan RS (ms): Min: 0.0, Avg: 0.0, Max: 0.0, Diff: 0.0, Sum: 0.1]
      [Code Root Scanning (ms): Min: 0.0, Avg: 0.0, Max: 0.0, Diff: 0.0, Sum: 0.0]
      [Object Copy (ms): Min: 0.0, Avg: 1.4, Max: 2.0, Diff: 2.0, Sum: 25.6]
      [Termination (ms): Min: 0.0, Avg: 0.2, Max: 0.5, Diff: 0.5, Sum: 4.5]
         [Termination Attempts: Min: 1, Avg: 1.0, Max: 1, Diff: 0, Sum: 18]
      [GC Worker Other (ms): Min: 0.0, Avg: 0.0, Max: 0.0, Diff: 0.0, Sum: 0.3]
      [GC Worker Total (ms): Min: 2.2, Avg: 2.3, Max: 2.4, Diff: 0.3, Sum: 41.7]
      [GC Worker End (ms): Min: 1302.5, Avg: 1302.5, Max: 1302.5, Diff: 0.0]
   [Code Root Fixup: 0.0 ms]
   [Code Root Purge: 0.0 ms]
   [Clear CT: 0.3 ms]
   [Other: 0.8 ms]
      [Choose CSet: 0.0 ms]
      [Ref Proc: 0.2 ms]
      [Ref Enq: 0.0 ms]
      [Redirty Cards: 0.2 ms]
      [Humongous Register: 0.2 ms]
      [Humongous Reclaim: 0.0 ms]
      [Free CSet: 0.0 ms]
   [Eden: 5120.0K(215.0M)->0.0B(224.0M) Survivors: 7168.0K->8192.0K Heap: 592.0M(1024.0M)->588.6M(1024.0M)]
 [Times: user=0.04 sys=0.01, real=0.01 secs] 
1.304: [GC concurrent-root-region-scan-start]
1.304: [GC concurrent-root-region-scan-end, 0.0001748 secs]
1.304: [GC concurrent-mark-start]
1.308: [GC concurrent-mark-end, 0.0042259 secs]
1.308: [GC remark 1.308: [Finalize Marking, 0.0004746 secs] 1.309: [GC ref-proc, 0.0004147 secs] 1.309: [Unloading, 0.0010575 secs], 0.0030560 secs]
 [Times: user=0.02 sys=0.00, real=0.01 secs] 
1.311: [GC cleanup 604M->590M(1024M), 0.0018491 secs]
 [Times: user=0.02 sys=0.00, real=0.00 secs] 
1.313: [GC concurrent-cleanup-start]
1.313: [GC concurrent-cleanup-end, 0.0000512 secs]
1.397: [GC pause (G1 Evacuation Pause) (young), 0.0204426 secs]
   [Parallel Time: 18.6 ms, GC Workers: 18]
      [GC Worker Start (ms): Min: 1397.5, Avg: 1397.7, Max: 1397.9, Diff: 0.4]
      [Ext Root Scanning (ms): Min: 0.0, Avg: 0.2, Max: 0.3, Diff: 0.3, Sum: 3.0]
      [Update RS (ms): Min: 0.9, Avg: 1.0, Max: 1.1, Diff: 0.2, Sum: 18.5]
         [Processed Buffers: Min: 1, Avg: 2.9, Max: 4, Diff: 3, Sum: 53]
      [Scan RS (ms): Min: 0.0, Avg: 0.1, Max: 0.1, Diff: 0.1, Sum: 0.9]
      [Code Root Scanning (ms): Min: 0.0, Avg: 0.0, Max: 0.0, Diff: 0.0, Sum: 0.0]
      [Object Copy (ms): Min: 16.5, Avg: 16.7, Max: 17.0, Diff: 0.5, Sum: 301.0]
      [Termination (ms): Min: 0.0, Avg: 0.2, Max: 0.5, Diff: 0.5, Sum: 4.4]
         [Termination Attempts: Min: 1, Avg: 1.0, Max: 1, Diff: 0, Sum: 18]
      [GC Worker Other (ms): Min: 0.0, Avg: 0.0, Max: 0.1, Diff: 0.1, Sum: 0.6]
      [GC Worker Total (ms): Min: 18.1, Avg: 18.2, Max: 18.5, Diff: 0.4, Sum: 328.5]
      [GC Worker End (ms): Min: 1415.9, Avg: 1416.0, Max: 1416.0, Diff: 0.0]
   [Code Root Fixup: 0.0 ms]
   [Code Root Purge: 0.0 ms]
   [Clear CT: 0.3 ms]
   [Other: 1.5 ms]
      [Choose CSet: 0.0 ms]
      [Ref Proc: 0.3 ms]
      [Ref Enq: 0.0 ms]
      [Redirty Cards: 0.2 ms]
      [Humongous Register: 0.2 ms]
      [Humongous Reclaim: 0.2 ms]
      [Free CSet: 0.3 ms]
   [Eden: 224.0M(224.0M)->0.0B(22.0M) Survivors: 8192.0K->29.0M Heap: 857.8M(1024.0M)->636.5M(1024.0M)]
 [Times: user=0.30 sys=0.03, real=0.02 secs] 
1.426: [GC pause (G1 Evacuation Pause) (mixed), 0.0151208 secs]
   [Parallel Time: 13.6 ms, GC Workers: 18]
      [GC Worker Start (ms): Min: 1426.4, Avg: 1426.6, Max: 1426.8, Diff: 0.4]
      [Ext Root Scanning (ms): Min: 0.0, Avg: 0.2, Max: 0.4, Diff: 0.4, Sum: 2.8]
      [Update RS (ms): Min: 1.0, Avg: 1.1, Max: 1.2, Diff: 0.2, Sum: 19.9]
         [Processed Buffers: Min: 3, Avg: 4.1, Max: 7, Diff: 4, Sum: 73]
      [Scan RS (ms): Min: 0.0, Avg: 0.0, Max: 0.1, Diff: 0.1, Sum: 0.6]
      [Code Root Scanning (ms): Min: 0.0, Avg: 0.0, Max: 0.0, Diff: 0.0, Sum: 0.0]
      [Object Copy (ms): Min: 11.3, Avg: 11.5, Max: 11.8, Diff: 0.5, Sum: 207.9]
      [Termination (ms): Min: 0.0, Avg: 0.3, Max: 0.5, Diff: 0.5, Sum: 4.9]
         [Termination Attempts: Min: 1, Avg: 1.0, Max: 1, Diff: 0, Sum: 18]
      [GC Worker Other (ms): Min: 0.0, Avg: 0.0, Max: 0.0, Diff: 0.0, Sum: 0.3]
      [GC Worker Total (ms): Min: 12.9, Avg: 13.1, Max: 13.3, Diff: 0.4, Sum: 236.3]
      [GC Worker End (ms): Min: 1439.7, Avg: 1439.7, Max: 1439.8, Diff: 0.0]
   [Code Root Fixup: 0.0 ms]
   [Code Root Purge: 0.0 ms]
   [Clear CT: 0.2 ms]
   [Other: 1.3 ms]
      [Choose CSet: 0.1 ms]
      [Ref Proc: 0.3 ms]
      [Ref Enq: 0.0 ms]
      [Redirty Cards: 0.2 ms]
      [Humongous Register: 0.2 ms]
      [Humongous Reclaim: 0.0 ms]
      [Free CSet: 0.3 ms]
   [Eden: 22.0M(22.0M)->0.0B(44.0M) Survivors: 29.0M->7168.0K Heap: 665.2M(1024.0M)->551.8M(1024.0M)]
 [Times: user=0.12 sys=0.12, real=0.02 secs] 
1.461: [GC pause (G1 Evacuation Pause) (mixed), 0.0165635 secs]
   [Parallel Time: 14.8 ms, GC Workers: 18]
      [GC Worker Start (ms): Min: 1461.9, Avg: 1462.1, Max: 1462.3, Diff: 0.4]
      [Ext Root Scanning (ms): Min: 0.0, Avg: 0.1, Max: 0.3, Diff: 0.3, Sum: 1.9]
      [Update RS (ms): Min: 1.5, Avg: 1.6, Max: 1.8, Diff: 0.3, Sum: 28.5]
         [Processed Buffers: Min: 3, Avg: 4.6, Max: 5, Diff: 2, Sum: 82]
      [Scan RS (ms): Min: 0.0, Avg: 0.0, Max: 0.1, Diff: 0.1, Sum: 0.8]
      [Code Root Scanning (ms): Min: 0.0, Avg: 0.0, Max: 0.0, Diff: 0.0, Sum: 0.0]
      [Object Copy (ms): Min: 11.5, Avg: 11.8, Max: 12.5, Diff: 1.0, Sum: 213.1]
      [Termination (ms): Min: 0.0, Avg: 0.7, Max: 0.9, Diff: 0.9, Sum: 13.3]
         [Termination Attempts: Min: 1, Avg: 1.0, Max: 1, Diff: 0, Sum: 18]
      [GC Worker Other (ms): Min: 0.0, Avg: 0.0, Max: 0.1, Diff: 0.0, Sum: 0.5]
      [GC Worker Total (ms): Min: 14.1, Avg: 14.3, Max: 14.6, Diff: 0.4, Sum: 258.1]
      [GC Worker End (ms): Min: 1476.4, Avg: 1476.4, Max: 1476.4, Diff: 0.0]
   [Code Root Fixup: 0.0 ms]
   [Code Root Purge: 0.0 ms]
   [Clear CT: 0.2 ms]
   [Other: 1.5 ms]
      [Choose CSet: 0.1 ms]
      [Ref Proc: 0.3 ms]
      [Ref Enq: 0.0 ms]
      [Redirty Cards: 0.4 ms]
      [Humongous Register: 0.2 ms]
      [Humongous Reclaim: 0.1 ms]
      [Free CSet: 0.3 ms]
   [Eden: 44.0M(44.0M)->0.0B(44.0M) Survivors: 7168.0K->7168.0K Heap: 611.9M(1024.0M)->488.3M(1024.0M)]
 [Times: user=0.19 sys=0.06, real=0.01 secs] 
1.497: [GC pause (G1 Evacuation Pause) (mixed), 0.0136995 secs]
   [Parallel Time: 12.2 ms, GC Workers: 18]
      [GC Worker Start (ms): Min: 1497.5, Avg: 1497.6, Max: 1497.8, Diff: 0.3]
      [Ext Root Scanning (ms): Min: 0.0, Avg: 0.1, Max: 0.3, Diff: 0.3, Sum: 2.4]
      [Update RS (ms): Min: 1.5, Avg: 1.6, Max: 1.7, Diff: 0.2, Sum: 28.2]
         [Processed Buffers: Min: 3, Avg: 4.6, Max: 6, Diff: 3, Sum: 83]
      [Scan RS (ms): Min: 0.0, Avg: 0.0, Max: 0.2, Diff: 0.1, Sum: 0.5]
      [Code Root Scanning (ms): Min: 0.0, Avg: 0.0, Max: 0.0, Diff: 0.0, Sum: 0.0]
      [Object Copy (ms): Min: 8.8, Avg: 9.2, Max: 10.1, Diff: 1.3, Sum: 165.9]
      [Termination (ms): Min: 0.0, Avg: 0.8, Max: 1.2, Diff: 1.2, Sum: 14.8]
         [Termination Attempts: Min: 1, Avg: 1.1, Max: 2, Diff: 1, Sum: 20]
      [GC Worker Other (ms): Min: 0.0, Avg: 0.0, Max: 0.1, Diff: 0.0, Sum: 0.3]
      [GC Worker Total (ms): Min: 11.6, Avg: 11.8, Max: 12.0, Diff: 0.3, Sum: 212.3]
      [GC Worker End (ms): Min: 1509.4, Avg: 1509.4, Max: 1509.5, Diff: 0.0]
   [Code Root Fixup: 0.0 ms]
   [Code Root Purge: 0.0 ms]
   [Clear CT: 0.3 ms]
   [Other: 1.2 ms]
      [Choose CSet: 0.0 ms]
      [Ref Proc: 0.3 ms]
      [Ref Enq: 0.0 ms]
      [Redirty Cards: 0.3 ms]
      [Humongous Register: 0.2 ms]
      [Humongous Reclaim: 0.1 ms]
      [Free CSet: 0.2 ms]
   [Eden: 44.0M(44.0M)->0.0B(300.0M) Survivors: 7168.0K->7168.0K Heap: 544.4M(1024.0M)->478.6M(1024.0M)]
 [Times: user=0.13 sys=0.09, real=0.02 secs] 
1.512: [GC pause (G1 Humongous Allocation) (young) (initial-mark), 0.0037701 secs]
   [Parallel Time: 2.6 ms, GC Workers: 18]
      [GC Worker Start (ms): Min: 1512.2, Avg: 1512.4, Max: 1512.6, Diff: 0.3]
      [Ext Root Scanning (ms): Min: 0.0, Avg: 0.2, Max: 0.4, Diff: 0.3, Sum: 3.0]
