开始执行.......
0.519: [GC (Allocation Failure) 0.519: [ParNew: 559232K->69887K(629120K), 0.0380317 secs] 559232K->147843K(2027264K), 0.0382222 secs] [Times: user=0.26 sys=0.36, real=0.04 secs] 
0.721: [GC (Allocation Failure) 0.721: [ParNew: 629119K->69887K(629120K), 0.0473448 secs] 707075K->282897K(2027264K), 0.0474120 secs] [Times: user=0.34 sys=0.44, real=0.05 secs] 
0.932: [GC (Allocation Failure) 0.932: [ParNew: 629119K->69886K(629120K), 0.1255572 secs] 842129K->412240K(2027264K), 0.1256436 secs] [Times: user=2.16 sys=0.09, real=0.13 secs] 
1.227: [GC (Allocation Failure) 1.227: [ParNew: 629118K->69887K(629120K), 0.1068758 secs] 971472K->532567K(2027264K), 0.1069608 secs] [Times: user=1.80 sys=0.11, real=0.10 secs] 
1.546: [GC (Allocation Failure) 1.546: [ParNew: 629119K->69887K(629120K), 0.1231422 secs] 1091799K->659674K(2027264K), 0.1232612 secs] [Times: user=2.11 sys=0.08, real=0.13 secs] 
1.892: [GC (Allocation Failure) 1.892: [ParNew: 629119K->69887K(629120K), 0.1355800 secs] 1218906K->791888K(2027264K), 0.1356608 secs] [Times: user=2.31 sys=0.11, real=0.14 secs] 
2.028: [GC (CMS Initial Mark) [1 CMS-initial-mark: 722001K(1398144K)] 792674K(2027264K), 0.0006026 secs] [Times: user=0.00 sys=0.00, real=0.00 secs] 
2.029: [CMS-concurrent-mark-start]
2.035: [CMS-concurrent-mark: 0.006/0.006 secs] [Times: user=0.04 sys=0.00, real=0.00 secs] 
2.035: [CMS-concurrent-preclean-start]
2.038: [CMS-concurrent-preclean: 0.003/0.003 secs] [Times: user=0.00 sys=0.00, real=0.01 secs] 
2.038: [CMS-concurrent-abortable-preclean-start]
2.211: [GC (Allocation Failure) 2.211: [ParNew2.247: [CMS-concurrent-abortable-preclean: 0.009/0.209 secs] [Times: user=0.76 sys=0.06, real=0.21 secs] 
: 629119K->69887K(629120K), 0.2442179 secs] 1351120K->909195K(2027264K), 0.2443117 secs] [Times: user=4.11 sys=0.27, real=0.24 secs] 
2.456: [GC (CMS Final Remark) [YG occupancy: 81192 K (629120 K)]2.456: [Rescan (parallel) , 0.0008729 secs]2.456: [weak refs processing, 0.0000152 secs]2.456: [class unloading, 0.0003653 secs]2.457: [scrub symbol table, 0.0004256 secs]2.457: [scrub string table, 0.0002025 secs][1 CMS-remark: 839307K(1398144K)] 920499K(2027264K), 0.0019727 secs] [Times: user=0.01 sys=0.00, real=0.01 secs] 
2.458: [CMS-concurrent-sweep-start]
2.461: [CMS-concurrent-sweep: 0.003/0.003 secs] [Times: user=0.01 sys=0.00, real=0.00 secs] 
2.461: [CMS-concurrent-reset-start]
2.477: [CMS-concurrent-reset: 0.016/0.016 secs] [Times: user=0.02 sys=0.01, real=0.02 secs] 
2.614: [GC (Allocation Failure) 2.614: [ParNew: 629119K->69887K(629120K), 0.1356691 secs] 1043747K->605344K(2027264K), 0.1357324 secs] [Times: user=2.30 sys=0.12, real=0.14 secs] 
2.916: [GC (Allocation Failure) 2.916: [ParNew: 629119K->69887K(629120K), 0.1143023 secs] 1164576K->735805K(2027264K), 0.1143815 secs] [Times: user=1.95 sys=0.09, real=0.12 secs] 
3.189: [GC (Allocation Failure) 3.189: [ParNew: 629119K->69887K(629120K), 0.1731030 secs] 1295037K->858426K(2027264K), 0.1731926 secs] [Times: user=2.89 sys=0.19, real=0.17 secs] 
3.531: [GC (Allocation Failure) 3.531: [ParNew: 629119K->69886K(629120K), 0.1726284 secs] 1417658K->980987K(2027264K), 0.1727319 secs] [Times: user=2.90 sys=0.18, real=0.17 secs] 
3.857: [GC (Allocation Failure) 3.857: [ParNew: 629023K->69887K(629120K), 0.1102197 secs] 1540124K->1113022K(2027264K), 0.1102704 secs] [Times: user=1.90 sys=0.07, real=0.11 secs] 
3.967: [GC (CMS Initial Mark) [1 CMS-initial-mark: 1043135K(1398144K)] 1113166K(2027264K), 0.0003545 secs] [Times: user=0.00 sys=0.00, real=0.00 secs] 
3.968: [CMS-concurrent-mark-start]
3.970: [CMS-concurrent-mark: 0.003/0.003 secs] [Times: user=0.02 sys=0.00, real=0.00 secs] 
3.970: [CMS-concurrent-preclean-start]
3.974: [CMS-concurrent-preclean: 0.004/0.004 secs] [Times: user=0.01 sys=0.00, real=0.00 secs] 
3.974: [CMS-concurrent-abortable-preclean-start]
4.122: [CMS-concurrent-abortable-preclean: 0.021/0.148 secs] [Times: user=0.15 sys=0.02, real=0.15 secs] 
4.123: [GC (CMS Final Remark) [YG occupancy: 597329 K (629120 K)]4.123: [Rescan (parallel) , 0.0027041 secs]4.126: [weak refs processing, 0.0000616 secs]4.126: [class unloading, 0.0052996 secs]4.131: [scrub symbol table, 0.0023632 secs]4.134: [scrub string table, 0.0013894 secs][1 CMS-remark: 1043135K(1398144K)] 1640464K(2027264K), 0.0122491 secs] [Times: user=0.02 sys=0.01, real=0.01 secs] 
4.135: [CMS-concurrent-sweep-start]
4.146: [GC (Allocation Failure) 4.146: [ParNew: 629119K->69887K(629120K), 0.1200484 secs] 1302607K->862028K(2027264K), 0.1201527 secs] [Times: user=2.00 sys=0.14, real=0.13 secs] 
4.270: [CMS-concurrent-sweep: 0.015/0.135 secs] [Times: user=2.03 sys=0.14, real=0.14 secs] 
4.271: [CMS-concurrent-reset-start]
4.276: [CMS-concurrent-reset: 0.005/0.005 secs] [Times: user=0.01 sys=0.00, real=0.00 secs] 
4.429: [GC (Allocation Failure) 4.429: [ParNew: 629119K->69887K(629120K), 0.1644955 secs] 1060075K->625555K(2027264K), 0.1645998 secs] [Times: user=2.80 sys=0.14, real=0.16 secs] 
4.756: [GC (Allocation Failure) 4.756: [ParNew: 629080K->69887K(629120K), 0.2288258 secs] 1184748K->752938K(2027264K), 0.2289072 secs] [Times: user=3.88 sys=0.22, real=0.23 secs] 
5.142: [GC (Allocation Failure) 5.142: [ParNew: 629119K->69887K(629120K), 0.1577965 secs] 1312170K->880088K(2027264K), 0.1578924 secs] [Times: user=2.67 sys=0.16, real=0.16 secs] 
5.477: [GC (Allocation Failure) 5.477: [ParNew: 628957K->69887K(629120K), 0.1540607 secs] 1439158K->990249K(2027264K), 0.1541437 secs] [Times: user=2.61 sys=0.15, real=0.15 secs] 
5.795: [GC (Allocation Failure) 5.795: [ParNew: 629119K->69886K(629120K), 0.3189859 secs] 1549481K->1110876K(2027264K), 0.3190682 secs] [Times: user=5.39 sys=0.34, real=0.32 secs] 
6.114: [GC (CMS Initial Mark) [1 CMS-initial-mark: 1040990K(1398144K)] 1110946K(2027264K), 0.0004579 secs] [Times: user=0.00 sys=0.00, real=0.00 secs] 
6.115: [CMS-concurrent-mark-start]
6.117: [CMS-concurrent-mark: 0.002/0.002 secs] [Times: user=0.01 sys=0.00, real=0.01 secs] 
6.117: [CMS-concurrent-preclean-start]
6.120: [CMS-concurrent-preclean: 0.002/0.002 secs] [Times: user=0.00 sys=0.00, real=0.00 secs] 
6.120: [CMS-concurrent-abortable-preclean-start]
6.277: [GC (Allocation Failure) 6.278: [ParNew6.327: [CMS-concurrent-abortable-preclean: 0.008/0.208 secs] [Times: user=1.03 sys=0.03, real=0.21 secs] 
: 629118K->69887K(629120K), 0.0916924 secs] 1670108K->1231537K(2027264K), 0.0917754 secs] [Times: user=1.56 sys=0.07, real=0.09 secs] 
6.369: [GC (CMS Final Remark) [YG occupancy: 70540 K (629120 K)]6.369: [Rescan (parallel) , 0.0007771 secs]6.370: [weak refs processing, 0.0000158 secs]6.370: [class unloading, 0.0002774 secs]6.371: [scrub symbol table, 0.0003062 secs]6.371: [scrub string table, 0.0001671 secs][1 CMS-remark: 1161649K(1398144K)] 1232190K(2027264K), 0.0016178 secs] [Times: user=0.01 sys=0.00, real=0.00 secs] 
6.371: [CMS-concurrent-sweep-start]
6.374: [CMS-concurrent-sweep: 0.003/0.003 secs] [Times: user=0.01 sys=0.00, real=0.00 secs] 
6.374: [CMS-concurrent-reset-start]
6.378: [CMS-concurrent-reset: 0.003/0.003 secs] [Times: user=0.00 sys=0.00, real=0.01 secs] 
6.534: [GC (Allocation Failure) 6.534: [ParNew: 629119K->69887K(629120K), 0.0689884 secs] 1046761K->603750K(2027264K), 0.0691011 secs] [Times: user=1.21 sys=0.02, real=0.07 secs] 
6.755: [GC (Allocation Failure) 6.755: [ParNew: 629119K->69887K(629120K), 0.1010687 secs] 1162982K->733107K(2027264K), 0.1011497 secs] [Times: user=1.74 sys=0.06, real=0.10 secs] 
7.066: [GC (Allocation Failure) 7.066: [ParNew: 629119K->69887K(629120K), 0.1094934 secs] 1292339K->851286K(2027264K), 0.1095803 secs] [Times: user=1.88 sys=0.07, real=0.11 secs] 
7.383: [GC (Allocation Failure) 7.383: [ParNew: 629119K->69887K(629120K), 0.0755639 secs] 1410518K->987234K(2027264K), 0.0756831 secs] [Times: user=1.30 sys=0.04, real=0.08 secs] 
7.618: [GC (Allocation Failure) 7.618: [ParNew: 629119K->69887K(629120K), 0.0888881 secs] 1546466K->1106809K(2027264K), 0.0889665 secs] [Times: user=1.53 sys=0.05, real=0.09 secs] 
7.707: [GC (CMS Initial Mark) [1 CMS-initial-mark: 1036921K(1398144K)] 1118597K(2027264K), 0.0004021 secs] [Times: user=0.00 sys=0.00, real=0.00 secs] 
7.707: [CMS-concurrent-mark-start]
7.710: [CMS-concurrent-mark: 0.002/0.002 secs] [Times: user=0.02 sys=0.00, real=0.00 secs] 
7.710: [CMS-concurrent-preclean-start]
7.712: [CMS-concurrent-preclean: 0.002/0.002 secs] [Times: user=0.00 sys=0.00, real=0.00 secs] 
7.712: [CMS-concurrent-abortable-preclean-start]
7.868: [GC (Allocation Failure) 7.868: [ParNew7.921: [CMS-concurrent-abortable-preclean: 0.008/0.209 secs] [Times: user=1.08 sys=0.03, real=0.21 secs] 
: 629119K->69887K(629120K), 0.0881057 secs] 1666041K->1230015K(2027264K), 0.0882032 secs] [Times: user=1.52 sys=0.05, real=0.08 secs] 
7.956: [GC (CMS Final Remark) [YG occupancy: 81227 K (629120 K)]7.956: [Rescan (parallel) , 0.0009959 secs]7.957: [weak refs processing, 0.0000162 secs]7.957: [class unloading, 0.0003039 secs]7.958: [scrub symbol table, 0.0003025 secs]7.958: [scrub string table, 0.0001643 secs][1 CMS-remark: 1160127K(1398144K)] 1241354K(2027264K), 0.0018573 secs] [Times: user=0.01 sys=0.00, real=0.01 secs] 
7.958: [CMS-concurrent-sweep-start]
7.963: [CMS-concurrent-sweep: 0.005/0.005 secs] [Times: user=0.01 sys=0.00, real=0.00 secs] 
7.963: [CMS-concurrent-reset-start]
7.967: [CMS-concurrent-reset: 0.004/0.004 secs] [Times: user=0.01 sys=0.00, real=0.01 secs] 
8.121: [GC (Allocation Failure) 8.121: [ParNew: 629119K->69887K(629120K), 0.1054011 secs] 1049284K->616189K(2027264K), 0.1055096 secs] [Times: user=1.83 sys=0.05, real=0.11 secs] 
8.389: [GC (Allocation Failure) 8.389: [ParNew: 629119K->69887K(629120K), 0.1253146 secs] 1175421K->740176K(2027264K), 0.1254012 secs] [Times: user=2.14 sys=0.09, real=0.12 secs] 
8.671: [GC (Allocation Failure) 8.671: [ParNew: 629119K->69887K(629120K), 0.1191383 secs] 1299408K->859966K(2027264K), 0.1191926 secs] [Times: user=2.05 sys=0.08, real=0.12 secs] 
8.957: [GC (Allocation Failure) 8.957: [ParNew: 629119K->69887K(629120K), 0.0850007 secs] 1419198K->979439K(2027264K), 0.0851070 secs] [Times: user=1.46 sys=0.06, real=0.08 secs] 
9.200: [GC (Allocation Failure) 9.200: [ParNew: 629119K->69887K(629120K), 0.0899384 secs] 1538671K->1113640K(2027264K), 0.0900205 secs] [Times: user=1.56 sys=0.04, real=0.09 secs] 
9.290: [GC (CMS Initial Mark) [1 CMS-initial-mark: 1043753K(1398144K)] 1125355K(2027264K), 0.0005489 secs] [Times: user=0.00 sys=0.00, real=0.00 secs] 
9.291: [CMS-concurrent-mark-start]
9.294: [CMS-concurrent-mark: 0.003/0.003 secs] [Times: user=0.02 sys=0.00, real=0.00 secs] 
9.294: [CMS-concurrent-preclean-start]
9.297: [CMS-concurrent-preclean: 0.003/0.003 secs] [Times: user=0.00 sys=0.00, real=0.01 secs] 
9.297: [CMS-concurrent-abortable-preclean-start]
9.454: [GC (Allocation Failure) 9.454: [ParNew9.506: [CMS-concurrent-abortable-preclean: 0.009/0.209 secs] [Times: user=1.09 sys=0.02, real=0.21 secs] 
: 629119K->69887K(629120K), 0.1011185 secs] 1672872K->1238819K(2027264K), 0.1012092 secs] [Times: user=1.77 sys=0.03, real=0.10 secs] 
9.555: [GC (CMS Final Remark) [YG occupancy: 70403 K (629120 K)]9.555: [Rescan (parallel) , 0.0010876 secs]9.556: [weak refs processing, 0.0000165 secs]9.556: [class unloading, 0.0007201 secs]9.557: [scrub symbol table, 0.0004819 secs]9.558: [scrub string table, 0.0001674 secs][1 CMS-remark: 1168932K(1398144K)] 1239335K(2027264K), 0.0025506 secs] [Times: user=0.01 sys=0.00, real=0.01 secs] 
9.558: [CMS-concurrent-sweep-start]
9.562: [CMS-concurrent-sweep: 0.004/0.004 secs] [Times: user=0.01 sys=0.00, real=0.00 secs] 
9.562: [CMS-concurrent-reset-start]
9.566: [CMS-concurrent-reset: 0.005/0.005 secs] [Times: user=0.01 sys=0.01, real=0.01 secs] 
9.716: [GC (Allocation Failure) 9.717: [ParNew: 629119K->69887K(629120K), 0.0758468 secs] 1055199K->624709K(2027264K), 0.0759371 secs] [Times: user=1.32 sys=0.02, real=0.07 secs] 
9.960: [GC (Allocation Failure) 9.960: [ParNew: 629119K->69887K(629120K), 0.0717755 secs] 1183941K->746690K(2027264K), 0.0718906 secs] [Times: user=1.27 sys=0.01, real=0.07 secs] 
执行结束。共生成对象次数:71427
Heap
 par new generation   total 629120K, used 405595K [0x0000000080000000, 0x00000000aaaa0000, 0x00000000aaaa0000)
  eden space 559232K,  60% used [0x0000000080000000, 0x00000000947d70c8, 0x00000000a2220000)
  from space 69888K,  99% used [0x00000000a6660000, 0x00000000aaa9fcb8, 0x00000000aaaa0000)
  to   space 69888K,   0% used [0x00000000a2220000, 0x00000000a2220000, 0x00000000a6660000)
 concurrent mark-sweep generation total 1398144K, used 676803K [0x00000000aaaa0000, 0x0000000100000000, 0x0000000100000000)
 Metaspace       used 2541K, capacity 4490K, committed 4864K, reserved 1056768K
  class space    used 273K, capacity 386K, committed 512K, reserved 1048576K
开始执行.......
0.519: [GC (Allocation Failure) 0.519: [ParNew: 559232K->69886K(629120K), 0.0369016 secs] 559232K->152310K(2027264K), 0.0370625 secs] [Times: user=0.26 sys=0.28, real=0.03 secs] 
0.721: [GC (Allocation Failure) 0.721: [ParNew: 629118K->69888K(629120K), 0.0417738 secs] 711542K->283597K(2027264K), 0.0418518 secs] [Times: user=0.32 sys=0.37, real=0.04 secs] 
0.919: [GC (Allocation Failure) 0.919: [ParNew: 629120K->69887K(629120K), 0.1178567 secs] 842829K->409180K(2027264K), 0.1179365 secs] [Times: user=2.02 sys=0.08, real=0.11 secs] 
1.200: [GC (Allocation Failure) 1.200: [ParNew: 629119K->69887K(629120K), 0.1050680 secs] 968412K->534661K(2027264K), 0.1051440 secs] [Times: user=1.81 sys=0.07, real=0.10 secs] 
1.535: [GC (Allocation Failure) 1.535: [ParNew: 629119K->69886K(629120K), 0.0978234 secs] 1093893K->654951K(2027264K), 0.0979077 secs] [Times: user=1.67 sys=0.07, real=0.10 secs] 
1.866: [GC (Allocation Failure) 1.866: [ParNew: 629118K->69886K(629120K), 0.1088694 secs] 1214183K->784222K(2027264K), 0.1089517 secs] [Times: user=1.86 sys=0.08, real=0.11 secs] 
1.975: [GC (CMS Initial Mark) [1 CMS-initial-mark: 714335K(1398144K)] 784510K(2027264K), 0.0005236 secs] [Times: user=0.00 sys=0.00, real=0.00 secs] 
1.975: [CMS-concurrent-mark-start]
1.981: [CMS-concurrent-mark: 0.006/0.006 secs] [Times: user=0.03 sys=0.01, real=0.01 secs] 
1.981: [CMS-concurrent-preclean-start]
1.984: [CMS-concurrent-preclean: 0.003/0.003 secs] [Times: user=0.01 sys=0.00, real=0.00 secs] 
1.984: [CMS-concurrent-abortable-preclean-start]
2.159: [GC (Allocation Failure) 2.159: [ParNew2.193: [CMS-concurrent-abortable-preclean: 0.009/0.209 secs] [Times: user=0.75 sys=0.05, real=0.21 secs] 
: 629118K->69886K(629120K), 0.2307548 secs] 1343454K->908755K(2027264K), 0.2308349 secs] [Times: user=3.89 sys=0.25, real=0.23 secs] 
2.390: [GC (CMS Final Remark) [YG occupancy: 70233 K (629120 K)]2.390: [Rescan (parallel) , 0.0008403 secs]2.390: [weak refs processing, 0.0000151 secs]2.390: [class unloading, 0.0002728 secs]2.391: [scrub symbol table, 0.0003332 secs]2.391: [scrub string table, 0.0001873 secs][1 CMS-remark: 838868K(1398144K)] 909102K(2027264K), 0.0017420 secs] [Times: user=0.01 sys=0.00, real=0.00 secs] 
2.391: [CMS-concurrent-sweep-start]
2.394: [CMS-concurrent-sweep: 0.003/0.003 secs] [Times: user=0.01 sys=0.00, real=0.00 secs] 
2.394: [CMS-concurrent-reset-start]
2.410: [CMS-concurrent-reset: 0.016/0.016 secs] [Times: user=0.02 sys=0.01, real=0.02 secs] 
2.559: [GC (Allocation Failure) 2.559: [ParNew: 629118K->69887K(629120K), 0.0925404 secs] 1037990K->599316K(2027264K), 0.0926159 secs] [Times: user=1.60 sys=0.04, real=0.09 secs] 
2.812: [GC (Allocation Failure) 2.812: [ParNew: 629119K->69887K(629120K), 0.2436075 secs] 1158548K->722721K(2027264K), 0.2436822 secs] [Times: user=4.09 sys=0.27, real=0.24 secs] 
3.212: [GC (Allocation Failure) 3.212: [ParNew: 629119K->69887K(629120K), 0.1372126 secs] 1281953K->848719K(2027264K), 0.1372899 secs] [Times: user=2.30 sys=0.15, real=0.14 secs] 
3.505: [GC (Allocation Failure) 3.505: [ParNew: 629119K->69886K(629120K), 0.1972142 secs] 1407951K->972946K(2027264K), 0.1973178 secs] [Times: user=3.28 sys=0.25, real=0.20 secs] 
3.856: [GC (Allocation Failure) 3.856: [ParNew: 629118K->69887K(629120K), 0.1004843 secs] 1532178K->1105159K(2027264K), 0.1005650 secs] [Times: user=1.72 sys=0.07, real=0.10 secs] 
3.957: [GC (CMS Initial Mark) [1 CMS-initial-mark: 1035271K(1398144K)] 1105264K(2027264K), 0.0006211 secs] [Times: user=0.00 sys=0.00, real=0.00 secs] 
3.958: [CMS-concurrent-mark-start]
3.963: [CMS-concurrent-mark: 0.005/0.005 secs] [Times: user=0.02 sys=0.01, real=0.01 secs] 
3.963: [CMS-concurrent-preclean-start]
3.965: [CMS-concurrent-preclean: 0.003/0.003 secs] [Times: user=0.00 sys=0.00, real=0.00 secs] 
3.965: [CMS-concurrent-abortable-preclean-start]
4.119: [CMS-concurrent-abortable-preclean: 0.009/0.154 secs] [Times: user=0.16 sys=0.01, real=0.16 secs] 
4.120: [GC (CMS Final Remark) [YG occupancy: 616469 K (629120 K)]4.120: [Rescan (parallel) , 0.0017034 secs]4.121: [weak refs processing, 0.0000187 secs]4.121: [class unloading, 0.0008646 secs]4.122: [scrub symbol table, 0.0005388 secs]4.123: [scrub string table, 0.0001715 secs][1 CMS-remark: 1035271K(1398144K)] 1651741K(2027264K), 0.0034152 secs] [Times: user=0.02 sys=0.00, real=0.00 secs] 
4.123: [CMS-concurrent-sweep-start]
4.129: [GC (Allocation Failure) 4.129: [ParNew: 628691K->69886K(629120K), 0.1318731 secs] 1278513K->845089K(2027264K), 0.1319788 secs] [Times: user=2.25 sys=0.10, real=0.13 secs] 
4.264: [CMS-concurrent-sweep: 0.009/0.141 secs] [Times: user=2.27 sys=0.10, real=0.14 secs] 
4.264: [CMS-concurrent-reset-start]
4.269: [CMS-concurrent-reset: 0.005/0.005 secs] [Times: user=0.01 sys=0.00, real=0.01 secs] 
4.410: [GC (Allocation Failure) 4.410: [ParNew: 629118K->69887K(629120K), 0.1381632 secs] 1061807K->631828K(2027264K), 0.1382444 secs] [Times: user=2.35 sys=0.12, real=0.14 secs] 
4.699: [GC (Allocation Failure) 4.699: [ParNew: 629119K->69887K(629120K), 0.2257504 secs] 1191060K->763905K(2027264K), 0.2258372 secs] [Times: user=3.84 sys=0.21, real=0.22 secs] 
5.080: [GC (Allocation Failure) 5.080: [ParNew: 629119K->69886K(629120K), 0.1971910 secs] 1323137K->887011K(2027264K), 0.1972558 secs] [Times: user=3.34 sys=0.21, real=0.19 secs] 
5.431: [GC (Allocation Failure) 5.431: [ParNew: 629118K->69886K(629120K), 0.2210614 secs] 1446243K->1002244K(2027264K), 0.2211350 secs] [Times: user=3.73 sys=0.23, real=0.22 secs] 
5.808: [GC (Allocation Failure) 5.808: [ParNew: 629118K->69887K(629120K), 0.1565707 secs] 1561476K->1122724K(2027264K), 0.1566486 secs] [Times: user=2.65 sys=0.15, real=0.16 secs] 
5.964: [GC (CMS Initial Mark) [1 CMS-initial-mark: 1052836K(1398144K)] 1123113K(2027264K), 0.0004434 secs] [Times: user=0.01 sys=0.00, real=0.00 secs] 
5.965: [CMS-concurrent-mark-start]
5.967: [CMS-concurrent-mark: 0.002/0.002 secs] [Times: user=0.01 sys=0.00, real=0.00 secs] 
5.967: [CMS-concurrent-preclean-start]
5.970: [CMS-concurrent-preclean: 0.003/0.003 secs] [Times: user=0.00 sys=0.00, real=0.01 secs] 
5.970: [CMS-concurrent-abortable-preclean-start]
6.122: [GC (Allocation Failure) 6.122: [ParNew6.179: [CMS-concurrent-abortable-preclean: 0.009/0.209 secs] [Times: user=1.12 sys=0.06, real=0.21 secs] 
: 629119K->69887K(629120K), 0.1186771 secs] 1681956K->1258661K(2027264K), 0.1187644 secs] [Times: user=2.00 sys=0.12, real=0.12 secs] 
6.241: [GC (CMS Final Remark) [YG occupancy: 70215 K (629120 K)]6.241: [Rescan (parallel) , 0.0008886 secs]6.242: [weak refs processing, 0.0000205 secs]6.242: [class unloading, 0.0002630 secs]6.242: [scrub symbol table, 0.0003368 secs]6.243: [scrub string table, 0.0001741 secs][1 CMS-remark: 1188774K(1398144K)] 1258989K(2027264K), 0.0017540 secs] [Times: user=0.01 sys=0.00, real=0.00 secs] 
6.243: [CMS-concurrent-sweep-start]
6.246: [CMS-concurrent-sweep: 0.003/0.003 secs] [Times: user=0.00 sys=0.01, real=0.00 secs] 
6.246: [CMS-concurrent-reset-start]
6.250: [CMS-concurrent-reset: 0.003/0.003 secs] [Times: user=0.01 sys=0.00, real=0.01 secs] 
6.459: [GC (Allocation Failure) 6.459: [ParNew: 629119K->69886K(629120K), 0.0814856 secs] 1054180K->614527K(2027264K), 0.0815588 secs] [Times: user=1.41 sys=0.05, real=0.08 secs] 
6.763: [GC (Allocation Failure) 6.764: [ParNew: 629118K->69887K(629120K), 0.0991141 secs] 1173759K->736261K(2027264K), 0.0991909 secs] [Times: user=1.68 sys=0.05, real=0.10 secs] 
7.029: [GC (Allocation Failure) 7.029: [ParNew: 629119K->69887K(629120K), 0.0985366 secs] 1295493K->871145K(2027264K), 0.0986272 secs] [Times: user=1.72 sys=0.04, real=0.09 secs] 
7.282: [GC (Allocation Failure) 7.282: [ParNew: 629119K->69887K(629120K), 0.0755758 secs] 1430377K->991815K(2027264K), 0.0756571 secs] [Times: user=1.32 sys=0.03, real=0.07 secs] 
7.516: [GC (Allocation Failure) 7.516: [ParNew: 629119K->69887K(629120K), 0.0744356 secs] 1551047K->1110666K(2027264K), 0.0745171 secs] [Times: user=1.28 sys=0.04, real=0.08 secs] 
7.591: [GC (CMS Initial Mark) [1 CMS-initial-mark: 1040778K(1398144K)] 1110859K(2027264K), 0.0006464 secs] [Times: user=0.00 sys=0.00, real=0.00 secs] 
7.592: [CMS-concurrent-mark-start]
7.594: [CMS-concurrent-mark: 0.002/0.002 secs] [Times: user=0.01 sys=0.00, real=0.00 secs] 
7.594: [CMS-concurrent-preclean-start]
7.597: [CMS-concurrent-preclean: 0.003/0.003 secs] [Times: user=0.00 sys=0.00, real=0.00 secs] 
7.597: [CMS-concurrent-abortable-preclean-start]
7.750: [GC (Allocation Failure) 7.750: [ParNew7.803: [CMS-concurrent-abortable-preclean: 0.006/0.206 secs] [Times: user=1.08 sys=0.03, real=0.21 secs] 
: 629119K->69887K(629120K), 0.3063856 secs] 1669898K->1240704K(2027264K), 0.3064580 secs] [Times: user=5.19 sys=0.30, real=0.30 secs] 
8.056: [GC (CMS Final Remark) [YG occupancy: 70031 K (629120 K)]8.056: [Rescan (parallel) , 0.0008399 secs]8.057: [weak refs processing, 0.0000153 secs]8.057: [class unloading, 0.0002707 secs]8.057: [scrub symbol table, 0.0003052 secs]8.058: [scrub string table, 0.0001653 secs][1 CMS-remark: 1170816K(1398144K)] 1240848K(2027264K), 0.0016630 secs] [Times: user=0.01 sys=0.00, real=0.00 secs] 
8.058: [CMS-concurrent-sweep-start]
8.070: [CMS-concurrent-sweep: 0.012/0.012 secs] [Times: user=0.02 sys=0.01, real=0.01 secs] 
8.070: [CMS-concurrent-reset-start]
8.074: [CMS-concurrent-reset: 0.004/0.004 secs] [Times: user=0.00 sys=0.00, real=0.00 secs] 
8.219: [GC (Allocation Failure) 8.219: [ParNew: 629119K->69887K(629120K), 0.0759395 secs] 1059982K->629444K(2027264K), 0.0760250 secs] [Times: user=1.29 sys=0.06, real=0.07 secs] 
8.451: [GC (Allocation Failure) 8.451: [ParNew: 628924K->69886K(629120K), 0.0785628 secs] 1188481K->752707K(2027264K), 0.0786407 secs] [Times: user=1.36 sys=0.04, real=0.08 secs] 
8.683: [GC (Allocation Failure) 8.683: [ParNew: 629118K->69887K(629120K), 0.1338378 secs] 1311939K->876286K(2027264K), 0.1339148 secs] [Times: user=2.30 sys=0.10, real=0.13 secs] 
8.971: [GC (Allocation Failure) 8.971: [ParNew: 629119K->69887K(629120K), 0.1402553 secs] 1435518K->994818K(2027264K), 0.1403317 secs] [Times: user=2.39 sys=0.11, real=0.14 secs] 
9.267: [GC (Allocation Failure) 9.267: [ParNew: 629119K->69887K(629120K), 0.1736951 secs] 1554050K->1124484K(2027264K), 0.1737736 secs] [Times: user=2.96 sys=0.15, real=0.18 secs] 
9.441: [GC (CMS Initial Mark) [1 CMS-initial-mark: 1054596K(1398144K)] 1125199K(2027264K), 0.0003523 secs] [Times: user=0.00 sys=0.00, real=0.00 secs] 
9.442: [CMS-concurrent-mark-start]
9.445: [CMS-concurrent-mark: 0.003/0.003 secs] [Times: user=0.01 sys=0.01, real=0.00 secs] 
9.445: [CMS-concurrent-preclean-start]
9.448: [CMS-concurrent-preclean: 0.003/0.003 secs] [Times: user=0.01 sys=0.00, real=0.00 secs] 
9.448: [CMS-concurrent-abortable-preclean-start]
9.604: [GC (Allocation Failure) 9.604: [ParNew9.656: [CMS-concurrent-abortable-preclean: 0.009/0.209 secs] [Times: user=1.07 sys=0.03, real=0.21 secs] 
: 629119K->69887K(629120K), 0.0973629 secs] 1683716K->1254823K(2027264K), 0.0974438 secs] [Times: user=1.69 sys=0.05, real=0.10 secs] 
9.702: [GC (CMS Final Remark) [YG occupancy: 81791 K (629120 K)]9.702: [Rescan (parallel) , 0.0008411 secs]9.703: [weak refs processing, 0.0000152 secs]9.703: [class unloading, 0.0007258 secs]9.704: [scrub symbol table, 0.0004990 secs]9.704: [scrub string table, 0.0001742 secs][1 CMS-remark: 1184935K(1398144K)] 1266726K(2027264K), 0.0023430 secs] [Times: user=0.00 sys=0.01, real=0.00 secs] 
9.705: [CMS-concurrent-sweep-start]
9.710: [CMS-concurrent-sweep: 0.006/0.006 secs] [Times: user=0.02 sys=0.00, real=0.01 secs] 
9.710: [CMS-concurrent-reset-start]
9.717: [CMS-concurrent-reset: 0.006/0.006 secs] [Times: user=0.01 sys=0.00, real=0.00 secs] 
9.866: [GC (Allocation Failure) 9.866: [ParNew: 629119K->69887K(629120K), 0.0781325 secs] 1070342K->623477K(2027264K), 0.0782262 secs] [Times: user=1.36 sys=0.03, real=0.08 secs] 
10.105: [GC (Allocation Failure) 10.105: [ParNew: 629119K->69887K(629120K), 0.0632954 secs] 1182709K->749220K(2027264K), 0.0633972 secs] [Times: user=1.10 sys=0.01, real=0.07 secs] 
执行结束。共生成对象次数:69927
Heap
 par new generation   total 629120K, used 92571K [0x0000000080000000, 0x00000000aaaa0000, 0x00000000aaaa0000)
  eden space 559232K,   4% used [0x0000000080000000, 0x0000000081627130, 0x00000000a2220000)
  from space 69888K,  99% used [0x00000000a6660000, 0x00000000aaa9fd30, 0x00000000aaaa0000)
  to   space 69888K,   0% used [0x00000000a2220000, 0x00000000a2220000, 0x00000000a6660000)
 concurrent mark-sweep generation total 1398144K, used 679332K [0x00000000aaaa0000, 0x0000000100000000, 0x0000000100000000)
 Metaspace       used 2541K, capacity 4490K, committed 4864K, reserved 1056768K
  class space    used 273K, capacity 386K, committed 512K, reserved 1048576K
开始执行.......
0.493: [GC (Allocation Failure) 0.493: [ParNew: 559232K->69887K(629120K), 0.0369055 secs] 559232K->157756K(2027264K), 0.0370854 secs] [Times: user=0.24 sys=0.20, real=0.04 secs] 
0.700: [GC (Allocation Failure) 0.700: [ParNew: 629119K->69887K(629120K), 0.0447026 secs] 716988K->292515K(2027264K), 0.0448254 secs] [Times: user=0.30 sys=0.44, real=0.04 secs] 
0.911: [GC (Allocation Failure) 0.911: [ParNew: 629070K->69887K(629120K), 0.0902786 secs] 851698K->413941K(2027264K), 0.0903800 secs] [Times: user=1.54 sys=0.06, real=0.09 secs] 
1.165: [GC (Allocation Failure) 1.165: [ParNew: 628711K->69887K(629120K), 0.1162827 secs] 972765K->541508K(2027264K), 0.1163790 secs] [Times: user=1.97 sys=0.08, real=0.12 secs] 
1.490: [GC (Allocation Failure) 1.490: [ParNew: 629119K->69887K(629120K), 0.1319272 secs] 1100740K->670108K(2027264K), 0.1319812 secs] [Times: user=2.25 sys=0.11, real=0.13 secs] 
1.853: [GC (Allocation Failure) 1.853: [ParNew: 629119K->69887K(629120K), 0.1432247 secs] 1229340K->792532K(2027264K), 0.1433014 secs] [Times: user=2.45 sys=0.12, real=0.14 secs] 
1.996: [GC (CMS Initial Mark) [1 CMS-initial-mark: 722644K(1398144K)] 792818K(2027264K), 0.0005382 secs] [Times: user=0.00 sys=0.00, real=0.00 secs] 
1.997: [CMS-concurrent-mark-start]
2.004: [CMS-concurrent-mark: 0.007/0.007 secs] [Times: user=0.03 sys=0.01, real=0.01 secs] 
2.004: [CMS-concurrent-preclean-start]
2.007: [CMS-concurrent-preclean: 0.003/0.003 secs] [Times: user=0.01 sys=0.00, real=0.00 secs] 
2.007: [CMS-concurrent-abortable-preclean-start]
2.188: [GC (Allocation Failure) 2.188: [ParNew2.216: [CMS-concurrent-abortable-preclean: 0.009/0.209 secs] [Times: user=0.64 sys=0.05, real=0.21 secs] 
: 629119K->69887K(629120K), 0.3723906 secs] 1351764K->922083K(2027264K), 0.3725111 secs] [Times: user=6.27 sys=0.42, real=0.38 secs] 
2.560: [GC (CMS Final Remark) [YG occupancy: 70573 K (629120 K)]2.560: [Rescan (parallel) , 0.0009949 secs]2.561: [weak refs processing, 0.0000151 secs]2.561: [class unloading, 0.0003928 secs]2.562: [scrub symbol table, 0.0004365 secs]2.562: [scrub string table, 0.0001855 secs][1 CMS-remark: 852195K(1398144K)] 922769K(2027264K), 0.0021152 secs] [Times: user=0.01 sys=0.00, real=0.00 secs] 
2.563: [CMS-concurrent-sweep-start]
2.565: [CMS-concurrent-sweep: 0.002/0.002 secs] [Times: user=0.01 sys=0.00, real=0.00 secs] 
2.565: [CMS-concurrent-reset-start]
2.581: [CMS-concurrent-reset: 0.016/0.016 secs] [Times: user=0.02 sys=0.01, real=0.02 secs] 
2.736: [GC (Allocation Failure) 2.736: [ParNew: 629119K->69887K(629120K), 0.1544805 secs] 1049362K->616306K(2027264K), 0.1545705 secs] [Times: user=2.59 sys=0.16, real=0.16 secs] 
3.050: [GC (Allocation Failure) 3.050: [ParNew: 629119K->69887K(629120K), 0.1994862 secs] 1175538K->739149K(2027264K), 0.1995352 secs] [Times: user=3.38 sys=0.19, real=0.20 secs] 
3.407: [GC (Allocation Failure) 3.407: [ParNew: 629119K->69887K(629120K), 0.2599687 secs] 1298381K->868087K(2027264K), 0.2601212 secs] [Times: user=4.33 sys=0.33, real=0.26 secs] 
3.823: [GC (Allocation Failure) 3.823: [ParNew: 629119K->69886K(629120K), 0.1789085 secs] 1427319K->984780K(2027264K), 0.1789659 secs] [Times: user=2.99 sys=0.22, real=0.18 secs] 
4.158: [GC (Allocation Failure) 4.158: [ParNew: 629118K->69887K(629120K), 0.0982957 secs] 1544012K->1119794K(2027264K), 0.0983702 secs] [Times: user=1.69 sys=0.07, real=0.09 secs] 
4.257: [GC (CMS Initial Mark) [1 CMS-initial-mark: 1049907K(1398144K)] 1119866K(2027264K), 0.0004778 secs] [Times: user=0.00 sys=0.00, real=0.00 secs] 
4.257: [CMS-concurrent-mark-start]
4.266: [CMS-concurrent-mark: 0.008/0.008 secs] [Times: user=0.02 sys=0.03, real=0.01 secs] 
4.266: [CMS-concurrent-preclean-start]
4.268: [CMS-concurrent-preclean: 0.003/0.003 secs] [Times: user=0.01 sys=0.00, real=0.01 secs] 
4.268: [CMS-concurrent-abortable-preclean-start]
4.420: [GC (Allocation Failure) 4.420: [ParNew4.477: [CMS-concurrent-abortable-preclean: 0.008/0.208 secs] [Times: user=1.13 sys=0.03, real=0.20 secs] 
: 629119K->69887K(629120K), 0.1136266 secs] 1679026K->1247627K(2027264K), 0.1137130 secs] [Times: user=1.96 sys=0.07, real=0.11 secs] 
4.534: [GC (CMS Final Remark) [YG occupancy: 81186 K (629120 K)]4.534: [Rescan (parallel) , 0.0007920 secs]4.535: [weak refs processing, 0.0000155 secs]4.535: [class unloading, 0.0027171 secs]4.538: [scrub symbol table, 0.0011724 secs]4.539: [scrub string table, 0.0001782 secs][1 CMS-remark: 1177740K(1398144K)] 1258926K(2027264K), 0.0049550 secs] [Times: user=0.01 sys=0.00, real=0.01 secs] 
4.539: [CMS-concurrent-sweep-start]
4.545: [CMS-concurrent-sweep: 0.006/0.006 secs] [Times: user=0.01 sys=0.00, real=0.00 secs] 
4.545: [CMS-concurrent-reset-start]
4.550: [CMS-concurrent-reset: 0.005/0.005 secs] [Times: user=0.01 sys=0.01, real=0.01 secs] 
4.701: [GC (Allocation Failure) 4.701: [ParNew: 629119K->69887K(629120K), 0.1146120 secs] 1059941K->626871K(2027264K), 0.1147120 secs] [Times: user=1.96 sys=0.07, real=0.11 secs] 
4.971: [GC (Allocation Failure) 4.971: [ParNew: 629119K->69887K(629120K), 0.1383431 secs] 1186103K->747858K(2027264K), 0.1383944 secs] [Times: user=2.37 sys=0.10, real=0.14 secs] 
5.261: [GC (Allocation Failure) 5.262: [ParNew: 629119K->69887K(629120K), 0.1551133 secs] 1307090K->882231K(2027264K), 0.1551804 secs] [Times: user=2.66 sys=0.13, real=0.15 secs] 
5.574: [GC (Allocation Failure) 5.574: [ParNew: 629119K->69887K(629120K), 0.2403171 secs] 1441463K->1005549K(2027264K), 0.2404234 secs] [Times: user=4.07 sys=0.23, real=0.24 secs] 
5.815: [GC (CMS Initial Mark) [1 CMS-initial-mark: 935662K(1398144K)] 1005622K(2027264K), 0.0004113 secs] [Times: user=0.00 sys=0.00, real=0.00 secs] 
5.815: [CMS-concurrent-mark-start]
5.817: [CMS-concurrent-mark: 0.002/0.002 secs] [Times: user=0.01 sys=0.00, real=0.00 secs] 
5.817: [CMS-concurrent-preclean-start]
5.820: [CMS-concurrent-preclean: 0.003/0.003 secs] [Times: user=0.00 sys=0.00, real=0.01 secs] 
5.820: [CMS-concurrent-abortable-preclean-start]
5.978: [GC (Allocation Failure) 5.978: [ParNew6.028: [CMS-concurrent-abortable-preclean: 0.007/0.208 secs] [Times: user=1.03 sys=0.03, real=0.20 secs] 
: 629119K->69886K(629120K), 0.1768441 secs] 1564781K->1133395K(2027264K), 0.1769273 secs] [Times: user=2.99 sys=0.17, real=0.18 secs] 
6.155: [GC (CMS Final Remark) [YG occupancy: 70601 K (629120 K)]6.155: [Rescan (parallel) , 0.0007165 secs]6.155: [weak refs processing, 0.0000186 secs]6.155: [class unloading, 0.0002533 secs]6.156: [scrub symbol table, 0.0003515 secs]6.156: [scrub string table, 0.0001799 secs][1 CMS-remark: 1063509K(1398144K)] 1134110K(2027264K), 0.0015913 secs] [Times: user=0.01 sys=0.00, real=0.00 secs] 
6.156: [CMS-concurrent-sweep-start]
6.160: [CMS-concurrent-sweep: 0.003/0.003 secs] [Times: user=0.01 sys=0.00, real=0.01 secs] 
6.160: [CMS-concurrent-reset-start]
6.163: [CMS-concurrent-reset: 0.003/0.003 secs] [Times: user=0.01 sys=0.00, real=0.00 secs] 
6.320: [GC (Allocation Failure) 6.320: [ParNew: 629118K->69887K(629120K), 0.0790089 secs] 1058620K->619078K(2027264K), 0.0790979 secs] [Times: user=1.38 sys=0.03, real=0.08 secs] 
6.557: [GC (Allocation Failure) 6.557: [ParNew: 629119K->69887K(629120K), 0.0795914 secs] 1178310K->749363K(2027264K), 0.0796831 secs] [Times: user=1.37 sys=0.05, real=0.08 secs] 
6.850: [GC (Allocation Failure) 6.850: [ParNew: 629119K->69887K(629120K), 0.0889459 secs] 1308595K->877538K(2027264K), 0.0890417 secs] [Times: user=1.55 sys=0.04, real=0.09 secs] 
7.144: [GC (Allocation Failure) 7.144: [ParNew: 629119K->69887K(629120K), 0.0869637 secs] 1436770K->1013338K(2027264K), 0.0870644 secs] [Times: user=1.50 sys=0.04, real=0.09 secs] 
7.231: [GC (CMS Initial Mark) [1 CMS-initial-mark: 943450K(1398144K)] 1013410K(2027264K), 0.0007477 secs] [Times: user=0.00 sys=0.00, real=0.00 secs] 
7.232: [CMS-concurrent-mark-start]
7.234: [CMS-concurrent-mark: 0.002/0.002 secs] [Times: user=0.01 sys=0.00, real=0.00 secs] 
7.234: [CMS-concurrent-preclean-start]
7.238: [CMS-concurrent-preclean: 0.004/0.004 secs] [Times: user=0.01 sys=0.00, real=0.01 secs] 
7.238: [CMS-concurrent-abortable-preclean-start]
7.401: [GC (Allocation Failure) 7.401: [ParNew7.449: [CMS-concurrent-abortable-preclean: 0.011/0.211 secs] [Times: user=1.01 sys=0.03, real=0.21 secs] 
: 629119K->69887K(629120K), 0.0897585 secs] 1572570K->1129777K(2027264K), 0.0898130 secs] [Times: user=1.54 sys=0.06, real=0.09 secs] 
7.491: [GC (CMS Final Remark) [YG occupancy: 70175 K (629120 K)]7.491: [Rescan (parallel) , 0.0009509 secs]7.492: [weak refs processing, 0.0000153 secs]7.492: [class unloading, 0.0002827 secs]7.492: [scrub symbol table, 0.0003058 secs]7.492: [scrub string table, 0.0001806 secs][1 CMS-remark: 1059889K(1398144K)] 1130065K(2027264K), 0.0018033 secs] [Times: user=0.01 sys=0.00, real=0.00 secs] 
7.493: [CMS-concurrent-sweep-start]
7.498: [CMS-concurrent-sweep: 0.005/0.005 secs] [Times: user=0.01 sys=0.00, real=0.00 secs] 
7.498: [CMS-concurrent-reset-start]
7.501: [CMS-concurrent-reset: 0.004/0.004 secs] [Times: user=0.01 sys=0.00, real=0.01 secs] 
7.655: [GC (Allocation Failure) 7.655: [ParNew: 629119K->69887K(629120K), 0.0724003 secs] 1065276K->623515K(2027264K), 0.0725074 secs] [Times: user=1.25 sys=0.03, real=0.08 secs] 
7.896: [GC (Allocation Failure) 7.896: [ParNew: 629119K->69887K(629120K), 0.0754325 secs] 1182747K->747027K(2027264K), 0.0755303 secs] [Times: user=1.30 sys=0.05, real=0.08 secs] 
8.135: [GC (Allocation Failure) 8.135: [ParNew: 629119K->69887K(629120K), 0.0913529 secs] 1306259K->868705K(2027264K), 0.0914374 secs] [Times: user=1.54 sys=0.05, real=0.09 secs] 
8.382: [GC (Allocation Failure) 8.382: [ParNew: 629119K->69887K(629120K), 0.1052197 secs] 1427937K->1006425K(2027264K), 0.1052668 secs] [Times: user=1.83 sys=0.05, real=0.10 secs] 
8.488: [GC (CMS Initial Mark) [1 CMS-initial-mark: 936537K(1398144K)] 1006569K(2027264K), 0.0003731 secs] [Times: user=0.00 sys=0.00, real=0.00 secs] 
8.488: [CMS-concurrent-mark-start]
8.491: [CMS-concurrent-mark: 0.002/0.002 secs] [Times: user=0.01 sys=0.00, real=0.00 secs] 
8.491: [CMS-concurrent-preclean-start]
8.493: [CMS-concurrent-preclean: 0.003/0.003 secs] [Times: user=0.01 sys=0.00, real=0.00 secs] 
8.493: [CMS-concurrent-abortable-preclean-start]
8.646: [GC (Allocation Failure) 8.646: [ParNew8.702: [CMS-concurrent-abortable-preclean: 0.009/0.209 secs] [Times: user=1.13 sys=0.02, real=0.21 secs] 
: 629002K->69887K(629120K), 0.1351865 secs] 1565539K->1146856K(2027264K), 0.1352862 secs] [Times: user=2.31 sys=0.10, real=0.14 secs] 
8.782: [GC (CMS Final Remark) [YG occupancy: 70365 K (629120 K)]8.782: [Rescan (parallel) , 0.0007221 secs]8.782: [weak refs processing, 0.0000143 secs]8.782: [class unloading, 0.0002498 secs]8.783: [scrub symbol table, 0.0003463 secs]8.783: [scrub string table, 0.0001903 secs][1 CMS-remark: 1076968K(1398144K)] 1147334K(2027264K), 0.0015960 secs] [Times: user=0.01 sys=0.00, real=0.00 secs] 
8.783: [CMS-concurrent-sweep-start]
8.789: [CMS-concurrent-sweep: 0.006/0.006 secs] [Times: user=0.01 sys=0.01, real=0.01 secs] 
8.789: [CMS-concurrent-reset-start]
8.793: [CMS-concurrent-reset: 0.004/0.004 secs] [Times: user=0.01 sys=0.00, real=0.00 secs] 
8.946: [GC (Allocation Failure) 8.946: [ParNew: 629119K->69887K(629120K), 0.0825667 secs] 1067292K->633644K(2027264K), 0.0826548 secs] [Times: user=1.45 sys=0.01, real=0.09 secs] 
9.194: [GC (Allocation Failure) 9.194: [ParNew: 629119K->69887K(629120K), 0.0857244 secs] 1192876K->757411K(2027264K), 0.0858371 secs] [Times: user=1.48 sys=0.04, real=0.09 secs] 
9.446: [GC (Allocation Failure) 9.446: [ParNew: 629119K->69887K(629120K), 0.0902612 secs] 1316643K->872223K(2027264K), 0.0903463 secs] [Times: user=1.56 sys=0.05, real=0.09 secs] 
9.698: [GC (Allocation Failure) 9.698: [ParNew: 629119K->69886K(629120K), 0.0996777 secs] 1431455K->1004986K(2027264K), 0.0997661 secs] [Times: user=1.72 sys=0.06, real=0.10 secs] 
9.951: [GC (Allocation Failure) 9.951: [ParNew: 629118K->69887K(629120K), 0.1361844 secs] 1564218K->1133748K(2027264K), 0.1362353 secs] [Times: user=2.34 sys=0.10, real=0.13 secs] 
10.088: [GC (CMS Initial Mark) [1 CMS-initial-mark: 1063860K(1398144K)] 1133820K(2027264K), 0.0004667 secs] [Times: user=0.00 sys=0.00, real=0.00 secs] 
10.088: [CMS-concurrent-mark-start]
10.090: [CMS-concurrent-mark: 0.002/0.002 secs] [Times: user=0.01 sys=0.00, real=0.00 secs] 
10.090: [CMS-concurrent-preclean-start]
10.095: [CMS-concurrent-preclean: 0.005/0.005 secs] [Times: user=0.01 sys=0.00, real=0.00 secs] 
10.095: [CMS-concurrent-abortable-preclean-start]
执行结束。共生成对象次数:70064
Heap
 par new generation   total 629120K, used 139172K [0x0000000080000000, 0x00000000aaaa0000, 0x00000000aaaa0000)
  eden space 559232K,  12% used [0x0000000080000000, 0x00000000843a9388, 0x00000000a2220000)
  from space 69888K,  99% used [0x00000000a6660000, 0x00000000aaa9feb0, 0x00000000aaaa0000)
  to   space 69888K,   0% used [0x00000000a2220000, 0x00000000a2220000, 0x00000000a6660000)
 concurrent mark-sweep generation total 1398144K, used 1063860K [0x00000000aaaa0000, 0x0000000100000000, 0x0000000100000000)
 Metaspace       used 2541K, capacity 4490K, committed 4864K, reserved 1056768K
  class space    used 273K, capacity 386K, committed 512K, reserved 1048576K
开始执行.......
0.513: [GC (Allocation Failure) 0.513: [ParNew: 559232K->69886K(629120K), 0.0385122 secs] 559232K->162889K(2027264K), 0.0386936 secs] [Times: user=0.28 sys=0.29, real=0.03 secs] 
0.711: [GC (Allocation Failure) 0.711: [ParNew: 629118K->69886K(629120K), 0.0424559 secs] 722121K->290131K(2027264K), 0.0425294 secs] [Times: user=0.34 sys=0.35, real=0.05 secs] 
0.939: [GC (Allocation Failure) 0.939: [ParNew: 629118K->69887K(629120K), 0.0949224 secs] 849363K->413881K(2027264K), 0.0950313 secs] [Times: user=1.63 sys=0.06, real=0.10 secs] 
1.207: [GC (Allocation Failure) 1.207: [ParNew: 629119K->69887K(629120K), 0.2659724 secs] 973113K->541287K(2027264K), 0.2660635 secs] [Times: user=4.49 sys=0.27, real=0.27 secs] 
1.700: [GC (Allocation Failure) 1.700: [ParNew: 629119K->69887K(629120K), 0.1296468 secs] 1100519K->678845K(2027264K), 0.1297218 secs] [Times: user=2.20 sys=0.10, real=0.13 secs] 
2.058: [GC (Allocation Failure) 2.058: [ParNew: 628987K->69886K(629120K), 0.0963079 secs] 1237945K->807607K(2027264K), 0.0963760 secs] [Times: user=1.65 sys=0.07, real=0.10 secs] 
2.155: [GC (CMS Initial Mark) [1 CMS-initial-mark: 737721K(1398144K)] 807895K(2027264K), 0.0004655 secs] [Times: user=0.00 sys=0.01, real=0.00 secs] 
2.155: [CMS-concurrent-mark-start]
2.161: [CMS-concurrent-mark: 0.006/0.006 secs] [Times: user=0.03 sys=0.00, real=0.00 secs] 
2.162: [CMS-concurrent-preclean-start]
2.164: [CMS-concurrent-preclean: 0.003/0.003 secs] [Times: user=0.00 sys=0.00, real=0.01 secs] 
2.164: [CMS-concurrent-abortable-preclean-start]
2.333: [GC (Allocation Failure) 2.333: [ParNew2.370: [CMS-concurrent-abortable-preclean: 0.006/0.206 secs] [Times: user=0.78 sys=0.06, real=0.20 secs] 
: 629118K->69887K(629120K), 0.1897823 secs] 1366839K->926463K(2027264K), 0.1898631 secs] [Times: user=3.18 sys=0.21, real=0.19 secs] 
2.523: [GC (CMS Final Remark) [YG occupancy: 81132 K (629120 K)]2.523: [Rescan (parallel) , 0.0008280 secs]2.524: [weak refs processing, 0.0000174 secs]2.524: [class unloading, 0.0003867 secs]2.524: [scrub symbol table, 0.0004439 secs]2.525: [scrub string table, 0.0001803 secs][1 CMS-remark: 856575K(1398144K)] 937708K(2027264K), 0.0019733 secs] [Times: user=0.01 sys=0.00, real=0.00 secs] 
2.525: [CMS-concurrent-sweep-start]
2.528: [CMS-concurrent-sweep: 0.003/0.003 secs] [Times: user=0.00 sys=0.00, real=0.00 secs] 
2.528: [CMS-concurrent-reset-start]
2.544: [CMS-concurrent-reset: 0.016/0.016 secs] [Times: user=0.02 sys=0.02, real=0.02 secs] 
2.702: [GC (Allocation Failure) 2.702: [ParNew: 629119K->69886K(629120K), 0.1168382 secs] 1035555K->593602K(2027264K), 0.1169698 secs] [Times: user=2.00 sys=0.08, real=0.12 secs] 
2.994: [GC (Allocation Failure) 2.994: [ParNew: 629118K->69887K(629120K), 0.1592539 secs] 1152834K->716895K(2027264K), 0.1593452 secs] [Times: user=2.69 sys=0.17, real=0.16 secs] 
3.314: [GC (Allocation Failure) 3.314: [ParNew: 629119K->69887K(629120K), 0.2090858 secs] 1276127K->840421K(2027264K), 0.2091845 secs] [Times: user=3.45 sys=0.26, real=0.21 secs] 
3.681: [GC (Allocation Failure) 3.681: [ParNew: 629119K->69887K(629120K), 0.2274890 secs] 1399653K->965681K(2027264K), 0.2276291 secs] [Times: user=3.74 sys=0.30, real=0.23 secs] 
4.062: [GC (Allocation Failure) 4.062: [ParNew: 629119K->69887K(629120K), 0.1129021 secs] 1524913K->1101119K(2027264K), 0.1129604 secs] [Times: user=1.92 sys=0.10, real=0.12 secs] 
4.175: [GC (CMS Initial Mark) [1 CMS-initial-mark: 1031232K(1398144K)] 1112913K(2027264K), 0.0003752 secs] [Times: user=0.00 sys=0.00, real=0.00 secs] 
4.176: [CMS-concurrent-mark-start]
4.179: [CMS-concurrent-mark: 0.003/0.003 secs] [Times: user=0.02 sys=0.00, real=0.00 secs] 
4.179: [CMS-concurrent-preclean-start]
4.181: [CMS-concurrent-preclean: 0.003/0.003 secs] [Times: user=0.00 sys=0.00, real=0.00 secs] 
4.181: [CMS-concurrent-abortable-preclean-start]
4.331: [GC (Allocation Failure) 4.332: [ParNew4.388: [CMS-concurrent-abortable-preclean: 0.007/0.207 secs] [Times: user=1.14 sys=0.04, real=0.21 secs] 
: 629119K->69887K(629120K), 0.1093336 secs] 1660351K->1231857K(2027264K), 0.1094237 secs] [Times: user=1.86 sys=0.09, real=0.11 secs] 
4.441: [GC (CMS Final Remark) [YG occupancy: 81192 K (629120 K)]4.441: [Rescan (parallel) , 0.0009027 secs]4.442: [weak refs processing, 0.0000153 secs]4.442: [class unloading, 0.0027414 secs]4.445: [scrub symbol table, 0.0011998 secs]4.446: [scrub string table, 0.0001810 secs][1 CMS-remark: 1161970K(1398144K)] 1243163K(2027264K), 0.0051186 secs] [Times: user=0.02 sys=0.00, real=0.01 secs] 
4.446: [CMS-concurrent-sweep-start]
4.452: [CMS-concurrent-sweep: 0.006/0.006 secs] [Times: user=0.00 sys=0.01, real=0.01 secs] 
4.452: [CMS-concurrent-reset-start]
4.457: [CMS-concurrent-reset: 0.005/0.005 secs] [Times: user=0.01 sys=0.00, real=0.00 secs] 
4.612: [GC (Allocation Failure) 4.612: [ParNew: 629119K->69887K(629120K), 0.1554450 secs] 1056837K->626227K(2027264K), 0.1555393 secs] [Times: user=2.64 sys=0.12, real=0.16 secs] 
4.936: [GC (Allocation Failure) 4.936: [ParNew: 628610K->69887K(629120K), 0.1843347 secs] 1184950K->745451K(2027264K), 0.1844138 secs] [Times: user=3.13 sys=0.18, real=0.18 secs] 
5.273: [GC (Allocation Failure) 5.273: [ParNew: 628740K->69887K(629120K), 0.2293104 secs] 1304304K->866948K(2027264K), 0.2293908 secs] [Times: user=3.89 sys=0.22, real=0.23 secs] 
5.661: [GC (Allocation Failure) 5.661: [ParNew: 629119K->69886K(629120K), 0.2363261 secs] 1426180K->992153K(2027264K), 0.2363823 secs] [Times: user=3.99 sys=0.24, real=0.24 secs] 
6.056: [GC (Allocation Failure) 6.056: [ParNew: 629118K->69887K(629120K), 0.1470047 secs] 1551385K->1110148K(2027264K), 0.1470621 secs] [Times: user=2.44 sys=0.17, real=0.15 secs] 
6.203: [GC (CMS Initial Mark) [1 CMS-initial-mark: 1040260K(1398144K)] 1110517K(2027264K), 0.0003827 secs] [Times: user=0.00 sys=0.00, real=0.00 secs] 
6.203: [CMS-concurrent-mark-start]
6.205: [CMS-concurrent-mark: 0.002/0.002 secs] [Times: user=0.02 sys=0.00, real=0.00 secs] 
6.205: [CMS-concurrent-preclean-start]
6.208: [CMS-concurrent-preclean: 0.003/0.003 secs] [Times: user=0.00 sys=0.00, real=0.00 secs] 
6.208: [CMS-concurrent-abortable-preclean-start]
6.376: [GC (Allocation Failure) 6.376: [ParNew6.417: [CMS-concurrent-abortable-preclean: 0.009/0.209 secs] [Times: user=0.86 sys=0.04, real=0.21 secs] 
: 629119K->69887K(629120K), 0.2274779 secs] 1669380K->1236101K(2027264K), 0.2275912 secs] [Times: user=3.81 sys=0.26, real=0.23 secs] 
6.604: [GC (CMS Final Remark) [YG occupancy: 70031 K (629120 K)]6.604: [Rescan (parallel) , 0.0008565 secs]6.605: [weak refs processing, 0.0000155 secs]6.605: [class unloading, 0.0002725 secs]6.605: [scrub symbol table, 0.0003149 secs]6.606: [scrub string table, 0.0001761 secs][1 CMS-remark: 1166213K(1398144K)] 1236245K(2027264K), 0.0017097 secs] [Times: user=0.01 sys=0.00, real=0.00 secs] 
6.606: [CMS-concurrent-sweep-start]
6.609: [CMS-concurrent-sweep: 0.003/0.003 secs] [Times: user=0.01 sys=0.00, real=0.00 secs] 
6.609: [CMS-concurrent-reset-start]
6.613: [CMS-concurrent-reset: 0.003/0.003 secs] [Times: user=0.00 sys=0.00, real=0.01 secs] 
6.831: [GC (Allocation Failure) 6.831: [ParNew: 629119K->69887K(629120K), 0.0842831 secs] 1050936K->611683K(2027264K), 0.0843798 secs] [Times: user=1.45 sys=0.06, real=0.09 secs] 
7.128: [GC (Allocation Failure) 7.128: [ParNew: 629119K->69887K(629120K), 0.1028337 secs] 1170915K->742717K(2027264K), 0.1029262 secs] [Times: user=1.78 sys=0.05, real=0.10 secs] 
7.406: [GC (Allocation Failure) 7.406: [ParNew: 629119K->69887K(629120K), 0.1056528 secs] 1301949K->871984K(2027264K), 0.1057412 secs] [Times: user=1.82 sys=0.06, real=0.10 secs] 
7.665: [GC (Allocation Failure) 7.665: [ParNew: 629119K->69887K(629120K), 0.0857794 secs] 1431216K->996299K(2027264K), 0.0858709 secs] [Times: user=1.47 sys=0.06, real=0.08 secs] 
7.916: [GC (Allocation Failure) 7.916: [ParNew: 629119K->69887K(629120K), 0.0707169 secs] 1555531K->1121823K(2027264K), 0.0708064 secs] [Times: user=1.22 sys=0.03, real=0.07 secs] 
7.987: [GC (CMS Initial Mark) [1 CMS-initial-mark: 1051935K(1398144K)] 1122201K(2027264K), 0.0004549 secs] [Times: user=0.00 sys=0.00, real=0.00 secs] 
7.988: [CMS-concurrent-mark-start]
7.990: [CMS-concurrent-mark: 0.002/0.002 secs] [Times: user=0.01 sys=0.01, real=0.00 secs] 
7.990: [CMS-concurrent-preclean-start]
7.993: [CMS-concurrent-preclean: 0.003/0.003 secs] [Times: user=0.00 sys=0.00, real=0.01 secs] 
7.993: [CMS-concurrent-abortable-preclean-start]
8.151: [GC (Allocation Failure) 8.151: [ParNew8.201: [CMS-concurrent-abortable-preclean: 0.008/0.208 secs] [Times: user=1.03 sys=0.02, real=0.20 secs] 
: 629119K->69887K(629120K), 0.0825699 secs] 1681055K->1251461K(2027264K), 0.0826656 secs] [Times: user=1.41 sys=0.05, real=0.09 secs] 
8.234: [GC (CMS Final Remark) [YG occupancy: 81145 K (629120 K)]8.234: [Rescan (parallel) , 0.0008110 secs]8.235: [weak refs processing, 0.0000154 secs]8.235: [class unloading, 0.0002928 secs]8.235: [scrub symbol table, 0.0003103 secs]8.235: [scrub string table, 0.0001992 secs][1 CMS-remark: 1181574K(1398144K)] 1262719K(2027264K), 0.0017042 secs] [Times: user=0.01 sys=0.00, real=0.00 secs] 
8.236: [CMS-concurrent-sweep-start]
8.244: [CMS-concurrent-sweep: 0.009/0.009 secs] [Times: user=0.01 sys=0.01, real=0.01 secs] 
8.244: [CMS-concurrent-reset-start]
8.248: [CMS-concurrent-reset: 0.004/0.004 secs] [Times: user=0.01 sys=0.00, real=0.00 secs] 
8.401: [GC (Allocation Failure) 8.401: [ParNew: 629119K->69887K(629120K), 0.1178112 secs] 1062513K->631523K(2027264K), 0.1179070 secs] [Times: user=2.03 sys=0.07, real=0.12 secs] 
8.678: [GC (Allocation Failure) 8.678: [ParNew: 629119K->69887K(629120K), 0.1109490 secs] 1190755K->756347K(2027264K), 0.1110040 secs] [Times: user=1.92 sys=0.07, real=0.11 secs] 
8.941: [GC (Allocation Failure) 8.941: [ParNew: 629119K->69887K(629120K), 0.0804940 secs] 1315579K->878381K(2027264K), 0.0805496 secs] [Times: user=1.40 sys=0.03, real=0.08 secs] 
9.188: [GC (Allocation Failure) 9.188: [ParNew: 629119K->69887K(629120K), 0.0965789 secs] 1437613K->1009067K(2027264K), 0.0966642 secs] [Times: user=1.65 sys=0.05, real=0.10 secs] 
9.438: [GC (Allocation Failure) 9.438: [ParNew: 629119K->69887K(629120K), 0.0927136 secs] 1568299K->1135049K(2027264K), 0.0927860 secs] [Times: user=1.63 sys=0.03, real=0.09 secs] 
9.531: [GC (CMS Initial Mark) [1 CMS-initial-mark: 1065161K(1398144K)] 1135237K(2027264K), 0.0004525 secs] [Times: user=0.00 sys=0.00, real=0.00 secs] 
9.531: [CMS-concurrent-mark-start]
9.533: [CMS-concurrent-mark: 0.002/0.002 secs] [Times: user=0.01 sys=0.00, real=0.01 secs] 
9.533: [CMS-concurrent-preclean-start]
9.536: [CMS-concurrent-preclean: 0.003/0.003 secs] [Times: user=0.01 sys=0.00, real=0.00 secs] 
9.536: [CMS-concurrent-abortable-preclean-start]
9.694: [GC (Allocation Failure) 9.694: [ParNew9.745: [CMS-concurrent-abortable-preclean: 0.009/0.209 secs] [Times: user=1.06 sys=0.02, real=0.21 secs] 
: 629119K->69887K(629120K), 0.0791333 secs] 1694281K->1244367K(2027264K), 0.0792623 secs] [Times: user=1.38 sys=0.03, real=0.08 secs] 
9.773: [GC (CMS Final Remark) [YG occupancy: 81970 K (629120 K)]9.773: [Rescan (parallel) , 0.0009989 secs]9.774: [weak refs processing, 0.0000154 secs]9.775: [class unloading, 0.0002633 secs]9.775: [scrub symbol table, 0.0005185 secs]9.775: [scrub string table, 0.0002597 secs][1 CMS-remark: 1174479K(1398144K)] 1256450K(2027264K), 0.0021723 secs] [Times: user=0.01 sys=0.00, real=0.00 secs] 
9.776: [CMS-concurrent-sweep-start]
9.780: [CMS-concurrent-sweep: 0.004/0.004 secs] [Times: user=0.01 sys=0.00, real=0.00 secs] 
9.780: [CMS-concurrent-reset-start]
9.783: [CMS-concurrent-reset: 0.003/0.003 secs] [Times: user=0.00 sys=0.00, real=0.01 secs] 
9.943: [GC (Allocation Failure) 9.943: [ParNew: 629119K->69887K(629120K), 0.0765520 secs] 1041984K->609274K(2027264K), 0.0766486 secs] [Times: user=1.34 sys=0.03, real=0.07 secs] 
执行结束。共生成对象次数:68689
Heap
 par new generation   total 629120K, used 416457K [0x0000000080000000, 0x00000000aaaa0000, 0x00000000aaaa0000)
  eden space 559232K,  61% used [0x0000000080000000, 0x0000000095272870, 0x00000000a2220000)
  from space 69888K,  99% used [0x00000000a2220000, 0x00000000a665feb0, 0x00000000a6660000)
  to   space 69888K,   0% used [0x00000000a6660000, 0x00000000a6660000, 0x00000000aaaa0000)
 concurrent mark-sweep generation total 1398144K, used 539386K [0x00000000aaaa0000, 0x0000000100000000, 0x0000000100000000)
 Metaspace       used 2541K, capacity 4490K, committed 4864K, reserved 1056768K
  class space    used 273K, capacity 386K, committed 512K, reserved 1048576K
开始执行.......
0.511: [GC (Allocation Failure) 0.511: [ParNew: 559232K->69885K(629120K), 0.0376423 secs] 559232K->151704K(2027264K), 0.0377897 secs] [Times: user=0.20 sys=0.36, real=0.04 secs] 
0.718: [GC (Allocation Failure) 0.718: [ParNew: 629117K->69888K(629120K), 0.0432364 secs] 710936K->282523K(2027264K), 0.0433336 secs] [Times: user=0.34 sys=0.39, real=0.04 secs] 
0.926: [GC (Allocation Failure) 0.926: [ParNew: 629120K->69886K(629120K), 0.1077998 secs] 841755K->409296K(2027264K), 0.1078961 secs] [Times: user=1.85 sys=0.08, real=0.10 secs] 
1.203: [GC (Allocation Failure) 1.203: [ParNew: 629118K->69888K(629120K), 0.2777258 secs] 968528K->530341K(2027264K), 0.2778183 secs] [Times: user=4.68 sys=0.31, real=0.28 secs] 
1.701: [GC (Allocation Failure) 1.701: [ParNew: 629120K->69886K(629120K), 0.0971381 secs] 1089573K->654021K(2027264K), 0.0972330 secs] [Times: user=1.65 sys=0.08, real=0.10 secs] 
2.040: [GC (Allocation Failure) 2.040: [ParNew: 629118K->69886K(629120K), 0.1114511 secs] 1213253K->784029K(2027264K), 0.1115464 secs] [Times: user=1.91 sys=0.07, real=0.11 secs] 
2.152: [GC (CMS Initial Mark) [1 CMS-initial-mark: 714142K(1398144K)] 784317K(2027264K), 0.0004976 secs] [Times: user=0.01 sys=0.00, real=0.00 secs] 
2.152: [CMS-concurrent-mark-start]
2.160: [CMS-concurrent-mark: 0.008/0.008 secs] [Times: user=0.04 sys=0.01, real=0.01 secs] 
2.160: [CMS-concurrent-preclean-start]
2.163: [CMS-concurrent-preclean: 0.003/0.003 secs] [Times: user=0.00 sys=0.00, real=0.00 secs] 
2.163: [CMS-concurrent-abortable-preclean-start]
2.332: [GC (Allocation Failure) 2.332: [ParNew2.368: [CMS-concurrent-abortable-preclean: 0.006/0.206 secs] [Times: user=0.77 sys=0.06, real=0.21 secs] 
: 629118K->69887K(629120K), 0.2970774 secs] 1343261K->916594K(2027264K), 0.2971579 secs] [Times: user=5.00 sys=0.33, real=0.30 secs] 
2.629: [GC (CMS Final Remark) [YG occupancy: 70259 K (629120 K)]2.629: [Rescan (parallel) , 0.0008157 secs]2.630: [weak refs processing, 0.0000153 secs]2.630: [class unloading, 0.0003157 secs]2.630: [scrub symbol table, 0.0003312 secs]2.631: [scrub string table, 0.0001625 secs][1 CMS-remark: 846706K(1398144K)] 916965K(2027264K), 0.0017345 secs] [Times: user=0.01 sys=0.00, real=0.00 secs] 
2.631: [CMS-concurrent-sweep-start]
2.634: [CMS-concurrent-sweep: 0.003/0.003 secs] [Times: user=0.01 sys=0.01, real=0.00 secs] 
2.634: [CMS-concurrent-reset-start]
2.649: [CMS-concurrent-reset: 0.015/0.015 secs] [Times: user=0.01 sys=0.01, real=0.02 secs] 
2.800: [GC (Allocation Failure) 2.800: [ParNew: 629119K->69887K(629120K), 0.1309587 secs] 1043672K->600869K(2027264K), 0.1311393 secs] [Times: user=2.26 sys=0.08, real=0.13 secs] 
3.096: [GC (Allocation Failure) 3.096: [ParNew: 629119K->69887K(629120K), 0.3170782 secs] 1160101K->731413K(2027264K), 0.3171682 secs] [Times: user=5.35 sys=0.33, real=0.32 secs] 
3.576: [GC (Allocation Failure) 3.576: [ParNew: 629119K->69887K(629120K), 0.1647633 secs] 1290645K->846561K(2027264K), 0.1648921 secs] [Times: user=2.75 sys=0.21, real=0.17 secs] 
3.905: [GC (Allocation Failure) 3.905: [ParNew: 629119K->69886K(629120K), 0.1775284 secs] 1405793K->980821K(2027264K), 0.1776247 secs] [Times: user=3.01 sys=0.17, real=0.18 secs] 
4.250: [GC (Allocation Failure) 4.250: [ParNew: 629118K->69886K(629120K), 0.0898198 secs] 1540053K->1093217K(2027264K), 0.0899383 secs] [Times: user=1.54 sys=0.06, real=0.09 secs] 
4.340: [GC (CMS Initial Mark) [1 CMS-initial-mark: 1023331K(1398144K)] 1104409K(2027264K), 0.0004684 secs] [Times: user=0.00 sys=0.00, real=0.00 secs] 
4.340: [CMS-concurrent-mark-start]
4.347: [CMS-concurrent-mark: 0.006/0.006 secs] [Times: user=0.02 sys=0.03, real=0.01 secs] 
4.347: [CMS-concurrent-preclean-start]
4.349: [CMS-concurrent-preclean: 0.003/0.003 secs] [Times: user=0.00 sys=0.00, real=0.00 secs] 
4.350: [CMS-concurrent-abortable-preclean-start]
4.506: [GC (Allocation Failure) 4.506: [ParNew4.559: [CMS-concurrent-abortable-preclean: 0.009/0.209 secs] [Times: user=1.07 sys=0.04, real=0.21 secs] 
: 629118K->69886K(629120K), 0.1015918 secs] 1652449K->1220565K(2027264K), 0.1016806 secs] [Times: user=1.73 sys=0.08, real=0.11 secs] 
4.608: [GC (CMS Final Remark) [YG occupancy: 81111 K (629120 K)]4.608: [Rescan (parallel) , 0.0007768 secs]4.609: [weak refs processing, 0.0000157 secs]4.609: [class unloading, 0.0008066 secs]4.610: [scrub symbol table, 0.0005498 secs]4.610: [scrub string table, 0.0001983 secs][1 CMS-remark: 1150679K(1398144K)] 1231790K(2027264K), 0.0024221 secs] [Times: user=0.00 sys=0.00, real=0.00 secs] 
4.611: [CMS-concurrent-sweep-start]
4.617: [CMS-concurrent-sweep: 0.006/0.006 secs] [Times: user=0.01 sys=0.01, real=0.01 secs] 
4.617: [CMS-concurrent-reset-start]
4.622: [CMS-concurrent-reset: 0.005/0.005 secs] [Times: user=0.01 sys=0.00, real=0.00 secs] 
4.776: [GC (Allocation Failure) 4.776: [ParNew: 629118K->69887K(629120K), 0.0960398 secs] 1057356K->621932K(2027264K), 0.0961417 secs] [Times: user=1.66 sys=0.05, real=0.10 secs] 
5.048: [GC (Allocation Failure) 5.048: [ParNew: 629119K->69887K(629120K), 0.1523127 secs] 1181164K->748830K(2027264K), 0.1524177 secs] [Times: user=2.60 sys=0.12, real=0.15 secs] 
5.355: [GC (Allocation Failure) 5.355: [ParNew: 629119K->69887K(629120K), 0.1857689 secs] 1308062K->875583K(2027264K), 0.1858824 secs] [Times: user=3.16 sys=0.17, real=0.19 secs] 
5.706: [GC (Allocation Failure) 5.706: [ParNew: 629119K->69887K(629120K), 0.2562214 secs] 1434815K->1011754K(2027264K), 0.2563152 secs] [Times: user=4.32 sys=0.24, real=0.26 secs] 
5.962: [GC (CMS Initial Mark) [1 CMS-initial-mark: 941866K(1398144K)] 1023035K(2027264K), 0.0003555 secs] [Times: user=0.00 sys=0.00, real=0.00 secs] 
5.963: [CMS-concurrent-mark-start]
5.965: [CMS-concurrent-mark: 0.002/0.002 secs] [Times: user=0.01 sys=0.00, real=0.00 secs] 
5.965: [CMS-concurrent-preclean-start]
5.967: [CMS-concurrent-preclean: 0.003/0.003 secs] [Times: user=0.01 sys=0.00, real=0.01 secs] 
5.967: [CMS-concurrent-abortable-preclean-start]
6.127: [GC (Allocation Failure) 6.127: [ParNew6.176: [CMS-concurrent-abortable-preclean: 0.008/0.209 secs] [Times: user=1.00 sys=0.03, real=0.20 secs] 
: 629119K->69887K(629120K), 0.1858317 secs] 1570986K->1138615K(2027264K), 0.1859586 secs] [Times: user=3.14 sys=0.18, real=0.18 secs] 
6.313: [GC (CMS Final Remark) [YG occupancy: 70065 K (629120 K)]6.313: [Rescan (parallel) , 0.0007600 secs]6.314: [weak refs processing, 0.0000154 secs]6.314: [class unloading, 0.0002826 secs]6.314: [scrub symbol table, 0.0003096 secs]6.315: [scrub string table, 0.0001676 secs][1 CMS-remark: 1068727K(1398144K)] 1138793K(2027264K), 0.0016069 secs] [Times: user=0.01 sys=0.00, real=0.00 secs] 
6.315: [CMS-concurrent-sweep-start]
6.318: [CMS-concurrent-sweep: 0.003/0.003 secs] [Times: user=0.01 sys=0.00, real=0.01 secs] 
6.318: [CMS-concurrent-reset-start]
6.322: [CMS-concurrent-reset: 0.004/0.004 secs] [Times: user=0.01 sys=0.00, real=0.00 secs] 
6.479: [GC (Allocation Failure) 6.479: [ParNew: 629119K->69887K(629120K), 0.0885804 secs] 1063041K->631253K(2027264K), 0.0886715 secs] [Times: user=1.54 sys=0.04, real=0.09 secs] 
6.732: [GC (Allocation Failure) 6.732: [ParNew: 629119K->69887K(629120K), 0.0770209 secs] 1190485K->765958K(2027264K), 0.0771225 secs] [Times: user=1.34 sys=0.03, real=0.08 secs] 
7.055: [GC (Allocation Failure) 7.055: [ParNew: 629119K->69886K(629120K), 0.0871430 secs] 1325190K->878280K(2027264K), 0.0872490 secs] [Times: user=1.51 sys=0.03, real=0.09 secs] 
7.341: [GC (Allocation Failure) 7.341: [ParNew: 629118K->69886K(629120K), 0.0683851 secs] 1437512K->999465K(2027264K), 0.0684990 secs] [Times: user=1.20 sys=0.02, real=0.07 secs] 
7.588: [GC (Allocation Failure) 7.588: [ParNew: 629118K->69887K(629120K), 0.1167327 secs] 1558697K->1125262K(2027264K), 0.1168682 secs] [Times: user=2.03 sys=0.05, real=0.11 secs] 
7.705: [GC (CMS Initial Mark) [1 CMS-initial-mark: 1055374K(1398144K)] 1136665K(2027264K), 0.0006919 secs] [Times: user=0.00 sys=0.00, real=0.00 secs] 
7.706: [CMS-concurrent-mark-start]
7.708: [CMS-concurrent-mark: 0.002/0.002 secs] [Times: user=0.01 sys=0.00, real=0.01 secs] 
7.708: [CMS-concurrent-preclean-start]
7.711: [CMS-concurrent-preclean: 0.003/0.003 secs] [Times: user=0.01 sys=0.00, real=0.00 secs] 
7.711: [CMS-concurrent-abortable-preclean-start]
7.872: [GC (Allocation Failure) 7.872: [ParNew7.918: [CMS-concurrent-abortable-preclean: 0.007/0.208 secs] [Times: user=0.94 sys=0.04, real=0.21 secs] 
: 628698K->69887K(629120K), 0.1854022 secs] 1684073K->1247618K(2027264K), 0.1855211 secs] [Times: user=3.13 sys=0.17, real=0.19 secs] 
8.058: [GC (CMS Final Remark) [YG occupancy: 70623 K (629120 K)]8.058: [Rescan (parallel) , 0.0008682 secs]8.058: [weak refs processing, 0.0000150 secs]8.059: [class unloading, 0.0002911 secs]8.059: [scrub symbol table, 0.0003236 secs]8.059: [scrub string table, 0.0001937 secs][1 CMS-remark: 1177730K(1398144K)] 1248354K(2027264K), 0.0017679 secs] [Times: user=0.01 sys=0.00, real=0.00 secs] 
8.060: [CMS-concurrent-sweep-start]
8.064: [CMS-concurrent-sweep: 0.005/0.005 secs] [Times: user=0.01 sys=0.00, real=0.00 secs] 
8.064: [CMS-concurrent-reset-start]
8.068: [CMS-concurrent-reset: 0.004/0.004 secs] [Times: user=0.00 sys=0.00, real=0.01 secs] 
8.221: [GC (Allocation Failure) 8.221: [ParNew: 629119K->69887K(629120K), 0.0763271 secs] 1060238K->629795K(2027264K), 0.0764650 secs] [Times: user=1.32 sys=0.03, real=0.08 secs] 
8.454: [GC (Allocation Failure) 8.454: [ParNew: 629119K->69887K(629120K), 0.1136383 secs] 1189027K->759767K(2027264K), 0.1137584 secs] [Times: user=1.95 sys=0.08, real=0.12 secs] 
8.729: [GC (Allocation Failure) 8.729: [ParNew: 629119K->69887K(629120K), 0.0914348 secs] 1318999K->878332K(2027264K), 0.0915417 secs] [Times: user=1.60 sys=0.03, real=0.09 secs] 
8.988: [GC (Allocation Failure) 8.988: [ParNew: 629119K->69886K(629120K), 0.0932964 secs] 1437564K->1000293K(2027264K), 0.0934084 secs] [Times: user=1.63 sys=0.03, real=0.09 secs] 
9.248: [GC (Allocation Failure) 9.248: [ParNew: 629118K->69887K(629120K), 0.0785422 secs] 1559525K->1124284K(2027264K), 0.0786871 secs] [Times: user=1.37 sys=0.04, real=0.08 secs] 
9.327: [GC (CMS Initial Mark) [1 CMS-initial-mark: 1054397K(1398144K)] 1135730K(2027264K), 0.0008261 secs] [Times: user=0.00 sys=0.00, real=0.00 secs] 
9.327: [CMS-concurrent-mark-start]
9.330: [CMS-concurrent-mark: 0.002/0.002 secs] [Times: user=0.01 sys=0.00, real=0.00 secs] 
9.330: [CMS-concurrent-preclean-start]
9.333: [CMS-concurrent-preclean: 0.003/0.003 secs] [Times: user=0.01 sys=0.00, real=0.00 secs] 
9.333: [CMS-concurrent-abortable-preclean-start]
9.492: [GC (Allocation Failure) 9.492: [ParNew9.542: [CMS-concurrent-abortable-preclean: 0.009/0.209 secs] [Times: user=1.04 sys=0.01, real=0.21 secs] 
: 629119K->69887K(629120K), 0.1083007 secs] 1683516K->1255651K(2027264K), 0.1083917 secs] [Times: user=1.88 sys=0.04, real=0.11 secs] 
9.601: [GC (CMS Final Remark) [YG occupancy: 82049 K (629120 K)]9.601: [Rescan (parallel) , 0.0008496 secs]9.602: [weak refs processing, 0.0000157 secs]9.602: [class unloading, 0.0002847 secs]9.602: [scrub symbol table, 0.0003200 secs]9.603: [scrub string table, 0.0001673 secs][1 CMS-remark: 1185763K(1398144K)] 1267813K(2027264K), 0.0017120 secs] [Times: user=0.00 sys=0.00, real=0.00 secs] 
9.603: [CMS-concurrent-sweep-start]
9.608: [CMS-concurrent-sweep: 0.006/0.006 secs] [Times: user=0.00 sys=0.00, real=0.01 secs] 
9.609: [CMS-concurrent-reset-start]
9.612: [CMS-concurrent-reset: 0.004/0.004 secs] [Times: user=0.01 sys=0.00, real=0.00 secs] 
9.763: [GC (Allocation Failure) 9.763: [ParNew: 629119K->69887K(629120K), 0.0766678 secs] 1075194K->650321K(2027264K), 0.0767590 secs] [Times: user=1.34 sys=0.02, real=0.08 secs] 
10.002: [GC (Allocation Failure) 10.003: [ParNew: 629119K->69887K(629120K), 0.0894014 secs] 1209553K->781032K(2027264K), 0.0895177 secs] [Times: user=1.56 sys=0.03, real=0.09 secs] 
执行结束。共生成对象次数:68194
Heap
 par new generation   total 629120K, used 194893K [0x0000000080000000, 0x00000000aaaa0000, 0x00000000aaaa0000)
  eden space 559232K,  22% used [0x0000000080000000, 0x0000000087a138d0, 0x00000000a2220000)
  from space 69888K,  99% used [0x00000000a2220000, 0x00000000a665ff08, 0x00000000a6660000)
  to   space 69888K,   0% used [0x00000000a6660000, 0x00000000a6660000, 0x00000000aaaa0000)
 concurrent mark-sweep generation total 1398144K, used 711144K [0x00000000aaaa0000, 0x0000000100000000, 0x0000000100000000)
 Metaspace       used 2541K, capacity 4490K, committed 4864K, reserved 1056768K
  class space    used 273K, capacity 386K, committed 512K, reserved 1048576K
开始执行.......
0.579: [GC (Allocation Failure) 0.579: [ParNew: 559232K->69887K(629120K), 0.0342434 secs] 559232K->159598K(2027264K), 0.0344364 secs] [Times: user=0.18 sys=0.17, real=0.03 secs] 
0.871: [GC (Allocation Failure) 0.871: [ParNew: 629119K->69887K(629120K), 0.0352421 secs] 718830K->277470K(2027264K), 0.0353402 secs] [Times: user=0.24 sys=0.34, real=0.04 secs] 
1.156: [GC (Allocation Failure) 1.156: [ParNew: 629119K->69886K(629120K), 0.1291302 secs] 836702K->416853K(2027264K), 0.1292390 secs] [Times: user=2.18 sys=0.12, real=0.13 secs] 
1.516: [GC (Allocation Failure) 1.516: [ParNew: 629118K->69887K(629120K), 0.0989152 secs] 976085K->532951K(2027264K), 0.0989898 secs] [Times: user=1.69 sys=0.06, real=0.09 secs] 
1.943: [GC (Allocation Failure) 1.943: [ParNew: 629119K->69887K(629120K), 0.1145437 secs] 1092183K->657475K(2027264K), 0.1146189 secs] [Times: user=1.97 sys=0.08, real=0.12 secs] 
2.255: [GC (Allocation Failure) 2.255: [ParNew: 629119K->69886K(629120K), 0.2436468 secs] 1216707K->788656K(2027264K), 0.2437196 secs] [Times: user=4.14 sys=0.23, real=0.25 secs] 
2.499: [GC (CMS Initial Mark) [1 CMS-initial-mark: 718769K(1398144K)] 799949K(2027264K), 0.0010697 secs] [Times: user=0.00 sys=0.00, real=0.00 secs] 
2.500: [CMS-concurrent-mark-start]
2.506: [CMS-concurrent-mark: 0.007/0.007 secs] [Times: user=0.03 sys=0.01, real=0.01 secs] 
2.506: [CMS-concurrent-preclean-start]
2.509: [CMS-concurrent-preclean: 0.003/0.003 secs] [Times: user=0.01 sys=0.00, real=0.00 secs] 
2.509: [CMS-concurrent-abortable-preclean-start]
2.681: [GC (Allocation Failure) 2.681: [ParNew2.718: [CMS-concurrent-abortable-preclean: 0.009/0.209 secs] [Times: user=0.80 sys=0.04, real=0.21 secs] 
: 629118K->69886K(629120K), 0.1748757 secs] 1347888K->915835K(2027264K), 0.1749537 secs] [Times: user=2.95 sys=0.18, real=0.17 secs] 
2.856: [GC (CMS Final Remark) [YG occupancy: 69958 K (629120 K)]2.856: [Rescan (parallel) , 0.0008061 secs]2.857: [weak refs processing, 0.0000151 secs]2.857: [class unloading, 0.0002970 secs]2.857: [scrub symbol table, 0.0003276 secs]2.857: [scrub string table, 0.0001651 secs][1 CMS-remark: 845948K(1398144K)] 915907K(2027264K), 0.0016989 secs] [Times: user=0.01 sys=0.00, real=0.01 secs] 
2.858: [CMS-concurrent-sweep-start]
2.860: [CMS-concurrent-sweep: 0.002/0.002 secs] [Times: user=0.01 sys=0.00, real=0.00 secs] 
2.860: [CMS-concurrent-reset-start]
2.876: [CMS-concurrent-reset: 0.016/0.016 secs] [Times: user=0.01 sys=0.02, real=0.02 secs] 
3.030: [GC (Allocation Failure) 3.030: [ParNew: 629043K->69887K(629120K), 0.1102841 secs] 1038177K->596189K(2027264K), 0.1103640 secs] [Times: user=1.87 sys=0.10, real=0.11 secs] 
3.298: [GC (Allocation Failure) 3.298: [ParNew: 629119K->69887K(629120K), 0.1971520 secs] 1155421K->721407K(2027264K), 0.1972298 secs] [Times: user=3.33 sys=0.19, real=0.19 secs] 
3.657: [GC (Allocation Failure) 3.657: [ParNew: 628829K->69887K(629120K), 0.2614829 secs] 1280349K->855328K(2027264K), 0.2615903 secs] [Times: user=4.40 sys=0.28, real=0.26 secs] 
4.074: [GC (Allocation Failure) 4.075: [ParNew: 629119K->69887K(629120K), 0.1876322 secs] 1414560K->985141K(2027264K), 0.1877328 secs] [Times: user=3.13 sys=0.23, real=0.19 secs] 
4.418: [GC (Allocation Failure) 4.418: [ParNew: 629119K->69887K(629120K), 0.1039868 secs] 1544373K->1115435K(2027264K), 0.1040686 secs] [Times: user=1.77 sys=0.08, real=0.10 secs] 
4.522: [GC (CMS Initial Mark) [1 CMS-initial-mark: 1045547K(1398144K)] 1126701K(2027264K), 0.0009251 secs] [Times: user=0.01 sys=0.00, real=0.00 secs] 
4.523: [CMS-concurrent-mark-start]
4.528: [CMS-concurrent-mark: 0.005/0.005 secs] [Times: user=0.01 sys=0.02, real=0.01 secs] 
4.528: [CMS-concurrent-preclean-start]
4.531: [CMS-concurrent-preclean: 0.003/0.003 secs] [Times: user=0.01 sys=0.00, real=0.00 secs] 
4.531: [CMS-concurrent-abortable-preclean-start]
4.688: [GC (Allocation Failure) 4.688: [ParNew4.740: [CMS-concurrent-abortable-preclean: 0.009/0.209 secs] [Times: user=1.07 sys=0.03, real=0.21 secs] 
: 629119K->69887K(629120K), 0.1039263 secs] 1674667K->1247905K(2027264K), 0.1040164 secs] [Times: user=1.77 sys=0.08, real=0.10 secs] 
4.792: [GC (CMS Final Remark) [YG occupancy: 70608 K (629120 K)]4.792: [Rescan (parallel) , 0.0008372 secs]4.793: [weak refs processing, 0.0000158 secs]4.793: [class unloading, 0.0008515 secs]4.794: [scrub symbol table, 0.0005428 secs]4.794: [scrub string table, 0.0001754 secs][1 CMS-remark: 1178018K(1398144K)] 1248627K(2027264K), 0.0025079 secs] [Times: user=0.01 sys=0.00, real=0.00 secs] 
4.795: [CMS-concurrent-sweep-start]
4.800: [CMS-concurrent-sweep: 0.006/0.006 secs] [Times: user=0.01 sys=0.00, real=0.01 secs] 
4.800: [CMS-concurrent-reset-start]
4.805: [CMS-concurrent-reset: 0.005/0.005 secs] [Times: user=0.01 sys=0.00, real=0.00 secs] 
4.957: [GC (Allocation Failure) 4.957: [ParNew: 629119K->69886K(629120K), 0.1164434 secs] 1076498K->640084K(2027264K), 0.1165226 secs] [Times: user=2.00 sys=0.09, real=0.11 secs] 
5.234: [GC (Allocation Failure) 5.234: [ParNew: 629118K->69887K(629120K), 0.1403198 secs] 1199316K->766566K(2027264K), 0.1403923 secs] [Times: user=2.39 sys=0.12, real=0.14 secs] 
5.530: [GC (Allocation Failure) 5.530: [ParNew: 629119K->69886K(629120K), 0.1480841 secs] 1325798K->899140K(2027264K), 0.1481588 secs] [Times: user=2.52 sys=0.14, real=0.15 secs] 
5.829: [GC (Allocation Failure) 5.829: [ParNew: 629118K->69887K(629120K), 0.2271728 secs] 1458372K->1023641K(2027264K), 0.2272517 secs] [Times: user=3.85 sys=0.22, real=0.23 secs] 
6.208: [GC (Allocation Failure) 6.208: [ParNew: 629119K->69887K(629120K), 0.1673430 secs] 1582873K->1152541K(2027264K), 0.1674280 secs] [Times: user=2.83 sys=0.17, real=0.16 secs] 
6.376: [GC (CMS Initial Mark) [1 CMS-initial-mark: 1082654K(1398144K)] 1152685K(2027264K), 0.0003837 secs] [Times: user=0.00 sys=0.00, real=0.01 secs] 
6.376: [CMS-concurrent-mark-start]
6.379: [CMS-concurrent-mark: 0.002/0.002 secs] [Times: user=0.01 sys=0.00, real=0.00 secs] 
6.379: [CMS-concurrent-preclean-start]
6.381: [CMS-concurrent-preclean: 0.003/0.003 secs] [Times: user=0.01 sys=0.00, real=0.00 secs] 
6.381: [CMS-concurrent-abortable-preclean-start]
6.532: [GC (Allocation Failure) 6.532: [ParNew6.591: [CMS-concurrent-abortable-preclean: 0.009/0.209 secs] [Times: user=1.13 sys=0.06, real=0.21 secs] 
: 629119K->69887K(629120K), 0.1776410 secs] 1711773K->1272709K(2027264K), 0.1777193 secs] [Times: user=2.97 sys=0.19, real=0.18 secs] 
6.710: [GC (CMS Final Remark) [YG occupancy: 70641 K (629120 K)]6.710: [Rescan (parallel) , 0.0008280 secs]6.711: [weak refs processing, 0.0000215 secs]6.711: [class unloading, 0.0002508 secs]6.711: [scrub symbol table, 0.0003177 secs]6.712: [scrub string table, 0.0001661 secs][1 CMS-remark: 1202822K(1398144K)] 1273463K(2027264K), 0.0016542 secs] [Times: user=0.01 sys=0.00, real=0.00 secs] 
6.712: [CMS-concurrent-sweep-start]
6.715: [CMS-concurrent-sweep: 0.003/0.003 secs] [Times: user=0.00 sys=0.00, real=0.00 secs] 
6.715: [CMS-concurrent-reset-start]
6.719: [CMS-concurrent-reset: 0.004/0.004 secs] [Times: user=0.01 sys=0.00, real=0.01 secs] 
6.864: [GC (Allocation Failure) 6.864: [ParNew: 629119K->69887K(629120K), 0.0738943 secs] 1052902K->614107K(2027264K), 0.0739830 secs] [Times: user=1.29 sys=0.03, real=0.08 secs] 
7.204: [GC (Allocation Failure) 7.204: [ParNew: 629119K->69887K(629120K), 0.0839184 secs] 1173339K->744883K(2027264K), 0.0840245 secs] [Times: user=1.47 sys=0.03, real=0.09 secs] 
7.450: [GC (Allocation Failure) 7.450: [ParNew: 629119K->69887K(629120K), 0.0769305 secs] 1304115K->877013K(2027264K), 0.0770360 secs] [Times: user=1.31 sys=0.03, real=0.08 secs] 
7.694: [GC (Allocation Failure) 7.694: [ParNew: 629119K->69887K(629120K), 0.1000898 secs] 1436245K->1007925K(2027264K), 0.1001796 secs] [Times: user=1.72 sys=0.06, real=0.10 secs] 
7.794: [GC (CMS Initial Mark) [1 CMS-initial-mark: 938038K(1398144K)] 1008234K(2027264K), 0.0005294 secs] [Times: user=0.00 sys=0.00, real=0.00 secs] 
7.795: [CMS-concurrent-mark-start]
7.797: [CMS-concurrent-mark: 0.002/0.002 secs] [Times: user=0.01 sys=0.00, real=0.01 secs] 
7.797: [CMS-concurrent-preclean-start]
7.800: [CMS-concurrent-preclean: 0.003/0.003 secs] [Times: user=0.01 sys=0.00, real=0.00 secs] 
7.800: [CMS-concurrent-abortable-preclean-start]
7.957: [GC (Allocation Failure) 7.957: [ParNew8.008: [CMS-concurrent-abortable-preclean: 0.008/0.208 secs] [Times: user=1.06 sys=0.02, real=0.21 secs] 
: 629119K->69887K(629120K), 0.0707944 secs] 1567157K->1131329K(2027264K), 0.0708844 secs] [Times: user=1.24 sys=0.03, real=0.07 secs] 
8.028: [GC (CMS Final Remark) [YG occupancy: 81294 K (629120 K)]8.028: [Rescan (parallel) , 0.0007956 secs]8.029: [weak refs processing, 0.0000166 secs]8.029: [class unloading, 0.0002839 secs]8.030: [scrub symbol table, 0.0003021 secs]8.030: [scrub string table, 0.0001748 secs][1 CMS-remark: 1061441K(1398144K)] 1142736K(2027264K), 0.0016434 secs] [Times: user=0.01 sys=0.00, real=0.00 secs] 
8.030: [CMS-concurrent-sweep-start]
8.035: [CMS-concurrent-sweep: 0.005/0.005 secs] [Times: user=0.01 sys=0.00, real=0.00 secs] 
8.035: [CMS-concurrent-reset-start]
8.038: [CMS-concurrent-reset: 0.003/0.003 secs] [Times: user=0.01 sys=0.00, real=0.01 secs] 
8.213: [GC (Allocation Failure) 8.213: [ParNew: 629119K->69887K(629120K), 0.0786171 secs] 1049930K->620676K(2027264K), 0.0786975 secs] [Times: user=1.37 sys=0.02, real=0.08 secs] 
8.453: [GC (Allocation Failure) 8.453: [ParNew: 629119K->69887K(629120K), 0.0952055 secs] 1179908K->747312K(2027264K), 0.0952843 secs] [Times: user=1.64 sys=0.06, real=0.10 secs] 
8.709: [GC (Allocation Failure) 8.709: [ParNew: 629119K->69887K(629120K), 0.0772288 secs] 1306544K->863909K(2027264K), 0.0773130 secs] [Times: user=1.32 sys=0.05, real=0.08 secs] 
8.936: [GC (Allocation Failure) 8.936: [ParNew: 629119K->69887K(629120K), 0.0780663 secs] 1423141K->986730K(2027264K), 0.0781577 secs] [Times: user=1.35 sys=0.04, real=0.07 secs] 
9.176: [GC (Allocation Failure) 9.176: [ParNew: 629119K->69887K(629120K), 0.0912350 secs] 1545962K->1125387K(2027264K), 0.0913189 secs] [Times: user=1.58 sys=0.05, real=0.10 secs] 
9.267: [GC (CMS Initial Mark) [1 CMS-initial-mark: 1055499K(1398144K)] 1126145K(2027264K), 0.0006082 secs] [Times: user=0.00 sys=0.00, real=0.00 secs] 
9.268: [CMS-concurrent-mark-start]
9.271: [CMS-concurrent-mark: 0.003/0.003 secs] [Times: user=0.02 sys=0.00, real=0.00 secs] 
9.271: [CMS-concurrent-preclean-start]
9.273: [CMS-concurrent-preclean: 0.003/0.003 secs] [Times: user=0.00 sys=0.00, real=0.00 secs] 
9.273: [CMS-concurrent-abortable-preclean-start]
9.429: [GC (Allocation Failure) 9.429: [ParNew9.482: [CMS-concurrent-abortable-preclean: 0.009/0.209 secs] [Times: user=1.08 sys=0.03, real=0.21 secs] 
: 629119K->69887K(629120K), 0.0771405 secs] 1684619K->1246351K(2027264K), 0.0772219 secs] [Times: user=1.32 sys=0.05, real=0.08 secs] 
9.507: [GC (CMS Final Remark) [YG occupancy: 81118 K (629120 K)]9.507: [Rescan (parallel) , 0.0008488 secs]9.508: [weak refs processing, 0.0000165 secs]9.508: [class unloading, 0.0002869 secs]9.508: [scrub symbol table, 0.0003079 secs]9.508: [scrub string table, 0.0001676 secs][1 CMS-remark: 1176464K(1398144K)] 1257582K(2027264K), 0.0017021 secs] [Times: user=0.01 sys=0.00, real=0.00 secs] 
9.509: [CMS-concurrent-sweep-start]
9.516: [CMS-concurrent-sweep: 0.008/0.008 secs] [Times: user=0.01 sys=0.00, real=0.01 secs] 
9.516: [CMS-concurrent-reset-start]
9.521: [CMS-concurrent-reset: 0.004/0.004 secs] [Times: user=0.01 sys=0.00, real=0.00 secs] 
9.671: [GC (Allocation Failure) 9.671: [ParNew: 629119K->69886K(629120K), 0.0578617 secs] 1053294K->614040K(2027264K), 0.0579443 secs] [Times: user=1.01 sys=0.02, real=0.06 secs] 
9.884: [GC (Allocation Failure) 9.884: [ParNew: 629118K->69886K(629120K), 0.0594113 secs] 1173272K->741665K(2027264K), 0.0594949 secs] [Times: user=1.04 sys=0.02, real=0.06 secs] 
10.103: [GC (Allocation Failure) 10.103: [ParNew: 629118K->69887K(629120K), 0.0647502 secs] 1300897K->869038K(2027264K), 0.0648409 secs] [Times: user=1.13 sys=0.02, real=0.07 secs] 
执行结束。共生成对象次数:70028
Heap
 par new generation   total 629120K, used 92409K [0x0000000080000000, 0x00000000aaaa0000, 0x00000000aaaa0000)
  eden space 559232K,   4% used [0x0000000080000000, 0x00000000815fe638, 0x00000000a2220000)
  from space 69888K,  99% used [0x00000000a6660000, 0x00000000aaa9fe70, 0x00000000aaaa0000)
  to   space 69888K,   0% used [0x00000000a2220000, 0x00000000a2220000, 0x00000000a6660000)
 concurrent mark-sweep generation total 1398144K, used 799151K [0x00000000aaaa0000, 0x0000000100000000, 0x0000000100000000)
 Metaspace       used 2541K, capacity 4490K, committed 4864K, reserved 1056768K
  class space    used 273K, capacity 386K, committed 512K, reserved 1048576K
开始执行.......
0.494: [GC (Allocation Failure) 0.494: [ParNew: 559232K->69886K(629120K), 0.0360838 secs] 559232K->152223K(2027264K), 0.0361862 secs] [Times: user=0.30 sys=0.24, real=0.04 secs] 
0.704: [GC (Allocation Failure) 0.704: [ParNew: 629118K->69888K(629120K), 0.0393878 secs] 711455K->269848K(2027264K), 0.0394745 secs] [Times: user=0.32 sys=0.33, real=0.04 secs] 
0.897: [GC (Allocation Failure) 0.897: [ParNew: 629120K->69888K(629120K), 0.0982251 secs] 829080K->391276K(2027264K), 0.0982855 secs] [Times: user=1.69 sys=0.06, real=0.10 secs] 
1.154: [GC (Allocation Failure) 1.154: [ParNew: 629120K->69887K(629120K), 0.1090320 secs] 950508K->522123K(2027264K), 0.1091311 secs] [Times: user=1.84 sys=0.08, real=0.11 secs] 
1.471: [GC (Allocation Failure) 1.471: [ParNew: 629119K->69887K(629120K), 0.0999101 secs] 1081355K->648000K(2027264K), 0.0999768 secs] [Times: user=1.69 sys=0.09, real=0.10 secs] 
1.809: [GC (Allocation Failure) 1.809: [ParNew: 629119K->69887K(629120K), 0.1089846 secs] 1207232K->773085K(2027264K), 0.1090935 secs] [Times: user=1.86 sys=0.08, real=0.11 secs] 
1.919: [GC (CMS Initial Mark) [1 CMS-initial-mark: 703197K(1398144K)] 773502K(2027264K), 0.0005048 secs] [Times: user=0.00 sys=0.01, real=0.00 secs] 
1.919: [CMS-concurrent-mark-start]
1.925: [CMS-concurrent-mark: 0.006/0.006 secs] [Times: user=0.02 sys=0.00, real=0.01 secs] 
1.925: [CMS-concurrent-preclean-start]
1.928: [CMS-concurrent-preclean: 0.003/0.003 secs] [Times: user=0.01 sys=0.00, real=0.00 secs] 
1.928: [CMS-concurrent-abortable-preclean-start]
2.094: [GC (Allocation Failure) 2.094: [ParNew2.137: [CMS-concurrent-abortable-preclean: 0.009/0.209 secs] [Times: user=0.91 sys=0.04, real=0.21 secs] 
: 629119K->69887K(629120K), 0.0929371 secs] 1332317K->898336K(2027264K), 0.0930209 secs] [Times: user=1.58 sys=0.08, real=0.09 secs] 
2.187: [GC (CMS Final Remark) [YG occupancy: 70651 K (629120 K)]2.187: [Rescan (parallel) , 0.0008680 secs]2.188: [weak refs processing, 0.0000183 secs]2.188: [class unloading, 0.0003666 secs]2.189: [scrub symbol table, 0.0004831 secs]2.189: [scrub string table, 0.0002092 secs][1 CMS-remark: 828448K(1398144K)] 899100K(2027264K), 0.0020478 secs] [Times: user=0.01 sys=0.00, real=0.00 secs] 
2.189: [CMS-concurrent-sweep-start]
2.192: [CMS-concurrent-sweep: 0.002/0.002 secs] [Times: user=0.00 sys=0.00, real=0.01 secs] 
2.192: [CMS-concurrent-reset-start]
2.209: [CMS-concurrent-reset: 0.017/0.017 secs] [Times: user=0.02 sys=0.02, real=0.01 secs] 
2.366: [GC (Allocation Failure) 2.366: [ParNew: 629119K->69886K(629120K), 0.2650699 secs] 1045189K->611272K(2027264K), 0.2651949 secs] [Times: user=4.49 sys=0.26, real=0.27 secs] 
2.804: [GC (Allocation Failure) 2.804: [ParNew: 629118K->69887K(629120K), 0.1004695 secs] 1170504K->750465K(2027264K), 0.1005373 secs] [Times: user=1.73 sys=0.05, real=0.10 secs] 
3.076: [GC (Allocation Failure) 3.076: [ParNew: 629119K->69887K(629120K), 0.2810087 secs] 1309697K->870285K(2027264K), 0.2811017 secs] [Times: user=4.71 sys=0.31, real=0.28 secs] 
3.507: [GC (Allocation Failure) 3.507: [ParNew: 629119K->69887K(629120K), 0.1624096 secs] 1429517K->1006457K(2027264K), 0.1625606 secs] [Times: user=2.75 sys=0.16, real=0.16 secs] 
3.828: [GC (Allocation Failure) 3.828: [ParNew: 629119K->69887K(629120K), 0.0963995 secs] 1565689K->1131341K(2027264K), 0.0964914 secs] [Times: user=1.60 sys=0.12, real=0.10 secs] 
3.924: [GC (CMS Initial Mark) [1 CMS-initial-mark: 1061453K(1398144K)] 1131938K(2027264K), 0.0006597 secs] [Times: user=0.00 sys=0.00, real=0.00 secs] 
3.925: [CMS-concurrent-mark-start]
3.929: [CMS-concurrent-mark: 0.004/0.004 secs] [Times: user=0.01 sys=0.01, real=0.00 secs] 
3.929: [CMS-concurrent-preclean-start]
3.932: [CMS-concurrent-preclean: 0.003/0.003 secs] [Times: user=0.01 sys=0.00, real=0.01 secs] 
3.932: [CMS-concurrent-abortable-preclean-start]
4.088: [GC (Allocation Failure) 4.088: [ParNew4.140: [CMS-concurrent-abortable-preclean: 0.008/0.208 secs] [Times: user=1.04 sys=0.04, real=0.21 secs] 
: 629119K->69887K(629120K), 0.1013260 secs] 1690573K->1253218K(2027264K), 0.1014244 secs] [Times: user=1.72 sys=0.08, real=0.11 secs] 
4.190: [GC (CMS Final Remark) [YG occupancy: 70175 K (629120 K)]4.190: [Rescan (parallel) , 0.0007711 secs]4.191: [weak refs processing, 0.0000158 secs]4.191: [class unloading, 0.0028708 secs]4.194: [scrub symbol table, 0.0012565 secs]4.195: [scrub string table, 0.0001863 secs][1 CMS-remark: 1183330K(1398144K)] 1253506K(2027264K), 0.0051765 secs] [Times: user=0.01 sys=0.01, real=0.00 secs] 
4.195: [CMS-concurrent-sweep-start]
4.204: [CMS-concurrent-sweep: 0.008/0.008 secs] [Times: user=0.01 sys=0.00, real=0.01 secs] 
4.204: [CMS-concurrent-reset-start]
4.209: [CMS-concurrent-reset: 0.005/0.005 secs] [Times: user=0.01 sys=0.00, real=0.00 secs] 
4.354: [GC (Allocation Failure) 4.354: [ParNew: 629119K->69887K(629120K), 0.1467817 secs] 1066609K->646309K(2027264K), 0.1468902 secs] [Times: user=2.53 sys=0.09, real=0.15 secs] 
4.663: [GC (Allocation Failure) 4.663: [ParNew: 629119K->69887K(629120K), 0.1818783 secs] 1205541K->771976K(2027264K), 0.1819763 secs] [Times: user=3.10 sys=0.16, real=0.18 secs] 
4.999: [GC (Allocation Failure) 4.999: [ParNew: 629119K->69886K(629120K), 0.2228261 secs] 1331208K->898443K(2027264K), 0.2228906 secs] [Times: user=3.75 sys=0.22, real=0.23 secs] 
5.375: [GC (Allocation Failure) 5.375: [ParNew: 629118K->69887K(629120K), 0.2013919 secs] 1457675K->1025368K(2027264K), 0.2014449 secs] [Times: user=3.40 sys=0.22, real=0.20 secs] 
5.732: [GC (Allocation Failure) 5.732: [ParNew: 629119K->69887K(629120K), 0.1927661 secs] 1584600K->1153323K(2027264K), 0.1928357 secs] [Times: user=3.26 sys=0.20, real=0.19 secs] 
5.925: [GC (CMS Initial Mark) [1 CMS-initial-mark: 1083435K(1398144K)] 1153359K(2027264K), 0.0003511 secs] [Times: user=0.00 sys=0.00, real=0.00 secs] 
5.925: [CMS-concurrent-mark-start]
5.927: [CMS-concurrent-mark: 0.002/0.002 secs] [Times: user=0.01 sys=0.00, real=0.00 secs] 
5.927: [CMS-concurrent-preclean-start]
5.930: [CMS-concurrent-preclean: 0.003/0.003 secs] [Times: user=0.01 sys=0.00, real=0.01 secs] 
5.930: [CMS-concurrent-abortable-preclean-start]
6.088: [GC (Allocation Failure) 6.088: [ParNew6.138: [CMS-concurrent-abortable-preclean: 0.008/0.208 secs] [Times: user=0.99 sys=0.05, real=0.20 secs] 
: 629119K->69887K(629120K), 0.3194933 secs] 1712555K->1276743K(2027264K), 0.3195833 secs] [Times: user=5.37 sys=0.34, real=0.32 secs] 
6.408: [GC (CMS Final Remark) [YG occupancy: 70071 K (629120 K)]6.408: [Rescan (parallel) , 0.0007373 secs]6.409: [weak refs processing, 0.0000159 secs]6.409: [class unloading, 0.0002876 secs]6.409: [scrub symbol table, 0.0003165 secs]6.410: [scrub string table, 0.0001814 secs][1 CMS-remark: 1206855K(1398144K)] 1276927K(2027264K), 0.0016103 secs] [Times: user=0.01 sys=0.00, real=0.01 secs] 
6.410: [CMS-concurrent-sweep-start]
6.413: [CMS-concurrent-sweep: 0.003/0.003 secs] [Times: user=0.01 sys=0.00, real=0.00 secs] 
6.413: [CMS-concurrent-reset-start]
6.417: [CMS-concurrent-reset: 0.003/0.003 secs] [Times: user=0.01 sys=0.00, real=0.00 secs] 
6.645: [GC (Allocation Failure) 6.645: [ParNew: 629119K->69887K(629120K), 0.1106654 secs] 1055674K->628877K(2027264K), 0.1107927 secs] [Times: user=1.92 sys=0.05, real=0.11 secs] 
6.939: [GC (Allocation Failure) 6.939: [ParNew: 629119K->69887K(629120K), 0.0861769 secs] 1188109K->749641K(2027264K), 0.0862352 secs] [Times: user=1.50 sys=0.04, real=0.09 secs] 
7.189: [GC (Allocation Failure) 7.189: [ParNew: 629119K->69887K(629120K), 0.1143513 secs] 1308873K->876289K(2027264K), 0.1144489 secs] [Times: user=1.98 sys=0.06, real=0.12 secs] 
7.457: [GC (Allocation Failure) 7.457: [ParNew: 629119K->69886K(629120K), 0.0919266 secs] 1435521K->996038K(2027264K), 0.0919935 secs] [Times: user=1.59 sys=0.06, real=0.09 secs] 
7.713: [GC (Allocation Failure) 7.713: [ParNew: 629118K->69887K(629120K), 0.0867204 secs] 1555270K->1127248K(2027264K), 0.0868103 secs] [Times: user=1.51 sys=0.04, real=0.09 secs] 
7.800: [GC (CMS Initial Mark) [1 CMS-initial-mark: 1057361K(1398144K)] 1127536K(2027264K), 0.0004305 secs] [Times: user=0.00 sys=0.00, real=0.00 secs] 
7.801: [CMS-concurrent-mark-start]
7.803: [CMS-concurrent-mark: 0.002/0.002 secs] [Times: user=0.01 sys=0.00, real=0.00 secs] 
7.803: [CMS-concurrent-preclean-start]
7.806: [CMS-concurrent-preclean: 0.003/0.003 secs] [Times: user=0.00 sys=0.00, real=0.00 secs] 
7.806: [CMS-concurrent-abortable-preclean-start]
7.968: [GC (Allocation Failure) 7.968: [ParNew8.015: [CMS-concurrent-abortable-preclean: 0.009/0.209 secs] [Times: user=1.00 sys=0.02, real=0.21 secs] 
: 629119K->69887K(629120K), 0.0938952 secs] 1686480K->1252120K(2027264K), 0.0940350 secs] [Times: user=1.64 sys=0.03, real=0.10 secs] 
8.062: [GC (CMS Final Remark) [YG occupancy: 81074 K (629120 K)]8.062: [Rescan (parallel) , 0.0008338 secs]8.063: [weak refs processing, 0.0000168 secs]8.063: [class unloading, 0.0002450 secs]8.063: [scrub symbol table, 0.0003229 secs]8.063: [scrub string table, 0.0001787 secs][1 CMS-remark: 1182233K(1398144K)] 1263307K(2027264K), 0.0016752 secs] [Times: user=0.00 sys=0.00, real=0.00 secs] 
8.064: [CMS-concurrent-sweep-start]
8.072: [CMS-concurrent-sweep: 0.008/0.008 secs] [Times: user=0.02 sys=0.01, real=0.01 secs] 
8.072: [CMS-concurrent-reset-start]
8.075: [CMS-concurrent-reset: 0.003/0.003 secs] [Times: user=0.00 sys=0.00, real=0.00 secs] 
8.227: [GC (Allocation Failure) 8.227: [ParNew: 629119K->69887K(629120K), 0.0936057 secs] 1054978K->612152K(2027264K), 0.0937051 secs] [Times: user=1.62 sys=0.03, real=0.10 secs] 
8.474: [GC (Allocation Failure) 8.474: [ParNew: 629119K->69887K(629120K), 0.1007867 secs] 1171384K->742500K(2027264K), 0.1008475 secs] [Times: user=1.74 sys=0.06, real=0.10 secs] 
8.730: [GC (Allocation Failure) 8.730: [ParNew: 629119K->69886K(629120K), 0.1077752 secs] 1301732K->875684K(2027264K), 0.1078637 secs] [Times: user=1.90 sys=0.04, real=0.10 secs] 
8.997: [GC (Allocation Failure) 8.997: [ParNew: 629118K->69887K(629120K), 0.1057513 secs] 1434916K->1002959K(2027264K), 0.1058425 secs] [Times: user=1.85 sys=0.03, real=0.11 secs] 
9.264: [GC (Allocation Failure) 9.264: [ParNew: 629119K->69887K(629120K), 0.1046128 secs] 1562191K->1129749K(2027264K), 0.1047150 secs] [Times: user=1.80 sys=0.06, real=0.10 secs] 
9.369: [GC (CMS Initial Mark) [1 CMS-initial-mark: 1059861K(1398144K)] 1130517K(2027264K), 0.0007340 secs] [Times: user=0.00 sys=0.00, real=0.00 secs] 
9.370: [CMS-concurrent-mark-start]
9.371: [CMS-concurrent-mark: 0.002/0.002 secs] [Times: user=0.01 sys=0.00, real=0.00 secs] 
9.371: [CMS-concurrent-preclean-start]
9.374: [CMS-concurrent-preclean: 0.003/0.003 secs] [Times: user=0.01 sys=0.00, real=0.00 secs] 
9.374: [CMS-concurrent-abortable-preclean-start]
9.533: [GC (Allocation Failure) 9.533: [ParNew9.582: [CMS-concurrent-abortable-preclean: 0.008/0.208 secs] [Times: user=1.03 sys=0.01, real=0.21 secs] 
: 629119K->69886K(629120K), 0.0930813 secs] 1688981K->1252121K(2027264K), 0.0931714 secs] [Times: user=1.62 sys=0.03, real=0.09 secs] 
9.626: [GC (CMS Final Remark) [YG occupancy: 81456 K (629120 K)]9.626: [Rescan (parallel) , 0.0008573 secs]9.627: [weak refs processing, 0.0000156 secs]9.627: [class unloading, 0.0002777 secs]9.628: [scrub symbol table, 0.0003158 secs]9.628: [scrub string table, 0.0001853 secs][1 CMS-remark: 1182234K(1398144K)] 1263691K(2027264K), 0.0017243 secs] [Times: user=0.00 sys=0.00, real=0.00 secs] 
9.628: [CMS-concurrent-sweep-start]
9.632: [CMS-concurrent-sweep: 0.003/0.003 secs] [Times: user=0.01 sys=0.00, real=0.01 secs] 
9.632: [CMS-concurrent-reset-start]
9.637: [CMS-concurrent-reset: 0.005/0.005 secs] [Times: user=0.01 sys=0.00, real=0.00 secs] 
9.788: [GC (Allocation Failure) 9.788: [ParNew: 629118K->69887K(629120K), 0.0657680 secs] 1075426K->643865K(2027264K), 0.0658653 secs] [Times: user=1.15 sys=0.01, real=0.07 secs] 
10.010: [GC (Allocation Failure) 10.010: [ParNew: 629119K->69887K(629120K), 0.0839496 secs] 1203097K->768753K(2027264K), 0.0840343 secs] [Times: user=1.47 sys=0.03, real=0.08 secs] 
执行结束。共生成对象次数:70314
Heap
 par new generation   total 629120K, used 105690K [0x0000000080000000, 0x00000000aaaa0000, 0x00000000aaaa0000)
  eden space 559232K,   6% used [0x0000000080000000, 0x00000000822f6968, 0x00000000a2220000)
  from space 69888K,  99% used [0x00000000a6660000, 0x00000000aaa9ffe8, 0x00000000aaaa0000)
  to   space 69888K,   0% used [0x00000000a2220000, 0x00000000a2220000, 0x00000000a6660000)
 concurrent mark-sweep generation total 1398144K, used 698865K [0x00000000aaaa0000, 0x0000000100000000, 0x0000000100000000)
 Metaspace       used 2541K, capacity 4490K, committed 4864K, reserved 1056768K
  class space    used 273K, capacity 386K, committed 512K, reserved 1048576K
开始执行.......
0.472: [GC (Allocation Failure) 0.472: [ParNew: 559232K->69886K(629120K), 0.0356244 secs] 559232K->150881K(2027264K), 0.0357310 secs] [Times: user=0.26 sys=0.30, real=0.04 secs] 
0.671: [GC (Allocation Failure) 0.671: [ParNew: 629118K->69885K(629120K), 0.0441348 secs] 710113K->281919K(2027264K), 0.0442181 secs] [Times: user=0.29 sys=0.45, real=0.04 secs] 
0.877: [GC (Allocation Failure) 0.877: [ParNew: 629117K->69887K(629120K), 0.0995789 secs] 841151K->408900K(2027264K), 0.0996779 secs] [Times: user=1.69 sys=0.09, real=0.10 secs] 
1.138: [GC (Allocation Failure) 1.138: [ParNew: 629119K->69887K(629120K), 0.0943650 secs] 968132K->540827K(2027264K), 0.0944480 secs] [Times: user=1.61 sys=0.08, real=0.09 secs] 
1.428: [GC (Allocation Failure) 1.428: [ParNew: 629119K->69887K(629120K), 0.0887291 secs] 1100059K->658734K(2027264K), 0.0888221 secs] [Times: user=1.49 sys=0.08, real=0.08 secs] 
1.746: [GC (Allocation Failure) 1.746: [ParNew: 629119K->69888K(629120K), 0.0954754 secs] 1217966K->786171K(2027264K), 0.0955701 secs] [Times: user=1.59 sys=0.10, real=0.10 secs] 
1.842: [GC (CMS Initial Mark) [1 CMS-initial-mark: 716283K(1398144K)] 786569K(2027264K), 0.0005916 secs] [Times: user=0.00 sys=0.00, real=0.00 secs] 
1.842: [CMS-concurrent-mark-start]
1.849: [CMS-concurrent-mark: 0.007/0.007 secs] [Times: user=0.04 sys=0.01, real=0.01 secs] 
1.849: [CMS-concurrent-preclean-start]
1.852: [CMS-concurrent-preclean: 0.003/0.003 secs] [Times: user=0.00 sys=0.00, real=0.00 secs] 
1.852: [CMS-concurrent-abortable-preclean-start]
2.035: [GC (Allocation Failure) 2.035: [ParNew2.058: [CMS-concurrent-abortable-preclean: 0.006/0.206 secs] [Times: user=0.55 sys=0.04, real=0.21 secs] 
: 629120K->69887K(629120K), 0.0907140 secs] 1345403K->909834K(2027264K), 0.0908059 secs] [Times: user=1.54 sys=0.08, real=0.09 secs] 
2.126: [GC (CMS Final Remark) [YG occupancy: 70289 K (629120 K)]2.126: [Rescan (parallel) , 0.0008390 secs]2.127: [weak refs processing, 0.0000174 secs]2.127: [class unloading, 0.0002832 secs]2.127: [scrub symbol table, 0.0003321 secs]2.128: [scrub string table, 0.0001649 secs][1 CMS-remark: 839946K(1398144K)] 910236K(2027264K), 0.0017257 secs] [Times: user=0.01 sys=0.00, real=0.01 secs] 
2.128: [CMS-concurrent-sweep-start]
2.130: [CMS-concurrent-sweep: 0.002/0.002 secs] [Times: user=0.01 sys=0.00, real=0.00 secs] 
2.130: [CMS-concurrent-reset-start]
2.145: [CMS-concurrent-reset: 0.014/0.014 secs] [Times: user=0.01 sys=0.01, real=0.01 secs] 
2.310: [GC (Allocation Failure) 2.310: [ParNew: 629119K->69887K(629120K), 0.1745069 secs] 1047113K->609813K(2027264K), 0.1746004 secs] [Times: user=2.82 sys=0.30, real=0.17 secs] 
2.651: [GC (Allocation Failure) 2.651: [ParNew: 629119K->69887K(629120K), 0.1189406 secs] 1169045K->731388K(2027264K), 0.1190432 secs] [Times: user=1.99 sys=0.13, real=0.12 secs] 
2.948: [GC (Allocation Failure) 2.948: [ParNew: 629119K->69887K(629120K), 0.1744137 secs] 1290620K->850527K(2027264K), 0.1745062 secs] [Times: user=2.86 sys=0.22, real=0.17 secs] 
3.290: [GC (Allocation Failure) 3.290: [ParNew: 629119K->69887K(629120K), 0.1360390 secs] 1409759K->979545K(2027264K), 0.1361453 secs] [Times: user=2.24 sys=0.19, real=0.13 secs] 
3.585: [GC (Allocation Failure) 3.585: [ParNew: 629119K->69886K(629120K), 0.1036502 secs] 1538777K->1101482K(2027264K), 0.1037384 secs] [Times: user=1.76 sys=0.09, real=0.11 secs] 
3.688: [GC (CMS Initial Mark) [1 CMS-initial-mark: 1031596K(1398144K)] 1101554K(2027264K), 0.0003757 secs] [Times: user=0.00 sys=0.00, real=0.00 secs] 
3.689: [CMS-concurrent-mark-start]
3.691: [CMS-concurrent-mark: 0.002/0.002 secs] [Times: user=0.01 sys=0.00, real=0.00 secs] 
3.691: [CMS-concurrent-preclean-start]
3.694: [CMS-concurrent-preclean: 0.003/0.003 secs] [Times: user=0.01 sys=0.00, real=0.00 secs] 
3.694: [CMS-concurrent-abortable-preclean-start]
3.849: [GC (Allocation Failure) 3.849: [ParNew3.900: [CMS-concurrent-abortable-preclean: 0.006/0.206 secs] [Times: user=1.01 sys=0.05, real=0.21 secs] 
: 629118K->69887K(629120K), 0.1071903 secs] 1660714K->1226737K(2027264K), 0.1073106 secs] [Times: user=1.80 sys=0.10, real=0.10 secs] 
3.957: [GC (CMS Final Remark) [YG occupancy: 81121 K (629120 K)]3.957: [Rescan (parallel) , 0.0021193 secs]3.959: [weak refs processing, 0.0000154 secs]3.959: [class unloading, 0.0007531 secs]3.960: [scrub symbol table, 0.0005010 secs]3.960: [scrub string table, 0.0002655 secs][1 CMS-remark: 1156850K(1398144K)] 1237971K(2027264K), 0.0037284 secs] [Times: user=0.01 sys=0.03, real=0.01 secs] 
3.960: [CMS-concurrent-sweep-start]
3.968: [CMS-concurrent-sweep: 0.007/0.007 secs] [Times: user=0.01 sys=0.00, real=0.01 secs] 
3.968: [CMS-concurrent-reset-start]
3.976: [CMS-concurrent-reset: 0.008/0.008 secs] [Times: user=0.02 sys=0.00, real=0.00 secs] 
4.126: [GC (Allocation Failure) 4.126: [ParNew: 629119K->69887K(629120K), 0.0688475 secs] 1049434K->614733K(2027264K), 0.0689917 secs] [Times: user=1.19 sys=0.04, real=0.07 secs] 
4.357: [GC (Allocation Failure) 4.357: [ParNew: 629119K->69887K(629120K), 0.0719235 secs] 1173965K->729217K(2027264K), 0.0720290 secs] [Times: user=1.22 sys=0.05, real=0.08 secs] 
4.578: [GC (Allocation Failure) 4.579: [ParNew: 629119K->69886K(629120K), 0.2500058 secs] 1288449K->850476K(2027264K), 0.2501122 secs] [Times: user=4.15 sys=0.30, real=0.25 secs] 
4.980: [GC (Allocation Failure) 4.980: [ParNew: 629118K->69887K(629120K), 0.2637644 secs] 1409708K->969921K(2027264K), 0.2638584 secs] [Times: user=4.43 sys=0.31, real=0.26 secs] 
5.412: [GC (Allocation Failure) 5.412: [ParNew: 629119K->69887K(629120K), 0.1613989 secs] 1529153K->1098435K(2027264K), 0.1614948 secs] [Times: user=2.71 sys=0.17, real=0.16 secs] 
5.573: [GC (CMS Initial Mark) [1 CMS-initial-mark: 1028548K(1398144K)] 1098579K(2027264K), 0.0004600 secs] [Times: user=0.00 sys=0.00, real=0.00 secs] 
5.574: [CMS-concurrent-mark-start]
5.577: [CMS-concurrent-mark: 0.003/0.003 secs] [Times: user=0.02 sys=0.00, real=0.00 secs] 
5.577: [CMS-concurrent-preclean-start]
5.579: [CMS-concurrent-preclean: 0.003/0.003 secs] [Times: user=0.00 sys=0.00, real=0.01 secs] 
5.579: [CMS-concurrent-abortable-preclean-start]
5.727: [GC (Allocation Failure) 5.727: [ParNew5.785: [CMS-concurrent-abortable-preclean: 0.006/0.206 secs] [Times: user=1.13 sys=0.07, real=0.20 secs] 
: 629119K->69887K(629120K), 0.2357597 secs] 1657667K->1229065K(2027264K), 0.2358461 secs] [Times: user=3.89 sys=0.26, real=0.23 secs] 
5.964: [GC (CMS Final Remark) [YG occupancy: 70674 K (629120 K)]5.964: [Rescan (parallel) , 0.0009901 secs]5.965: [weak refs processing, 0.0000151 secs]5.965: [class unloading, 0.0002773 secs]5.965: [scrub symbol table, 0.0003095 secs]5.965: [scrub string table, 0.0001748 secs][1 CMS-remark: 1159177K(1398144K)] 1229852K(2027264K), 0.0018372 secs] [Times: user=0.01 sys=0.00, real=0.00 secs] 
5.966: [CMS-concurrent-sweep-start]
5.969: [CMS-concurrent-sweep: 0.003/0.003 secs] [Times: user=0.01 sys=0.00, real=0.01 secs] 
5.969: [CMS-concurrent-reset-start]
5.973: [CMS-concurrent-reset: 0.004/0.004 secs] [Times: user=0.01 sys=0.00, real=0.00 secs] 
6.186: [GC (Allocation Failure) 6.186: [ParNew: 629119K->69887K(629120K), 0.0781898 secs] 1063443K->632614K(2027264K), 0.0782826 secs] [Times: user=1.32 sys=0.08, real=0.08 secs] 
6.462: [GC (Allocation Failure) 6.462: [ParNew: 629119K->69887K(629120K), 0.0856218 secs] 1191846K->765392K(2027264K), 0.0857167 secs] [Times: user=1.47 sys=0.06, real=0.09 secs] 
6.705: [GC (Allocation Failure) 6.705: [ParNew: 629119K->69887K(629120K), 0.0865166 secs] 1324624K->894722K(2027264K), 0.0865968 secs] [Times: user=1.44 sys=0.09, real=0.09 secs] 
6.946: [GC (Allocation Failure) 6.946: [ParNew: 629119K->69887K(629120K), 0.0887126 secs] 1453954K->1024038K(2027264K), 0.0888079 secs] [Times: user=1.54 sys=0.04, real=0.09 secs] 
7.035: [GC (CMS Initial Mark) [1 CMS-initial-mark: 954151K(1398144K)] 1035537K(2027264K), 0.0004996 secs] [Times: user=0.00 sys=0.00, real=0.00 secs] 
7.036: [CMS-concurrent-mark-start]
7.038: [CMS-concurrent-mark: 0.002/0.002 secs] [Times: user=0.01 sys=0.00, real=0.01 secs] 
7.038: [CMS-concurrent-preclean-start]
7.041: [CMS-concurrent-preclean: 0.003/0.003 secs] [Times: user=0.01 sys=0.00, real=0.00 secs] 
7.041: [CMS-concurrent-abortable-preclean-start]
7.196: [GC (Allocation Failure) 7.196: [ParNew7.247: [CMS-concurrent-abortable-preclean: 0.006/0.206 secs] [Times: user=1.04 sys=0.04, real=0.20 secs] 
: 629119K->69886K(629120K), 0.0664407 secs] 1583270K->1149148K(2027264K), 0.0665817 secs] [Times: user=1.14 sys=0.03, real=0.07 secs] 
7.262: [GC (CMS Final Remark) [YG occupancy: 69958 K (629120 K)]7.262: [Rescan (parallel) , 0.0008388 secs]7.263: [weak refs processing, 0.0000160 secs]7.263: [class unloading, 0.0002468 secs]7.263: [scrub symbol table, 0.0003258 secs]7.264: [scrub string table, 0.0001611 secs][1 CMS-remark: 1079262K(1398144K)] 1149220K(2027264K), 0.0016884 secs] [Times: user=0.00 sys=0.00, real=0.00 secs] 
7.264: [CMS-concurrent-sweep-start]
7.270: [CMS-concurrent-sweep: 0.006/0.006 secs] [Times: user=0.01 sys=0.01, real=0.01 secs] 
7.271: [CMS-concurrent-reset-start]
7.277: [CMS-concurrent-reset: 0.006/0.006 secs] [Times: user=0.02 sys=0.00, real=0.00 secs] 
7.424: [GC (Allocation Failure) 7.424: [ParNew: 629118K->69887K(629120K), 0.1073393 secs] 1071889K->643095K(2027264K), 0.1074482 secs] [Times: user=1.84 sys=0.08, real=0.11 secs] 
7.682: [GC (Allocation Failure) 7.682: [ParNew: 629119K->69887K(629120K), 0.0860022 secs] 1202327K->765027K(2027264K), 0.0861335 secs] [Times: user=1.49 sys=0.04, real=0.09 secs] 
7.932: [GC (Allocation Failure) 7.932: [ParNew: 629119K->69887K(629120K), 0.1070690 secs] 1324259K->889093K(2027264K), 0.1071630 secs] [Times: user=1.83 sys=0.08, real=0.11 secs] 
8.199: [GC (Allocation Failure) 8.199: [ParNew: 629119K->69887K(629120K), 0.0838881 secs] 1448325K->1012408K(2027264K), 0.0839705 secs] [Times: user=1.44 sys=0.06, real=0.08 secs] 
8.442: [GC (Allocation Failure) 8.442: [ParNew: 629119K->69887K(629120K), 0.0897371 secs] 1571640K->1141748K(2027264K), 0.0898328 secs] [Times: user=1.55 sys=0.04, real=0.09 secs] 
8.532: [GC (CMS Initial Mark) [1 CMS-initial-mark: 1071860K(1398144K)] 1142036K(2027264K), 0.0004542 secs] [Times: user=0.00 sys=0.00, real=0.00 secs] 
8.532: [CMS-concurrent-mark-start]
8.535: [CMS-concurrent-mark: 0.002/0.002 secs] [Times: user=0.01 sys=0.00, real=0.00 secs] 
8.535: [CMS-concurrent-preclean-start]
8.538: [CMS-concurrent-preclean: 0.003/0.003 secs] [Times: user=0.01 sys=0.00, real=0.01 secs] 
8.538: [CMS-concurrent-abortable-preclean-start]
8.701: [GC (Allocation Failure) 8.701: [ParNew8.744: [CMS-concurrent-abortable-preclean: 0.006/0.206 secs] [Times: user=0.84 sys=0.08, real=0.20 secs] 
: 629119K->69887K(629120K), 0.2417916 secs] 1700980K->1262559K(2027264K), 0.2418811 secs] [Times: user=4.01 sys=0.30, real=0.24 secs] 
8.943: [GC (CMS Final Remark) [YG occupancy: 81293 K (629120 K)]8.943: [Rescan (parallel) , 0.0008468 secs]8.944: [weak refs processing, 0.0000154 secs]8.944: [class unloading, 0.0003022 secs]8.944: [scrub symbol table, 0.0003116 secs]8.944: [scrub string table, 0.0001652 secs][1 CMS-remark: 1192672K(1398144K)] 1273965K(2027264K), 0.0017130 secs] [Times: user=0.01 sys=0.00, real=0.00 secs] 
8.945: [CMS-concurrent-sweep-start]
8.950: [CMS-concurrent-sweep: 0.005/0.005 secs] [Times: user=0.01 sys=0.00, real=0.01 secs] 
8.950: [CMS-concurrent-reset-start]
8.956: [CMS-concurrent-reset: 0.006/0.006 secs] [Times: user=0.01 sys=0.00, real=0.00 secs] 
9.104: [GC (Allocation Failure) 9.104: [ParNew: 629119K->69887K(629120K), 0.0844315 secs] 1056448K->642496K(2027264K), 0.0845260 secs] [Times: user=1.46 sys=0.04, real=0.09 secs] 
9.348: [GC (Allocation Failure) 9.348: [ParNew: 629119K->69887K(629120K), 0.0585015 secs] 1201728K->761410K(2027264K), 0.0585898 secs] [Times: user=1.02 sys=0.02, real=0.05 secs] 
9.556: [GC (Allocation Failure) 9.556: [ParNew: 629119K->69887K(629120K), 0.0778043 secs] 1320642K->879639K(2027264K), 0.0778840 secs] [Times: user=1.37 sys=0.02, real=0.08 secs] 
9.797: [GC (Allocation Failure) 9.797: [ParNew: 629119K->69887K(629120K), 0.0621525 secs] 1438871K->1003044K(2027264K), 0.0622404 secs] [Times: user=1.09 sys=0.02, real=0.06 secs] 
9.860: [GC (CMS Initial Mark) [1 CMS-initial-mark: 933156K(1398144K)] 1014594K(2027264K), 0.0005100 secs] [Times: user=0.00 sys=0.00, real=0.00 secs] 
9.860: [CMS-concurrent-mark-start]
9.862: [CMS-concurrent-mark: 0.002/0.002 secs] [Times: user=0.01 sys=0.00, real=0.00 secs] 
9.863: [CMS-concurrent-preclean-start]
9.865: [CMS-concurrent-preclean: 0.003/0.003 secs] [Times: user=0.01 sys=0.00, real=0.00 secs] 
9.865: [CMS-concurrent-abortable-preclean-start]
10.021: [GC (Allocation Failure) 10.021: [ParNew10.071: [CMS-concurrent-abortable-preclean: 0.006/0.206 secs] [Times: user=1.04 sys=0.02, real=0.21 secs] 
: 629119K->69886K(629120K), 0.0657512 secs] 1562276K->1126041K(2027264K), 0.0658610 secs] [Times: user=1.13 sys=0.03, real=0.06 secs] 
10.087: [GC (CMS Final Remark) [YG occupancy: 81048 K (629120 K)]10.087: [Rescan (parallel) , 0.0015754 secs]10.088: [weak refs processing, 0.0000165 secs]10.088: [class unloading, 0.0007197 secs]10.089: [scrub symbol table, 0.0004999 secs]10.090: [scrub string table, 0.0002618 secs][1 CMS-remark: 1056154K(1398144K)] 1137202K(2027264K), 0.0031539 secs] [Times: user=0.02 sys=0.01, real=0.01 secs] 
10.090: [CMS-concurrent-sweep-start]
执行结束。共生成对象次数:74309
Heap
 par new generation   total 629120K, used 92233K [0x0000000080000000, 0x00000000aaaa0000, 0x00000000aaaa0000)
  eden space 559232K,   3% used [0x0000000080000000, 0x00000000815d29f8, 0x00000000a2220000)
  from space 69888K,  99% used [0x00000000a6660000, 0x00000000aaa9fba0, 0x00000000aaaa0000)
  to   space 69888K,   0% used [0x00000000a2220000, 0x00000000a2220000, 0x00000000a6660000)
 concurrent mark-sweep generation total 1398144K, used 1008765K [0x00000000aaaa0000, 0x0000000100000000, 0x0000000100000000)
 Metaspace       used 2541K, capacity 4490K, committed 4864K, reserved 1056768K
  class space    used 273K, capacity 386K, committed 512K, reserved 1048576K
开始执行.......
0.466: [GC (Allocation Failure) 0.466: [ParNew: 559232K->69888K(629120K), 0.0379300 secs] 559232K->159595K(2027264K), 0.0380501 secs] [Times: user=0.23 sys=0.36, real=0.03 secs] 
0.677: [GC (Allocation Failure) 0.677: [ParNew: 629120K->69888K(629120K), 0.0438435 secs] 718827K->285902K(2027264K), 0.0439389 secs] [Times: user=0.31 sys=0.43, real=0.04 secs] 
0.886: [GC (Allocation Failure) 0.886: [ParNew: 629120K->69888K(629120K), 0.0947179 secs] 845134K->400101K(2027264K), 0.0948120 secs] [Times: user=1.62 sys=0.08, real=0.09 secs] 
1.137: [GC (Allocation Failure) 1.137: [ParNew: 629120K->69887K(629120K), 0.1116026 secs] 959333K->534092K(2027264K), 0.1116943 secs] [Times: user=1.92 sys=0.08, real=0.11 secs] 
1.440: [GC (Allocation Failure) 1.440: [ParNew: 629119K->69887K(629120K), 0.1121554 secs] 1093324K->659753K(2027264K), 0.1122576 secs] [Times: user=1.91 sys=0.09, real=0.11 secs] 
1.777: [GC (Allocation Failure) 1.777: [ParNew: 629119K->69887K(629120K), 0.2181528 secs] 1218985K->774258K(2027264K), 0.2182470 secs] [Times: user=3.69 sys=0.22, real=0.22 secs] 
1.996: [GC (CMS Initial Mark) [1 CMS-initial-mark: 704371K(1398144K)] 775050K(2027264K), 0.0005207 secs] [Times: user=0.01 sys=0.00, real=0.00 secs] 
1.996: [CMS-concurrent-mark-start]
2.001: [CMS-concurrent-mark: 0.005/0.005 secs] [Times: user=0.02 sys=0.00, real=0.00 secs] 
2.001: [CMS-concurrent-preclean-start]
2.004: [CMS-concurrent-preclean: 0.003/0.003 secs] [Times: user=0.01 sys=0.00, real=0.00 secs] 
2.004: [CMS-concurrent-abortable-preclean-start]
2.195: [GC (Allocation Failure) 2.195: [ParNew2.210: [CMS-concurrent-abortable-preclean: 0.006/0.206 secs] [Times: user=0.43 sys=0.03, real=0.21 secs] 
: 629119K->69887K(629120K), 0.1009501 secs] 1333490K->900063K(2027264K), 0.1010431 secs] [Times: user=1.70 sys=0.09, real=0.11 secs] 
2.296: [GC (CMS Final Remark) [YG occupancy: 69959 K (629120 K)]2.296: [Rescan (parallel) , 0.0009874 secs]2.297: [weak refs processing, 0.0000158 secs]2.297: [class unloading, 0.0003055 secs]2.297: [scrub symbol table, 0.0003226 secs]2.298: [scrub string table, 0.0001681 secs][1 CMS-remark: 830176K(1398144K)] 900135K(2027264K), 0.0019053 secs] [Times: user=0.02 sys=0.00, real=0.00 secs] 
2.298: [CMS-concurrent-sweep-start]
2.300: [CMS-concurrent-sweep: 0.002/0.002 secs] [Times: user=0.00 sys=0.00, real=0.00 secs] 
2.300: [CMS-concurrent-reset-start]
2.315: [CMS-concurrent-reset: 0.015/0.015 secs] [Times: user=0.02 sys=0.02, real=0.02 secs] 
2.481: [GC (Allocation Failure) 2.481: [ParNew: 629119K->69887K(629120K), 0.2162578 secs] 1038033K->608576K(2027264K), 0.2163522 secs] [Times: user=3.65 sys=0.23, real=0.22 secs] 
2.864: [GC (Allocation Failure) 2.864: [ParNew: 629119K->69887K(629120K), 0.2373326 secs] 1167808K->726816K(2027264K), 0.2374448 secs] [Times: user=4.00 sys=0.24, real=0.24 secs] 
3.260: [GC (Allocation Failure) 3.260: [ParNew: 629119K->69887K(629120K), 0.2413343 secs] 1286048K->855814K(2027264K), 0.2414347 secs] [Times: user=4.07 sys=0.25, real=0.24 secs] 
3.662: [GC (Allocation Failure) 3.662: [ParNew: 629119K->69887K(629120K), 0.1751614 secs] 1415046K->979041K(2027264K), 0.1752525 secs] [Times: user=2.93 sys=0.19, real=0.18 secs] 
4.000: [GC (Allocation Failure) 4.000: [ParNew: 629119K->69887K(629120K), 0.1033583 secs] 1538273K->1100077K(2027264K), 0.1034544 secs] [Times: user=1.77 sys=0.07, real=0.10 secs] 
4.104: [GC (CMS Initial Mark) [1 CMS-initial-mark: 1030189K(1398144K)] 1100778K(2027264K), 0.0006302 secs] [Times: user=0.00 sys=0.00, real=0.00 secs] 
4.105: [CMS-concurrent-mark-start]
4.108: [CMS-concurrent-mark: 0.003/0.003 secs] [Times: user=0.01 sys=0.01, real=0.01 secs] 
4.108: [CMS-concurrent-preclean-start]
4.111: [CMS-concurrent-preclean: 0.003/0.003 secs] [Times: user=0.00 sys=0.00, real=0.00 secs] 
4.111: [CMS-concurrent-abortable-preclean-start]
4.268: [GC (Allocation Failure) 4.268: [ParNew4.317: [CMS-concurrent-abortable-preclean: 0.006/0.206 secs] [Times: user=1.00 sys=0.03, real=0.21 secs] 
: 629119K->69887K(629120K), 0.1128934 secs] 1659309K->1232053K(2027264K), 0.1130177 secs] [Times: user=1.92 sys=0.09, real=0.11 secs] 
4.381: [GC (CMS Final Remark) [YG occupancy: 81100 K (629120 K)]4.381: [Rescan (parallel) , 0.0009836 secs]4.382: [weak refs processing, 0.0000157 secs]4.382: [class unloading, 0.0008219 secs]4.383: [scrub symbol table, 0.0005270 secs]4.384: [scrub string table, 0.0001991 secs][1 CMS-remark: 1162165K(1398144K)] 1243266K(2027264K), 0.0026211 secs] [Times: user=0.01 sys=0.00, real=0.00 secs] 
4.384: [CMS-concurrent-sweep-start]
4.390: [CMS-concurrent-sweep: 0.006/0.006 secs] [Times: user=0.01 sys=0.00, real=0.01 secs] 
4.391: [CMS-concurrent-reset-start]
4.398: [CMS-concurrent-reset: 0.008/0.008 secs] [Times: user=0.01 sys=0.00, real=0.01 secs] 
4.547: [GC (Allocation Failure) 4.547: [ParNew: 629119K->69887K(629120K), 0.1237775 secs] 1068177K->628794K(2027264K), 0.1238686 secs] [Times: user=2.13 sys=0.09, real=0.12 secs] 
4.835: [GC (Allocation Failure) 4.835: [ParNew: 629119K->69887K(629120K), 0.1894613 secs] 1188026K->758406K(2027264K), 0.1895514 secs] [Times: user=3.24 sys=0.16, real=0.19 secs] 
5.194: [GC (Allocation Failure) 5.194: [ParNew: 629119K->69887K(629120K), 0.2015883 secs] 1317638K->875701K(2027264K), 0.2017003 secs] [Times: user=3.42 sys=0.18, real=0.21 secs] 
5.557: [GC (Allocation Failure) 5.557: [ParNew: 629119K->69886K(629120K), 0.2516310 secs] 1434933K->1004356K(2027264K), 0.2517256 secs] [Times: user=4.27 sys=0.25, real=0.25 secs] 
5.962: [GC (Allocation Failure) 5.962: [ParNew: 629118K->69887K(629120K), 0.2365097 secs] 1563588K->1125720K(2027264K), 0.2366166 secs] [Times: user=4.01 sys=0.24, real=0.24 secs] 
6.199: [GC (CMS Initial Mark) [1 CMS-initial-mark: 1055833K(1398144K)] 1136917K(2027264K), 0.0003828 secs] [Times: user=0.00 sys=0.00, real=0.00 secs] 
6.199: [CMS-concurrent-mark-start]
6.202: [CMS-concurrent-mark: 0.002/0.002 secs] [Times: user=0.01 sys=0.00, real=0.00 secs] 
6.202: [CMS-concurrent-preclean-start]
6.204: [CMS-concurrent-preclean: 0.003/0.003 secs] [Times: user=0.01 sys=0.00, real=0.00 secs] 
6.204: [CMS-concurrent-abortable-preclean-start]
6.357: [GC (Allocation Failure) 6.357: [ParNew6.410: [CMS-concurrent-abortable-preclean: 0.006/0.206 secs] [Times: user=1.04 sys=0.06, real=0.21 secs] 
: 629119K->69887K(629120K), 0.1511653 secs] 1684952K->1257769K(2027264K), 0.1513456 secs] [Times: user=2.57 sys=0.14, real=0.15 secs] 
6.509: [GC (CMS Final Remark) [YG occupancy: 70213 K (629120 K)]6.509: [Rescan (parallel) , 0.0010275 secs]6.510: [weak refs processing, 0.0000152 secs]6.510: [class unloading, 0.0002740 secs]6.510: [scrub symbol table, 0.0003360 secs]6.511: [scrub string table, 0.0001720 secs][1 CMS-remark: 1187882K(1398144K)] 1258095K(2027264K), 0.0018999 secs] [Times: user=0.01 sys=0.00, real=0.00 secs] 
6.511: [CMS-concurrent-sweep-start]
6.515: [CMS-concurrent-sweep: 0.004/0.004 secs] [Times: user=0.01 sys=0.00, real=0.00 secs] 
6.515: [CMS-concurrent-reset-start]
6.520: [CMS-concurrent-reset: 0.005/0.005 secs] [Times: user=0.01 sys=0.00, real=0.01 secs] 
6.732: [GC (Allocation Failure) 6.732: [ParNew: 629119K->69887K(629120K), 0.1043431 secs] 1057786K->626671K(2027264K), 0.1044836 secs] [Times: user=1.82 sys=0.04, real=0.11 secs] 
7.034: [GC (Allocation Failure) 7.034: [ParNew: 629119K->69887K(629120K), 0.0820018 secs] 1185903K->749164K(2027264K), 0.0820914 secs] [Times: user=1.43 sys=0.04, real=0.09 secs] 
7.278: [GC (Allocation Failure) 7.278: [ParNew: 629119K->69887K(629120K), 0.1087003 secs] 1308396K->881122K(2027264K), 0.1087954 secs] [Times: user=1.87 sys=0.06, real=0.11 secs] 
7.559: [GC (Allocation Failure) 7.559: [ParNew: 629119K->69887K(629120K), 0.0917677 secs] 1440354K->1008494K(2027264K), 0.0918607 secs] [Times: user=1.60 sys=0.04, real=0.09 secs] 
7.814: [GC (Allocation Failure) 7.814: [ParNew: 629119K->69887K(629120K), 0.0696979 secs] 1567726K->1122555K(2027264K), 0.0697928 secs] [Times: user=1.21 sys=0.02, real=0.07 secs] 
7.884: [GC (CMS Initial Mark) [1 CMS-initial-mark: 1052667K(1398144K)] 1123049K(2027264K), 0.0005348 secs] [Times: user=0.00 sys=0.00, real=0.00 secs] 
7.885: [CMS-concurrent-mark-start]
7.887: [CMS-concurrent-mark: 0.002/0.002 secs] [Times: user=0.02 sys=0.00, real=0.01 secs] 
7.887: [CMS-concurrent-preclean-start]
7.890: [CMS-concurrent-preclean: 0.003/0.003 secs] [Times: user=0.00 sys=0.00, real=0.00 secs] 
7.890: [CMS-concurrent-abortable-preclean-start]
8.052: [GC (Allocation Failure) 8.052: [ParNew8.096: [CMS-concurrent-abortable-preclean: 0.006/0.206 secs] [Times: user=0.94 sys=0.02, real=0.21 secs] 
: 629119K->69887K(629120K), 0.0647205 secs] 1681787K->1239795K(2027264K), 0.0648271 secs] [Times: user=1.13 sys=0.02, real=0.07 secs] 
8.117: [GC (CMS Final Remark) [YG occupancy: 70009 K (629120 K)]8.117: [Rescan (parallel) , 0.0009634 secs]8.118: [weak refs processing, 0.0000222 secs]8.118: [class unloading, 0.0002842 secs]8.119: [scrub symbol table, 0.0003033 secs]8.119: [scrub string table, 0.0001749 secs][1 CMS-remark: 1169908K(1398144K)] 1239918K(2027264K), 0.0018250 secs] [Times: user=0.01 sys=0.00, real=0.00 secs] 
8.119: [CMS-concurrent-sweep-start]
8.127: [CMS-concurrent-sweep: 0.008/0.008 secs] [Times: user=0.02 sys=0.00, real=0.01 secs] 
8.127: [CMS-concurrent-reset-start]
8.134: [CMS-concurrent-reset: 0.007/0.007 secs] [Times: user=0.01 sys=0.00, real=0.00 secs] 
8.284: [GC (Allocation Failure) 8.284: [ParNew: 629119K->69887K(629120K), 0.0833157 secs] 1044058K->614364K(2027264K), 0.0834110 secs] [Times: user=1.45 sys=0.03, real=0.09 secs] 
8.533: [GC (Allocation Failure) 8.533: [ParNew: 629119K->69886K(629120K), 0.0797828 secs] 1173596K->736070K(2027264K), 0.0798764 secs] [Times: user=1.39 sys=0.03, real=0.08 secs] 
8.762: [GC (Allocation Failure) 8.762: [ParNew: 629118K->69887K(629120K), 0.0977070 secs] 1295302K->866138K(2027264K), 0.0977916 secs] [Times: user=1.70 sys=0.04, real=0.10 secs] 
9.026: [GC (Allocation Failure) 9.026: [ParNew: 629119K->69887K(629120K), 0.0858031 secs] 1425370K->990341K(2027264K), 0.0858974 secs] [Times: user=1.50 sys=0.03, real=0.08 secs] 
9.281: [GC (Allocation Failure) 9.281: [ParNew: 629119K->69887K(629120K), 0.0988177 secs] 1549573K->1121989K(2027264K), 0.0989139 secs] [Times: user=1.70 sys=0.03, real=0.10 secs] 
9.380: [GC (CMS Initial Mark) [1 CMS-initial-mark: 1052101K(1398144K)] 1122134K(2027264K), 0.0006170 secs] [Times: user=0.00 sys=0.00, real=0.00 secs] 
9.381: [CMS-concurrent-mark-start]
9.383: [CMS-concurrent-mark: 0.002/0.002 secs] [Times: user=0.02 sys=0.00, real=0.00 secs] 
9.383: [CMS-concurrent-preclean-start]
9.386: [CMS-concurrent-preclean: 0.003/0.003 secs] [Times: user=0.00 sys=0.00, real=0.01 secs] 
9.386: [CMS-concurrent-abortable-preclean-start]
9.543: [GC (Allocation Failure) 9.543: [ParNew9.592: [CMS-concurrent-abortable-preclean: 0.006/0.206 secs] [Times: user=0.99 sys=0.02, real=0.20 secs] 
: 629119K->69886K(629120K), 0.0773558 secs] 1681221K->1245063K(2027264K), 0.0774627 secs] [Times: user=1.30 sys=0.04, real=0.08 secs] 
9.621: [GC (CMS Final Remark) [YG occupancy: 81218 K (629120 K)]9.621: [Rescan (parallel) , 0.0008609 secs]9.622: [weak refs processing, 0.0000150 secs]9.622: [class unloading, 0.0002567 secs]9.622: [scrub symbol table, 0.0003165 secs]9.622: [scrub string table, 0.0001783 secs][1 CMS-remark: 1175177K(1398144K)] 1256396K(2027264K), 0.0016998 secs] [Times: user=0.01 sys=0.00, real=0.00 secs] 
9.622: [CMS-concurrent-sweep-start]
9.626: [CMS-concurrent-sweep: 0.004/0.004 secs] [Times: user=0.01 sys=0.00, real=0.01 secs] 
9.627: [CMS-concurrent-reset-start]
9.634: [CMS-concurrent-reset: 0.007/0.007 secs] [Times: user=0.02 sys=0.00, real=0.00 secs] 
9.782: [GC (Allocation Failure) 9.782: [ParNew: 629118K->69887K(629120K), 0.0576829 secs] 1057393K->622138K(2027264K), 0.0577659 secs] [Times: user=1.01 sys=0.01, real=0.06 secs] 
9.996: [GC (Allocation Failure) 9.996: [ParNew: 629119K->69887K(629120K), 0.0607175 secs] 1181370K->756003K(2027264K), 0.0608054 secs] [Times: user=1.06 sys=0.01, real=0.06 secs] 
执行结束。共生成对象次数:70131
Heap
 par new generation   total 629120K, used 229356K [0x0000000080000000, 0x00000000aaaa0000, 0x00000000aaaa0000)
  eden space 559232K,  28% used [0x0000000080000000, 0x0000000089bbb2a8, 0x00000000a2220000)
  from space 69888K,  99% used [0x00000000a6660000, 0x00000000aaa9fd88, 0x00000000aaaa0000)
  to   space 69888K,   0% used [0x00000000a2220000, 0x00000000a2220000, 0x00000000a6660000)
 concurrent mark-sweep generation total 1398144K, used 686115K [0x00000000aaaa0000, 0x0000000100000000, 0x0000000100000000)
 Metaspace       used 2541K, capacity 4490K, committed 4864K, reserved 1056768K
  class space    used 273K, capacity 386K, committed 512K, reserved 1048576K
开始执行.......
0.475: [GC (Allocation Failure) 0.475: [ParNew: 559232K->69888K(629120K), 0.0381199 secs] 559232K->156739K(2027264K), 0.0382424 secs] [Times: user=0.23 sys=0.37, real=0.04 secs] 
0.680: [GC (Allocation Failure) 0.680: [ParNew: 629120K->69886K(629120K), 0.0505715 secs] 715971K->287226K(2027264K), 0.0506737 secs] [Times: user=0.39 sys=0.47, real=0.05 secs] 
0.896: [GC (Allocation Failure) 0.896: [ParNew: 629118K->69888K(629120K), 0.0960331 secs] 846458K->406288K(2027264K), 0.0961148 secs] [Times: user=1.65 sys=0.06, real=0.10 secs] 
1.160: [GC (Allocation Failure) 1.160: [ParNew: 629120K->69887K(629120K), 0.0860146 secs] 965520K->527437K(2027264K), 0.0861100 secs] [Times: user=1.47 sys=0.07, real=0.09 secs] 
1.445: [GC (Allocation Failure) 1.445: [ParNew: 629119K->69887K(629120K), 0.1623808 secs] 1086669K->652761K(2027264K), 0.1624774 secs] [Times: user=2.77 sys=0.14, real=0.17 secs] 
1.831: [GC (Allocation Failure) 1.831: [ParNew: 629119K->69887K(629120K), 0.1767535 secs] 1211993K->775095K(2027264K), 0.1768483 secs] [Times: user=2.99 sys=0.18, real=0.18 secs] 
2.008: [GC (CMS Initial Mark) [1 CMS-initial-mark: 705207K(1398144K)] 775316K(2027264K), 0.0005438 secs] [Times: user=0.00 sys=0.00, real=0.00 secs] 
2.009: [CMS-concurrent-mark-start]
2.013: [CMS-concurrent-mark: 0.005/0.005 secs] [Times: user=0.02 sys=0.00, real=0.00 secs] 
2.013: [CMS-concurrent-preclean-start]
2.016: [CMS-concurrent-preclean: 0.003/0.003 secs] [Times: user=0.01 sys=0.00, real=0.01 secs] 
2.016: [CMS-concurrent-abortable-preclean-start]
2.200: [GC (Allocation Failure) 2.200: [ParNew2.222: [CMS-concurrent-abortable-preclean: 0.006/0.206 secs] [Times: user=0.55 sys=0.03, real=0.20 secs] 
: 629119K->69887K(629120K), 0.0987997 secs] 1334327K->902378K(2027264K), 0.0988946 secs] [Times: user=1.68 sys=0.08, real=0.10 secs] 
2.299: [GC (CMS Final Remark) [YG occupancy: 70144 K (629120 K)]2.299: [Rescan (parallel) , 0.0009446 secs]2.300: [weak refs processing, 0.0000152 secs]2.300: [class unloading, 0.0003099 secs]2.300: [scrub symbol table, 0.0003082 secs]2.300: [scrub string table, 0.0001665 secs][1 CMS-remark: 832491K(1398144K)] 902636K(2027264K), 0.0018316 secs] [Times: user=0.01 sys=0.00, real=0.00 secs] 
2.301: [CMS-concurrent-sweep-start]
2.303: [CMS-concurrent-sweep: 0.002/0.002 secs] [Times: user=0.01 sys=0.00, real=0.00 secs] 
2.303: [CMS-concurrent-reset-start]
2.317: [CMS-concurrent-reset: 0.014/0.014 secs] [Times: user=0.01 sys=0.01, real=0.02 secs] 
2.481: [GC (Allocation Failure) 2.481: [ParNew: 629119K->69887K(629120K), 0.2290850 secs] 1048157K->615468K(2027264K), 0.2291795 secs] [Times: user=3.87 sys=0.23, real=0.23 secs] 
2.863: [GC (Allocation Failure) 2.863: [ParNew: 629119K->69887K(629120K), 0.1719607 secs] 1174700K->735803K(2027264K), 0.1720438 secs] [Times: user=2.90 sys=0.17, real=0.17 secs] 
3.193: [GC (Allocation Failure) 3.194: [ParNew: 629119K->69887K(629120K), 0.3070159 secs] 1295035K->859154K(2027264K), 0.3071097 secs] [Times: user=5.18 sys=0.32, real=0.31 secs] 
3.662: [GC (Allocation Failure) 3.662: [ParNew: 629119K->69887K(629120K), 0.1595618 secs] 1418386K->986337K(2027264K), 0.1596814 secs] [Times: user=2.65 sys=0.20, real=0.16 secs] 
3.977: [GC (Allocation Failure) 3.977: [ParNew: 629119K->69887K(629120K), 0.0913812 secs] 1545569K->1104383K(2027264K), 0.0914644 secs] [Times: user=1.56 sys=0.08, real=0.09 secs] 
4.068: [GC (CMS Initial Mark) [1 CMS-initial-mark: 1034496K(1398144K)] 1104671K(2027264K), 0.0005332 secs] [Times: user=0.00 sys=0.00, real=0.00 secs] 
4.069: [CMS-concurrent-mark-start]
4.072: [CMS-concurrent-mark: 0.003/0.003 secs] [Times: user=0.01 sys=0.00, real=0.00 secs] 
4.072: [CMS-concurrent-preclean-start]
4.075: [CMS-concurrent-preclean: 0.003/0.003 secs] [Times: user=0.01 sys=0.00, real=0.00 secs] 
4.075: [CMS-concurrent-abortable-preclean-start]
4.234: [GC (Allocation Failure) 4.234: [ParNew4.290: [CMS-concurrent-abortable-preclean: 0.009/0.215 secs] [Times: user=1.13 sys=0.04, real=0.22 secs] 
: 629119K->69887K(629120K), 0.0957320 secs] 1663615K->1225218K(2027264K), 0.0958244 secs] [Times: user=1.64 sys=0.07, real=0.10 secs] 
4.330: [GC (CMS Final Remark) [YG occupancy: 70256 K (629120 K)]4.330: [Rescan (parallel) , 0.0008854 secs]4.331: [weak refs processing, 0.0000160 secs]4.331: [class unloading, 0.0008125 secs]4.332: [scrub symbol table, 0.0005197 secs]4.332: [scrub string table, 0.0001715 secs][1 CMS-remark: 1155331K(1398144K)] 1225588K(2027264K), 0.0024828 secs] [Times: user=0.00 sys=0.01, real=0.00 secs] 
4.333: [CMS-concurrent-sweep-start]
4.340: [CMS-concurrent-sweep: 0.007/0.007 secs] [Times: user=0.01 sys=0.00, real=0.01 secs] 
4.340: [CMS-concurrent-reset-start]
4.347: [CMS-concurrent-reset: 0.007/0.007 secs] [Times: user=0.01 sys=0.00, real=0.01 secs] 
4.493: [GC (Allocation Failure) 4.494: [ParNew: 629119K->69887K(629120K), 0.1149996 secs] 1053683K->622387K(2027264K), 0.1151345 secs] [Times: user=1.96 sys=0.08, real=0.12 secs] 
4.769: [GC (Allocation Failure) 4.769: [ParNew: 629119K->69887K(629120K), 0.2089333 secs] 1181619K->752844K(2027264K), 0.2090240 secs] [Times: user=3.56 sys=0.18, real=0.21 secs] 
5.144: [GC (Allocation Failure) 5.144: [ParNew: 629119K->69887K(629120K), 0.2414586 secs] 1312076K->880249K(2027264K), 0.2415494 secs] [Times: user=4.09 sys=0.24, real=0.24 secs] 
5.540: [GC (Allocation Failure) 5.540: [ParNew: 629119K->69887K(629120K), 0.1585192 secs] 1439481K->1000622K(2027264K), 0.1586100 secs] [Times: user=2.68 sys=0.16, real=0.16 secs] 
5.854: [GC (Allocation Failure) 5.854: [ParNew: 629119K->69886K(629120K), 0.2234986 secs] 1559854K->1125335K(2027264K), 0.2235774 secs] [Times: user=3.80 sys=0.21, real=0.23 secs] 
6.078: [GC (CMS Initial Mark) [1 CMS-initial-mark: 1055448K(1398144K)] 1125479K(2027264K), 0.0003916 secs] [Times: user=0.00 sys=0.00, real=0.00 secs] 
6.078: [CMS-concurrent-mark-start]
6.080: [CMS-concurrent-mark: 0.002/0.002 secs] [Times: user=0.01 sys=0.00, real=0.00 secs] 
6.080: [CMS-concurrent-preclean-start]
6.083: [CMS-concurrent-preclean: 0.003/0.003 secs] [Times: user=0.01 sys=0.00, real=0.00 secs] 
6.083: [CMS-concurrent-abortable-preclean-start]
6.246: [GC (Allocation Failure) 6.246: [ParNew6.289: [CMS-concurrent-abortable-preclean: 0.006/0.206 secs] [Times: user=0.88 sys=0.04, real=0.21 secs] 
: 629118K->69887K(629120K), 0.2765368 secs] 1684567K->1247273K(2027264K), 0.2766853 secs] [Times: user=4.66 sys=0.29, real=0.27 secs] 
6.523: [GC (CMS Final Remark) [YG occupancy: 70408 K (629120 K)]6.523: [Rescan (parallel) , 0.0007938 secs]6.524: [weak refs processing, 0.0000149 secs]6.524: [class unloading, 0.0002571 secs]6.524: [scrub symbol table, 0.0003507 secs]6.525: [scrub string table, 0.0001791 secs][1 CMS-remark: 1177385K(1398144K)] 1247794K(2027264K), 0.0016777 secs] [Times: user=0.02 sys=0.00, real=0.00 secs] 
6.525: [CMS-concurrent-sweep-start]
6.528: [CMS-concurrent-sweep: 0.003/0.003 secs] [Times: user=0.00 sys=0.00, real=0.01 secs] 
6.528: [CMS-concurrent-reset-start]
6.533: [CMS-concurrent-reset: 0.005/0.005 secs] [Times: user=0.01 sys=0.00, real=0.00 secs] 
6.748: [GC (Allocation Failure) 6.748: [ParNew: 629119K->69887K(629120K), 0.1156595 secs] 1046118K->615000K(2027264K), 0.1157849 secs] [Times: user=2.01 sys=0.06, real=0.11 secs] 
7.057: [GC (Allocation Failure) 7.057: [ParNew: 629119K->69887K(629120K), 0.0844776 secs] 1174232K->744588K(2027264K), 0.0845728 secs] [Times: user=1.44 sys=0.07, real=0.08 secs] 
7.310: [GC (Allocation Failure) 7.310: [ParNew: 628575K->69887K(629120K), 0.0892538 secs] 1303277K->862740K(2027264K), 0.0893923 secs] [Times: user=1.54 sys=0.05, real=0.09 secs] 
7.563: [GC (Allocation Failure) 7.563: [ParNew: 629119K->69886K(629120K), 0.0761543 secs] 1421972K->994040K(2027264K), 0.0762899 secs] [Times: user=1.32 sys=0.04, real=0.08 secs] 
7.805: [GC (Allocation Failure) 7.805: [ParNew: 629118K->69886K(629120K), 0.0897046 secs] 1553272K->1116217K(2027264K), 0.0898194 secs] [Times: user=1.56 sys=0.04, real=0.09 secs] 
7.895: [GC (CMS Initial Mark) [1 CMS-initial-mark: 1046330K(1398144K)] 1116253K(2027264K), 0.0005576 secs] [Times: user=0.00 sys=0.00, real=0.01 secs] 
7.896: [CMS-concurrent-mark-start]
7.898: [CMS-concurrent-mark: 0.002/0.002 secs] [Times: user=0.01 sys=0.00, real=0.00 secs] 
7.898: [CMS-concurrent-preclean-start]
7.901: [CMS-concurrent-preclean: 0.003/0.003 secs] [Times: user=0.01 sys=0.00, real=0.00 secs] 
7.901: [CMS-concurrent-abortable-preclean-start]
8.058: [GC (Allocation Failure) 8.058: [ParNew8.107: [CMS-concurrent-abortable-preclean: 0.006/0.206 secs] [Times: user=1.00 sys=0.04, real=0.21 secs] 
: 629118K->69887K(629120K), 0.0987753 secs] 1675449K->1243147K(2027264K), 0.0988807 secs] [Times: user=1.69 sys=0.07, real=0.10 secs] 
8.157: [GC (CMS Final Remark) [YG occupancy: 70087 K (629120 K)]8.157: [Rescan (parallel) , 0.0010334 secs]8.158: [weak refs processing, 0.0000155 secs]8.158: [class unloading, 0.0002771 secs]8.158: [scrub symbol table, 0.0003261 secs]8.159: [scrub string table, 0.0001986 secs][1 CMS-remark: 1173259K(1398144K)] 1243346K(2027264K), 0.0019285 secs] [Times: user=0.02 sys=0.00, real=0.00 secs] 
8.159: [CMS-concurrent-sweep-start]
8.164: [CMS-concurrent-sweep: 0.005/0.005 secs] [Times: user=0.00 sys=0.00, real=0.00 secs] 
8.164: [CMS-concurrent-reset-start]
8.170: [CMS-concurrent-reset: 0.006/0.006 secs] [Times: user=0.02 sys=0.00, real=0.01 secs] 
8.324: [GC (Allocation Failure) 8.324: [ParNew: 629119K->69887K(629120K), 0.0901463 secs] 1068059K->631340K(2027264K), 0.0902512 secs] [Times: user=1.58 sys=0.03, real=0.09 secs] 
8.569: [GC (Allocation Failure) 8.569: [ParNew: 629119K->69887K(629120K), 0.0804558 secs] 1190572K->761972K(2027264K), 0.0805664 secs] [Times: user=1.41 sys=0.03, real=0.08 secs] 
8.806: [GC (Allocation Failure) 8.806: [ParNew: 629119K->69887K(629120K), 0.0813356 secs] 1321204K->886822K(2027264K), 0.0814279 secs] [Times: user=1.41 sys=0.04, real=0.09 secs] 
9.050: [GC (Allocation Failure) 9.050: [ParNew: 629119K->69886K(629120K), 0.0999958 secs] 1446054K->1013775K(2027264K), 0.1000865 secs] [Times: user=1.75 sys=0.04, real=0.10 secs] 
9.151: [GC (CMS Initial Mark) [1 CMS-initial-mark: 943888K(1398144K)] 1025240K(2027264K), 0.0005368 secs] [Times: user=0.00 sys=0.00, real=0.00 secs] 
9.151: [CMS-concurrent-mark-start]
9.153: [CMS-concurrent-mark: 0.002/0.002 secs] [Times: user=0.01 sys=0.00, real=0.00 secs] 
9.153: [CMS-concurrent-preclean-start]
9.156: [CMS-concurrent-preclean: 0.003/0.003 secs] [Times: user=0.01 sys=0.00, real=0.01 secs] 
9.156: [CMS-concurrent-abortable-preclean-start]
9.311: [GC (Allocation Failure) 9.311: [ParNew9.362: [CMS-concurrent-abortable-preclean: 0.006/0.206 secs] [Times: user=1.04 sys=0.02, real=0.20 secs] 
: 629118K->69887K(629120K), 0.0851310 secs] 1573007K->1144515K(2027264K), 0.0852267 secs] [Times: user=1.48 sys=0.03, real=0.09 secs] 
9.397: [GC (CMS Final Remark) [YG occupancy: 81706 K (629120 K)]9.397: [Rescan (parallel) , 0.0009460 secs]9.398: [weak refs processing, 0.0000151 secs]9.398: [class unloading, 0.0002916 secs]9.398: [scrub symbol table, 0.0003196 secs]9.398: [scrub string table, 0.0001659 secs][1 CMS-remark: 1074628K(1398144K)] 1156334K(2027264K), 0.0018112 secs] [Times: user=0.01 sys=0.00, real=0.00 secs] 
9.399: [CMS-concurrent-sweep-start]
9.402: [CMS-concurrent-sweep: 0.004/0.004 secs] [Times: user=0.01 sys=0.00, real=0.00 secs] 
9.402: [CMS-concurrent-reset-start]
9.408: [CMS-concurrent-reset: 0.006/0.006 secs] [Times: user=0.01 sys=0.00, real=0.01 secs] 
9.550: [GC (Allocation Failure) 9.550: [ParNew: 629119K->69887K(629120K), 0.0772517 secs] 1065137K->634000K(2027264K), 0.0773385 secs] [Times: user=1.37 sys=0.02, real=0.08 secs] 
9.783: [GC (Allocation Failure) 9.783: [ParNew: 629119K->69887K(629120K), 0.0598398 secs] 1193232K->759456K(2027264K), 0.0599226 secs] [Times: user=1.06 sys=0.01, real=0.06 secs] 
9.996: [GC (Allocation Failure) 9.996: [ParNew: 629119K->69887K(629120K), 0.0788362 secs] 1318688K->885059K(2027264K), 0.0789213 secs] [Times: user=1.39 sys=0.01, real=0.07 secs] 
执行结束。共生成对象次数:70082
Heap
 par new generation   total 629120K, used 115231K [0x0000000080000000, 0x00000000aaaa0000, 0x00000000aaaa0000)
  eden space 559232K,   8% used [0x0000000080000000, 0x0000000082c47e28, 0x00000000a2220000)
  from space 69888K,  99% used [0x00000000a6660000, 0x00000000aaa9fea0, 0x00000000aaaa0000)
  to   space 69888K,   0% used [0x00000000a2220000, 0x00000000a2220000, 0x00000000a6660000)
 concurrent mark-sweep generation total 1398144K, used 815171K [0x00000000aaaa0000, 0x0000000100000000, 0x0000000100000000)
 Metaspace       used 2541K, capacity 4490K, committed 4864K, reserved 1056768K
  class space    used 273K, capacity 386K, committed 512K, reserved 1048576K
