开始执行.......
0.875: [GC (Allocation Failure) 0.875: [DefNew: 1118528K->139776K(1258304K), 0.2200125 secs] 1118528K->255687K(4054528K), 0.2201598 secs] [Times: user=0.09 sys=0.13, real=0.22 secs] 
执行结束。共生成对象次数:4239
Heap
 def new generation   total 1258304K, used 196492K [0x00000006c0000000, 0x0000000715550000, 0x0000000715550000)
  eden space 1118528K,   5% used [0x00000006c0000000, 0x00000006c37630e0, 0x0000000704450000)
  from space 139776K, 100% used [0x000000070ccd0000, 0x0000000715550000, 0x0000000715550000)
  to   space 139776K,   0% used [0x0000000704450000, 0x0000000704450000, 0x000000070ccd0000)
 tenured generation   total 2796224K, used 115911K [0x0000000715550000, 0x00000007c0000000, 0x00000007c0000000)
   the space 2796224K,   4% used [0x0000000715550000, 0x000000071c681d18, 0x000000071c681e00, 0x00000007c0000000)
 Metaspace       used 2533K, capacity 4486K, committed 4864K, reserved 1056768K
  class space    used 273K, capacity 386K, committed 512K, reserved 1048576K
开始执行.......
0.879: [GC (Allocation Failure) 0.879: [DefNew: 1118528K->139775K(1258304K), 0.1678783 secs] 1118528K->260260K(4054528K), 0.1679537 secs] [Times: user=0.06 sys=0.12, real=0.17 secs] 
执行结束。共生成对象次数:4740
Heap
 def new generation   total 1258304K, used 330893K [0x00000006c0000000, 0x0000000715550000, 0x0000000715550000)
  eden space 1118528K,  17% used [0x00000006c0000000, 0x00000006cbaa35e0, 0x0000000704450000)
  from space 139776K,  99% used [0x000000070ccd0000, 0x000000071554fff8, 0x0000000715550000)
  to   space 139776K,   0% used [0x0000000704450000, 0x0000000704450000, 0x000000070ccd0000)
 tenured generation   total 2796224K, used 120484K [0x0000000715550000, 0x00000007c0000000, 0x00000007c0000000)
   the space 2796224K,   4% used [0x0000000715550000, 0x000000071caf91c8, 0x000000071caf9200, 0x00000007c0000000)
 Metaspace       used 2533K, capacity 4486K, committed 4864K, reserved 1056768K
  class space    used 273K, capacity 386K, committed 512K, reserved 1048576K
开始执行.......
0.967: [GC (Allocation Failure) 0.967: [DefNew: 1118528K->139775K(1258304K), 0.2143563 secs] 1118528K->261016K(4054528K), 0.2145100 secs] [Times: user=0.06 sys=0.16, real=0.22 secs] 
执行结束。共生成对象次数:4169
Heap
 def new generation   total 1258304K, used 173503K [0x00000006c0000000, 0x0000000715550000, 0x0000000715550000)
  eden space 1118528K,   3% used [0x00000006c0000000, 0x00000006c20eff78, 0x0000000704450000)
  from space 139776K,  99% used [0x000000070ccd0000, 0x000000071554fff8, 0x0000000715550000)
  to   space 139776K,   0% used [0x0000000704450000, 0x0000000704450000, 0x000000070ccd0000)
 tenured generation   total 2796224K, used 121240K [0x0000000715550000, 0x00000007c0000000, 0x00000007c0000000)
   the space 2796224K,   4% used [0x0000000715550000, 0x000000071cbb6298, 0x000000071cbb6400, 0x00000007c0000000)
 Metaspace       used 2533K, capacity 4486K, committed 4864K, reserved 1056768K
  class space    used 273K, capacity 386K, committed 512K, reserved 1048576K
开始执行.......
0.880: [GC (Allocation Failure) 0.880: [DefNew: 1118528K->139776K(1258304K), 0.2206641 secs] 1118528K->233397K(4054528K), 0.2207791 secs] [Times: user=0.08 sys=0.14, real=0.22 secs] 
执行结束。共生成对象次数:4270
Heap
 def new generation   total 1258304K, used 217557K [0x00000006c0000000, 0x0000000715550000, 0x0000000715550000)
  eden space 1118528K,   6% used [0x00000006c0000000, 0x00000006c4bf56b8, 0x0000000704450000)
  from space 139776K, 100% used [0x000000070ccd0000, 0x0000000715550000, 0x0000000715550000)
  to   space 139776K,   0% used [0x0000000704450000, 0x0000000704450000, 0x000000070ccd0000)
 tenured generation   total 2796224K, used 93621K [0x0000000715550000, 0x00000007c0000000, 0x00000007c0000000)
   the space 2796224K,   3% used [0x0000000715550000, 0x000000071b0bd590, 0x000000071b0bd600, 0x00000007c0000000)
 Metaspace       used 2533K, capacity 4486K, committed 4864K, reserved 1056768K
  class space    used 273K, capacity 386K, committed 512K, reserved 1048576K
开始执行.......
0.845: [GC (Allocation Failure) 0.845: [DefNew: 1118528K->139775K(1258304K), 0.2011072 secs] 1118528K->243265K(4054528K), 0.2012224 secs] [Times: user=0.06 sys=0.14, real=0.20 secs] 
执行结束。共生成对象次数:4554
Heap
 def new generation   total 1258304K, used 287249K [0x00000006c0000000, 0x0000000715550000, 0x0000000715550000)
  eden space 1118528K,  13% used [0x00000006c0000000, 0x00000006c9004478, 0x0000000704450000)
  from space 139776K,  99% used [0x000000070ccd0000, 0x000000071554fff8, 0x0000000715550000)
  to   space 139776K,   0% used [0x0000000704450000, 0x0000000704450000, 0x000000070ccd0000)
 tenured generation   total 2796224K, used 103489K [0x0000000715550000, 0x00000007c0000000, 0x00000007c0000000)
   the space 2796224K,   3% used [0x0000000715550000, 0x000000071ba60798, 0x000000071ba60800, 0x00000007c0000000)
 Metaspace       used 2533K, capacity 4486K, committed 4864K, reserved 1056768K
  class space    used 273K, capacity 386K, committed 512K, reserved 1048576K
开始执行.......
0.899: [GC (Allocation Failure) 0.899: [DefNew: 1118528K->139775K(1258304K), 0.2181724 secs] 1118528K->238075K(4054528K), 0.2183164 secs] [Times: user=0.08 sys=0.13, real=0.22 secs] 
执行结束。共生成对象次数:4210
Heap
 def new generation   total 1258304K, used 173628K [0x00000006c0000000, 0x0000000715550000, 0x0000000715550000)
  eden space 1118528K,   3% used [0x00000006c0000000, 0x00000006c210f2c0, 0x0000000704450000)
  from space 139776K,  99% used [0x000000070ccd0000, 0x000000071554fff8, 0x0000000715550000)
  to   space 139776K,   0% used [0x0000000704450000, 0x0000000704450000, 0x000000070ccd0000)
 tenured generation   total 2796224K, used 98299K [0x0000000715550000, 0x00000007c0000000, 0x00000007c0000000)
   the space 2796224K,   3% used [0x0000000715550000, 0x000000071b54efe8, 0x000000071b54f000, 0x00000007c0000000)
 Metaspace       used 2533K, capacity 4486K, committed 4864K, reserved 1056768K
  class space    used 273K, capacity 386K, committed 512K, reserved 1048576K
开始执行.......
0.889: [GC (Allocation Failure) 0.889: [DefNew: 1118528K->139776K(1258304K), 0.1991300 secs] 1118528K->241413K(4054528K), 0.1992459 secs] [Times: user=0.07 sys=0.12, real=0.20 secs] 
执行结束。共生成对象次数:4488
Heap
 def new generation   total 1258304K, used 241685K [0x00000006c0000000, 0x0000000715550000, 0x0000000715550000)
  eden space 1118528K,   9% used [0x00000006c0000000, 0x00000006c6385418, 0x0000000704450000)
  from space 139776K, 100% used [0x000000070ccd0000, 0x0000000715550000, 0x0000000715550000)
  to   space 139776K,   0% used [0x0000000704450000, 0x0000000704450000, 0x000000070ccd0000)
 tenured generation   total 2796224K, used 101637K [0x0000000715550000, 0x00000007c0000000, 0x00000007c0000000)
   the space 2796224K,   3% used [0x0000000715550000, 0x000000071b891688, 0x000000071b891800, 0x00000007c0000000)
 Metaspace       used 2533K, capacity 4486K, committed 4864K, reserved 1056768K
  class space    used 273K, capacity 386K, committed 512K, reserved 1048576K
开始执行.......
0.907: [GC (Allocation Failure) 0.907: [DefNew: 1118528K->139776K(1258304K), 0.1910379 secs] 1118528K->228399K(4054528K), 0.1911535 secs] [Times: user=0.06 sys=0.13, real=0.19 secs] 
执行结束。共生成对象次数:4356
Heap
 def new generation   total 1258304K, used 217641K [0x00000006c0000000, 0x0000000715550000, 0x0000000715550000)
  eden space 1118528K,   6% used [0x00000006c0000000, 0x00000006c4c0a5e0, 0x0000000704450000)
  from space 139776K, 100% used [0x000000070ccd0000, 0x0000000715550000, 0x0000000715550000)
  to   space 139776K,   0% used [0x0000000704450000, 0x0000000704450000, 0x000000070ccd0000)
 tenured generation   total 2796224K, used 88623K [0x0000000715550000, 0x00000007c0000000, 0x00000007c0000000)
   the space 2796224K,   3% used [0x0000000715550000, 0x000000071abdbda8, 0x000000071abdbe00, 0x00000007c0000000)
 Metaspace       used 2533K, capacity 4486K, committed 4864K, reserved 1056768K
  class space    used 273K, capacity 386K, committed 512K, reserved 1048576K
开始执行.......
0.882: [GC (Allocation Failure) 0.882: [DefNew: 1118528K->139776K(1258304K), 0.1530702 secs] 1118528K->249621K(4054528K), 0.1531771 secs] [Times: user=0.06 sys=0.10, real=0.16 secs] 
执行结束。共生成对象次数:5311
Heap
 def new generation   total 1258304K, used 467417K [0x00000006c0000000, 0x0000000715550000, 0x0000000715550000)
  eden space 1118528K,  29% used [0x00000006c0000000, 0x00000006d3ff6468, 0x0000000704450000)
  from space 139776K, 100% used [0x000000070ccd0000, 0x0000000715550000, 0x0000000715550000)
  to   space 139776K,   0% used [0x0000000704450000, 0x0000000704450000, 0x000000070ccd0000)
 tenured generation   total 2796224K, used 109845K [0x0000000715550000, 0x00000007c0000000, 0x00000007c0000000)
   the space 2796224K,   3% used [0x0000000715550000, 0x000000071c095670, 0x000000071c095800, 0x00000007c0000000)
 Metaspace       used 2533K, capacity 4486K, committed 4864K, reserved 1056768K
  class space    used 273K, capacity 386K, committed 512K, reserved 1048576K
开始执行.......
0.836: [GC (Allocation Failure) 0.836: [DefNew: 1118528K->139775K(1258304K), 0.1537770 secs] 1118528K->236099K(4054528K), 0.1538569 secs] [Times: user=0.05 sys=0.11, real=0.15 secs] 
执行结束。共生成对象次数:5593
Heap
 def new generation   total 1258304K, used 553791K [0x00000006c0000000, 0x0000000715550000, 0x0000000715550000)
  eden space 1118528K,  37% used [0x00000006c0000000, 0x00000006d944ff48, 0x0000000704450000)
  from space 139776K,  99% used [0x000000070ccd0000, 0x000000071554fff8, 0x0000000715550000)
  to   space 139776K,   0% used [0x0000000704450000, 0x0000000704450000, 0x000000070ccd0000)
 tenured generation   total 2796224K, used 96323K [0x0000000715550000, 0x00000007c0000000, 0x00000007c0000000)
   the space 2796224K,   3% used [0x0000000715550000, 0x000000071b360e18, 0x000000071b361000, 0x00000007c0000000)
 Metaspace       used 2533K, capacity 4486K, committed 4864K, reserved 1056768K
  class space    used 273K, capacity 386K, committed 512K, reserved 1048576K
