开始执行.......
0.839: [GC (Allocation Failure) [PSYoungGen: 1048576K->174586K(1223168K)] 1048576K->244371K(4019712K), 0.0525775 secs] [Times: user=0.26 sys=0.62, real=0.05 secs] 
执行结束。共生成对象次数:6736
Heap
 PSYoungGen      total 1223168K, used 961395K [0x000000076ab00000, 0x00000007c0000000, 0x00000007c0000000)
  eden space 1048576K, 75% used [0x000000076ab00000,0x000000079ab5e310,0x00000007aab00000)
  from space 174592K, 99% used [0x00000007aab00000,0x00000007b557e918,0x00000007b5580000)
  to   space 174592K, 0% used [0x00000007b5580000,0x00000007b5580000,0x00000007c0000000)
 ParOldGen       total 2796544K, used 69785K [0x00000006c0000000, 0x000000076ab00000, 0x000000076ab00000)
  object space 2796544K, 2% used [0x00000006c0000000,0x00000006c4426568,0x000000076ab00000)
 Metaspace       used 2533K, capacity 4486K, committed 4864K, reserved 1056768K
  class space    used 273K, capacity 386K, committed 512K, reserved 1048576K
开始执行.......
0.799: [GC (Allocation Failure) [PSYoungGen: 1048576K->174588K(1223168K)] 1048576K->233776K(4019712K), 0.0506633 secs] [Times: user=0.27 sys=0.62, real=0.05 secs] 
执行结束。共生成对象次数:6824
Heap
 PSYoungGen      total 1223168K, used 947411K [0x000000076ab00000, 0x00000007c0000000, 0x00000007c0000000)
  eden space 1048576K, 73% used [0x000000076ab00000,0x0000000799db5cf8,0x00000007aab00000)
  from space 174592K, 99% used [0x00000007aab00000,0x00000007b557f158,0x00000007b5580000)
  to   space 174592K, 0% used [0x00000007b5580000,0x00000007b5580000,0x00000007c0000000)
 ParOldGen       total 2796544K, used 59187K [0x00000006c0000000, 0x000000076ab00000, 0x000000076ab00000)
  object space 2796544K, 2% used [0x00000006c0000000,0x00000006c39ccf80,0x000000076ab00000)
 Metaspace       used 2533K, capacity 4486K, committed 4864K, reserved 1056768K
  class space    used 273K, capacity 386K, committed 512K, reserved 1048576K
开始执行.......
0.851: [GC (Allocation Failure) [PSYoungGen: 1048576K->174589K(1223168K)] 1048576K->238432K(4019712K), 0.0510503 secs] [Times: user=0.30 sys=0.57, real=0.05 secs] 
执行结束。共生成对象次数:6675
Heap
 PSYoungGen      total 1223168K, used 920737K [0x000000076ab00000, 0x00000007c0000000, 0x00000007c0000000)
  eden space 1048576K, 71% used [0x000000076ab00000,0x00000007983a8eb8,0x00000007aab00000)
  from space 174592K, 99% used [0x00000007aab00000,0x00000007b557f6a8,0x00000007b5580000)
  to   space 174592K, 0% used [0x00000007b5580000,0x00000007b5580000,0x00000007c0000000)
 ParOldGen       total 2796544K, used 63843K [0x00000006c0000000, 0x000000076ab00000, 0x000000076ab00000)
  object space 2796544K, 2% used [0x00000006c0000000,0x00000006c3e58ca0,0x000000076ab00000)
 Metaspace       used 2533K, capacity 4486K, committed 4864K, reserved 1056768K
  class space    used 273K, capacity 386K, committed 512K, reserved 1048576K
开始执行.......
0.816: [GC (Allocation Failure) [PSYoungGen: 1048576K->174583K(1223168K)] 1048576K->232476K(4019712K), 0.0501501 secs] [Times: user=0.33 sys=0.52, real=0.05 secs] 
执行结束。共生成对象次数:6431
Heap
 PSYoungGen      total 1223168K, used 880495K [0x000000076ab00000, 0x00000007c0000000, 0x00000007c0000000)
  eden space 1048576K, 67% used [0x000000076ab00000,0x0000000795c5e188,0x00000007aab00000)
  from space 174592K, 99% used [0x00000007aab00000,0x00000007b557dcb8,0x00000007b5580000)
  to   space 174592K, 0% used [0x00000007b5580000,0x00000007b5580000,0x00000007c0000000)
 ParOldGen       total 2796544K, used 57893K [0x00000006c0000000, 0x000000076ab00000, 0x000000076ab00000)
  object space 2796544K, 2% used [0x00000006c0000000,0x00000006c3889558,0x000000076ab00000)
 Metaspace       used 2533K, capacity 4486K, committed 4864K, reserved 1056768K
  class space    used 273K, capacity 386K, committed 512K, reserved 1048576K
开始执行.......
0.852: [GC (Allocation Failure) [PSYoungGen: 1048576K->174590K(1223168K)] 1048576K->233325K(4019712K), 0.0505743 secs] [Times: user=0.25 sys=0.64, real=0.05 secs] 
执行结束。共生成对象次数:6724
Heap
 PSYoungGen      total 1223168K, used 909062K [0x000000076ab00000, 0x00000007c0000000, 0x00000007c0000000)
  eden space 1048576K, 70% used [0x000000076ab00000,0x0000000797841f38,0x00000007aab00000)
  from space 174592K, 99% used [0x00000007aab00000,0x00000007b557f978,0x00000007b5580000)
  to   space 174592K, 0% used [0x00000007b5580000,0x00000007b5580000,0x00000007c0000000)
 ParOldGen       total 2796544K, used 58735K [0x00000006c0000000, 0x000000076ab00000, 0x000000076ab00000)
  object space 2796544K, 2% used [0x00000006c0000000,0x00000006c395bd18,0x000000076ab00000)
 Metaspace       used 2533K, capacity 4486K, committed 4864K, reserved 1056768K
  class space    used 273K, capacity 386K, committed 512K, reserved 1048576K
开始执行.......
0.857: [GC (Allocation Failure) [PSYoungGen: 1048576K->174579K(1223168K)] 1048576K->238954K(4019712K), 0.0500785 secs] [Times: user=0.34 sys=0.52, real=0.05 secs] 
执行结束。共生成对象次数:6514
Heap
 PSYoungGen      total 1223168K, used 900883K [0x000000076ab00000, 0x00000007c0000000, 0x00000007c0000000)
  eden space 1048576K, 69% used [0x000000076ab00000,0x0000000797047eb8,0x00000007aab00000)
  from space 174592K, 99% used [0x00000007aab00000,0x00000007b557ce18,0x00000007b5580000)
  to   space 174592K, 0% used [0x00000007b5580000,0x00000007b5580000,0x00000007c0000000)
 ParOldGen       total 2796544K, used 64374K [0x00000006c0000000, 0x000000076ab00000, 0x000000076ab00000)
  object space 2796544K, 2% used [0x00000006c0000000,0x00000006c3eddb80,0x000000076ab00000)
 Metaspace       used 2533K, capacity 4486K, committed 4864K, reserved 1056768K
  class space    used 273K, capacity 386K, committed 512K, reserved 1048576K
开始执行.......
0.876: [GC (Allocation Failure) [PSYoungGen: 1048576K->174587K(1223168K)] 1048576K->229504K(4019712K), 0.0399954 secs] [Times: user=0.18 sys=0.49, real=0.04 secs] 
执行结束。共生成对象次数:5161
Heap
 PSYoungGen      total 1223168K, used 564122K [0x000000076ab00000, 0x00000007c0000000, 0x00000007c0000000)
  eden space 1048576K, 37% used [0x000000076ab00000,0x0000000782767f50,0x00000007aab00000)
  from space 174592K, 99% used [0x00000007aab00000,0x00000007b557ec08,0x00000007b5580000)
  to   space 174592K, 0% used [0x00000007b5580000,0x00000007b5580000,0x00000007c0000000)
 ParOldGen       total 2796544K, used 54917K [0x00000006c0000000, 0x000000076ab00000, 0x000000076ab00000)
  object space 2796544K, 1% used [0x00000006c0000000,0x00000006c35a1720,0x000000076ab00000)
 Metaspace       used 2533K, capacity 4486K, committed 4864K, reserved 1056768K
  class space    used 273K, capacity 386K, committed 512K, reserved 1048576K
开始执行.......
0.846: [GC (Allocation Failure) [PSYoungGen: 1048576K->174576K(1223168K)] 1048576K->244060K(4019712K), 0.0509994 secs] [Times: user=0.32 sys=0.50, real=0.06 secs] 
执行结束。共生成对象次数:6738
Heap
 PSYoungGen      total 1223168K, used 940444K [0x000000076ab00000, 0x00000007c0000000, 0x00000007c0000000)
  eden space 1048576K, 73% used [0x000000076ab00000,0x00000007996eb050,0x00000007aab00000)
  from space 174592K, 99% used [0x00000007aab00000,0x00000007b557c358,0x00000007b5580000)
  to   space 174592K, 0% used [0x00000007b5580000,0x00000007b5580000,0x00000007c0000000)
 ParOldGen       total 2796544K, used 69483K [0x00000006c0000000, 0x000000076ab00000, 0x000000076ab00000)
  object space 2796544K, 2% used [0x00000006c0000000,0x00000006c43dad08,0x000000076ab00000)
 Metaspace       used 2533K, capacity 4486K, committed 4864K, reserved 1056768K
  class space    used 273K, capacity 386K, committed 512K, reserved 1048576K
开始执行.......
0.831: [GC (Allocation Failure) [PSYoungGen: 1048576K->174591K(1223168K)] 1048576K->230416K(4019712K), 0.0510062 secs] [Times: user=0.26 sys=0.64, real=0.06 secs] 
执行结束。共生成对象次数:7033
Heap
 PSYoungGen      total 1223168K, used 1006549K [0x000000076ab00000, 0x00000007c0000000, 0x00000007c0000000)
  eden space 1048576K, 79% used [0x000000076ab00000,0x000000079d7758f8,0x00000007aab00000)
  from space 174592K, 99% used [0x00000007aab00000,0x00000007b557fd00,0x00000007b5580000)
  to   space 174592K, 0% used [0x00000007b5580000,0x00000007b5580000,0x00000007c0000000)
 ParOldGen       total 2796544K, used 55825K [0x00000006c0000000, 0x000000076ab00000, 0x000000076ab00000)
  object space 2796544K, 1% used [0x00000006c0000000,0x00000006c3684418,0x000000076ab00000)
 Metaspace       used 2533K, capacity 4486K, committed 4864K, reserved 1056768K
  class space    used 273K, capacity 386K, committed 512K, reserved 1048576K
开始执行.......
0.841: [GC (Allocation Failure) [PSYoungGen: 1048576K->174577K(1223168K)] 1048576K->245526K(4019712K), 0.0522045 secs] [Times: user=0.28 sys=0.61, real=0.05 secs] 
执行结束。共生成对象次数:6738
Heap
 PSYoungGen      total 1223168K, used 963826K [0x000000076ab00000, 0x00000007c0000000, 0x00000007c0000000)
  eden space 1048576K, 75% used [0x000000076ab00000,0x000000079adc0408,0x00000007aab00000)
  from space 174592K, 99% used [0x00000007aab00000,0x00000007b557c4c8,0x00000007b5580000)
  to   space 174592K, 0% used [0x00000007b5580000,0x00000007b5580000,0x00000007c0000000)
 ParOldGen       total 2796544K, used 70949K [0x00000006c0000000, 0x000000076ab00000, 0x000000076ab00000)
  object space 2796544K, 2% used [0x00000006c0000000,0x00000006c4549538,0x000000076ab00000)
 Metaspace       used 2533K, capacity 4486K, committed 4864K, reserved 1056768K
  class space    used 273K, capacity 386K, committed 512K, reserved 1048576K
