开始执行.......
0.328: [GC pause (G1 Evacuation Pause) (young), 0.0189939 secs]
   [Parallel Time: 16.8 ms, GC Workers: 18]
      [GC Worker Start (ms): Min: 328.4, Avg: 333.9, Max: 341.2, Diff: 12.8]
      [Ext Root Scanning (ms): Min: 0.0, Avg: 0.2, Max: 0.6, Diff: 0.6, Sum: 3.0]
      [Update RS (ms): Min: 0.0, Avg: 0.0, Max: 0.0, Diff: 0.0, Sum: 0.1]
         [Processed Buffers: Min: 0, Avg: 0.0, Max: 0, Diff: 0, Sum: 0]
      [Scan RS (ms): Min: 0.0, Avg: 0.0, Max: 0.1, Diff: 0.1, Sum: 0.6]
      [Code Root Scanning (ms): Min: 0.0, Avg: 0.0, Max: 0.1, Diff: 0.1, Sum: 0.1]
      [Object Copy (ms): Min: 1.2, Avg: 8.3, Max: 13.6, Diff: 12.3, Sum: 149.6]
      [Termination (ms): Min: 0.0, Avg: 2.3, Max: 2.8, Diff: 2.8, Sum: 41.9]
         [Termination Attempts: Min: 1, Avg: 1.0, Max: 1, Diff: 0, Sum: 18]
      [GC Worker Other (ms): Min: 0.0, Avg: 0.0, Max: 0.1, Diff: 0.1, Sum: 0.7]
      [GC Worker Total (ms): Min: 3.6, Avg: 10.9, Max: 16.4, Diff: 12.8, Sum: 196.0]
      [GC Worker End (ms): Min: 344.8, Avg: 344.8, Max: 344.9, Diff: 0.0]
   [Code Root Fixup: 0.0 ms]
   [Code Root Purge: 0.0 ms]
   [Clear CT: 0.3 ms]
   [Other: 1.9 ms]
      [Choose CSet: 0.0 ms]
      [Ref Proc: 0.5 ms]
      [Ref Enq: 0.0 ms]
      [Redirty Cards: 0.3 ms]
      [Humongous Register: 0.2 ms]
      [Humongous Reclaim: 0.0 ms]
      [Free CSet: 0.2 ms]
   [Eden: 204.0M(204.0M)->0.0B(178.0M) Survivors: 0.0B->26.0M Heap: 204.0M(4096.0M)->65.1M(4096.0M)]
 [Times: user=0.10 sys=0.09, real=0.02 secs] 
0.406: [GC pause (G1 Evacuation Pause) (young), 0.0231010 secs]
   [Parallel Time: 21.5 ms, GC Workers: 18]
      [GC Worker Start (ms): Min: 405.8, Avg: 406.2, Max: 406.4, Diff: 0.6]
      [Ext Root Scanning (ms): Min: 0.0, Avg: 0.2, Max: 0.5, Diff: 0.5, Sum: 3.4]
      [Update RS (ms): Min: 0.0, Avg: 0.0, Max: 0.0, Diff: 0.0, Sum: 0.2]
         [Processed Buffers: Min: 0, Avg: 0.6, Max: 3, Diff: 3, Sum: 11]
      [Scan RS (ms): Min: 0.0, Avg: 0.0, Max: 0.1, Diff: 0.1, Sum: 0.8]
      [Code Root Scanning (ms): Min: 0.0, Avg: 0.0, Max: 0.1, Diff: 0.1, Sum: 0.1]
      [Object Copy (ms): Min: 19.7, Avg: 20.1, Max: 20.7, Diff: 1.0, Sum: 361.6]
      [Termination (ms): Min: 0.0, Avg: 0.5, Max: 0.9, Diff: 0.9, Sum: 9.9]
         [Termination Attempts: Min: 1, Avg: 1.0, Max: 1, Diff: 0, Sum: 18]
      [GC Worker Other (ms): Min: 0.0, Avg: 0.0, Max: 0.1, Diff: 0.1, Sum: 0.4]
      [GC Worker Total (ms): Min: 20.6, Avg: 20.9, Max: 21.3, Diff: 0.7, Sum: 376.3]
      [GC Worker End (ms): Min: 427.0, Avg: 427.1, Max: 427.1, Diff: 0.0]
   [Code Root Fixup: 0.0 ms]
   [Code Root Purge: 0.0 ms]
   [Clear CT: 0.2 ms]
   [Other: 1.3 ms]
      [Choose CSet: 0.0 ms]
      [Ref Proc: 0.3 ms]
      [Ref Enq: 0.0 ms]
      [Redirty Cards: 0.3 ms]
      [Humongous Register: 0.1 ms]
      [Humongous Reclaim: 0.0 ms]
      [Free CSet: 0.2 ms]
   [Eden: 178.0M(178.0M)->0.0B(178.0M) Survivors: 26.0M->26.0M Heap: 243.1M(4096.0M)->131.1M(4096.0M)]
 [Times: user=0.20 sys=0.18, real=0.03 secs] 
0.496: [GC pause (G1 Evacuation Pause) (young), 0.0203422 secs]
   [Parallel Time: 18.7 ms, GC Workers: 18]
      [GC Worker Start (ms): Min: 496.3, Avg: 496.7, Max: 497.0, Diff: 0.6]
      [Ext Root Scanning (ms): Min: 0.0, Avg: 0.2, Max: 0.5, Diff: 0.5, Sum: 2.8]
      [Update RS (ms): Min: 0.0, Avg: 0.2, Max: 1.4, Diff: 1.4, Sum: 2.7]
         [Processed Buffers: Min: 0, Avg: 1.1, Max: 2, Diff: 2, Sum: 19]
      [Scan RS (ms): Min: 0.0, Avg: 0.0, Max: 0.1, Diff: 0.1, Sum: 0.5]
      [Code Root Scanning (ms): Min: 0.0, Avg: 0.0, Max: 0.0, Diff: 0.0, Sum: 0.0]
      [Object Copy (ms): Min: 15.5, Avg: 17.2, Max: 17.7, Diff: 2.2, Sum: 309.3]
      [Termination (ms): Min: 0.0, Avg: 0.5, Max: 1.0, Diff: 1.0, Sum: 9.1]
         [Termination Attempts: Min: 1, Avg: 1.0, Max: 1, Diff: 0, Sum: 18]
      [GC Worker Other (ms): Min: 0.0, Avg: 0.0, Max: 0.1, Diff: 0.1, Sum: 0.4]
      [GC Worker Total (ms): Min: 17.7, Avg: 18.0, Max: 18.4, Diff: 0.6, Sum: 324.8]
      [GC Worker End (ms): Min: 514.7, Avg: 514.7, Max: 514.7, Diff: 0.0]
   [Code Root Fixup: 0.0 ms]
   [Code Root Purge: 0.0 ms]
   [Clear CT: 0.2 ms]
   [Other: 1.4 ms]
      [Choose CSet: 0.0 ms]
      [Ref Proc: 0.3 ms]
      [Ref Enq: 0.0 ms]
      [Redirty Cards: 0.3 ms]
      [Humongous Register: 0.0 ms]
      [Humongous Reclaim: 0.0 ms]
      [Free CSet: 0.2 ms]
   [Eden: 178.0M(178.0M)->0.0B(178.0M) Survivors: 26.0M->26.0M Heap: 309.1M(4096.0M)->196.9M(4096.0M)]
 [Times: user=0.18 sys=0.16, real=0.03 secs] 
0.574: [GC pause (G1 Evacuation Pause) (young), 0.0228635 secs]
   [Parallel Time: 21.3 ms, GC Workers: 18]
      [GC Worker Start (ms): Min: 573.9, Avg: 574.2, Max: 574.4, Diff: 0.4]
      [Ext Root Scanning (ms): Min: 0.0, Avg: 0.2, Max: 0.4, Diff: 0.4, Sum: 2.8]
      [Update RS (ms): Min: 0.0, Avg: 0.1, Max: 0.4, Diff: 0.4, Sum: 1.6]
         [Processed Buffers: Min: 0, Avg: 1.1, Max: 3, Diff: 3, Sum: 19]
      [Scan RS (ms): Min: 0.0, Avg: 0.0, Max: 0.0, Diff: 0.0, Sum: 0.5]
      [Code Root Scanning (ms): Min: 0.0, Avg: 0.0, Max: 0.0, Diff: 0.0, Sum: 0.0]
      [Object Copy (ms): Min: 19.7, Avg: 20.0, Max: 20.6, Diff: 0.9, Sum: 360.0]
      [Termination (ms): Min: 0.0, Avg: 0.5, Max: 0.8, Diff: 0.8, Sum: 9.7]
         [Termination Attempts: Min: 1, Avg: 1.0, Max: 1, Diff: 0, Sum: 18]
      [GC Worker Other (ms): Min: 0.0, Avg: 0.0, Max: 0.1, Diff: 0.1, Sum: 0.5]
      [GC Worker Total (ms): Min: 20.6, Avg: 20.8, Max: 21.1, Diff: 0.4, Sum: 375.1]
      [GC Worker End (ms): Min: 595.0, Avg: 595.0, Max: 595.0, Diff: 0.0]
   [Code Root Fixup: 0.0 ms]
   [Code Root Purge: 0.0 ms]
   [Clear CT: 0.3 ms]
   [Other: 1.2 ms]
      [Choose CSet: 0.0 ms]
      [Ref Proc: 0.3 ms]
      [Ref Enq: 0.0 ms]
      [Redirty Cards: 0.2 ms]
      [Humongous Register: 0.1 ms]
      [Humongous Reclaim: 0.0 ms]
      [Free CSet: 0.2 ms]
   [Eden: 178.0M(178.0M)->0.0B(178.0M) Survivors: 26.0M->26.0M Heap: 374.9M(4096.0M)->253.9M(4096.0M)]
 [Times: user=0.22 sys=0.15, real=0.03 secs] 
0.655: [GC pause (G1 Evacuation Pause) (young), 0.0182004 secs]
   [Parallel Time: 16.5 ms, GC Workers: 18]
      [GC Worker Start (ms): Min: 655.2, Avg: 655.5, Max: 655.7, Diff: 0.5]
      [Ext Root Scanning (ms): Min: 0.0, Avg: 0.1, Max: 0.4, Diff: 0.4, Sum: 2.3]
      [Update RS (ms): Min: 0.0, Avg: 0.1, Max: 0.2, Diff: 0.2, Sum: 1.5]
         [Processed Buffers: Min: 0, Avg: 1.1, Max: 2, Diff: 2, Sum: 19]
      [Scan RS (ms): Min: 0.0, Avg: 0.0, Max: 0.1, Diff: 0.1, Sum: 0.5]
      [Code Root Scanning (ms): Min: 0.0, Avg: 0.0, Max: 0.0, Diff: 0.0, Sum: 0.0]
      [Object Copy (ms): Min: 14.8, Avg: 15.2, Max: 15.8, Diff: 0.9, Sum: 273.3]
      [Termination (ms): Min: 0.0, Avg: 0.6, Max: 0.9, Diff: 0.9, Sum: 10.1]
         [Termination Attempts: Min: 1, Avg: 1.0, Max: 1, Diff: 0, Sum: 18]
      [GC Worker Other (ms): Min: 0.0, Avg: 0.0, Max: 0.1, Diff: 0.1, Sum: 0.5]
      [GC Worker Total (ms): Min: 15.8, Avg: 16.0, Max: 16.3, Diff: 0.5, Sum: 288.3]
      [GC Worker End (ms): Min: 671.5, Avg: 671.5, Max: 671.5, Diff: 0.0]
   [Code Root Fixup: 0.0 ms]
   [Code Root Purge: 0.0 ms]
   [Clear CT: 0.3 ms]
   [Other: 1.4 ms]
      [Choose CSet: 0.0 ms]
      [Ref Proc: 0.3 ms]
      [Ref Enq: 0.0 ms]
      [Redirty Cards: 0.3 ms]
      [Humongous Register: 0.1 ms]
      [Humongous Reclaim: 0.0 ms]
      [Free CSet: 0.2 ms]
   [Eden: 178.0M(178.0M)->0.0B(178.0M) Survivors: 26.0M->26.0M Heap: 431.9M(4096.0M)->314.8M(4096.0M)]
 [Times: user=0.15 sys=0.13, real=0.02 secs] 
0.729: [GC pause (G1 Evacuation Pause) (young), 0.0208480 secs]
   [Parallel Time: 19.3 ms, GC Workers: 18]
      [GC Worker Start (ms): Min: 728.7, Avg: 729.1, Max: 729.9, Diff: 1.2]
      [Ext Root Scanning (ms): Min: 0.0, Avg: 0.1, Max: 0.4, Diff: 0.4, Sum: 2.2]
      [Update RS (ms): Min: 0.0, Avg: 0.1, Max: 0.4, Diff: 0.4, Sum: 1.4]
         [Processed Buffers: Min: 0, Avg: 0.9, Max: 2, Diff: 2, Sum: 17]
      [Scan RS (ms): Min: 0.0, Avg: 0.0, Max: 0.1, Diff: 0.1, Sum: 0.6]
      [Code Root Scanning (ms): Min: 0.0, Avg: 0.0, Max: 0.0, Diff: 0.0, Sum: 0.0]
      [Object Copy (ms): Min: 17.4, Avg: 18.1, Max: 18.6, Diff: 1.2, Sum: 325.5]
      [Termination (ms): Min: 0.0, Avg: 0.4, Max: 0.8, Diff: 0.8, Sum: 7.4]
         [Termination Attempts: Min: 1, Avg: 1.0, Max: 1, Diff: 0, Sum: 18]
      [GC Worker Other (ms): Min: 0.0, Avg: 0.0, Max: 0.2, Diff: 0.1, Sum: 0.8]
      [GC Worker Total (ms): Min: 18.0, Avg: 18.8, Max: 19.2, Diff: 1.2, Sum: 337.9]
      [GC Worker End (ms): Min: 747.9, Avg: 747.9, Max: 747.9, Diff: 0.0]
   [Code Root Fixup: 0.0 ms]
   [Code Root Purge: 0.0 ms]
   [Clear CT: 0.2 ms]
   [Other: 1.3 ms]
      [Choose CSet: 0.0 ms]
      [Ref Proc: 0.2 ms]
      [Ref Enq: 0.0 ms]
      [Redirty Cards: 0.3 ms]
      [Humongous Register: 0.1 ms]
      [Humongous Reclaim: 0.0 ms]
      [Free CSet: 0.2 ms]
   [Eden: 178.0M(178.0M)->0.0B(178.0M) Survivors: 26.0M->26.0M Heap: 492.8M(4096.0M)->373.6M(4096.0M)]
 [Times: user=0.18 sys=0.17, real=0.02 secs] 
0.805: [GC pause (G1 Evacuation Pause) (young), 0.0173905 secs]
   [Parallel Time: 15.9 ms, GC Workers: 18]
      [GC Worker Start (ms): Min: 805.1, Avg: 805.3, Max: 805.5, Diff: 0.4]
      [Ext Root Scanning (ms): Min: 0.0, Avg: 0.1, Max: 0.3, Diff: 0.3, Sum: 2.5]
      [Update RS (ms): Min: 0.1, Avg: 0.1, Max: 0.2, Diff: 0.1, Sum: 1.9]
         [Processed Buffers: Min: 0, Avg: 1.0, Max: 2, Diff: 2, Sum: 18]
      [Scan RS (ms): Min: 0.0, Avg: 0.0, Max: 0.1, Diff: 0.1, Sum: 0.7]
      [Code Root Scanning (ms): Min: 0.0, Avg: 0.0, Max: 0.0, Diff: 0.0, Sum: 0.0]
      [Object Copy (ms): Min: 14.5, Avg: 14.7, Max: 15.1, Diff: 0.6, Sum: 265.2]
      [Termination (ms): Min: 0.0, Avg: 0.4, Max: 0.6, Diff: 0.6, Sum: 6.6]
         [Termination Attempts: Min: 1, Avg: 1.1, Max: 2, Diff: 1, Sum: 20]
      [GC Worker Other (ms): Min: 0.0, Avg: 0.0, Max: 0.1, Diff: 0.1, Sum: 0.6]
      [GC Worker Total (ms): Min: 15.2, Avg: 15.4, Max: 15.7, Diff: 0.4, Sum: 277.6]
      [GC Worker End (ms): Min: 820.7, Avg: 820.7, Max: 820.8, Diff: 0.1]
   [Code Root Fixup: 0.0 ms]
   [Code Root Purge: 0.0 ms]
   [Clear CT: 0.2 ms]
   [Other: 1.3 ms]
      [Choose CSet: 0.0 ms]
      [Ref Proc: 0.3 ms]
      [Ref Enq: 0.0 ms]
      [Redirty Cards: 0.3 ms]
      [Humongous Register: 0.0 ms]
      [Humongous Reclaim: 0.0 ms]
      [Free CSet: 0.2 ms]
   [Eden: 178.0M(178.0M)->0.0B(192.0M) Survivors: 26.0M->26.0M Heap: 551.6M(4096.0M)->432.3M(4096.0M)]
 [Times: user=0.15 sys=0.13, real=0.02 secs] 
0.883: [GC pause (G1 Evacuation Pause) (young), 0.0188305 secs]
   [Parallel Time: 17.3 ms, GC Workers: 18]
      [GC Worker Start (ms): Min: 883.6, Avg: 884.0, Max: 884.7, Diff: 1.2]
      [Ext Root Scanning (ms): Min: 0.0, Avg: 0.1, Max: 0.4, Diff: 0.4, Sum: 1.6]
      [Update RS (ms): Min: 0.0, Avg: 0.1, Max: 0.2, Diff: 0.2, Sum: 1.1]
         [Processed Buffers: Min: 0, Avg: 1.1, Max: 3, Diff: 3, Sum: 20]
      [Scan RS (ms): Min: 0.0, Avg: 0.0, Max: 0.1, Diff: 0.1, Sum: 0.7]
      [Code Root Scanning (ms): Min: 0.0, Avg: 0.0, Max: 0.0, Diff: 0.0, Sum: 0.0]
      [Object Copy (ms): Min: 15.5, Avg: 16.2, Max: 16.5, Diff: 1.0, Sum: 291.3]
      [Termination (ms): Min: 0.0, Avg: 0.2, Max: 0.4, Diff: 0.4, Sum: 3.5]
         [Termination Attempts: Min: 1, Avg: 1.0, Max: 1, Diff: 0, Sum: 18]
      [GC Worker Other (ms): Min: 0.0, Avg: 0.0, Max: 0.2, Diff: 0.2, Sum: 0.8]
      [GC Worker Total (ms): Min: 15.9, Avg: 16.6, Max: 17.1, Diff: 1.2, Sum: 299.0]
      [GC Worker End (ms): Min: 900.6, Avg: 900.6, Max: 900.7, Diff: 0.0]
   [Code Root Fixup: 0.0 ms]
   [Code Root Purge: 0.0 ms]
   [Clear CT: 0.2 ms]
   [Other: 1.3 ms]
      [Choose CSet: 0.0 ms]
      [Ref Proc: 0.3 ms]
      [Ref Enq: 0.0 ms]
      [Redirty Cards: 0.3 ms]
      [Humongous Register: 0.1 ms]
      [Humongous Reclaim: 0.0 ms]
      [Free CSet: 0.2 ms]
   [Eden: 192.0M(192.0M)->0.0B(268.0M) Survivors: 26.0M->28.0M Heap: 624.3M(4096.0M)->485.9M(4096.0M)]
 [Times: user=0.14 sys=0.17, real=0.02 secs] 
1.005: [GC pause (G1 Evacuation Pause) (young), 0.0223444 secs]
   [Parallel Time: 20.6 ms, GC Workers: 18]
      [GC Worker Start (ms): Min: 1005.2, Avg: 1005.5, Max: 1005.8, Diff: 0.6]
      [Ext Root Scanning (ms): Min: 0.0, Avg: 0.2, Max: 0.5, Diff: 0.5, Sum: 3.8]
      [Update RS (ms): Min: 0.0, Avg: 0.1, Max: 0.3, Diff: 0.3, Sum: 2.3]
         [Processed Buffers: Min: 0, Avg: 1.0, Max: 2, Diff: 2, Sum: 18]
      [Scan RS (ms): Min: 0.0, Avg: 0.0, Max: 0.1, Diff: 0.1, Sum: 0.8]
      [Code Root Scanning (ms): Min: 0.0, Avg: 0.0, Max: 0.0, Diff: 0.0, Sum: 0.0]
      [Object Copy (ms): Min: 18.8, Avg: 19.1, Max: 19.5, Diff: 0.7, Sum: 344.1]
      [Termination (ms): Min: 0.0, Avg: 0.4, Max: 0.7, Diff: 0.7, Sum: 6.6]
         [Termination Attempts: Min: 1, Avg: 1.0, Max: 1, Diff: 0, Sum: 18]
      [GC Worker Other (ms): Min: 0.0, Avg: 0.0, Max: 0.1, Diff: 0.0, Sum: 0.6]
      [GC Worker Total (ms): Min: 19.7, Avg: 19.9, Max: 20.2, Diff: 0.6, Sum: 358.2]
      [GC Worker End (ms): Min: 1025.4, Avg: 1025.4, Max: 1025.4, Diff: 0.0]
   [Code Root Fixup: 0.0 ms]
   [Code Root Purge: 0.0 ms]
   [Clear CT: 0.3 ms]
   [Other: 1.5 ms]
      [Choose CSet: 0.0 ms]
      [Ref Proc: 0.3 ms]
      [Ref Enq: 0.0 ms]
      [Redirty Cards: 0.3 ms]
      [Humongous Register: 0.1 ms]
      [Humongous Reclaim: 0.0 ms]
      [Free CSet: 0.3 ms]
   [Eden: 268.0M(268.0M)->0.0B(328.0M) Survivors: 28.0M->38.0M Heap: 753.9M(4096.0M)->562.7M(4096.0M)]
 [Times: user=0.10 sys=0.26, real=0.03 secs] 
1.142: [GC pause (G1 Evacuation Pause) (young), 0.0272677 secs]
   [Parallel Time: 25.2 ms, GC Workers: 18]
      [GC Worker Start (ms): Min: 1142.0, Avg: 1142.4, Max: 1142.7, Diff: 0.7]
      [Ext Root Scanning (ms): Min: 0.0, Avg: 0.2, Max: 0.5, Diff: 0.5, Sum: 3.2]
      [Update RS (ms): Min: 0.0, Avg: 0.1, Max: 0.3, Diff: 0.3, Sum: 2.6]
         [Processed Buffers: Min: 0, Avg: 1.0, Max: 3, Diff: 3, Sum: 18]
      [Scan RS (ms): Min: 0.0, Avg: 0.1, Max: 0.1, Diff: 0.1, Sum: 1.0]
      [Code Root Scanning (ms): Min: 0.0, Avg: 0.0, Max: 0.0, Diff: 0.0, Sum: 0.0]
      [Object Copy (ms): Min: 23.1, Avg: 23.4, Max: 24.0, Diff: 0.9, Sum: 421.5]
      [Termination (ms): Min: 0.0, Avg: 0.7, Max: 1.0, Diff: 1.0, Sum: 11.9]
         [Termination Attempts: Min: 1, Avg: 1.0, Max: 1, Diff: 0, Sum: 18]
      [GC Worker Other (ms): Min: 0.0, Avg: 0.0, Max: 0.1, Diff: 0.0, Sum: 0.5]
      [GC Worker Total (ms): Min: 24.2, Avg: 24.5, Max: 24.9, Diff: 0.7, Sum: 440.7]
      [GC Worker End (ms): Min: 1166.8, Avg: 1166.9, Max: 1166.9, Diff: 0.0]
   [Code Root Fixup: 0.0 ms]
   [Code Root Purge: 0.0 ms]
   [Clear CT: 0.3 ms]
   [Other: 1.7 ms]
      [Choose CSet: 0.0 ms]
      [Ref Proc: 0.4 ms]
      [Ref Enq: 0.0 ms]
      [Redirty Cards: 0.3 ms]
      [Humongous Register: 0.1 ms]
      [Humongous Reclaim: 0.0 ms]
      [Free CSet: 0.4 ms]
   [Eden: 328.0M(328.0M)->0.0B(346.0M) Survivors: 38.0M->46.0M Heap: 890.7M(4096.0M)->655.8M(4096.0M)]
 [Times: user=0.15 sys=0.29, real=0.03 secs] 
1.300: [GC pause (G1 Evacuation Pause) (young), 0.0309667 secs]
   [Parallel Time: 28.7 ms, GC Workers: 18]
      [GC Worker Start (ms): Min: 1300.6, Avg: 1301.0, Max: 1301.3, Diff: 0.8]
      [Ext Root Scanning (ms): Min: 0.0, Avg: 0.3, Max: 0.6, Diff: 0.6, Sum: 4.6]
      [Update RS (ms): Min: 0.0, Avg: 0.2, Max: 0.4, Diff: 0.4, Sum: 3.1]
         [Processed Buffers: Min: 0, Avg: 1.1, Max: 2, Diff: 2, Sum: 19]
      [Scan RS (ms): Min: 0.0, Avg: 0.1, Max: 0.2, Diff: 0.2, Sum: 1.3]
      [Code Root Scanning (ms): Min: 0.0, Avg: 0.0, Max: 0.0, Diff: 0.0, Sum: 0.0]
      [Object Copy (ms): Min: 26.4, Avg: 26.8, Max: 27.4, Diff: 1.0, Sum: 481.7]
      [Termination (ms): Min: 0.0, Avg: 0.7, Max: 1.0, Diff: 1.0, Sum: 12.2]
         [Termination Attempts: Min: 1, Avg: 1.0, Max: 1, Diff: 0, Sum: 18]
      [GC Worker Other (ms): Min: 0.0, Avg: 0.1, Max: 0.2, Diff: 0.1, Sum: 1.0]
      [GC Worker Total (ms): Min: 27.6, Avg: 28.0, Max: 28.4, Diff: 0.8, Sum: 503.8]
      [GC Worker End (ms): Min: 1328.9, Avg: 1329.0, Max: 1329.0, Diff: 0.1]
   [Code Root Fixup: 0.0 ms]
   [Code Root Purge: 0.0 ms]
   [Clear CT: 0.3 ms]
   [Other: 1.9 ms]
      [Choose CSet: 0.0 ms]
      [Ref Proc: 0.4 ms]
      [Ref Enq: 0.0 ms]
      [Redirty Cards: 0.5 ms]
      [Humongous Register: 0.1 ms]
      [Humongous Reclaim: 0.0 ms]
      [Free CSet: 0.4 ms]
   [Eden: 346.0M(346.0M)->0.0B(404.0M) Survivors: 46.0M->50.0M Heap: 1001.8M(4096.0M)->746.2M(4096.0M)]
 [Times: user=0.20 sys=0.31, real=0.03 secs] 
1.468: [GC pause (G1 Evacuation Pause) (young), 0.0305522 secs]
   [Parallel Time: 28.5 ms, GC Workers: 18]
      [GC Worker Start (ms): Min: 1468.4, Avg: 1468.8, Max: 1469.1, Diff: 0.6]
      [Ext Root Scanning (ms): Min: 0.0, Avg: 0.1, Max: 0.4, Diff: 0.4, Sum: 2.6]
      [Update RS (ms): Min: 0.0, Avg: 0.1, Max: 0.2, Diff: 0.2, Sum: 2.1]
         [Processed Buffers: Min: 0, Avg: 1.1, Max: 2, Diff: 2, Sum: 19]
      [Scan RS (ms): Min: 0.0, Avg: 0.1, Max: 0.1, Diff: 0.1, Sum: 1.0]
      [Code Root Scanning (ms): Min: 0.0, Avg: 0.0, Max: 0.0, Diff: 0.0, Sum: 0.0]
      [Object Copy (ms): Min: 26.6, Avg: 27.1, Max: 27.5, Diff: 0.9, Sum: 487.6]
      [Termination (ms): Min: 0.0, Avg: 0.4, Max: 0.9, Diff: 0.9, Sum: 8.0]
         [Termination Attempts: Min: 1, Avg: 1.0, Max: 1, Diff: 0, Sum: 18]
      [GC Worker Other (ms): Min: 0.0, Avg: 0.0, Max: 0.1, Diff: 0.1, Sum: 0.6]
      [GC Worker Total (ms): Min: 27.6, Avg: 27.9, Max: 28.2, Diff: 0.6, Sum: 501.9]
      [GC Worker End (ms): Min: 1496.6, Avg: 1496.6, Max: 1496.7, Diff: 0.1]
   [Code Root Fixup: 0.0 ms]
   [Code Root Purge: 0.0 ms]
   [Clear CT: 0.3 ms]
   [Other: 1.7 ms]
      [Choose CSet: 0.0 ms]
      [Ref Proc: 0.3 ms]
      [Ref Enq: 0.0 ms]
      [Redirty Cards: 0.3 ms]
      [Humongous Register: 0.1 ms]
      [Humongous Reclaim: 0.0 ms]
      [Free CSet: 0.4 ms]
   [Eden: 404.0M(404.0M)->0.0B(506.0M) Survivors: 50.0M->58.0M Heap: 1150.2M(4096.0M)->856.7M(4096.0M)]
 [Times: user=0.15 sys=0.35, real=0.03 secs] 
1.683: [GC pause (G1 Evacuation Pause) (young), 0.0323669 secs]
   [Parallel Time: 30.2 ms, GC Workers: 18]
      [GC Worker Start (ms): Min: 1683.1, Avg: 1683.6, Max: 1683.9, Diff: 0.8]
      [Ext Root Scanning (ms): Min: 0.0, Avg: 0.2, Max: 0.6, Diff: 0.6, Sum: 3.0]
      [Update RS (ms): Min: 0.0, Avg: 0.1, Max: 0.2, Diff: 0.2, Sum: 2.4]
         [Processed Buffers: Min: 0, Avg: 1.1, Max: 2, Diff: 2, Sum: 19]
      [Scan RS (ms): Min: 0.0, Avg: 0.1, Max: 0.1, Diff: 0.1, Sum: 1.7]
      [Code Root Scanning (ms): Min: 0.0, Avg: 0.0, Max: 0.0, Diff: 0.0, Sum: 0.0]
      [Object Copy (ms): Min: 28.0, Avg: 28.5, Max: 29.0, Diff: 1.0, Sum: 513.4]
      [Termination (ms): Min: 0.0, Avg: 0.5, Max: 1.0, Diff: 1.0, Sum: 9.1]
         [Termination Attempts: Min: 1, Avg: 1.0, Max: 1, Diff: 0, Sum: 18]
      [GC Worker Other (ms): Min: 0.0, Avg: 0.0, Max: 0.1, Diff: 0.1, Sum: 0.7]
      [GC Worker Total (ms): Min: 29.1, Avg: 29.5, Max: 29.9, Diff: 0.8, Sum: 530.3]
      [GC Worker End (ms): Min: 1713.0, Avg: 1713.0, Max: 1713.1, Diff: 0.1]
   [Code Root Fixup: 0.0 ms]
   [Code Root Purge: 0.0 ms]
   [Clear CT: 0.5 ms]
   [Other: 1.7 ms]
      [Choose CSet: 0.0 ms]
      [Ref Proc: 0.3 ms]
      [Ref Enq: 0.0 ms]
      [Redirty Cards: 0.2 ms]
      [Humongous Register: 0.2 ms]
      [Humongous Reclaim: 0.0 ms]
      [Free CSet: 0.5 ms]
   [Eden: 506.0M(506.0M)->0.0B(584.0M) Survivors: 58.0M->72.0M Heap: 1362.7M(4096.0M)->969.4M(4096.0M)]
 [Times: user=0.15 sys=0.39, real=0.03 secs] 
1.900: [GC pause (G1 Evacuation Pause) (young), 0.0371535 secs]
   [Parallel Time: 35.0 ms, GC Workers: 18]
      [GC Worker Start (ms): Min: 1900.4, Avg: 1900.8, Max: 1901.1, Diff: 0.6]
      [Ext Root Scanning (ms): Min: 0.0, Avg: 0.2, Max: 0.5, Diff: 0.5, Sum: 3.2]
      [Update RS (ms): Min: 0.0, Avg: 0.1, Max: 0.3, Diff: 0.3, Sum: 2.5]
         [Processed Buffers: Min: 0, Avg: 1.0, Max: 2, Diff: 2, Sum: 18]
      [Scan RS (ms): Min: 0.0, Avg: 0.1, Max: 0.2, Diff: 0.2, Sum: 1.9]
      [Code Root Scanning (ms): Min: 0.0, Avg: 0.0, Max: 0.0, Diff: 0.0, Sum: 0.0]
      [Object Copy (ms): Min: 33.2, Avg: 33.5, Max: 33.9, Diff: 0.7, Sum: 602.2]
      [Termination (ms): Min: 0.0, Avg: 0.5, Max: 0.8, Diff: 0.8, Sum: 8.2]
         [Termination Attempts: Min: 1, Avg: 1.0, Max: 1, Diff: 0, Sum: 18]
      [GC Worker Other (ms): Min: 0.0, Avg: 0.0, Max: 0.1, Diff: 0.1, Sum: 0.8]
      [GC Worker Total (ms): Min: 34.1, Avg: 34.4, Max: 34.7, Diff: 0.7, Sum: 618.8]
      [GC Worker End (ms): Min: 1935.1, Avg: 1935.1, Max: 1935.2, Diff: 0.1]
   [Code Root Fixup: 0.0 ms]
   [Code Root Purge: 0.0 ms]
   [Clear CT: 0.5 ms]
   [Other: 1.7 ms]
      [Choose CSet: 0.0 ms]
      [Ref Proc: 0.3 ms]
      [Ref Enq: 0.0 ms]
      [Redirty Cards: 0.2 ms]
      [Humongous Register: 0.2 ms]
      [Humongous Reclaim: 0.0 ms]
      [Free CSet: 0.5 ms]
   [Eden: 584.0M(584.0M)->0.0B(668.0M) Survivors: 72.0M->82.0M Heap: 1553.4M(4096.0M)->1113.1M(4096.0M)]
 [Times: user=0.20 sys=0.42, real=0.04 secs] 
2.152: [GC pause (G1 Evacuation Pause) (young), 0.0432894 secs]
   [Parallel Time: 40.8 ms, GC Workers: 18]
      [GC Worker Start (ms): Min: 2151.8, Avg: 2152.2, Max: 2152.5, Diff: 0.7]
      [Ext Root Scanning (ms): Min: 0.0, Avg: 0.2, Max: 0.4, Diff: 0.4, Sum: 2.9]
      [Update RS (ms): Min: 0.0, Avg: 0.1, Max: 0.2, Diff: 0.2, Sum: 2.5]
         [Processed Buffers: Min: 0, Avg: 1.1, Max: 2, Diff: 2, Sum: 19]
      [Scan RS (ms): Min: 0.1, Avg: 0.1, Max: 0.2, Diff: 0.1, Sum: 2.6]
      [Code Root Scanning (ms): Min: 0.0, Avg: 0.0, Max: 0.0, Diff: 0.0, Sum: 0.0]
      [Object Copy (ms): Min: 38.8, Avg: 39.2, Max: 39.9, Diff: 1.1, Sum: 705.2]
      [Termination (ms): Min: 0.0, Avg: 0.7, Max: 1.1, Diff: 1.1, Sum: 13.2]
         [Termination Attempts: Min: 1, Avg: 1.0, Max: 1, Diff: 0, Sum: 18]
      [GC Worker Other (ms): Min: 0.0, Avg: 0.0, Max: 0.1, Diff: 0.1, Sum: 0.7]
      [GC Worker Total (ms): Min: 40.0, Avg: 40.4, Max: 40.7, Diff: 0.7, Sum: 727.1]
      [GC Worker End (ms): Min: 2192.5, Avg: 2192.6, Max: 2192.6, Diff: 0.1]
   [Code Root Fixup: 0.0 ms]
   [Code Root Purge: 0.0 ms]
   [Clear CT: 0.6 ms]
   [Other: 1.9 ms]
      [Choose CSet: 0.0 ms]
      [Ref Proc: 0.4 ms]
      [Ref Enq: 0.0 ms]
      [Redirty Cards: 0.3 ms]
      [Humongous Register: 0.1 ms]
      [Humongous Reclaim: 0.0 ms]
      [Free CSet: 0.7 ms]
   [Eden: 668.0M(668.0M)->0.0B(812.0M) Survivors: 82.0M->94.0M Heap: 1781.1M(4096.0M)->1275.4M(4096.0M)]
 [Times: user=0.19 sys=0.54, real=0.04 secs] 
2.474: [GC pause (G1 Evacuation Pause) (young), 0.0445653 secs]
   [Parallel Time: 42.2 ms, GC Workers: 18]
      [GC Worker Start (ms): Min: 2474.1, Avg: 2474.5, Max: 2474.8, Diff: 0.8]
      [Ext Root Scanning (ms): Min: 0.0, Avg: 0.3, Max: 0.7, Diff: 0.7, Sum: 5.0]
      [Update RS (ms): Min: 0.0, Avg: 0.2, Max: 0.3, Diff: 0.3, Sum: 3.4]
         [Processed Buffers: Min: 0, Avg: 1.1, Max: 2, Diff: 2, Sum: 19]
      [Scan RS (ms): Min: 0.0, Avg: 0.1, Max: 0.2, Diff: 0.2, Sum: 2.6]
      [Code Root Scanning (ms): Min: 0.0, Avg: 0.0, Max: 0.0, Diff: 0.0, Sum: 0.0]
      [Object Copy (ms): Min: 40.0, Avg: 40.4, Max: 40.8, Diff: 0.8, Sum: 727.9]
      [Termination (ms): Min: 0.0, Avg: 0.4, Max: 0.9, Diff: 0.9, Sum: 7.8]
         [Termination Attempts: Min: 1, Avg: 1.0, Max: 1, Diff: 0, Sum: 18]
      [GC Worker Other (ms): Min: 0.0, Avg: 0.1, Max: 0.1, Diff: 0.1, Sum: 0.9]
      [GC Worker Total (ms): Min: 41.2, Avg: 41.5, Max: 41.9, Diff: 0.7, Sum: 747.7]
      [GC Worker End (ms): Min: 2516.0, Avg: 2516.0, Max: 2516.1, Diff: 0.1]
   [Code Root Fixup: 0.0 ms]
   [Code Root Purge: 0.0 ms]
   [Clear CT: 0.6 ms]
   [Other: 1.8 ms]
      [Choose CSet: 0.0 ms]
      [Ref Proc: 0.3 ms]
      [Ref Enq: 0.0 ms]
      [Redirty Cards: 0.2 ms]
      [Humongous Register: 0.1 ms]
      [Humongous Reclaim: 0.0 ms]
      [Free CSet: 0.7 ms]
   [Eden: 812.0M(812.0M)->0.0B(1914.0M) Survivors: 94.0M->114.0M Heap: 2087.4M(4096.0M)->1430.7M(4096.0M)]
 [Times: user=0.20 sys=0.55, real=0.05 secs] 
3.680: [GC pause (G1 Evacuation Pause) (young), 0.1022455 secs]
   [Parallel Time: 98.1 ms, GC Workers: 18]
      [GC Worker Start (ms): Min: 3681.2, Avg: 3681.5, Max: 3681.8, Diff: 0.6]
      [Ext Root Scanning (ms): Min: 0.0, Avg: 0.2, Max: 0.5, Diff: 0.5, Sum: 3.4]
      [Update RS (ms): Min: 0.0, Avg: 0.2, Max: 0.3, Diff: 0.3, Sum: 3.6]
         [Processed Buffers: Min: 0, Avg: 1.1, Max: 2, Diff: 2, Sum: 19]
      [Scan RS (ms): Min: 0.2, Avg: 0.3, Max: 0.4, Diff: 0.2, Sum: 5.2]
      [Code Root Scanning (ms): Min: 0.0, Avg: 0.0, Max: 0.0, Diff: 0.0, Sum: 0.1]
      [Object Copy (ms): Min: 95.9, Avg: 96.3, Max: 96.8, Diff: 0.9, Sum: 1733.0]
      [Termination (ms): Min: 0.0, Avg: 0.5, Max: 0.8, Diff: 0.8, Sum: 8.7]
         [Termination Attempts: Min: 1, Avg: 1.1, Max: 2, Diff: 1, Sum: 19]
      [GC Worker Other (ms): Min: 0.0, Avg: 0.1, Max: 0.2, Diff: 0.2, Sum: 1.9]
      [GC Worker Total (ms): Min: 97.2, Avg: 97.5, Max: 97.8, Diff: 0.6, Sum: 1755.8]
      [GC Worker End (ms): Min: 3778.9, Avg: 3779.0, Max: 3779.1, Diff: 0.1]
   [Code Root Fixup: 0.0 ms]
   [Code Root Purge: 0.0 ms]
   [Clear CT: 1.0 ms]
   [Other: 3.2 ms]
      [Choose CSet: 0.0 ms]
      [Ref Proc: 0.3 ms]
      [Ref Enq: 0.0 ms]
      [Redirty Cards: 0.2 ms]
      [Humongous Register: 0.1 ms]
      [Humongous Reclaim: 0.0 ms]
      [Free CSet: 1.7 ms]
   [Eden: 1914.0M(1914.0M)->0.0B(1374.0M) Survivors: 114.0M->254.0M Heap: 3344.7M(4096.0M)->1671.3M(4096.0M)]
 [Times: user=0.47 sys=1.29, real=0.10 secs] 
4.304: [GC pause (G1 Evacuation Pause) (young), 0.0975692 secs]
   [Parallel Time: 94.5 ms, GC Workers: 18]
      [GC Worker Start (ms): Min: 4304.2, Avg: 4304.6, Max: 4304.9, Diff: 0.7]
      [Ext Root Scanning (ms): Min: 0.0, Avg: 0.2, Max: 0.5, Diff: 0.5, Sum: 3.3]
      [Update RS (ms): Min: 0.0, Avg: 0.5, Max: 1.1, Diff: 1.1, Sum: 9.9]
         [Processed Buffers: Min: 0, Avg: 1.1, Max: 2, Diff: 2, Sum: 19]
      [Scan RS (ms): Min: 0.1, Avg: 0.2, Max: 0.5, Diff: 0.4, Sum: 4.4]
      [Code Root Scanning (ms): Min: 0.0, Avg: 0.0, Max: 0.0, Diff: 0.0, Sum: 0.1]
      [Object Copy (ms): Min: 91.6, Avg: 92.3, Max: 93.0, Diff: 1.5, Sum: 1662.2]
      [Termination (ms): Min: 0.0, Avg: 0.5, Max: 1.0, Diff: 1.0, Sum: 9.5]
         [Termination Attempts: Min: 1, Avg: 1.0, Max: 1, Diff: 0, Sum: 18]
      [GC Worker Other (ms): Min: 0.0, Avg: 0.1, Max: 0.1, Diff: 0.1, Sum: 1.2]
      [GC Worker Total (ms): Min: 93.6, Avg: 93.9, Max: 94.3, Diff: 0.7, Sum: 1690.5]
      [GC Worker End (ms): Min: 4398.4, Avg: 4398.5, Max: 4398.6, Diff: 0.1]
   [Code Root Fixup: 0.0 ms]
   [Code Root Purge: 0.0 ms]
   [Clear CT: 0.7 ms]
   [Other: 2.4 ms]
      [Choose CSet: 0.0 ms]
      [Ref Proc: 0.3 ms]
      [Ref Enq: 0.0 ms]
      [Redirty Cards: 0.3 ms]
      [Humongous Register: 0.1 ms]
      [Humongous Reclaim: 0.0 ms]
      [Free CSet: 1.4 ms]
   [Eden: 1374.0M(1374.0M)->0.0B(1506.0M) Survivors: 254.0M->204.0M Heap: 3045.3M(4096.0M)->1773.7M(4096.0M)]
 [Times: user=0.77 sys=0.93, real=0.10 secs] 
4.946: [GC pause (G1 Evacuation Pause) (young), 0.0948158 secs]
   [Parallel Time: 91.5 ms, GC Workers: 18]
      [GC Worker Start (ms): Min: 4945.9, Avg: 4946.2, Max: 4946.5, Diff: 0.6]
      [Ext Root Scanning (ms): Min: 0.0, Avg: 0.2, Max: 0.4, Diff: 0.4, Sum: 2.9]
      [Update RS (ms): Min: 0.0, Avg: 0.4, Max: 1.7, Diff: 1.7, Sum: 7.4]
         [Processed Buffers: Min: 0, Avg: 1.1, Max: 2, Diff: 2, Sum: 19]
      [Scan RS (ms): Min: 0.1, Avg: 0.3, Max: 0.6, Diff: 0.5, Sum: 4.8]
      [Code Root Scanning (ms): Min: 0.0, Avg: 0.0, Max: 0.0, Diff: 0.0, Sum: 0.0]
      [Object Copy (ms): Min: 87.7, Avg: 89.4, Max: 90.2, Diff: 2.5, Sum: 1608.5]
      [Termination (ms): Min: 0.0, Avg: 0.6, Max: 1.1, Diff: 1.1, Sum: 11.5]
         [Termination Attempts: Min: 1, Avg: 1.0, Max: 1, Diff: 0, Sum: 18]
      [GC Worker Other (ms): Min: 0.0, Avg: 0.1, Max: 0.2, Diff: 0.1, Sum: 1.7]
      [GC Worker Total (ms): Min: 90.6, Avg: 90.9, Max: 91.3, Diff: 0.7, Sum: 1637.0]
      [GC Worker End (ms): Min: 5037.1, Avg: 5037.2, Max: 5037.2, Diff: 0.1]
   [Code Root Fixup: 0.0 ms]
   [Code Root Purge: 0.0 ms]
   [Clear CT: 0.8 ms]
   [Other: 2.5 ms]
      [Choose CSet: 0.0 ms]
      [Ref Proc: 0.3 ms]
      [Ref Enq: 0.0 ms]
      [Redirty Cards: 0.3 ms]
      [Humongous Register: 0.2 ms]
      [Humongous Reclaim: 0.0 ms]
      [Free CSet: 1.4 ms]
   [Eden: 1506.0M(1506.0M)->0.0B(1398.0M) Survivors: 204.0M->214.0M Heap: 3279.7M(4096.0M)->1929.3M(4096.0M)]
 [Times: user=0.88 sys=0.75, real=0.10 secs] 
执行结束。共生成对象次数:38652
Heap
 garbage-first heap   total 4194304K, used 2391317K [0x00000006c0000000, 0x00000006c0204000, 0x00000007c0000000)
  region size 2048K, 311 young (636928K), 107 survivors (219136K)
 Metaspace       used 2533K, capacity 4486K, committed 4864K, reserved 1056768K
  class space    used 273K, capacity 386K, committed 512K, reserved 1048576K
开始执行.......
0.296: [GC pause (G1 Evacuation Pause) (young), 0.0146143 secs]
   [Parallel Time: 12.8 ms, GC Workers: 18]
      [GC Worker Start (ms): Min: 296.9, Avg: 301.1, Max: 309.1, Diff: 12.2]
      [Ext Root Scanning (ms): Min: 0.0, Avg: 0.1, Max: 0.5, Diff: 0.5, Sum: 2.6]
      [Update RS (ms): Min: 0.0, Avg: 0.0, Max: 0.0, Diff: 0.0, Sum: 0.0]
         [Processed Buffers: Min: 0, Avg: 0.0, Max: 0, Diff: 0, Sum: 0]
      [Scan RS (ms): Min: 0.0, Avg: 0.0, Max: 0.1, Diff: 0.1, Sum: 0.4]
      [Code Root Scanning (ms): Min: 0.0, Avg: 0.0, Max: 0.1, Diff: 0.1, Sum: 0.1]
      [Object Copy (ms): Min: 0.0, Avg: 7.9, Max: 12.1, Diff: 12.1, Sum: 141.6]
      [Termination (ms): Min: 0.0, Avg: 0.3, Max: 0.5, Diff: 0.5, Sum: 5.9]
         [Termination Attempts: Min: 1, Avg: 1.0, Max: 1, Diff: 0, Sum: 18]
      [GC Worker Other (ms): Min: 0.0, Avg: 0.0, Max: 0.1, Diff: 0.1, Sum: 0.8]
      [GC Worker Total (ms): Min: 0.4, Avg: 8.4, Max: 12.6, Diff: 12.2, Sum: 151.4]
      [GC Worker End (ms): Min: 309.5, Avg: 309.5, Max: 309.5, Diff: 0.1]
   [Code Root Fixup: 0.0 ms]
   [Code Root Purge: 0.0 ms]
   [Clear CT: 0.3 ms]
   [Other: 1.5 ms]
      [Choose CSet: 0.0 ms]
      [Ref Proc: 0.4 ms]
      [Ref Enq: 0.0 ms]
      [Redirty Cards: 0.3 ms]
      [Humongous Register: 0.2 ms]
      [Humongous Reclaim: 0.0 ms]
      [Free CSet: 0.1 ms]
   [Eden: 204.0M(204.0M)->0.0B(178.0M) Survivors: 0.0B->26.0M Heap: 204.0M(4096.0M)->60.5M(4096.0M)]
 [Times: user=0.08 sys=0.07, real=0.02 secs] 
0.370: [GC pause (G1 Evacuation Pause) (young), 0.0210487 secs]
   [Parallel Time: 19.7 ms, GC Workers: 18]
      [GC Worker Start (ms): Min: 370.1, Avg: 370.3, Max: 370.5, Diff: 0.4]
      [Ext Root Scanning (ms): Min: 0.0, Avg: 0.2, Max: 1.2, Diff: 1.2, Sum: 3.2]
      [Update RS (ms): Min: 0.0, Avg: 0.0, Max: 0.0, Diff: 0.0, Sum: 0.2]
         [Processed Buffers: Min: 0, Avg: 0.6, Max: 2, Diff: 2, Sum: 11]
      [Scan RS (ms): Min: 0.0, Avg: 0.0, Max: 0.1, Diff: 0.0, Sum: 0.6]
      [Code Root Scanning (ms): Min: 0.0, Avg: 0.0, Max: 0.1, Diff: 0.1, Sum: 0.1]
      [Object Copy (ms): Min: 17.6, Avg: 18.7, Max: 19.1, Diff: 1.5, Sum: 337.0]
      [Termination (ms): Min: 0.0, Avg: 0.4, Max: 0.7, Diff: 0.7, Sum: 6.5]
         [Termination Attempts: Min: 1, Avg: 1.0, Max: 1, Diff: 0, Sum: 18]
      [GC Worker Other (ms): Min: 0.0, Avg: 0.0, Max: 0.1, Diff: 0.1, Sum: 0.8]
      [GC Worker Total (ms): Min: 19.1, Avg: 19.3, Max: 19.6, Diff: 0.4, Sum: 348.3]
      [GC Worker End (ms): Min: 389.7, Avg: 389.7, Max: 389.7, Diff: 0.1]
   [Code Root Fixup: 0.0 ms]
   [Code Root Purge: 0.0 ms]
   [Clear CT: 0.2 ms]
   [Other: 1.1 ms]
      [Choose CSet: 0.0 ms]
      [Ref Proc: 0.3 ms]
      [Ref Enq: 0.0 ms]
      [Redirty Cards: 0.3 ms]
      [Humongous Register: 0.1 ms]
      [Humongous Reclaim: 0.0 ms]
      [Free CSet: 0.1 ms]
   [Eden: 178.0M(178.0M)->0.0B(178.0M) Survivors: 26.0M->26.0M Heap: 238.5M(4096.0M)->112.6M(4096.0M)]
 [Times: user=0.19 sys=0.16, real=0.02 secs] 
0.456: [GC pause (G1 Evacuation Pause) (young), 0.0174546 secs]
   [Parallel Time: 16.0 ms, GC Workers: 18]
      [GC Worker Start (ms): Min: 455.8, Avg: 456.1, Max: 456.4, Diff: 0.5]
      [Ext Root Scanning (ms): Min: 0.0, Avg: 0.2, Max: 0.5, Diff: 0.5, Sum: 3.3]
      [Update RS (ms): Min: 0.0, Avg: 0.1, Max: 0.6, Diff: 0.6, Sum: 2.2]
         [Processed Buffers: Min: 0, Avg: 1.1, Max: 3, Diff: 3, Sum: 20]
      [Scan RS (ms): Min: 0.0, Avg: 0.0, Max: 0.1, Diff: 0.1, Sum: 0.5]
      [Code Root Scanning (ms): Min: 0.0, Avg: 0.0, Max: 0.0, Diff: 0.0, Sum: 0.0]
      [Object Copy (ms): Min: 13.8, Avg: 14.5, Max: 15.0, Diff: 1.2, Sum: 260.8]
      [Termination (ms): Min: 0.0, Avg: 0.5, Max: 0.8, Diff: 0.8, Sum: 8.9]
         [Termination Attempts: Min: 1, Avg: 1.0, Max: 1, Diff: 0, Sum: 18]
      [GC Worker Other (ms): Min: 0.0, Avg: 0.0, Max: 0.0, Diff: 0.0, Sum: 0.3]
      [GC Worker Total (ms): Min: 15.1, Avg: 15.3, Max: 15.6, Diff: 0.5, Sum: 276.1]
      [GC Worker End (ms): Min: 471.5, Avg: 471.5, Max: 471.5, Diff: 0.0]
   [Code Root Fixup: 0.0 ms]
   [Code Root Purge: 0.0 ms]
   [Clear CT: 0.3 ms]
   [Other: 1.2 ms]
      [Choose CSet: 0.0 ms]
      [Ref Proc: 0.3 ms]
      [Ref Enq: 0.0 ms]
      [Redirty Cards: 0.3 ms]
      [Humongous Register: 0.1 ms]
      [Humongous Reclaim: 0.0 ms]
      [Free CSet: 0.1 ms]
   [Eden: 178.0M(178.0M)->0.0B(178.0M) Survivors: 26.0M->26.0M Heap: 290.6M(4096.0M)->169.0M(4096.0M)]
 [Times: user=0.16 sys=0.11, real=0.02 secs] 
0.532: [GC pause (G1 Evacuation Pause) (young), 0.0212135 secs]
   [Parallel Time: 19.8 ms, GC Workers: 18]
      [GC Worker Start (ms): Min: 532.3, Avg: 532.5, Max: 532.6, Diff: 0.3]
      [Ext Root Scanning (ms): Min: 0.0, Avg: 0.2, Max: 0.4, Diff: 0.3, Sum: 3.1]
      [Update RS (ms): Min: 0.0, Avg: 0.1, Max: 0.3, Diff: 0.3, Sum: 1.6]
         [Processed Buffers: Min: 0, Avg: 1.0, Max: 2, Diff: 2, Sum: 18]
      [Scan RS (ms): Min: 0.0, Avg: 0.0, Max: 0.1, Diff: 0.1, Sum: 0.5]
      [Code Root Scanning (ms): Min: 0.0, Avg: 0.0, Max: 0.0, Diff: 0.0, Sum: 0.0]
      [Object Copy (ms): Min: 17.9, Avg: 18.5, Max: 19.1, Diff: 1.2, Sum: 332.1]
      [Termination (ms): Min: 0.0, Avg: 0.6, Max: 1.0, Diff: 1.0, Sum: 10.9]
         [Termination Attempts: Min: 1, Avg: 1.0, Max: 1, Diff: 0, Sum: 18]
      [GC Worker Other (ms): Min: 0.0, Avg: 0.0, Max: 0.0, Diff: 0.0, Sum: 0.3]
      [GC Worker Total (ms): Min: 19.2, Avg: 19.4, Max: 19.6, Diff: 0.3, Sum: 348.6]
      [GC Worker End (ms): Min: 551.8, Avg: 551.9, Max: 551.9, Diff: 0.0]
   [Code Root Fixup: 0.0 ms]
   [Code Root Purge: 0.0 ms]
   [Clear CT: 0.2 ms]
   [Other: 1.2 ms]
      [Choose CSet: 0.0 ms]
      [Ref Proc: 0.3 ms]
      [Ref Enq: 0.0 ms]
      [Redirty Cards: 0.3 ms]
      [Humongous Register: 0.1 ms]
      [Humongous Reclaim: 0.0 ms]
      [Free CSet: 0.1 ms]
   [Eden: 178.0M(178.0M)->0.0B(178.0M) Survivors: 26.0M->26.0M Heap: 347.0M(4096.0M)->230.7M(4096.0M)]
 [Times: user=0.21 sys=0.14, real=0.02 secs] 
0.609: [GC pause (G1 Evacuation Pause) (young), 0.0173260 secs]
   [Parallel Time: 15.9 ms, GC Workers: 18]
      [GC Worker Start (ms): Min: 609.5, Avg: 609.7, Max: 609.9, Diff: 0.4]
      [Ext Root Scanning (ms): Min: 0.0, Avg: 0.2, Max: 0.4, Diff: 0.4, Sum: 2.8]
      [Update RS (ms): Min: 0.0, Avg: 0.1, Max: 0.3, Diff: 0.3, Sum: 2.1]
         [Processed Buffers: Min: 0, Avg: 1.0, Max: 4, Diff: 4, Sum: 18]
      [Scan RS (ms): Min: 0.0, Avg: 0.0, Max: 0.1, Diff: 0.1, Sum: 0.8]
      [Code Root Scanning (ms): Min: 0.0, Avg: 0.0, Max: 0.0, Diff: 0.0, Sum: 0.0]
      [Object Copy (ms): Min: 14.2, Avg: 14.6, Max: 15.0, Diff: 0.8, Sum: 262.4]
      [Termination (ms): Min: 0.0, Avg: 0.4, Max: 0.8, Diff: 0.8, Sum: 8.1]
         [Termination Attempts: Min: 1, Avg: 1.0, Max: 1, Diff: 0, Sum: 18]
      [GC Worker Other (ms): Min: 0.0, Avg: 0.0, Max: 0.1, Diff: 0.1, Sum: 0.4]
      [GC Worker Total (ms): Min: 15.2, Avg: 15.4, Max: 15.6, Diff: 0.4, Sum: 276.6]
      [GC Worker End (ms): Min: 625.1, Avg: 625.1, Max: 625.1, Diff: 0.0]
   [Code Root Fixup: 0.0 ms]
   [Code Root Purge: 0.0 ms]
   [Clear CT: 0.2 ms]
   [Other: 1.2 ms]
      [Choose CSet: 0.0 ms]
      [Ref Proc: 0.3 ms]
      [Ref Enq: 0.0 ms]
      [Redirty Cards: 0.3 ms]
      [Humongous Register: 0.1 ms]
      [Humongous Reclaim: 0.0 ms]
      [Free CSet: 0.1 ms]
   [Eden: 178.0M(178.0M)->0.0B(178.0M) Survivors: 26.0M->26.0M Heap: 408.7M(4096.0M)->288.2M(4096.0M)]
 [Times: user=0.17 sys=0.11, real=0.01 secs] 
0.682: [GC pause (G1 Evacuation Pause) (young), 0.0202455 secs]
   [Parallel Time: 18.8 ms, GC Workers: 18]
      [GC Worker Start (ms): Min: 682.2, Avg: 682.4, Max: 682.7, Diff: 0.5]
      [Ext Root Scanning (ms): Min: 0.0, Avg: 0.2, Max: 0.4, Diff: 0.4, Sum: 3.1]
      [Update RS (ms): Min: 0.0, Avg: 0.1, Max: 0.2, Diff: 0.1, Sum: 1.9]
         [Processed Buffers: Min: 0, Avg: 1.0, Max: 2, Diff: 2, Sum: 18]
      [Scan RS (ms): Min: 0.0, Avg: 0.0, Max: 0.1, Diff: 0.1, Sum: 0.6]
      [Code Root Scanning (ms): Min: 0.0, Avg: 0.0, Max: 0.0, Diff: 0.0, Sum: 0.0]
      [Object Copy (ms): Min: 17.0, Avg: 17.5, Max: 17.9, Diff: 0.9, Sum: 315.0]
      [Termination (ms): Min: 0.0, Avg: 0.4, Max: 0.8, Diff: 0.8, Sum: 7.6]
         [Termination Attempts: Min: 1, Avg: 1.0, Max: 1, Diff: 0, Sum: 18]
      [GC Worker Other (ms): Min: 0.0, Avg: 0.0, Max: 0.2, Diff: 0.1, Sum: 0.7]
      [GC Worker Total (ms): Min: 18.0, Avg: 18.3, Max: 18.5, Diff: 0.5, Sum: 328.8]
      [GC Worker End (ms): Min: 700.7, Avg: 700.7, Max: 700.7, Diff: 0.0]
   [Code Root Fixup: 0.0 ms]
   [Code Root Purge: 0.0 ms]
   [Clear CT: 0.2 ms]
   [Other: 1.2 ms]
      [Choose CSet: 0.0 ms]
      [Ref Proc: 0.3 ms]
      [Ref Enq: 0.0 ms]
      [Redirty Cards: 0.3 ms]
      [Humongous Register: 0.1 ms]
      [Humongous Reclaim: 0.0 ms]
      [Free CSet: 0.1 ms]
   [Eden: 178.0M(178.0M)->0.0B(178.0M) Survivors: 26.0M->26.0M Heap: 466.2M(4096.0M)->340.9M(4096.0M)]
 [Times: user=0.18 sys=0.14, real=0.02 secs] 
0.760: [GC pause (G1 Evacuation Pause) (young), 0.0168411 secs]
   [Parallel Time: 15.4 ms, GC Workers: 18]
      [GC Worker Start (ms): Min: 760.3, Avg: 760.6, Max: 760.9, Diff: 0.6]
      [Ext Root Scanning (ms): Min: 0.0, Avg: 0.2, Max: 0.5, Diff: 0.5, Sum: 3.8]
      [Update RS (ms): Min: 0.0, Avg: 0.1, Max: 0.3, Diff: 0.3, Sum: 2.1]
         [Processed Buffers: Min: 0, Avg: 1.1, Max: 2, Diff: 2, Sum: 19]
      [Scan RS (ms): Min: 0.0, Avg: 0.0, Max: 0.1, Diff: 0.1, Sum: 0.6]
      [Code Root Scanning (ms): Min: 0.0, Avg: 0.0, Max: 0.0, Diff: 0.0, Sum: 0.0]
      [Object Copy (ms): Min: 13.8, Avg: 14.1, Max: 14.3, Diff: 0.6, Sum: 253.7]
      [Termination (ms): Min: 0.0, Avg: 0.3, Max: 0.6, Diff: 0.6, Sum: 4.8]
         [Termination Attempts: Min: 1, Avg: 1.1, Max: 2, Diff: 1, Sum: 20]
      [GC Worker Other (ms): Min: 0.0, Avg: 0.0, Max: 0.0, Diff: 0.0, Sum: 0.3]
      [GC Worker Total (ms): Min: 14.5, Avg: 14.7, Max: 15.1, Diff: 0.6, Sum: 265.3]
      [GC Worker End (ms): Min: 775.3, Avg: 775.3, Max: 775.4, Diff: 0.0]
   [Code Root Fixup: 0.0 ms]
   [Code Root Purge: 0.0 ms]
   [Clear CT: 0.3 ms]
   [Other: 1.2 ms]
      [Choose CSet: 0.0 ms]
      [Ref Proc: 0.3 ms]
      [Ref Enq: 0.0 ms]
      [Redirty Cards: 0.3 ms]
      [Humongous Register: 0.1 ms]
      [Humongous Reclaim: 0.0 ms]
      [Free CSet: 0.1 ms]
   [Eden: 178.0M(178.0M)->0.0B(202.0M) Survivors: 26.0M->26.0M Heap: 518.9M(4096.0M)->396.7M(4096.0M)]
 [Times: user=0.15 sys=0.11, real=0.01 secs] 
0.840: [GC pause (G1 Evacuation Pause) (young), 0.0181706 secs]
   [Parallel Time: 16.4 ms, GC Workers: 18]
      [GC Worker Start (ms): Min: 840.0, Avg: 840.3, Max: 840.6, Diff: 0.6]
      [Ext Root Scanning (ms): Min: 0.0, Avg: 0.2, Max: 0.5, Diff: 0.5, Sum: 3.3]
      [Update RS (ms): Min: 0.0, Avg: 0.1, Max: 0.3, Diff: 0.3, Sum: 2.5]
         [Processed Buffers: Min: 0, Avg: 1.0, Max: 2, Diff: 2, Sum: 18]
      [Scan RS (ms): Min: 0.0, Avg: 0.0, Max: 0.1, Diff: 0.1, Sum: 0.7]
      [Code Root Scanning (ms): Min: 0.0, Avg: 0.0, Max: 0.0, Diff: 0.0, Sum: 0.0]
      [Object Copy (ms): Min: 14.3, Avg: 14.7, Max: 15.2, Diff: 0.9, Sum: 264.9]
      [Termination (ms): Min: 0.0, Avg: 0.6, Max: 0.9, Diff: 0.9, Sum: 10.4]
         [Termination Attempts: Min: 1, Avg: 1.2, Max: 2, Diff: 1, Sum: 21]
      [GC Worker Other (ms): Min: 0.0, Avg: 0.0, Max: 0.1, Diff: 0.1, Sum: 0.6]
      [GC Worker Total (ms): Min: 15.4, Avg: 15.7, Max: 16.0, Diff: 0.6, Sum: 282.4]
      [GC Worker End (ms): Min: 855.9, Avg: 856.0, Max: 856.0, Diff: 0.0]
   [Code Root Fixup: 0.0 ms]
   [Code Root Purge: 0.0 ms]
   [Clear CT: 0.3 ms]
   [Other: 1.5 ms]
      [Choose CSet: 0.0 ms]
      [Ref Proc: 0.4 ms]
      [Ref Enq: 0.0 ms]
      [Redirty Cards: 0.5 ms]
      [Humongous Register: 0.1 ms]
      [Humongous Reclaim: 0.0 ms]
      [Free CSet: 0.2 ms]
   [Eden: 202.0M(202.0M)->0.0B(272.0M) Survivors: 26.0M->30.0M Heap: 598.7M(4096.0M)->460.4M(4096.0M)]
 [Times: user=0.12 sys=0.17, real=0.01 secs] 
0.960: [GC pause (G1 Evacuation Pause) (young), 0.0216000 secs]
   [Parallel Time: 19.7 ms, GC Workers: 18]
      [GC Worker Start (ms): Min: 959.8, Avg: 960.2, Max: 960.5, Diff: 0.7]
      [Ext Root Scanning (ms): Min: 0.0, Avg: 0.2, Max: 0.6, Diff: 0.6, Sum: 3.9]
      [Update RS (ms): Min: 0.0, Avg: 0.1, Max: 0.3, Diff: 0.3, Sum: 2.0]
         [Processed Buffers: Min: 0, Avg: 1.0, Max: 2, Diff: 2, Sum: 18]
      [Scan RS (ms): Min: 0.0, Avg: 0.1, Max: 0.1, Diff: 0.1, Sum: 1.0]
      [Code Root Scanning (ms): Min: 0.0, Avg: 0.0, Max: 0.0, Diff: 0.0, Sum: 0.0]
      [Object Copy (ms): Min: 17.6, Avg: 17.9, Max: 18.6, Diff: 1.0, Sum: 322.6]
      [Termination (ms): Min: 0.0, Avg: 0.7, Max: 1.0, Diff: 1.0, Sum: 12.5]
         [Termination Attempts: Min: 1, Avg: 1.0, Max: 1, Diff: 0, Sum: 18]
      [GC Worker Other (ms): Min: 0.0, Avg: 0.0, Max: 0.0, Diff: 0.0, Sum: 0.4]
      [GC Worker Total (ms): Min: 18.7, Avg: 19.0, Max: 19.4, Diff: 0.7, Sum: 342.4]
      [GC Worker End (ms): Min: 979.2, Avg: 979.2, Max: 979.3, Diff: 0.0]
   [Code Root Fixup: 0.0 ms]
   [Code Root Purge: 0.0 ms]
   [Clear CT: 0.4 ms]
   [Other: 1.5 ms]
      [Choose CSet: 0.0 ms]
      [Ref Proc: 0.3 ms]
      [Ref Enq: 0.0 ms]
      [Redirty Cards: 0.5 ms]
      [Humongous Register: 0.1 ms]
      [Humongous Reclaim: 0.0 ms]
      [Free CSet: 0.2 ms]
   [Eden: 272.0M(272.0M)->0.0B(286.0M) Survivors: 30.0M->38.0M Heap: 732.4M(4096.0M)->539.9M(4096.0M)]
 [Times: user=0.13 sys=0.22, real=0.02 secs] 
1.074: [GC pause (G1 Evacuation Pause) (young), 0.0276658 secs]
   [Parallel Time: 25.4 ms, GC Workers: 18]
      [GC Worker Start (ms): Min: 1074.0, Avg: 1074.4, Max: 1074.6, Diff: 0.6]
      [Ext Root Scanning (ms): Min: 0.0, Avg: 0.2, Max: 0.5, Diff: 0.5, Sum: 2.8]
      [Update RS (ms): Min: 0.0, Avg: 0.1, Max: 0.2, Diff: 0.2, Sum: 2.1]
         [Processed Buffers: Min: 0, Avg: 1.0, Max: 2, Diff: 2, Sum: 18]
      [Scan RS (ms): Min: 0.0, Avg: 0.1, Max: 0.1, Diff: 0.1, Sum: 1.0]
      [Code Root Scanning (ms): Min: 0.0, Avg: 0.0, Max: 0.0, Diff: 0.0, Sum: 0.0]
      [Object Copy (ms): Min: 23.6, Avg: 23.9, Max: 24.4, Diff: 0.7, Sum: 430.0]
      [Termination (ms): Min: 0.0, Avg: 0.5, Max: 0.7, Diff: 0.7, Sum: 9.0]
         [Termination Attempts: Min: 1, Avg: 1.0, Max: 1, Diff: 0, Sum: 18]
      [GC Worker Other (ms): Min: 0.0, Avg: 0.0, Max: 0.1, Diff: 0.1, Sum: 0.5]
      [GC Worker Total (ms): Min: 24.5, Avg: 24.7, Max: 25.1, Diff: 0.7, Sum: 445.3]
      [GC Worker End (ms): Min: 1099.1, Avg: 1099.1, Max: 1099.1, Diff: 0.0]
   [Code Root Fixup: 0.0 ms]
   [Code Root Purge: 0.0 ms]
   [Clear CT: 0.4 ms]
   [Other: 1.9 ms]
      [Choose CSet: 0.0 ms]
      [Ref Proc: 0.4 ms]
      [Ref Enq: 0.0 ms]
      [Redirty Cards: 0.4 ms]
      [Humongous Register: 0.1 ms]
      [Humongous Reclaim: 0.0 ms]
      [Free CSet: 0.6 ms]
   [Eden: 286.0M(286.0M)->0.0B(342.0M) Survivors: 38.0M->42.0M Heap: 825.9M(4096.0M)->634.1M(4096.0M)]
 [Times: user=0.21 sys=0.23, real=0.03 secs] 
1.221: [GC pause (G1 Evacuation Pause) (young), 0.0230149 secs]
   [Parallel Time: 21.4 ms, GC Workers: 18]
      [GC Worker Start (ms): Min: 1221.2, Avg: 1221.5, Max: 1221.8, Diff: 0.6]
      [Ext Root Scanning (ms): Min: 0.0, Avg: 0.2, Max: 0.5, Diff: 0.5, Sum: 3.0]
      [Update RS (ms): Min: 0.0, Avg: 0.1, Max: 0.2, Diff: 0.2, Sum: 2.3]
         [Processed Buffers: Min: 0, Avg: 1.1, Max: 2, Diff: 2, Sum: 19]
      [Scan RS (ms): Min: 0.0, Avg: 0.1, Max: 0.1, Diff: 0.1, Sum: 1.0]
      [Code Root Scanning (ms): Min: 0.0, Avg: 0.0, Max: 0.0, Diff: 0.0, Sum: 0.0]
      [Object Copy (ms): Min: 19.9, Avg: 20.1, Max: 20.4, Diff: 0.5, Sum: 361.5]
      [Termination (ms): Min: 0.0, Avg: 0.3, Max: 0.6, Diff: 0.6, Sum: 6.1]
         [Termination Attempts: Min: 1, Avg: 1.0, Max: 1, Diff: 0, Sum: 18]
      [GC Worker Other (ms): Min: 0.0, Avg: 0.0, Max: 0.1, Diff: 0.1, Sum: 0.8]
      [GC Worker Total (ms): Min: 20.5, Avg: 20.8, Max: 21.2, Diff: 0.6, Sum: 374.8]
      [GC Worker End (ms): Min: 1242.3, Avg: 1242.3, Max: 1242.4, Diff: 0.1]
   [Code Root Fixup: 0.0 ms]
   [Code Root Purge: 0.0 ms]
   [Clear CT: 0.4 ms]
   [Other: 1.2 ms]
      [Choose CSet: 0.0 ms]
      [Ref Proc: 0.3 ms]
      [Ref Enq: 0.0 ms]
      [Redirty Cards: 0.2 ms]
      [Humongous Register: 0.1 ms]
      [Humongous Reclaim: 0.0 ms]
      [Free CSet: 0.2 ms]
   [Eden: 342.0M(342.0M)->0.0B(380.0M) Survivors: 42.0M->48.0M Heap: 976.1M(4096.0M)->723.0M(4096.0M)]
 [Times: user=0.12 sys=0.26, real=0.02 secs] 
1.363: [GC pause (G1 Evacuation Pause) (young), 0.0266918 secs]
   [Parallel Time: 25.1 ms, GC Workers: 18]
      [GC Worker Start (ms): Min: 1363.2, Avg: 1363.4, Max: 1363.7, Diff: 0.5]
      [Ext Root Scanning (ms): Min: 0.0, Avg: 0.2, Max: 0.4, Diff: 0.4, Sum: 2.8]
      [Update RS (ms): Min: 0.0, Avg: 0.2, Max: 0.5, Diff: 0.5, Sum: 2.8]
         [Processed Buffers: Min: 0, Avg: 1.1, Max: 2, Diff: 2, Sum: 19]
      [Scan RS (ms): Min: 0.0, Avg: 0.1, Max: 0.1, Diff: 0.1, Sum: 1.2]
      [Code Root Scanning (ms): Min: 0.0, Avg: 0.0, Max: 0.0, Diff: 0.0, Sum: 0.0]
      [Object Copy (ms): Min: 23.4, Avg: 23.7, Max: 24.1, Diff: 0.8, Sum: 426.7]
      [Termination (ms): Min: 0.0, Avg: 0.4, Max: 0.8, Diff: 0.8, Sum: 7.4]
         [Termination Attempts: Min: 1, Avg: 1.0, Max: 1, Diff: 0, Sum: 18]
      [GC Worker Other (ms): Min: 0.0, Avg: 0.1, Max: 0.2, Diff: 0.1, Sum: 1.1]
      [GC Worker Total (ms): Min: 24.3, Avg: 24.6, Max: 24.8, Diff: 0.5, Sum: 442.0]
      [GC Worker End (ms): Min: 1388.0, Avg: 1388.0, Max: 1388.0, Diff: 0.1]
   [Code Root Fixup: 0.0 ms]
   [Code Root Purge: 0.0 ms]
   [Clear CT: 0.4 ms]
   [Other: 1.2 ms]
      [Choose CSet: 0.0 ms]
      [Ref Proc: 0.3 ms]
      [Ref Enq: 0.0 ms]
      [Redirty Cards: 0.2 ms]
      [Humongous Register: 0.1 ms]
      [Humongous Reclaim: 0.0 ms]
      [Free CSet: 0.3 ms]
   [Eden: 380.0M(380.0M)->0.0B(566.0M) Survivors: 48.0M->54.0M Heap: 1103.0M(4096.0M)->832.8M(4096.0M)]
 [Times: user=0.16 sys=0.28, real=0.03 secs] 
1.612: [GC pause (G1 Evacuation Pause) (young), 0.0324600 secs]
   [Parallel Time: 30.6 ms, GC Workers: 18]
      [GC Worker Start (ms): Min: 1612.2, Avg: 1612.5, Max: 1612.8, Diff: 0.6]
      [Ext Root Scanning (ms): Min: 0.0, Avg: 0.1, Max: 0.4, Diff: 0.4, Sum: 2.7]
      [Update RS (ms): Min: 0.0, Avg: 0.2, Max: 0.2, Diff: 0.2, Sum: 3.0]
         [Processed Buffers: Min: 0, Avg: 1.1, Max: 2, Diff: 2, Sum: 19]
      [Scan RS (ms): Min: 0.1, Avg: 0.1, Max: 0.2, Diff: 0.1, Sum: 2.1]
      [Code Root Scanning (ms): Min: 0.0, Avg: 0.0, Max: 0.0, Diff: 0.0, Sum: 0.0]
      [Object Copy (ms): Min: 29.0, Avg: 29.2, Max: 29.5, Diff: 0.5, Sum: 525.4]
      [Termination (ms): Min: 0.0, Avg: 0.4, Max: 0.5, Diff: 0.5, Sum: 6.5]
         [Termination Attempts: Min: 1, Avg: 1.1, Max: 2, Diff: 1, Sum: 19]
      [GC Worker Other (ms): Min: 0.0, Avg: 0.0, Max: 0.1, Diff: 0.1, Sum: 0.6]
      [GC Worker Total (ms): Min: 29.7, Avg: 30.0, Max: 30.3, Diff: 0.6, Sum: 540.4]
      [GC Worker End (ms): Min: 1642.5, Avg: 1642.5, Max: 1642.6, Diff: 0.1]
   [Code Root Fixup: 0.0 ms]
   [Code Root Purge: 0.0 ms]
   [Clear CT: 0.5 ms]
   [Other: 1.4 ms]
      [Choose CSet: 0.0 ms]
      [Ref Proc: 0.3 ms]
      [Ref Enq: 0.0 ms]
      [Redirty Cards: 0.2 ms]
      [Humongous Register: 0.1 ms]
      [Humongous Reclaim: 0.0 ms]
      [Free CSet: 0.4 ms]
   [Eden: 566.0M(566.0M)->0.0B(656.0M) Survivors: 54.0M->78.0M Heap: 1398.8M(4096.0M)->970.7M(4096.0M)]
 [Times: user=0.19 sys=0.35, real=0.03 secs] 
1.870: [GC pause (G1 Evacuation Pause) (young), 0.0362964 secs]
   [Parallel Time: 34.3 ms, GC Workers: 18]
      [GC Worker Start (ms): Min: 1870.7, Avg: 1871.0, Max: 1871.3, Diff: 0.7]
      [Ext Root Scanning (ms): Min: 0.0, Avg: 0.2, Max: 0.6, Diff: 0.6, Sum: 4.2]
      [Update RS (ms): Min: 0.0, Avg: 0.2, Max: 0.3, Diff: 0.3, Sum: 3.1]
         [Processed Buffers: Min: 0, Avg: 1.1, Max: 2, Diff: 2, Sum: 19]
      [Scan RS (ms): Min: 0.0, Avg: 0.1, Max: 0.2, Diff: 0.2, Sum: 2.2]
      [Code Root Scanning (ms): Min: 0.0, Avg: 0.0, Max: 0.0, Diff: 0.0, Sum: 0.0]
      [Object Copy (ms): Min: 32.3, Avg: 32.7, Max: 33.2, Diff: 0.9, Sum: 589.0]
      [Termination (ms): Min: 0.0, Avg: 0.5, Max: 0.9, Diff: 0.9, Sum: 8.7]
         [Termination Attempts: Min: 1, Avg: 1.0, Max: 1, Diff: 0, Sum: 18]
      [GC Worker Other (ms): Min: 0.0, Avg: 0.1, Max: 0.1, Diff: 0.1, Sum: 0.9]
      [GC Worker Total (ms): Min: 33.5, Avg: 33.8, Max: 34.1, Diff: 0.7, Sum: 608.1]
      [GC Worker End (ms): Min: 1904.8, Avg: 1904.8, Max: 1904.9, Diff: 0.1]
   [Code Root Fixup: 0.0 ms]
   [Code Root Purge: 0.0 ms]
   [Clear CT: 0.5 ms]
   [Other: 1.5 ms]
      [Choose CSet: 0.0 ms]
      [Ref Proc: 0.3 ms]
      [Ref Enq: 0.0 ms]
      [Redirty Cards: 0.3 ms]
      [Humongous Register: 0.1 ms]
      [Humongous Reclaim: 0.0 ms]
      [Free CSet: 0.5 ms]
   [Eden: 656.0M(656.0M)->0.0B(952.0M) Survivors: 78.0M->92.0M Heap: 1626.7M(4096.0M)->1109.7M(4096.0M)]
 [Times: user=0.21 sys=0.40, real=0.03 secs] 
2.285: [GC pause (G1 Evacuation Pause) (young), 0.0456525 secs]
   [Parallel Time: 43.4 ms, GC Workers: 18]
      [GC Worker Start (ms): Min: 2285.8, Avg: 2286.2, Max: 2286.6, Diff: 0.8]
      [Ext Root Scanning (ms): Min: 0.0, Avg: 0.2, Max: 0.6, Diff: 0.6, Sum: 3.5]
      [Update RS (ms): Min: 0.0, Avg: 0.1, Max: 0.3, Diff: 0.3, Sum: 2.5]
         [Processed Buffers: Min: 0, Avg: 1.1, Max: 2, Diff: 2, Sum: 19]
      [Scan RS (ms): Min: 0.0, Avg: 0.2, Max: 0.3, Diff: 0.2, Sum: 3.3]
      [Code Root Scanning (ms): Min: 0.0, Avg: 0.0, Max: 0.0, Diff: 0.0, Sum: 0.0]
      [Object Copy (ms): Min: 41.4, Avg: 41.7, Max: 42.2, Diff: 0.8, Sum: 750.3]
      [Termination (ms): Min: 0.0, Avg: 0.5, Max: 0.8, Diff: 0.8, Sum: 9.1]
         [Termination Attempts: Min: 1, Avg: 1.6, Max: 3, Diff: 2, Sum: 29]
      [GC Worker Other (ms): Min: 0.0, Avg: 0.0, Max: 0.1, Diff: 0.1, Sum: 0.9]
      [GC Worker Total (ms): Min: 42.4, Avg: 42.8, Max: 43.2, Diff: 0.8, Sum: 769.6]
      [GC Worker End (ms): Min: 2329.0, Avg: 2329.0, Max: 2329.0, Diff: 0.1]
   [Code Root Fixup: 0.0 ms]
   [Code Root Purge: 0.0 ms]
   [Clear CT: 0.6 ms]
   [Other: 1.6 ms]
      [Choose CSet: 0.0 ms]
      [Ref Proc: 0.3 ms]
      [Ref Enq: 0.0 ms]
      [Redirty Cards: 0.2 ms]
      [Humongous Register: 0.1 ms]
      [Humongous Reclaim: 0.0 ms]
      [Free CSet: 0.6 ms]
   [Eden: 952.0M(952.0M)->0.0B(1412.0M) Survivors: 92.0M->132.0M Heap: 2061.7M(4096.0M)->1291.6M(4096.0M)]
 [Times: user=0.28 sys=0.51, real=0.05 secs] 
2.900: [GC pause (G1 Evacuation Pause) (young), 0.0592506 secs]
   [Parallel Time: 56.3 ms, GC Workers: 18]
      [GC Worker Start (ms): Min: 2900.4, Avg: 2900.7, Max: 2901.1, Diff: 0.7]
      [Ext Root Scanning (ms): Min: 0.0, Avg: 0.2, Max: 0.5, Diff: 0.5, Sum: 3.5]
      [Update RS (ms): Min: 0.0, Avg: 0.2, Max: 0.6, Diff: 0.6, Sum: 4.1]
         [Processed Buffers: Min: 0, Avg: 1.1, Max: 3, Diff: 3, Sum: 19]
      [Scan RS (ms): Min: 0.1, Avg: 0.3, Max: 0.4, Diff: 0.3, Sum: 5.3]
      [Code Root Scanning (ms): Min: 0.0, Avg: 0.0, Max: 0.0, Diff: 0.0, Sum: 0.1]
      [Object Copy (ms): Min: 54.2, Avg: 54.5, Max: 54.9, Diff: 0.7, Sum: 981.4]
      [Termination (ms): Min: 0.0, Avg: 0.4, Max: 0.7, Diff: 0.7, Sum: 7.5]
         [Termination Attempts: Min: 1, Avg: 1.0, Max: 1, Diff: 0, Sum: 18]
      [GC Worker Other (ms): Min: 0.0, Avg: 0.1, Max: 0.1, Diff: 0.1, Sum: 1.3]
      [GC Worker Total (ms): Min: 55.3, Avg: 55.7, Max: 56.1, Diff: 0.7, Sum: 1003.2]
      [GC Worker End (ms): Min: 2956.4, Avg: 2956.4, Max: 2956.5, Diff: 0.1]
   [Code Root Fixup: 0.0 ms]
   [Code Root Purge: 0.0 ms]
   [Clear CT: 0.8 ms]
   [Other: 2.2 ms]
      [Choose CSet: 0.0 ms]
      [Ref Proc: 0.3 ms]
      [Ref Enq: 0.0 ms]
      [Redirty Cards: 0.4 ms]
      [Humongous Register: 0.1 ms]
      [Humongous Reclaim: 0.0 ms]
      [Free CSet: 1.0 ms]
   [Eden: 1412.0M(1412.0M)->0.0B(1144.0M) Survivors: 132.0M->194.0M Heap: 2703.6M(4096.0M)->1483.2M(4096.0M)]
 [Times: user=0.38 sys=0.64, real=0.06 secs] 
3.318: [GC pause (G1 Evacuation Pause) (young), 0.0792328 secs]
   [Parallel Time: 76.2 ms, GC Workers: 18]
      [GC Worker Start (ms): Min: 3318.5, Avg: 3318.8, Max: 3319.0, Diff: 0.6]
      [Ext Root Scanning (ms): Min: 0.0, Avg: 0.1, Max: 0.4, Diff: 0.4, Sum: 2.4]
      [Update RS (ms): Min: 0.0, Avg: 0.1, Max: 0.4, Diff: 0.4, Sum: 2.4]
         [Processed Buffers: Min: 0, Avg: 1.1, Max: 4, Diff: 4, Sum: 19]
      [Scan RS (ms): Min: 0.0, Avg: 0.2, Max: 0.2, Diff: 0.2, Sum: 3.2]
      [Code Root Scanning (ms): Min: 0.0, Avg: 0.0, Max: 0.0, Diff: 0.0, Sum: 0.0]
      [Object Copy (ms): Min: 74.3, Avg: 74.6, Max: 75.0, Diff: 0.7, Sum: 1343.5]
      [Termination (ms): Min: 0.0, Avg: 0.5, Max: 0.8, Diff: 0.8, Sum: 8.2]
         [Termination Attempts: Min: 1, Avg: 1.0, Max: 1, Diff: 0, Sum: 18]
      [GC Worker Other (ms): Min: 0.0, Avg: 0.1, Max: 0.2, Diff: 0.2, Sum: 1.8]
      [GC Worker Total (ms): Min: 75.3, Avg: 75.6, Max: 75.9, Diff: 0.6, Sum: 1361.5]
      [GC Worker End (ms): Min: 3394.3, Avg: 3394.4, Max: 3394.5, Diff: 0.2]
   [Code Root Fixup: 0.0 ms]
   [Code Root Purge: 0.0 ms]
   [Clear CT: 0.9 ms]
   [Other: 2.1 ms]
      [Choose CSet: 0.0 ms]
      [Ref Proc: 0.6 ms]
      [Ref Enq: 0.0 ms]
      [Redirty Cards: 0.3 ms]
      [Humongous Register: 0.1 ms]
      [Humongous Reclaim: 0.0 ms]
      [Free CSet: 0.9 ms]
   [Eden: 1144.0M(1144.0M)->0.0B(1592.0M) Survivors: 194.0M->168.0M Heap: 2627.2M(4096.0M)->1620.9M(4096.0M)]
 [Times: user=0.94 sys=0.42, real=0.08 secs] 
3.990: [GC pause (G1 Evacuation Pause) (young), 0.0759406 secs]
   [Parallel Time: 73.0 ms, GC Workers: 18]
      [GC Worker Start (ms): Min: 3990.6, Avg: 3990.9, Max: 3991.1, Diff: 0.5]
      [Ext Root Scanning (ms): Min: 0.0, Avg: 0.2, Max: 0.4, Diff: 0.4, Sum: 2.9]
      [Update RS (ms): Min: 0.0, Avg: 0.5, Max: 1.4, Diff: 1.4, Sum: 8.6]
         [Processed Buffers: Min: 0, Avg: 1.1, Max: 2, Diff: 2, Sum: 19]
      [Scan RS (ms): Min: 0.1, Avg: 0.3, Max: 0.7, Diff: 0.6, Sum: 6.1]
      [Code Root Scanning (ms): Min: 0.0, Avg: 0.0, Max: 0.0, Diff: 0.0, Sum: 0.0]
      [Object Copy (ms): Min: 69.3, Avg: 69.8, Max: 71.5, Diff: 2.2, Sum: 1257.0]
      [Termination (ms): Min: 0.0, Avg: 1.8, Max: 2.3, Diff: 2.3, Sum: 32.3]
         [Termination Attempts: Min: 1, Avg: 1.0, Max: 1, Diff: 0, Sum: 18]
      [GC Worker Other (ms): Min: 0.0, Avg: 0.1, Max: 0.1, Diff: 0.1, Sum: 1.2]
      [GC Worker Total (ms): Min: 72.4, Avg: 72.7, Max: 72.9, Diff: 0.5, Sum: 1308.1]
      [GC Worker End (ms): Min: 4063.5, Avg: 4063.6, Max: 4063.6, Diff: 0.1]
   [Code Root Fixup: 0.0 ms]
   [Code Root Purge: 0.0 ms]
   [Clear CT: 0.9 ms]
   [Other: 1.9 ms]
      [Choose CSet: 0.0 ms]
      [Ref Proc: 0.3 ms]
      [Ref Enq: 0.0 ms]
      [Redirty Cards: 0.2 ms]
      [Humongous Register: 0.1 ms]
      [Humongous Reclaim: 0.0 ms]
      [Free CSet: 1.1 ms]
   [Eden: 1592.0M(1592.0M)->0.0B(1498.0M) Survivors: 168.0M->220.0M Heap: 3212.9M(4096.0M)->1815.4M(4096.0M)]
 [Times: user=0.40 sys=0.91, real=0.07 secs] 
4.672: [GC pause (G1 Evacuation Pause) (young), 0.1010855 secs]
   [Parallel Time: 98.3 ms, GC Workers: 18]
      [GC Worker Start (ms): Min: 4672.2, Avg: 4672.5, Max: 4672.9, Diff: 0.6]
      [Ext Root Scanning (ms): Min: 0.0, Avg: 0.2, Max: 0.5, Diff: 0.5, Sum: 3.6]
      [Update RS (ms): Min: 0.0, Avg: 0.1, Max: 0.3, Diff: 0.3, Sum: 2.5]
         [Processed Buffers: Min: 0, Avg: 1.1, Max: 2, Diff: 2, Sum: 19]
      [Scan RS (ms): Min: 0.2, Avg: 0.3, Max: 0.4, Diff: 0.2, Sum: 6.1]
      [Code Root Scanning (ms): Min: 0.0, Avg: 0.0, Max: 0.0, Diff: 0.0, Sum: 0.1]
      [Object Copy (ms): Min: 96.3, Avg: 96.7, Max: 97.1, Diff: 0.7, Sum: 1740.2]
      [Termination (ms): Min: 0.0, Avg: 0.4, Max: 0.7, Diff: 0.7, Sum: 7.1]
         [Termination Attempts: Min: 1, Avg: 1.0, Max: 1, Diff: 0, Sum: 18]
      [GC Worker Other (ms): Min: 0.0, Avg: 0.1, Max: 0.1, Diff: 0.1, Sum: 1.3]
      [GC Worker Total (ms): Min: 97.5, Avg: 97.8, Max: 98.2, Diff: 0.6, Sum: 1760.8]
      [GC Worker End (ms): Min: 4770.3, Avg: 4770.4, Max: 4770.4, Diff: 0.1]
   [Code Root Fixup: 0.0 ms]
   [Code Root Purge: 0.0 ms]
   [Clear CT: 0.9 ms]
   [Other: 1.9 ms]
      [Choose CSet: 0.0 ms]
      [Ref Proc: 0.3 ms]
      [Ref Enq: 0.0 ms]
      [Redirty Cards: 0.2 ms]
      [Humongous Register: 0.1 ms]
      [Humongous Reclaim: 0.0 ms]
      [Free CSet: 1.1 ms]
   [Eden: 1498.0M(1498.0M)->0.0B(1406.0M) Survivors: 220.0M->216.0M Heap: 3313.4M(4096.0M)->1937.5M(4096.0M)]
 [Times: user=1.15 sys=0.61, real=0.10 secs] 
执行结束。共生成对象次数:42530
Heap
 garbage-first heap   total 4194304K, used 3012133K [0x00000006c0000000, 0x00000006c0204000, 0x00000007c0000000)
  region size 2048K, 611 young (1251328K), 108 survivors (221184K)
 Metaspace       used 2533K, capacity 4486K, committed 4864K, reserved 1056768K
  class space    used 273K, capacity 386K, committed 512K, reserved 1048576K
开始执行.......
0.317: [GC pause (G1 Evacuation Pause) (young), 0.0159548 secs]
   [Parallel Time: 13.9 ms, GC Workers: 18]
      [GC Worker Start (ms): Min: 317.7, Avg: 323.3, Max: 330.0, Diff: 12.4]
      [Ext Root Scanning (ms): Min: 0.0, Avg: 0.2, Max: 0.6, Diff: 0.6, Sum: 2.8]
      [Update RS (ms): Min: 0.0, Avg: 0.0, Max: 0.0, Diff: 0.0, Sum: 0.0]
         [Processed Buffers: Min: 0, Avg: 0.0, Max: 0, Diff: 0, Sum: 0]
      [Scan RS (ms): Min: 0.0, Avg: 0.0, Max: 0.1, Diff: 0.1, Sum: 0.5]
      [Code Root Scanning (ms): Min: 0.0, Avg: 0.0, Max: 0.1, Diff: 0.1, Sum: 0.1]
      [Object Copy (ms): Min: 0.3, Avg: 7.3, Max: 12.9, Diff: 12.7, Sum: 131.1]
      [Termination (ms): Min: 0.0, Avg: 0.5, Max: 1.0, Diff: 1.0, Sum: 9.2]
         [Termination Attempts: Min: 1, Avg: 1.0, Max: 1, Diff: 0, Sum: 18]
      [GC Worker Other (ms): Min: 0.0, Avg: 0.0, Max: 0.1, Diff: 0.0, Sum: 0.6]
      [GC Worker Total (ms): Min: 1.2, Avg: 8.0, Max: 13.6, Diff: 12.4, Sum: 144.4]
      [GC Worker End (ms): Min: 331.3, Avg: 331.3, Max: 331.3, Diff: 0.0]
   [Code Root Fixup: 0.0 ms]
   [Code Root Purge: 0.0 ms]
   [Clear CT: 0.3 ms]
   [Other: 1.7 ms]
      [Choose CSet: 0.0 ms]
      [Ref Proc: 0.6 ms]
      [Ref Enq: 0.0 ms]
      [Redirty Cards: 0.4 ms]
      [Humongous Register: 0.2 ms]
      [Humongous Reclaim: 0.0 ms]
      [Free CSet: 0.1 ms]
   [Eden: 204.0M(204.0M)->0.0B(178.0M) Survivors: 0.0B->26.0M Heap: 204.0M(4096.0M)->65.2M(4096.0M)]
 [Times: user=0.06 sys=0.08, real=0.01 secs] 
0.397: [GC pause (G1 Evacuation Pause) (young), 0.0214192 secs]
   [Parallel Time: 20.0 ms, GC Workers: 18]
      [GC Worker Start (ms): Min: 397.4, Avg: 397.7, Max: 398.6, Diff: 1.2]
      [Ext Root Scanning (ms): Min: 0.0, Avg: 0.2, Max: 0.5, Diff: 0.5, Sum: 3.9]
      [Update RS (ms): Min: 0.0, Avg: 0.0, Max: 0.1, Diff: 0.1, Sum: 0.4]
         [Processed Buffers: Min: 0, Avg: 0.5, Max: 1, Diff: 1, Sum: 9]
      [Scan RS (ms): Min: 0.0, Avg: 0.0, Max: 0.1, Diff: 0.1, Sum: 0.8]
      [Code Root Scanning (ms): Min: 0.0, Avg: 0.0, Max: 0.1, Diff: 0.1, Sum: 0.1]
      [Object Copy (ms): Min: 17.6, Avg: 18.5, Max: 19.1, Diff: 1.5, Sum: 332.2]
      [Termination (ms): Min: 0.0, Avg: 0.6, Max: 0.9, Diff: 0.9, Sum: 10.7]
         [Termination Attempts: Min: 1, Avg: 1.0, Max: 1, Diff: 0, Sum: 18]
      [GC Worker Other (ms): Min: 0.0, Avg: 0.0, Max: 0.1, Diff: 0.1, Sum: 0.4]
      [GC Worker Total (ms): Min: 18.5, Avg: 19.4, Max: 19.7, Diff: 1.2, Sum: 348.6]
      [GC Worker End (ms): Min: 417.1, Avg: 417.1, Max: 417.1, Diff: 0.0]
   [Code Root Fixup: 0.0 ms]
   [Code Root Purge: 0.0 ms]
   [Clear CT: 0.2 ms]
   [Other: 1.1 ms]
      [Choose CSet: 0.0 ms]
      [Ref Proc: 0.3 ms]
      [Ref Enq: 0.0 ms]
      [Redirty Cards: 0.3 ms]
      [Humongous Register: 0.1 ms]
      [Humongous Reclaim: 0.0 ms]
      [Free CSet: 0.1 ms]
   [Eden: 178.0M(178.0M)->0.0B(178.0M) Survivors: 26.0M->26.0M Heap: 243.2M(4096.0M)->123.5M(4096.0M)]
 [Times: user=0.20 sys=0.15, real=0.02 secs] 
0.479: [GC pause (G1 Evacuation Pause) (young), 0.0166334 secs]
   [Parallel Time: 15.2 ms, GC Workers: 18]
      [GC Worker Start (ms): Min: 479.0, Avg: 479.4, Max: 479.9, Diff: 0.9]
      [Ext Root Scanning (ms): Min: 0.0, Avg: 0.1, Max: 0.3, Diff: 0.3, Sum: 1.6]
      [Update RS (ms): Min: 0.0, Avg: 0.1, Max: 0.5, Diff: 0.5, Sum: 1.4]
         [Processed Buffers: Min: 0, Avg: 1.1, Max: 4, Diff: 4, Sum: 19]
      [Scan RS (ms): Min: 0.0, Avg: 0.0, Max: 0.1, Diff: 0.0, Sum: 0.6]
      [Code Root Scanning (ms): Min: 0.0, Avg: 0.0, Max: 0.0, Diff: 0.0, Sum: 0.0]
      [Object Copy (ms): Min: 13.3, Avg: 13.8, Max: 14.3, Diff: 1.0, Sum: 248.3]
      [Termination (ms): Min: 0.0, Avg: 0.4, Max: 0.6, Diff: 0.6, Sum: 7.4]
         [Termination Attempts: Min: 1, Avg: 1.0, Max: 1, Diff: 0, Sum: 18]
      [GC Worker Other (ms): Min: 0.0, Avg: 0.0, Max: 0.1, Diff: 0.1, Sum: 0.5]
      [GC Worker Total (ms): Min: 14.0, Avg: 14.4, Max: 14.8, Diff: 0.9, Sum: 259.8]
      [GC Worker End (ms): Min: 493.9, Avg: 493.9, Max: 493.9, Diff: 0.0]
   [Code Root Fixup: 0.0 ms]
   [Code Root Purge: 0.0 ms]
   [Clear CT: 0.2 ms]
   [Other: 1.2 ms]
      [Choose CSet: 0.0 ms]
      [Ref Proc: 0.4 ms]
      [Ref Enq: 0.0 ms]
      [Redirty Cards: 0.2 ms]
      [Humongous Register: 0.1 ms]
      [Humongous Reclaim: 0.0 ms]
      [Free CSet: 0.1 ms]
   [Eden: 178.0M(178.0M)->0.0B(178.0M) Survivors: 26.0M->26.0M Heap: 301.5M(4096.0M)->174.7M(4096.0M)]
 [Times: user=0.16 sys=0.10, real=0.02 secs] 
0.551: [GC pause (G1 Evacuation Pause) (young), 0.0187937 secs]
   [Parallel Time: 17.3 ms, GC Workers: 18]
      [GC Worker Start (ms): Min: 551.6, Avg: 551.9, Max: 552.1, Diff: 0.5]
      [Ext Root Scanning (ms): Min: 0.0, Avg: 0.2, Max: 0.5, Diff: 0.4, Sum: 3.2]
      [Update RS (ms): Min: 0.0, Avg: 0.1, Max: 0.3, Diff: 0.3, Sum: 2.0]
         [Processed Buffers: Min: 0, Avg: 1.0, Max: 2, Diff: 2, Sum: 18]
      [Scan RS (ms): Min: 0.0, Avg: 0.0, Max: 0.1, Diff: 0.1, Sum: 0.6]
      [Code Root Scanning (ms): Min: 0.0, Avg: 0.0, Max: 0.0, Diff: 0.0, Sum: 0.0]
      [Object Copy (ms): Min: 15.9, Avg: 16.1, Max: 16.5, Diff: 0.6, Sum: 289.7]
      [Termination (ms): Min: 0.0, Avg: 0.4, Max: 0.6, Diff: 0.6, Sum: 6.7]
         [Termination Attempts: Min: 1, Avg: 1.0, Max: 1, Diff: 0, Sum: 18]
      [GC Worker Other (ms): Min: 0.0, Avg: 0.0, Max: 0.1, Diff: 0.1, Sum: 0.6]
      [GC Worker Total (ms): Min: 16.6, Avg: 16.8, Max: 17.1, Diff: 0.5, Sum: 302.7]
      [GC Worker End (ms): Min: 568.7, Avg: 568.7, Max: 568.7, Diff: 0.0]
   [Code Root Fixup: 0.0 ms]
   [Code Root Purge: 0.0 ms]
   [Clear CT: 0.2 ms]
   [Other: 1.2 ms]
      [Choose CSet: 0.0 ms]
      [Ref Proc: 0.3 ms]
      [Ref Enq: 0.0 ms]
      [Redirty Cards: 0.3 ms]
      [Humongous Register: 0.1 ms]
      [Humongous Reclaim: 0.0 ms]
      [Free CSet: 0.1 ms]
   [Eden: 178.0M(178.0M)->0.0B(178.0M) Survivors: 26.0M->26.0M Heap: 352.7M(4096.0M)->229.5M(4096.0M)]
 [Times: user=0.17 sys=0.14, real=0.02 secs] 
0.627: [GC pause (G1 Evacuation Pause) (young), 0.0179225 secs]
   [Parallel Time: 16.5 ms, GC Workers: 18]
      [GC Worker Start (ms): Min: 626.8, Avg: 627.2, Max: 627.5, Diff: 0.7]
      [Ext Root Scanning (ms): Min: 0.0, Avg: 0.1, Max: 0.3, Diff: 0.3, Sum: 1.5]
      [Update RS (ms): Min: 0.0, Avg: 0.1, Max: 0.2, Diff: 0.2, Sum: 1.2]
         [Processed Buffers: Min: 0, Avg: 1.1, Max: 3, Diff: 3, Sum: 19]
      [Scan RS (ms): Min: 0.0, Avg: 0.0, Max: 0.1, Diff: 0.1, Sum: 0.5]
      [Code Root Scanning (ms): Min: 0.0, Avg: 0.0, Max: 0.0, Diff: 0.0, Sum: 0.0]
      [Object Copy (ms): Min: 14.4, Avg: 15.1, Max: 15.7, Diff: 1.3, Sum: 271.0]
      [Termination (ms): Min: 0.0, Avg: 0.6, Max: 1.1, Diff: 1.1, Sum: 10.8]
         [Termination Attempts: Min: 1, Avg: 1.0, Max: 1, Diff: 0, Sum: 18]
      [GC Worker Other (ms): Min: 0.0, Avg: 0.0, Max: 0.1, Diff: 0.1, Sum: 0.5]
      [GC Worker Total (ms): Min: 15.5, Avg: 15.9, Max: 16.2, Diff: 0.7, Sum: 285.6]
      [GC Worker End (ms): Min: 643.0, Avg: 643.0, Max: 643.1, Diff: 0.0]
   [Code Root Fixup: 0.0 ms]
   [Code Root Purge: 0.0 ms]
   [Clear CT: 0.2 ms]
   [Other: 1.2 ms]
      [Choose CSet: 0.0 ms]
      [Ref Proc: 0.3 ms]
      [Ref Enq: 0.0 ms]
      [Redirty Cards: 0.3 ms]
      [Humongous Register: 0.1 ms]
      [Humongous Reclaim: 0.0 ms]
      [Free CSet: 0.1 ms]
   [Eden: 178.0M(178.0M)->0.0B(178.0M) Survivors: 26.0M->26.0M Heap: 407.5M(4096.0M)->291.1M(4096.0M)]
 [Times: user=0.17 sys=0.11, real=0.02 secs] 
0.699: [GC pause (G1 Evacuation Pause) (young), 0.0208666 secs]
   [Parallel Time: 19.2 ms, GC Workers: 18]
      [GC Worker Start (ms): Min: 699.9, Avg: 700.2, Max: 700.4, Diff: 0.5]
      [Ext Root Scanning (ms): Min: 0.0, Avg: 0.1, Max: 0.4, Diff: 0.4, Sum: 2.3]
      [Update RS (ms): Min: 0.0, Avg: 0.3, Max: 1.3, Diff: 1.3, Sum: 4.9]
         [Processed Buffers: Min: 0, Avg: 1.1, Max: 2, Diff: 2, Sum: 19]
      [Scan RS (ms): Min: 0.0, Avg: 0.0, Max: 0.1, Diff: 0.1, Sum: 0.5]
      [Code Root Scanning (ms): Min: 0.0, Avg: 0.0, Max: 0.0, Diff: 0.0, Sum: 0.0]
      [Object Copy (ms): Min: 16.6, Avg: 17.4, Max: 18.3, Diff: 1.8, Sum: 313.3]
      [Termination (ms): Min: 0.0, Avg: 0.5, Max: 0.8, Diff: 0.8, Sum: 8.4]
         [Termination Attempts: Min: 1, Avg: 1.0, Max: 1, Diff: 0, Sum: 18]
      [GC Worker Other (ms): Min: 0.0, Avg: 0.3, Max: 1.2, Diff: 1.2, Sum: 6.2]
      [GC Worker Total (ms): Min: 18.4, Avg: 18.7, Max: 18.9, Diff: 0.5, Sum: 335.7]
      [GC Worker End (ms): Min: 718.8, Avg: 718.8, Max: 718.8, Diff: 0.0]
   [Code Root Fixup: 0.0 ms]
   [Code Root Purge: 0.0 ms]
   [Clear CT: 0.2 ms]
   [Other: 1.4 ms]
      [Choose CSet: 0.0 ms]
      [Ref Proc: 0.3 ms]
      [Ref Enq: 0.0 ms]
      [Redirty Cards: 0.3 ms]
      [Humongous Register: 0.2 ms]
      [Humongous Reclaim: 0.0 ms]
      [Free CSet: 0.1 ms]
   [Eden: 178.0M(178.0M)->0.0B(178.0M) Survivors: 26.0M->26.0M Heap: 469.1M(4096.0M)->355.3M(4096.0M)]
 [Times: user=0.20 sys=0.13, real=0.02 secs] 
0.778: [GC pause (G1 Evacuation Pause) (young), 0.0178584 secs]
   [Parallel Time: 16.3 ms, GC Workers: 18]
      [GC Worker Start (ms): Min: 777.9, Avg: 778.3, Max: 778.5, Diff: 0.6]
      [Ext Root Scanning (ms): Min: 0.0, Avg: 0.2, Max: 0.5, Diff: 0.5, Sum: 3.1]
      [Update RS (ms): Min: 0.0, Avg: 0.1, Max: 0.3, Diff: 0.3, Sum: 1.9]
         [Processed Buffers: Min: 0, Avg: 1.1, Max: 3, Diff: 3, Sum: 19]
      [Scan RS (ms): Min: 0.0, Avg: 0.0, Max: 0.1, Diff: 0.1, Sum: 0.6]
      [Code Root Scanning (ms): Min: 0.0, Avg: 0.0, Max: 0.0, Diff: 0.0, Sum: 0.0]
      [Object Copy (ms): Min: 14.5, Avg: 14.8, Max: 15.2, Diff: 0.7, Sum: 266.5]
      [Termination (ms): Min: 0.0, Avg: 0.6, Max: 0.9, Diff: 0.9, Sum: 10.0]
         [Termination Attempts: Min: 1, Avg: 1.0, Max: 1, Diff: 0, Sum: 18]
      [GC Worker Other (ms): Min: 0.0, Avg: 0.0, Max: 0.0, Diff: 0.0, Sum: 0.4]
      [GC Worker Total (ms): Min: 15.4, Avg: 15.7, Max: 16.0, Diff: 0.6, Sum: 282.5]
      [GC Worker End (ms): Min: 793.9, Avg: 793.9, Max: 794.0, Diff: 0.0]
   [Code Root Fixup: 0.0 ms]
   [Code Root Purge: 0.0 ms]
   [Clear CT: 0.3 ms]
   [Other: 1.2 ms]
      [Choose CSet: 0.0 ms]
      [Ref Proc: 0.2 ms]
      [Ref Enq: 0.0 ms]
      [Redirty Cards: 0.3 ms]
      [Humongous Register: 0.1 ms]
      [Humongous Reclaim: 0.0 ms]
      [Free CSet: 0.1 ms]
   [Eden: 178.0M(178.0M)->0.0B(190.0M) Survivors: 26.0M->26.0M Heap: 533.3M(4096.0M)->413.2M(4096.0M)]
 [Times: user=0.15 sys=0.13, real=0.02 secs] 
0.857: [GC pause (G1 Evacuation Pause) (young), 0.0180671 secs]
   [Parallel Time: 16.6 ms, GC Workers: 18]
      [GC Worker Start (ms): Min: 856.9, Avg: 857.2, Max: 857.3, Diff: 0.4]
      [Ext Root Scanning (ms): Min: 0.0, Avg: 0.2, Max: 0.4, Diff: 0.4, Sum: 3.3]
      [Update RS (ms): Min: 0.1, Avg: 0.1, Max: 0.2, Diff: 0.1, Sum: 2.1]
         [Processed Buffers: Min: 0, Avg: 1.0, Max: 3, Diff: 3, Sum: 18]
      [Scan RS (ms): Min: 0.0, Avg: 0.0, Max: 0.1, Diff: 0.1, Sum: 0.5]
      [Code Root Scanning (ms): Min: 0.0, Avg: 0.0, Max: 0.0, Diff: 0.0, Sum: 0.0]
      [Object Copy (ms): Min: 15.1, Avg: 15.4, Max: 15.7, Diff: 0.6, Sum: 276.8]
      [Termination (ms): Min: 0.0, Avg: 0.4, Max: 0.6, Diff: 0.6, Sum: 6.5]
         [Termination Attempts: Min: 1, Avg: 1.0, Max: 1, Diff: 0, Sum: 18]
      [GC Worker Other (ms): Min: 0.0, Avg: 0.0, Max: 0.0, Diff: 0.0, Sum: 0.3]
      [GC Worker Total (ms): Min: 15.9, Avg: 16.1, Max: 16.3, Diff: 0.4, Sum: 289.5]
      [GC Worker End (ms): Min: 873.2, Avg: 873.2, Max: 873.3, Diff: 0.0]
   [Code Root Fixup: 0.0 ms]
   [Code Root Purge: 0.0 ms]
   [Clear CT: 0.2 ms]
   [Other: 1.2 ms]
      [Choose CSet: 0.0 ms]
      [Ref Proc: 0.3 ms]
      [Ref Enq: 0.0 ms]
      [Redirty Cards: 0.3 ms]
      [Humongous Register: 0.1 ms]
      [Humongous Reclaim: 0.0 ms]
      [Free CSet: 0.1 ms]
   [Eden: 190.0M(190.0M)->0.0B(264.0M) Survivors: 26.0M->28.0M Heap: 603.2M(4096.0M)->475.1M(4096.0M)]
 [Times: user=0.14 sys=0.15, real=0.02 secs] 
0.980: [GC pause (G1 Evacuation Pause) (young), 0.0197938 secs]
   [Parallel Time: 18.3 ms, GC Workers: 18]
      [GC Worker Start (ms): Min: 980.5, Avg: 980.8, Max: 981.1, Diff: 0.5]
      [Ext Root Scanning (ms): Min: 0.0, Avg: 0.2, Max: 0.5, Diff: 0.5, Sum: 3.6]
      [Update RS (ms): Min: 0.0, Avg: 0.1, Max: 0.4, Diff: 0.4, Sum: 2.3]
         [Processed Buffers: Min: 0, Avg: 1.1, Max: 3, Diff: 3, Sum: 20]
      [Scan RS (ms): Min: 0.0, Avg: 0.0, Max: 0.1, Diff: 0.1, Sum: 0.8]
      [Code Root Scanning (ms): Min: 0.0, Avg: 0.0, Max: 0.0, Diff: 0.0, Sum: 0.0]
      [Object Copy (ms): Min: 16.8, Avg: 17.0, Max: 17.4, Diff: 0.6, Sum: 306.6]
      [Termination (ms): Min: 0.0, Avg: 0.4, Max: 0.7, Diff: 0.7, Sum: 6.6]
         [Termination Attempts: Min: 1, Avg: 1.0, Max: 1, Diff: 0, Sum: 18]
      [GC Worker Other (ms): Min: 0.0, Avg: 0.0, Max: 0.1, Diff: 0.1, Sum: 0.7]
      [GC Worker Total (ms): Min: 17.6, Avg: 17.8, Max: 18.1, Diff: 0.6, Sum: 320.7]
      [GC Worker End (ms): Min: 998.6, Avg: 998.6, Max: 998.7, Diff: 0.1]
   [Code Root Fixup: 0.0 ms]
   [Code Root Purge: 0.0 ms]
   [Clear CT: 0.3 ms]
   [Other: 1.2 ms]
      [Choose CSet: 0.0 ms]
      [Ref Proc: 0.3 ms]
      [Ref Enq: 0.0 ms]
      [Redirty Cards: 0.3 ms]
      [Humongous Register: 0.1 ms]
      [Humongous Reclaim: 0.0 ms]
      [Free CSet: 0.2 ms]
   [Eden: 264.0M(264.0M)->0.0B(268.0M) Survivors: 28.0M->38.0M Heap: 739.1M(4096.0M)->550.4M(4096.0M)]
 [Times: user=0.12 sys=0.21, real=0.02 secs] 
1.083: [GC pause (G1 Evacuation Pause) (young), 0.0261884 secs]
   [Parallel Time: 24.7 ms, GC Workers: 18]
      [GC Worker Start (ms): Min: 1083.5, Avg: 1083.8, Max: 1084.0, Diff: 0.5]
      [Ext Root Scanning (ms): Min: 0.0, Avg: 0.2, Max: 0.5, Diff: 0.5, Sum: 3.2]
      [Update RS (ms): Min: 0.0, Avg: 0.1, Max: 0.4, Diff: 0.4, Sum: 2.4]
         [Processed Buffers: Min: 0, Avg: 1.1, Max: 2, Diff: 2, Sum: 19]
      [Scan RS (ms): Min: 0.0, Avg: 0.1, Max: 0.1, Diff: 0.1, Sum: 0.9]
      [Code Root Scanning (ms): Min: 0.0, Avg: 0.0, Max: 0.0, Diff: 0.0, Sum: 0.0]
      [Object Copy (ms): Min: 23.0, Avg: 23.3, Max: 23.6, Diff: 0.6, Sum: 420.1]
      [Termination (ms): Min: 0.0, Avg: 0.3, Max: 0.6, Diff: 0.6, Sum: 6.0]
         [Termination Attempts: Min: 1, Avg: 1.1, Max: 2, Diff: 1, Sum: 20]
      [GC Worker Other (ms): Min: 0.0, Avg: 0.0, Max: 0.1, Diff: 0.0, Sum: 0.5]
      [GC Worker Total (ms): Min: 23.8, Avg: 24.1, Max: 24.4, Diff: 0.5, Sum: 433.1]
      [GC Worker End (ms): Min: 1107.8, Avg: 1107.8, Max: 1107.9, Diff: 0.0]
   [Code Root Fixup: 0.0 ms]
   [Code Root Purge: 0.0 ms]
   [Clear CT: 0.3 ms]
   [Other: 1.3 ms]
      [Choose CSet: 0.0 ms]
      [Ref Proc: 0.3 ms]
      [Ref Enq: 0.0 ms]
      [Redirty Cards: 0.3 ms]
      [Humongous Register: 0.1 ms]
      [Humongous Reclaim: 0.0 ms]
      [Free CSet: 0.2 ms]
   [Eden: 268.0M(268.0M)->0.0B(312.0M) Survivors: 38.0M->40.0M Heap: 818.4M(4096.0M)->637.3M(4096.0M)]
 [Times: user=0.23 sys=0.21, real=0.03 secs] 
1.218: [GC pause (G1 Evacuation Pause) (young), 0.0235290 secs]
   [Parallel Time: 21.8 ms, GC Workers: 18]
      [GC Worker Start (ms): Min: 1218.5, Avg: 1218.9, Max: 1219.1, Diff: 0.6]
      [Ext Root Scanning (ms): Min: 0.0, Avg: 0.1, Max: 0.5, Diff: 0.5, Sum: 2.6]
      [Update RS (ms): Min: 0.0, Avg: 0.1, Max: 0.2, Diff: 0.2, Sum: 2.0]
         [Processed Buffers: Min: 0, Avg: 1.1, Max: 2, Diff: 2, Sum: 19]
      [Scan RS (ms): Min: 0.0, Avg: 0.0, Max: 0.1, Diff: 0.1, Sum: 0.8]
      [Code Root Scanning (ms): Min: 0.0, Avg: 0.0, Max: 0.0, Diff: 0.0, Sum: 0.0]
      [Object Copy (ms): Min: 20.2, Avg: 20.5, Max: 20.8, Diff: 0.6, Sum: 368.9]
      [Termination (ms): Min: 0.0, Avg: 0.4, Max: 0.6, Diff: 0.6, Sum: 6.4]
         [Termination Attempts: Min: 1, Avg: 1.0, Max: 1, Diff: 0, Sum: 18]
      [GC Worker Other (ms): Min: 0.0, Avg: 0.0, Max: 0.1, Diff: 0.0, Sum: 0.4]
      [GC Worker Total (ms): Min: 20.9, Avg: 21.2, Max: 21.5, Diff: 0.6, Sum: 381.1]
      [GC Worker End (ms): Min: 1240.0, Avg: 1240.0, Max: 1240.0, Diff: 0.0]
   [Code Root Fixup: 0.0 ms]
   [Code Root Purge: 0.0 ms]
   [Clear CT: 0.3 ms]
   [Other: 1.4 ms]
      [Choose CSet: 0.0 ms]
      [Ref Proc: 0.3 ms]
      [Ref Enq: 0.0 ms]
      [Redirty Cards: 0.3 ms]
      [Humongous Register: 0.1 ms]
      [Humongous Reclaim: 0.0 ms]
      [Free CSet: 0.2 ms]
   [Eden: 312.0M(312.0M)->0.0B(550.0M) Survivors: 40.0M->44.0M Heap: 949.3M(4096.0M)->734.6M(4096.0M)]
 [Times: user=0.16 sys=0.22, real=0.02 secs] 
1.486: [GC pause (G1 Evacuation Pause) (young), 0.0354286 secs]
   [Parallel Time: 33.3 ms, GC Workers: 18]
      [GC Worker Start (ms): Min: 1486.2, Avg: 1486.5, Max: 1486.8, Diff: 0.6]
      [Ext Root Scanning (ms): Min: 0.0, Avg: 0.2, Max: 0.5, Diff: 0.5, Sum: 3.7]
      [Update RS (ms): Min: 0.0, Avg: 0.2, Max: 0.4, Diff: 0.4, Sum: 2.9]
         [Processed Buffers: Min: 0, Avg: 1.1, Max: 3, Diff: 3, Sum: 19]
      [Scan RS (ms): Min: 0.0, Avg: 0.1, Max: 0.2, Diff: 0.1, Sum: 1.8]
      [Code Root Scanning (ms): Min: 0.0, Avg: 0.0, Max: 0.0, Diff: 0.0, Sum: 0.0]
      [Object Copy (ms): Min: 31.6, Avg: 31.9, Max: 32.1, Diff: 0.5, Sum: 573.7]
      [Termination (ms): Min: 0.0, Avg: 0.2, Max: 0.5, Diff: 0.5, Sum: 4.4]
         [Termination Attempts: Min: 1, Avg: 1.0, Max: 1, Diff: 0, Sum: 18]
      [GC Worker Other (ms): Min: 0.0, Avg: 0.0, Max: 0.1, Diff: 0.1, Sum: 0.8]
      [GC Worker Total (ms): Min: 32.4, Avg: 32.6, Max: 32.9, Diff: 0.5, Sum: 587.4]
      [GC Worker End (ms): Min: 1519.1, Avg: 1519.1, Max: 1519.2, Diff: 0.1]
   [Code Root Fixup: 0.0 ms]
   [Code Root Purge: 0.0 ms]
   [Clear CT: 0.5 ms]
   [Other: 1.6 ms]
      [Choose CSet: 0.0 ms]
      [Ref Proc: 0.4 ms]
      [Ref Enq: 0.0 ms]
      [Redirty Cards: 0.3 ms]
      [Humongous Register: 0.1 ms]
      [Humongous Reclaim: 0.0 ms]
      [Free CSet: 0.4 ms]
   [Eden: 550.0M(550.0M)->0.0B(474.0M) Survivors: 44.0M->76.0M Heap: 1284.6M(4096.0M)->880.9M(4096.0M)]
 [Times: user=0.21 sys=0.38, real=0.03 secs] 
1.677: [GC pause (G1 Evacuation Pause) (young), 0.0457455 secs]
   [Parallel Time: 44.0 ms, GC Workers: 18]
      [GC Worker Start (ms): Min: 1676.9, Avg: 1677.1, Max: 1677.4, Diff: 0.6]
      [Ext Root Scanning (ms): Min: 0.0, Avg: 0.2, Max: 0.5, Diff: 0.5, Sum: 3.4]
      [Update RS (ms): Min: 0.0, Avg: 0.2, Max: 0.4, Diff: 0.4, Sum: 3.2]
         [Processed Buffers: Min: 0, Avg: 1.1, Max: 3, Diff: 3, Sum: 19]
      [Scan RS (ms): Min: 0.0, Avg: 0.1, Max: 0.2, Diff: 0.2, Sum: 1.7]
      [Code Root Scanning (ms): Min: 0.0, Avg: 0.0, Max: 0.0, Diff: 0.0, Sum: 0.0]
      [Object Copy (ms): Min: 42.1, Avg: 42.5, Max: 43.0, Diff: 0.9, Sum: 765.0]
      [Termination (ms): Min: 0.0, Avg: 0.5, Max: 0.9, Diff: 0.9, Sum: 8.7]
         [Termination Attempts: Min: 1, Avg: 1.1, Max: 2, Diff: 1, Sum: 20]
      [GC Worker Other (ms): Min: 0.0, Avg: 0.0, Max: 0.1, Diff: 0.1, Sum: 0.6]
      [GC Worker Total (ms): Min: 43.2, Avg: 43.5, Max: 43.7, Diff: 0.5, Sum: 782.6]
      [GC Worker End (ms): Min: 1720.6, Avg: 1720.6, Max: 1720.7, Diff: 0.1]
   [Code Root Fixup: 0.0 ms]
   [Code Root Purge: 0.0 ms]
   [Clear CT: 0.4 ms]
   [Other: 1.4 ms]
      [Choose CSet: 0.0 ms]
      [Ref Proc: 0.3 ms]
      [Ref Enq: 0.0 ms]
      [Redirty Cards: 0.3 ms]
      [Humongous Register: 0.1 ms]
      [Humongous Reclaim: 0.0 ms]
      [Free CSet: 0.3 ms]
   [Eden: 474.0M(474.0M)->0.0B(580.0M) Survivors: 76.0M->70.0M Heap: 1354.9M(4096.0M)->1005.0M(4096.0M)]
 [Times: user=0.44 sys=0.35, real=0.04 secs] 
1.904: [GC pause (G1 Evacuation Pause) (young), 0.0354921 secs]
   [Parallel Time: 33.4 ms, GC Workers: 18]
      [GC Worker Start (ms): Min: 1903.9, Avg: 1904.2, Max: 1904.6, Diff: 0.7]
      [Ext Root Scanning (ms): Min: 0.0, Avg: 0.2, Max: 0.5, Diff: 0.5, Sum: 3.7]
      [Update RS (ms): Min: 0.0, Avg: 0.2, Max: 0.5, Diff: 0.5, Sum: 2.8]
         [Processed Buffers: Min: 0, Avg: 1.1, Max: 4, Diff: 4, Sum: 19]
      [Scan RS (ms): Min: 0.0, Avg: 0.1, Max: 0.2, Diff: 0.2, Sum: 1.9]
      [Code Root Scanning (ms): Min: 0.0, Avg: 0.0, Max: 0.0, Diff: 0.0, Sum: 0.1]
      [Object Copy (ms): Min: 31.3, Avg: 31.8, Max: 32.3, Diff: 1.0, Sum: 572.6]
      [Termination (ms): Min: 0.0, Avg: 0.4, Max: 1.0, Diff: 1.0, Sum: 7.9]
         [Termination Attempts: Min: 1, Avg: 1.1, Max: 2, Diff: 1, Sum: 19]
      [GC Worker Other (ms): Min: 0.0, Avg: 0.0, Max: 0.1, Diff: 0.1, Sum: 0.7]
      [GC Worker Total (ms): Min: 32.4, Avg: 32.8, Max: 33.1, Diff: 0.7, Sum: 589.7]
      [GC Worker End (ms): Min: 1937.0, Avg: 1937.0, Max: 1937.1, Diff: 0.1]
   [Code Root Fixup: 0.0 ms]
   [Code Root Purge: 0.0 ms]
   [Clear CT: 0.5 ms]
   [Other: 1.6 ms]
      [Choose CSet: 0.0 ms]
      [Ref Proc: 0.3 ms]
      [Ref Enq: 0.0 ms]
      [Redirty Cards: 0.4 ms]
      [Humongous Register: 0.1 ms]
      [Humongous Reclaim: 0.0 ms]
      [Free CSet: 0.4 ms]
   [Eden: 580.0M(580.0M)->0.0B(1202.0M) Survivors: 70.0M->82.0M Heap: 1585.0M(4096.0M)->1133.4M(4096.0M)]
 [Times: user=0.25 sys=0.34, real=0.03 secs] 
2.506: [GC pause (G1 Evacuation Pause) (young), 0.0551607 secs]
   [Parallel Time: 52.6 ms, GC Workers: 18]
      [GC Worker Start (ms): Min: 2505.9, Avg: 2506.2, Max: 2506.6, Diff: 0.7]
      [Ext Root Scanning (ms): Min: 0.0, Avg: 0.1, Max: 0.4, Diff: 0.4, Sum: 2.5]
      [Update RS (ms): Min: 0.0, Avg: 0.2, Max: 0.6, Diff: 0.6, Sum: 3.9]
         [Processed Buffers: Min: 0, Avg: 1.1, Max: 2, Diff: 2, Sum: 19]
      [Scan RS (ms): Min: 0.1, Avg: 0.3, Max: 0.4, Diff: 0.3, Sum: 4.6]
      [Code Root Scanning (ms): Min: 0.0, Avg: 0.0, Max: 0.0, Diff: 0.0, Sum: 0.0]
      [Object Copy (ms): Min: 50.8, Avg: 51.1, Max: 51.3, Diff: 0.6, Sum: 919.6]
      [Termination (ms): Min: 0.0, Avg: 0.2, Max: 0.4, Diff: 0.4, Sum: 4.5]
         [Termination Attempts: Min: 1, Avg: 1.0, Max: 1, Diff: 0, Sum: 18]
      [GC Worker Other (ms): Min: 0.0, Avg: 0.1, Max: 0.1, Diff: 0.1, Sum: 1.2]
      [GC Worker Total (ms): Min: 51.7, Avg: 52.0, Max: 52.4, Diff: 0.6, Sum: 936.3]
      [GC Worker End (ms): Min: 2558.2, Avg: 2558.2, Max: 2558.3, Diff: 0.1]
   [Code Root Fixup: 0.0 ms]
   [Code Root Purge: 0.0 ms]
   [Clear CT: 0.8 ms]
   [Other: 1.8 ms]
      [Choose CSet: 0.0 ms]
      [Ref Proc: 0.2 ms]
      [Ref Enq: 0.0 ms]
      [Redirty Cards: 0.2 ms]
      [Humongous Register: 0.1 ms]
      [Humongous Reclaim: 0.0 ms]
      [Free CSet: 0.8 ms]
   [Eden: 1202.0M(1202.0M)->0.0B(874.0M) Survivors: 82.0M->162.0M Heap: 2335.4M(4096.0M)->1340.7M(4096.0M)]
 [Times: user=0.40 sys=0.56, real=0.05 secs] 
2.834: [GC pause (G1 Evacuation Pause) (young), 0.0754257 secs]
   [Parallel Time: 73.2 ms, GC Workers: 18]
      [GC Worker Start (ms): Min: 2834.1, Avg: 2834.5, Max: 2834.8, Diff: 0.7]
      [Ext Root Scanning (ms): Min: 0.0, Avg: 0.1, Max: 0.3, Diff: 0.3, Sum: 1.5]
      [Update RS (ms): Min: 0.0, Avg: 0.1, Max: 0.2, Diff: 0.2, Sum: 2.2]
         [Processed Buffers: Min: 0, Avg: 1.1, Max: 3, Diff: 3, Sum: 19]
      [Scan RS (ms): Min: 0.1, Avg: 0.2, Max: 0.2, Diff: 0.1, Sum: 3.1]
      [Code Root Scanning (ms): Min: 0.0, Avg: 0.0, Max: 0.0, Diff: 0.0, Sum: 0.0]
      [Object Copy (ms): Min: 71.6, Avg: 71.8, Max: 72.2, Diff: 0.7, Sum: 1292.8]
      [Termination (ms): Min: 0.0, Avg: 0.4, Max: 0.7, Diff: 0.7, Sum: 7.5]
         [Termination Attempts: Min: 1, Avg: 1.0, Max: 1, Diff: 0, Sum: 18]
      [GC Worker Other (ms): Min: 0.0, Avg: 0.0, Max: 0.1, Diff: 0.1, Sum: 0.9]
      [GC Worker Total (ms): Min: 72.3, Avg: 72.7, Max: 73.1, Diff: 0.7, Sum: 1307.9]
      [GC Worker End (ms): Min: 2907.1, Avg: 2907.1, Max: 2907.2, Diff: 0.1]
   [Code Root Fixup: 0.0 ms]
   [Code Root Purge: 0.0 ms]
   [Clear CT: 0.7 ms]
   [Other: 1.6 ms]
      [Choose CSet: 0.0 ms]
      [Ref Proc: 0.3 ms]
      [Ref Enq: 0.0 ms]
      [Redirty Cards: 0.2 ms]
      [Humongous Register: 0.1 ms]
      [Humongous Reclaim: 0.0 ms]
      [Free CSet: 0.7 ms]
   [Eden: 874.0M(874.0M)->0.0B(1198.0M) Survivors: 162.0M->130.0M Heap: 2214.7M(4096.0M)->1467.6M(4096.0M)]
 [Times: user=0.86 sys=0.46, real=0.07 secs] 
3.347: [GC pause (G1 Evacuation Pause) (young), 0.0587885 secs]
   [Parallel Time: 56.2 ms, GC Workers: 18]
      [GC Worker Start (ms): Min: 3347.8, Avg: 3348.3, Max: 3348.7, Diff: 0.9]
      [Ext Root Scanning (ms): Min: 0.0, Avg: 0.2, Max: 0.6, Diff: 0.6, Sum: 3.3]
      [Update RS (ms): Min: 0.0, Avg: 0.3, Max: 1.5, Diff: 1.5, Sum: 5.7]
         [Processed Buffers: Min: 0, Avg: 1.1, Max: 2, Diff: 2, Sum: 19]
      [Scan RS (ms): Min: 0.2, Avg: 0.3, Max: 0.5, Diff: 0.3, Sum: 5.2]
      [Code Root Scanning (ms): Min: 0.0, Avg: 0.0, Max: 0.0, Diff: 0.0, Sum: 0.0]
      [Object Copy (ms): Min: 52.8, Avg: 54.1, Max: 54.7, Diff: 1.9, Sum: 974.4]
      [Termination (ms): Min: 0.0, Avg: 0.5, Max: 0.8, Diff: 0.8, Sum: 8.9]
         [Termination Attempts: Min: 1, Avg: 1.0, Max: 1, Diff: 0, Sum: 18]
      [GC Worker Other (ms): Min: 0.0, Avg: 0.1, Max: 0.1, Diff: 0.1, Sum: 1.3]
      [GC Worker Total (ms): Min: 55.0, Avg: 55.5, Max: 55.9, Diff: 0.9, Sum: 998.7]
      [GC Worker End (ms): Min: 3403.7, Avg: 3403.8, Max: 3403.8, Diff: 0.1]
   [Code Root Fixup: 0.0 ms]
   [Code Root Purge: 0.0 ms]
   [Clear CT: 0.7 ms]
   [Other: 1.9 ms]
      [Choose CSet: 0.0 ms]
      [Ref Proc: 0.4 ms]
      [Ref Enq: 0.0 ms]
      [Redirty Cards: 0.2 ms]
      [Humongous Register: 0.2 ms]
      [Humongous Reclaim: 0.0 ms]
      [Free CSet: 0.9 ms]
   [Eden: 1198.0M(1198.0M)->0.0B(1372.0M) Survivors: 130.0M->166.0M Heap: 2665.6M(4096.0M)->1659.1M(4096.0M)]
 [Times: user=0.64 sys=0.37, real=0.06 secs] 
4.047: [GC pause (G1 Evacuation Pause) (young), 0.0685043 secs]
   [Parallel Time: 65.6 ms, GC Workers: 18]
      [GC Worker Start (ms): Min: 4047.4, Avg: 4047.8, Max: 4048.1, Diff: 0.7]
      [Ext Root Scanning (ms): Min: 0.0, Avg: 0.2, Max: 0.6, Diff: 0.6, Sum: 3.7]
      [Update RS (ms): Min: 0.0, Avg: 0.4, Max: 1.1, Diff: 1.1, Sum: 7.0]
         [Processed Buffers: Min: 0, Avg: 1.1, Max: 2, Diff: 2, Sum: 19]
      [Scan RS (ms): Min: 0.1, Avg: 0.2, Max: 0.4, Diff: 0.3, Sum: 3.9]
      [Code Root Scanning (ms): Min: 0.0, Avg: 0.0, Max: 0.0, Diff: 0.0, Sum: 0.0]
      [Object Copy (ms): Min: 62.5, Avg: 63.3, Max: 64.3, Diff: 1.8, Sum: 1139.6]
      [Termination (ms): Min: 0.0, Avg: 0.8, Max: 1.3, Diff: 1.3, Sum: 15.2]
         [Termination Attempts: Min: 1, Avg: 1.0, Max: 1, Diff: 0, Sum: 18]
      [GC Worker Other (ms): Min: 0.0, Avg: 0.1, Max: 0.1, Diff: 0.1, Sum: 1.2]
      [GC Worker Total (ms): Min: 64.7, Avg: 65.0, Max: 65.4, Diff: 0.7, Sum: 1170.7]
      [GC Worker End (ms): Min: 4112.8, Avg: 4112.8, Max: 4112.9, Diff: 0.1]
   [Code Root Fixup: 0.0 ms]
   [Code Root Purge: 0.0 ms]
   [Clear CT: 0.8 ms]
   [Other: 2.1 ms]
      [Choose CSet: 0.0 ms]
      [Ref Proc: 0.4 ms]
      [Ref Enq: 0.0 ms]
      [Redirty Cards: 0.2 ms]
      [Humongous Register: 0.1 ms]
      [Humongous Reclaim: 0.0 ms]
      [Free CSet: 1.0 ms]
   [Eden: 1372.0M(1372.0M)->0.0B(1442.0M) Survivors: 166.0M->194.0M Heap: 3031.1M(4096.0M)->1838.5M(4096.0M)]
 [Times: user=0.31 sys=0.87, real=0.07 secs] 
4.722: [GC pause (G1 Evacuation Pause) (young), 0.0964186 secs]
   [Parallel Time: 93.5 ms, GC Workers: 18]
      [GC Worker Start (ms): Min: 4722.2, Avg: 4722.5, Max: 4722.8, Diff: 0.6]
      [Ext Root Scanning (ms): Min: 0.0, Avg: 0.2, Max: 0.5, Diff: 0.5, Sum: 3.5]
      [Update RS (ms): Min: 0.0, Avg: 0.2, Max: 0.3, Diff: 0.3, Sum: 3.5]
         [Processed Buffers: Min: 0, Avg: 1.1, Max: 3, Diff: 3, Sum: 19]
      [Scan RS (ms): Min: 0.2, Avg: 0.3, Max: 0.4, Diff: 0.2, Sum: 4.7]
      [Code Root Scanning (ms): Min: 0.0, Avg: 0.0, Max: 0.0, Diff: 0.0, Sum: 0.0]
      [Object Copy (ms): Min: 91.1, Avg: 91.6, Max: 92.2, Diff: 1.1, Sum: 1649.3]
      [Termination (ms): Min: 0.0, Avg: 0.6, Max: 1.2, Diff: 1.2, Sum: 11.3]
         [Termination Attempts: Min: 1, Avg: 1.0, Max: 1, Diff: 0, Sum: 18]
      [GC Worker Other (ms): Min: 0.0, Avg: 0.1, Max: 0.1, Diff: 0.1, Sum: 1.0]
      [GC Worker Total (ms): Min: 92.7, Avg: 93.0, Max: 93.3, Diff: 0.6, Sum: 1673.4]
      [GC Worker End (ms): Min: 4815.4, Avg: 4815.5, Max: 4815.5, Diff: 0.1]
   [Code Root Fixup: 0.0 ms]
   [Code Root Purge: 0.0 ms]
   [Clear CT: 0.8 ms]
   [Other: 2.1 ms]
      [Choose CSet: 0.0 ms]
      [Ref Proc: 0.3 ms]
      [Ref Enq: 0.0 ms]
      [Redirty Cards: 0.3 ms]
      [Humongous Register: 0.1 ms]
      [Humongous Reclaim: 0.0 ms]
      [Free CSet: 1.0 ms]
   [Eden: 1442.0M(1442.0M)->0.0B(1340.0M) Survivors: 194.0M->206.0M Heap: 3280.5M(4096.0M)->1999.1M(4096.0M)]
 [Times: user=0.59 sys=1.10, real=0.10 secs] 
执行结束。共生成对象次数:39828
Heap
 garbage-first heap   total 4194304K, used 2978904K [0x00000006c0000000, 0x00000006c0204000, 0x00000007c0000000)
  region size 2048K, 559 young (1144832K), 103 survivors (210944K)
 Metaspace       used 2533K, capacity 4486K, committed 4864K, reserved 1056768K
  class space    used 273K, capacity 386K, committed 512K, reserved 1048576K
开始执行.......
0.280: [GC pause (G1 Evacuation Pause) (young), 0.0226256 secs]
   [Parallel Time: 16.3 ms, GC Workers: 18]
      [GC Worker Start (ms): Min: 280.2, Avg: 284.3, Max: 290.8, Diff: 10.6]
      [Ext Root Scanning (ms): Min: 0.0, Avg: 0.2, Max: 0.7, Diff: 0.6, Sum: 3.0]
      [Update RS (ms): Min: 0.0, Avg: 0.0, Max: 0.0, Diff: 0.0, Sum: 0.0]
         [Processed Buffers: Min: 0, Avg: 0.0, Max: 0, Diff: 0, Sum: 0]
      [Scan RS (ms): Min: 0.0, Avg: 0.0, Max: 0.1, Diff: 0.1, Sum: 0.7]
      [Code Root Scanning (ms): Min: 0.0, Avg: 0.0, Max: 0.1, Diff: 0.1, Sum: 0.1]
      [Object Copy (ms): Min: 3.9, Avg: 10.4, Max: 14.7, Diff: 10.8, Sum: 188.0]
      [Termination (ms): Min: 0.0, Avg: 1.1, Max: 1.4, Diff: 1.4, Sum: 19.5]
         [Termination Attempts: Min: 1, Avg: 1.0, Max: 1, Diff: 0, Sum: 18]
      [GC Worker Other (ms): Min: 0.0, Avg: 0.0, Max: 0.1, Diff: 0.0, Sum: 0.7]
      [GC Worker Total (ms): Min: 5.3, Avg: 11.8, Max: 15.9, Diff: 10.6, Sum: 212.0]
      [GC Worker End (ms): Min: 296.1, Avg: 296.1, Max: 296.1, Diff: 0.0]
   [Code Root Fixup: 0.0 ms]
   [Code Root Purge: 0.0 ms]
   [Clear CT: 0.3 ms]
   [Other: 6.0 ms]
      [Choose CSet: 0.0 ms]
      [Ref Proc: 4.6 ms]
      [Ref Enq: 0.0 ms]
      [Redirty Cards: 0.4 ms]
      [Humongous Register: 0.2 ms]
      [Humongous Reclaim: 0.0 ms]
      [Free CSet: 0.2 ms]
   [Eden: 204.0M(204.0M)->0.0B(178.0M) Survivors: 0.0B->26.0M Heap: 204.0M(4096.0M)->71.0M(4096.0M)]
 [Times: user=0.16 sys=0.10, real=0.02 secs] 
0.363: [GC pause (G1 Evacuation Pause) (young), 0.0216727 secs]
   [Parallel Time: 20.1 ms, GC Workers: 18]
      [GC Worker Start (ms): Min: 363.0, Avg: 363.2, Max: 363.5, Diff: 0.5]
      [Ext Root Scanning (ms): Min: 0.0, Avg: 0.2, Max: 0.6, Diff: 0.6, Sum: 3.5]
      [Update RS (ms): Min: 0.0, Avg: 0.0, Max: 0.1, Diff: 0.1, Sum: 0.3]
         [Processed Buffers: Min: 0, Avg: 0.7, Max: 2, Diff: 2, Sum: 13]
      [Scan RS (ms): Min: 0.0, Avg: 0.0, Max: 0.1, Diff: 0.1, Sum: 0.7]
      [Code Root Scanning (ms): Min: 0.0, Avg: 0.0, Max: 0.1, Diff: 0.1, Sum: 0.1]
      [Object Copy (ms): Min: 18.6, Avg: 18.9, Max: 19.3, Diff: 0.7, Sum: 339.8]
      [Termination (ms): Min: 0.0, Avg: 0.4, Max: 0.6, Diff: 0.6, Sum: 6.7]
         [Termination Attempts: Min: 1, Avg: 1.3, Max: 3, Diff: 2, Sum: 24]
      [GC Worker Other (ms): Min: 0.0, Avg: 0.0, Max: 0.0, Diff: 0.0, Sum: 0.3]
      [GC Worker Total (ms): Min: 19.3, Avg: 19.5, Max: 19.8, Diff: 0.5, Sum: 351.4]
      [GC Worker End (ms): Min: 382.7, Avg: 382.8, Max: 382.8, Diff: 0.0]
   [Code Root Fixup: 0.0 ms]
   [Code Root Purge: 0.0 ms]
   [Clear CT: 0.2 ms]
   [Other: 1.3 ms]
      [Choose CSet: 0.0 ms]
      [Ref Proc: 0.3 ms]
      [Ref Enq: 0.0 ms]
      [Redirty Cards: 0.2 ms]
      [Humongous Register: 0.1 ms]
      [Humongous Reclaim: 0.0 ms]
      [Free CSet: 0.2 ms]
   [Eden: 178.0M(178.0M)->0.0B(178.0M) Survivors: 26.0M->26.0M Heap: 249.0M(4096.0M)->128.9M(4096.0M)]
 [Times: user=0.19 sys=0.15, real=0.03 secs] 
0.438: [GC pause (G1 Evacuation Pause) (young), 0.0182416 secs]
   [Parallel Time: 16.5 ms, GC Workers: 18]
      [GC Worker Start (ms): Min: 438.2, Avg: 439.0, Max: 441.7, Diff: 3.5]
      [Ext Root Scanning (ms): Min: 0.0, Avg: 0.1, Max: 0.3, Diff: 0.3, Sum: 1.3]
      [Update RS (ms): Min: 0.0, Avg: 0.1, Max: 0.4, Diff: 0.4, Sum: 1.1]
         [Processed Buffers: Min: 0, Avg: 1.1, Max: 5, Diff: 5, Sum: 20]
      [Scan RS (ms): Min: 0.0, Avg: 0.0, Max: 0.1, Diff: 0.0, Sum: 0.5]
      [Code Root Scanning (ms): Min: 0.0, Avg: 0.0, Max: 0.0, Diff: 0.0, Sum: 0.0]
      [Object Copy (ms): Min: 12.0, Avg: 14.6, Max: 15.4, Diff: 3.4, Sum: 262.9]
      [Termination (ms): Min: 0.0, Avg: 0.6, Max: 1.1, Diff: 1.1, Sum: 11.4]
         [Termination Attempts: Min: 1, Avg: 1.0, Max: 1, Diff: 0, Sum: 18]
      [GC Worker Other (ms): Min: 0.0, Avg: 0.0, Max: 0.1, Diff: 0.1, Sum: 0.5]
      [GC Worker Total (ms): Min: 12.7, Avg: 15.4, Max: 16.2, Diff: 3.5, Sum: 277.7]
      [GC Worker End (ms): Min: 454.4, Avg: 454.4, Max: 454.4, Diff: 0.0]
   [Code Root Fixup: 0.0 ms]
   [Code Root Purge: 0.0 ms]
   [Clear CT: 0.3 ms]
   [Other: 1.5 ms]
      [Choose CSet: 0.0 ms]
      [Ref Proc: 0.4 ms]
      [Ref Enq: 0.0 ms]
      [Redirty Cards: 0.3 ms]
      [Humongous Register: 0.1 ms]
      [Humongous Reclaim: 0.0 ms]
      [Free CSet: 0.2 ms]
   [Eden: 178.0M(178.0M)->0.0B(178.0M) Survivors: 26.0M->26.0M Heap: 306.9M(4096.0M)->188.3M(4096.0M)]
 [Times: user=0.17 sys=0.11, real=0.02 secs] 
0.511: [GC pause (G1 Evacuation Pause) (young), 0.0200819 secs]
   [Parallel Time: 18.6 ms, GC Workers: 18]
      [GC Worker Start (ms): Min: 511.5, Avg: 511.8, Max: 512.0, Diff: 0.5]
      [Ext Root Scanning (ms): Min: 0.0, Avg: 0.2, Max: 0.5, Diff: 0.5, Sum: 3.0]
      [Update RS (ms): Min: 0.0, Avg: 0.1, Max: 0.2, Diff: 0.1, Sum: 1.7]
         [Processed Buffers: Min: 0, Avg: 1.0, Max: 2, Diff: 2, Sum: 18]
      [Scan RS (ms): Min: 0.0, Avg: 0.0, Max: 0.1, Diff: 0.1, Sum: 0.4]
      [Code Root Scanning (ms): Min: 0.0, Avg: 0.0, Max: 0.0, Diff: 0.0, Sum: 0.0]
      [Object Copy (ms): Min: 16.9, Avg: 17.2, Max: 17.6, Diff: 0.7, Sum: 309.9]
      [Termination (ms): Min: 0.0, Avg: 0.5, Max: 0.8, Diff: 0.8, Sum: 8.3]
         [Termination Attempts: Min: 1, Avg: 1.0, Max: 1, Diff: 0, Sum: 18]
      [GC Worker Other (ms): Min: 0.0, Avg: 0.0, Max: 0.1, Diff: 0.1, Sum: 0.5]
      [GC Worker Total (ms): Min: 17.8, Avg: 18.0, Max: 18.3, Diff: 0.5, Sum: 323.8]
      [GC Worker End (ms): Min: 529.7, Avg: 529.7, Max: 529.8, Diff: 0.0]
   [Code Root Fixup: 0.0 ms]
   [Code Root Purge: 0.0 ms]
   [Clear CT: 0.3 ms]
   [Other: 1.2 ms]
      [Choose CSet: 0.0 ms]
      [Ref Proc: 0.2 ms]
      [Ref Enq: 0.0 ms]
      [Redirty Cards: 0.2 ms]
      [Humongous Register: 0.0 ms]
      [Humongous Reclaim: 0.0 ms]
      [Free CSet: 0.2 ms]
   [Eden: 178.0M(178.0M)->0.0B(178.0M) Survivors: 26.0M->26.0M Heap: 366.3M(4096.0M)->246.9M(4096.0M)]
 [Times: user=0.21 sys=0.12, real=0.02 secs] 
0.587: [GC pause (G1 Evacuation Pause) (young), 0.0171821 secs]
   [Parallel Time: 15.5 ms, GC Workers: 18]
      [GC Worker Start (ms): Min: 587.6, Avg: 587.9, Max: 588.2, Diff: 0.6]
      [Ext Root Scanning (ms): Min: 0.0, Avg: 0.1, Max: 0.5, Diff: 0.5, Sum: 2.2]
      [Update RS (ms): Min: 0.0, Avg: 0.1, Max: 0.2, Diff: 0.2, Sum: 1.4]
         [Processed Buffers: Min: 0, Avg: 1.0, Max: 3, Diff: 3, Sum: 18]
      [Scan RS (ms): Min: 0.0, Avg: 0.0, Max: 0.1, Diff: 0.1, Sum: 0.7]
      [Code Root Scanning (ms): Min: 0.0, Avg: 0.0, Max: 0.0, Diff: 0.0, Sum: 0.0]
      [Object Copy (ms): Min: 13.8, Avg: 14.1, Max: 14.6, Diff: 0.8, Sum: 253.2]
      [Termination (ms): Min: 0.0, Avg: 0.5, Max: 0.8, Diff: 0.8, Sum: 8.9]
         [Termination Attempts: Min: 1, Avg: 1.0, Max: 1, Diff: 0, Sum: 18]
      [GC Worker Other (ms): Min: 0.0, Avg: 0.0, Max: 0.1, Diff: 0.1, Sum: 0.6]
      [GC Worker Total (ms): Min: 14.6, Avg: 14.8, Max: 15.2, Diff: 0.6, Sum: 267.0]
      [GC Worker End (ms): Min: 602.8, Avg: 602.8, Max: 602.8, Diff: 0.0]
   [Code Root Fixup: 0.0 ms]
   [Code Root Purge: 0.0 ms]
   [Clear CT: 0.3 ms]
   [Other: 1.4 ms]
      [Choose CSet: 0.0 ms]
      [Ref Proc: 0.3 ms]
      [Ref Enq: 0.0 ms]
      [Redirty Cards: 0.3 ms]
      [Humongous Register: 0.1 ms]
      [Humongous Reclaim: 0.0 ms]
      [Free CSet: 0.2 ms]
   [Eden: 178.0M(178.0M)->0.0B(178.0M) Survivors: 26.0M->26.0M Heap: 424.9M(4096.0M)->304.3M(4096.0M)]
 [Times: user=0.16 sys=0.12, real=0.02 secs] 
0.661: [GC pause (G1 Evacuation Pause) (young), 0.0203394 secs]
   [Parallel Time: 18.7 ms, GC Workers: 18]
      [GC Worker Start (ms): Min: 661.3, Avg: 661.5, Max: 661.8, Diff: 0.5]
      [Ext Root Scanning (ms): Min: 0.0, Avg: 0.1, Max: 0.4, Diff: 0.4, Sum: 2.5]
      [Update RS (ms): Min: 0.0, Avg: 0.1, Max: 0.3, Diff: 0.3, Sum: 1.7]
         [Processed Buffers: Min: 0, Avg: 1.1, Max: 3, Diff: 3, Sum: 19]
      [Scan RS (ms): Min: 0.0, Avg: 0.0, Max: 0.1, Diff: 0.1, Sum: 0.6]
      [Code Root Scanning (ms): Min: 0.0, Avg: 0.0, Max: 0.0, Diff: 0.0, Sum: 0.0]
      [Object Copy (ms): Min: 17.0, Avg: 17.4, Max: 18.0, Diff: 1.1, Sum: 313.9]
      [Termination (ms): Min: 0.0, Avg: 0.5, Max: 0.9, Diff: 0.9, Sum: 8.4]
         [Termination Attempts: Min: 1, Avg: 1.0, Max: 1, Diff: 0, Sum: 18]
      [GC Worker Other (ms): Min: 0.0, Avg: 0.0, Max: 0.1, Diff: 0.1, Sum: 0.5]
      [GC Worker Total (ms): Min: 17.9, Avg: 18.2, Max: 18.5, Diff: 0.5, Sum: 327.4]
      [GC Worker End (ms): Min: 679.7, Avg: 679.7, Max: 679.7, Diff: 0.0]
   [Code Root Fixup: 0.0 ms]
   [Code Root Purge: 0.0 ms]
   [Clear CT: 0.3 ms]
   [Other: 1.4 ms]
      [Choose CSet: 0.0 ms]
      [Ref Proc: 0.4 ms]
      [Ref Enq: 0.0 ms]
      [Redirty Cards: 0.3 ms]
      [Humongous Register: 0.1 ms]
      [Humongous Reclaim: 0.0 ms]
      [Free CSet: 0.2 ms]
   [Eden: 178.0M(178.0M)->0.0B(178.0M) Survivors: 26.0M->26.0M Heap: 482.3M(4096.0M)->361.1M(4096.0M)]
 [Times: user=0.21 sys=0.12, real=0.02 secs] 
0.739: [GC pause (G1 Evacuation Pause) (young), 0.0168950 secs]
   [Parallel Time: 15.0 ms, GC Workers: 18]
      [GC Worker Start (ms): Min: 738.9, Avg: 739.2, Max: 739.4, Diff: 0.6]
      [Ext Root Scanning (ms): Min: 0.0, Avg: 0.2, Max: 0.5, Diff: 0.5, Sum: 3.8]
      [Update RS (ms): Min: 0.1, Avg: 0.1, Max: 0.4, Diff: 0.4, Sum: 2.1]
         [Processed Buffers: Min: 0, Avg: 1.1, Max: 2, Diff: 2, Sum: 19]
      [Scan RS (ms): Min: 0.0, Avg: 0.0, Max: 0.1, Diff: 0.1, Sum: 0.5]
      [Code Root Scanning (ms): Min: 0.0, Avg: 0.0, Max: 0.0, Diff: 0.0, Sum: 0.0]
      [Object Copy (ms): Min: 12.9, Avg: 13.4, Max: 13.9, Diff: 1.1, Sum: 241.7]
      [Termination (ms): Min: 0.0, Avg: 0.5, Max: 0.8, Diff: 0.8, Sum: 9.1]
         [Termination Attempts: Min: 1, Avg: 1.0, Max: 1, Diff: 0, Sum: 18]
      [GC Worker Other (ms): Min: 0.0, Avg: 0.0, Max: 0.1, Diff: 0.0, Sum: 0.4]
      [GC Worker Total (ms): Min: 14.1, Avg: 14.3, Max: 14.7, Diff: 0.6, Sum: 257.7]
      [GC Worker End (ms): Min: 753.5, Avg: 753.5, Max: 753.6, Diff: 0.0]
   [Code Root Fixup: 0.0 ms]
   [Code Root Purge: 0.0 ms]
   [Clear CT: 0.3 ms]
   [Other: 1.6 ms]
      [Choose CSet: 0.0 ms]
      [Ref Proc: 0.5 ms]
      [Ref Enq: 0.0 ms]
      [Redirty Cards: 0.3 ms]
      [Humongous Register: 0.1 ms]
      [Humongous Reclaim: 0.0 ms]
      [Free CSet: 0.2 ms]
   [Eden: 178.0M(178.0M)->0.0B(214.0M) Survivors: 26.0M->26.0M Heap: 539.1M(4096.0M)->412.7M(4096.0M)]
 [Times: user=0.16 sys=0.09, real=0.02 secs] 
0.829: [GC pause (G1 Evacuation Pause) (young), 0.0177115 secs]
   [Parallel Time: 16.0 ms, GC Workers: 18]
      [GC Worker Start (ms): Min: 829.7, Avg: 830.0, Max: 830.2, Diff: 0.5]
      [Ext Root Scanning (ms): Min: 0.0, Avg: 0.1, Max: 0.4, Diff: 0.4, Sum: 2.6]
      [Update RS (ms): Min: 0.0, Avg: 0.1, Max: 0.2, Diff: 0.2, Sum: 1.9]
         [Processed Buffers: Min: 0, Avg: 1.1, Max: 3, Diff: 3, Sum: 20]
      [Scan RS (ms): Min: 0.0, Avg: 0.0, Max: 0.1, Diff: 0.1, Sum: 0.7]
      [Code Root Scanning (ms): Min: 0.0, Avg: 0.0, Max: 0.0, Diff: 0.0, Sum: 0.0]
      [Object Copy (ms): Min: 14.7, Avg: 14.9, Max: 15.3, Diff: 0.6, Sum: 268.7]
      [Termination (ms): Min: 0.0, Avg: 0.4, Max: 0.6, Diff: 0.6, Sum: 6.6]
         [Termination Attempts: Min: 1, Avg: 1.2, Max: 2, Diff: 1, Sum: 22]
      [GC Worker Other (ms): Min: 0.0, Avg: 0.0, Max: 0.1, Diff: 0.1, Sum: 0.4]
      [GC Worker Total (ms): Min: 15.3, Avg: 15.6, Max: 15.9, Diff: 0.5, Sum: 281.0]
      [GC Worker End (ms): Min: 845.6, Avg: 845.6, Max: 845.6, Diff: 0.0]
   [Code Root Fixup: 0.0 ms]
   [Code Root Purge: 0.0 ms]
   [Clear CT: 0.3 ms]
   [Other: 1.4 ms]
      [Choose CSet: 0.0 ms]
      [Ref Proc: 0.3 ms]
      [Ref Enq: 0.0 ms]
      [Redirty Cards: 0.3 ms]
      [Humongous Register: 0.1 ms]
      [Humongous Reclaim: 0.0 ms]
      [Free CSet: 0.2 ms]
   [Eden: 214.0M(214.0M)->0.0B(298.0M) Survivors: 26.0M->30.0M Heap: 626.7M(4096.0M)->481.6M(4096.0M)]
 [Times: user=0.11 sys=0.17, real=0.02 secs] 
0.961: [GC pause (G1 Evacuation Pause) (young), 0.0223148 secs]
   [Parallel Time: 20.5 ms, GC Workers: 18]
      [GC Worker Start (ms): Min: 961.5, Avg: 961.8, Max: 962.1, Diff: 0.6]
      [Ext Root Scanning (ms): Min: 0.0, Avg: 0.2, Max: 0.5, Diff: 0.5, Sum: 3.4]
      [Update RS (ms): Min: 0.0, Avg: 0.1, Max: 0.2, Diff: 0.2, Sum: 2.4]
         [Processed Buffers: Min: 0, Avg: 0.9, Max: 2, Diff: 2, Sum: 17]
      [Scan RS (ms): Min: 0.0, Avg: 0.1, Max: 0.1, Diff: 0.1, Sum: 1.2]
      [Code Root Scanning (ms): Min: 0.0, Avg: 0.0, Max: 0.0, Diff: 0.0, Sum: 0.0]
      [Object Copy (ms): Min: 18.7, Avg: 19.0, Max: 19.5, Diff: 0.9, Sum: 341.4]
      [Termination (ms): Min: 0.0, Avg: 0.6, Max: 0.9, Diff: 0.9, Sum: 10.8]
         [Termination Attempts: Min: 1, Avg: 1.0, Max: 1, Diff: 0, Sum: 18]
      [GC Worker Other (ms): Min: 0.0, Avg: 0.0, Max: 0.1, Diff: 0.1, Sum: 0.7]
      [GC Worker Total (ms): Min: 19.7, Avg: 20.0, Max: 20.3, Diff: 0.6, Sum: 359.9]
      [GC Worker End (ms): Min: 981.8, Avg: 981.8, Max: 981.8, Diff: 0.0]
   [Code Root Fixup: 0.0 ms]
   [Code Root Purge: 0.0 ms]
   [Clear CT: 0.3 ms]
   [Other: 1.5 ms]
      [Choose CSet: 0.0 ms]
      [Ref Proc: 0.3 ms]
      [Ref Enq: 0.0 ms]
      [Redirty Cards: 0.3 ms]
      [Humongous Register: 0.1 ms]
      [Humongous Reclaim: 0.0 ms]
      [Free CSet: 0.3 ms]
   [Eden: 298.0M(298.0M)->0.0B(278.0M) Survivors: 30.0M->42.0M Heap: 779.6M(4096.0M)->571.8M(4096.0M)]
 [Times: user=0.14 sys=0.23, real=0.03 secs] 
1.074: [GC pause (G1 Evacuation Pause) (young), 0.0288344 secs]
   [Parallel Time: 27.2 ms, GC Workers: 18]
      [GC Worker Start (ms): Min: 1073.8, Avg: 1074.0, Max: 1074.2, Diff: 0.4]
      [Ext Root Scanning (ms): Min: 0.0, Avg: 0.2, Max: 0.4, Diff: 0.4, Sum: 3.1]
      [Update RS (ms): Min: 0.1, Avg: 0.1, Max: 0.4, Diff: 0.3, Sum: 2.3]
         [Processed Buffers: Min: 0, Avg: 1.0, Max: 2, Diff: 2, Sum: 18]
      [Scan RS (ms): Min: 0.0, Avg: 0.0, Max: 0.1, Diff: 0.1, Sum: 0.7]
      [Code Root Scanning (ms): Min: 0.0, Avg: 0.0, Max: 0.0, Diff: 0.0, Sum: 0.0]
      [Object Copy (ms): Min: 25.4, Avg: 25.8, Max: 26.3, Diff: 0.9, Sum: 463.7]
      [Termination (ms): Min: 0.0, Avg: 0.6, Max: 0.9, Diff: 0.9, Sum: 10.6]
         [Termination Attempts: Min: 1, Avg: 1.0, Max: 1, Diff: 0, Sum: 18]
      [GC Worker Other (ms): Min: 0.0, Avg: 0.0, Max: 0.1, Diff: 0.0, Sum: 0.5]
      [GC Worker Total (ms): Min: 26.6, Avg: 26.7, Max: 26.9, Diff: 0.3, Sum: 480.9]
      [GC Worker End (ms): Min: 1100.7, Avg: 1100.7, Max: 1100.7, Diff: 0.0]
   [Code Root Fixup: 0.0 ms]
   [Code Root Purge: 0.0 ms]
   [Clear CT: 0.3 ms]
   [Other: 1.3 ms]
      [Choose CSet: 0.0 ms]
      [Ref Proc: 0.3 ms]
      [Ref Enq: 0.0 ms]
      [Redirty Cards: 0.2 ms]
      [Humongous Register: 0.1 ms]
      [Humongous Reclaim: 0.0 ms]
      [Free CSet: 0.3 ms]
   [Eden: 278.0M(278.0M)->0.0B(424.0M) Survivors: 42.0M->40.0M Heap: 849.8M(4096.0M)->649.6M(4096.0M)]
 [Times: user=0.28 sys=0.20, real=0.02 secs] 
1.273: [GC pause (G1 Evacuation Pause) (young), 0.0289891 secs]
   [Parallel Time: 26.6 ms, GC Workers: 18]
      [GC Worker Start (ms): Min: 1273.5, Avg: 1273.8, Max: 1274.1, Diff: 0.7]
      [Ext Root Scanning (ms): Min: 0.0, Avg: 0.2, Max: 0.6, Diff: 0.6, Sum: 4.3]
      [Update RS (ms): Min: 0.0, Avg: 0.2, Max: 0.5, Diff: 0.5, Sum: 2.7]
         [Processed Buffers: Min: 0, Avg: 1.1, Max: 3, Diff: 3, Sum: 19]
      [Scan RS (ms): Min: 0.0, Avg: 0.1, Max: 0.2, Diff: 0.1, Sum: 1.5]
      [Code Root Scanning (ms): Min: 0.0, Avg: 0.0, Max: 0.0, Diff: 0.0, Sum: 0.0]
      [Object Copy (ms): Min: 24.5, Avg: 25.0, Max: 25.4, Diff: 0.9, Sum: 450.5]
      [Termination (ms): Min: 0.0, Avg: 0.4, Max: 0.8, Diff: 0.8, Sum: 7.0]
         [Termination Attempts: Min: 1, Avg: 1.0, Max: 1, Diff: 0, Sum: 18]
      [GC Worker Other (ms): Min: 0.0, Avg: 0.0, Max: 0.0, Diff: 0.0, Sum: 0.4]
      [GC Worker Total (ms): Min: 25.6, Avg: 25.9, Max: 26.3, Diff: 0.7, Sum: 466.5]
      [GC Worker End (ms): Min: 1299.7, Avg: 1299.7, Max: 1299.8, Diff: 0.0]
   [Code Root Fixup: 0.0 ms]
   [Code Root Purge: 0.0 ms]
   [Clear CT: 0.4 ms]
   [Other: 2.0 ms]
      [Choose CSet: 0.0 ms]
      [Ref Proc: 0.4 ms]
      [Ref Enq: 0.0 ms]
      [Redirty Cards: 0.5 ms]
      [Humongous Register: 0.1 ms]
      [Humongous Reclaim: 0.0 ms]
      [Free CSet: 0.5 ms]
   [Eden: 424.0M(424.0M)->0.0B(412.0M) Survivors: 40.0M->58.0M Heap: 1073.6M(4096.0M)->767.2M(4096.0M)]
 [Times: user=0.19 sys=0.28, real=0.03 secs] 
1.434: [GC pause (G1 Evacuation Pause) (young), 0.0388119 secs]
   [Parallel Time: 37.0 ms, GC Workers: 18]
      [GC Worker Start (ms): Min: 1434.0, Avg: 1434.3, Max: 1434.6, Diff: 0.6]
      [Ext Root Scanning (ms): Min: 0.0, Avg: 0.1, Max: 0.4, Diff: 0.4, Sum: 2.6]
      [Update RS (ms): Min: 0.0, Avg: 0.2, Max: 0.5, Diff: 0.5, Sum: 2.8]
         [Processed Buffers: Min: 0, Avg: 1.1, Max: 3, Diff: 3, Sum: 19]
      [Scan RS (ms): Min: 0.0, Avg: 0.1, Max: 0.2, Diff: 0.1, Sum: 1.2]
      [Code Root Scanning (ms): Min: 0.0, Avg: 0.0, Max: 0.0, Diff: 0.0, Sum: 0.0]
      [Object Copy (ms): Min: 35.1, Avg: 35.8, Max: 36.1, Diff: 1.0, Sum: 643.9]
      [Termination (ms): Min: 0.0, Avg: 0.3, Max: 0.5, Diff: 0.5, Sum: 5.8]
         [Termination Attempts: Min: 1, Avg: 1.0, Max: 1, Diff: 0, Sum: 18]
      [GC Worker Other (ms): Min: 0.0, Avg: 0.0, Max: 0.1, Diff: 0.1, Sum: 0.6]
      [GC Worker Total (ms): Min: 36.2, Avg: 36.5, Max: 36.8, Diff: 0.6, Sum: 657.0]
      [GC Worker End (ms): Min: 1470.8, Avg: 1470.8, Max: 1470.9, Diff: 0.1]
   [Code Root Fixup: 0.0 ms]
   [Code Root Purge: 0.0 ms]
   [Clear CT: 0.4 ms]
   [Other: 1.4 ms]
      [Choose CSet: 0.0 ms]
      [Ref Proc: 0.3 ms]
      [Ref Enq: 0.0 ms]
      [Redirty Cards: 0.2 ms]
      [Humongous Register: 0.1 ms]
      [Humongous Reclaim: 0.0 ms]
      [Free CSet: 0.4 ms]
   [Eden: 412.0M(412.0M)->0.0B(500.0M) Survivors: 58.0M->60.0M Heap: 1179.2M(4096.0M)->874.1M(4096.0M)]
 [Times: user=0.39 sys=0.27, real=0.03 secs] 
1.644: [GC pause (G1 Evacuation Pause) (young), 0.0314242 secs]
   [Parallel Time: 29.3 ms, GC Workers: 18]
      [GC Worker Start (ms): Min: 1644.6, Avg: 1645.0, Max: 1645.4, Diff: 0.8]
      [Ext Root Scanning (ms): Min: 0.0, Avg: 0.2, Max: 0.4, Diff: 0.4, Sum: 2.8]
      [Update RS (ms): Min: 0.0, Avg: 0.2, Max: 0.3, Diff: 0.3, Sum: 3.4]
         [Processed Buffers: Min: 0, Avg: 1.1, Max: 3, Diff: 3, Sum: 19]
      [Scan RS (ms): Min: 0.0, Avg: 0.1, Max: 0.2, Diff: 0.2, Sum: 1.6]
      [Code Root Scanning (ms): Min: 0.0, Avg: 0.0, Max: 0.0, Diff: 0.0, Sum: 0.0]
      [Object Copy (ms): Min: 27.5, Avg: 27.9, Max: 28.3, Diff: 0.7, Sum: 501.7]
      [Termination (ms): Min: 0.0, Avg: 0.4, Max: 0.7, Diff: 0.7, Sum: 7.5]
         [Termination Attempts: Min: 1, Avg: 1.0, Max: 1, Diff: 0, Sum: 18]
      [GC Worker Other (ms): Min: 0.0, Avg: 0.0, Max: 0.1, Diff: 0.0, Sum: 0.5]
      [GC Worker Total (ms): Min: 28.3, Avg: 28.8, Max: 29.1, Diff: 0.8, Sum: 517.5]
      [GC Worker End (ms): Min: 1673.7, Avg: 1673.7, Max: 1673.7, Diff: 0.1]
   [Code Root Fixup: 0.0 ms]
   [Code Root Purge: 0.0 ms]
   [Clear CT: 0.4 ms]
   [Other: 1.6 ms]
      [Choose CSet: 0.0 ms]
      [Ref Proc: 0.3 ms]
      [Ref Enq: 0.0 ms]
      [Redirty Cards: 0.2 ms]
      [Humongous Register: 0.1 ms]
      [Humongous Reclaim: 0.0 ms]
      [Free CSet: 0.5 ms]
   [Eden: 500.0M(500.0M)->0.0B(2386.0M) Survivors: 60.0M->70.0M Heap: 1374.1M(4096.0M)->995.5M(4096.0M)]
 [Times: user=0.21 sys=0.31, real=0.03 secs] 
3.015: [GC pause (G1 Evacuation Pause) (young), 0.0748583 secs]
   [Parallel Time: 70.7 ms, GC Workers: 18]
      [GC Worker Start (ms): Min: 3014.9, Avg: 3015.1, Max: 3015.2, Diff: 0.3]
      [Ext Root Scanning (ms): Min: 0.0, Avg: 0.1, Max: 0.3, Diff: 0.3, Sum: 1.7]
      [Update RS (ms): Min: 0.1, Avg: 0.4, Max: 1.6, Diff: 1.5, Sum: 6.4]
         [Processed Buffers: Min: 0, Avg: 1.0, Max: 2, Diff: 2, Sum: 18]
      [Scan RS (ms): Min: 0.1, Avg: 0.5, Max: 0.7, Diff: 0.6, Sum: 8.4]
      [Code Root Scanning (ms): Min: 0.0, Avg: 0.0, Max: 0.0, Diff: 0.0, Sum: 0.1]
      [Object Copy (ms): Min: 66.4, Avg: 67.6, Max: 69.4, Diff: 2.9, Sum: 1216.6]
      [Termination (ms): Min: 0.0, Avg: 1.7, Max: 2.1, Diff: 2.1, Sum: 31.3]
         [Termination Attempts: Min: 1, Avg: 1.0, Max: 1, Diff: 0, Sum: 18]
      [GC Worker Other (ms): Min: 0.0, Avg: 0.1, Max: 0.1, Diff: 0.1, Sum: 1.4]
      [GC Worker Total (ms): Min: 70.2, Avg: 70.3, Max: 70.5, Diff: 0.3, Sum: 1265.9]
      [GC Worker End (ms): Min: 3085.4, Avg: 3085.4, Max: 3085.5, Diff: 0.1]
   [Code Root Fixup: 0.0 ms]
   [Code Root Purge: 0.0 ms]
   [Clear CT: 1.2 ms]
   [Other: 3.0 ms]
      [Choose CSet: 0.0 ms]
      [Ref Proc: 0.3 ms]
      [Ref Enq: 0.0 ms]
      [Redirty Cards: 0.2 ms]
      [Humongous Register: 0.1 ms]
      [Humongous Reclaim: 0.0 ms]
      [Free CSet: 1.8 ms]
   [Eden: 2386.0M(2386.0M)->0.0B(660.0M) Survivors: 70.0M->308.0M Heap: 3381.5M(4096.0M)->1287.5M(4096.0M)]
 [Times: user=0.54 sys=0.74, real=0.07 secs] 
3.303: [GC pause (G1 Evacuation Pause) (young), 0.0766801 secs]
   [Parallel Time: 74.1 ms, GC Workers: 18]
      [GC Worker Start (ms): Min: 3303.4, Avg: 3303.8, Max: 3304.1, Diff: 0.7]
      [Ext Root Scanning (ms): Min: 0.0, Avg: 0.2, Max: 0.6, Diff: 0.6, Sum: 3.5]
      [Update RS (ms): Min: 0.0, Avg: 0.1, Max: 0.3, Diff: 0.3, Sum: 2.0]
         [Processed Buffers: Min: 0, Avg: 0.9, Max: 3, Diff: 3, Sum: 17]
      [Scan RS (ms): Min: 0.0, Avg: 0.2, Max: 0.2, Diff: 0.2, Sum: 3.2]
      [Code Root Scanning (ms): Min: 0.0, Avg: 0.0, Max: 0.0, Diff: 0.0, Sum: 0.1]
      [Object Copy (ms): Min: 72.3, Avg: 72.5, Max: 73.0, Diff: 0.7, Sum: 1304.8]
      [Termination (ms): Min: 0.0, Avg: 0.5, Max: 0.7, Diff: 0.7, Sum: 9.0]
         [Termination Attempts: Min: 1, Avg: 1.0, Max: 1, Diff: 0, Sum: 18]
      [GC Worker Other (ms): Min: 0.0, Avg: 0.0, Max: 0.1, Diff: 0.1, Sum: 0.8]
      [GC Worker Total (ms): Min: 73.2, Avg: 73.5, Max: 73.9, Diff: 0.7, Sum: 1323.3]
      [GC Worker End (ms): Min: 3377.3, Avg: 3377.3, Max: 3377.4, Diff: 0.1]
   [Code Root Fixup: 0.0 ms]
   [Code Root Purge: 0.0 ms]
   [Clear CT: 0.5 ms]
   [Other: 2.0 ms]
      [Choose CSet: 0.0 ms]
      [Ref Proc: 0.4 ms]
      [Ref Enq: 0.0 ms]
      [Redirty Cards: 0.3 ms]
      [Humongous Register: 0.1 ms]
      [Humongous Reclaim: 0.0 ms]
      [Free CSet: 0.8 ms]
   [Eden: 660.0M(660.0M)->0.0B(1066.0M) Survivors: 308.0M->122.0M Heap: 1947.5M(4096.0M)->1323.6M(4096.0M)]
 [Times: user=0.72 sys=0.59, real=0.08 secs] 
3.715: [GC pause (G1 Evacuation Pause) (young), 0.0869301 secs]
   [Parallel Time: 84.0 ms, GC Workers: 18]
      [GC Worker Start (ms): Min: 3715.1, Avg: 3715.5, Max: 3715.9, Diff: 0.8]
      [Ext Root Scanning (ms): Min: 0.0, Avg: 0.2, Max: 0.6, Diff: 0.6, Sum: 3.3]
      [Update RS (ms): Min: 0.0, Avg: 0.2, Max: 1.6, Diff: 1.6, Sum: 4.1]
         [Processed Buffers: Min: 0, Avg: 1.1, Max: 3, Diff: 3, Sum: 19]
      [Scan RS (ms): Min: 0.1, Avg: 0.2, Max: 0.4, Diff: 0.3, Sum: 3.8]
      [Code Root Scanning (ms): Min: 0.0, Avg: 0.0, Max: 0.0, Diff: 0.0, Sum: 0.0]
      [Object Copy (ms): Min: 80.7, Avg: 82.4, Max: 82.8, Diff: 2.2, Sum: 1483.7]
      [Termination (ms): Min: 0.0, Avg: 0.3, Max: 0.5, Diff: 0.5, Sum: 6.3]
         [Termination Attempts: Min: 1, Avg: 1.0, Max: 1, Diff: 0, Sum: 18]
      [GC Worker Other (ms): Min: 0.0, Avg: 0.0, Max: 0.1, Diff: 0.1, Sum: 0.9]
      [GC Worker Total (ms): Min: 83.1, Avg: 83.5, Max: 83.9, Diff: 0.8, Sum: 1502.2]
      [GC Worker End (ms): Min: 3798.9, Avg: 3799.0, Max: 3799.0, Diff: 0.1]
   [Code Root Fixup: 0.0 ms]
   [Code Root Purge: 0.0 ms]
   [Clear CT: 0.7 ms]
   [Other: 2.2 ms]
      [Choose CSet: 0.0 ms]
      [Ref Proc: 0.3 ms]
      [Ref Enq: 0.0 ms]
      [Redirty Cards: 0.3 ms]
      [Humongous Register: 0.1 ms]
      [Humongous Reclaim: 0.0 ms]
      [Free CSet: 1.1 ms]
   [Eden: 1066.0M(1066.0M)->0.0B(1200.0M) Survivors: 122.0M->150.0M Heap: 2389.6M(4096.0M)->1495.1M(4096.0M)]
 [Times: user=1.05 sys=0.45, real=0.08 secs] 
4.176: [GC pause (G1 Evacuation Pause) (young), 0.0923585 secs]
   [Parallel Time: 89.5 ms, GC Workers: 18]
      [GC Worker Start (ms): Min: 4175.8, Avg: 4176.2, Max: 4176.6, Diff: 0.8]
      [Ext Root Scanning (ms): Min: 0.0, Avg: 0.2, Max: 0.5, Diff: 0.5, Sum: 3.1]
      [Update RS (ms): Min: 0.0, Avg: 0.3, Max: 0.7, Diff: 0.7, Sum: 4.5]
         [Processed Buffers: Min: 0, Avg: 1.1, Max: 2, Diff: 2, Sum: 19]
      [Scan RS (ms): Min: 0.1, Avg: 0.2, Max: 0.4, Diff: 0.3, Sum: 4.3]
      [Code Root Scanning (ms): Min: 0.0, Avg: 0.0, Max: 0.0, Diff: 0.0, Sum: 0.0]
      [Object Copy (ms): Min: 86.7, Avg: 87.0, Max: 88.1, Diff: 1.4, Sum: 1566.0]
      [Termination (ms): Min: 0.0, Avg: 1.1, Max: 1.4, Diff: 1.4, Sum: 20.5]
         [Termination Attempts: Min: 1, Avg: 1.0, Max: 1, Diff: 0, Sum: 18]
      [GC Worker Other (ms): Min: 0.0, Avg: 0.1, Max: 0.1, Diff: 0.1, Sum: 0.9]
      [GC Worker Total (ms): Min: 88.5, Avg: 88.9, Max: 89.3, Diff: 0.8, Sum: 1599.4]
      [GC Worker End (ms): Min: 4265.0, Avg: 4265.1, Max: 4265.1, Diff: 0.1]
   [Code Root Fixup: 0.0 ms]
   [Code Root Purge: 0.0 ms]
   [Clear CT: 0.8 ms]
   [Other: 2.1 ms]
      [Choose CSet: 0.0 ms]
      [Ref Proc: 0.3 ms]
      [Ref Enq: 0.0 ms]
      [Redirty Cards: 0.2 ms]
      [Humongous Register: 0.1 ms]
      [Humongous Reclaim: 0.0 ms]
      [Free CSet: 1.2 ms]
   [Eden: 1200.0M(1200.0M)->0.0B(1358.0M) Survivors: 150.0M->170.0M Heap: 2695.1M(4096.0M)->1667.4M(4096.0M)]
 [Times: user=0.73 sys=0.88, real=0.09 secs] 
4.749: [GC pause (G1 Evacuation Pause) (young), 0.1027672 secs]
   [Parallel Time: 99.7 ms, GC Workers: 18]
      [GC Worker Start (ms): Min: 4749.5, Avg: 4749.9, Max: 4750.3, Diff: 0.7]
      [Ext Root Scanning (ms): Min: 0.0, Avg: 0.1, Max: 0.2, Diff: 0.2, Sum: 1.0]
      [Update RS (ms): Min: 0.0, Avg: 0.3, Max: 1.4, Diff: 1.4, Sum: 4.9]
         [Processed Buffers: Min: 0, Avg: 1.1, Max: 3, Diff: 3, Sum: 19]
      [Scan RS (ms): Min: 0.1, Avg: 0.3, Max: 0.4, Diff: 0.4, Sum: 4.7]
      [Code Root Scanning (ms): Min: 0.0, Avg: 0.0, Max: 0.0, Diff: 0.0, Sum: 0.1]
      [Object Copy (ms): Min: 95.3, Avg: 96.0, Max: 98.6, Diff: 3.3, Sum: 1727.7]
      [Termination (ms): Min: 0.0, Avg: 2.6, Max: 3.3, Diff: 3.3, Sum: 46.7]
         [Termination Attempts: Min: 1, Avg: 1.0, Max: 1, Diff: 0, Sum: 18]
      [GC Worker Other (ms): Min: 0.0, Avg: 0.1, Max: 0.1, Diff: 0.1, Sum: 1.0]
      [GC Worker Total (ms): Min: 98.8, Avg: 99.2, Max: 99.5, Diff: 0.7, Sum: 1786.1]
      [GC Worker End (ms): Min: 4849.0, Avg: 4849.1, Max: 4849.1, Diff: 0.1]
   [Code Root Fixup: 0.0 ms]
   [Code Root Purge: 0.0 ms]
   [Clear CT: 0.9 ms]
   [Other: 2.2 ms]
      [Choose CSet: 0.0 ms]
      [Ref Proc: 0.2 ms]
      [Ref Enq: 0.0 ms]
      [Redirty Cards: 0.2 ms]
      [Humongous Register: 0.1 ms]
      [Humongous Reclaim: 0.0 ms]
      [Free CSet: 1.3 ms]
   [Eden: 1358.0M(1358.0M)->0.0B(1478.0M) Survivors: 170.0M->192.0M Heap: 3025.4M(4096.0M)->1843.2M(4096.0M)]
 [Times: user=0.68 sys=1.11, real=0.10 secs] 
执行结束。共生成对象次数:39974
Heap
 garbage-first heap   total 4194304K, used 2739417K [0x00000006c0000000, 0x00000006c0204000, 0x00000007c0000000)
  region size 2048K, 513 young (1050624K), 96 survivors (196608K)
 Metaspace       used 2533K, capacity 4486K, committed 4864K, reserved 1056768K
  class space    used 273K, capacity 386K, committed 512K, reserved 1048576K
开始执行.......
0.318: [GC pause (G1 Evacuation Pause) (young), 0.0182108 secs]
   [Parallel Time: 16.1 ms, GC Workers: 18]
      [GC Worker Start (ms): Min: 318.5, Avg: 323.2, Max: 330.7, Diff: 12.1]
      [Ext Root Scanning (ms): Min: 0.0, Avg: 0.2, Max: 0.6, Diff: 0.6, Sum: 2.8]
      [Update RS (ms): Min: 0.0, Avg: 0.0, Max: 0.0, Diff: 0.0, Sum: 0.0]
         [Processed Buffers: Min: 0, Avg: 0.0, Max: 0, Diff: 0, Sum: 0]
      [Scan RS (ms): Min: 0.0, Avg: 0.0, Max: 0.1, Diff: 0.1, Sum: 0.6]
      [Code Root Scanning (ms): Min: 0.0, Avg: 0.0, Max: 0.1, Diff: 0.1, Sum: 0.1]
      [Object Copy (ms): Min: 1.8, Avg: 9.2, Max: 15.2, Diff: 13.4, Sum: 164.8]
      [Termination (ms): Min: 0.0, Avg: 1.8, Max: 2.2, Diff: 2.2, Sum: 33.0]
         [Termination Attempts: Min: 1, Avg: 1.0, Max: 1, Diff: 0, Sum: 18]
      [GC Worker Other (ms): Min: 0.0, Avg: 0.0, Max: 0.0, Diff: 0.0, Sum: 0.5]
      [GC Worker Total (ms): Min: 3.7, Avg: 11.2, Max: 15.8, Diff: 12.1, Sum: 201.7]
      [GC Worker End (ms): Min: 334.4, Avg: 334.4, Max: 334.4, Diff: 0.0]
   [Code Root Fixup: 0.0 ms]
   [Code Root Purge: 0.0 ms]
   [Clear CT: 0.3 ms]
   [Other: 1.8 ms]
      [Choose CSet: 0.0 ms]
      [Ref Proc: 0.4 ms]
      [Ref Enq: 0.0 ms]
      [Redirty Cards: 0.3 ms]
      [Humongous Register: 0.2 ms]
      [Humongous Reclaim: 0.0 ms]
      [Free CSet: 0.2 ms]
   [Eden: 204.0M(204.0M)->0.0B(178.0M) Survivors: 0.0B->26.0M Heap: 204.0M(4096.0M)->66.8M(4096.0M)]
 [Times: user=0.11 sys=0.09, real=0.01 secs] 
0.395: [GC pause (G1 Evacuation Pause) (young), 0.0219428 secs]
   [Parallel Time: 20.3 ms, GC Workers: 18]
      [GC Worker Start (ms): Min: 395.0, Avg: 395.3, Max: 395.5, Diff: 0.5]
      [Ext Root Scanning (ms): Min: 0.0, Avg: 0.2, Max: 0.4, Diff: 0.4, Sum: 2.8]
      [Update RS (ms): Min: 0.0, Avg: 0.0, Max: 0.0, Diff: 0.0, Sum: 0.3]
         [Processed Buffers: Min: 0, Avg: 0.7, Max: 2, Diff: 2, Sum: 13]
      [Scan RS (ms): Min: 0.0, Avg: 0.0, Max: 0.1, Diff: 0.1, Sum: 0.9]
      [Code Root Scanning (ms): Min: 0.0, Avg: 0.0, Max: 0.0, Diff: 0.0, Sum: 0.1]
      [Object Copy (ms): Min: 18.8, Avg: 19.2, Max: 19.5, Diff: 0.7, Sum: 345.0]
      [Termination (ms): Min: 0.0, Avg: 0.3, Max: 0.7, Diff: 0.7, Sum: 5.9]
         [Termination Attempts: Min: 1, Avg: 1.0, Max: 1, Diff: 0, Sum: 18]
      [GC Worker Other (ms): Min: 0.0, Avg: 0.0, Max: 0.0, Diff: 0.0, Sum: 0.3]
      [GC Worker Total (ms): Min: 19.5, Avg: 19.7, Max: 20.0, Diff: 0.5, Sum: 355.2]
      [GC Worker End (ms): Min: 415.0, Avg: 415.0, Max: 415.0, Diff: 0.0]
   [Code Root Fixup: 0.0 ms]
   [Code Root Purge: 0.0 ms]
   [Clear CT: 0.3 ms]
   [Other: 1.4 ms]
      [Choose CSet: 0.0 ms]
      [Ref Proc: 0.4 ms]
      [Ref Enq: 0.0 ms]
      [Redirty Cards: 0.3 ms]
      [Humongous Register: 0.1 ms]
      [Humongous Reclaim: 0.0 ms]
      [Free CSet: 0.2 ms]
   [Eden: 178.0M(178.0M)->0.0B(178.0M) Survivors: 26.0M->26.0M Heap: 244.8M(4096.0M)->124.5M(4096.0M)]
 [Times: user=0.19 sys=0.17, real=0.02 secs] 
0.473: [GC pause (G1 Evacuation Pause) (young), 0.0160606 secs]
   [Parallel Time: 14.6 ms, GC Workers: 18]
      [GC Worker Start (ms): Min: 473.3, Avg: 473.5, Max: 473.7, Diff: 0.4]
      [Ext Root Scanning (ms): Min: 0.0, Avg: 0.2, Max: 0.3, Diff: 0.3, Sum: 3.0]
      [Update RS (ms): Min: 0.0, Avg: 0.2, Max: 0.9, Diff: 0.9, Sum: 3.1]
         [Processed Buffers: Min: 0, Avg: 1.1, Max: 4, Diff: 4, Sum: 19]
      [Scan RS (ms): Min: 0.0, Avg: 0.0, Max: 0.1, Diff: 0.0, Sum: 0.5]
      [Code Root Scanning (ms): Min: 0.0, Avg: 0.0, Max: 0.0, Diff: 0.0, Sum: 0.0]
      [Object Copy (ms): Min: 12.4, Avg: 13.3, Max: 13.7, Diff: 1.3, Sum: 239.3]
      [Termination (ms): Min: 0.0, Avg: 0.4, Max: 0.7, Diff: 0.7, Sum: 7.4]
         [Termination Attempts: Min: 1, Avg: 1.0, Max: 1, Diff: 0, Sum: 18]
      [GC Worker Other (ms): Min: 0.0, Avg: 0.0, Max: 0.0, Diff: 0.0, Sum: 0.5]
      [GC Worker Total (ms): Min: 13.9, Avg: 14.1, Max: 14.3, Diff: 0.4, Sum: 253.7]
      [GC Worker End (ms): Min: 487.6, Avg: 487.6, Max: 487.6, Diff: 0.0]
   [Code Root Fixup: 0.0 ms]
   [Code Root Purge: 0.0 ms]
   [Clear CT: 0.3 ms]
   [Other: 1.2 ms]
      [Choose CSet: 0.0 ms]
      [Ref Proc: 0.3 ms]
      [Ref Enq: 0.0 ms]
      [Redirty Cards: 0.3 ms]
      [Humongous Register: 0.0 ms]
      [Humongous Reclaim: 0.0 ms]
      [Free CSet: 0.2 ms]
   [Eden: 178.0M(178.0M)->0.0B(178.0M) Survivors: 26.0M->26.0M Heap: 302.5M(4096.0M)->170.6M(4096.0M)]
 [Times: user=0.14 sys=0.12, real=0.02 secs] 
0.546: [GC pause (G1 Evacuation Pause) (young), 0.0211704 secs]
   [Parallel Time: 19.3 ms, GC Workers: 18]
      [GC Worker Start (ms): Min: 545.9, Avg: 546.2, Max: 546.5, Diff: 0.5]
      [Ext Root Scanning (ms): Min: 0.0, Avg: 0.2, Max: 0.4, Diff: 0.4, Sum: 3.6]
      [Update RS (ms): Min: 0.0, Avg: 0.1, Max: 0.1, Diff: 0.1, Sum: 1.7]
         [Processed Buffers: Min: 0, Avg: 1.1, Max: 3, Diff: 3, Sum: 20]
      [Scan RS (ms): Min: 0.0, Avg: 0.0, Max: 0.1, Diff: 0.1, Sum: 0.5]
      [Code Root Scanning (ms): Min: 0.0, Avg: 0.0, Max: 0.0, Diff: 0.0, Sum: 0.0]
      [Object Copy (ms): Min: 17.6, Avg: 18.1, Max: 18.5, Diff: 0.9, Sum: 325.5]
      [Termination (ms): Min: 0.0, Avg: 0.4, Max: 0.8, Diff: 0.8, Sum: 7.4]
         [Termination Attempts: Min: 1, Avg: 1.0, Max: 1, Diff: 0, Sum: 18]
      [GC Worker Other (ms): Min: 0.0, Avg: 0.0, Max: 0.2, Diff: 0.2, Sum: 0.8]
      [GC Worker Total (ms): Min: 18.6, Avg: 18.9, Max: 19.1, Diff: 0.6, Sum: 339.6]
      [GC Worker End (ms): Min: 565.0, Avg: 565.0, Max: 565.1, Diff: 0.0]
   [Code Root Fixup: 0.0 ms]
   [Code Root Purge: 0.0 ms]
   [Clear CT: 0.6 ms]
   [Other: 1.3 ms]
      [Choose CSet: 0.0 ms]
      [Ref Proc: 0.3 ms]
      [Ref Enq: 0.0 ms]
      [Redirty Cards: 0.3 ms]
      [Humongous Register: 0.0 ms]
      [Humongous Reclaim: 0.0 ms]
      [Free CSet: 0.2 ms]
   [Eden: 178.0M(178.0M)->0.0B(178.0M) Survivors: 26.0M->26.0M Heap: 348.6M(4096.0M)->228.5M(4096.0M)]
 [Times: user=0.20 sys=0.14, real=0.02 secs] 
0.623: [GC pause (G1 Evacuation Pause) (young), 0.0172795 secs]
   [Parallel Time: 15.6 ms, GC Workers: 18]
      [GC Worker Start (ms): Min: 622.8, Avg: 623.2, Max: 623.5, Diff: 0.8]
      [Ext Root Scanning (ms): Min: 0.0, Avg: 0.2, Max: 0.5, Diff: 0.5, Sum: 3.3]
      [Update RS (ms): Min: 0.0, Avg: 0.1, Max: 0.5, Diff: 0.5, Sum: 2.0]
         [Processed Buffers: Min: 0, Avg: 1.1, Max: 3, Diff: 3, Sum: 19]
      [Scan RS (ms): Min: 0.0, Avg: 0.0, Max: 0.1, Diff: 0.1, Sum: 0.6]
      [Code Root Scanning (ms): Min: 0.0, Avg: 0.0, Max: 0.0, Diff: 0.0, Sum: 0.0]
      [Object Copy (ms): Min: 12.2, Avg: 13.9, Max: 14.7, Diff: 2.5, Sum: 250.5]
      [Termination (ms): Min: 0.0, Avg: 0.6, Max: 1.1, Diff: 1.1, Sum: 11.3]
         [Termination Attempts: Min: 1, Avg: 1.0, Max: 1, Diff: 0, Sum: 18]
      [GC Worker Other (ms): Min: 0.0, Avg: 0.2, Max: 2.4, Diff: 2.4, Sum: 2.9]
      [GC Worker Total (ms): Min: 14.6, Avg: 15.0, Max: 15.4, Diff: 0.7, Sum: 270.6]
      [GC Worker End (ms): Min: 638.2, Avg: 638.2, Max: 638.2, Diff: 0.0]
   [Code Root Fixup: 0.0 ms]
   [Code Root Purge: 0.0 ms]
   [Clear CT: 0.3 ms]
   [Other: 1.4 ms]
      [Choose CSet: 0.0 ms]
      [Ref Proc: 0.3 ms]
      [Ref Enq: 0.0 ms]
      [Redirty Cards: 0.3 ms]
      [Humongous Register: 0.1 ms]
      [Humongous Reclaim: 0.0 ms]
      [Free CSet: 0.2 ms]
   [Eden: 178.0M(178.0M)->0.0B(178.0M) Survivors: 26.0M->26.0M Heap: 406.5M(4096.0M)->276.7M(4096.0M)]
 [Times: user=0.13 sys=0.13, real=0.02 secs] 
0.696: [GC pause (G1 Evacuation Pause) (young), 0.0213079 secs]
   [Parallel Time: 19.7 ms, GC Workers: 18]
      [GC Worker Start (ms): Min: 696.6, Avg: 696.9, Max: 697.2, Diff: 0.5]
      [Ext Root Scanning (ms): Min: 0.0, Avg: 0.2, Max: 0.5, Diff: 0.5, Sum: 4.1]
      [Update RS (ms): Min: 0.1, Avg: 0.1, Max: 0.1, Diff: 0.1, Sum: 1.8]
         [Processed Buffers: Min: 0, Avg: 1.0, Max: 2, Diff: 2, Sum: 18]
      [Scan RS (ms): Min: 0.0, Avg: 0.0, Max: 0.0, Diff: 0.0, Sum: 0.5]
      [Code Root Scanning (ms): Min: 0.0, Avg: 0.0, Max: 0.0, Diff: 0.0, Sum: 0.0]
      [Object Copy (ms): Min: 18.0, Avg: 18.3, Max: 18.7, Diff: 0.7, Sum: 330.1]
      [Termination (ms): Min: 0.0, Avg: 0.3, Max: 0.6, Diff: 0.6, Sum: 6.0]
         [Termination Attempts: Min: 1, Avg: 1.0, Max: 1, Diff: 0, Sum: 18]
      [GC Worker Other (ms): Min: 0.0, Avg: 0.1, Max: 0.3, Diff: 0.3, Sum: 1.0]
      [GC Worker Total (ms): Min: 18.9, Avg: 19.1, Max: 19.4, Diff: 0.5, Sum: 343.4]
      [GC Worker End (ms): Min: 716.0, Avg: 716.0, Max: 716.0, Diff: 0.0]
   [Code Root Fixup: 0.0 ms]
   [Code Root Purge: 0.0 ms]
   [Clear CT: 0.3 ms]
   [Other: 1.4 ms]
      [Choose CSet: 0.0 ms]
      [Ref Proc: 0.3 ms]
      [Ref Enq: 0.0 ms]
      [Redirty Cards: 0.3 ms]
      [Humongous Register: 0.1 ms]
      [Humongous Reclaim: 0.0 ms]
      [Free CSet: 0.2 ms]
   [Eden: 178.0M(178.0M)->0.0B(178.0M) Survivors: 26.0M->26.0M Heap: 454.7M(4096.0M)->331.3M(4096.0M)]
 [Times: user=0.19 sys=0.16, real=0.03 secs] 
0.772: [GC pause (G1 Evacuation Pause) (young), 0.0187281 secs]
   [Parallel Time: 17.2 ms, GC Workers: 18]
      [GC Worker Start (ms): Min: 771.9, Avg: 772.2, Max: 772.5, Diff: 0.5]
      [Ext Root Scanning (ms): Min: 0.0, Avg: 0.1, Max: 0.4, Diff: 0.4, Sum: 2.7]
      [Update RS (ms): Min: 0.0, Avg: 0.1, Max: 0.3, Diff: 0.3, Sum: 2.2]
         [Processed Buffers: Min: 0, Avg: 1.0, Max: 2, Diff: 2, Sum: 18]
      [Scan RS (ms): Min: 0.0, Avg: 0.0, Max: 0.1, Diff: 0.1, Sum: 0.5]
      [Code Root Scanning (ms): Min: 0.0, Avg: 0.0, Max: 0.0, Diff: 0.0, Sum: 0.0]
      [Object Copy (ms): Min: 15.5, Avg: 15.8, Max: 16.3, Diff: 0.8, Sum: 284.0]
      [Termination (ms): Min: 0.0, Avg: 0.5, Max: 0.8, Diff: 0.8, Sum: 9.6]
         [Termination Attempts: Min: 1, Avg: 1.0, Max: 1, Diff: 0, Sum: 18]
      [GC Worker Other (ms): Min: 0.0, Avg: 0.0, Max: 0.2, Diff: 0.2, Sum: 0.6]
      [GC Worker Total (ms): Min: 16.4, Avg: 16.6, Max: 16.9, Diff: 0.5, Sum: 299.6]
      [GC Worker End (ms): Min: 788.8, Avg: 788.8, Max: 788.9, Diff: 0.0]
   [Code Root Fixup: 0.0 ms]
   [Code Root Purge: 0.0 ms]
   [Clear CT: 0.2 ms]
   [Other: 1.3 ms]
      [Choose CSet: 0.0 ms]
      [Ref Proc: 0.3 ms]
      [Ref Enq: 0.0 ms]
      [Redirty Cards: 0.2 ms]
      [Humongous Register: 0.1 ms]
      [Humongous Reclaim: 0.0 ms]
      [Free CSet: 0.2 ms]
   [Eden: 178.0M(178.0M)->0.0B(196.0M) Survivors: 26.0M->26.0M Heap: 509.3M(4096.0M)->395.3M(4096.0M)]
 [Times: user=0.16 sys=0.15, real=0.02 secs] 
0.854: [GC pause (G1 Evacuation Pause) (young), 0.0191308 secs]
   [Parallel Time: 17.7 ms, GC Workers: 18]
      [GC Worker Start (ms): Min: 854.1, Avg: 854.5, Max: 855.0, Diff: 0.9]
      [Ext Root Scanning (ms): Min: 0.0, Avg: 0.1, Max: 0.3, Diff: 0.3, Sum: 1.5]
      [Update RS (ms): Min: 0.0, Avg: 0.1, Max: 0.2, Diff: 0.2, Sum: 1.4]
         [Processed Buffers: Min: 0, Avg: 1.1, Max: 3, Diff: 3, Sum: 20]
      [Scan RS (ms): Min: 0.0, Avg: 0.0, Max: 0.1, Diff: 0.1, Sum: 0.7]
      [Code Root Scanning (ms): Min: 0.0, Avg: 0.0, Max: 0.0, Diff: 0.0, Sum: 0.0]
      [Object Copy (ms): Min: 15.9, Avg: 16.4, Max: 16.9, Diff: 1.0, Sum: 294.8]
      [Termination (ms): Min: 0.0, Avg: 0.4, Max: 0.7, Diff: 0.7, Sum: 7.4]
         [Termination Attempts: Min: 1, Avg: 1.0, Max: 1, Diff: 0, Sum: 18]
      [GC Worker Other (ms): Min: 0.0, Avg: 0.0, Max: 0.1, Diff: 0.1, Sum: 0.5]
      [GC Worker Total (ms): Min: 16.5, Avg: 17.0, Max: 17.4, Diff: 0.9, Sum: 306.3]
      [GC Worker End (ms): Min: 871.5, Avg: 871.5, Max: 871.5, Diff: 0.0]
   [Code Root Fixup: 0.0 ms]
   [Code Root Purge: 0.0 ms]
   [Clear CT: 0.2 ms]
   [Other: 1.2 ms]
      [Choose CSet: 0.0 ms]
      [Ref Proc: 0.2 ms]
      [Ref Enq: 0.0 ms]
      [Redirty Cards: 0.3 ms]
      [Humongous Register: 0.1 ms]
      [Humongous Reclaim: 0.0 ms]
      [Free CSet: 0.2 ms]
   [Eden: 196.0M(196.0M)->0.0B(274.0M) Survivors: 26.0M->28.0M Heap: 591.3M(4096.0M)->457.7M(4096.0M)]
 [Times: user=0.13 sys=0.18, real=0.02 secs] 
0.976: [GC pause (G1 Evacuation Pause) (young), 0.0219179 secs]
   [Parallel Time: 19.8 ms, GC Workers: 18]
      [GC Worker Start (ms): Min: 976.2, Avg: 976.5, Max: 976.8, Diff: 0.6]
      [Ext Root Scanning (ms): Min: 0.0, Avg: 0.1, Max: 0.4, Diff: 0.4, Sum: 2.2]
      [Update RS (ms): Min: 0.0, Avg: 0.1, Max: 0.3, Diff: 0.3, Sum: 1.8]
         [Processed Buffers: Min: 0, Avg: 0.9, Max: 2, Diff: 2, Sum: 17]
      [Scan RS (ms): Min: 0.0, Avg: 0.1, Max: 0.1, Diff: 0.1, Sum: 0.9]
      [Code Root Scanning (ms): Min: 0.0, Avg: 0.0, Max: 0.0, Diff: 0.0, Sum: 0.0]
      [Object Copy (ms): Min: 18.4, Avg: 18.6, Max: 18.9, Diff: 0.6, Sum: 334.6]
      [Termination (ms): Min: 0.0, Avg: 0.4, Max: 0.6, Diff: 0.6, Sum: 6.5]
         [Termination Attempts: Min: 1, Avg: 1.0, Max: 1, Diff: 0, Sum: 18]
      [GC Worker Other (ms): Min: 0.0, Avg: 0.0, Max: 0.1, Diff: 0.0, Sum: 0.4]
      [GC Worker Total (ms): Min: 19.0, Avg: 19.2, Max: 19.6, Diff: 0.6, Sum: 346.4]
      [GC Worker End (ms): Min: 995.8, Avg: 995.8, Max: 995.8, Diff: 0.0]
   [Code Root Fixup: 0.0 ms]
   [Code Root Purge: 0.0 ms]
   [Clear CT: 0.3 ms]
   [Other: 1.8 ms]
      [Choose CSet: 0.0 ms]
      [Ref Proc: 0.3 ms]
      [Ref Enq: 0.0 ms]
      [Redirty Cards: 0.4 ms]
      [Humongous Register: 0.1 ms]
      [Humongous Reclaim: 0.0 ms]
      [Free CSet: 0.3 ms]
   [Eden: 274.0M(274.0M)->0.0B(288.0M) Survivors: 28.0M->38.0M Heap: 731.7M(4096.0M)->531.3M(4096.0M)]
 [Times: user=0.11 sys=0.25, real=0.03 secs] 
1.092: [GC pause (G1 Evacuation Pause) (young), 0.0255791 secs]
   [Parallel Time: 23.7 ms, GC Workers: 18]
      [GC Worker Start (ms): Min: 1091.8, Avg: 1092.2, Max: 1092.4, Diff: 0.6]
      [Ext Root Scanning (ms): Min: 0.0, Avg: 0.2, Max: 0.4, Diff: 0.4, Sum: 2.9]
      [Update RS (ms): Min: 0.0, Avg: 0.1, Max: 0.3, Diff: 0.3, Sum: 2.1]
         [Processed Buffers: Min: 0, Avg: 1.1, Max: 3, Diff: 3, Sum: 19]
      [Scan RS (ms): Min: 0.0, Avg: 0.1, Max: 0.1, Diff: 0.1, Sum: 0.9]
      [Code Root Scanning (ms): Min: 0.0, Avg: 0.0, Max: 0.0, Diff: 0.0, Sum: 0.0]
      [Object Copy (ms): Min: 22.2, Avg: 22.4, Max: 22.7, Diff: 0.5, Sum: 403.9]
      [Termination (ms): Min: 0.0, Avg: 0.3, Max: 0.6, Diff: 0.6, Sum: 5.5]
         [Termination Attempts: Min: 1, Avg: 1.0, Max: 1, Diff: 0, Sum: 18]
      [GC Worker Other (ms): Min: 0.0, Avg: 0.0, Max: 0.1, Diff: 0.1, Sum: 0.5]
      [GC Worker Total (ms): Min: 22.8, Avg: 23.1, Max: 23.4, Diff: 0.6, Sum: 415.8]
      [GC Worker End (ms): Min: 1115.2, Avg: 1115.3, Max: 1115.3, Diff: 0.0]
   [Code Root Fixup: 0.0 ms]
   [Code Root Purge: 0.0 ms]
   [Clear CT: 0.3 ms]
   [Other: 1.6 ms]
      [Choose CSet: 0.0 ms]
      [Ref Proc: 0.4 ms]
      [Ref Enq: 0.0 ms]
      [Redirty Cards: 0.3 ms]
      [Humongous Register: 0.1 ms]
      [Humongous Reclaim: 0.0 ms]
      [Free CSet: 0.3 ms]
   [Eden: 288.0M(288.0M)->0.0B(440.0M) Survivors: 38.0M->42.0M Heap: 819.3M(4096.0M)->614.8M(4096.0M)]
 [Times: user=0.15 sys=0.27, real=0.02 secs] 
1.300: [GC pause (G1 Evacuation Pause) (young), 0.0325367 secs]
   [Parallel Time: 30.5 ms, GC Workers: 18]
      [GC Worker Start (ms): Min: 1300.6, Avg: 1300.9, Max: 1301.2, Diff: 0.6]
      [Ext Root Scanning (ms): Min: 0.0, Avg: 0.2, Max: 0.5, Diff: 0.5, Sum: 3.7]
      [Update RS (ms): Min: 0.1, Avg: 0.2, Max: 0.2, Diff: 0.1, Sum: 2.9]
         [Processed Buffers: Min: 0, Avg: 1.1, Max: 2, Diff: 2, Sum: 19]
      [Scan RS (ms): Min: 0.0, Avg: 0.1, Max: 0.2, Diff: 0.1, Sum: 1.4]
      [Code Root Scanning (ms): Min: 0.0, Avg: 0.0, Max: 0.0, Diff: 0.0, Sum: 0.0]
      [Object Copy (ms): Min: 28.7, Avg: 29.0, Max: 29.4, Diff: 0.7, Sum: 521.2]
      [Termination (ms): Min: 0.0, Avg: 0.5, Max: 0.7, Diff: 0.7, Sum: 8.2]
         [Termination Attempts: Min: 1, Avg: 1.0, Max: 1, Diff: 0, Sum: 18]
      [GC Worker Other (ms): Min: 0.0, Avg: 0.0, Max: 0.1, Diff: 0.0, Sum: 0.5]
      [GC Worker Total (ms): Min: 29.6, Avg: 29.9, Max: 30.2, Diff: 0.6, Sum: 538.0]
      [GC Worker End (ms): Min: 1330.8, Avg: 1330.8, Max: 1330.8, Diff: 0.0]
   [Code Root Fixup: 0.0 ms]
   [Code Root Purge: 0.0 ms]
   [Clear CT: 0.3 ms]
   [Other: 1.7 ms]
      [Choose CSet: 0.0 ms]
      [Ref Proc: 0.3 ms]
      [Ref Enq: 0.0 ms]
      [Redirty Cards: 0.3 ms]
      [Humongous Register: 0.1 ms]
      [Humongous Reclaim: 0.0 ms]
      [Free CSet: 0.4 ms]
   [Eden: 440.0M(440.0M)->0.0B(402.0M) Survivors: 42.0M->62.0M Heap: 1054.8M(4096.0M)->737.4M(4096.0M)]
 [Times: user=0.16 sys=0.38, real=0.03 secs] 
1.461: [GC pause (G1 Evacuation Pause) (young), 0.0424794 secs]
   [Parallel Time: 40.4 ms, GC Workers: 18]
      [GC Worker Start (ms): Min: 1461.4, Avg: 1461.8, Max: 1462.2, Diff: 0.8]
      [Ext Root Scanning (ms): Min: 0.0, Avg: 0.1, Max: 0.4, Diff: 0.4, Sum: 1.8]
      [Update RS (ms): Min: 0.0, Avg: 0.1, Max: 0.2, Diff: 0.2, Sum: 2.0]
         [Processed Buffers: Min: 0, Avg: 1.1, Max: 3, Diff: 3, Sum: 19]
      [Scan RS (ms): Min: 0.0, Avg: 0.1, Max: 0.1, Diff: 0.1, Sum: 1.2]
      [Code Root Scanning (ms): Min: 0.0, Avg: 0.0, Max: 0.0, Diff: 0.0, Sum: 0.0]
      [Object Copy (ms): Min: 38.7, Avg: 39.1, Max: 39.4, Diff: 0.7, Sum: 703.1]
      [Termination (ms): Min: 0.0, Avg: 0.3, Max: 0.6, Diff: 0.6, Sum: 5.6]
         [Termination Attempts: Min: 1, Avg: 1.0, Max: 1, Diff: 0, Sum: 18]
      [GC Worker Other (ms): Min: 0.0, Avg: 0.0, Max: 0.1, Diff: 0.1, Sum: 0.5]
      [GC Worker Total (ms): Min: 39.3, Avg: 39.7, Max: 40.0, Diff: 0.7, Sum: 714.2]
      [GC Worker End (ms): Min: 1501.4, Avg: 1501.4, Max: 1501.5, Diff: 0.0]
   [Code Root Fixup: 0.0 ms]
   [Code Root Purge: 0.0 ms]
   [Clear CT: 0.3 ms]
   [Other: 1.8 ms]
      [Choose CSet: 0.0 ms]
      [Ref Proc: 0.3 ms]
      [Ref Enq: 0.0 ms]
      [Redirty Cards: 0.3 ms]
      [Humongous Register: 0.1 ms]
      [Humongous Reclaim: 0.0 ms]
      [Free CSet: 0.5 ms]
   [Eden: 402.0M(402.0M)->0.0B(508.0M) Survivors: 62.0M->58.0M Heap: 1139.4M(4096.0M)->847.9M(4096.0M)]
 [Times: user=0.38 sys=0.33, real=0.04 secs] 
1.676: [GC pause (G1 Evacuation Pause) (young), 0.0371203 secs]
   [Parallel Time: 34.7 ms, GC Workers: 18]
      [GC Worker Start (ms): Min: 1676.1, Avg: 1676.5, Max: 1676.8, Diff: 0.7]
      [Ext Root Scanning (ms): Min: 0.0, Avg: 0.2, Max: 0.5, Diff: 0.5, Sum: 3.3]
      [Update RS (ms): Min: 0.0, Avg: 0.2, Max: 0.3, Diff: 0.3, Sum: 3.0]
         [Processed Buffers: Min: 0, Avg: 1.1, Max: 3, Diff: 3, Sum: 19]
      [Scan RS (ms): Min: 0.0, Avg: 0.1, Max: 0.2, Diff: 0.1, Sum: 1.6]
      [Code Root Scanning (ms): Min: 0.0, Avg: 0.0, Max: 0.0, Diff: 0.0, Sum: 0.0]
      [Object Copy (ms): Min: 32.6, Avg: 33.0, Max: 33.6, Diff: 0.9, Sum: 593.6]
      [Termination (ms): Min: 0.0, Avg: 0.6, Max: 0.9, Diff: 0.9, Sum: 10.7]
         [Termination Attempts: Min: 1, Avg: 1.1, Max: 2, Diff: 1, Sum: 19]
      [GC Worker Other (ms): Min: 0.0, Avg: 0.0, Max: 0.1, Diff: 0.1, Sum: 0.6]
      [GC Worker Total (ms): Min: 33.7, Avg: 34.0, Max: 34.4, Diff: 0.7, Sum: 612.7]
      [GC Worker End (ms): Min: 1710.5, Avg: 1710.5, Max: 1710.6, Diff: 0.1]
   [Code Root Fixup: 0.0 ms]
   [Code Root Purge: 0.0 ms]
   [Clear CT: 0.5 ms]
   [Other: 1.9 ms]
      [Choose CSet: 0.0 ms]
      [Ref Proc: 0.3 ms]
      [Ref Enq: 0.0 ms]
      [Redirty Cards: 0.3 ms]
      [Humongous Register: 0.1 ms]
      [Humongous Reclaim: 0.0 ms]
      [Free CSet: 0.6 ms]
   [Eden: 508.0M(508.0M)->0.0B(704.0M) Survivors: 58.0M->72.0M Heap: 1355.9M(4096.0M)->978.7M(4096.0M)]
 [Times: user=0.15 sys=0.47, real=0.04 secs] 
1.978: [GC pause (G1 Evacuation Pause) (young), 0.0432811 secs]
   [Parallel Time: 41.0 ms, GC Workers: 18]
      [GC Worker Start (ms): Min: 1978.6, Avg: 1978.9, Max: 1979.1, Diff: 0.5]
      [Ext Root Scanning (ms): Min: 0.0, Avg: 0.2, Max: 0.5, Diff: 0.5, Sum: 4.3]
      [Update RS (ms): Min: 0.0, Avg: 0.2, Max: 0.3, Diff: 0.2, Sum: 3.4]
         [Processed Buffers: Min: 0, Avg: 1.1, Max: 2, Diff: 2, Sum: 19]
      [Scan RS (ms): Min: 0.1, Avg: 0.1, Max: 0.2, Diff: 0.1, Sum: 2.3]
      [Code Root Scanning (ms): Min: 0.0, Avg: 0.0, Max: 0.0, Diff: 0.0, Sum: 0.0]
      [Object Copy (ms): Min: 39.0, Avg: 39.3, Max: 39.8, Diff: 0.8, Sum: 708.3]
      [Termination (ms): Min: 0.0, Avg: 0.4, Max: 0.8, Diff: 0.8, Sum: 8.1]
         [Termination Attempts: Min: 1, Avg: 1.0, Max: 1, Diff: 0, Sum: 18]
      [GC Worker Other (ms): Min: 0.0, Avg: 0.1, Max: 0.1, Diff: 0.1, Sum: 0.9]
      [GC Worker Total (ms): Min: 40.2, Avg: 40.4, Max: 40.7, Diff: 0.4, Sum: 727.3]
      [GC Worker End (ms): Min: 2019.2, Avg: 2019.3, Max: 2019.3, Diff: 0.1]
   [Code Root Fixup: 0.0 ms]
   [Code Root Purge: 0.0 ms]
   [Clear CT: 0.5 ms]
   [Other: 1.9 ms]
      [Choose CSet: 0.0 ms]
      [Ref Proc: 0.3 ms]
      [Ref Enq: 0.0 ms]
      [Redirty Cards: 0.3 ms]
      [Humongous Register: 0.1 ms]
      [Humongous Reclaim: 0.0 ms]
      [Free CSet: 0.7 ms]
   [Eden: 704.0M(704.0M)->0.0B(2296.0M) Survivors: 72.0M->98.0M Heap: 1682.7M(4096.0M)->1131.4M(4096.0M)]
 [Times: user=0.18 sys=0.55, real=0.04 secs] 
3.644: [GC pause (G1 Evacuation Pause) (young), 0.1107650 secs]
   [Parallel Time: 106.5 ms, GC Workers: 18]
      [GC Worker Start (ms): Min: 3645.2, Avg: 3645.5, Max: 3645.8, Diff: 0.6]
      [Ext Root Scanning (ms): Min: 0.0, Avg: 0.2, Max: 0.4, Diff: 0.4, Sum: 2.8]
      [Update RS (ms): Min: 0.0, Avg: 0.2, Max: 0.5, Diff: 0.5, Sum: 3.3]
         [Processed Buffers: Min: 0, Avg: 1.1, Max: 3, Diff: 3, Sum: 19]
      [Scan RS (ms): Min: 0.1, Avg: 0.3, Max: 0.4, Diff: 0.3, Sum: 6.3]
      [Code Root Scanning (ms): Min: 0.0, Avg: 0.0, Max: 0.0, Diff: 0.0, Sum: 0.1]
      [Object Copy (ms): Min: 103.7, Avg: 104.2, Max: 105.1, Diff: 1.5, Sum: 1875.6]
      [Termination (ms): Min: 0.0, Avg: 0.9, Max: 1.5, Diff: 1.5, Sum: 16.5]
         [Termination Attempts: Min: 1, Avg: 1.0, Max: 1, Diff: 0, Sum: 18]
      [GC Worker Other (ms): Min: 0.0, Avg: 0.1, Max: 0.2, Diff: 0.1, Sum: 1.9]
      [GC Worker Total (ms): Min: 105.6, Avg: 105.9, Max: 106.2, Diff: 0.6, Sum: 1906.5]
      [GC Worker End (ms): Min: 3751.4, Avg: 3751.5, Max: 3751.5, Diff: 0.1]
   [Code Root Fixup: 0.0 ms]
   [Code Root Purge: 0.0 ms]
   [Clear CT: 1.1 ms]
   [Other: 3.2 ms]
      [Choose CSet: 0.0 ms]
      [Ref Proc: 0.3 ms]
      [Ref Enq: 0.0 ms]
      [Redirty Cards: 0.2 ms]
      [Humongous Register: 0.1 ms]
      [Humongous Reclaim: 0.0 ms]
      [Free CSet: 1.8 ms]
   [Eden: 2296.0M(2296.0M)->0.0B(744.0M) Survivors: 98.0M->300.0M Heap: 3427.4M(4096.0M)->1401.6M(4096.0M)]
 [Times: user=0.53 sys=1.38, real=0.11 secs] 
3.980: [GC pause (G1 Evacuation Pause) (young), 0.0847046 secs]
   [Parallel Time: 82.3 ms, GC Workers: 18]
      [GC Worker Start (ms): Min: 3980.4, Avg: 3980.6, Max: 3980.8, Diff: 0.4]
      [Ext Root Scanning (ms): Min: 0.0, Avg: 0.2, Max: 0.4, Diff: 0.4, Sum: 3.2]
      [Update RS (ms): Min: 0.1, Avg: 0.1, Max: 0.2, Diff: 0.2, Sum: 2.4]
         [Processed Buffers: Min: 0, Avg: 1.0, Max: 2, Diff: 2, Sum: 18]
      [Scan RS (ms): Min: 0.0, Avg: 0.1, Max: 0.2, Diff: 0.2, Sum: 2.7]
      [Code Root Scanning (ms): Min: 0.0, Avg: 0.0, Max: 0.0, Diff: 0.0, Sum: 0.0]
      [Object Copy (ms): Min: 80.1, Avg: 80.5, Max: 81.4, Diff: 1.3, Sum: 1449.0]
      [Termination (ms): Min: 0.0, Avg: 0.9, Max: 1.3, Diff: 1.3, Sum: 16.0]
         [Termination Attempts: Min: 1, Avg: 1.0, Max: 1, Diff: 0, Sum: 18]
      [GC Worker Other (ms): Min: 0.0, Avg: 0.1, Max: 0.1, Diff: 0.1, Sum: 1.1]
      [GC Worker Total (ms): Min: 81.7, Avg: 81.9, Max: 82.1, Diff: 0.4, Sum: 1474.3]
      [GC Worker End (ms): Min: 4062.4, Avg: 4062.5, Max: 4062.5, Diff: 0.1]
   [Code Root Fixup: 0.0 ms]
   [Code Root Purge: 0.0 ms]
   [Clear CT: 0.5 ms]
   [Other: 1.9 ms]
      [Choose CSet: 0.0 ms]
      [Ref Proc: 0.3 ms]
      [Ref Enq: 0.0 ms]
      [Redirty Cards: 0.3 ms]
      [Humongous Register: 0.1 ms]
      [Humongous Reclaim: 0.0 ms]
      [Free CSet: 0.9 ms]
   [Eden: 744.0M(744.0M)->0.0B(954.0M) Survivors: 300.0M->132.0M Heap: 2145.6M(4096.0M)->1459.2M(4096.0M)]
 [Times: user=0.65 sys=0.83, real=0.08 secs] 
4.359: [GC pause (G1 Evacuation Pause) (young), 0.0784402 secs]
   [Parallel Time: 75.9 ms, GC Workers: 18]
      [GC Worker Start (ms): Min: 4359.1, Avg: 4359.5, Max: 4359.9, Diff: 0.8]
      [Ext Root Scanning (ms): Min: 0.0, Avg: 0.2, Max: 0.4, Diff: 0.4, Sum: 2.9]
      [Update RS (ms): Min: 0.0, Avg: 0.2, Max: 0.3, Diff: 0.3, Sum: 3.2]
         [Processed Buffers: Min: 0, Avg: 1.1, Max: 2, Diff: 2, Sum: 19]
      [Scan RS (ms): Min: 0.1, Avg: 0.2, Max: 0.2, Diff: 0.1, Sum: 3.2]
      [Code Root Scanning (ms): Min: 0.0, Avg: 0.0, Max: 0.0, Diff: 0.0, Sum: 0.0]
      [Object Copy (ms): Min: 74.0, Avg: 74.3, Max: 74.8, Diff: 0.7, Sum: 1337.8]
      [Termination (ms): Min: 0.0, Avg: 0.4, Max: 0.7, Diff: 0.7, Sum: 8.0]
         [Termination Attempts: Min: 1, Avg: 1.0, Max: 1, Diff: 0, Sum: 18]
      [GC Worker Other (ms): Min: 0.0, Avg: 0.1, Max: 0.1, Diff: 0.1, Sum: 0.9]
      [GC Worker Total (ms): Min: 74.9, Avg: 75.3, Max: 75.7, Diff: 0.8, Sum: 1356.1]
      [GC Worker End (ms): Min: 4434.8, Avg: 4434.9, Max: 4434.9, Diff: 0.1]
   [Code Root Fixup: 0.0 ms]
   [Code Root Purge: 0.0 ms]
   [Clear CT: 0.5 ms]
   [Other: 2.1 ms]
      [Choose CSet: 0.0 ms]
      [Ref Proc: 0.4 ms]
      [Ref Enq: 0.0 ms]
      [Redirty Cards: 0.3 ms]
      [Humongous Register: 0.1 ms]
      [Humongous Reclaim: 0.0 ms]
      [Free CSet: 0.9 ms]
   [Eden: 954.0M(954.0M)->0.0B(1194.0M) Survivors: 132.0M->136.0M Heap: 2413.2M(4096.0M)->1613.3M(4096.0M)]
 [Times: user=0.98 sys=0.37, real=0.07 secs] 
4.852: [GC pause (G1 Evacuation Pause) (young), 0.0820892 secs]
   [Parallel Time: 79.1 ms, GC Workers: 18]
      [GC Worker Start (ms): Min: 4852.7, Avg: 4853.0, Max: 4853.3, Diff: 0.6]
      [Ext Root Scanning (ms): Min: 0.0, Avg: 0.2, Max: 0.5, Diff: 0.5, Sum: 3.0]
      [Update RS (ms): Min: 0.0, Avg: 0.3, Max: 0.9, Diff: 0.9, Sum: 5.6]
         [Processed Buffers: Min: 0, Avg: 1.1, Max: 3, Diff: 3, Sum: 19]
      [Scan RS (ms): Min: 0.1, Avg: 0.2, Max: 0.3, Diff: 0.2, Sum: 3.4]
      [Code Root Scanning (ms): Min: 0.0, Avg: 0.0, Max: 0.0, Diff: 0.0, Sum: 0.0]
      [Object Copy (ms): Min: 76.0, Avg: 76.6, Max: 78.0, Diff: 2.0, Sum: 1378.5]
      [Termination (ms): Min: 0.0, Avg: 1.3, Max: 1.7, Diff: 1.7, Sum: 23.4]
         [Termination Attempts: Min: 1, Avg: 1.0, Max: 1, Diff: 0, Sum: 18]
      [GC Worker Other (ms): Min: 0.0, Avg: 0.1, Max: 0.1, Diff: 0.1, Sum: 1.3]
      [GC Worker Total (ms): Min: 78.3, Avg: 78.6, Max: 78.9, Diff: 0.6, Sum: 1415.2]
      [GC Worker End (ms): Min: 4931.6, Avg: 4931.6, Max: 4931.7, Diff: 0.1]
   [Code Root Fixup: 0.0 ms]
   [Code Root Purge: 0.0 ms]
   [Clear CT: 0.7 ms]
   [Other: 2.3 ms]
      [Choose CSet: 0.0 ms]
      [Ref Proc: 0.3 ms]
      [Ref Enq: 0.0 ms]
      [Redirty Cards: 0.2 ms]
      [Humongous Register: 0.1 ms]
      [Humongous Reclaim: 0.0 ms]
      [Free CSet: 1.2 ms]
   [Eden: 1194.0M(1194.0M)->0.0B(1476.0M) Survivors: 136.0M->168.0M Heap: 2807.3M(4096.0M)->1795.8M(4096.0M)]
 [Times: user=0.97 sys=0.45, real=0.08 secs] 
执行结束。共生成对象次数:36604
Heap
 garbage-first heap   total 4194304K, used 2559801K [0x00000006c0000000, 0x00000006c0204000, 0x00000007c0000000)
  region size 2048K, 437 young (894976K), 84 survivors (172032K)
 Metaspace       used 2533K, capacity 4486K, committed 4864K, reserved 1056768K
  class space    used 273K, capacity 386K, committed 512K, reserved 1048576K
开始执行.......
0.287: [GC pause (G1 Evacuation Pause) (young), 0.0184393 secs]
   [Parallel Time: 15.3 ms, GC Workers: 18]
      [GC Worker Start (ms): Min: 287.6, Avg: 291.2, Max: 298.1, Diff: 10.5]
      [Ext Root Scanning (ms): Min: 0.0, Avg: 0.2, Max: 0.6, Diff: 0.5, Sum: 2.7]
      [Update RS (ms): Min: 0.0, Avg: 0.0, Max: 0.0, Diff: 0.0, Sum: 0.0]
         [Processed Buffers: Min: 0, Avg: 0.0, Max: 0, Diff: 0, Sum: 0]
      [Scan RS (ms): Min: 0.0, Avg: 0.0, Max: 0.1, Diff: 0.1, Sum: 0.5]
      [Code Root Scanning (ms): Min: 0.0, Avg: 0.0, Max: 0.1, Diff: 0.1, Sum: 0.1]
      [Object Copy (ms): Min: 2.8, Avg: 10.0, Max: 14.5, Diff: 11.7, Sum: 179.1]
      [Termination (ms): Min: 0.0, Avg: 1.4, Max: 1.9, Diff: 1.9, Sum: 25.1]
         [Termination Attempts: Min: 1, Avg: 1.0, Max: 1, Diff: 0, Sum: 18]
      [GC Worker Other (ms): Min: 0.0, Avg: 0.0, Max: 0.1, Diff: 0.0, Sum: 0.6]
      [GC Worker Total (ms): Min: 4.7, Avg: 11.6, Max: 15.1, Diff: 10.5, Sum: 208.2]
      [GC Worker End (ms): Min: 302.7, Avg: 302.8, Max: 302.8, Diff: 0.0]
   [Code Root Fixup: 0.0 ms]
   [Code Root Purge: 0.0 ms]
   [Clear CT: 0.2 ms]
   [Other: 2.9 ms]
      [Choose CSet: 0.0 ms]
      [Ref Proc: 2.0 ms]
      [Ref Enq: 0.0 ms]
      [Redirty Cards: 0.3 ms]
      [Humongous Register: 0.1 ms]
      [Humongous Reclaim: 0.0 ms]
      [Free CSet: 0.1 ms]
   [Eden: 204.0M(204.0M)->0.0B(178.0M) Survivors: 0.0B->26.0M Heap: 204.0M(4096.0M)->68.0M(4096.0M)]
 [Times: user=0.13 sys=0.07, real=0.02 secs] 
0.365: [GC pause (G1 Evacuation Pause) (young), 0.0210233 secs]
   [Parallel Time: 19.6 ms, GC Workers: 18]
      [GC Worker Start (ms): Min: 365.4, Avg: 365.7, Max: 366.3, Diff: 0.9]
      [Ext Root Scanning (ms): Min: 0.0, Avg: 0.2, Max: 0.5, Diff: 0.5, Sum: 3.6]
      [Update RS (ms): Min: 0.0, Avg: 0.0, Max: 0.0, Diff: 0.0, Sum: 0.2]
         [Processed Buffers: Min: 0, Avg: 0.8, Max: 4, Diff: 4, Sum: 15]
      [Scan RS (ms): Min: 0.0, Avg: 0.0, Max: 0.1, Diff: 0.1, Sum: 0.6]
      [Code Root Scanning (ms): Min: 0.0, Avg: 0.0, Max: 0.0, Diff: 0.0, Sum: 0.0]
      [Object Copy (ms): Min: 17.7, Avg: 18.2, Max: 18.7, Diff: 1.0, Sum: 328.3]
      [Termination (ms): Min: 0.0, Avg: 0.5, Max: 1.0, Diff: 1.0, Sum: 9.0]
         [Termination Attempts: Min: 1, Avg: 1.0, Max: 1, Diff: 0, Sum: 18]
      [GC Worker Other (ms): Min: 0.0, Avg: 0.0, Max: 0.0, Diff: 0.0, Sum: 0.4]
      [GC Worker Total (ms): Min: 18.5, Avg: 19.0, Max: 19.4, Diff: 0.9, Sum: 342.1]
      [GC Worker End (ms): Min: 384.7, Avg: 384.7, Max: 384.8, Diff: 0.0]
   [Code Root Fixup: 0.0 ms]
   [Code Root Purge: 0.0 ms]
   [Clear CT: 0.2 ms]
   [Other: 1.2 ms]
      [Choose CSet: 0.0 ms]
      [Ref Proc: 0.3 ms]
      [Ref Enq: 0.0 ms]
      [Redirty Cards: 0.3 ms]
      [Humongous Register: 0.1 ms]
      [Humongous Reclaim: 0.0 ms]
      [Free CSet: 0.1 ms]
   [Eden: 178.0M(178.0M)->0.0B(178.0M) Survivors: 26.0M->26.0M Heap: 246.0M(4096.0M)->126.6M(4096.0M)]
 [Times: user=0.17 sys=0.17, real=0.02 secs] 
0.442: [GC pause (G1 Evacuation Pause) (young), 0.0176710 secs]
   [Parallel Time: 16.2 ms, GC Workers: 18]
      [GC Worker Start (ms): Min: 442.6, Avg: 442.7, Max: 442.8, Diff: 0.2]
      [Ext Root Scanning (ms): Min: 0.1, Avg: 0.2, Max: 0.3, Diff: 0.2, Sum: 4.2]
      [Update RS (ms): Min: 0.1, Avg: 0.3, Max: 2.3, Diff: 2.3, Sum: 4.7]
         [Processed Buffers: Min: 0, Avg: 1.1, Max: 3, Diff: 3, Sum: 20]
      [Scan RS (ms): Min: 0.0, Avg: 0.0, Max: 0.1, Diff: 0.0, Sum: 0.5]
      [Code Root Scanning (ms): Min: 0.0, Avg: 0.0, Max: 0.0, Diff: 0.0, Sum: 0.0]
      [Object Copy (ms): Min: 12.7, Avg: 14.8, Max: 15.5, Diff: 2.7, Sum: 266.0]
      [Termination (ms): Min: 0.0, Avg: 0.5, Max: 0.8, Diff: 0.8, Sum: 9.6]
         [Termination Attempts: Min: 1, Avg: 1.0, Max: 1, Diff: 0, Sum: 18]
      [GC Worker Other (ms): Min: 0.0, Avg: 0.0, Max: 0.0, Diff: 0.0, Sum: 0.3]
      [GC Worker Total (ms): Min: 15.8, Avg: 15.9, Max: 16.0, Diff: 0.2, Sum: 285.3]
      [GC Worker End (ms): Min: 458.5, Avg: 458.6, Max: 458.6, Diff: 0.0]
   [Code Root Fixup: 0.0 ms]
   [Code Root Purge: 0.0 ms]
   [Clear CT: 0.2 ms]
   [Other: 1.2 ms]
      [Choose CSet: 0.0 ms]
      [Ref Proc: 0.3 ms]
      [Ref Enq: 0.0 ms]
      [Redirty Cards: 0.3 ms]
      [Humongous Register: 0.1 ms]
      [Humongous Reclaim: 0.0 ms]
      [Free CSet: 0.1 ms]
   [Eden: 178.0M(178.0M)->0.0B(178.0M) Survivors: 26.0M->26.0M Heap: 304.6M(4096.0M)->179.3M(4096.0M)]
 [Times: user=0.14 sys=0.15, real=0.02 secs] 
0.517: [GC pause (G1 Evacuation Pause) (young), 0.0223350 secs]
   [Parallel Time: 20.9 ms, GC Workers: 18]
      [GC Worker Start (ms): Min: 517.1, Avg: 517.4, Max: 517.6, Diff: 0.5]
      [Ext Root Scanning (ms): Min: 0.0, Avg: 0.2, Max: 0.4, Diff: 0.4, Sum: 2.9]
      [Update RS (ms): Min: 0.0, Avg: 0.1, Max: 0.2, Diff: 0.1, Sum: 1.3]
         [Processed Buffers: Min: 0, Avg: 1.1, Max: 3, Diff: 3, Sum: 19]
      [Scan RS (ms): Min: 0.0, Avg: 0.0, Max: 0.0, Diff: 0.0, Sum: 0.5]
      [Code Root Scanning (ms): Min: 0.0, Avg: 0.0, Max: 0.0, Diff: 0.0, Sum: 0.0]
      [Object Copy (ms): Min: 19.2, Avg: 19.6, Max: 20.1, Diff: 0.9, Sum: 352.5]
      [Termination (ms): Min: 0.0, Avg: 0.5, Max: 0.9, Diff: 0.9, Sum: 8.7]
         [Termination Attempts: Min: 1, Avg: 1.0, Max: 1, Diff: 0, Sum: 18]
      [GC Worker Other (ms): Min: 0.0, Avg: 0.0, Max: 0.1, Diff: 0.1, Sum: 0.7]
      [GC Worker Total (ms): Min: 20.2, Avg: 20.4, Max: 20.6, Diff: 0.5, Sum: 366.8]
      [GC Worker End (ms): Min: 537.7, Avg: 537.8, Max: 537.8, Diff: 0.0]
   [Code Root Fixup: 0.0 ms]
   [Code Root Purge: 0.0 ms]
   [Clear CT: 0.3 ms]
   [Other: 1.1 ms]
      [Choose CSet: 0.0 ms]
      [Ref Proc: 0.3 ms]
      [Ref Enq: 0.0 ms]
      [Redirty Cards: 0.2 ms]
      [Humongous Register: 0.1 ms]
      [Humongous Reclaim: 0.0 ms]
      [Free CSet: 0.1 ms]
   [Eden: 178.0M(178.0M)->0.0B(178.0M) Survivors: 26.0M->26.0M Heap: 357.3M(4096.0M)->246.2M(4096.0M)]
 [Times: user=0.19 sys=0.18, real=0.02 secs] 
0.597: [GC pause (G1 Evacuation Pause) (young), 0.0175802 secs]
   [Parallel Time: 16.0 ms, GC Workers: 18]
      [GC Worker Start (ms): Min: 597.7, Avg: 598.0, Max: 598.3, Diff: 0.6]
      [Ext Root Scanning (ms): Min: 0.0, Avg: 0.1, Max: 0.4, Diff: 0.4, Sum: 2.1]
      [Update RS (ms): Min: 0.0, Avg: 0.1, Max: 0.2, Diff: 0.2, Sum: 1.6]
         [Processed Buffers: Min: 0, Avg: 1.0, Max: 3, Diff: 3, Sum: 18]
      [Scan RS (ms): Min: 0.0, Avg: 0.0, Max: 0.0, Diff: 0.0, Sum: 0.5]
      [Code Root Scanning (ms): Min: 0.0, Avg: 0.0, Max: 0.0, Diff: 0.0, Sum: 0.0]
      [Object Copy (ms): Min: 13.8, Avg: 14.5, Max: 15.1, Diff: 1.3, Sum: 260.3]
      [Termination (ms): Min: 0.0, Avg: 0.6, Max: 1.2, Diff: 1.2, Sum: 11.2]
         [Termination Attempts: Min: 1, Avg: 1.0, Max: 1, Diff: 0, Sum: 18]
      [GC Worker Other (ms): Min: 0.0, Avg: 0.0, Max: 0.2, Diff: 0.1, Sum: 0.7]
      [GC Worker Total (ms): Min: 15.1, Avg: 15.4, Max: 15.7, Diff: 0.6, Sum: 276.4]
      [GC Worker End (ms): Min: 613.3, Avg: 613.4, Max: 613.4, Diff: 0.0]
   [Code Root Fixup: 0.0 ms]
   [Code Root Purge: 0.0 ms]
   [Clear CT: 0.3 ms]
   [Other: 1.3 ms]
      [Choose CSet: 0.0 ms]
      [Ref Proc: 0.3 ms]
      [Ref Enq: 0.0 ms]
      [Redirty Cards: 0.4 ms]
      [Humongous Register: 0.1 ms]
      [Humongous Reclaim: 0.0 ms]
      [Free CSet: 0.1 ms]
   [Eden: 178.0M(178.0M)->0.0B(178.0M) Survivors: 26.0M->26.0M Heap: 424.2M(4096.0M)->299.4M(4096.0M)]
 [Times: user=0.14 sys=0.14, real=0.02 secs] 
0.671: [GC pause (G1 Evacuation Pause) (young), 0.0217267 secs]
   [Parallel Time: 20.2 ms, GC Workers: 18]
      [GC Worker Start (ms): Min: 671.3, Avg: 671.6, Max: 671.8, Diff: 0.5]
      [Ext Root Scanning (ms): Min: 0.0, Avg: 0.2, Max: 0.5, Diff: 0.4, Sum: 3.1]
      [Update RS (ms): Min: 0.0, Avg: 0.1, Max: 0.2, Diff: 0.2, Sum: 1.7]
         [Processed Buffers: Min: 0, Avg: 1.1, Max: 3, Diff: 3, Sum: 19]
      [Scan RS (ms): Min: 0.0, Avg: 0.0, Max: 0.1, Diff: 0.1, Sum: 0.7]
      [Code Root Scanning (ms): Min: 0.0, Avg: 0.0, Max: 0.0, Diff: 0.0, Sum: 0.0]
      [Object Copy (ms): Min: 18.3, Avg: 18.6, Max: 19.2, Diff: 0.9, Sum: 335.1]
      [Termination (ms): Min: 0.0, Avg: 0.6, Max: 0.9, Diff: 0.9, Sum: 11.7]
         [Termination Attempts: Min: 1, Avg: 1.0, Max: 1, Diff: 0, Sum: 18]
      [GC Worker Other (ms): Min: 0.0, Avg: 0.0, Max: 0.1, Diff: 0.1, Sum: 0.5]
      [GC Worker Total (ms): Min: 19.4, Avg: 19.6, Max: 19.9, Diff: 0.5, Sum: 352.8]
      [GC Worker End (ms): Min: 691.2, Avg: 691.2, Max: 691.2, Diff: 0.0]
   [Code Root Fixup: 0.0 ms]
   [Code Root Purge: 0.0 ms]
   [Clear CT: 0.3 ms]
   [Other: 1.3 ms]
      [Choose CSet: 0.0 ms]
      [Ref Proc: 0.4 ms]
      [Ref Enq: 0.0 ms]
      [Redirty Cards: 0.3 ms]
      [Humongous Register: 0.1 ms]
      [Humongous Reclaim: 0.0 ms]
      [Free CSet: 0.1 ms]
   [Eden: 178.0M(178.0M)->0.0B(178.0M) Survivors: 26.0M->26.0M Heap: 477.4M(4096.0M)->357.9M(4096.0M)]
 [Times: user=0.19 sys=0.16, real=0.02 secs] 
0.750: [GC pause (G1 Evacuation Pause) (young), 0.0181711 secs]
   [Parallel Time: 16.6 ms, GC Workers: 18]
      [GC Worker Start (ms): Min: 750.2, Avg: 750.5, Max: 750.8, Diff: 0.6]
      [Ext Root Scanning (ms): Min: 0.0, Avg: 0.2, Max: 0.5, Diff: 0.5, Sum: 3.5]
      [Update RS (ms): Min: 0.0, Avg: 0.1, Max: 0.2, Diff: 0.2, Sum: 2.0]
         [Processed Buffers: Min: 0, Avg: 1.1, Max: 3, Diff: 3, Sum: 19]
      [Scan RS (ms): Min: 0.0, Avg: 0.0, Max: 0.1, Diff: 0.0, Sum: 0.6]
      [Code Root Scanning (ms): Min: 0.0, Avg: 0.0, Max: 0.0, Diff: 0.0, Sum: 0.0]
      [Object Copy (ms): Min: 14.5, Avg: 15.1, Max: 15.6, Diff: 1.1, Sum: 271.0]
      [Termination (ms): Min: 0.0, Avg: 0.6, Max: 1.1, Diff: 1.1, Sum: 9.9]
         [Termination Attempts: Min: 1, Avg: 1.0, Max: 1, Diff: 0, Sum: 18]
      [GC Worker Other (ms): Min: 0.0, Avg: 0.0, Max: 0.1, Diff: 0.1, Sum: 0.6]
      [GC Worker Total (ms): Min: 15.6, Avg: 16.0, Max: 16.3, Diff: 0.6, Sum: 287.5]
      [GC Worker End (ms): Min: 766.4, Avg: 766.4, Max: 766.5, Diff: 0.1]
   [Code Root Fixup: 0.0 ms]
   [Code Root Purge: 0.0 ms]
   [Clear CT: 0.3 ms]
   [Other: 1.3 ms]
      [Choose CSet: 0.0 ms]
      [Ref Proc: 0.3 ms]
      [Ref Enq: 0.0 ms]
      [Redirty Cards: 0.4 ms]
      [Humongous Register: 0.1 ms]
      [Humongous Reclaim: 0.0 ms]
      [Free CSet: 0.1 ms]
   [Eden: 178.0M(178.0M)->0.0B(196.0M) Survivors: 26.0M->26.0M Heap: 535.9M(4096.0M)->415.8M(4096.0M)]
 [Times: user=0.14 sys=0.16, real=0.02 secs] 
0.829: [GC pause (G1 Evacuation Pause) (young), 0.0184714 secs]
   [Parallel Time: 17.0 ms, GC Workers: 18]
      [GC Worker Start (ms): Min: 829.0, Avg: 829.3, Max: 829.6, Diff: 0.5]
      [Ext Root Scanning (ms): Min: 0.0, Avg: 0.2, Max: 0.4, Diff: 0.4, Sum: 2.9]
      [Update RS (ms): Min: 0.0, Avg: 0.1, Max: 0.8, Diff: 0.8, Sum: 2.3]
         [Processed Buffers: Min: 0, Avg: 0.9, Max: 2, Diff: 2, Sum: 17]
      [Scan RS (ms): Min: 0.0, Avg: 0.0, Max: 0.1, Diff: 0.1, Sum: 0.5]
      [Code Root Scanning (ms): Min: 0.0, Avg: 0.0, Max: 0.0, Diff: 0.0, Sum: 0.0]
      [Object Copy (ms): Min: 14.7, Avg: 15.6, Max: 16.2, Diff: 1.5, Sum: 280.1]
      [Termination (ms): Min: 0.0, Avg: 0.5, Max: 0.8, Diff: 0.8, Sum: 9.5]
         [Termination Attempts: Min: 1, Avg: 1.0, Max: 1, Diff: 0, Sum: 18]
      [GC Worker Other (ms): Min: 0.0, Avg: 0.0, Max: 0.1, Diff: 0.1, Sum: 0.5]
      [GC Worker Total (ms): Min: 16.2, Avg: 16.4, Max: 16.7, Diff: 0.5, Sum: 296.0]
      [GC Worker End (ms): Min: 845.7, Avg: 845.7, Max: 845.8, Diff: 0.0]
   [Code Root Fixup: 0.0 ms]
   [Code Root Purge: 0.0 ms]
   [Clear CT: 0.3 ms]
   [Other: 1.2 ms]
      [Choose CSet: 0.0 ms]
      [Ref Proc: 0.3 ms]
      [Ref Enq: 0.0 ms]
      [Redirty Cards: 0.3 ms]
      [Humongous Register: 0.1 ms]
      [Humongous Reclaim: 0.0 ms]
      [Free CSet: 0.2 ms]
   [Eden: 196.0M(196.0M)->0.0B(280.0M) Survivors: 26.0M->28.0M Heap: 611.8M(4096.0M)->475.1M(4096.0M)]
 [Times: user=0.11 sys=0.19, real=0.02 secs] 
0.949: [GC pause (G1 Evacuation Pause) (young), 0.0224225 secs]
   [Parallel Time: 20.8 ms, GC Workers: 18]
      [GC Worker Start (ms): Min: 949.4, Avg: 949.7, Max: 949.9, Diff: 0.5]
      [Ext Root Scanning (ms): Min: 0.0, Avg: 0.2, Max: 0.4, Diff: 0.4, Sum: 3.2]
      [Update RS (ms): Min: 0.0, Avg: 0.1, Max: 0.2, Diff: 0.2, Sum: 2.2]
         [Processed Buffers: Min: 0, Avg: 1.1, Max: 2, Diff: 2, Sum: 19]
      [Scan RS (ms): Min: 0.0, Avg: 0.0, Max: 0.1, Diff: 0.1, Sum: 0.9]
      [Code Root Scanning (ms): Min: 0.0, Avg: 0.0, Max: 0.0, Diff: 0.0, Sum: 0.0]
      [Object Copy (ms): Min: 19.1, Avg: 19.5, Max: 20.0, Diff: 0.9, Sum: 350.2]
      [Termination (ms): Min: 0.0, Avg: 0.5, Max: 0.9, Diff: 0.9, Sum: 8.8]
         [Termination Attempts: Min: 1, Avg: 1.1, Max: 2, Diff: 1, Sum: 20]
      [GC Worker Other (ms): Min: 0.0, Avg: 0.1, Max: 0.2, Diff: 0.1, Sum: 1.0]
      [GC Worker Total (ms): Min: 20.1, Avg: 20.4, Max: 20.6, Diff: 0.5, Sum: 366.3]
      [GC Worker End (ms): Min: 970.0, Avg: 970.0, Max: 970.0, Diff: 0.1]
   [Code Root Fixup: 0.0 ms]
   [Code Root Purge: 0.0 ms]
   [Clear CT: 0.3 ms]
   [Other: 1.3 ms]
      [Choose CSet: 0.0 ms]
      [Ref Proc: 0.3 ms]
      [Ref Enq: 0.0 ms]
      [Redirty Cards: 0.3 ms]
      [Humongous Register: 0.1 ms]
      [Humongous Reclaim: 0.0 ms]
      [Free CSet: 0.2 ms]
   [Eden: 280.0M(280.0M)->0.0B(276.0M) Survivors: 28.0M->40.0M Heap: 755.1M(4096.0M)->560.4M(4096.0M)]
 [Times: user=0.12 sys=0.25, real=0.02 secs] 
1.056: [GC pause (G1 Evacuation Pause) (young), 0.0279244 secs]
   [Parallel Time: 26.4 ms, GC Workers: 18]
      [GC Worker Start (ms): Min: 1055.9, Avg: 1056.2, Max: 1056.4, Diff: 0.5]
      [Ext Root Scanning (ms): Min: 0.0, Avg: 0.2, Max: 0.4, Diff: 0.4, Sum: 2.9]
      [Update RS (ms): Min: 0.0, Avg: 0.1, Max: 0.3, Diff: 0.3, Sum: 2.5]
         [Processed Buffers: Min: 0, Avg: 1.1, Max: 2, Diff: 2, Sum: 19]
      [Scan RS (ms): Min: 0.0, Avg: 0.1, Max: 0.1, Diff: 0.1, Sum: 1.0]
      [Code Root Scanning (ms): Min: 0.0, Avg: 0.0, Max: 0.0, Diff: 0.0, Sum: 0.0]
      [Object Copy (ms): Min: 24.6, Avg: 25.1, Max: 25.5, Diff: 0.9, Sum: 451.2]
      [Termination (ms): Min: 0.0, Avg: 0.4, Max: 0.8, Diff: 0.8, Sum: 7.8]
         [Termination Attempts: Min: 1, Avg: 1.0, Max: 1, Diff: 0, Sum: 18]
      [GC Worker Other (ms): Min: 0.0, Avg: 0.0, Max: 0.1, Diff: 0.1, Sum: 0.5]
      [GC Worker Total (ms): Min: 25.7, Avg: 25.9, Max: 26.1, Diff: 0.5, Sum: 465.9]
      [GC Worker End (ms): Min: 1082.0, Avg: 1082.1, Max: 1082.1, Diff: 0.0]
   [Code Root Fixup: 0.0 ms]
   [Code Root Purge: 0.0 ms]
   [Clear CT: 0.3 ms]
   [Other: 1.3 ms]
      [Choose CSet: 0.0 ms]
      [Ref Proc: 0.3 ms]
      [Ref Enq: 0.0 ms]
      [Redirty Cards: 0.3 ms]
      [Humongous Register: 0.1 ms]
      [Humongous Reclaim: 0.0 ms]
      [Free CSet: 0.2 ms]
   [Eden: 276.0M(276.0M)->0.0B(332.0M) Survivors: 40.0M->40.0M Heap: 836.4M(4096.0M)->636.7M(4096.0M)]
 [Times: user=0.25 sys=0.22, real=0.03 secs] 
1.188: [GC pause (G1 Evacuation Pause) (young), 0.0257060 secs]
   [Parallel Time: 24.2 ms, GC Workers: 18]
      [GC Worker Start (ms): Min: 1188.6, Avg: 1188.9, Max: 1189.1, Diff: 0.5]
      [Ext Root Scanning (ms): Min: 0.0, Avg: 0.1, Max: 0.4, Diff: 0.4, Sum: 2.2]
      [Update RS (ms): Min: 0.0, Avg: 0.1, Max: 0.5, Diff: 0.5, Sum: 2.4]
         [Processed Buffers: Min: 0, Avg: 1.1, Max: 3, Diff: 3, Sum: 19]
      [Scan RS (ms): Min: 0.0, Avg: 0.1, Max: 0.1, Diff: 0.1, Sum: 1.0]
      [Code Root Scanning (ms): Min: 0.0, Avg: 0.0, Max: 0.0, Diff: 0.0, Sum: 0.0]
      [Object Copy (ms): Min: 22.5, Avg: 22.9, Max: 23.3, Diff: 0.8, Sum: 412.0]
      [Termination (ms): Min: 0.0, Avg: 0.4, Max: 0.9, Diff: 0.9, Sum: 7.6]
         [Termination Attempts: Min: 1, Avg: 1.0, Max: 1, Diff: 0, Sum: 18]
      [GC Worker Other (ms): Min: 0.0, Avg: 0.0, Max: 0.1, Diff: 0.1, Sum: 0.6]
      [GC Worker Total (ms): Min: 23.4, Avg: 23.7, Max: 23.9, Diff: 0.5, Sum: 425.7]
      [GC Worker End (ms): Min: 1212.5, Avg: 1212.6, Max: 1212.6, Diff: 0.1]
   [Code Root Fixup: 0.0 ms]
   [Code Root Purge: 0.0 ms]
   [Clear CT: 0.4 ms]
   [Other: 1.2 ms]
      [Choose CSet: 0.0 ms]
      [Ref Proc: 0.3 ms]
      [Ref Enq: 0.0 ms]
      [Redirty Cards: 0.2 ms]
      [Humongous Register: 0.1 ms]
      [Humongous Reclaim: 0.0 ms]
      [Free CSet: 0.2 ms]
   [Eden: 332.0M(332.0M)->0.0B(2408.0M) Survivors: 40.0M->48.0M Heap: 968.7M(4096.0M)->732.3M(4096.0M)]
 [Times: user=0.15 sys=0.27, real=0.03 secs] 
2.988: [GC pause (G1 Evacuation Pause) (young), 0.0968569 secs]
   [Parallel Time: 92.8 ms, GC Workers: 18]
      [GC Worker Start (ms): Min: 2988.1, Avg: 2988.4, Max: 2988.7, Diff: 0.7]
      [Ext Root Scanning (ms): Min: 0.0, Avg: 0.2, Max: 0.5, Diff: 0.5, Sum: 3.4]
      [Update RS (ms): Min: 0.0, Avg: 0.3, Max: 1.3, Diff: 1.3, Sum: 5.6]
         [Processed Buffers: Min: 0, Avg: 1.1, Max: 2, Diff: 2, Sum: 19]
      [Scan RS (ms): Min: 0.1, Avg: 0.4, Max: 0.5, Diff: 0.4, Sum: 6.6]
      [Code Root Scanning (ms): Min: 0.0, Avg: 0.0, Max: 0.0, Diff: 0.0, Sum: 0.1]
      [Object Copy (ms): Min: 89.7, Avg: 90.7, Max: 91.3, Diff: 1.6, Sum: 1633.3]
      [Termination (ms): Min: 0.0, Avg: 0.6, Max: 0.9, Diff: 0.9, Sum: 10.2]
         [Termination Attempts: Min: 1, Avg: 1.1, Max: 2, Diff: 1, Sum: 20]
      [GC Worker Other (ms): Min: 0.0, Avg: 0.1, Max: 0.2, Diff: 0.1, Sum: 1.7]
      [GC Worker Total (ms): Min: 91.9, Avg: 92.3, Max: 92.6, Diff: 0.7, Sum: 1661.0]
      [GC Worker End (ms): Min: 3080.6, Avg: 3080.7, Max: 3080.8, Diff: 0.1]
   [Code Root Fixup: 0.0 ms]
   [Code Root Purge: 0.0 ms]
   [Clear CT: 1.1 ms]
   [Other: 2.9 ms]
      [Choose CSet: 0.0 ms]
      [Ref Proc: 0.3 ms]
      [Ref Enq: 0.0 ms]
      [Redirty Cards: 0.3 ms]
      [Humongous Register: 0.1 ms]
      [Humongous Reclaim: 0.0 ms]
      [Free CSet: 1.6 ms]
   [Eden: 2408.0M(2408.0M)->0.0B(456.0M) Survivors: 48.0M->308.0M Heap: 3140.3M(4096.0M)->1062.9M(4096.0M)]
 [Times: user=0.45 sys=1.22, real=0.10 secs] 
3.229: [GC pause (G1 Evacuation Pause) (young), 0.0805152 secs]
   [Parallel Time: 78.6 ms, GC Workers: 18]
      [GC Worker Start (ms): Min: 3229.5, Avg: 3229.8, Max: 3230.1, Diff: 0.6]
      [Ext Root Scanning (ms): Min: 0.0, Avg: 0.1, Max: 0.4, Diff: 0.4, Sum: 2.3]
      [Update RS (ms): Min: 0.0, Avg: 0.1, Max: 0.2, Diff: 0.2, Sum: 2.5]
         [Processed Buffers: Min: 0, Avg: 1.1, Max: 3, Diff: 3, Sum: 19]
      [Scan RS (ms): Min: 0.1, Avg: 0.1, Max: 0.1, Diff: 0.1, Sum: 1.9]
      [Code Root Scanning (ms): Min: 0.0, Avg: 0.0, Max: 0.0, Diff: 0.0, Sum: 0.0]
      [Object Copy (ms): Min: 76.5, Avg: 77.0, Max: 77.7, Diff: 1.1, Sum: 1385.9]
      [Termination (ms): Min: 0.0, Avg: 0.7, Max: 1.1, Diff: 1.1, Sum: 12.3]
         [Termination Attempts: Min: 1, Avg: 1.0, Max: 1, Diff: 0, Sum: 18]
      [GC Worker Other (ms): Min: 0.0, Avg: 0.0, Max: 0.1, Diff: 0.1, Sum: 0.8]
      [GC Worker Total (ms): Min: 77.8, Avg: 78.1, Max: 78.4, Diff: 0.6, Sum: 1405.7]
      [GC Worker End (ms): Min: 3307.9, Avg: 3307.9, Max: 3308.0, Diff: 0.1]
   [Code Root Fixup: 0.0 ms]
   [Code Root Purge: 0.0 ms]
   [Clear CT: 0.4 ms]
   [Other: 1.5 ms]
      [Choose CSet: 0.0 ms]
      [Ref Proc: 0.3 ms]
      [Ref Enq: 0.0 ms]
      [Redirty Cards: 0.3 ms]
      [Humongous Register: 0.1 ms]
      [Humongous Reclaim: 0.0 ms]
      [Free CSet: 0.5 ms]
   [Eden: 456.0M(456.0M)->0.0B(566.0M) Survivors: 308.0M->96.0M Heap: 1518.9M(4096.0M)->1104.0M(4096.0M)]
 [Times: user=0.57 sys=0.84, real=0.08 secs] 
3.487: [GC pause (G1 Evacuation Pause) (young), 0.0583024 secs]
   [Parallel Time: 56.5 ms, GC Workers: 18]
      [GC Worker Start (ms): Min: 3487.5, Avg: 3487.8, Max: 3488.0, Diff: 0.6]
      [Ext Root Scanning (ms): Min: 0.0, Avg: 0.2, Max: 0.5, Diff: 0.5, Sum: 4.2]
      [Update RS (ms): Min: 0.1, Avg: 0.2, Max: 0.3, Diff: 0.2, Sum: 3.3]
         [Processed Buffers: Min: 0, Avg: 1.1, Max: 2, Diff: 2, Sum: 19]
      [Scan RS (ms): Min: 0.0, Avg: 0.1, Max: 0.2, Diff: 0.1, Sum: 2.0]
      [Code Root Scanning (ms): Min: 0.0, Avg: 0.0, Max: 0.0, Diff: 0.0, Sum: 0.0]
      [Object Copy (ms): Min: 54.3, Avg: 54.6, Max: 55.5, Diff: 1.2, Sum: 983.7]
      [Termination (ms): Min: 0.0, Avg: 0.8, Max: 1.2, Diff: 1.2, Sum: 14.6]
         [Termination Attempts: Min: 1, Avg: 1.0, Max: 1, Diff: 0, Sum: 18]
      [GC Worker Other (ms): Min: 0.0, Avg: 0.0, Max: 0.1, Diff: 0.1, Sum: 0.9]
      [GC Worker Total (ms): Min: 55.8, Avg: 56.0, Max: 56.3, Diff: 0.5, Sum: 1008.8]
      [GC Worker End (ms): Min: 3543.8, Avg: 3543.8, Max: 3543.8, Diff: 0.1]
   [Code Root Fixup: 0.0 ms]
   [Code Root Purge: 0.0 ms]
   [Clear CT: 0.4 ms]
   [Other: 1.4 ms]
      [Choose CSet: 0.0 ms]
      [Ref Proc: 0.3 ms]
      [Ref Enq: 0.0 ms]
      [Redirty Cards: 0.3 ms]
      [Humongous Register: 0.1 ms]
      [Humongous Reclaim: 0.0 ms]
      [Free CSet: 0.5 ms]
   [Eden: 566.0M(566.0M)->0.0B(944.0M) Survivors: 96.0M->84.0M Heap: 1670.0M(4096.0M)->1229.9M(4096.0M)]
 [Times: user=0.55 sys=0.45, real=0.06 secs] 
3.924: [GC pause (G1 Evacuation Pause) (young), 0.0818781 secs]
   [Parallel Time: 79.6 ms, GC Workers: 18]
      [GC Worker Start (ms): Min: 3924.7, Avg: 3925.1, Max: 3925.5, Diff: 0.8]
      [Ext Root Scanning (ms): Min: 0.0, Avg: 0.2, Max: 0.5, Diff: 0.5, Sum: 2.9]
      [Update RS (ms): Min: 0.0, Avg: 0.7, Max: 1.7, Diff: 1.7, Sum: 13.4]
         [Processed Buffers: Min: 0, Avg: 1.1, Max: 2, Diff: 2, Sum: 19]
      [Scan RS (ms): Min: 0.0, Avg: 0.2, Max: 0.5, Diff: 0.5, Sum: 3.0]
      [Code Root Scanning (ms): Min: 0.0, Avg: 0.0, Max: 0.0, Diff: 0.0, Sum: 0.0]
      [Object Copy (ms): Min: 75.7, Avg: 76.6, Max: 77.7, Diff: 1.9, Sum: 1379.1]
      [Termination (ms): Min: 0.0, Avg: 1.2, Max: 1.8, Diff: 1.8, Sum: 22.3]
         [Termination Attempts: Min: 1, Avg: 1.0, Max: 1, Diff: 0, Sum: 18]
      [GC Worker Other (ms): Min: 0.0, Avg: 0.1, Max: 0.1, Diff: 0.1, Sum: 1.3]
      [GC Worker Total (ms): Min: 78.6, Avg: 79.0, Max: 79.4, Diff: 0.8, Sum: 1422.1]
      [GC Worker End (ms): Min: 4004.1, Avg: 4004.1, Max: 4004.2, Diff: 0.1]
   [Code Root Fixup: 0.0 ms]
   [Code Root Purge: 0.0 ms]
   [Clear CT: 0.6 ms]
   [Other: 1.7 ms]
      [Choose CSet: 0.0 ms]
      [Ref Proc: 0.3 ms]
      [Ref Enq: 0.0 ms]
      [Redirty Cards: 0.2 ms]
      [Humongous Register: 0.1 ms]
      [Humongous Reclaim: 0.0 ms]
      [Free CSet: 0.8 ms]
   [Eden: 944.0M(944.0M)->0.0B(952.0M) Survivors: 84.0M->130.0M Heap: 2173.9M(4096.0M)->1419.1M(4096.0M)]
 [Times: user=0.35 sys=1.08, real=0.08 secs] 
4.353: [GC pause (G1 Evacuation Pause) (young), 0.0792880 secs]
   [Parallel Time: 77.0 ms, GC Workers: 18]
      [GC Worker Start (ms): Min: 4353.7, Avg: 4354.2, Max: 4354.6, Diff: 0.9]
      [Ext Root Scanning (ms): Min: 0.0, Avg: 0.3, Max: 0.7, Diff: 0.7, Sum: 5.0]
      [Update RS (ms): Min: 0.0, Avg: 0.5, Max: 1.5, Diff: 1.5, Sum: 9.1]
         [Processed Buffers: Min: 0, Avg: 1.1, Max: 4, Diff: 4, Sum: 19]
      [Scan RS (ms): Min: 0.1, Avg: 0.2, Max: 0.3, Diff: 0.3, Sum: 4.0]
      [Code Root Scanning (ms): Min: 0.0, Avg: 0.0, Max: 0.0, Diff: 0.0, Sum: 0.0]
      [Object Copy (ms): Min: 73.6, Avg: 74.9, Max: 75.5, Diff: 1.9, Sum: 1347.5]
      [Termination (ms): Min: 0.0, Avg: 0.4, Max: 0.9, Diff: 0.9, Sum: 7.9]
         [Termination Attempts: Min: 1, Avg: 1.1, Max: 2, Diff: 1, Sum: 19]
      [GC Worker Other (ms): Min: 0.0, Avg: 0.1, Max: 0.1, Diff: 0.1, Sum: 1.2]
      [GC Worker Total (ms): Min: 75.9, Avg: 76.4, Max: 76.8, Diff: 0.9, Sum: 1374.7]
      [GC Worker End (ms): Min: 4430.5, Avg: 4430.5, Max: 4430.6, Diff: 0.1]
   [Code Root Fixup: 0.0 ms]
   [Code Root Purge: 0.0 ms]
   [Clear CT: 0.6 ms]
   [Other: 1.7 ms]
      [Choose CSet: 0.0 ms]
      [Ref Proc: 0.3 ms]
      [Ref Enq: 0.0 ms]
      [Redirty Cards: 0.3 ms]
      [Humongous Register: 0.1 ms]
      [Humongous Reclaim: 0.0 ms]
      [Free CSet: 0.7 ms]
   [Eden: 952.0M(952.0M)->0.0B(1320.0M) Survivors: 130.0M->136.0M Heap: 2371.1M(4096.0M)->1570.4M(4096.0M)]
 [Times: user=0.74 sys=0.64, real=0.08 secs] 
4.955: [GC pause (G1 Evacuation Pause) (young), 0.0831272 secs]
   [Parallel Time: 76.9 ms, GC Workers: 18]
      [GC Worker Start (ms): Min: 4958.1, Avg: 4958.9, Max: 4959.8, Diff: 1.7]
      [Ext Root Scanning (ms): Min: 0.0, Avg: 0.4, Max: 2.1, Diff: 2.1, Sum: 7.1]
      [Update RS (ms): Min: 0.0, Avg: 0.2, Max: 0.6, Diff: 0.6, Sum: 4.2]
         [Processed Buffers: Min: 0, Avg: 1.1, Max: 2, Diff: 2, Sum: 19]
      [Scan RS (ms): Min: 0.1, Avg: 0.3, Max: 0.4, Diff: 0.3, Sum: 4.7]
      [Code Root Scanning (ms): Min: 0.0, Avg: 0.0, Max: 0.0, Diff: 0.0, Sum: 0.0]
      [Object Copy (ms): Min: 73.8, Avg: 74.4, Max: 74.8, Diff: 1.0, Sum: 1340.1]
      [Termination (ms): Min: 0.0, Avg: 0.4, Max: 1.2, Diff: 1.2, Sum: 8.0]
         [Termination Attempts: Min: 1, Avg: 1.0, Max: 1, Diff: 0, Sum: 18]
      [GC Worker Other (ms): Min: 0.0, Avg: 0.1, Max: 0.2, Diff: 0.1, Sum: 1.4]
      [GC Worker Total (ms): Min: 75.0, Avg: 75.9, Max: 76.6, Diff: 1.6, Sum: 1365.5]
      [GC Worker End (ms): Min: 5034.8, Avg: 5034.8, Max: 5034.9, Diff: 0.1]
   [Code Root Fixup: 0.0 ms]
   [Code Root Purge: 0.0 ms]
   [Clear CT: 1.1 ms]
   [Other: 5.1 ms]
      [Choose CSet: 0.0 ms]
      [Ref Proc: 0.4 ms]
      [Ref Enq: 0.0 ms]
      [Redirty Cards: 0.2 ms]
      [Humongous Register: 2.5 ms]
      [Humongous Reclaim: 0.0 ms]
      [Free CSet: 1.6 ms]
   [Eden: 1320.0M(1320.0M)->0.0B(1422.0M) Survivors: 136.0M->182.0M Heap: 2890.4M(4096.0M)->1750.2M(4096.0M)]
 [Times: user=1.08 sys=0.28, real=0.08 secs] 
执行结束。共生成对象次数:33648
Heap
 garbage-first heap   total 4194304K, used 2040063K [0x00000006c0000000, 0x00000006c0204000, 0x00000007c0000000)
  region size 2048K, 213 young (436224K), 91 survivors (186368K)
 Metaspace       used 2533K, capacity 4486K, committed 4864K, reserved 1056768K
  class space    used 273K, capacity 386K, committed 512K, reserved 1048576K
开始执行.......
0.307: [GC pause (G1 Evacuation Pause) (young), 0.0170513 secs]
   [Parallel Time: 15.4 ms, GC Workers: 18]
      [GC Worker Start (ms): Min: 307.6, Avg: 309.5, Max: 312.6, Diff: 5.0]
      [Ext Root Scanning (ms): Min: 0.0, Avg: 0.2, Max: 0.5, Diff: 0.5, Sum: 3.1]
      [Update RS (ms): Min: 0.0, Avg: 0.0, Max: 0.0, Diff: 0.0, Sum: 0.0]
         [Processed Buffers: Min: 0, Avg: 0.0, Max: 0, Diff: 0, Sum: 0]
      [Scan RS (ms): Min: 0.0, Avg: 0.0, Max: 0.1, Diff: 0.1, Sum: 0.4]
      [Code Root Scanning (ms): Min: 0.0, Avg: 0.0, Max: 0.1, Diff: 0.1, Sum: 0.1]
      [Object Copy (ms): Min: 9.2, Avg: 12.4, Max: 14.5, Diff: 5.3, Sum: 222.5]
      [Termination (ms): Min: 0.0, Avg: 0.6, Max: 1.1, Diff: 1.1, Sum: 11.2]
         [Termination Attempts: Min: 1, Avg: 1.0, Max: 1, Diff: 0, Sum: 18]
      [GC Worker Other (ms): Min: 0.0, Avg: 0.0, Max: 0.1, Diff: 0.1, Sum: 0.8]
      [GC Worker Total (ms): Min: 10.1, Avg: 13.2, Max: 15.1, Diff: 5.0, Sum: 238.2]
      [GC Worker End (ms): Min: 322.7, Avg: 322.7, Max: 322.7, Diff: 0.1]
   [Code Root Fixup: 0.0 ms]
   [Code Root Purge: 0.0 ms]
   [Clear CT: 0.2 ms]
   [Other: 1.4 ms]
      [Choose CSet: 0.0 ms]
      [Ref Proc: 0.3 ms]
      [Ref Enq: 0.0 ms]
      [Redirty Cards: 0.3 ms]
      [Humongous Register: 0.2 ms]
      [Humongous Reclaim: 0.0 ms]
      [Free CSet: 0.1 ms]
   [Eden: 204.0M(204.0M)->0.0B(178.0M) Survivors: 0.0B->26.0M Heap: 204.0M(4096.0M)->71.4M(4096.0M)]
 [Times: user=0.10 sys=0.13, real=0.02 secs] 
0.385: [GC pause (G1 Evacuation Pause) (young), 0.0226091 secs]
   [Parallel Time: 20.3 ms, GC Workers: 18]
      [GC Worker Start (ms): Min: 385.5, Avg: 385.8, Max: 386.0, Diff: 0.5]
      [Ext Root Scanning (ms): Min: 0.0, Avg: 0.2, Max: 0.5, Diff: 0.5, Sum: 3.2]
      [Update RS (ms): Min: 0.0, Avg: 0.0, Max: 0.0, Diff: 0.0, Sum: 0.3]
         [Processed Buffers: Min: 0, Avg: 0.7, Max: 1, Diff: 1, Sum: 12]
      [Scan RS (ms): Min: 0.0, Avg: 0.0, Max: 0.1, Diff: 0.0, Sum: 0.7]
      [Code Root Scanning (ms): Min: 0.0, Avg: 0.0, Max: 0.0, Diff: 0.0, Sum: 0.1]
      [Object Copy (ms): Min: 18.6, Avg: 19.0, Max: 19.6, Diff: 1.0, Sum: 342.2]
      [Termination (ms): Min: 0.0, Avg: 0.6, Max: 0.9, Diff: 0.9, Sum: 10.2]
         [Termination Attempts: Min: 1, Avg: 1.1, Max: 2, Diff: 1, Sum: 19]
      [GC Worker Other (ms): Min: 0.0, Avg: 0.0, Max: 0.0, Diff: 0.0, Sum: 0.2]
      [GC Worker Total (ms): Min: 19.6, Avg: 19.8, Max: 20.1, Diff: 0.5, Sum: 356.8]
      [GC Worker End (ms): Min: 405.6, Avg: 405.6, Max: 405.6, Diff: 0.0]
   [Code Root Fixup: 0.0 ms]
   [Code Root Purge: 0.0 ms]
   [Clear CT: 0.5 ms]
   [Other: 1.8 ms]
      [Choose CSet: 0.0 ms]
      [Ref Proc: 0.3 ms]
      [Ref Enq: 0.0 ms]
      [Redirty Cards: 0.8 ms]
      [Humongous Register: 0.1 ms]
      [Humongous Reclaim: 0.0 ms]
      [Free CSet: 0.2 ms]
   [Eden: 178.0M(178.0M)->0.0B(178.0M) Survivors: 26.0M->26.0M Heap: 249.4M(4096.0M)->129.6M(4096.0M)]
 [Times: user=0.20 sys=0.17, real=0.02 secs] 
0.463: [GC pause (G1 Evacuation Pause) (young), 0.0183406 secs]
   [Parallel Time: 16.8 ms, GC Workers: 18]
      [GC Worker Start (ms): Min: 463.5, Avg: 463.8, Max: 464.1, Diff: 0.6]
      [Ext Root Scanning (ms): Min: 0.0, Avg: 0.2, Max: 0.5, Diff: 0.5, Sum: 2.9]
      [Update RS (ms): Min: 0.0, Avg: 0.1, Max: 1.0, Diff: 1.0, Sum: 2.3]
         [Processed Buffers: Min: 0, Avg: 1.1, Max: 3, Diff: 3, Sum: 20]
      [Scan RS (ms): Min: 0.0, Avg: 0.0, Max: 0.1, Diff: 0.1, Sum: 0.6]
      [Code Root Scanning (ms): Min: 0.0, Avg: 0.0, Max: 0.0, Diff: 0.0, Sum: 0.0]
      [Object Copy (ms): Min: 14.6, Avg: 15.4, Max: 15.8, Diff: 1.2, Sum: 276.3]
      [Termination (ms): Min: 0.0, Avg: 0.4, Max: 0.6, Diff: 0.6, Sum: 7.0]
         [Termination Attempts: Min: 1, Avg: 1.0, Max: 1, Diff: 0, Sum: 18]
      [GC Worker Other (ms): Min: 0.0, Avg: 0.0, Max: 0.1, Diff: 0.1, Sum: 0.4]
      [GC Worker Total (ms): Min: 15.8, Avg: 16.1, Max: 16.4, Diff: 0.6, Sum: 289.5]
      [GC Worker End (ms): Min: 479.9, Avg: 479.9, Max: 479.9, Diff: 0.0]
   [Code Root Fixup: 0.0 ms]
   [Code Root Purge: 0.0 ms]
   [Clear CT: 0.3 ms]
   [Other: 1.3 ms]
      [Choose CSet: 0.0 ms]
      [Ref Proc: 0.4 ms]
      [Ref Enq: 0.0 ms]
      [Redirty Cards: 0.2 ms]
      [Humongous Register: 0.1 ms]
      [Humongous Reclaim: 0.0 ms]
      [Free CSet: 0.1 ms]
   [Eden: 178.0M(178.0M)->0.0B(178.0M) Survivors: 26.0M->26.0M Heap: 307.6M(4096.0M)->184.9M(4096.0M)]
 [Times: user=0.14 sys=0.15, real=0.01 secs] 
0.537: [GC pause (G1 Evacuation Pause) (young), 0.0196402 secs]
   [Parallel Time: 18.2 ms, GC Workers: 18]
      [GC Worker Start (ms): Min: 536.9, Avg: 537.3, Max: 537.5, Diff: 0.6]
      [Ext Root Scanning (ms): Min: 0.0, Avg: 0.1, Max: 0.4, Diff: 0.4, Sum: 2.2]
      [Update RS (ms): Min: 0.0, Avg: 0.1, Max: 0.1, Diff: 0.1, Sum: 1.2]
         [Processed Buffers: Min: 0, Avg: 1.1, Max: 3, Diff: 3, Sum: 20]
      [Scan RS (ms): Min: 0.0, Avg: 0.0, Max: 0.1, Diff: 0.1, Sum: 0.6]
      [Code Root Scanning (ms): Min: 0.0, Avg: 0.0, Max: 0.0, Diff: 0.0, Sum: 0.0]
      [Object Copy (ms): Min: 16.7, Avg: 17.0, Max: 17.3, Diff: 0.7, Sum: 305.4]
      [Termination (ms): Min: 0.0, Avg: 0.4, Max: 0.7, Diff: 0.7, Sum: 6.4]
         [Termination Attempts: Min: 1, Avg: 1.0, Max: 1, Diff: 0, Sum: 18]
      [GC Worker Other (ms): Min: 0.0, Avg: 0.0, Max: 0.1, Diff: 0.1, Sum: 0.8]
      [GC Worker Total (ms): Min: 17.3, Avg: 17.6, Max: 17.9, Diff: 0.5, Sum: 316.5]
      [GC Worker End (ms): Min: 554.8, Avg: 554.8, Max: 554.9, Diff: 0.0]
   [Code Root Fixup: 0.0 ms]
   [Code Root Purge: 0.0 ms]
   [Clear CT: 0.2 ms]
   [Other: 1.2 ms]
      [Choose CSet: 0.0 ms]
      [Ref Proc: 0.3 ms]
      [Ref Enq: 0.0 ms]
      [Redirty Cards: 0.3 ms]
      [Humongous Register: 0.1 ms]
      [Humongous Reclaim: 0.0 ms]
      [Free CSet: 0.1 ms]
   [Eden: 178.0M(178.0M)->0.0B(178.0M) Survivors: 26.0M->26.0M Heap: 362.9M(4096.0M)->237.5M(4096.0M)]
 [Times: user=0.18 sys=0.13, real=0.02 secs] 
0.616: [GC pause (G1 Evacuation Pause) (young), 0.0188481 secs]
   [Parallel Time: 17.4 ms, GC Workers: 18]
      [GC Worker Start (ms): Min: 616.2, Avg: 616.5, Max: 616.8, Diff: 0.5]
      [Ext Root Scanning (ms): Min: 0.0, Avg: 0.2, Max: 0.4, Diff: 0.4, Sum: 2.8]
      [Update RS (ms): Min: 0.0, Avg: 0.1, Max: 0.4, Diff: 0.4, Sum: 1.5]
         [Processed Buffers: Min: 0, Avg: 1.0, Max: 4, Diff: 4, Sum: 18]
      [Scan RS (ms): Min: 0.0, Avg: 0.0, Max: 0.1, Diff: 0.1, Sum: 0.7]
      [Code Root Scanning (ms): Min: 0.0, Avg: 0.0, Max: 0.0, Diff: 0.0, Sum: 0.0]
      [Object Copy (ms): Min: 15.6, Avg: 16.0, Max: 16.5, Diff: 1.0, Sum: 288.7]
      [Termination (ms): Min: 0.0, Avg: 0.5, Max: 0.8, Diff: 0.8, Sum: 8.8]
         [Termination Attempts: Min: 1, Avg: 1.0, Max: 1, Diff: 0, Sum: 18]
      [GC Worker Other (ms): Min: 0.0, Avg: 0.0, Max: 0.1, Diff: 0.0, Sum: 0.4]
      [GC Worker Total (ms): Min: 16.6, Avg: 16.8, Max: 17.1, Diff: 0.5, Sum: 303.0]
      [GC Worker End (ms): Min: 633.3, Avg: 633.3, Max: 633.4, Diff: 0.0]
   [Code Root Fixup: 0.0 ms]
   [Code Root Purge: 0.0 ms]
   [Clear CT: 0.2 ms]
   [Other: 1.2 ms]
      [Choose CSet: 0.0 ms]
      [Ref Proc: 0.3 ms]
      [Ref Enq: 0.0 ms]
      [Redirty Cards: 0.2 ms]
      [Humongous Register: 0.2 ms]
      [Humongous Reclaim: 0.0 ms]
      [Free CSet: 0.1 ms]
   [Eden: 178.0M(178.0M)->0.0B(178.0M) Survivors: 26.0M->26.0M Heap: 415.5M(4096.0M)->295.7M(4096.0M)]
 [Times: user=0.17 sys=0.14, real=0.02 secs] 
0.692: [GC pause (G1 Evacuation Pause) (young), 0.0205626 secs]
   [Parallel Time: 19.0 ms, GC Workers: 18]
      [GC Worker Start (ms): Min: 692.1, Avg: 692.3, Max: 692.5, Diff: 0.4]
      [Ext Root Scanning (ms): Min: 0.0, Avg: 0.1, Max: 0.3, Diff: 0.3, Sum: 2.4]
      [Update RS (ms): Min: 0.0, Avg: 0.1, Max: 0.3, Diff: 0.3, Sum: 1.6]
         [Processed Buffers: Min: 0, Avg: 1.0, Max: 3, Diff: 3, Sum: 18]
      [Scan RS (ms): Min: 0.0, Avg: 0.0, Max: 0.1, Diff: 0.1, Sum: 0.7]
      [Code Root Scanning (ms): Min: 0.0, Avg: 0.0, Max: 0.0, Diff: 0.0, Sum: 0.0]
      [Object Copy (ms): Min: 17.4, Avg: 17.7, Max: 18.1, Diff: 0.8, Sum: 317.9]
      [Termination (ms): Min: 0.0, Avg: 0.5, Max: 0.7, Diff: 0.7, Sum: 8.5]
         [Termination Attempts: Min: 1, Avg: 1.0, Max: 1, Diff: 0, Sum: 18]
      [GC Worker Other (ms): Min: 0.0, Avg: 0.0, Max: 0.0, Diff: 0.0, Sum: 0.3]
      [GC Worker Total (ms): Min: 18.2, Avg: 18.4, Max: 18.6, Diff: 0.4, Sum: 331.5]
      [GC Worker End (ms): Min: 710.7, Avg: 710.7, Max: 710.7, Diff: 0.0]
   [Code Root Fixup: 0.0 ms]
   [Code Root Purge: 0.0 ms]
   [Clear CT: 0.3 ms]
   [Other: 1.3 ms]
      [Choose CSet: 0.0 ms]
      [Ref Proc: 0.3 ms]
      [Ref Enq: 0.0 ms]
      [Redirty Cards: 0.3 ms]
      [Humongous Register: 0.1 ms]
      [Humongous Reclaim: 0.0 ms]
      [Free CSet: 0.1 ms]
   [Eden: 178.0M(178.0M)->0.0B(178.0M) Survivors: 26.0M->26.0M Heap: 473.7M(4096.0M)->347.6M(4096.0M)]
 [Times: user=0.16 sys=0.17, real=0.02 secs] 
0.768: [GC pause (G1 Evacuation Pause) (young), 0.0174949 secs]
   [Parallel Time: 16.0 ms, GC Workers: 18]
      [GC Worker Start (ms): Min: 768.3, Avg: 768.5, Max: 768.8, Diff: 0.5]
      [Ext Root Scanning (ms): Min: 0.0, Avg: 0.1, Max: 0.4, Diff: 0.4, Sum: 2.5]
      [Update RS (ms): Min: 0.0, Avg: 0.1, Max: 0.4, Diff: 0.4, Sum: 2.1]
         [Processed Buffers: Min: 0, Avg: 1.0, Max: 4, Diff: 4, Sum: 18]
      [Scan RS (ms): Min: 0.0, Avg: 0.0, Max: 0.1, Diff: 0.1, Sum: 0.6]
      [Code Root Scanning (ms): Min: 0.0, Avg: 0.0, Max: 0.0, Diff: 0.0, Sum: 0.0]
      [Object Copy (ms): Min: 14.1, Avg: 14.6, Max: 15.1, Diff: 1.1, Sum: 263.3]
      [Termination (ms): Min: 0.0, Avg: 0.5, Max: 0.9, Diff: 0.9, Sum: 9.8]
         [Termination Attempts: Min: 1, Avg: 1.0, Max: 1, Diff: 0, Sum: 18]
      [GC Worker Other (ms): Min: 0.0, Avg: 0.0, Max: 0.1, Diff: 0.1, Sum: 0.6]
      [GC Worker Total (ms): Min: 15.3, Avg: 15.5, Max: 15.7, Diff: 0.5, Sum: 278.8]
      [GC Worker End (ms): Min: 784.0, Avg: 784.0, Max: 784.0, Diff: 0.0]
   [Code Root Fixup: 0.0 ms]
   [Code Root Purge: 0.0 ms]
   [Clear CT: 0.2 ms]
   [Other: 1.2 ms]
      [Choose CSet: 0.0 ms]
      [Ref Proc: 0.3 ms]
      [Ref Enq: 0.0 ms]
      [Redirty Cards: 0.3 ms]
      [Humongous Register: 0.1 ms]
      [Humongous Reclaim: 0.0 ms]
      [Free CSet: 0.1 ms]
   [Eden: 178.0M(178.0M)->0.0B(202.0M) Survivors: 26.0M->26.0M Heap: 525.6M(4096.0M)->401.1M(4096.0M)]
 [Times: user=0.14 sys=0.14, real=0.02 secs] 
0.849: [GC pause (G1 Evacuation Pause) (young), 0.0191386 secs]
   [Parallel Time: 17.7 ms, GC Workers: 18]
      [GC Worker Start (ms): Min: 849.4, Avg: 849.6, Max: 849.9, Diff: 0.5]
      [Ext Root Scanning (ms): Min: 0.0, Avg: 0.1, Max: 0.4, Diff: 0.4, Sum: 2.7]
      [Update RS (ms): Min: 0.0, Avg: 0.1, Max: 0.6, Diff: 0.5, Sum: 1.9]
         [Processed Buffers: Min: 0, Avg: 1.1, Max: 3, Diff: 3, Sum: 19]
      [Scan RS (ms): Min: 0.0, Avg: 0.0, Max: 0.1, Diff: 0.1, Sum: 0.6]
      [Code Root Scanning (ms): Min: 0.0, Avg: 0.0, Max: 0.0, Diff: 0.0, Sum: 0.0]
      [Object Copy (ms): Min: 15.9, Avg: 16.5, Max: 16.8, Diff: 0.9, Sum: 296.9]
      [Termination (ms): Min: 0.0, Avg: 0.3, Max: 0.5, Diff: 0.5, Sum: 5.4]
         [Termination Attempts: Min: 1, Avg: 1.0, Max: 1, Diff: 0, Sum: 18]
      [GC Worker Other (ms): Min: 0.0, Avg: 0.0, Max: 0.2, Diff: 0.2, Sum: 0.9]
      [GC Worker Total (ms): Min: 16.9, Avg: 17.1, Max: 17.4, Diff: 0.5, Sum: 308.5]
      [GC Worker End (ms): Min: 866.8, Avg: 866.8, Max: 866.8, Diff: 0.0]
   [Code Root Fixup: 0.0 ms]
   [Code Root Purge: 0.0 ms]
   [Clear CT: 0.3 ms]
   [Other: 1.2 ms]
      [Choose CSet: 0.0 ms]
      [Ref Proc: 0.3 ms]
      [Ref Enq: 0.0 ms]
      [Redirty Cards: 0.3 ms]
      [Humongous Register: 0.1 ms]
      [Humongous Reclaim: 0.0 ms]
      [Free CSet: 0.2 ms]
   [Eden: 202.0M(202.0M)->0.0B(256.0M) Survivors: 26.0M->30.0M Heap: 603.1M(4096.0M)->467.3M(4096.0M)]
 [Times: user=0.11 sys=0.20, real=0.02 secs] 
0.959: [GC pause (G1 Evacuation Pause) (young), 0.0228042 secs]
   [Parallel Time: 21.3 ms, GC Workers: 18]
      [GC Worker Start (ms): Min: 959.3, Avg: 959.6, Max: 959.9, Diff: 0.6]
      [Ext Root Scanning (ms): Min: 0.0, Avg: 0.1, Max: 0.4, Diff: 0.4, Sum: 2.7]
      [Update RS (ms): Min: 0.0, Avg: 0.1, Max: 0.2, Diff: 0.2, Sum: 1.7]
         [Processed Buffers: Min: 0, Avg: 1.1, Max: 3, Diff: 3, Sum: 19]
      [Scan RS (ms): Min: 0.0, Avg: 0.0, Max: 0.1, Diff: 0.1, Sum: 0.8]
      [Code Root Scanning (ms): Min: 0.0, Avg: 0.0, Max: 0.0, Diff: 0.0, Sum: 0.0]
      [Object Copy (ms): Min: 19.6, Avg: 19.9, Max: 20.4, Diff: 0.8, Sum: 357.6]
      [Termination (ms): Min: 0.0, Avg: 0.5, Max: 0.8, Diff: 0.8, Sum: 9.0]
         [Termination Attempts: Min: 1, Avg: 1.0, Max: 1, Diff: 0, Sum: 18]
      [GC Worker Other (ms): Min: 0.0, Avg: 0.0, Max: 0.1, Diff: 0.0, Sum: 0.4]
      [GC Worker Total (ms): Min: 20.4, Avg: 20.7, Max: 21.0, Diff: 0.6, Sum: 372.2]
      [GC Worker End (ms): Min: 980.3, Avg: 980.3, Max: 980.3, Diff: 0.0]
   [Code Root Fixup: 0.0 ms]
   [Code Root Purge: 0.0 ms]
   [Clear CT: 0.3 ms]
   [Other: 1.2 ms]
      [Choose CSet: 0.0 ms]
      [Ref Proc: 0.3 ms]
      [Ref Enq: 0.0 ms]
      [Redirty Cards: 0.3 ms]
      [Humongous Register: 0.1 ms]
      [Humongous Reclaim: 0.0 ms]
      [Free CSet: 0.2 ms]
   [Eden: 256.0M(256.0M)->0.0B(276.0M) Survivors: 30.0M->36.0M Heap: 723.3M(4096.0M)->552.4M(4096.0M)]
 [Times: user=0.11 sys=0.27, real=0.02 secs] 
1.067: [GC pause (G1 Evacuation Pause) (young), 0.0236804 secs]
   [Parallel Time: 22.1 ms, GC Workers: 18]
      [GC Worker Start (ms): Min: 1067.3, Avg: 1067.5, Max: 1067.7, Diff: 0.4]
      [Ext Root Scanning (ms): Min: 0.0, Avg: 0.2, Max: 0.3, Diff: 0.3, Sum: 2.7]
      [Update RS (ms): Min: 0.0, Avg: 0.2, Max: 0.2, Diff: 0.2, Sum: 2.8]
         [Processed Buffers: Min: 0, Avg: 1.1, Max: 2, Diff: 2, Sum: 19]
      [Scan RS (ms): Min: 0.0, Avg: 0.1, Max: 0.1, Diff: 0.1, Sum: 1.0]
      [Code Root Scanning (ms): Min: 0.0, Avg: 0.0, Max: 0.0, Diff: 0.0, Sum: 0.0]
      [Object Copy (ms): Min: 20.5, Avg: 20.8, Max: 21.2, Diff: 0.7, Sum: 373.8]
      [Termination (ms): Min: 0.0, Avg: 0.4, Max: 0.7, Diff: 0.7, Sum: 7.9]
         [Termination Attempts: Min: 1, Avg: 1.0, Max: 1, Diff: 0, Sum: 18]
      [GC Worker Other (ms): Min: 0.0, Avg: 0.0, Max: 0.1, Diff: 0.1, Sum: 0.9]
      [GC Worker Total (ms): Min: 21.4, Avg: 21.6, Max: 21.8, Diff: 0.4, Sum: 389.1]
      [GC Worker End (ms): Min: 1089.1, Avg: 1089.1, Max: 1089.1, Diff: 0.0]
   [Code Root Fixup: 0.0 ms]
   [Code Root Purge: 0.0 ms]
   [Clear CT: 0.3 ms]
   [Other: 1.3 ms]
      [Choose CSet: 0.0 ms]
      [Ref Proc: 0.3 ms]
      [Ref Enq: 0.0 ms]
      [Redirty Cards: 0.3 ms]
      [Humongous Register: 0.1 ms]
      [Humongous Reclaim: 0.0 ms]
      [Free CSet: 0.2 ms]
   [Eden: 276.0M(276.0M)->0.0B(496.0M) Survivors: 36.0M->40.0M Heap: 828.4M(4096.0M)->633.0M(4096.0M)]
 [Times: user=0.14 sys=0.25, real=0.02 secs] 
1.312: [GC pause (G1 Evacuation Pause) (young), 0.0323849 secs]
   [Parallel Time: 30.5 ms, GC Workers: 18]
      [GC Worker Start (ms): Min: 1312.7, Avg: 1313.1, Max: 1313.4, Diff: 0.7]
      [Ext Root Scanning (ms): Min: 0.0, Avg: 0.1, Max: 0.5, Diff: 0.5, Sum: 2.4]
      [Update RS (ms): Min: 0.0, Avg: 0.1, Max: 0.2, Diff: 0.2, Sum: 2.3]
         [Processed Buffers: Min: 0, Avg: 1.1, Max: 3, Diff: 3, Sum: 19]
      [Scan RS (ms): Min: 0.0, Avg: 0.1, Max: 0.1, Diff: 0.1, Sum: 1.5]
      [Code Root Scanning (ms): Min: 0.0, Avg: 0.0, Max: 0.0, Diff: 0.0, Sum: 0.0]
      [Object Copy (ms): Min: 28.7, Avg: 29.1, Max: 29.5, Diff: 0.7, Sum: 523.5]
      [Termination (ms): Min: 0.0, Avg: 0.4, Max: 0.7, Diff: 0.7, Sum: 7.3]
         [Termination Attempts: Min: 1, Avg: 1.0, Max: 1, Diff: 0, Sum: 18]
      [GC Worker Other (ms): Min: 0.0, Avg: 0.0, Max: 0.1, Diff: 0.1, Sum: 0.9]
      [GC Worker Total (ms): Min: 29.6, Avg: 29.9, Max: 30.3, Diff: 0.7, Sum: 537.9]
      [GC Worker End (ms): Min: 1342.9, Avg: 1343.0, Max: 1343.0, Diff: 0.1]
   [Code Root Fixup: 0.0 ms]
   [Code Root Purge: 0.0 ms]
   [Clear CT: 0.4 ms]
   [Other: 1.4 ms]
      [Choose CSet: 0.0 ms]
      [Ref Proc: 0.3 ms]
      [Ref Enq: 0.0 ms]
      [Redirty Cards: 0.2 ms]
      [Humongous Register: 0.1 ms]
      [Humongous Reclaim: 0.0 ms]
      [Free CSet: 0.4 ms]
   [Eden: 496.0M(496.0M)->0.0B(398.0M) Survivors: 40.0M->68.0M Heap: 1129.0M(4096.0M)->760.4M(4096.0M)]
 [Times: user=0.14 sys=0.40, real=0.04 secs] 
1.466: [GC pause (G1 Evacuation Pause) (young), 0.0419107 secs]
   [Parallel Time: 40.2 ms, GC Workers: 18]
      [GC Worker Start (ms): Min: 1466.3, Avg: 1466.6, Max: 1467.0, Diff: 0.7]
      [Ext Root Scanning (ms): Min: 0.0, Avg: 0.1, Max: 0.3, Diff: 0.3, Sum: 1.6]
      [Update RS (ms): Min: 0.0, Avg: 0.1, Max: 0.5, Diff: 0.5, Sum: 2.2]
         [Processed Buffers: Min: 0, Avg: 1.1, Max: 3, Diff: 3, Sum: 19]
      [Scan RS (ms): Min: 0.0, Avg: 0.1, Max: 0.1, Diff: 0.1, Sum: 1.3]
      [Code Root Scanning (ms): Min: 0.0, Avg: 0.0, Max: 0.0, Diff: 0.0, Sum: 0.0]
      [Object Copy (ms): Min: 38.6, Avg: 38.9, Max: 39.3, Diff: 0.7, Sum: 700.0]
      [Termination (ms): Min: 0.0, Avg: 0.4, Max: 0.7, Diff: 0.7, Sum: 8.0]
         [Termination Attempts: Min: 1, Avg: 1.0, Max: 1, Diff: 0, Sum: 18]
      [GC Worker Other (ms): Min: 0.0, Avg: 0.0, Max: 0.1, Diff: 0.1, Sum: 0.6]
      [GC Worker Total (ms): Min: 39.3, Avg: 39.6, Max: 39.9, Diff: 0.7, Sum: 713.6]
      [GC Worker End (ms): Min: 1506.3, Avg: 1506.3, Max: 1506.3, Diff: 0.1]
   [Code Root Fixup: 0.0 ms]
   [Code Root Purge: 0.0 ms]
   [Clear CT: 0.3 ms]
   [Other: 1.4 ms]
      [Choose CSet: 0.0 ms]
      [Ref Proc: 0.3 ms]
      [Ref Enq: 0.0 ms]
      [Redirty Cards: 0.3 ms]
      [Humongous Register: 0.1 ms]
      [Humongous Reclaim: 0.0 ms]
      [Free CSet: 0.3 ms]
   [Eden: 398.0M(398.0M)->0.0B(576.0M) Survivors: 68.0M->60.0M Heap: 1158.4M(4096.0M)->864.9M(4096.0M)]
 [Times: user=0.39 sys=0.32, real=0.04 secs] 
1.702: [GC pause (G1 Evacuation Pause) (young), 0.0376953 secs]
   [Parallel Time: 35.8 ms, GC Workers: 18]
      [GC Worker Start (ms): Min: 1702.4, Avg: 1702.8, Max: 1703.0, Diff: 0.7]
      [Ext Root Scanning (ms): Min: 0.0, Avg: 0.1, Max: 0.5, Diff: 0.5, Sum: 2.5]
      [Update RS (ms): Min: 0.0, Avg: 0.2, Max: 0.3, Diff: 0.3, Sum: 3.2]
         [Processed Buffers: Min: 0, Avg: 1.1, Max: 3, Diff: 3, Sum: 19]
      [Scan RS (ms): Min: 0.0, Avg: 0.1, Max: 0.2, Diff: 0.2, Sum: 2.0]
      [Code Root Scanning (ms): Min: 0.0, Avg: 0.0, Max: 0.0, Diff: 0.0, Sum: 0.0]
      [Object Copy (ms): Min: 34.0, Avg: 34.3, Max: 34.7, Diff: 0.7, Sum: 616.5]
      [Termination (ms): Min: 0.0, Avg: 0.5, Max: 0.8, Diff: 0.8, Sum: 8.2]
         [Termination Attempts: Min: 1, Avg: 1.0, Max: 1, Diff: 0, Sum: 18]
      [GC Worker Other (ms): Min: 0.0, Avg: 0.1, Max: 0.1, Diff: 0.1, Sum: 0.9]
      [GC Worker Total (ms): Min: 34.9, Avg: 35.2, Max: 35.6, Diff: 0.7, Sum: 633.4]
      [GC Worker End (ms): Min: 1737.9, Avg: 1738.0, Max: 1738.0, Diff: 0.1]
   [Code Root Fixup: 0.0 ms]
   [Code Root Purge: 0.0 ms]
   [Clear CT: 0.5 ms]
   [Other: 1.4 ms]
      [Choose CSet: 0.0 ms]
      [Ref Proc: 0.3 ms]
      [Ref Enq: 0.0 ms]
      [Redirty Cards: 0.2 ms]
      [Humongous Register: 0.1 ms]
      [Humongous Reclaim: 0.0 ms]
      [Free CSet: 0.4 ms]
   [Eden: 576.0M(576.0M)->0.0B(2376.0M) Survivors: 60.0M->80.0M Heap: 1440.9M(4096.0M)->1004.3M(4096.0M)]
 [Times: user=0.16 sys=0.48, real=0.04 secs] 
3.410: [GC pause (G1 Evacuation Pause) (young), 0.1022232 secs]
   [Parallel Time: 98.5 ms, GC Workers: 18]
      [GC Worker Start (ms): Min: 3410.4, Avg: 3410.8, Max: 3411.1, Diff: 0.8]
      [Ext Root Scanning (ms): Min: 0.0, Avg: 0.1, Max: 0.4, Diff: 0.4, Sum: 1.9]
      [Update RS (ms): Min: 0.0, Avg: 0.2, Max: 0.8, Diff: 0.8, Sum: 3.8]
         [Processed Buffers: Min: 0, Avg: 1.1, Max: 3, Diff: 3, Sum: 19]
      [Scan RS (ms): Min: 0.2, Avg: 0.4, Max: 0.5, Diff: 0.3, Sum: 6.6]
      [Code Root Scanning (ms): Min: 0.0, Avg: 0.0, Max: 0.0, Diff: 0.0, Sum: 0.1]
      [Object Copy (ms): Min: 95.7, Avg: 96.5, Max: 97.1, Diff: 1.4, Sum: 1737.2]
      [Termination (ms): Min: 0.0, Avg: 0.6, Max: 1.1, Diff: 1.1, Sum: 11.1]
         [Termination Attempts: Min: 1, Avg: 1.0, Max: 1, Diff: 0, Sum: 18]
      [GC Worker Other (ms): Min: 0.0, Avg: 0.1, Max: 0.2, Diff: 0.2, Sum: 1.8]
      [GC Worker Total (ms): Min: 97.6, Avg: 97.9, Max: 98.3, Diff: 0.8, Sum: 1762.5]
      [GC Worker End (ms): Min: 3508.7, Avg: 3508.7, Max: 3508.8, Diff: 0.1]
   [Code Root Fixup: 0.0 ms]
   [Code Root Purge: 0.0 ms]
   [Clear CT: 1.1 ms]
   [Other: 2.6 ms]
      [Choose CSet: 0.0 ms]
      [Ref Proc: 0.3 ms]
      [Ref Enq: 0.0 ms]
      [Redirty Cards: 0.2 ms]
      [Humongous Register: 0.1 ms]
      [Humongous Reclaim: 0.0 ms]
      [Free CSet: 1.4 ms]
   [Eden: 2376.0M(2376.0M)->0.0B(160.0M) Survivors: 80.0M->308.0M Heap: 3380.3M(4096.0M)->1282.3M(4096.0M)]
 [Times: user=0.50 sys=1.28, real=0.10 secs] 
3.561: [GC pause (G1 Evacuation Pause) (young), 0.0854327 secs]
   [Parallel Time: 83.8 ms, GC Workers: 18]
      [GC Worker Start (ms): Min: 3560.9, Avg: 3561.2, Max: 3561.5, Diff: 0.6]
      [Ext Root Scanning (ms): Min: 0.0, Avg: 0.1, Max: 0.4, Diff: 0.4, Sum: 1.9]
      [Update RS (ms): Min: 0.0, Avg: 0.1, Max: 0.2, Diff: 0.2, Sum: 1.4]
         [Processed Buffers: Min: 0, Avg: 1.1, Max: 3, Diff: 3, Sum: 19]
      [Scan RS (ms): Min: 0.0, Avg: 0.1, Max: 0.1, Diff: 0.1, Sum: 1.1]
      [Code Root Scanning (ms): Min: 0.0, Avg: 0.0, Max: 0.0, Diff: 0.0, Sum: 0.0]
      [Object Copy (ms): Min: 81.1, Avg: 82.0, Max: 83.0, Diff: 1.9, Sum: 1475.8]
      [Termination (ms): Min: 0.0, Avg: 1.0, Max: 1.9, Diff: 1.9, Sum: 18.5]
         [Termination Attempts: Min: 1, Avg: 1.0, Max: 1, Diff: 0, Sum: 18]
      [GC Worker Other (ms): Min: 0.0, Avg: 0.0, Max: 0.1, Diff: 0.1, Sum: 0.9]
      [GC Worker Total (ms): Min: 83.0, Avg: 83.3, Max: 83.6, Diff: 0.6, Sum: 1499.5]
      [GC Worker End (ms): Min: 3644.5, Avg: 3644.5, Max: 3644.6, Diff: 0.1]
   [Code Root Fixup: 0.0 ms]
   [Code Root Purge: 0.0 ms]
   [Clear CT: 0.4 ms]
   [Other: 1.3 ms]
      [Choose CSet: 0.0 ms]
      [Ref Proc: 0.3 ms]
      [Ref Enq: 0.0 ms]
      [Redirty Cards: 0.2 ms]
      [Humongous Register: 0.1 ms]
      [Humongous Reclaim: 0.0 ms]
      [Free CSet: 0.4 ms]
   [Eden: 160.0M(160.0M)->0.0B(904.0M) Survivors: 308.0M->56.0M Heap: 1442.3M(4096.0M)->1292.9M(4096.0M)]
 [Times: user=0.53 sys=0.96, real=0.09 secs] 
3.933: [GC pause (G1 Evacuation Pause) (young), 0.0753694 secs]
   [Parallel Time: 73.2 ms, GC Workers: 18]
      [GC Worker Start (ms): Min: 3933.2, Avg: 3933.5, Max: 3933.9, Diff: 0.7]
      [Ext Root Scanning (ms): Min: 0.0, Avg: 0.1, Max: 0.3, Diff: 0.3, Sum: 1.6]
      [Update RS (ms): Min: 0.0, Avg: 0.1, Max: 0.3, Diff: 0.3, Sum: 2.4]
         [Processed Buffers: Min: 0, Avg: 1.1, Max: 3, Diff: 3, Sum: 19]
      [Scan RS (ms): Min: 0.0, Avg: 0.2, Max: 0.2, Diff: 0.2, Sum: 2.8]
      [Code Root Scanning (ms): Min: 0.0, Avg: 0.0, Max: 0.0, Diff: 0.0, Sum: 0.0]
      [Object Copy (ms): Min: 71.2, Avg: 71.7, Max: 72.2, Diff: 1.0, Sum: 1290.0]
      [Termination (ms): Min: 0.0, Avg: 0.6, Max: 1.0, Diff: 1.0, Sum: 10.4]
         [Termination Attempts: Min: 1, Avg: 1.4, Max: 3, Diff: 2, Sum: 26]
      [GC Worker Other (ms): Min: 0.0, Avg: 0.0, Max: 0.1, Diff: 0.1, Sum: 0.7]
      [GC Worker Total (ms): Min: 72.3, Avg: 72.7, Max: 73.0, Diff: 0.6, Sum: 1307.9]
      [GC Worker End (ms): Min: 4006.1, Avg: 4006.2, Max: 4006.2, Diff: 0.1]
   [Code Root Fixup: 0.0 ms]
   [Code Root Purge: 0.0 ms]
   [Clear CT: 0.6 ms]
   [Other: 1.6 ms]
      [Choose CSet: 0.0 ms]
      [Ref Proc: 0.4 ms]
      [Ref Enq: 0.0 ms]
      [Redirty Cards: 0.2 ms]
      [Humongous Register: 0.1 ms]
      [Humongous Reclaim: 0.0 ms]
      [Free CSet: 0.7 ms]
   [Eden: 904.0M(904.0M)->0.0B(968.0M) Survivors: 56.0M->120.0M Heap: 2196.9M(4096.0M)->1498.1M(4096.0M)]
 [Times: user=0.77 sys=0.53, real=0.08 secs] 
4.349: [GC pause (G1 Evacuation Pause) (young), 0.0778804 secs]
   [Parallel Time: 75.6 ms, GC Workers: 18]
      [GC Worker Start (ms): Min: 4349.1, Avg: 4349.4, Max: 4349.8, Diff: 0.7]
      [Ext Root Scanning (ms): Min: 0.0, Avg: 0.2, Max: 0.5, Diff: 0.5, Sum: 3.1]
      [Update RS (ms): Min: 0.0, Avg: 0.3, Max: 0.9, Diff: 0.9, Sum: 5.4]
         [Processed Buffers: Min: 0, Avg: 1.1, Max: 4, Diff: 4, Sum: 19]
      [Scan RS (ms): Min: 0.0, Avg: 0.2, Max: 0.4, Diff: 0.4, Sum: 3.2]
      [Code Root Scanning (ms): Min: 0.0, Avg: 0.0, Max: 0.0, Diff: 0.0, Sum: 0.0]
      [Object Copy (ms): Min: 73.5, Avg: 73.9, Max: 74.4, Diff: 0.8, Sum: 1329.8]
      [Termination (ms): Min: 0.0, Avg: 0.4, Max: 0.8, Diff: 0.8, Sum: 7.6]
         [Termination Attempts: Min: 1, Avg: 1.0, Max: 1, Diff: 0, Sum: 18]
      [GC Worker Other (ms): Min: 0.0, Avg: 0.1, Max: 0.1, Diff: 0.1, Sum: 1.0]
      [GC Worker Total (ms): Min: 74.6, Avg: 75.0, Max: 75.4, Diff: 0.8, Sum: 1350.1]
      [GC Worker End (ms): Min: 4424.4, Avg: 4424.4, Max: 4424.5, Diff: 0.1]
   [Code Root Fixup: 0.0 ms]
   [Code Root Purge: 0.0 ms]
   [Clear CT: 0.6 ms]
   [Other: 1.7 ms]
      [Choose CSet: 0.0 ms]
      [Ref Proc: 0.4 ms]
      [Ref Enq: 0.0 ms]
      [Redirty Cards: 0.2 ms]
      [Humongous Register: 0.1 ms]
      [Humongous Reclaim: 0.0 ms]
      [Free CSet: 0.7 ms]
   [Eden: 968.0M(968.0M)->0.0B(1124.0M) Survivors: 120.0M->136.0M Heap: 2466.1M(4096.0M)->1653.2M(4096.0M)]
 [Times: user=0.62 sys=0.74, real=0.08 secs] 
4.838: [GC pause (G1 Evacuation Pause) (young), 0.0752231 secs]
   [Parallel Time: 72.8 ms, GC Workers: 18]
      [GC Worker Start (ms): Min: 4837.8, Avg: 4838.2, Max: 4838.5, Diff: 0.7]
      [Ext Root Scanning (ms): Min: 0.0, Avg: 0.1, Max: 0.4, Diff: 0.4, Sum: 1.9]
      [Update RS (ms): Min: 0.0, Avg: 0.1, Max: 0.4, Diff: 0.4, Sum: 2.5]
         [Processed Buffers: Min: 0, Avg: 1.1, Max: 3, Diff: 3, Sum: 19]
      [Scan RS (ms): Min: 0.0, Avg: 0.2, Max: 0.3, Diff: 0.2, Sum: 3.0]
      [Code Root Scanning (ms): Min: 0.0, Avg: 0.0, Max: 0.0, Diff: 0.0, Sum: 0.0]
      [Object Copy (ms): Min: 69.8, Avg: 70.4, Max: 71.9, Diff: 2.0, Sum: 1267.8]
      [Termination (ms): Min: 0.0, Avg: 1.4, Max: 2.0, Diff: 2.0, Sum: 25.9]
         [Termination Attempts: Min: 1, Avg: 1.0, Max: 1, Diff: 0, Sum: 18]
      [GC Worker Other (ms): Min: 0.0, Avg: 0.1, Max: 0.1, Diff: 0.1, Sum: 1.0]
      [GC Worker Total (ms): Min: 72.0, Avg: 72.3, Max: 72.7, Diff: 0.7, Sum: 1302.1]
      [GC Worker End (ms): Min: 4910.5, Avg: 4910.5, Max: 4910.6, Diff: 0.1]
   [Code Root Fixup: 0.0 ms]
   [Code Root Purge: 0.0 ms]
   [Clear CT: 0.6 ms]
   [Other: 1.8 ms]
      [Choose CSet: 0.0 ms]
      [Ref Proc: 0.3 ms]
      [Ref Enq: 0.0 ms]
      [Redirty Cards: 0.3 ms]
      [Humongous Register: 0.1 ms]
      [Humongous Reclaim: 0.0 ms]
      [Free CSet: 0.9 ms]
   [Eden: 1124.0M(1124.0M)->0.0B(1338.0M) Survivors: 136.0M->158.0M Heap: 2777.2M(4096.0M)->1836.6M(4096.0M)]
 [Times: user=1.01 sys=0.29, real=0.08 secs] 
执行结束。共生成对象次数:35744
Heap
 garbage-first heap   total 4194304K, used 2617984K [0x00000006c0000000, 0x00000006c0204000, 0x00000007c0000000)
  region size 2048K, 440 young (901120K), 79 survivors (161792K)
 Metaspace       used 2533K, capacity 4486K, committed 4864K, reserved 1056768K
  class space    used 273K, capacity 386K, committed 512K, reserved 1048576K
开始执行.......
0.261: [GC pause (G1 Evacuation Pause) (young), 0.0187670 secs]
   [Parallel Time: 17.1 ms, GC Workers: 18]
      [GC Worker Start (ms): Min: 260.9, Avg: 263.6, Max: 267.9, Diff: 7.0]
      [Ext Root Scanning (ms): Min: 0.0, Avg: 0.2, Max: 0.4, Diff: 0.4, Sum: 2.8]
      [Update RS (ms): Min: 0.0, Avg: 0.0, Max: 0.0, Diff: 0.0, Sum: 0.0]
         [Processed Buffers: Min: 0, Avg: 0.0, Max: 0, Diff: 0, Sum: 0]
      [Scan RS (ms): Min: 0.0, Avg: 0.0, Max: 0.1, Diff: 0.1, Sum: 0.6]
      [Code Root Scanning (ms): Min: 0.0, Avg: 0.0, Max: 0.1, Diff: 0.1, Sum: 0.1]
      [Object Copy (ms): Min: 8.6, Avg: 13.0, Max: 16.2, Diff: 7.6, Sum: 234.7]
      [Termination (ms): Min: 0.0, Avg: 0.8, Max: 1.2, Diff: 1.2, Sum: 14.8]
         [Termination Attempts: Min: 1, Avg: 1.0, Max: 1, Diff: 0, Sum: 18]
      [GC Worker Other (ms): Min: 0.0, Avg: 0.1, Max: 0.1, Diff: 0.1, Sum: 1.0]
      [GC Worker Total (ms): Min: 9.8, Avg: 14.1, Max: 16.8, Diff: 7.0, Sum: 254.0]
      [GC Worker End (ms): Min: 277.7, Avg: 277.8, Max: 277.8, Diff: 0.1]
   [Code Root Fixup: 0.0 ms]
   [Code Root Purge: 0.0 ms]
   [Clear CT: 0.2 ms]
   [Other: 1.4 ms]
      [Choose CSet: 0.0 ms]
      [Ref Proc: 0.5 ms]
      [Ref Enq: 0.0 ms]
      [Redirty Cards: 0.3 ms]
      [Humongous Register: 0.1 ms]
      [Humongous Reclaim: 0.0 ms]
      [Free CSet: 0.1 ms]
   [Eden: 204.0M(204.0M)->0.0B(178.0M) Survivors: 0.0B->26.0M Heap: 204.0M(4096.0M)->71.0M(4096.0M)]
 [Times: user=0.08 sys=0.18, real=0.02 secs] 
0.337: [GC pause (G1 Evacuation Pause) (young), 0.0224320 secs]
   [Parallel Time: 20.9 ms, GC Workers: 18]
      [GC Worker Start (ms): Min: 337.2, Avg: 337.5, Max: 337.8, Diff: 0.6]
      [Ext Root Scanning (ms): Min: 0.0, Avg: 0.1, Max: 0.4, Diff: 0.4, Sum: 2.3]
      [Update RS (ms): Min: 0.0, Avg: 0.0, Max: 0.1, Diff: 0.1, Sum: 0.3]
         [Processed Buffers: Min: 0, Avg: 0.7, Max: 2, Diff: 2, Sum: 13]
      [Scan RS (ms): Min: 0.0, Avg: 0.0, Max: 0.1, Diff: 0.1, Sum: 0.7]
      [Code Root Scanning (ms): Min: 0.0, Avg: 0.0, Max: 0.1, Diff: 0.1, Sum: 0.1]
      [Object Copy (ms): Min: 19.5, Avg: 19.7, Max: 20.3, Diff: 0.7, Sum: 355.0]
      [Termination (ms): Min: 0.0, Avg: 0.5, Max: 0.7, Diff: 0.7, Sum: 8.2]
         [Termination Attempts: Min: 1, Avg: 1.0, Max: 1, Diff: 0, Sum: 18]
      [GC Worker Other (ms): Min: 0.0, Avg: 0.0, Max: 0.1, Diff: 0.1, Sum: 0.4]
      [GC Worker Total (ms): Min: 20.1, Avg: 20.4, Max: 20.7, Diff: 0.6, Sum: 367.0]
      [GC Worker End (ms): Min: 357.9, Avg: 357.9, Max: 358.0, Diff: 0.1]
   [Code Root Fixup: 0.0 ms]
   [Code Root Purge: 0.0 ms]
   [Clear CT: 0.2 ms]
   [Other: 1.2 ms]
      [Choose CSet: 0.0 ms]
      [Ref Proc: 0.3 ms]
      [Ref Enq: 0.0 ms]
      [Redirty Cards: 0.3 ms]
      [Humongous Register: 0.1 ms]
      [Humongous Reclaim: 0.0 ms]
      [Free CSet: 0.1 ms]
   [Eden: 178.0M(178.0M)->0.0B(178.0M) Survivors: 26.0M->26.0M Heap: 249.0M(4096.0M)->129.6M(4096.0M)]
 [Times: user=0.20 sys=0.16, real=0.02 secs] 
0.416: [GC pause (G1 Evacuation Pause) (young), 0.0207688 secs]
   [Parallel Time: 19.4 ms, GC Workers: 18]
      [GC Worker Start (ms): Min: 416.1, Avg: 416.4, Max: 416.6, Diff: 0.5]
      [Ext Root Scanning (ms): Min: 0.0, Avg: 0.1, Max: 0.4, Diff: 0.4, Sum: 2.4]
      [Update RS (ms): Min: 0.0, Avg: 0.3, Max: 3.2, Diff: 3.2, Sum: 4.8]
         [Processed Buffers: Min: 0, Avg: 1.1, Max: 3, Diff: 3, Sum: 20]
      [Scan RS (ms): Min: 0.0, Avg: 0.0, Max: 0.2, Diff: 0.2, Sum: 0.7]
      [Code Root Scanning (ms): Min: 0.0, Avg: 0.0, Max: 0.0, Diff: 0.0, Sum: 0.0]
      [Object Copy (ms): Min: 15.1, Avg: 18.0, Max: 18.6, Diff: 3.5, Sum: 324.5]
      [Termination (ms): Min: 0.0, Avg: 0.4, Max: 0.7, Diff: 0.7, Sum: 6.3]
         [Termination Attempts: Min: 1, Avg: 1.1, Max: 2, Diff: 1, Sum: 20]
      [GC Worker Other (ms): Min: 0.0, Avg: 0.0, Max: 0.1, Diff: 0.1, Sum: 0.6]
      [GC Worker Total (ms): Min: 18.6, Avg: 18.9, Max: 19.1, Diff: 0.4, Sum: 339.5]
      [GC Worker End (ms): Min: 435.2, Avg: 435.2, Max: 435.3, Diff: 0.1]
   [Code Root Fixup: 0.0 ms]
   [Code Root Purge: 0.0 ms]
   [Clear CT: 0.3 ms]
   [Other: 1.2 ms]
      [Choose CSet: 0.0 ms]
      [Ref Proc: 0.3 ms]
      [Ref Enq: 0.0 ms]
      [Redirty Cards: 0.3 ms]
      [Humongous Register: 0.1 ms]
      [Humongous Reclaim: 0.0 ms]
      [Free CSet: 0.1 ms]
   [Eden: 178.0M(178.0M)->0.0B(178.0M) Survivors: 26.0M->26.0M Heap: 307.6M(4096.0M)->184.8M(4096.0M)]
 [Times: user=0.20 sys=0.14, real=0.02 secs] 
0.492: [GC pause (G1 Evacuation Pause) (young), 0.0230647 secs]
   [Parallel Time: 21.6 ms, GC Workers: 18]
      [GC Worker Start (ms): Min: 492.6, Avg: 492.9, Max: 493.2, Diff: 0.7]
      [Ext Root Scanning (ms): Min: 0.0, Avg: 0.2, Max: 0.5, Diff: 0.5, Sum: 3.6]
      [Update RS (ms): Min: 0.0, Avg: 0.1, Max: 0.4, Diff: 0.4, Sum: 2.2]
         [Processed Buffers: Min: 0, Avg: 1.0, Max: 2, Diff: 2, Sum: 18]
      [Scan RS (ms): Min: 0.0, Avg: 0.0, Max: 0.1, Diff: 0.0, Sum: 0.6]
      [Code Root Scanning (ms): Min: 0.0, Avg: 0.0, Max: 0.0, Diff: 0.0, Sum: 0.0]
      [Object Copy (ms): Min: 19.8, Avg: 20.2, Max: 20.5, Diff: 0.7, Sum: 363.9]
      [Termination (ms): Min: 0.0, Avg: 0.3, Max: 0.6, Diff: 0.6, Sum: 5.3]
         [Termination Attempts: Min: 1, Avg: 1.0, Max: 1, Diff: 0, Sum: 18]
      [GC Worker Other (ms): Min: 0.0, Avg: 0.0, Max: 0.0, Diff: 0.0, Sum: 0.4]
      [GC Worker Total (ms): Min: 20.6, Avg: 20.9, Max: 21.2, Diff: 0.6, Sum: 376.1]
      [GC Worker End (ms): Min: 513.8, Avg: 513.8, Max: 513.8, Diff: 0.0]
   [Code Root Fixup: 0.0 ms]
   [Code Root Purge: 0.0 ms]
   [Clear CT: 0.3 ms]
   [Other: 1.3 ms]
      [Choose CSet: 0.0 ms]
      [Ref Proc: 0.4 ms]
      [Ref Enq: 0.0 ms]
      [Redirty Cards: 0.3 ms]
      [Humongous Register: 0.1 ms]
      [Humongous Reclaim: 0.0 ms]
      [Free CSet: 0.1 ms]
   [Eden: 178.0M(178.0M)->0.0B(178.0M) Survivors: 26.0M->26.0M Heap: 362.8M(4096.0M)->243.4M(4096.0M)]
 [Times: user=0.21 sys=0.17, real=0.02 secs] 
0.574: [GC pause (G1 Evacuation Pause) (young), 0.0215576 secs]
   [Parallel Time: 20.2 ms, GC Workers: 18]
      [GC Worker Start (ms): Min: 573.8, Avg: 573.9, Max: 574.0, Diff: 0.2]
      [Ext Root Scanning (ms): Min: 0.1, Avg: 0.2, Max: 0.3, Diff: 0.2, Sum: 4.1]
      [Update RS (ms): Min: 0.1, Avg: 0.1, Max: 0.3, Diff: 0.2, Sum: 2.0]
         [Processed Buffers: Min: 0, Avg: 1.0, Max: 4, Diff: 4, Sum: 18]
      [Scan RS (ms): Min: 0.0, Avg: 0.0, Max: 0.1, Diff: 0.1, Sum: 0.7]
      [Code Root Scanning (ms): Min: 0.0, Avg: 0.0, Max: 0.0, Diff: 0.0, Sum: 0.0]
      [Object Copy (ms): Min: 18.7, Avg: 19.0, Max: 19.5, Diff: 0.8, Sum: 341.3]
      [Termination (ms): Min: 0.0, Avg: 0.5, Max: 0.8, Diff: 0.8, Sum: 8.8]
         [Termination Attempts: Min: 1, Avg: 1.0, Max: 1, Diff: 0, Sum: 18]
      [GC Worker Other (ms): Min: 0.0, Avg: 0.0, Max: 0.1, Diff: 0.1, Sum: 0.7]
      [GC Worker Total (ms): Min: 19.7, Avg: 19.9, Max: 20.0, Diff: 0.2, Sum: 357.5]
      [GC Worker End (ms): Min: 593.8, Avg: 593.8, Max: 593.8, Diff: 0.1]
   [Code Root Fixup: 0.0 ms]
   [Code Root Purge: 0.0 ms]
   [Clear CT: 0.2 ms]
   [Other: 1.1 ms]
      [Choose CSet: 0.0 ms]
      [Ref Proc: 0.3 ms]
      [Ref Enq: 0.0 ms]
      [Redirty Cards: 0.3 ms]
      [Humongous Register: 0.1 ms]
      [Humongous Reclaim: 0.0 ms]
      [Free CSet: 0.1 ms]
   [Eden: 178.0M(178.0M)->0.0B(178.0M) Survivors: 26.0M->26.0M Heap: 421.4M(4096.0M)->301.4M(4096.0M)]
 [Times: user=0.19 sys=0.16, real=0.02 secs] 
0.652: [GC pause (G1 Evacuation Pause) (young), 0.0208833 secs]
   [Parallel Time: 19.4 ms, GC Workers: 18]
      [GC Worker Start (ms): Min: 652.2, Avg: 652.4, Max: 652.6, Diff: 0.4]
      [Ext Root Scanning (ms): Min: 0.0, Avg: 0.2, Max: 0.3, Diff: 0.3, Sum: 2.9]
      [Update RS (ms): Min: 0.1, Avg: 0.1, Max: 0.2, Diff: 0.1, Sum: 2.1]
         [Processed Buffers: Min: 0, Avg: 1.0, Max: 2, Diff: 2, Sum: 18]
      [Scan RS (ms): Min: 0.0, Avg: 0.0, Max: 0.0, Diff: 0.0, Sum: 0.5]
      [Code Root Scanning (ms): Min: 0.0, Avg: 0.0, Max: 0.0, Diff: 0.0, Sum: 0.0]
      [Object Copy (ms): Min: 17.7, Avg: 18.1, Max: 18.6, Diff: 1.0, Sum: 325.3]
      [Termination (ms): Min: 0.0, Avg: 0.6, Max: 0.9, Diff: 0.9, Sum: 10.1]
         [Termination Attempts: Min: 1, Avg: 1.0, Max: 1, Diff: 0, Sum: 18]
      [GC Worker Other (ms): Min: 0.0, Avg: 0.0, Max: 0.3, Diff: 0.2, Sum: 0.7]
      [GC Worker Total (ms): Min: 18.8, Avg: 19.0, Max: 19.2, Diff: 0.3, Sum: 341.7]
      [GC Worker End (ms): Min: 671.4, Avg: 671.4, Max: 671.4, Diff: 0.0]
   [Code Root Fixup: 0.0 ms]
   [Code Root Purge: 0.0 ms]
   [Clear CT: 0.2 ms]
   [Other: 1.2 ms]
      [Choose CSet: 0.0 ms]
      [Ref Proc: 0.4 ms]
      [Ref Enq: 0.0 ms]
      [Redirty Cards: 0.2 ms]
      [Humongous Register: 0.1 ms]
      [Humongous Reclaim: 0.0 ms]
      [Free CSet: 0.1 ms]
   [Eden: 178.0M(178.0M)->0.0B(178.0M) Survivors: 26.0M->26.0M Heap: 479.4M(4096.0M)->350.6M(4096.0M)]
 [Times: user=0.18 sys=0.16, real=0.02 secs] 
0.729: [GC pause (G1 Evacuation Pause) (young), 0.0214559 secs]
   [Parallel Time: 19.9 ms, GC Workers: 18]
      [GC Worker Start (ms): Min: 729.7, Avg: 729.9, Max: 730.1, Diff: 0.4]
      [Ext Root Scanning (ms): Min: 0.0, Avg: 0.2, Max: 0.4, Diff: 0.4, Sum: 2.9]
      [Update RS (ms): Min: 0.1, Avg: 0.1, Max: 0.2, Diff: 0.1, Sum: 1.9]
         [Processed Buffers: Min: 0, Avg: 1.1, Max: 2, Diff: 2, Sum: 20]
      [Scan RS (ms): Min: 0.0, Avg: 0.0, Max: 0.1, Diff: 0.1, Sum: 0.6]
      [Code Root Scanning (ms): Min: 0.0, Avg: 0.0, Max: 0.0, Diff: 0.0, Sum: 0.0]
      [Object Copy (ms): Min: 18.1, Avg: 18.6, Max: 19.1, Diff: 1.0, Sum: 334.3]
      [Termination (ms): Min: 0.0, Avg: 0.5, Max: 1.0, Diff: 1.0, Sum: 9.9]
         [Termination Attempts: Min: 1, Avg: 1.0, Max: 1, Diff: 0, Sum: 18]
      [GC Worker Other (ms): Min: 0.0, Avg: 0.0, Max: 0.1, Diff: 0.0, Sum: 0.4]
      [GC Worker Total (ms): Min: 19.2, Avg: 19.4, Max: 19.6, Diff: 0.4, Sum: 349.9]
      [GC Worker End (ms): Min: 749.3, Avg: 749.3, Max: 749.3, Diff: 0.0]
   [Code Root Fixup: 0.0 ms]
   [Code Root Purge: 0.0 ms]
   [Clear CT: 0.3 ms]
   [Other: 1.3 ms]
      [Choose CSet: 0.0 ms]
      [Ref Proc: 0.4 ms]
      [Ref Enq: 0.0 ms]
      [Redirty Cards: 0.3 ms]
      [Humongous Register: 0.1 ms]
      [Humongous Reclaim: 0.0 ms]
      [Free CSet: 0.1 ms]
   [Eden: 178.0M(178.0M)->0.0B(190.0M) Survivors: 26.0M->26.0M Heap: 528.6M(4096.0M)->413.1M(4096.0M)]
 [Times: user=0.19 sys=0.16, real=0.02 secs] 
0.808: [GC pause (G1 Evacuation Pause) (young), 0.0214381 secs]
   [Parallel Time: 20.1 ms, GC Workers: 18]
      [GC Worker Start (ms): Min: 808.3, Avg: 808.6, Max: 808.8, Diff: 0.5]
      [Ext Root Scanning (ms): Min: 0.0, Avg: 0.2, Max: 0.4, Diff: 0.4, Sum: 2.9]
      [Update RS (ms): Min: 0.0, Avg: 0.1, Max: 0.3, Diff: 0.3, Sum: 2.5]
         [Processed Buffers: Min: 0, Avg: 1.1, Max: 2, Diff: 2, Sum: 19]
      [Scan RS (ms): Min: 0.0, Avg: 0.0, Max: 0.1, Diff: 0.1, Sum: 0.7]
      [Code Root Scanning (ms): Min: 0.0, Avg: 0.0, Max: 0.0, Diff: 0.0, Sum: 0.0]
      [Object Copy (ms): Min: 18.6, Avg: 18.9, Max: 19.3, Diff: 0.6, Sum: 340.6]
      [Termination (ms): Min: 0.0, Avg: 0.3, Max: 0.5, Diff: 0.5, Sum: 4.8]
         [Termination Attempts: Min: 1, Avg: 1.1, Max: 2, Diff: 1, Sum: 20]
      [GC Worker Other (ms): Min: 0.0, Avg: 0.1, Max: 0.2, Diff: 0.2, Sum: 1.4]
      [GC Worker Total (ms): Min: 19.4, Avg: 19.6, Max: 19.8, Diff: 0.5, Sum: 353.0]
      [GC Worker End (ms): Min: 828.2, Avg: 828.2, Max: 828.2, Diff: 0.1]
   [Code Root Fixup: 0.0 ms]
   [Code Root Purge: 0.0 ms]
   [Clear CT: 0.2 ms]
   [Other: 1.1 ms]
      [Choose CSet: 0.0 ms]
      [Ref Proc: 0.3 ms]
      [Ref Enq: 0.0 ms]
      [Redirty Cards: 0.3 ms]
      [Humongous Register: 0.1 ms]
      [Humongous Reclaim: 0.0 ms]
      [Free CSet: 0.1 ms]
   [Eden: 190.0M(190.0M)->0.0B(238.0M) Survivors: 26.0M->28.0M Heap: 603.1M(4096.0M)->479.1M(4096.0M)]
 [Times: user=0.16 sys=0.20, real=0.02 secs] 
0.910: [GC pause (G1 Evacuation Pause) (young), 0.0209446 secs]
   [Parallel Time: 19.4 ms, GC Workers: 18]
      [GC Worker Start (ms): Min: 910.3, Avg: 910.6, Max: 911.0, Diff: 0.6]
      [Ext Root Scanning (ms): Min: 0.0, Avg: 0.2, Max: 0.5, Diff: 0.5, Sum: 3.5]
      [Update RS (ms): Min: 0.0, Avg: 0.1, Max: 0.2, Diff: 0.2, Sum: 2.2]
         [Processed Buffers: Min: 0, Avg: 1.1, Max: 2, Diff: 2, Sum: 19]
      [Scan RS (ms): Min: 0.0, Avg: 0.0, Max: 0.1, Diff: 0.1, Sum: 0.8]
      [Code Root Scanning (ms): Min: 0.0, Avg: 0.0, Max: 0.0, Diff: 0.0, Sum: 0.0]
      [Object Copy (ms): Min: 17.6, Avg: 17.9, Max: 18.5, Diff: 0.9, Sum: 322.7]
      [Termination (ms): Min: 0.0, Avg: 0.5, Max: 0.9, Diff: 0.9, Sum: 9.9]
         [Termination Attempts: Min: 1, Avg: 1.1, Max: 2, Diff: 1, Sum: 19]
      [GC Worker Other (ms): Min: 0.0, Avg: 0.0, Max: 0.1, Diff: 0.1, Sum: 0.6]
      [GC Worker Total (ms): Min: 18.5, Avg: 18.9, Max: 19.2, Diff: 0.7, Sum: 339.7]
      [GC Worker End (ms): Min: 929.5, Avg: 929.5, Max: 929.5, Diff: 0.1]
   [Code Root Fixup: 0.0 ms]
   [Code Root Purge: 0.0 ms]
   [Clear CT: 0.3 ms]
   [Other: 1.3 ms]
      [Choose CSet: 0.0 ms]
      [Ref Proc: 0.3 ms]
      [Ref Enq: 0.0 ms]
      [Redirty Cards: 0.3 ms]
      [Humongous Register: 0.1 ms]
      [Humongous Reclaim: 0.0 ms]
      [Free CSet: 0.2 ms]
   [Eden: 238.0M(238.0M)->0.0B(2422.0M) Survivors: 28.0M->34.0M Heap: 717.1M(4096.0M)->552.6M(4096.0M)]
 [Times: user=0.13 sys=0.21, real=0.02 secs] 
2.505: [GC pause (G1 Evacuation Pause) (young), 0.1036237 secs]
   [Parallel Time: 99.5 ms, GC Workers: 18]
      [GC Worker Start (ms): Min: 2505.8, Avg: 2506.1, Max: 2506.3, Diff: 0.6]
      [Ext Root Scanning (ms): Min: 0.0, Avg: 0.2, Max: 0.5, Diff: 0.5, Sum: 3.9]
      [Update RS (ms): Min: 0.0, Avg: 0.2, Max: 0.3, Diff: 0.3, Sum: 3.8]
         [Processed Buffers: Min: 0, Avg: 1.1, Max: 2, Diff: 2, Sum: 19]
      [Scan RS (ms): Min: 0.4, Avg: 0.5, Max: 0.5, Diff: 0.2, Sum: 8.3]
      [Code Root Scanning (ms): Min: 0.0, Avg: 0.0, Max: 0.0, Diff: 0.0, Sum: 0.1]
      [Object Copy (ms): Min: 95.7, Avg: 96.8, Max: 97.9, Diff: 2.2, Sum: 1743.0]
      [Termination (ms): Min: 0.0, Avg: 1.1, Max: 2.1, Diff: 2.1, Sum: 19.4]
         [Termination Attempts: Min: 1, Avg: 1.0, Max: 1, Diff: 0, Sum: 18]
      [GC Worker Other (ms): Min: 0.0, Avg: 0.1, Max: 0.2, Diff: 0.2, Sum: 2.0]
      [GC Worker Total (ms): Min: 98.6, Avg: 98.9, Max: 99.2, Diff: 0.7, Sum: 1780.4]
      [GC Worker End (ms): Min: 2604.9, Avg: 2605.0, Max: 2605.1, Diff: 0.2]
   [Code Root Fixup: 0.0 ms]
   [Code Root Purge: 0.0 ms]
   [Clear CT: 0.9 ms]
   [Other: 3.2 ms]
      [Choose CSet: 0.0 ms]
      [Ref Proc: 0.3 ms]
      [Ref Enq: 0.0 ms]
      [Redirty Cards: 0.3 ms]
      [Humongous Register: 0.1 ms]
      [Humongous Reclaim: 0.0 ms]
      [Free CSet: 1.6 ms]
   [Eden: 2422.0M(2422.0M)->0.0B(194.0M) Survivors: 34.0M->308.0M Heap: 2974.6M(4096.0M)->872.8M(4096.0M)]
 [Times: user=0.57 sys=1.22, real=0.10 secs] 
2.706: [GC pause (G1 Evacuation Pause) (young), 0.0868760 secs]
   [Parallel Time: 85.2 ms, GC Workers: 18]
      [GC Worker Start (ms): Min: 2705.8, Avg: 2706.1, Max: 2706.3, Diff: 0.6]
      [Ext Root Scanning (ms): Min: 0.0, Avg: 0.2, Max: 0.5, Diff: 0.5, Sum: 3.8]
      [Update RS (ms): Min: 0.1, Avg: 0.1, Max: 0.2, Diff: 0.1, Sum: 2.6]
         [Processed Buffers: Min: 0, Avg: 0.9, Max: 2, Diff: 2, Sum: 17]
      [Scan RS (ms): Min: 0.0, Avg: 0.1, Max: 0.1, Diff: 0.1, Sum: 1.5]
      [Code Root Scanning (ms): Min: 0.0, Avg: 0.0, Max: 0.0, Diff: 0.0, Sum: 0.0]
      [Object Copy (ms): Min: 82.9, Avg: 83.4, Max: 84.2, Diff: 1.3, Sum: 1502.1]
      [Termination (ms): Min: 0.0, Avg: 0.8, Max: 1.3, Diff: 1.3, Sum: 13.9]
         [Termination Attempts: Min: 1, Avg: 1.0, Max: 1, Diff: 0, Sum: 18]
      [GC Worker Other (ms): Min: 0.0, Avg: 0.0, Max: 0.0, Diff: 0.0, Sum: 0.4]
      [GC Worker Total (ms): Min: 84.4, Avg: 84.7, Max: 85.0, Diff: 0.5, Sum: 1524.3]
      [GC Worker End (ms): Min: 2790.7, Avg: 2790.8, Max: 2790.8, Diff: 0.0]
   [Code Root Fixup: 0.0 ms]
   [Code Root Purge: 0.0 ms]
   [Clear CT: 0.3 ms]
   [Other: 1.4 ms]
      [Choose CSet: 0.0 ms]
      [Ref Proc: 0.3 ms]
      [Ref Enq: 0.0 ms]
      [Redirty Cards: 0.3 ms]
      [Humongous Register: 0.1 ms]
      [Humongous Reclaim: 0.0 ms]
      [Free CSet: 0.4 ms]
   [Eden: 194.0M(194.0M)->0.0B(436.0M) Survivors: 308.0M->64.0M Heap: 1066.8M(4096.0M)->897.8M(4096.0M)]
 [Times: user=0.51 sys=1.01, real=0.09 secs] 
2.994: [GC pause (G1 Evacuation Pause) (young), 0.0434539 secs]
   [Parallel Time: 41.8 ms, GC Workers: 18]
      [GC Worker Start (ms): Min: 2994.3, Avg: 2994.8, Max: 2995.1, Diff: 0.8]
      [Ext Root Scanning (ms): Min: 0.0, Avg: 0.1, Max: 0.4, Diff: 0.4, Sum: 1.7]
      [Update RS (ms): Min: 0.0, Avg: 0.2, Max: 0.7, Diff: 0.7, Sum: 3.7]
         [Processed Buffers: Min: 0, Avg: 1.1, Max: 5, Diff: 5, Sum: 19]
      [Scan RS (ms): Min: 0.0, Avg: 0.1, Max: 0.2, Diff: 0.2, Sum: 1.4]
      [Code Root Scanning (ms): Min: 0.0, Avg: 0.0, Max: 0.0, Diff: 0.0, Sum: 0.0]
      [Object Copy (ms): Min: 39.1, Avg: 39.8, Max: 40.7, Diff: 1.6, Sum: 716.6]
      [Termination (ms): Min: 0.0, Avg: 0.9, Max: 1.6, Diff: 1.6, Sum: 16.5]
         [Termination Attempts: Min: 1, Avg: 1.0, Max: 1, Diff: 0, Sum: 18]
      [GC Worker Other (ms): Min: 0.0, Avg: 0.0, Max: 0.1, Diff: 0.1, Sum: 0.5]
      [GC Worker Total (ms): Min: 40.8, Avg: 41.1, Max: 41.6, Diff: 0.8, Sum: 740.5]
      [GC Worker End (ms): Min: 3035.9, Avg: 3035.9, Max: 3035.9, Diff: 0.0]
   [Code Root Fixup: 0.0 ms]
   [Code Root Purge: 0.0 ms]
   [Clear CT: 0.3 ms]
   [Other: 1.3 ms]
      [Choose CSet: 0.0 ms]
      [Ref Proc: 0.3 ms]
      [Ref Enq: 0.0 ms]
      [Redirty Cards: 0.3 ms]
      [Humongous Register: 0.1 ms]
      [Humongous Reclaim: 0.0 ms]
      [Free CSet: 0.4 ms]
   [Eden: 436.0M(436.0M)->0.0B(638.0M) Survivors: 64.0M->64.0M Heap: 1333.8M(4096.0M)->1012.2M(4096.0M)]
 [Times: user=0.39 sys=0.33, real=0.04 secs] 
3.312: [GC pause (G1 Evacuation Pause) (young), 0.0603655 secs]
   [Parallel Time: 58.3 ms, GC Workers: 18]
      [GC Worker Start (ms): Min: 3311.8, Avg: 3312.1, Max: 3312.5, Diff: 0.7]
      [Ext Root Scanning (ms): Min: 0.0, Avg: 0.2, Max: 0.5, Diff: 0.5, Sum: 3.5]
      [Update RS (ms): Min: 0.0, Avg: 0.2, Max: 0.3, Diff: 0.3, Sum: 3.3]
         [Processed Buffers: Min: 0, Avg: 1.1, Max: 2, Diff: 2, Sum: 19]
      [Scan RS (ms): Min: 0.0, Avg: 0.1, Max: 0.2, Diff: 0.1, Sum: 2.3]
      [Code Root Scanning (ms): Min: 0.0, Avg: 0.0, Max: 0.0, Diff: 0.0, Sum: 0.0]
      [Object Copy (ms): Min: 56.3, Avg: 56.7, Max: 57.1, Diff: 0.8, Sum: 1019.8]
      [Termination (ms): Min: 0.0, Avg: 0.5, Max: 0.8, Diff: 0.8, Sum: 8.2]
         [Termination Attempts: Min: 1, Avg: 1.0, Max: 1, Diff: 0, Sum: 18]
      [GC Worker Other (ms): Min: 0.0, Avg: 0.0, Max: 0.1, Diff: 0.1, Sum: 0.7]
      [GC Worker Total (ms): Min: 57.3, Avg: 57.7, Max: 58.0, Diff: 0.8, Sum: 1037.9]
      [GC Worker End (ms): Min: 3369.7, Avg: 3369.8, Max: 3369.8, Diff: 0.1]
   [Code Root Fixup: 0.0 ms]
   [Code Root Purge: 0.0 ms]
   [Clear CT: 0.5 ms]
   [Other: 1.6 ms]
      [Choose CSet: 0.0 ms]
      [Ref Proc: 0.3 ms]
      [Ref Enq: 0.0 ms]
      [Redirty Cards: 0.3 ms]
      [Humongous Register: 0.1 ms]
      [Humongous Reclaim: 0.0 ms]
      [Free CSet: 0.6 ms]
   [Eden: 638.0M(638.0M)->0.0B(756.0M) Survivors: 64.0M->88.0M Heap: 1650.2M(4096.0M)->1168.9M(4096.0M)]
 [Times: user=0.48 sys=0.56, real=0.07 secs] 
3.762: [GC pause (G1 Evacuation Pause) (young), 0.0648082 secs]
   [Parallel Time: 62.9 ms, GC Workers: 18]
      [GC Worker Start (ms): Min: 3762.7, Avg: 3763.1, Max: 3763.3, Diff: 0.6]
      [Ext Root Scanning (ms): Min: 0.0, Avg: 0.2, Max: 0.5, Diff: 0.5, Sum: 3.8]
      [Update RS (ms): Min: 0.0, Avg: 0.5, Max: 0.9, Diff: 0.9, Sum: 8.3]
         [Processed Buffers: Min: 0, Avg: 1.1, Max: 2, Diff: 2, Sum: 19]
      [Scan RS (ms): Min: 0.0, Avg: 0.1, Max: 0.3, Diff: 0.3, Sum: 1.9]
      [Code Root Scanning (ms): Min: 0.0, Avg: 0.0, Max: 0.0, Diff: 0.0, Sum: 0.1]
      [Object Copy (ms): Min: 59.8, Avg: 60.5, Max: 61.4, Diff: 1.6, Sum: 1089.6]
      [Termination (ms): Min: 0.0, Avg: 1.0, Max: 1.7, Diff: 1.7, Sum: 17.6]
         [Termination Attempts: Min: 1, Avg: 1.1, Max: 2, Diff: 1, Sum: 20]
      [GC Worker Other (ms): Min: 0.0, Avg: 0.1, Max: 0.1, Diff: 0.1, Sum: 0.9]
      [GC Worker Total (ms): Min: 62.0, Avg: 62.3, Max: 62.7, Diff: 0.7, Sum: 1122.1]
      [GC Worker End (ms): Min: 3825.4, Avg: 3825.4, Max: 3825.4, Diff: 0.1]
   [Code Root Fixup: 0.0 ms]
   [Code Root Purge: 0.0 ms]
   [Clear CT: 0.4 ms]
   [Other: 1.5 ms]
      [Choose CSet: 0.0 ms]
      [Ref Proc: 0.3 ms]
      [Ref Enq: 0.0 ms]
      [Redirty Cards: 0.2 ms]
      [Humongous Register: 0.1 ms]
      [Humongous Reclaim: 0.0 ms]
      [Free CSet: 0.6 ms]
   [Eden: 756.0M(756.0M)->0.0B(1052.0M) Survivors: 88.0M->106.0M Heap: 1924.9M(4096.0M)->1319.3M(4096.0M)]
 [Times: user=0.31 sys=0.81, real=0.06 secs] 
4.504: [GC pause (G1 Evacuation Pause) (young), 0.0821710 secs]
   [Parallel Time: 80.0 ms, GC Workers: 18]
      [GC Worker Start (ms): Min: 4504.6, Avg: 4504.9, Max: 4505.2, Diff: 0.6]
      [Ext Root Scanning (ms): Min: 0.0, Avg: 0.2, Max: 0.5, Diff: 0.5, Sum: 3.9]
      [Update RS (ms): Min: 0.0, Avg: 0.7, Max: 1.2, Diff: 1.2, Sum: 11.9]
         [Processed Buffers: Min: 0, Avg: 1.1, Max: 3, Diff: 3, Sum: 19]
      [Scan RS (ms): Min: 0.0, Avg: 0.2, Max: 0.6, Diff: 0.6, Sum: 3.4]
      [Code Root Scanning (ms): Min: 0.0, Avg: 0.0, Max: 0.0, Diff: 0.0, Sum: 0.0]
      [Object Copy (ms): Min: 77.6, Avg: 77.9, Max: 78.4, Diff: 0.8, Sum: 1402.6]
      [Termination (ms): Min: 0.0, Avg: 0.4, Max: 0.7, Diff: 0.7, Sum: 7.2]
         [Termination Attempts: Min: 1, Avg: 1.0, Max: 1, Diff: 0, Sum: 18]
      [GC Worker Other (ms): Min: 0.0, Avg: 0.1, Max: 0.2, Diff: 0.2, Sum: 1.5]
      [GC Worker Total (ms): Min: 79.2, Avg: 79.5, Max: 79.8, Diff: 0.5, Sum: 1430.4]
      [GC Worker End (ms): Min: 4584.3, Avg: 4584.4, Max: 4584.5, Diff: 0.1]
   [Code Root Fixup: 0.0 ms]
   [Code Root Purge: 0.0 ms]
   [Clear CT: 0.5 ms]
   [Other: 1.7 ms]
      [Choose CSet: 0.0 ms]
      [Ref Proc: 0.3 ms]
      [Ref Enq: 0.0 ms]
      [Redirty Cards: 0.2 ms]
      [Humongous Register: 0.1 ms]
      [Humongous Reclaim: 0.0 ms]
      [Free CSet: 0.8 ms]
   [Eden: 1052.0M(1052.0M)->0.0B(1082.0M) Survivors: 106.0M->146.0M Heap: 2371.3M(4096.0M)->1505.1M(4096.0M)]
 [Times: user=0.46 sys=0.98, real=0.08 secs] 
执行结束。共生成对象次数:30038
Heap
 garbage-first heap   total 4194304K, used 2569341K [0x00000006c0000000, 0x00000006c0204000, 0x00000007c0000000)
  region size 2048K, 576 young (1179648K), 73 survivors (149504K)
 Metaspace       used 2533K, capacity 4486K, committed 4864K, reserved 1056768K
  class space    used 273K, capacity 386K, committed 512K, reserved 1048576K
开始执行.......
0.307: [GC pause (G1 Evacuation Pause) (young), 0.0155020 secs]
   [Parallel Time: 13.7 ms, GC Workers: 18]
      [GC Worker Start (ms): Min: 307.0, Avg: 311.0, Max: 316.7, Diff: 9.7]
      [Ext Root Scanning (ms): Min: 0.0, Avg: 0.1, Max: 0.5, Diff: 0.5, Sum: 2.3]
      [Update RS (ms): Min: 0.0, Avg: 0.0, Max: 0.0, Diff: 0.0, Sum: 0.1]
         [Processed Buffers: Min: 0, Avg: 0.0, Max: 0, Diff: 0, Sum: 0]
      [Scan RS (ms): Min: 0.0, Avg: 0.0, Max: 0.1, Diff: 0.1, Sum: 0.5]
      [Code Root Scanning (ms): Min: 0.0, Avg: 0.0, Max: 0.1, Diff: 0.1, Sum: 0.1]
      [Object Copy (ms): Min: 3.2, Avg: 8.3, Max: 12.6, Diff: 9.4, Sum: 150.2]
      [Termination (ms): Min: 0.0, Avg: 0.9, Max: 1.4, Diff: 1.4, Sum: 16.0]
         [Termination Attempts: Min: 1, Avg: 1.0, Max: 1, Diff: 0, Sum: 18]
      [GC Worker Other (ms): Min: 0.0, Avg: 0.0, Max: 0.1, Diff: 0.0, Sum: 0.6]
      [GC Worker Total (ms): Min: 3.7, Avg: 9.4, Max: 13.4, Diff: 9.7, Sum: 169.7]
      [GC Worker End (ms): Min: 320.4, Avg: 320.4, Max: 320.4, Diff: 0.0]
   [Code Root Fixup: 0.0 ms]
   [Code Root Purge: 0.0 ms]
   [Clear CT: 0.3 ms]
   [Other: 1.6 ms]
      [Choose CSet: 0.0 ms]
      [Ref Proc: 0.3 ms]
      [Ref Enq: 0.0 ms]
      [Redirty Cards: 0.3 ms]
      [Humongous Register: 0.2 ms]
      [Humongous Reclaim: 0.0 ms]
      [Free CSet: 0.2 ms]
   [Eden: 204.0M(204.0M)->0.0B(178.0M) Survivors: 0.0B->26.0M Heap: 204.0M(4096.0M)->66.2M(4096.0M)]
 [Times: user=0.08 sys=0.07, real=0.02 secs] 
0.383: [GC pause (G1 Evacuation Pause) (young), 0.0206225 secs]
   [Parallel Time: 19.0 ms, GC Workers: 18]
      [GC Worker Start (ms): Min: 383.0, Avg: 383.3, Max: 383.5, Diff: 0.5]
      [Ext Root Scanning (ms): Min: 0.0, Avg: 0.1, Max: 0.5, Diff: 0.5, Sum: 2.7]
      [Update RS (ms): Min: 0.0, Avg: 0.0, Max: 0.1, Diff: 0.1, Sum: 0.2]
         [Processed Buffers: Min: 0, Avg: 0.7, Max: 2, Diff: 2, Sum: 12]
      [Scan RS (ms): Min: 0.0, Avg: 0.0, Max: 0.0, Diff: 0.0, Sum: 0.5]
      [Code Root Scanning (ms): Min: 0.0, Avg: 0.0, Max: 0.0, Diff: 0.0, Sum: 0.1]
      [Object Copy (ms): Min: 17.4, Avg: 17.7, Max: 18.1, Diff: 0.7, Sum: 319.4]
      [Termination (ms): Min: 0.0, Avg: 0.4, Max: 0.7, Diff: 0.7, Sum: 7.0]
         [Termination Attempts: Min: 1, Avg: 1.0, Max: 1, Diff: 0, Sum: 18]
      [GC Worker Other (ms): Min: 0.0, Avg: 0.0, Max: 0.0, Diff: 0.0, Sum: 0.3]
      [GC Worker Total (ms): Min: 18.1, Avg: 18.3, Max: 18.7, Diff: 0.5, Sum: 330.2]
      [GC Worker End (ms): Min: 401.6, Avg: 401.6, Max: 401.6, Diff: 0.0]
   [Code Root Fixup: 0.0 ms]
   [Code Root Purge: 0.0 ms]
   [Clear CT: 0.2 ms]
   [Other: 1.4 ms]
      [Choose CSet: 0.0 ms]
      [Ref Proc: 0.4 ms]
      [Ref Enq: 0.0 ms]
      [Redirty Cards: 0.3 ms]
      [Humongous Register: 0.1 ms]
      [Humongous Reclaim: 0.0 ms]
      [Free CSet: 0.2 ms]
   [Eden: 178.0M(178.0M)->0.0B(178.0M) Survivors: 26.0M->26.0M Heap: 244.2M(4096.0M)->119.3M(4096.0M)]
 [Times: user=0.19 sys=0.14, real=0.02 secs] 
0.462: [GC pause (G1 Evacuation Pause) (young), 0.0179566 secs]
   [Parallel Time: 16.3 ms, GC Workers: 18]
      [GC Worker Start (ms): Min: 462.0, Avg: 462.2, Max: 462.5, Diff: 0.5]
      [Ext Root Scanning (ms): Min: 0.0, Avg: 0.1, Max: 0.4, Diff: 0.4, Sum: 2.3]
      [Update RS (ms): Min: 0.0, Avg: 0.2, Max: 1.0, Diff: 1.0, Sum: 2.7]
         [Processed Buffers: Min: 0, Avg: 1.1, Max: 2, Diff: 2, Sum: 19]
      [Scan RS (ms): Min: 0.0, Avg: 0.0, Max: 0.1, Diff: 0.1, Sum: 0.6]
      [Code Root Scanning (ms): Min: 0.0, Avg: 0.0, Max: 0.0, Diff: 0.0, Sum: 0.0]
      [Object Copy (ms): Min: 13.8, Avg: 14.9, Max: 15.6, Diff: 1.8, Sum: 268.8]
      [Termination (ms): Min: 0.0, Avg: 0.5, Max: 0.9, Diff: 0.9, Sum: 9.8]
         [Termination Attempts: Min: 1, Avg: 1.0, Max: 1, Diff: 0, Sum: 18]
      [GC Worker Other (ms): Min: 0.0, Avg: 0.0, Max: 0.0, Diff: 0.0, Sum: 0.3]
      [GC Worker Total (ms): Min: 15.6, Avg: 15.8, Max: 16.1, Diff: 0.5, Sum: 284.5]
      [GC Worker End (ms): Min: 478.0, Avg: 478.0, Max: 478.1, Diff: 0.0]
   [Code Root Fixup: 0.0 ms]
   [Code Root Purge: 0.0 ms]
   [Clear CT: 0.3 ms]
   [Other: 1.4 ms]
      [Choose CSet: 0.0 ms]
      [Ref Proc: 0.2 ms]
      [Ref Enq: 0.0 ms]
      [Redirty Cards: 0.4 ms]
      [Humongous Register: 0.1 ms]
      [Humongous Reclaim: 0.0 ms]
      [Free CSet: 0.2 ms]
   [Eden: 178.0M(178.0M)->0.0B(178.0M) Survivors: 26.0M->26.0M Heap: 297.3M(4096.0M)->181.7M(4096.0M)]
 [Times: user=0.17 sys=0.12, real=0.01 secs] 
0.536: [GC pause (G1 Evacuation Pause) (young), 0.0205152 secs]
   [Parallel Time: 19.0 ms, GC Workers: 18]
      [GC Worker Start (ms): Min: 536.4, Avg: 536.8, Max: 537.3, Diff: 0.9]
      [Ext Root Scanning (ms): Min: 0.0, Avg: 0.1, Max: 0.4, Diff: 0.4, Sum: 2.2]
      [Update RS (ms): Min: 0.0, Avg: 0.1, Max: 0.3, Diff: 0.3, Sum: 1.4]
         [Processed Buffers: Min: 0, Avg: 1.1, Max: 3, Diff: 3, Sum: 19]
      [Scan RS (ms): Min: 0.0, Avg: 0.0, Max: 0.1, Diff: 0.0, Sum: 0.5]
      [Code Root Scanning (ms): Min: 0.0, Avg: 0.0, Max: 0.0, Diff: 0.0, Sum: 0.0]
      [Object Copy (ms): Min: 17.0, Avg: 17.6, Max: 18.3, Diff: 1.3, Sum: 317.3]
      [Termination (ms): Min: 0.0, Avg: 0.6, Max: 0.9, Diff: 0.9, Sum: 10.6]
         [Termination Attempts: Min: 1, Avg: 1.1, Max: 2, Diff: 1, Sum: 19]
      [GC Worker Other (ms): Min: 0.0, Avg: 0.0, Max: 0.1, Diff: 0.0, Sum: 0.5]
      [GC Worker Total (ms): Min: 18.0, Avg: 18.5, Max: 18.8, Diff: 0.9, Sum: 332.5]
      [GC Worker End (ms): Min: 555.2, Avg: 555.3, Max: 555.3, Diff: 0.0]
   [Code Root Fixup: 0.0 ms]
   [Code Root Purge: 0.0 ms]
   [Clear CT: 0.2 ms]
   [Other: 1.3 ms]
      [Choose CSet: 0.0 ms]
      [Ref Proc: 0.3 ms]
      [Ref Enq: 0.0 ms]
      [Redirty Cards: 0.3 ms]
      [Humongous Register: 0.1 ms]
      [Humongous Reclaim: 0.0 ms]
      [Free CSet: 0.2 ms]
   [Eden: 178.0M(178.0M)->0.0B(178.0M) Survivors: 26.0M->26.0M Heap: 359.7M(4096.0M)->242.7M(4096.0M)]
 [Times: user=0.21 sys=0.13, real=0.02 secs] 
0.612: [GC pause (G1 Evacuation Pause) (young), 0.0173290 secs]
   [Parallel Time: 15.6 ms, GC Workers: 18]
      [GC Worker Start (ms): Min: 611.8, Avg: 612.0, Max: 612.3, Diff: 0.5]
      [Ext Root Scanning (ms): Min: 0.0, Avg: 0.1, Max: 0.4, Diff: 0.4, Sum: 2.2]
      [Update RS (ms): Min: 0.0, Avg: 0.1, Max: 0.3, Diff: 0.3, Sum: 1.5]
         [Processed Buffers: Min: 0, Avg: 1.1, Max: 2, Diff: 2, Sum: 19]
      [Scan RS (ms): Min: 0.0, Avg: 0.0, Max: 0.1, Diff: 0.1, Sum: 0.5]
      [Code Root Scanning (ms): Min: 0.0, Avg: 0.0, Max: 0.0, Diff: 0.0, Sum: 0.0]
      [Object Copy (ms): Min: 14.1, Avg: 14.5, Max: 14.8, Diff: 0.7, Sum: 260.9]
      [Termination (ms): Min: 0.0, Avg: 0.3, Max: 0.6, Diff: 0.6, Sum: 5.3]
         [Termination Attempts: Min: 1, Avg: 1.0, Max: 1, Diff: 0, Sum: 18]
      [GC Worker Other (ms): Min: 0.0, Avg: 0.1, Max: 0.2, Diff: 0.2, Sum: 1.2]
      [GC Worker Total (ms): Min: 14.9, Avg: 15.1, Max: 15.4, Diff: 0.5, Sum: 271.8]
      [GC Worker End (ms): Min: 627.1, Avg: 627.1, Max: 627.2, Diff: 0.0]
   [Code Root Fixup: 0.0 ms]
   [Code Root Purge: 0.0 ms]
   [Clear CT: 0.2 ms]
   [Other: 1.5 ms]
      [Choose CSet: 0.0 ms]
      [Ref Proc: 0.3 ms]
      [Ref Enq: 0.0 ms]
      [Redirty Cards: 0.3 ms]
      [Humongous Register: 0.1 ms]
      [Humongous Reclaim: 0.0 ms]
      [Free CSet: 0.2 ms]
   [Eden: 178.0M(178.0M)->0.0B(178.0M) Survivors: 26.0M->26.0M Heap: 420.7M(4096.0M)->299.8M(4096.0M)]
 [Times: user=0.16 sys=0.12, real=0.02 secs] 
0.689: [GC pause (G1 Evacuation Pause) (young), 0.0202418 secs]
   [Parallel Time: 18.6 ms, GC Workers: 18]
      [GC Worker Start (ms): Min: 689.2, Avg: 689.4, Max: 689.5, Diff: 0.3]
      [Ext Root Scanning (ms): Min: 0.1, Avg: 0.2, Max: 0.4, Diff: 0.3, Sum: 4.5]
      [Update RS (ms): Min: 0.0, Avg: 0.1, Max: 0.2, Diff: 0.2, Sum: 2.4]
         [Processed Buffers: Min: 0, Avg: 0.9, Max: 2, Diff: 2, Sum: 17]
      [Scan RS (ms): Min: 0.0, Avg: 0.0, Max: 0.1, Diff: 0.1, Sum: 0.5]
      [Code Root Scanning (ms): Min: 0.0, Avg: 0.0, Max: 0.0, Diff: 0.0, Sum: 0.0]
      [Object Copy (ms): Min: 17.0, Avg: 17.3, Max: 17.8, Diff: 0.8, Sum: 311.3]
      [Termination (ms): Min: 0.0, Avg: 0.5, Max: 0.8, Diff: 0.8, Sum: 9.8]
         [Termination Attempts: Min: 1, Avg: 1.1, Max: 2, Diff: 1, Sum: 19]
      [GC Worker Other (ms): Min: 0.0, Avg: 0.0, Max: 0.1, Diff: 0.1, Sum: 0.5]
      [GC Worker Total (ms): Min: 18.1, Avg: 18.3, Max: 18.4, Diff: 0.3, Sum: 329.1]
      [GC Worker End (ms): Min: 707.6, Avg: 707.6, Max: 707.7, Diff: 0.0]
   [Code Root Fixup: 0.0 ms]
   [Code Root Purge: 0.0 ms]
   [Clear CT: 0.3 ms]
   [Other: 1.4 ms]
      [Choose CSet: 0.0 ms]
      [Ref Proc: 0.4 ms]
      [Ref Enq: 0.0 ms]
      [Redirty Cards: 0.3 ms]
      [Humongous Register: 0.1 ms]
      [Humongous Reclaim: 0.0 ms]
      [Free CSet: 0.2 ms]
   [Eden: 178.0M(178.0M)->0.0B(178.0M) Survivors: 26.0M->26.0M Heap: 477.8M(4096.0M)->357.5M(4096.0M)]
 [Times: user=0.19 sys=0.13, real=0.02 secs] 
0.765: [GC pause (G1 Evacuation Pause) (young), 0.0165529 secs]
   [Parallel Time: 15.2 ms, GC Workers: 18]
      [GC Worker Start (ms): Min: 764.9, Avg: 765.1, Max: 765.3, Diff: 0.4]
      [Ext Root Scanning (ms): Min: 0.0, Avg: 0.2, Max: 0.4, Diff: 0.4, Sum: 2.8]
      [Update RS (ms): Min: 0.1, Avg: 0.2, Max: 1.0, Diff: 0.9, Sum: 2.7]
         [Processed Buffers: Min: 0, Avg: 1.1, Max: 3, Diff: 3, Sum: 19]
      [Scan RS (ms): Min: 0.0, Avg: 0.0, Max: 0.1, Diff: 0.1, Sum: 0.6]
      [Code Root Scanning (ms): Min: 0.0, Avg: 0.0, Max: 0.0, Diff: 0.0, Sum: 0.0]
      [Object Copy (ms): Min: 13.1, Avg: 13.8, Max: 14.4, Diff: 1.3, Sum: 248.3]
      [Termination (ms): Min: 0.0, Avg: 0.6, Max: 0.9, Diff: 0.9, Sum: 10.1]
         [Termination Attempts: Min: 1, Avg: 1.1, Max: 3, Diff: 2, Sum: 20]
      [GC Worker Other (ms): Min: 0.0, Avg: 0.0, Max: 0.0, Diff: 0.0, Sum: 0.4]
      [GC Worker Total (ms): Min: 14.5, Avg: 14.7, Max: 14.9, Diff: 0.4, Sum: 264.9]
      [GC Worker End (ms): Min: 779.8, Avg: 779.9, Max: 779.9, Diff: 0.0]
   [Code Root Fixup: 0.0 ms]
   [Code Root Purge: 0.0 ms]
   [Clear CT: 0.2 ms]
   [Other: 1.1 ms]
      [Choose CSet: 0.0 ms]
      [Ref Proc: 0.2 ms]
      [Ref Enq: 0.0 ms]
      [Redirty Cards: 0.3 ms]
      [Humongous Register: 0.0 ms]
      [Humongous Reclaim: 0.0 ms]
      [Free CSet: 0.2 ms]
   [Eden: 178.0M(178.0M)->0.0B(200.0M) Survivors: 26.0M->26.0M Heap: 535.5M(4096.0M)->413.2M(4096.0M)]
 [Times: user=0.16 sys=0.10, real=0.01 secs] 
0.847: [GC pause (G1 Evacuation Pause) (young), 0.0171823 secs]
   [Parallel Time: 15.6 ms, GC Workers: 18]
      [GC Worker Start (ms): Min: 846.7, Avg: 846.9, Max: 847.1, Diff: 0.4]
      [Ext Root Scanning (ms): Min: 0.0, Avg: 0.1, Max: 0.3, Diff: 0.3, Sum: 2.2]
      [Update RS (ms): Min: 0.0, Avg: 0.1, Max: 0.3, Diff: 0.3, Sum: 2.1]
         [Processed Buffers: Min: 0, Avg: 1.1, Max: 3, Diff: 3, Sum: 20]
      [Scan RS (ms): Min: 0.0, Avg: 0.0, Max: 0.1, Diff: 0.1, Sum: 0.5]
      [Code Root Scanning (ms): Min: 0.0, Avg: 0.0, Max: 0.0, Diff: 0.0, Sum: 0.0]
      [Object Copy (ms): Min: 13.8, Avg: 14.2, Max: 14.8, Diff: 0.9, Sum: 256.1]
      [Termination (ms): Min: 0.0, Avg: 0.5, Max: 0.8, Diff: 0.8, Sum: 8.8]
         [Termination Attempts: Min: 1, Avg: 1.1, Max: 2, Diff: 1, Sum: 19]
      [GC Worker Other (ms): Min: 0.0, Avg: 0.1, Max: 0.4, Diff: 0.3, Sum: 2.1]
      [GC Worker Total (ms): Min: 14.9, Avg: 15.1, Max: 15.3, Diff: 0.4, Sum: 271.8]
      [GC Worker End (ms): Min: 862.0, Avg: 862.0, Max: 862.1, Diff: 0.1]
   [Code Root Fixup: 0.0 ms]
   [Code Root Purge: 0.0 ms]
   [Clear CT: 0.3 ms]
   [Other: 1.3 ms]
      [Choose CSet: 0.0 ms]
      [Ref Proc: 0.3 ms]
      [Ref Enq: 0.0 ms]
      [Redirty Cards: 0.3 ms]
      [Humongous Register: 0.1 ms]
      [Humongous Reclaim: 0.0 ms]
      [Free CSet: 0.2 ms]
   [Eden: 200.0M(200.0M)->0.0B(274.0M) Survivors: 26.0M->30.0M Heap: 613.2M(4096.0M)->469.6M(4096.0M)]
 [Times: user=0.13 sys=0.15, real=0.02 secs] 
0.969: [GC pause (G1 Evacuation Pause) (young), 0.0217293 secs]
   [Parallel Time: 19.9 ms, GC Workers: 18]
      [GC Worker Start (ms): Min: 969.2, Avg: 969.5, Max: 969.7, Diff: 0.4]
      [Ext Root Scanning (ms): Min: 0.0, Avg: 0.2, Max: 0.4, Diff: 0.4, Sum: 2.8]
      [Update RS (ms): Min: 0.0, Avg: 0.1, Max: 0.3, Diff: 0.2, Sum: 2.7]
         [Processed Buffers: Min: 0, Avg: 1.1, Max: 2, Diff: 2, Sum: 19]
      [Scan RS (ms): Min: 0.0, Avg: 0.1, Max: 0.1, Diff: 0.1, Sum: 0.9]
      [Code Root Scanning (ms): Min: 0.0, Avg: 0.0, Max: 0.0, Diff: 0.0, Sum: 0.0]
      [Object Copy (ms): Min: 18.3, Avg: 18.7, Max: 19.0, Diff: 0.7, Sum: 335.9]
      [Termination (ms): Min: 0.0, Avg: 0.4, Max: 0.8, Diff: 0.8, Sum: 7.1]
         [Termination Attempts: Min: 1, Avg: 1.1, Max: 2, Diff: 1, Sum: 20]
      [GC Worker Other (ms): Min: 0.0, Avg: 0.0, Max: 0.1, Diff: 0.0, Sum: 0.4]
      [GC Worker Total (ms): Min: 19.2, Avg: 19.4, Max: 19.7, Diff: 0.4, Sum: 349.8]
      [GC Worker End (ms): Min: 988.9, Avg: 988.9, Max: 988.9, Diff: 0.0]
   [Code Root Fixup: 0.0 ms]
   [Code Root Purge: 0.0 ms]
   [Clear CT: 0.3 ms]
   [Other: 1.5 ms]
      [Choose CSet: 0.0 ms]
      [Ref Proc: 0.4 ms]
      [Ref Enq: 0.0 ms]
      [Redirty Cards: 0.2 ms]
      [Humongous Register: 0.1 ms]
      [Humongous Reclaim: 0.0 ms]
      [Free CSet: 0.3 ms]
   [Eden: 274.0M(274.0M)->0.0B(294.0M) Survivors: 30.0M->38.0M Heap: 743.6M(4096.0M)->557.0M(4096.0M)]
 [Times: user=0.14 sys=0.21, real=0.02 secs] 
1.089: [GC pause (G1 Evacuation Pause) (young), 0.0239174 secs]
   [Parallel Time: 21.7 ms, GC Workers: 18]
      [GC Worker Start (ms): Min: 1089.7, Avg: 1090.0, Max: 1090.3, Diff: 0.6]
      [Ext Root Scanning (ms): Min: 0.0, Avg: 0.3, Max: 0.5, Diff: 0.5, Sum: 4.5]
      [Update RS (ms): Min: 0.1, Avg: 0.2, Max: 0.6, Diff: 0.5, Sum: 3.4]
         [Processed Buffers: Min: 0, Avg: 1.1, Max: 3, Diff: 3, Sum: 19]
      [Scan RS (ms): Min: 0.0, Avg: 0.1, Max: 0.1, Diff: 0.1, Sum: 0.9]
      [Code Root Scanning (ms): Min: 0.0, Avg: 0.0, Max: 0.0, Diff: 0.0, Sum: 0.0]
      [Object Copy (ms): Min: 19.8, Avg: 20.1, Max: 20.6, Diff: 0.8, Sum: 361.9]
      [Termination (ms): Min: 0.0, Avg: 0.5, Max: 0.9, Diff: 0.9, Sum: 9.6]
         [Termination Attempts: Min: 1, Avg: 1.0, Max: 1, Diff: 0, Sum: 18]
      [GC Worker Other (ms): Min: 0.0, Avg: 0.0, Max: 0.1, Diff: 0.1, Sum: 0.6]
      [GC Worker Total (ms): Min: 20.8, Avg: 21.2, Max: 21.4, Diff: 0.6, Sum: 381.1]
      [GC Worker End (ms): Min: 1111.1, Avg: 1111.1, Max: 1111.2, Diff: 0.1]
   [Code Root Fixup: 0.0 ms]
   [Code Root Purge: 0.0 ms]
   [Clear CT: 0.4 ms]
   [Other: 1.9 ms]
      [Choose CSet: 0.0 ms]
      [Ref Proc: 0.5 ms]
      [Ref Enq: 0.0 ms]
      [Redirty Cards: 0.4 ms]
      [Humongous Register: 0.1 ms]
      [Humongous Reclaim: 0.0 ms]
      [Free CSet: 0.4 ms]
   [Eden: 294.0M(294.0M)->0.0B(318.0M) Survivors: 38.0M->42.0M Heap: 851.0M(4096.0M)->637.0M(4096.0M)]
 [Times: user=0.17 sys=0.22, real=0.03 secs] 
1.221: [GC pause (G1 Evacuation Pause) (young), 0.0252580 secs]
   [Parallel Time: 23.1 ms, GC Workers: 18]
      [GC Worker Start (ms): Min: 1221.5, Avg: 1221.9, Max: 1222.2, Diff: 0.6]
      [Ext Root Scanning (ms): Min: 0.0, Avg: 0.2, Max: 0.5, Diff: 0.5, Sum: 3.6]
      [Update RS (ms): Min: 0.0, Avg: 0.1, Max: 0.6, Diff: 0.6, Sum: 2.6]
         [Processed Buffers: Min: 0, Avg: 1.1, Max: 4, Diff: 4, Sum: 19]
      [Scan RS (ms): Min: 0.0, Avg: 0.1, Max: 0.1, Diff: 0.1, Sum: 0.9]
      [Code Root Scanning (ms): Min: 0.0, Avg: 0.0, Max: 0.0, Diff: 0.0, Sum: 0.0]
      [Object Copy (ms): Min: 21.1, Avg: 21.6, Max: 22.1, Diff: 1.0, Sum: 389.4]
      [Termination (ms): Min: 0.0, Avg: 0.4, Max: 0.8, Diff: 0.8, Sum: 7.7]
         [Termination Attempts: Min: 1, Avg: 1.0, Max: 1, Diff: 0, Sum: 18]
      [GC Worker Other (ms): Min: 0.0, Avg: 0.0, Max: 0.1, Diff: 0.1, Sum: 0.6]
      [GC Worker Total (ms): Min: 22.2, Avg: 22.5, Max: 22.8, Diff: 0.7, Sum: 404.9]
      [GC Worker End (ms): Min: 1244.3, Avg: 1244.4, Max: 1244.4, Diff: 0.1]
   [Code Root Fixup: 0.0 ms]
   [Code Root Purge: 0.0 ms]
   [Clear CT: 0.4 ms]
   [Other: 1.8 ms]
      [Choose CSet: 0.0 ms]
      [Ref Proc: 0.4 ms]
      [Ref Enq: 0.0 ms]
      [Redirty Cards: 0.4 ms]
      [Humongous Register: 0.1 ms]
      [Humongous Reclaim: 0.0 ms]
      [Free CSet: 0.4 ms]
   [Eden: 318.0M(318.0M)->0.0B(400.0M) Survivors: 42.0M->46.0M Heap: 955.0M(4096.0M)->728.4M(4096.0M)]
 [Times: user=0.15 sys=0.26, real=0.03 secs] 
1.388: [GC pause (G1 Evacuation Pause) (young), 0.0251091 secs]
   [Parallel Time: 23.3 ms, GC Workers: 18]
      [GC Worker Start (ms): Min: 1388.6, Avg: 1388.8, Max: 1389.0, Diff: 0.4]
      [Ext Root Scanning (ms): Min: 0.1, Avg: 0.2, Max: 0.5, Diff: 0.4, Sum: 4.4]
      [Update RS (ms): Min: 0.1, Avg: 0.2, Max: 0.5, Diff: 0.4, Sum: 2.7]
         [Processed Buffers: Min: 0, Avg: 1.1, Max: 3, Diff: 3, Sum: 19]
      [Scan RS (ms): Min: 0.0, Avg: 0.1, Max: 0.1, Diff: 0.1, Sum: 1.3]
      [Code Root Scanning (ms): Min: 0.0, Avg: 0.0, Max: 0.0, Diff: 0.0, Sum: 0.0]
      [Object Copy (ms): Min: 21.5, Avg: 22.0, Max: 22.4, Diff: 0.9, Sum: 395.3]
      [Termination (ms): Min: 0.0, Avg: 0.4, Max: 0.7, Diff: 0.7, Sum: 7.7]
         [Termination Attempts: Min: 1, Avg: 1.4, Max: 3, Diff: 2, Sum: 26]
      [GC Worker Other (ms): Min: 0.0, Avg: 0.0, Max: 0.1, Diff: 0.0, Sum: 0.5]
      [GC Worker Total (ms): Min: 22.7, Avg: 22.9, Max: 23.1, Diff: 0.4, Sum: 411.9]
      [GC Worker End (ms): Min: 1411.7, Avg: 1411.7, Max: 1411.7, Diff: 0.0]
   [Code Root Fixup: 0.0 ms]
   [Code Root Purge: 0.0 ms]
   [Clear CT: 0.4 ms]
   [Other: 1.4 ms]
      [Choose CSet: 0.0 ms]
      [Ref Proc: 0.3 ms]
      [Ref Enq: 0.0 ms]
      [Redirty Cards: 0.2 ms]
      [Humongous Register: 0.1 ms]
      [Humongous Reclaim: 0.0 ms]
      [Free CSet: 0.3 ms]
   [Eden: 400.0M(400.0M)->0.0B(662.0M) Survivors: 46.0M->56.0M Heap: 1128.4M(4096.0M)->833.4M(4096.0M)]
 [Times: user=0.15 sys=0.27, real=0.03 secs] 
1.709: [GC pause (G1 Evacuation Pause) (young), 0.0360121 secs]
   [Parallel Time: 33.8 ms, GC Workers: 18]
      [GC Worker Start (ms): Min: 1709.6, Avg: 1709.9, Max: 1710.3, Diff: 0.7]
      [Ext Root Scanning (ms): Min: 0.0, Avg: 0.2, Max: 0.5, Diff: 0.5, Sum: 3.3]
      [Update RS (ms): Min: 0.0, Avg: 0.1, Max: 0.3, Diff: 0.3, Sum: 2.5]
         [Processed Buffers: Min: 0, Avg: 1.1, Max: 2, Diff: 2, Sum: 19]
      [Scan RS (ms): Min: 0.0, Avg: 0.1, Max: 0.2, Diff: 0.1, Sum: 2.1]
      [Code Root Scanning (ms): Min: 0.0, Avg: 0.0, Max: 0.0, Diff: 0.0, Sum: 0.0]
      [Object Copy (ms): Min: 32.2, Avg: 32.5, Max: 32.7, Diff: 0.5, Sum: 584.2]
      [Termination (ms): Min: 0.0, Avg: 0.2, Max: 0.5, Diff: 0.5, Sum: 4.4]
         [Termination Attempts: Min: 1, Avg: 1.0, Max: 1, Diff: 0, Sum: 18]
      [GC Worker Other (ms): Min: 0.0, Avg: 0.1, Max: 0.1, Diff: 0.1, Sum: 1.0]
      [GC Worker Total (ms): Min: 32.9, Avg: 33.2, Max: 33.5, Diff: 0.7, Sum: 597.5]
      [GC Worker End (ms): Min: 1743.1, Avg: 1743.1, Max: 1743.2, Diff: 0.1]
   [Code Root Fixup: 0.0 ms]
   [Code Root Purge: 0.0 ms]
   [Clear CT: 0.5 ms]
   [Other: 1.7 ms]
      [Choose CSet: 0.0 ms]
      [Ref Proc: 0.3 ms]
      [Ref Enq: 0.0 ms]
      [Redirty Cards: 0.2 ms]
      [Humongous Register: 0.1 ms]
      [Humongous Reclaim: 0.0 ms]
      [Free CSet: 0.6 ms]
   [Eden: 662.0M(662.0M)->0.0B(592.0M) Survivors: 56.0M->90.0M Heap: 1495.4M(4096.0M)->983.3M(4096.0M)]
 [Times: user=0.23 sys=0.36, real=0.04 secs] 
1.937: [GC pause (G1 Evacuation Pause) (young), 0.0517040 secs]
   [Parallel Time: 49.7 ms, GC Workers: 18]
      [GC Worker Start (ms): Min: 1937.0, Avg: 1937.3, Max: 1937.5, Diff: 0.6]
      [Ext Root Scanning (ms): Min: 0.0, Avg: 0.1, Max: 0.4, Diff: 0.4, Sum: 2.5]
      [Update RS (ms): Min: 0.0, Avg: 0.1, Max: 0.5, Diff: 0.5, Sum: 2.7]
         [Processed Buffers: Min: 0, Avg: 1.1, Max: 2, Diff: 2, Sum: 19]
      [Scan RS (ms): Min: 0.0, Avg: 0.1, Max: 0.2, Diff: 0.2, Sum: 1.9]
      [Code Root Scanning (ms): Min: 0.0, Avg: 0.0, Max: 0.0, Diff: 0.0, Sum: 0.0]
      [Object Copy (ms): Min: 48.1, Avg: 48.5, Max: 48.7, Diff: 0.6, Sum: 872.9]
      [Termination (ms): Min: 0.0, Avg: 0.2, Max: 0.4, Diff: 0.4, Sum: 4.3]
         [Termination Attempts: Min: 1, Avg: 1.0, Max: 1, Diff: 0, Sum: 18]
      [GC Worker Other (ms): Min: 0.0, Avg: 0.0, Max: 0.1, Diff: 0.1, Sum: 0.5]
      [GC Worker Total (ms): Min: 48.9, Avg: 49.2, Max: 49.4, Diff: 0.6, Sum: 884.9]
      [GC Worker End (ms): Min: 1986.4, Avg: 1986.4, Max: 1986.4, Diff: 0.1]
   [Code Root Fixup: 0.0 ms]
   [Code Root Purge: 0.0 ms]
   [Clear CT: 0.5 ms]
   [Other: 1.6 ms]
      [Choose CSet: 0.0 ms]
      [Ref Proc: 0.3 ms]
      [Ref Enq: 0.0 ms]
      [Redirty Cards: 0.2 ms]
      [Humongous Register: 0.1 ms]
      [Humongous Reclaim: 0.0 ms]
      [Free CSet: 0.5 ms]
   [Eden: 592.0M(592.0M)->0.0B(822.0M) Survivors: 90.0M->86.0M Heap: 1575.3M(4096.0M)->1110.6M(4096.0M)]
 [Times: user=0.56 sys=0.34, real=0.05 secs] 
2.372: [GC pause (G1 Evacuation Pause) (young), 0.0374640 secs]
   [Parallel Time: 34.9 ms, GC Workers: 18]
      [GC Worker Start (ms): Min: 2372.3, Avg: 2372.7, Max: 2373.0, Diff: 0.7]
      [Ext Root Scanning (ms): Min: 0.0, Avg: 0.2, Max: 0.5, Diff: 0.5, Sum: 3.6]
      [Update RS (ms): Min: 0.0, Avg: 0.1, Max: 0.3, Diff: 0.3, Sum: 2.4]
         [Processed Buffers: Min: 0, Avg: 1.1, Max: 2, Diff: 2, Sum: 19]
      [Scan RS (ms): Min: 0.0, Avg: 0.1, Max: 0.2, Diff: 0.1, Sum: 2.2]
      [Code Root Scanning (ms): Min: 0.0, Avg: 0.0, Max: 0.0, Diff: 0.0, Sum: 0.0]
      [Object Copy (ms): Min: 33.2, Avg: 33.4, Max: 33.8, Diff: 0.7, Sum: 600.5]
      [Termination (ms): Min: 0.0, Avg: 0.5, Max: 0.7, Diff: 0.7, Sum: 8.8]
         [Termination Attempts: Min: 1, Avg: 1.0, Max: 1, Diff: 0, Sum: 18]
      [GC Worker Other (ms): Min: 0.0, Avg: 0.1, Max: 0.1, Diff: 0.1, Sum: 1.0]
      [GC Worker Total (ms): Min: 34.0, Avg: 34.4, Max: 34.7, Diff: 0.7, Sum: 618.5]
      [GC Worker End (ms): Min: 2407.0, Avg: 2407.1, Max: 2407.2, Diff: 0.1]
   [Code Root Fixup: 0.0 ms]
   [Code Root Purge: 0.0 ms]
   [Clear CT: 0.4 ms]
   [Other: 2.1 ms]
      [Choose CSet: 0.0 ms]
      [Ref Proc: 0.3 ms]
      [Ref Enq: 0.0 ms]
      [Redirty Cards: 0.4 ms]
      [Humongous Register: 0.2 ms]
      [Humongous Reclaim: 0.0 ms]
      [Free CSet: 0.8 ms]
   [Eden: 822.0M(822.0M)->0.0B(1474.0M) Survivors: 86.0M->114.0M Heap: 1932.6M(4096.0M)->1276.6M(4096.0M)]
 [Times: user=0.20 sys=0.42, real=0.03 secs] 
3.136: [GC pause (G1 Evacuation Pause) (young), 0.0503439 secs]
   [Parallel Time: 46.9 ms, GC Workers: 18]
      [GC Worker Start (ms): Min: 3136.7, Avg: 3137.0, Max: 3137.4, Diff: 0.6]
      [Ext Root Scanning (ms): Min: 0.0, Avg: 0.2, Max: 0.5, Diff: 0.5, Sum: 3.7]
      [Update RS (ms): Min: 0.0, Avg: 0.2, Max: 0.4, Diff: 0.4, Sum: 3.8]
         [Processed Buffers: Min: 0, Avg: 1.1, Max: 2, Diff: 2, Sum: 19]
      [Scan RS (ms): Min: 0.1, Avg: 0.3, Max: 0.4, Diff: 0.2, Sum: 4.9]
      [Code Root Scanning (ms): Min: 0.0, Avg: 0.0, Max: 0.0, Diff: 0.0, Sum: 0.0]
      [Object Copy (ms): Min: 45.1, Avg: 45.3, Max: 45.6, Diff: 0.5, Sum: 815.2]
      [Termination (ms): Min: 0.0, Avg: 0.3, Max: 0.5, Diff: 0.5, Sum: 6.0]
         [Termination Attempts: Min: 1, Avg: 1.0, Max: 1, Diff: 0, Sum: 18]
      [GC Worker Other (ms): Min: 0.0, Avg: 0.1, Max: 0.1, Diff: 0.1, Sum: 1.3]
      [GC Worker Total (ms): Min: 46.0, Avg: 46.4, Max: 46.7, Diff: 0.7, Sum: 834.8]
      [GC Worker End (ms): Min: 3183.4, Avg: 3183.4, Max: 3183.5, Diff: 0.1]
   [Code Root Fixup: 0.0 ms]
   [Code Root Purge: 0.0 ms]
   [Clear CT: 0.7 ms]
   [Other: 2.8 ms]
      [Choose CSet: 0.0 ms]
      [Ref Proc: 0.3 ms]
      [Ref Enq: 0.0 ms]
      [Redirty Cards: 0.3 ms]
      [Humongous Register: 0.2 ms]
      [Humongous Reclaim: 0.0 ms]
      [Free CSet: 1.4 ms]
   [Eden: 1474.0M(1474.0M)->0.0B(1202.0M) Survivors: 114.0M->200.0M Heap: 2750.6M(4096.0M)->1490.3M(4096.0M)]
 [Times: user=0.29 sys=0.55, real=0.05 secs] 
3.641: [GC pause (G1 Evacuation Pause) (young), 0.0887160 secs]
   [Parallel Time: 85.8 ms, GC Workers: 18]
      [GC Worker Start (ms): Min: 3641.4, Avg: 3641.7, Max: 3641.9, Diff: 0.5]
      [Ext Root Scanning (ms): Min: 0.0, Avg: 0.2, Max: 0.4, Diff: 0.4, Sum: 2.8]
      [Update RS (ms): Min: 0.0, Avg: 0.5, Max: 1.4, Diff: 1.4, Sum: 8.2]
         [Processed Buffers: Min: 0, Avg: 1.1, Max: 3, Diff: 3, Sum: 19]
      [Scan RS (ms): Min: 0.0, Avg: 0.3, Max: 0.6, Diff: 0.5, Sum: 5.1]
      [Code Root Scanning (ms): Min: 0.0, Avg: 0.0, Max: 0.0, Diff: 0.0, Sum: 0.1]
      [Object Copy (ms): Min: 81.1, Avg: 82.1, Max: 84.1, Diff: 2.9, Sum: 1477.5]
      [Termination (ms): Min: 0.0, Avg: 2.3, Max: 2.8, Diff: 2.8, Sum: 41.1]
         [Termination Attempts: Min: 1, Avg: 1.0, Max: 1, Diff: 0, Sum: 18]
      [GC Worker Other (ms): Min: 0.0, Avg: 0.1, Max: 0.1, Diff: 0.1, Sum: 1.1]
      [GC Worker Total (ms): Min: 85.1, Avg: 85.3, Max: 85.6, Diff: 0.6, Sum: 1535.9]
      [GC Worker End (ms): Min: 3727.0, Avg: 3727.0, Max: 3727.1, Diff: 0.1]
   [Code Root Fixup: 0.0 ms]
   [Code Root Purge: 0.0 ms]
   [Clear CT: 0.8 ms]
   [Other: 2.1 ms]
      [Choose CSet: 0.0 ms]
      [Ref Proc: 0.3 ms]
      [Ref Enq: 0.0 ms]
      [Redirty Cards: 0.2 ms]
      [Humongous Register: 0.1 ms]
      [Humongous Reclaim: 0.0 ms]
      [Free CSet: 1.1 ms]
   [Eden: 1202.0M(1202.0M)->0.0B(1680.0M) Survivors: 200.0M->176.0M Heap: 2692.3M(4096.0M)->1611.7M(4096.0M)]
 [Times: user=0.82 sys=0.72, real=0.09 secs] 
4.410: [GC pause (G1 Evacuation Pause) (young), 0.0818660 secs]
   [Parallel Time: 78.3 ms, GC Workers: 18]
      [GC Worker Start (ms): Min: 4410.4, Avg: 4410.7, Max: 4411.0, Diff: 0.6]
      [Ext Root Scanning (ms): Min: 0.0, Avg: 0.1, Max: 0.3, Diff: 0.3, Sum: 1.5]
      [Update RS (ms): Min: 0.0, Avg: 0.5, Max: 1.6, Diff: 1.6, Sum: 8.2]
         [Processed Buffers: Min: 0, Avg: 1.1, Max: 2, Diff: 2, Sum: 19]
      [Scan RS (ms): Min: 0.0, Avg: 0.3, Max: 0.6, Diff: 0.6, Sum: 5.8]
      [Code Root Scanning (ms): Min: 0.0, Avg: 0.0, Max: 0.0, Diff: 0.0, Sum: 0.1]
      [Object Copy (ms): Min: 74.7, Avg: 76.0, Max: 76.9, Diff: 2.1, Sum: 1367.3]
      [Termination (ms): Min: 0.0, Avg: 0.9, Max: 1.5, Diff: 1.5, Sum: 15.5]
         [Termination Attempts: Min: 1, Avg: 1.0, Max: 1, Diff: 0, Sum: 18]
      [GC Worker Other (ms): Min: 0.0, Avg: 0.1, Max: 0.2, Diff: 0.1, Sum: 1.4]
      [GC Worker Total (ms): Min: 77.5, Avg: 77.8, Max: 78.0, Diff: 0.5, Sum: 1399.8]
      [GC Worker End (ms): Min: 4488.4, Avg: 4488.5, Max: 4488.5, Diff: 0.1]
   [Code Root Fixup: 0.0 ms]
   [Code Root Purge: 0.0 ms]
   [Clear CT: 1.0 ms]
   [Other: 2.6 ms]
      [Choose CSet: 0.0 ms]
      [Ref Proc: 0.4 ms]
      [Ref Enq: 0.0 ms]
      [Redirty Cards: 0.3 ms]
      [Humongous Register: 0.1 ms]
      [Humongous Reclaim: 0.0 ms]
      [Free CSet: 1.5 ms]
   [Eden: 1680.0M(1680.0M)->0.0B(1528.0M) Survivors: 176.0M->232.0M Heap: 3291.7M(4096.0M)->1787.2M(4096.0M)]
 [Times: user=0.40 sys=1.02, real=0.09 secs] 
执行结束。共生成对象次数:38333
Heap
 garbage-first heap   total 4194304K, used 3097823K [0x00000006c0000000, 0x00000006c0204000, 0x00000007c0000000)
  region size 2048K, 736 young (1507328K), 116 survivors (237568K)
 Metaspace       used 2533K, capacity 4486K, committed 4864K, reserved 1056768K
  class space    used 273K, capacity 386K, committed 512K, reserved 1048576K
开始执行.......
0.265: [GC pause (G1 Evacuation Pause) (young), 0.0157225 secs]
   [Parallel Time: 14.3 ms, GC Workers: 18]
      [GC Worker Start (ms): Min: 264.9, Avg: 267.5, Max: 274.0, Diff: 9.1]
      [Ext Root Scanning (ms): Min: 0.0, Avg: 0.2, Max: 0.4, Diff: 0.4, Sum: 2.9]
      [Update RS (ms): Min: 0.0, Avg: 0.0, Max: 0.0, Diff: 0.0, Sum: 0.0]
         [Processed Buffers: Min: 0, Avg: 0.0, Max: 0, Diff: 0, Sum: 0]
      [Scan RS (ms): Min: 0.0, Avg: 0.0, Max: 0.1, Diff: 0.1, Sum: 0.5]
      [Code Root Scanning (ms): Min: 0.0, Avg: 0.0, Max: 0.0, Diff: 0.0, Sum: 0.0]
      [Object Copy (ms): Min: 4.5, Avg: 10.7, Max: 13.5, Diff: 9.1, Sum: 193.1]
      [Termination (ms): Min: 0.0, Avg: 0.4, Max: 0.7, Diff: 0.7, Sum: 7.8]
         [Termination Attempts: Min: 1, Avg: 1.0, Max: 1, Diff: 0, Sum: 18]
      [GC Worker Other (ms): Min: 0.0, Avg: 0.0, Max: 0.1, Diff: 0.1, Sum: 0.7]
      [GC Worker Total (ms): Min: 4.9, Avg: 11.4, Max: 14.0, Diff: 9.1, Sum: 205.1]
      [GC Worker End (ms): Min: 278.9, Avg: 278.9, Max: 278.9, Diff: 0.0]
   [Code Root Fixup: 0.0 ms]
   [Code Root Purge: 0.0 ms]
   [Clear CT: 0.2 ms]
   [Other: 1.2 ms]
      [Choose CSet: 0.0 ms]
      [Ref Proc: 0.3 ms]
      [Ref Enq: 0.0 ms]
      [Redirty Cards: 0.3 ms]
      [Humongous Register: 0.1 ms]
      [Humongous Reclaim: 0.0 ms]
      [Free CSet: 0.1 ms]
   [Eden: 204.0M(204.0M)->0.0B(178.0M) Survivors: 0.0B->26.0M Heap: 204.0M(4096.0M)->64.6M(4096.0M)]
 [Times: user=0.08 sys=0.12, real=0.01 secs] 
0.337: [GC pause (G1 Evacuation Pause) (young), 0.0237413 secs]
   [Parallel Time: 22.4 ms, GC Workers: 18]
      [GC Worker Start (ms): Min: 337.6, Avg: 337.9, Max: 338.2, Diff: 0.5]
      [Ext Root Scanning (ms): Min: 0.0, Avg: 0.2, Max: 0.4, Diff: 0.4, Sum: 2.7]
      [Update RS (ms): Min: 0.0, Avg: 0.0, Max: 0.1, Diff: 0.1, Sum: 0.6]
         [Processed Buffers: Min: 0, Avg: 0.8, Max: 2, Diff: 2, Sum: 15]
      [Scan RS (ms): Min: 0.0, Avg: 0.0, Max: 0.1, Diff: 0.1, Sum: 0.8]
      [Code Root Scanning (ms): Min: 0.0, Avg: 0.0, Max: 0.1, Diff: 0.1, Sum: 0.1]
      [Object Copy (ms): Min: 19.8, Avg: 20.2, Max: 21.5, Diff: 1.7, Sum: 363.4]
      [Termination (ms): Min: 0.0, Avg: 1.3, Max: 1.7, Diff: 1.7, Sum: 23.7]
         [Termination Attempts: Min: 1, Avg: 1.0, Max: 1, Diff: 0, Sum: 18]
      [GC Worker Other (ms): Min: 0.0, Avg: 0.0, Max: 0.0, Diff: 0.0, Sum: 0.3]
      [GC Worker Total (ms): Min: 21.5, Avg: 21.8, Max: 22.1, Diff: 0.5, Sum: 391.7]
      [GC Worker End (ms): Min: 359.7, Avg: 359.7, Max: 359.7, Diff: 0.0]
   [Code Root Fixup: 0.0 ms]
   [Code Root Purge: 0.0 ms]
   [Clear CT: 0.3 ms]
   [Other: 1.1 ms]
      [Choose CSet: 0.0 ms]
      [Ref Proc: 0.4 ms]
      [Ref Enq: 0.0 ms]
      [Redirty Cards: 0.2 ms]
      [Humongous Register: 0.1 ms]
      [Humongous Reclaim: 0.0 ms]
      [Free CSet: 0.1 ms]
   [Eden: 178.0M(178.0M)->0.0B(178.0M) Survivors: 26.0M->26.0M Heap: 242.6M(4096.0M)->124.8M(4096.0M)]
 [Times: user=0.22 sys=0.17, real=0.02 secs] 
0.420: [GC pause (G1 Evacuation Pause) (young), 0.0194043 secs]
   [Parallel Time: 17.9 ms, GC Workers: 18]
      [GC Worker Start (ms): Min: 419.9, Avg: 420.1, Max: 420.3, Diff: 0.4]
      [Ext Root Scanning (ms): Min: 0.0, Avg: 0.2, Max: 0.4, Diff: 0.4, Sum: 3.0]
      [Update RS (ms): Min: 0.0, Avg: 0.2, Max: 2.6, Diff: 2.5, Sum: 4.4]
         [Processed Buffers: Min: 0, Avg: 1.1, Max: 3, Diff: 3, Sum: 20]
      [Scan RS (ms): Min: 0.0, Avg: 0.0, Max: 0.1, Diff: 0.1, Sum: 0.7]
      [Code Root Scanning (ms): Min: 0.0, Avg: 0.0, Max: 0.0, Diff: 0.0, Sum: 0.0]
      [Object Copy (ms): Min: 14.1, Avg: 16.6, Max: 17.1, Diff: 3.0, Sum: 299.2]
      [Termination (ms): Min: 0.0, Avg: 0.3, Max: 0.6, Diff: 0.6, Sum: 6.1]
         [Termination Attempts: Min: 1, Avg: 1.0, Max: 1, Diff: 0, Sum: 18]
      [GC Worker Other (ms): Min: 0.0, Avg: 0.0, Max: 0.1, Diff: 0.1, Sum: 0.6]
      [GC Worker Total (ms): Min: 17.2, Avg: 17.4, Max: 17.6, Diff: 0.4, Sum: 314.0]
      [GC Worker End (ms): Min: 437.5, Avg: 437.6, Max: 437.6, Diff: 0.0]
   [Code Root Fixup: 0.0 ms]
   [Code Root Purge: 0.0 ms]
   [Clear CT: 0.2 ms]
   [Other: 1.2 ms]
      [Choose CSet: 0.0 ms]
      [Ref Proc: 0.4 ms]
      [Ref Enq: 0.0 ms]
      [Redirty Cards: 0.3 ms]
      [Humongous Register: 0.1 ms]
      [Humongous Reclaim: 0.0 ms]
      [Free CSet: 0.1 ms]
   [Eden: 178.0M(178.0M)->0.0B(178.0M) Survivors: 26.0M->26.0M Heap: 302.8M(4096.0M)->179.0M(4096.0M)]
 [Times: user=0.19 sys=0.13, real=0.02 secs] 
0.495: [GC pause (G1 Evacuation Pause) (young), 0.0203825 secs]
   [Parallel Time: 19.1 ms, GC Workers: 18]
      [GC Worker Start (ms): Min: 494.8, Avg: 495.0, Max: 495.2, Diff: 0.4]
      [Ext Root Scanning (ms): Min: 0.0, Avg: 0.2, Max: 0.4, Diff: 0.4, Sum: 3.1]
      [Update RS (ms): Min: 0.0, Avg: 0.1, Max: 0.2, Diff: 0.2, Sum: 2.3]
         [Processed Buffers: Min: 0, Avg: 1.1, Max: 3, Diff: 3, Sum: 19]
      [Scan RS (ms): Min: 0.0, Avg: 0.0, Max: 0.1, Diff: 0.1, Sum: 0.6]
      [Code Root Scanning (ms): Min: 0.0, Avg: 0.0, Max: 0.0, Diff: 0.0, Sum: 0.0]
      [Object Copy (ms): Min: 17.7, Avg: 18.0, Max: 18.3, Diff: 0.6, Sum: 323.6]
      [Termination (ms): Min: 0.0, Avg: 0.4, Max: 0.7, Diff: 0.7, Sum: 6.9]
         [Termination Attempts: Min: 1, Avg: 1.0, Max: 1, Diff: 0, Sum: 18]
      [GC Worker Other (ms): Min: 0.0, Avg: 0.0, Max: 0.1, Diff: 0.1, Sum: 0.6]
      [GC Worker Total (ms): Min: 18.5, Avg: 18.7, Max: 18.9, Diff: 0.4, Sum: 337.0]
      [GC Worker End (ms): Min: 513.7, Avg: 513.7, Max: 513.8, Diff: 0.1]
   [Code Root Fixup: 0.0 ms]
   [Code Root Purge: 0.0 ms]
   [Clear CT: 0.2 ms]
   [Other: 1.1 ms]
      [Choose CSet: 0.0 ms]
      [Ref Proc: 0.2 ms]
      [Ref Enq: 0.0 ms]
      [Redirty Cards: 0.3 ms]
      [Humongous Register: 0.1 ms]
      [Humongous Reclaim: 0.0 ms]
      [Free CSet: 0.1 ms]
   [Eden: 178.0M(178.0M)->0.0B(178.0M) Survivors: 26.0M->26.0M Heap: 357.0M(4096.0M)->234.8M(4096.0M)]
 [Times: user=0.19 sys=0.14, real=0.02 secs] 
0.570: [GC pause (G1 Evacuation Pause) (young), 0.0201142 secs]
   [Parallel Time: 18.8 ms, GC Workers: 18]
      [GC Worker Start (ms): Min: 570.0, Avg: 570.3, Max: 570.6, Diff: 0.5]
      [Ext Root Scanning (ms): Min: 0.0, Avg: 0.1, Max: 0.4, Diff: 0.4, Sum: 2.5]
      [Update RS (ms): Min: 0.0, Avg: 0.1, Max: 0.5, Diff: 0.5, Sum: 1.8]
         [Processed Buffers: Min: 0, Avg: 0.9, Max: 2, Diff: 2, Sum: 17]
      [Scan RS (ms): Min: 0.0, Avg: 0.0, Max: 0.1, Diff: 0.1, Sum: 0.6]
      [Code Root Scanning (ms): Min: 0.0, Avg: 0.0, Max: 0.0, Diff: 0.0, Sum: 0.0]
      [Object Copy (ms): Min: 17.0, Avg: 17.4, Max: 17.9, Diff: 0.9, Sum: 313.2]
      [Termination (ms): Min: 0.0, Avg: 0.5, Max: 0.9, Diff: 0.9, Sum: 8.7]
         [Termination Attempts: Min: 1, Avg: 1.0, Max: 1, Diff: 0, Sum: 18]
      [GC Worker Other (ms): Min: 0.0, Avg: 0.0, Max: 0.1, Diff: 0.0, Sum: 0.4]
      [GC Worker Total (ms): Min: 17.9, Avg: 18.2, Max: 18.5, Diff: 0.5, Sum: 327.2]
      [GC Worker End (ms): Min: 588.5, Avg: 588.5, Max: 588.5, Diff: 0.0]
   [Code Root Fixup: 0.0 ms]
   [Code Root Purge: 0.0 ms]
   [Clear CT: 0.2 ms]
   [Other: 1.1 ms]
      [Choose CSet: 0.0 ms]
      [Ref Proc: 0.3 ms]
      [Ref Enq: 0.0 ms]
      [Redirty Cards: 0.3 ms]
      [Humongous Register: 0.1 ms]
      [Humongous Reclaim: 0.0 ms]
      [Free CSet: 0.1 ms]
   [Eden: 178.0M(178.0M)->0.0B(178.0M) Survivors: 26.0M->26.0M Heap: 412.8M(4096.0M)->292.3M(4096.0M)]
 [Times: user=0.20 sys=0.13, real=0.02 secs] 
0.645: [GC pause (G1 Evacuation Pause) (young), 0.0229095 secs]
   [Parallel Time: 21.5 ms, GC Workers: 18]
      [GC Worker Start (ms): Min: 644.7, Avg: 644.9, Max: 645.2, Diff: 0.5]
      [Ext Root Scanning (ms): Min: 0.0, Avg: 0.1, Max: 0.3, Diff: 0.3, Sum: 2.5]
      [Update RS (ms): Min: 0.0, Avg: 0.1, Max: 0.3, Diff: 0.3, Sum: 1.5]
         [Processed Buffers: Min: 0, Avg: 0.9, Max: 2, Diff: 2, Sum: 16]
      [Scan RS (ms): Min: 0.0, Avg: 0.0, Max: 0.1, Diff: 0.1, Sum: 0.6]
      [Code Root Scanning (ms): Min: 0.0, Avg: 0.0, Max: 0.0, Diff: 0.0, Sum: 0.0]
      [Object Copy (ms): Min: 19.8, Avg: 20.3, Max: 20.8, Diff: 1.0, Sum: 365.8]
      [Termination (ms): Min: 0.0, Avg: 0.5, Max: 0.9, Diff: 0.9, Sum: 8.5]
         [Termination Attempts: Min: 1, Avg: 1.0, Max: 1, Diff: 0, Sum: 18]
      [GC Worker Other (ms): Min: 0.0, Avg: 0.0, Max: 0.1, Diff: 0.0, Sum: 0.4]
      [GC Worker Total (ms): Min: 20.8, Avg: 21.1, Max: 21.3, Diff: 0.5, Sum: 379.4]
      [GC Worker End (ms): Min: 666.0, Avg: 666.0, Max: 666.0, Diff: 0.0]
   [Code Root Fixup: 0.0 ms]
   [Code Root Purge: 0.0 ms]
   [Clear CT: 0.3 ms]
   [Other: 1.0 ms]
      [Choose CSet: 0.0 ms]
      [Ref Proc: 0.2 ms]
      [Ref Enq: 0.0 ms]
      [Redirty Cards: 0.2 ms]
      [Humongous Register: 0.1 ms]
      [Humongous Reclaim: 0.0 ms]
      [Free CSet: 0.1 ms]
   [Eden: 178.0M(178.0M)->0.0B(178.0M) Survivors: 26.0M->26.0M Heap: 470.3M(4096.0M)->353.1M(4096.0M)]
 [Times: user=0.23 sys=0.15, real=0.02 secs] 
0.724: [GC pause (G1 Evacuation Pause) (young), 0.0189805 secs]
   [Parallel Time: 17.6 ms, GC Workers: 18]
      [GC Worker Start (ms): Min: 724.2, Avg: 724.5, Max: 724.7, Diff: 0.4]
      [Ext Root Scanning (ms): Min: 0.0, Avg: 0.1, Max: 0.4, Diff: 0.4, Sum: 2.7]
      [Update RS (ms): Min: 0.1, Avg: 0.1, Max: 0.3, Diff: 0.3, Sum: 2.2]
         [Processed Buffers: Min: 0, Avg: 0.9, Max: 2, Diff: 2, Sum: 16]
      [Scan RS (ms): Min: 0.0, Avg: 0.0, Max: 0.1, Diff: 0.1, Sum: 0.7]
      [Code Root Scanning (ms): Min: 0.0, Avg: 0.0, Max: 0.0, Diff: 0.0, Sum: 0.0]
      [Object Copy (ms): Min: 16.0, Avg: 16.3, Max: 16.7, Diff: 0.7, Sum: 293.8]
      [Termination (ms): Min: 0.0, Avg: 0.4, Max: 0.8, Diff: 0.8, Sum: 7.5]
         [Termination Attempts: Min: 1, Avg: 1.0, Max: 1, Diff: 0, Sum: 18]
      [GC Worker Other (ms): Min: 0.0, Avg: 0.0, Max: 0.2, Diff: 0.2, Sum: 0.7]
      [GC Worker Total (ms): Min: 16.9, Avg: 17.1, Max: 17.3, Diff: 0.4, Sum: 307.6]
      [GC Worker End (ms): Min: 741.6, Avg: 741.6, Max: 741.6, Diff: 0.0]
   [Code Root Fixup: 0.0 ms]
   [Code Root Purge: 0.0 ms]
   [Clear CT: 0.3 ms]
   [Other: 1.1 ms]
      [Choose CSet: 0.0 ms]
      [Ref Proc: 0.3 ms]
      [Ref Enq: 0.0 ms]
      [Redirty Cards: 0.3 ms]
      [Humongous Register: 0.1 ms]
      [Humongous Reclaim: 0.0 ms]
      [Free CSet: 0.1 ms]
   [Eden: 178.0M(178.0M)->0.0B(198.0M) Survivors: 26.0M->26.0M Heap: 531.1M(4096.0M)->408.6M(4096.0M)]
 [Times: user=0.19 sys=0.11, real=0.01 secs] 
0.805: [GC pause (G1 Evacuation Pause) (young), 0.0184114 secs]
   [Parallel Time: 17.0 ms, GC Workers: 18]
      [GC Worker Start (ms): Min: 805.2, Avg: 805.5, Max: 805.7, Diff: 0.5]
      [Ext Root Scanning (ms): Min: 0.0, Avg: 0.1, Max: 0.4, Diff: 0.4, Sum: 2.4]
      [Update RS (ms): Min: 0.0, Avg: 0.1, Max: 0.4, Diff: 0.4, Sum: 2.5]
         [Processed Buffers: Min: 0, Avg: 1.1, Max: 2, Diff: 2, Sum: 19]
      [Scan RS (ms): Min: 0.0, Avg: 0.0, Max: 0.1, Diff: 0.1, Sum: 0.8]
      [Code Root Scanning (ms): Min: 0.0, Avg: 0.0, Max: 0.0, Diff: 0.0, Sum: 0.0]
      [Object Copy (ms): Min: 15.5, Avg: 15.8, Max: 16.2, Diff: 0.7, Sum: 284.3]
      [Termination (ms): Min: 0.0, Avg: 0.3, Max: 0.5, Diff: 0.5, Sum: 6.1]
         [Termination Attempts: Min: 1, Avg: 1.0, Max: 1, Diff: 0, Sum: 18]
      [GC Worker Other (ms): Min: 0.0, Avg: 0.0, Max: 0.1, Diff: 0.1, Sum: 0.7]
      [GC Worker Total (ms): Min: 16.2, Avg: 16.5, Max: 16.8, Diff: 0.5, Sum: 296.7]
      [GC Worker End (ms): Min: 822.0, Avg: 822.0, Max: 822.0, Diff: 0.0]
   [Code Root Fixup: 0.0 ms]
   [Code Root Purge: 0.0 ms]
   [Clear CT: 0.2 ms]
   [Other: 1.2 ms]
      [Choose CSet: 0.0 ms]
      [Ref Proc: 0.3 ms]
      [Ref Enq: 0.0 ms]
      [Redirty Cards: 0.3 ms]
      [Humongous Register: 0.1 ms]
      [Humongous Reclaim: 0.0 ms]
      [Free CSet: 0.1 ms]
   [Eden: 198.0M(198.0M)->0.0B(292.0M) Survivors: 26.0M->28.0M Heap: 606.6M(4096.0M)->468.2M(4096.0M)]
 [Times: user=0.13 sys=0.17, real=0.01 secs] 
0.941: [GC pause (G1 Evacuation Pause) (young), 0.0233866 secs]
   [Parallel Time: 21.8 ms, GC Workers: 18]
      [GC Worker Start (ms): Min: 941.3, Avg: 941.7, Max: 942.0, Diff: 0.7]
      [Ext Root Scanning (ms): Min: 0.0, Avg: 0.2, Max: 0.5, Diff: 0.5, Sum: 3.1]
      [Update RS (ms): Min: 0.0, Avg: 0.1, Max: 0.3, Diff: 0.3, Sum: 2.2]
         [Processed Buffers: Min: 0, Avg: 1.0, Max: 3, Diff: 3, Sum: 18]
      [Scan RS (ms): Min: 0.0, Avg: 0.1, Max: 0.1, Diff: 0.1, Sum: 1.1]
      [Code Root Scanning (ms): Min: 0.0, Avg: 0.0, Max: 0.0, Diff: 0.0, Sum: 0.0]
      [Object Copy (ms): Min: 20.1, Avg: 20.3, Max: 20.7, Diff: 0.6, Sum: 365.8]
      [Termination (ms): Min: 0.0, Avg: 0.4, Max: 0.6, Diff: 0.6, Sum: 7.6]
         [Termination Attempts: Min: 1, Avg: 1.0, Max: 1, Diff: 0, Sum: 18]
      [GC Worker Other (ms): Min: 0.0, Avg: 0.0, Max: 0.1, Diff: 0.1, Sum: 0.6]
      [GC Worker Total (ms): Min: 20.9, Avg: 21.1, Max: 21.5, Diff: 0.7, Sum: 380.4]
      [GC Worker End (ms): Min: 962.8, Avg: 962.8, Max: 962.8, Diff: 0.0]
   [Code Root Fixup: 0.0 ms]
   [Code Root Purge: 0.0 ms]
   [Clear CT: 0.3 ms]
   [Other: 1.3 ms]
      [Choose CSet: 0.0 ms]
      [Ref Proc: 0.4 ms]
      [Ref Enq: 0.0 ms]
      [Redirty Cards: 0.2 ms]
      [Humongous Register: 0.1 ms]
      [Humongous Reclaim: 0.0 ms]
      [Free CSet: 0.2 ms]
   [Eden: 292.0M(292.0M)->0.0B(286.0M) Survivors: 28.0M->40.0M Heap: 760.2M(4096.0M)->557.1M(4096.0M)]
 [Times: user=0.16 sys=0.23, real=0.03 secs] 
1.069: [GC pause (G1 Evacuation Pause) (young), 0.0269374 secs]
   [Parallel Time: 25.5 ms, GC Workers: 18]
      [GC Worker Start (ms): Min: 1069.4, Avg: 1069.7, Max: 1069.9, Diff: 0.5]
      [Ext Root Scanning (ms): Min: 0.0, Avg: 0.2, Max: 0.5, Diff: 0.5, Sum: 3.6]
      [Update RS (ms): Min: 0.1, Avg: 0.2, Max: 0.2, Diff: 0.1, Sum: 3.1]
         [Processed Buffers: Min: 0, Avg: 1.1, Max: 2, Diff: 2, Sum: 19]
      [Scan RS (ms): Min: 0.0, Avg: 0.1, Max: 0.1, Diff: 0.1, Sum: 1.2]
      [Code Root Scanning (ms): Min: 0.0, Avg: 0.0, Max: 0.0, Diff: 0.0, Sum: 0.0]
      [Object Copy (ms): Min: 23.6, Avg: 24.0, Max: 24.4, Diff: 0.8, Sum: 431.2]
      [Termination (ms): Min: 0.0, Avg: 0.5, Max: 0.9, Diff: 0.9, Sum: 8.4]
         [Termination Attempts: Min: 1, Avg: 1.0, Max: 1, Diff: 0, Sum: 18]
      [GC Worker Other (ms): Min: 0.0, Avg: 0.0, Max: 0.1, Diff: 0.0, Sum: 0.5]
      [GC Worker Total (ms): Min: 24.7, Avg: 24.9, Max: 25.2, Diff: 0.5, Sum: 447.9]
      [GC Worker End (ms): Min: 1094.6, Avg: 1094.6, Max: 1094.6, Diff: 0.0]
   [Code Root Fixup: 0.0 ms]
   [Code Root Purge: 0.0 ms]
   [Clear CT: 0.3 ms]
   [Other: 1.2 ms]
      [Choose CSet: 0.0 ms]
      [Ref Proc: 0.3 ms]
      [Ref Enq: 0.0 ms]
      [Redirty Cards: 0.3 ms]
      [Humongous Register: 0.1 ms]
      [Humongous Reclaim: 0.0 ms]
      [Free CSet: 0.2 ms]
   [Eden: 286.0M(286.0M)->0.0B(384.0M) Survivors: 40.0M->42.0M Heap: 843.1M(4096.0M)->642.2M(4096.0M)]
 [Times: user=0.25 sys=0.20, real=0.03 secs] 
1.272: [GC pause (G1 Evacuation Pause) (young), 0.0233899 secs]
   [Parallel Time: 21.7 ms, GC Workers: 18]
      [GC Worker Start (ms): Min: 1272.3, Avg: 1272.7, Max: 1273.0, Diff: 0.7]
      [Ext Root Scanning (ms): Min: 0.0, Avg: 0.2, Max: 0.5, Diff: 0.5, Sum: 3.8]
      [Update RS (ms): Min: 0.0, Avg: 0.1, Max: 0.2, Diff: 0.2, Sum: 2.0]
         [Processed Buffers: Min: 0, Avg: 1.1, Max: 3, Diff: 3, Sum: 19]
      [Scan RS (ms): Min: 0.0, Avg: 0.1, Max: 0.1, Diff: 0.1, Sum: 1.1]
      [Code Root Scanning (ms): Min: 0.0, Avg: 0.0, Max: 0.0, Diff: 0.0, Sum: 0.0]
      [Object Copy (ms): Min: 19.8, Avg: 20.2, Max: 20.6, Diff: 0.8, Sum: 363.2]
      [Termination (ms): Min: 0.0, Avg: 0.4, Max: 0.8, Diff: 0.8, Sum: 7.5]
         [Termination Attempts: Min: 1, Avg: 1.0, Max: 1, Diff: 0, Sum: 18]
      [GC Worker Other (ms): Min: 0.0, Avg: 0.0, Max: 0.1, Diff: 0.1, Sum: 0.5]
      [GC Worker Total (ms): Min: 20.7, Avg: 21.0, Max: 21.4, Diff: 0.7, Sum: 378.2]
      [GC Worker End (ms): Min: 1293.7, Avg: 1293.7, Max: 1293.7, Diff: 0.0]
   [Code Root Fixup: 0.0 ms]
   [Code Root Purge: 0.0 ms]
   [Clear CT: 0.4 ms]
   [Other: 1.3 ms]
      [Choose CSet: 0.0 ms]
      [Ref Proc: 0.3 ms]
      [Ref Enq: 0.0 ms]
      [Redirty Cards: 0.3 ms]
      [Humongous Register: 0.1 ms]
      [Humongous Reclaim: 0.0 ms]
      [Free CSet: 0.3 ms]
   [Eden: 384.0M(384.0M)->0.0B(410.0M) Survivors: 42.0M->54.0M Heap: 1026.2M(4096.0M)->760.7M(4096.0M)]
 [Times: user=0.13 sys=0.26, real=0.03 secs] 
1.446: [GC pause (G1 Evacuation Pause) (young), 0.0287224 secs]
   [Parallel Time: 26.4 ms, GC Workers: 18]
      [GC Worker Start (ms): Min: 1446.7, Avg: 1447.0, Max: 1447.6, Diff: 0.9]
      [Ext Root Scanning (ms): Min: 0.0, Avg: 0.1, Max: 0.3, Diff: 0.3, Sum: 1.8]
      [Update RS (ms): Min: 0.0, Avg: 0.1, Max: 0.2, Diff: 0.2, Sum: 1.8]
         [Processed Buffers: Min: 0, Avg: 1.1, Max: 4, Diff: 4, Sum: 19]
      [Scan RS (ms): Min: 0.0, Avg: 0.1, Max: 0.1, Diff: 0.1, Sum: 1.4]
      [Code Root Scanning (ms): Min: 0.0, Avg: 0.0, Max: 0.0, Diff: 0.0, Sum: 0.0]
      [Object Copy (ms): Min: 24.0, Avg: 24.6, Max: 25.3, Diff: 1.3, Sum: 443.4]
      [Termination (ms): Min: 0.0, Avg: 0.7, Max: 1.0, Diff: 1.0, Sum: 11.7]
         [Termination Attempts: Min: 1, Avg: 1.0, Max: 1, Diff: 0, Sum: 18]
      [GC Worker Other (ms): Min: 0.0, Avg: 0.1, Max: 0.2, Diff: 0.1, Sum: 1.3]
      [GC Worker Total (ms): Min: 25.1, Avg: 25.6, Max: 26.0, Diff: 0.9, Sum: 461.5]
      [GC Worker End (ms): Min: 1472.6, Avg: 1472.7, Max: 1472.7, Diff: 0.1]
   [Code Root Fixup: 0.0 ms]
   [Code Root Purge: 0.0 ms]
   [Clear CT: 0.4 ms]
   [Other: 1.9 ms]
      [Choose CSet: 0.0 ms]
      [Ref Proc: 0.3 ms]
      [Ref Enq: 0.0 ms]
      [Redirty Cards: 0.7 ms]
      [Humongous Register: 0.1 ms]
      [Humongous Reclaim: 0.0 ms]
      [Free CSet: 0.4 ms]
   [Eden: 410.0M(410.0M)->0.0B(658.0M) Survivors: 54.0M->58.0M Heap: 1170.7M(4096.0M)->871.9M(4096.0M)]
 [Times: user=0.18 sys=0.28, real=0.03 secs] 
1.775: [GC pause (G1 Evacuation Pause) (young), 0.0379329 secs]
   [Parallel Time: 35.7 ms, GC Workers: 18]
      [GC Worker Start (ms): Min: 1775.5, Avg: 1775.9, Max: 1776.2, Diff: 0.7]
      [Ext Root Scanning (ms): Min: 0.0, Avg: 0.2, Max: 0.6, Diff: 0.6, Sum: 3.1]
      [Update RS (ms): Min: 0.0, Avg: 0.1, Max: 0.3, Diff: 0.3, Sum: 2.3]
         [Processed Buffers: Min: 0, Avg: 1.1, Max: 4, Diff: 4, Sum: 19]
      [Scan RS (ms): Min: 0.0, Avg: 0.1, Max: 0.2, Diff: 0.2, Sum: 2.0]
      [Code Root Scanning (ms): Min: 0.0, Avg: 0.0, Max: 0.0, Diff: 0.0, Sum: 0.0]
      [Object Copy (ms): Min: 33.6, Avg: 34.0, Max: 34.5, Diff: 0.9, Sum: 611.5]
      [Termination (ms): Min: 0.0, Avg: 0.6, Max: 0.9, Diff: 0.9, Sum: 9.9]
         [Termination Attempts: Min: 1, Avg: 1.0, Max: 1, Diff: 0, Sum: 18]
      [GC Worker Other (ms): Min: 0.0, Avg: 0.1, Max: 0.1, Diff: 0.1, Sum: 0.9]
      [GC Worker Total (ms): Min: 34.7, Avg: 35.0, Max: 35.4, Diff: 0.7, Sum: 629.8]
      [GC Worker End (ms): Min: 1810.8, Avg: 1810.9, Max: 1810.9, Diff: 0.1]
   [Code Root Fixup: 0.0 ms]
   [Code Root Purge: 0.0 ms]
   [Clear CT: 0.5 ms]
   [Other: 1.8 ms]
      [Choose CSet: 0.0 ms]
      [Ref Proc: 0.3 ms]
      [Ref Enq: 0.0 ms]
      [Redirty Cards: 0.3 ms]
      [Humongous Register: 0.1 ms]
      [Humongous Reclaim: 0.0 ms]
      [Free CSet: 0.6 ms]
   [Eden: 658.0M(658.0M)->0.0B(602.0M) Survivors: 58.0M->90.0M Heap: 1529.9M(4096.0M)->1045.5M(4096.0M)]
 [Times: user=0.18 sys=0.45, real=0.03 secs] 
2.027: [GC pause (G1 Evacuation Pause) (young), 0.0490971 secs]
   [Parallel Time: 47.2 ms, GC Workers: 18]
      [GC Worker Start (ms): Min: 2027.7, Avg: 2028.1, Max: 2028.4, Diff: 0.7]
      [Ext Root Scanning (ms): Min: 0.0, Avg: 0.2, Max: 0.5, Diff: 0.5, Sum: 3.2]
      [Update RS (ms): Min: 0.0, Avg: 0.1, Max: 0.3, Diff: 0.3, Sum: 2.4]
         [Processed Buffers: Min: 0, Avg: 1.1, Max: 2, Diff: 2, Sum: 19]
      [Scan RS (ms): Min: 0.0, Avg: 0.1, Max: 0.1, Diff: 0.1, Sum: 1.8]
      [Code Root Scanning (ms): Min: 0.0, Avg: 0.0, Max: 0.0, Diff: 0.0, Sum: 0.0]
      [Object Copy (ms): Min: 45.4, Avg: 45.7, Max: 46.1, Diff: 0.7, Sum: 821.9]
      [Termination (ms): Min: 0.0, Avg: 0.4, Max: 0.7, Diff: 0.7, Sum: 7.8]
         [Termination Attempts: Min: 1, Avg: 1.0, Max: 1, Diff: 0, Sum: 18]
      [GC Worker Other (ms): Min: 0.0, Avg: 0.0, Max: 0.1, Diff: 0.1, Sum: 0.5]
      [GC Worker Total (ms): Min: 46.2, Avg: 46.5, Max: 46.9, Diff: 0.7, Sum: 837.7]
      [GC Worker End (ms): Min: 2074.6, Avg: 2074.6, Max: 2074.6, Diff: 0.0]
   [Code Root Fixup: 0.0 ms]
   [Code Root Purge: 0.0 ms]
   [Clear CT: 0.4 ms]
   [Other: 1.5 ms]
      [Choose CSet: 0.0 ms]
      [Ref Proc: 0.3 ms]
      [Ref Enq: 0.0 ms]
      [Redirty Cards: 0.2 ms]
      [Humongous Register: 0.1 ms]
      [Humongous Reclaim: 0.0 ms]
      [Free CSet: 0.5 ms]
   [Eden: 602.0M(602.0M)->0.0B(716.0M) Survivors: 90.0M->88.0M Heap: 1647.5M(4096.0M)->1182.3M(4096.0M)]
 [Times: user=0.50 sys=0.35, real=0.05 secs] 
2.320: [GC pause (G1 Evacuation Pause) (young), 0.0411612 secs]
   [Parallel Time: 39.0 ms, GC Workers: 18]
      [GC Worker Start (ms): Min: 2320.4, Avg: 2320.8, Max: 2321.1, Diff: 0.7]
      [Ext Root Scanning (ms): Min: 0.0, Avg: 0.2, Max: 0.6, Diff: 0.6, Sum: 4.0]
      [Update RS (ms): Min: 0.0, Avg: 0.1, Max: 0.3, Diff: 0.3, Sum: 2.6]
         [Processed Buffers: Min: 0, Avg: 1.1, Max: 3, Diff: 3, Sum: 19]
      [Scan RS (ms): Min: 0.0, Avg: 0.1, Max: 0.2, Diff: 0.2, Sum: 2.6]
      [Code Root Scanning (ms): Min: 0.0, Avg: 0.0, Max: 0.0, Diff: 0.0, Sum: 0.0]
      [Object Copy (ms): Min: 37.0, Avg: 37.4, Max: 37.8, Diff: 0.8, Sum: 672.5]
      [Termination (ms): Min: 0.0, Avg: 0.4, Max: 0.8, Diff: 0.8, Sum: 8.1]
         [Termination Attempts: Min: 1, Avg: 1.0, Max: 1, Diff: 0, Sum: 18]
      [GC Worker Other (ms): Min: 0.0, Avg: 0.0, Max: 0.1, Diff: 0.1, Sum: 0.7]
      [GC Worker Total (ms): Min: 38.0, Avg: 38.4, Max: 38.8, Diff: 0.8, Sum: 690.6]
      [GC Worker End (ms): Min: 2359.1, Avg: 2359.1, Max: 2359.2, Diff: 0.1]
   [Code Root Fixup: 0.0 ms]
   [Code Root Purge: 0.0 ms]
   [Clear CT: 0.5 ms]
   [Other: 1.7 ms]
      [Choose CSet: 0.0 ms]
      [Ref Proc: 0.3 ms]
      [Ref Enq: 0.0 ms]
      [Redirty Cards: 0.3 ms]
      [Humongous Register: 0.1 ms]
      [Humongous Reclaim: 0.0 ms]
      [Free CSet: 0.7 ms]
   [Eden: 716.0M(716.0M)->0.0B(2094.0M) Survivors: 88.0M->102.0M Heap: 1898.3M(4096.0M)->1345.3M(4096.0M)]
 [Times: user=0.17 sys=0.53, real=0.04 secs] 
3.766: [GC pause (G1 Evacuation Pause) (young), 0.1090223 secs]
   [Parallel Time: 105.3 ms, GC Workers: 18]
      [GC Worker Start (ms): Min: 3766.5, Avg: 3766.9, Max: 3767.2, Diff: 0.7]
      [Ext Root Scanning (ms): Min: 0.0, Avg: 0.2, Max: 0.6, Diff: 0.6, Sum: 3.4]
      [Update RS (ms): Min: 0.1, Avg: 0.3, Max: 0.5, Diff: 0.4, Sum: 5.0]
         [Processed Buffers: Min: 0, Avg: 1.1, Max: 2, Diff: 2, Sum: 19]
      [Scan RS (ms): Min: 0.3, Avg: 0.5, Max: 0.6, Diff: 0.3, Sum: 8.6]
      [Code Root Scanning (ms): Min: 0.0, Avg: 0.0, Max: 0.0, Diff: 0.0, Sum: 0.1]
      [Object Copy (ms): Min: 102.7, Avg: 103.0, Max: 103.7, Diff: 1.0, Sum: 1853.2]
      [Termination (ms): Min: 0.0, Avg: 0.7, Max: 1.0, Diff: 1.0, Sum: 12.9]
         [Termination Attempts: Min: 1, Avg: 1.0, Max: 1, Diff: 0, Sum: 18]
      [GC Worker Other (ms): Min: 0.0, Avg: 0.1, Max: 0.2, Diff: 0.2, Sum: 1.9]
      [GC Worker Total (ms): Min: 104.4, Avg: 104.7, Max: 105.2, Diff: 0.8, Sum: 1885.0]
      [GC Worker End (ms): Min: 3871.5, Avg: 3871.6, Max: 3871.7, Diff: 0.1]
   [Code Root Fixup: 0.0 ms]
   [Code Root Purge: 0.0 ms]
   [Clear CT: 1.0 ms]
   [Other: 2.7 ms]
      [Choose CSet: 0.0 ms]
      [Ref Proc: 0.3 ms]
      [Ref Enq: 0.0 ms]
      [Redirty Cards: 0.3 ms]
      [Humongous Register: 0.1 ms]
      [Humongous Reclaim: 0.0 ms]
      [Free CSet: 1.4 ms]
   [Eden: 2094.0M(2094.0M)->0.0B(984.0M) Survivors: 102.0M->276.0M Heap: 3439.3M(4096.0M)->1601.6M(4096.0M)]
 [Times: user=0.54 sys=1.36, real=0.11 secs] 
4.186: [GC pause (G1 Evacuation Pause) (young), 0.0899459 secs]
   [Parallel Time: 87.3 ms, GC Workers: 18]
      [GC Worker Start (ms): Min: 4186.6, Avg: 4186.9, Max: 4187.2, Diff: 0.6]
      [Ext Root Scanning (ms): Min: 0.0, Avg: 0.2, Max: 0.5, Diff: 0.5, Sum: 3.6]
      [Update RS (ms): Min: 0.0, Avg: 0.1, Max: 0.4, Diff: 0.4, Sum: 2.2]
         [Processed Buffers: Min: 0, Avg: 1.1, Max: 3, Diff: 3, Sum: 19]
      [Scan RS (ms): Min: 0.1, Avg: 0.2, Max: 0.3, Diff: 0.2, Sum: 3.8]
      [Code Root Scanning (ms): Min: 0.0, Avg: 0.0, Max: 0.0, Diff: 0.0, Sum: 0.0]
      [Object Copy (ms): Min: 85.0, Avg: 85.5, Max: 86.2, Diff: 1.2, Sum: 1539.8]
      [Termination (ms): Min: 0.0, Avg: 0.6, Max: 1.1, Diff: 1.1, Sum: 11.4]
         [Termination Attempts: Min: 1, Avg: 1.0, Max: 1, Diff: 0, Sum: 18]
      [GC Worker Other (ms): Min: 0.0, Avg: 0.1, Max: 0.1, Diff: 0.1, Sum: 1.1]
      [GC Worker Total (ms): Min: 86.5, Avg: 86.8, Max: 87.2, Diff: 0.7, Sum: 1562.0]
      [GC Worker End (ms): Min: 4273.6, Avg: 4273.7, Max: 4273.8, Diff: 0.1]
   [Code Root Fixup: 0.0 ms]
   [Code Root Purge: 0.0 ms]
   [Clear CT: 0.8 ms]
   [Other: 1.9 ms]
      [Choose CSet: 0.0 ms]
      [Ref Proc: 0.4 ms]
      [Ref Enq: 0.0 ms]
      [Redirty Cards: 0.2 ms]
      [Humongous Register: 0.1 ms]
      [Humongous Reclaim: 0.0 ms]
      [Free CSet: 0.9 ms]
   [Eden: 984.0M(984.0M)->0.0B(1424.0M) Survivors: 276.0M->158.0M Heap: 2585.6M(4096.0M)->1679.2M(4096.0M)]
 [Times: user=0.50 sys=1.06, real=0.09 secs] 
4.891: [GC pause (G1 Evacuation Pause) (young), 0.0881559 secs]
   [Parallel Time: 85.4 ms, GC Workers: 18]
      [GC Worker Start (ms): Min: 4891.4, Avg: 4891.8, Max: 4892.2, Diff: 0.8]
      [Ext Root Scanning (ms): Min: 0.0, Avg: 0.1, Max: 0.5, Diff: 0.5, Sum: 2.4]
      [Update RS (ms): Min: 0.0, Avg: 0.5, Max: 2.3, Diff: 2.3, Sum: 9.4]
         [Processed Buffers: Min: 0, Avg: 1.1, Max: 2, Diff: 2, Sum: 19]
      [Scan RS (ms): Min: 0.1, Avg: 0.3, Max: 0.6, Diff: 0.5, Sum: 5.8]
      [Code Root Scanning (ms): Min: 0.0, Avg: 0.0, Max: 0.0, Diff: 0.0, Sum: 0.1]
      [Object Copy (ms): Min: 81.4, Avg: 83.1, Max: 83.9, Diff: 2.5, Sum: 1495.3]
      [Termination (ms): Min: 0.0, Avg: 0.7, Max: 1.3, Diff: 1.3, Sum: 13.2]
         [Termination Attempts: Min: 1, Avg: 1.0, Max: 1, Diff: 0, Sum: 18]
      [GC Worker Other (ms): Min: 0.0, Avg: 0.1, Max: 0.1, Diff: 0.1, Sum: 1.3]
      [GC Worker Total (ms): Min: 84.5, Avg: 84.9, Max: 85.3, Diff: 0.8, Sum: 1527.5]
      [GC Worker End (ms): Min: 4976.6, Avg: 4976.6, Max: 4976.7, Diff: 0.1]
   [Code Root Fixup: 0.0 ms]
   [Code Root Purge: 0.0 ms]
   [Clear CT: 0.8 ms]
   [Other: 1.9 ms]
      [Choose CSet: 0.0 ms]
      [Ref Proc: 0.2 ms]
      [Ref Enq: 0.0 ms]
      [Redirty Cards: 0.3 ms]
      [Humongous Register: 0.1 ms]
      [Humongous Reclaim: 0.0 ms]
      [Free CSet: 1.1 ms]
   [Eden: 1424.0M(1424.0M)->0.0B(1476.0M) Survivors: 158.0M->198.0M Heap: 3103.2M(4096.0M)->1847.7M(4096.0M)]
 [Times: user=0.83 sys=0.70, real=0.09 secs] 
执行结束。共生成对象次数:35293
Heap
 garbage-first heap   total 4194304K, used 2252464K [0x00000006c0000000, 0x00000006c0204000, 0x00000007c0000000)
  region size 2048K, 276 young (565248K), 99 survivors (202752K)
 Metaspace       used 2533K, capacity 4486K, committed 4864K, reserved 1056768K
  class space    used 273K, capacity 386K, committed 512K, reserved 1048576K
