开始执行.......
0.193: [GC (Allocation Failure) 0.193: [DefNew: 139776K->17472K(157248K), 0.0544993 secs] 139776K->47613K(506816K), 0.0546225 secs] [Times: user=0.03 sys=0.04, real=0.06 secs] 
0.308: [GC (Allocation Failure) 0.308: [DefNew: 157096K->17471K(157248K), 0.0633905 secs] 187237K->90568K(506816K), 0.0634733 secs] [Times: user=0.02 sys=0.05, real=0.06 secs] 
0.436: [GC (Allocation Failure) 0.436: [DefNew: 157183K->17471K(157248K), 0.0550347 secs] 230279K->131277K(506816K), 0.0551350 secs] [Times: user=0.03 sys=0.03, real=0.06 secs] 
0.558: [GC (Allocation Failure) 0.558: [DefNew: 157247K->17468K(157248K), 0.0552877 secs] 271053K->171839K(506816K), 0.0553928 secs] [Times: user=0.03 sys=0.03, real=0.05 secs] 
0.677: [GC (Allocation Failure) 0.677: [DefNew: 156964K->17470K(157248K), 0.0632119 secs] 311334K->220680K(506816K), 0.0633132 secs] [Times: user=0.02 sys=0.04, real=0.06 secs] 
0.808: [GC (Allocation Failure) 0.808: [DefNew: 157246K->17471K(157248K), 0.0556280 secs] 360456K->261810K(506816K), 0.0557300 secs] [Times: user=0.02 sys=0.04, real=0.05 secs] 
0.933: [GC (Allocation Failure) 0.933: [DefNew: 157247K->17471K(157248K), 0.0534671 secs] 401586K->301179K(506816K), 0.0535624 secs] [Times: user=0.02 sys=0.03, real=0.06 secs] 
1.057: [GC (Allocation Failure) 1.057: [DefNew: 157247K->17469K(157248K), 0.0664167 secs] 440955K->347018K(506816K), 0.0665351 secs] [Times: user=0.02 sys=0.04, real=0.06 secs] 
1.185: [GC (Allocation Failure) 1.185: [DefNew: 157245K->157245K(157248K), 0.0000518 secs]1.185: [Tenured: 329548K->278208K(349568K), 0.0887476 secs] 486794K->278208K(506816K), [Metaspace: 2526K->2526K(1056768K)], 0.0889319 secs] [Times: user=0.08 sys=0.00, real=0.09 secs] 
1.341: [GC (Allocation Failure) 1.341: [DefNew: 139776K->17470K(157248K), 0.0179737 secs] 417984K->321715K(506816K), 0.0180844 secs] [Times: user=0.02 sys=0.00, real=0.02 secs] 
1.409: [GC (Allocation Failure) 1.409: [DefNew: 157223K->157223K(157248K), 0.0000503 secs]1.409: [Tenured: 304244K->300777K(349568K), 0.0939222 secs] 461468K->300777K(506816K), [Metaspace: 2526K->2526K(1056768K)], 0.0940902 secs] [Times: user=0.10 sys=0.00, real=0.09 secs] 
1.567: [GC (Allocation Failure) 1.567: [DefNew: 139696K->17470K(157248K), 0.0207286 secs] 440473K->348064K(506816K), 0.0208309 secs] [Times: user=0.02 sys=0.00, real=0.02 secs] 
1.645: [GC (Allocation Failure) 1.645: [DefNew: 157246K->157246K(157248K), 0.0000578 secs]1.645: [Tenured: 330593K->319021K(349568K), 0.1014788 secs] 487840K->319021K(506816K), [Metaspace: 2526K->2526K(1056768K)], 0.1016664 secs] [Times: user=0.10 sys=0.00, real=0.11 secs] 
1.825: [GC (Allocation Failure) 1.825: [DefNew: 139775K->139775K(157248K), 0.0000739 secs]1.825: [Tenured: 319021K->309756K(349568K), 0.1930447 secs] 458796K->309756K(506816K), [Metaspace: 2526K->2526K(1056768K)], 0.1932390 secs] [Times: user=0.11 sys=0.09, real=0.20 secs] 
2.109: [GC (Allocation Failure) 2.109: [DefNew: 139776K->17470K(157248K), 0.0270564 secs] 449532K->351759K(506816K), 0.0271651 secs] [Times: user=0.02 sys=0.00, real=0.02 secs] 
2.180: [GC (Allocation Failure) 2.180: [DefNew: 157246K->157246K(157248K), 0.0000507 secs]2.180: [Tenured: 334288K->338828K(349568K), 0.0942321 secs] 491535K->338828K(506816K), [Metaspace: 2526K->2526K(1056768K)], 0.0944073 secs] [Times: user=0.09 sys=0.01, real=0.09 secs] 
2.319: [GC (Allocation Failure) 2.319: [DefNew: 139776K->139776K(157248K), 0.0000530 secs]2.319: [Tenured: 338828K->343635K(349568K), 0.1023275 secs] 478604K->343635K(506816K), [Metaspace: 2526K->2526K(1056768K)], 0.1025015 secs] [Times: user=0.10 sys=0.00, real=0.10 secs] 
2.465: [GC (Allocation Failure) 2.465: [DefNew: 139776K->139776K(157248K), 0.0000536 secs]2.465: [Tenured: 343635K->345002K(349568K), 0.1043773 secs] 483411K->345002K(506816K), [Metaspace: 2526K->2526K(1056768K)], 0.1045462 secs] [Times: user=0.11 sys=0.00, real=0.11 secs] 
2.614: [GC (Allocation Failure) 2.614: [DefNew: 139776K->139776K(157248K), 0.0000530 secs]2.615: [Tenured: 345002K->329931K(349568K), 0.1764036 secs] 484778K->329931K(506816K), [Metaspace: 2526K->2526K(1056768K)], 0.1765789 secs] [Times: user=0.13 sys=0.05, real=0.18 secs] 
2.834: [GC (Allocation Failure) 2.834: [DefNew: 139776K->139776K(157248K), 0.0000226 secs]2.834: [Tenured: 329931K->346644K(349568K), 0.0649627 secs] 469707K->346644K(506816K), [Metaspace: 2526K->2526K(1056768K)], 0.0650512 secs] [Times: user=0.06 sys=0.00, real=0.07 secs] 
2.941: [GC (Allocation Failure) 2.942: [DefNew: 139413K->139413K(157248K), 0.0000219 secs]2.942: [Tenured: 346644K->349484K(349568K), 0.0857155 secs] 486058K->354391K(506816K), [Metaspace: 2526K->2526K(1056768K)], 0.0858022 secs] [Times: user=0.09 sys=0.00, real=0.09 secs] 
3.071: [Full GC (Allocation Failure) 3.072: [Tenured: 349484K->349494K(349568K), 0.0973794 secs] 506126K->359037K(506816K), [Metaspace: 2526K->2526K(1056768K)], 0.0974449 secs] [Times: user=0.10 sys=0.00, real=0.10 secs] 
3.240: [Full GC (Allocation Failure) 3.240: [Tenured: 349494K->349469K(349568K), 0.1211453 secs] 506615K->355764K(506816K), [Metaspace: 2526K->2526K(1056768K)], 0.1212754 secs] [Times: user=0.12 sys=0.00, real=0.12 secs] 
3.422: [Full GC (Allocation Failure) 3.422: [Tenured: 349469K->349446K(349568K), 0.0725151 secs] 506436K->370700K(506816K), [Metaspace: 2526K->2526K(1056768K)], 0.0725759 secs] [Times: user=0.07 sys=0.01, real=0.07 secs] 
3.566: [Full GC (Allocation Failure) 3.566: [Tenured: 349446K->349361K(349568K), 0.0994597 secs] 506597K->369226K(506816K), [Metaspace: 2526K->2526K(1056768K)], 0.0995837 secs] [Times: user=0.10 sys=0.00, real=0.10 secs] 
3.734: [Full GC (Allocation Failure) 3.734: [Tenured: 349529K->349473K(349568K), 0.1072190 secs] 506772K->370517K(506816K), [Metaspace: 2526K->2526K(1056768K)], 0.1073316 secs] [Times: user=0.10 sys=0.00, real=0.11 secs] 
3.908: [Full GC (Allocation Failure) 3.908: [Tenured: 349473K->349541K(349568K), 0.1206587 secs] 506595K->356713K(506816K), [Metaspace: 2526K->2526K(1056768K)], 0.1207524 secs] [Times: user=0.12 sys=0.00, real=0.12 secs] 
4.108: [Full GC (Allocation Failure) 4.108: [Tenured: 349541K->348932K(349568K), 0.0872017 secs] 506010K->382818K(506816K), [Metaspace: 2526K->2526K(1056768K)], 0.0873004 secs] [Times: user=0.09 sys=0.00, real=0.08 secs] 
4.259: [Full GC (Allocation Failure) 4.259: [Tenured: 349452K->349419K(349568K), 0.1068848 secs] 506693K->379479K(506816K), [Metaspace: 2526K->2526K(1056768K)], 0.1069917 secs] [Times: user=0.11 sys=0.00, real=0.10 secs] 
4.427: [Full GC (Allocation Failure) 4.427: [Tenured: 349419K->349195K(349568K), 0.1100110 secs] 506667K->379706K(506816K), [Metaspace: 2526K->2526K(1056768K)], 0.1101098 secs] [Times: user=0.11 sys=0.00, real=0.11 secs] 
4.597: [Full GC (Allocation Failure) 4.597: [Tenured: 349195K->349328K(349568K), 0.1211294 secs] 506140K->361869K(506816K), [Metaspace: 2526K->2526K(1056768K)], 0.1212227 secs] [Times: user=0.12 sys=0.00, real=0.12 secs] 
4.788: [Full GC (Allocation Failure) 4.788: [Tenured: 349496K->349403K(349568K), 0.0870236 secs] 506693K->383122K(506816K), [Metaspace: 2526K->2526K(1056768K)], 0.0871322 secs] [Times: user=0.09 sys=0.00, real=0.08 secs] 
4.935: [Full GC (Allocation Failure) 4.936: [Tenured: 349403K->349296K(349568K), 0.1004209 secs] 506507K->382030K(506816K), [Metaspace: 2526K->2526K(1056768K)], 0.1005159 secs] [Times: user=0.10 sys=0.00, real=0.10 secs] 
5.073: [Full GC (Allocation Failure) 5.073: [Tenured: 349296K->349388K(349568K), 0.1097855 secs] 505972K->374854K(506816K), [Metaspace: 2526K->2526K(1056768K)], 0.1098786 secs] [Times: user=0.11 sys=0.00, real=0.11 secs] 
5.250: [Full GC (Allocation Failure) 5.250: [Tenured: 349388K->349152K(349568K), 0.1209095 secs] 506389K->362180K(506816K), [Metaspace: 2526K->2526K(1056768K)], 0.1210083 secs] [Times: user=0.12 sys=0.00, real=0.12 secs] 
5.440: [Full GC (Allocation Failure) 5.440: [Tenured: 349556K->349512K(349568K), 0.0869920 secs] 506771K->381340K(506816K), [Metaspace: 2526K->2526K(1056768K)], 0.0870884 secs] [Times: user=0.09 sys=0.00, real=0.09 secs] 
5.594: [Full GC (Allocation Failure) 5.594: [Tenured: 349512K->349521K(349568K), 0.1059373 secs] 506663K->377999K(506816K), [Metaspace: 2526K->2526K(1056768K)], 0.1060533 secs] [Times: user=0.11 sys=0.00, real=0.11 secs] 
5.761: [Full GC (Allocation Failure) 5.761: [Tenured: 349548K->349381K(349568K), 0.1482207 secs] 506791K->383856K(506816K), [Metaspace: 2526K->2526K(1056768K)], 0.1483205 secs] [Times: user=0.12 sys=0.03, real=0.15 secs] 
5.995: [Full GC (Allocation Failure) 5.995: [Tenured: 349525K->349495K(349568K), 0.1454825 secs] 506769K->368628K(506816K), [Metaspace: 2526K->2526K(1056768K)], 0.1455776 secs] [Times: user=0.13 sys=0.01, real=0.15 secs] 
6.208: [Full GC (Allocation Failure) 6.208: [Tenured: 349495K->349559K(349568K), 0.0835425 secs] 506541K->386446K(506816K), [Metaspace: 2526K->2526K(1056768K)], 0.0836394 secs] [Times: user=0.08 sys=0.00, real=0.08 secs] 
6.349: [Full GC (Allocation Failure) 6.349: [Tenured: 349559K->349422K(349568K), 0.1031414 secs] 506421K->384594K(506816K), [Metaspace: 2526K->2526K(1056768K)], 0.1032455 secs] [Times: user=0.10 sys=0.00, real=0.10 secs] 
6.510: [Full GC (Allocation Failure) 6.510: [Tenured: 349422K->349410K(349568K), 0.1219081 secs] 506497K->392313K(506816K), [Metaspace: 2526K->2526K(1056768K)], 0.1220149 secs] [Times: user=0.12 sys=0.00, real=0.12 secs] 
6.688: [Full GC (Allocation Failure) 6.688: [Tenured: 349410K->349491K(349568K), 0.1238906 secs] 506397K->371722K(506816K), [Metaspace: 2526K->2526K(1056768K)], 0.1239931 secs] [Times: user=0.12 sys=0.00, real=0.12 secs] 
6.880: [Full GC (Allocation Failure) 6.880: [Tenured: 349491K->349401K(349568K), 0.0853467 secs] 506537K->386275K(506816K), [Metaspace: 2526K->2526K(1056768K)], 0.0854381 secs] [Times: user=0.08 sys=0.00, real=0.08 secs] 
7.023: [Full GC (Allocation Failure) 7.023: [Tenured: 349473K->349383K(349568K), 0.1166925 secs] 506697K->392942K(506816K), [Metaspace: 2526K->2526K(1056768K)], 0.1168180 secs] [Times: user=0.12 sys=0.00, real=0.12 secs] 
7.195: [Full GC (Allocation Failure) 7.195: [Tenured: 349428K->349455K(349568K), 0.1149972 secs] 506676K->400030K(506816K), [Metaspace: 2526K->2526K(1056768K)], 0.1151021 secs] [Times: user=0.12 sys=0.00, real=0.12 secs] 
7.362: [Full GC (Allocation Failure) 7.362: [Tenured: 349455K->349003K(349568K), 0.1287752 secs] 506566K->380362K(506816K), [Metaspace: 2526K->2526K(1056768K)], 0.1288675 secs] [Times: user=0.13 sys=0.00, real=0.13 secs] 
7.551: [Full GC (Allocation Failure) 7.551: [Tenured: 349368K->349507K(349568K), 0.0856354 secs] 506417K->401677K(506816K), [Metaspace: 2526K->2526K(1056768K)], 0.0857422 secs] [Times: user=0.08 sys=0.00, real=0.09 secs] 
7.690: [Full GC (Allocation Failure) 7.690: [Tenured: 349507K->349564K(349568K), 0.1003502 secs] 506322K->405012K(506816K), [Metaspace: 2526K->2526K(1056768K)], 0.1004567 secs] [Times: user=0.10 sys=0.00, real=0.10 secs] 
7.840: [Full GC (Allocation Failure) 7.840: [Tenured: 349564K->349450K(349568K), 0.1131469 secs] 506608K->407285K(506816K), [Metaspace: 2526K->2526K(1056768K)], 0.1132459 secs] [Times: user=0.11 sys=0.00, real=0.11 secs] 
8.004: [Full GC (Allocation Failure) 8.004: [Tenured: 349450K->349209K(349568K), 0.1317083 secs] 506638K->390048K(506816K), [Metaspace: 2526K->2526K(1056768K)], 0.1318161 secs] [Times: user=0.13 sys=0.00, real=0.13 secs] 
8.191: [Full GC (Allocation Failure) 8.191: [Tenured: 349434K->349454K(349568K), 0.0874200 secs] 506650K->407998K(506816K), [Metaspace: 2526K->2526K(1056768K)], 0.0875222 secs] [Times: user=0.08 sys=0.00, real=0.09 secs] 
8.324: [Full GC (Allocation Failure) 8.324: [Tenured: 349454K->349488K(349568K), 0.1807746 secs] 506405K->405931K(506816K), [Metaspace: 2526K->2526K(1056768K)], 0.1808951 secs] [Times: user=0.12 sys=0.06, real=0.18 secs] 
8.555: [Full GC (Allocation Failure) 8.555: [Tenured: 349488K->349428K(349568K), 0.1179403 secs] 506493K->401984K(506816K), [Metaspace: 2526K->2526K(1056768K)], 0.1180329 secs] [Times: user=0.12 sys=0.01, real=0.12 secs] 
8.727: [Full GC (Allocation Failure) 8.727: [Tenured: 349428K->349460K(349568K), 0.1294537 secs] 506600K->388281K(506816K), [Metaspace: 2526K->2526K(1056768K)], 0.1295522 secs] [Times: user=0.13 sys=0.00, real=0.13 secs] 
8.915: [Full GC (Allocation Failure) 8.915: [Tenured: 349460K->349498K(349568K), 0.0794120 secs] 506579K->404359K(506816K), [Metaspace: 2526K->2526K(1056768K)], 0.0795627 secs] [Times: user=0.07 sys=0.00, real=0.08 secs] 
9.046: [Full GC (Allocation Failure) 9.046: [Tenured: 349498K->349362K(349568K), 0.1151611 secs] 506651K->409664K(506816K), [Metaspace: 2526K->2526K(1056768K)], 0.1152923 secs] [Times: user=0.11 sys=0.00, real=0.12 secs] 
9.207: [Full GC (Allocation Failure) 9.207: [Tenured: 349506K->349140K(349568K), 0.1161762 secs] 506691K->411639K(506816K), [Metaspace: 2526K->2526K(1056768K)], 0.1162826 secs] [Times: user=0.11 sys=0.00, real=0.11 secs] 
9.370: [Full GC (Allocation Failure) 9.370: [Tenured: 349140K->349438K(349568K), 0.1311818 secs] 505844K->390988K(506816K), [Metaspace: 2526K->2526K(1056768K)], 0.1312765 secs] [Times: user=0.13 sys=0.00, real=0.13 secs] 
9.555: [Full GC (Allocation Failure) 9.555: [Tenured: 349438K->349286K(349568K), 0.0827966 secs] 506135K->404195K(506816K), [Metaspace: 2526K->2526K(1056768K)], 0.0829048 secs] [Times: user=0.09 sys=0.00, real=0.09 secs] 
9.687: [Full GC (Allocation Failure) 9.687: [Tenured: 349286K->349486K(349568K), 0.1083675 secs] 506315K->399056K(506816K), [Metaspace: 2526K->2526K(1056768K)], 0.1084824 secs] [Times: user=0.11 sys=0.00, real=0.10 secs] 
9.849: [Full GC (Allocation Failure) 9.849: [Tenured: 349486K->349549K(349568K), 0.1169417 secs] 506536K->401122K(506816K), [Metaspace: 2526K->2526K(1056768K)], 0.1170330 secs] [Times: user=0.11 sys=0.00, real=0.11 secs] 
10.019: [Full GC (Allocation Failure) 10.019: [Tenured: 349549K->349226K(349568K), 0.1386661 secs] 506777K->388204K(506816K), [Metaspace: 2526K->2526K(1056768K)], 0.1387913 secs] [Times: user=0.14 sys=0.00, real=0.14 secs] 
执行结束。共生成对象次数:30199
Heap
 def new generation   total 157248K, used 43921K [0x00000000e0000000, 0x00000000eaaa0000, 0x00000000eaaa0000)
  eden space 139776K,  31% used [0x00000000e0000000, 0x00000000e2ae44e8, 0x00000000e8880000)
  from space 17472K,   0% used [0x00000000e9990000, 0x00000000e9990000, 0x00000000eaaa0000)
  to   space 17472K,   0% used [0x00000000e8880000, 0x00000000e8880000, 0x00000000e9990000)
 tenured generation   total 349568K, used 349226K [0x00000000eaaa0000, 0x0000000100000000, 0x0000000100000000)
   the space 349568K,  99% used [0x00000000eaaa0000, 0x00000000fffaa8e8, 0x00000000fffaaa00, 0x0000000100000000)
 Metaspace       used 2533K, capacity 4486K, committed 4864K, reserved 1056768K
  class space    used 273K, capacity 386K, committed 512K, reserved 1048576K
开始执行.......
0.229: [GC (Allocation Failure) 0.229: [DefNew: 139776K->17472K(157248K), 0.0501913 secs] 139776K->43598K(506816K), 0.0503303 secs] [Times: user=0.03 sys=0.04, real=0.05 secs] 
0.347: [GC (Allocation Failure) 0.347: [DefNew: 157248K->17466K(157248K), 0.0731831 secs] 183374K->90409K(506816K), 0.0732789 secs] [Times: user=0.02 sys=0.05, real=0.08 secs] 
0.484: [GC (Allocation Failure) 0.484: [DefNew: 157242K->17472K(157248K), 0.0533368 secs] 230185K->129847K(506816K), 0.0534434 secs] [Times: user=0.02 sys=0.04, real=0.05 secs] 
0.606: [GC (Allocation Failure) 0.606: [DefNew: 157224K->17469K(157248K), 0.0566793 secs] 269599K->172927K(506816K), 0.0568013 secs] [Times: user=0.02 sys=0.03, real=0.06 secs] 
0.730: [GC (Allocation Failure) 0.730: [DefNew: 156938K->17470K(157248K), 0.0590495 secs] 312396K->217958K(506816K), 0.0591592 secs] [Times: user=0.02 sys=0.04, real=0.05 secs] 
0.864: [GC (Allocation Failure) 0.864: [DefNew: 157246K->17467K(157248K), 0.0527028 secs] 357734K->256639K(506816K), 0.0528029 secs] [Times: user=0.02 sys=0.03, real=0.05 secs] 
0.984: [GC (Allocation Failure) 0.984: [DefNew: 157243K->17471K(157248K), 0.0545550 secs] 396415K->297381K(506816K), 0.0546637 secs] [Times: user=0.02 sys=0.04, real=0.05 secs] 
1.108: [GC (Allocation Failure) 1.108: [DefNew: 157247K->17462K(157248K), 0.0589214 secs] 437157K->342041K(506816K), 0.0590271 secs] [Times: user=0.03 sys=0.03, real=0.06 secs] 
1.237: [GC (Allocation Failure) 1.237: [DefNew: 157238K->157238K(157248K), 0.0000470 secs]1.237: [Tenured: 324578K->270335K(349568K), 0.0870060 secs] 481817K->270335K(506816K), [Metaspace: 2526K->2526K(1056768K)], 0.0872184 secs] [Times: user=0.08 sys=0.00, real=0.09 secs] 
1.388: [GC (Allocation Failure) 1.388: [DefNew: 139776K->17471K(157248K), 0.0193784 secs] 410111K->316941K(506816K), 0.0194933 secs] [Times: user=0.02 sys=0.00, real=0.02 secs] 
1.458: [GC (Allocation Failure) 1.458: [DefNew: 157247K->17471K(157248K), 0.0382925 secs] 456717K->359387K(506816K), 0.0384029 secs] [Times: user=0.02 sys=0.01, real=0.04 secs] 
1.564: [GC (Allocation Failure) 1.564: [DefNew: 156798K->156798K(157248K), 0.0000500 secs]1.564: [Tenured: 341915K->298980K(349568K), 0.0958892 secs] 498714K->298980K(506816K), [Metaspace: 2526K->2526K(1056768K)], 0.0960721 secs] [Times: user=0.10 sys=0.00, real=0.10 secs] 
1.743: [GC (Allocation Failure) 1.743: [DefNew: 139776K->17469K(157248K), 0.0912885 secs] 438756K->344293K(506816K), 0.0913937 secs] [Times: user=0.03 sys=0.07, real=0.09 secs] 
1.903: [GC (Allocation Failure) 1.903: [DefNew: 157245K->157245K(157248K), 0.0000469 secs]1.903: [Tenured: 326823K->326881K(349568K), 0.1269523 secs] 484069K->326881K(506816K), [Metaspace: 2526K->2526K(1056768K)], 0.1271212 secs] [Times: user=0.11 sys=0.02, real=0.13 secs] 
2.076: [GC (Allocation Failure) 2.076: [DefNew: 139776K->139776K(157248K), 0.0000499 secs]2.076: [Tenured: 326881K->318908K(349568K), 0.1578889 secs] 466657K->318908K(506816K), [Metaspace: 2526K->2526K(1056768K)], 0.1580537 secs] [Times: user=0.12 sys=0.04, real=0.16 secs] 
2.279: [GC (Allocation Failure) 2.279: [DefNew: 139776K->139776K(157248K), 0.0000525 secs]2.279: [Tenured: 318908K->349153K(349568K), 0.1120677 secs] 458684K->352278K(506816K), [Metaspace: 2526K->2526K(1056768K)], 0.1122381 secs] [Times: user=0.10 sys=0.02, real=0.12 secs] 
2.444: [Full GC (Allocation Failure) 2.444: [Tenured: 349508K->349418K(349568K), 0.1117091 secs] 506754K->351277K(506816K), [Metaspace: 2526K->2526K(1056768K)], 0.1118205 secs] [Times: user=0.10 sys=0.01, real=0.11 secs] 
2.602: [Full GC (Allocation Failure) 2.602: [Tenured: 349418K->349065K(349568K), 0.0907933 secs] 506423K->362910K(506816K), [Metaspace: 2526K->2526K(1056768K)], 0.0908667 secs] [Times: user=0.09 sys=0.00, real=0.09 secs] 
2.734: [Full GC (Allocation Failure) 2.734: [Tenured: 349065K->349389K(349568K), 0.1070823 secs] 506147K->352654K(506816K), [Metaspace: 2526K->2526K(1056768K)], 0.1071797 secs] [Times: user=0.10 sys=0.00, real=0.11 secs] 
2.915: [Full GC (Allocation Failure) 2.915: [Tenured: 349389K->349342K(349568K), 0.0814666 secs] 506440K->373214K(506816K), [Metaspace: 2526K->2526K(1056768K)], 0.0815682 secs] [Times: user=0.07 sys=0.01, real=0.08 secs] 
3.058: [Full GC (Allocation Failure) 3.058: [Tenured: 349532K->349361K(349568K), 0.0945341 secs] 506727K->375397K(506816K), [Metaspace: 2526K->2526K(1056768K)], 0.0946307 secs] [Times: user=0.10 sys=0.00, real=0.10 secs] 
3.200: [Full GC (Allocation Failure) 3.200: [Tenured: 349361K->349283K(349568K), 0.0946187 secs] 506425K->382792K(506816K), [Metaspace: 2526K->2526K(1056768K)], 0.0946989 secs] [Times: user=0.10 sys=0.00, real=0.09 secs] 
3.358: [Full GC (Allocation Failure) 3.358: [Tenured: 349283K->349191K(349568K), 0.1207530 secs] 506218K->372830K(506816K), [Metaspace: 2526K->2526K(1056768K)], 0.1208673 secs] [Times: user=0.12 sys=0.00, real=0.13 secs] 
3.544: [Full GC (Allocation Failure) 3.544: [Tenured: 349191K->349440K(349568K), 0.0874215 secs] 506271K->392626K(506816K), [Metaspace: 2526K->2526K(1056768K)], 0.0875510 secs] [Times: user=0.09 sys=0.00, real=0.09 secs] 
3.688: [Full GC (Allocation Failure) 3.688: [Tenured: 349440K->349294K(349568K), 0.1014776 secs] 506629K->390392K(506816K), [Metaspace: 2526K->2526K(1056768K)], 0.1015939 secs] [Times: user=0.10 sys=0.00, real=0.11 secs] 
3.855: [Full GC (Allocation Failure) 3.855: [Tenured: 349294K->349385K(349568K), 0.1107644 secs] 506122K->388004K(506816K), [Metaspace: 2526K->2526K(1056768K)], 0.1108722 secs] [Times: user=0.11 sys=0.00, real=0.11 secs] 
4.024: [Full GC (Allocation Failure) 4.024: [Tenured: 349385K->349004K(349568K), 0.1283086 secs] 506373K->383049K(506816K), [Metaspace: 2526K->2526K(1056768K)], 0.1284175 secs] [Times: user=0.13 sys=0.00, real=0.13 secs] 
4.211: [Full GC (Allocation Failure) 4.211: [Tenured: 349376K->348939K(349568K), 0.0871980 secs] 506536K->402338K(506816K), [Metaspace: 2526K->2526K(1056768K)], 0.0873081 secs] [Times: user=0.09 sys=0.00, real=0.08 secs] 
4.352: [Full GC (Allocation Failure) 4.352: [Tenured: 349497K->349383K(349568K), 0.1102067 secs] 506743K->403733K(506816K), [Metaspace: 2526K->2526K(1056768K)], 0.1103127 secs] [Times: user=0.11 sys=0.00, real=0.11 secs] 
4.516: [Full GC (Allocation Failure) 4.516: [Tenured: 349383K->349383K(349568K), 0.1163324 secs] 506556K->401331K(506816K), [Metaspace: 2526K->2526K(1056768K)], 0.1164658 secs] [Times: user=0.11 sys=0.00, real=0.12 secs] 
4.680: [Full GC (Allocation Failure) 4.680: [Tenured: 349383K->348909K(349568K), 0.1217983 secs] 505978K->383205K(506816K), [Metaspace: 2526K->2526K(1056768K)], 0.1218960 secs] [Times: user=0.12 sys=0.00, real=0.12 secs] 
4.841: [Full GC (Allocation Failure) 4.841: [Tenured: 348909K->349496K(349568K), 0.0758043 secs] 505627K->403583K(506816K), [Metaspace: 2526K->2526K(1056768K)], 0.0759160 secs] [Times: user=0.08 sys=0.00, real=0.07 secs] 
4.954: [Full GC (Allocation Failure) 4.954: [Tenured: 349496K->349465K(349568K), 0.1076041 secs] 506729K->408908K(506816K), [Metaspace: 2526K->2526K(1056768K)], 0.1077105 secs] [Times: user=0.10 sys=0.00, real=0.11 secs] 
5.113: [Full GC (Allocation Failure) 5.114: [Tenured: 349465K->349500K(349568K), 0.1368634 secs] 506677K->408140K(506816K), [Metaspace: 2526K->2526K(1056768K)], 0.1369703 secs] [Times: user=0.12 sys=0.02, real=0.14 secs] 
5.332: [Full GC (Allocation Failure) 5.332: [Tenured: 349500K->349397K(349568K), 0.1644306 secs] 506684K->385864K(506816K), [Metaspace: 2526K->2526K(1056768K)], 0.1645320 secs] [Times: user=0.13 sys=0.03, real=0.16 secs] 
5.555: [Full GC (Allocation Failure) 5.555: [Tenured: 349397K->349486K(349568K), 0.0916587 secs] 506397K->396418K(506816K), [Metaspace: 2526K->2526K(1056768K)], 0.0917644 secs] [Times: user=0.09 sys=0.00, real=0.09 secs] 
5.702: [Full GC (Allocation Failure) 5.702: [Tenured: 349486K->349491K(349568K), 0.1072662 secs] 506071K->397335K(506816K), [Metaspace: 2526K->2526K(1056768K)], 0.1073748 secs] [Times: user=0.11 sys=0.00, real=0.11 secs] 
5.863: [Full GC (Allocation Failure) 5.863: [Tenured: 349491K->349519K(349568K), 0.1070045 secs] 506591K->396735K(506816K), [Metaspace: 2526K->2526K(1056768K)], 0.1071099 secs] [Times: user=0.11 sys=0.00, real=0.11 secs] 
6.022: [Full GC (Allocation Failure) 6.022: [Tenured: 349519K->349549K(349568K), 0.1199804 secs] 506557K->379967K(506816K), [Metaspace: 2526K->2526K(1056768K)], 0.1200722 secs] [Times: user=0.12 sys=0.00, real=0.12 secs] 
6.202: [Full GC (Allocation Failure) 6.202: [Tenured: 349549K->349322K(349568K), 0.0853010 secs] 506773K->394819K(506816K), [Metaspace: 2526K->2526K(1056768K)], 0.0853998 secs] [Times: user=0.07 sys=0.01, real=0.08 secs] 
6.351: [Full GC (Allocation Failure) 6.351: [Tenured: 349561K->348957K(349568K), 0.1538342 secs] 506802K->395835K(506816K), [Metaspace: 2526K->2526K(1056768K)], 0.1539425 secs] [Times: user=0.11 sys=0.04, real=0.15 secs] 
6.561: [Full GC (Allocation Failure) 6.561: [Tenured: 349426K->349350K(349568K), 0.1150827 secs] 506671K->396453K(506816K), [Metaspace: 2526K->2526K(1056768K)], 0.1152004 secs] [Times: user=0.12 sys=0.00, real=0.11 secs] 
6.727: [Full GC (Allocation Failure) 6.727: [Tenured: 349350K->348967K(349568K), 0.1291892 secs] 506448K->376106K(506816K), [Metaspace: 2526K->2526K(1056768K)], 0.1292996 secs] [Times: user=0.12 sys=0.00, real=0.13 secs] 
6.920: [Full GC (Allocation Failure) 6.920: [Tenured: 349530K->349080K(349568K), 0.0851234 secs] 506765K->391986K(506816K), [Metaspace: 2526K->2526K(1056768K)], 0.0852319 secs] [Times: user=0.08 sys=0.00, real=0.08 secs] 
7.062: [Full GC (Allocation Failure) 7.062: [Tenured: 349458K->349364K(349568K), 0.1122386 secs] 506680K->397832K(506816K), [Metaspace: 2526K->2526K(1056768K)], 0.1123782 secs] [Times: user=0.11 sys=0.00, real=0.11 secs] 
7.230: [Full GC (Allocation Failure) 7.230: [Tenured: 349548K->349391K(349568K), 0.1191797 secs] 506764K->394820K(506816K), [Metaspace: 2526K->2526K(1056768K)], 0.1193096 secs] [Times: user=0.12 sys=0.00, real=0.12 secs] 
7.405: [Full GC (Allocation Failure) 7.405: [Tenured: 349391K->349503K(349568K), 0.1255730 secs] 506355K->374543K(506816K), [Metaspace: 2526K->2526K(1056768K)], 0.1256831 secs] [Times: user=0.13 sys=0.00, real=0.13 secs] 
7.594: [Full GC (Allocation Failure) 7.594: [Tenured: 349503K->349384K(349568K), 0.0834636 secs] 506723K->393630K(506816K), [Metaspace: 2526K->2526K(1056768K)], 0.0835746 secs] [Times: user=0.09 sys=0.00, real=0.08 secs] 
7.730: [Full GC (Allocation Failure) 7.730: [Tenured: 349384K->349500K(349568K), 0.1116219 secs] 506585K->390157K(506816K), [Metaspace: 2526K->2526K(1056768K)], 0.1117395 secs] [Times: user=0.11 sys=0.00, real=0.11 secs] 
7.898: [Full GC (Allocation Failure) 7.898: [Tenured: 349500K->349551K(349568K), 0.1143005 secs] 506734K->390836K(506816K), [Metaspace: 2526K->2526K(1056768K)], 0.1144142 secs] [Times: user=0.12 sys=0.01, real=0.12 secs] 
8.071: [Full GC (Allocation Failure) 8.071: [Tenured: 349551K->349466K(349568K), 0.1252908 secs] 506778K->371252K(506816K), [Metaspace: 2526K->2526K(1056768K)], 0.1253958 secs] [Times: user=0.12 sys=0.00, real=0.12 secs] 
8.259: [Full GC (Allocation Failure) 8.259: [Tenured: 349466K->349407K(349568K), 0.1011378 secs] 506418K->392010K(506816K), [Metaspace: 2526K->2526K(1056768K)], 0.1012504 secs] [Times: user=0.11 sys=0.00, real=0.11 secs] 
8.416: [Full GC (Allocation Failure) 8.416: [Tenured: 349547K->349505K(349568K), 0.1076083 secs] 506794K->394332K(506816K), [Metaspace: 2526K->2526K(1056768K)], 0.1077387 secs] [Times: user=0.11 sys=0.00, real=0.11 secs] 
8.577: [Full GC (Allocation Failure) 8.577: [Tenured: 349541K->349449K(349568K), 0.1149583 secs] 506765K->394296K(506816K), [Metaspace: 2526K->2526K(1056768K)], 0.1150856 secs] [Times: user=0.11 sys=0.00, real=0.12 secs] 
8.747: [Full GC (Allocation Failure) 8.747: [Tenured: 349495K->349340K(349568K), 0.1300573 secs] 506704K->379547K(506816K), [Metaspace: 2526K->2526K(1056768K)], 0.1301687 secs] [Times: user=0.13 sys=0.00, real=0.13 secs] 
8.941: [Full GC (Allocation Failure) 8.941: [Tenured: 349399K->349461K(349568K), 0.0833579 secs] 506600K->400111K(506816K), [Metaspace: 2526K->2526K(1056768K)], 0.0834732 secs] [Times: user=0.09 sys=0.00, real=0.08 secs] 
9.077: [Full GC (Allocation Failure) 9.077: [Tenured: 349515K->349511K(349568K), 0.1038027 secs] 506754K->397938K(506816K), [Metaspace: 2526K->2526K(1056768K)], 0.1039191 secs] [Times: user=0.10 sys=0.00, real=0.11 secs] 
9.233: [Full GC (Allocation Failure) 9.233: [Tenured: 349511K->349381K(349568K), 0.2015583 secs] 506491K->397255K(506816K), [Metaspace: 2526K->2526K(1056768K)], 0.2016636 secs] [Times: user=0.13 sys=0.08, real=0.20 secs] 
9.533: [Full GC (Allocation Failure) 9.533: [Tenured: 349537K->349079K(349568K), 0.1571188 secs] 506778K->379444K(506816K), [Metaspace: 2526K->2526K(1056768K)], 0.1572219 secs] [Times: user=0.14 sys=0.02, real=0.16 secs] 
9.756: [Full GC (Allocation Failure) 9.756: [Tenured: 349493K->349378K(349568K), 0.0868164 secs] 506660K->399524K(506816K), [Metaspace: 2526K->2526K(1056768K)], 0.0869405 secs] [Times: user=0.09 sys=0.00, real=0.09 secs] 
9.897: [Full GC (Allocation Failure) 9.897: [Tenured: 349522K->349521K(349568K), 0.1004383 secs] 506649K->394985K(506816K), [Metaspace: 2526K->2526K(1056768K)], 0.1005612 secs] [Times: user=0.10 sys=0.00, real=0.10 secs] 
10.051: [Full GC (Allocation Failure) 10.051: [Tenured: 349521K->349203K(349568K), 0.1109418 secs] 506753K->395255K(506816K), [Metaspace: 2526K->2526K(1056768K)], 0.1110568 secs] [Times: user=0.11 sys=0.00, real=0.11 secs] 
执行结束。共生成对象次数:28983
Heap
 def new generation   total 157248K, used 51460K [0x00000000e0000000, 0x00000000eaaa0000, 0x00000000eaaa0000)
  eden space 139776K,  36% used [0x00000000e0000000, 0x00000000e3241358, 0x00000000e8880000)
  from space 17472K,   0% used [0x00000000e9990000, 0x00000000e9990000, 0x00000000eaaa0000)
  to   space 17472K,   0% used [0x00000000e8880000, 0x00000000e8880000, 0x00000000e9990000)
 tenured generation   total 349568K, used 349203K [0x00000000eaaa0000, 0x0000000100000000, 0x0000000100000000)
   the space 349568K,  99% used [0x00000000eaaa0000, 0x00000000fffa4fe0, 0x00000000fffa5000, 0x0000000100000000)
 Metaspace       used 2533K, capacity 4486K, committed 4864K, reserved 1056768K
  class space    used 273K, capacity 386K, committed 512K, reserved 1048576K
开始执行.......
0.231: [GC (Allocation Failure) 0.231: [DefNew: 139776K->17472K(157248K), 0.0496222 secs] 139776K->46140K(506816K), 0.0497685 secs] [Times: user=0.03 sys=0.03, real=0.05 secs] 
0.331: [GC (Allocation Failure) 0.331: [DefNew: 157248K->17472K(157248K), 0.0687981 secs] 185916K->88526K(506816K), 0.0688948 secs] [Times: user=0.03 sys=0.04, real=0.07 secs] 
0.458: [GC (Allocation Failure) 0.458: [DefNew: 157248K->17470K(157248K), 0.0578202 secs] 228302K->132802K(506816K), 0.0579264 secs] [Times: user=0.01 sys=0.04, real=0.06 secs] 
0.591: [GC (Allocation Failure) 0.591: [DefNew: 157246K->17470K(157248K), 0.0567167 secs] 272578K->176025K(506816K), 0.0568174 secs] [Times: user=0.02 sys=0.04, real=0.06 secs] 
0.715: [GC (Allocation Failure) 0.715: [DefNew: 157246K->17470K(157248K), 0.0589124 secs] 315801K->220870K(506816K), 0.0590202 secs] [Times: user=0.02 sys=0.04, real=0.05 secs] 
0.841: [GC (Allocation Failure) 0.841: [DefNew: 157246K->17471K(157248K), 0.0644176 secs] 360646K->271114K(506816K), 0.0645229 secs] [Times: user=0.04 sys=0.03, real=0.07 secs] 
0.972: [GC (Allocation Failure) 0.972: [DefNew: 157247K->17468K(157248K), 0.0571178 secs] 410890K->314361K(506816K), 0.0572269 secs] [Times: user=0.02 sys=0.04, real=0.06 secs] 
1.101: [GC (Allocation Failure) 1.101: [DefNew: 157244K->157244K(157248K), 0.0000482 secs]1.101: [Tenured: 296893K->264280K(349568K), 0.0838733 secs] 454137K->264280K(506816K), [Metaspace: 2526K->2526K(1056768K)], 0.0840519 secs] [Times: user=0.08 sys=0.00, real=0.09 secs] 
1.247: [GC (Allocation Failure) 1.247: [DefNew: 139749K->17470K(157248K), 0.0201315 secs] 404029K->312780K(506816K), 0.0202371 secs] [Times: user=0.02 sys=0.00, real=0.02 secs] 
1.317: [GC (Allocation Failure) 1.317: [DefNew: 157246K->17471K(157248K), 0.0609273 secs] 452556K->361666K(506816K), 0.0610680 secs] [Times: user=0.03 sys=0.03, real=0.06 secs] 
1.442: [GC (Allocation Failure) 1.442: [DefNew: 157247K->157247K(157248K), 0.0000488 secs]1.442: [Tenured: 344194K->310672K(349568K), 0.1012832 secs] 501442K->310672K(506816K), [Metaspace: 2526K->2526K(1056768K)], 0.1014614 secs] [Times: user=0.10 sys=0.00, real=0.10 secs] 
1.603: [GC (Allocation Failure) 1.603: [DefNew: 139758K->139758K(157248K), 0.0000519 secs]1.603: [Tenured: 310672K->322735K(349568K), 0.0991283 secs] 450430K->322735K(506816K), [Metaspace: 2526K->2526K(1056768K)], 0.0992960 secs] [Times: user=0.10 sys=0.00, real=0.10 secs] 
1.746: [GC (Allocation Failure) 1.746: [DefNew: 139546K->139546K(157248K), 0.0000504 secs]1.746: [Tenured: 322735K->320847K(349568K), 0.1078114 secs] 462282K->320847K(506816K), [Metaspace: 2526K->2526K(1056768K)], 0.1079819 secs] [Times: user=0.11 sys=0.00, real=0.10 secs] 
1.904: [GC (Allocation Failure) 1.904: [DefNew: 139776K->139776K(157248K), 0.0000672 secs]1.904: [Tenured: 320847K->343878K(349568K), 0.1354651 secs] 460623K->343878K(506816K), [Metaspace: 2526K->2526K(1056768K)], 0.1356654 secs] [Times: user=0.07 sys=0.07, real=0.14 secs] 
2.114: [GC (Allocation Failure) 2.114: [DefNew: 139485K->139485K(157248K), 0.0000548 secs]2.114: [Tenured: 343878K->349559K(349568K), 0.0989478 secs] 483363K->350024K(506816K), [Metaspace: 2526K->2526K(1056768K)], 0.0991399 secs] [Times: user=0.09 sys=0.01, real=0.10 secs] 
2.284: [Full GC (Allocation Failure) 2.284: [Tenured: 349559K->349494K(349568K), 0.1053229 secs] 506794K->356795K(506816K), [Metaspace: 2526K->2526K(1056768K)], 0.1054454 secs] [Times: user=0.10 sys=0.01, real=0.11 secs] 
2.451: [Full GC (Allocation Failure) 2.451: [Tenured: 349494K->347227K(349568K), 0.1499244 secs] 506730K->347227K(506816K), [Metaspace: 2526K->2526K(1056768K)], 0.1500514 secs] [Times: user=0.11 sys=0.03, real=0.15 secs] 
2.671: [GC (Allocation Failure) 2.671: [DefNew: 139776K->139776K(157248K), 0.0000505 secs]2.671: [Tenured: 347227K->349437K(349568K), 0.1125302 secs] 487003K->365723K(506816K), [Metaspace: 2526K->2526K(1056768K)], 0.1127025 secs] [Times: user=0.09 sys=0.03, real=0.11 secs] 
2.853: [Full GC (Allocation Failure) 2.853: [Tenured: 349437K->349514K(349568K), 0.1155730 secs] 506198K->366325K(506816K), [Metaspace: 2526K->2526K(1056768K)], 0.1156810 secs] [Times: user=0.09 sys=0.03, real=0.12 secs] 
3.032: [Full GC (Allocation Failure) 3.032: [Tenured: 349514K->349566K(349568K), 0.0956548 secs] 506725K->369376K(506816K), [Metaspace: 2526K->2526K(1056768K)], 0.0957425 secs] [Times: user=0.10 sys=0.00, real=0.10 secs] 
3.199: [Full GC (Allocation Failure) 3.199: [Tenured: 349566K->349399K(349568K), 0.1241820 secs] 506807K->352027K(506816K), [Metaspace: 2526K->2526K(1056768K)], 0.1243572 secs] [Times: user=0.11 sys=0.01, real=0.12 secs] 
3.395: [Full GC (Allocation Failure) 3.395: [Tenured: 349399K->348989K(349568K), 0.0787955 secs] 506185K->373825K(506816K), [Metaspace: 2526K->2526K(1056768K)], 0.0789022 secs] [Times: user=0.08 sys=0.00, real=0.07 secs] 
3.536: [Full GC (Allocation Failure) 3.536: [Tenured: 349529K->349524K(349568K), 0.1004923 secs] 506777K->377646K(506816K), [Metaspace: 2526K->2526K(1056768K)], 0.1005962 secs] [Times: user=0.11 sys=0.00, real=0.10 secs] 
3.704: [Full GC (Allocation Failure) 3.704: [Tenured: 349524K->349567K(349568K), 0.1071263 secs] 506740K->379349K(506816K), [Metaspace: 2526K->2526K(1056768K)], 0.1072308 secs] [Times: user=0.11 sys=0.00, real=0.10 secs] 
3.875: [Full GC (Allocation Failure) 3.875: [Tenured: 349567K->349567K(349568K), 0.1214216 secs] 506781K->363143K(506816K), [Metaspace: 2526K->2526K(1056768K)], 0.1215285 secs] [Times: user=0.12 sys=0.00, real=0.12 secs] 
4.073: [Full GC (Allocation Failure) 4.073: [Tenured: 349567K->349465K(349568K), 0.0980383 secs] 506773K->381937K(506816K), [Metaspace: 2526K->2526K(1056768K)], 0.0981475 secs] [Times: user=0.10 sys=0.00, real=0.10 secs] 
4.236: [Full GC (Allocation Failure) 4.236: [Tenured: 349537K->349543K(349568K), 0.1089113 secs] 506772K->381649K(506816K), [Metaspace: 2526K->2526K(1056768K)], 0.1090229 secs] [Times: user=0.11 sys=0.00, real=0.11 secs] 
4.407: [Full GC (Allocation Failure) 4.407: [Tenured: 349543K->349499K(349568K), 0.1109816 secs] 506774K->383574K(506816K), [Metaspace: 2526K->2526K(1056768K)], 0.1110802 secs] [Times: user=0.12 sys=0.00, real=0.11 secs] 
4.557: [Full GC (Allocation Failure) 4.557: [Tenured: 349553K->349261K(349568K), 0.1114528 secs] 506784K->369175K(506816K), [Metaspace: 2526K->2526K(1056768K)], 0.1115321 secs] [Times: user=0.12 sys=0.00, real=0.11 secs] 
4.734: [Full GC (Allocation Failure) 4.734: [Tenured: 349261K->349439K(349568K), 0.0819766 secs] 506348K->389327K(506816K), [Metaspace: 2526K->2526K(1056768K)], 0.0820789 secs] [Times: user=0.08 sys=0.00, real=0.09 secs] 
4.871: [Full GC (Allocation Failure) 4.871: [Tenured: 349439K->349185K(349568K), 0.1050966 secs] 506596K->389021K(506816K), [Metaspace: 2526K->2526K(1056768K)], 0.1051956 secs] [Times: user=0.10 sys=0.00, real=0.11 secs] 
5.035: [Full GC (Allocation Failure) 5.035: [Tenured: 349546K->349541K(349568K), 0.1159524 secs] 506792K->383312K(506816K), [Metaspace: 2526K->2526K(1056768K)], 0.1160587 secs] [Times: user=0.12 sys=0.00, real=0.11 secs] 
5.213: [Full GC (Allocation Failure) 5.213: [Tenured: 349541K->349486K(349568K), 0.1214855 secs] 506732K->363339K(506816K), [Metaspace: 2526K->2526K(1056768K)], 0.1215941 secs] [Times: user=0.12 sys=0.00, real=0.13 secs] 
5.407: [Full GC (Allocation Failure) 5.407: [Tenured: 349558K->349516K(349568K), 0.0801142 secs] 506738K->381165K(506816K), [Metaspace: 2526K->2526K(1056768K)], 0.0802271 secs] [Times: user=0.08 sys=0.00, real=0.08 secs] 
5.548: [Full GC (Allocation Failure) 5.548: [Tenured: 349516K->349241K(349568K), 0.1113079 secs] 506763K->389006K(506816K), [Metaspace: 2526K->2526K(1056768K)], 0.1114279 secs] [Times: user=0.12 sys=0.00, real=0.11 secs] 
5.719: [Full GC (Allocation Failure) 5.719: [Tenured: 349534K->349509K(349568K), 0.1099488 secs] 506771K->379900K(506816K), [Metaspace: 2526K->2526K(1056768K)], 0.1100568 secs] [Times: user=0.11 sys=0.00, real=0.11 secs] 
5.912: [Full GC (Allocation Failure) 5.912: [Tenured: 349509K->349363K(349568K), 0.1674316 secs] 506734K->358986K(506816K), [Metaspace: 2526K->2526K(1056768K)], 0.1675384 secs] [Times: user=0.13 sys=0.04, real=0.17 secs] 
6.173: [Full GC (Allocation Failure) 6.173: [Tenured: 349363K->349276K(349568K), 0.0854154 secs] 506392K->374035K(506816K), [Metaspace: 2526K->2526K(1056768K)], 0.0855106 secs] [Times: user=0.09 sys=0.00, real=0.09 secs] 
6.323: [Full GC (Allocation Failure) 6.323: [Tenured: 349420K->349526K(349568K), 0.1028220 secs] 506602K->378995K(506816K), [Metaspace: 2526K->2526K(1056768K)], 0.1029217 secs] [Times: user=0.10 sys=0.00, real=0.11 secs] 
6.488: [Full GC (Allocation Failure) 6.488: [Tenured: 349526K->349180K(349568K), 0.1192751 secs] 506754K->380824K(506816K), [Metaspace: 2526K->2526K(1056768K)], 0.1193893 secs] [Times: user=0.12 sys=0.00, real=0.12 secs] 
6.668: [Full GC (Allocation Failure) 6.668: [Tenured: 349468K->349461K(349568K), 0.1224157 secs] 506651K->363622K(506816K), [Metaspace: 2526K->2526K(1056768K)], 0.1225305 secs] [Times: user=0.13 sys=0.00, real=0.12 secs] 
6.858: [Full GC (Allocation Failure) 6.858: [Tenured: 349540K->349525K(349568K), 0.0826664 secs] 506725K->380453K(506816K), [Metaspace: 2526K->2526K(1056768K)], 0.0827793 secs] [Times: user=0.09 sys=0.00, real=0.08 secs] 
6.999: [Full GC (Allocation Failure) 6.999: [Tenured: 349525K->349501K(349568K), 0.1092701 secs] 506732K->386563K(506816K), [Metaspace: 2526K->2526K(1056768K)], 0.1093957 secs] [Times: user=0.11 sys=0.00, real=0.11 secs] 
7.167: [Full GC (Allocation Failure) 7.167: [Tenured: 349501K->349329K(349568K), 0.1109161 secs] 506080K->386879K(506816K), [Metaspace: 2526K->2526K(1056768K)], 0.1110353 secs] [Times: user=0.11 sys=0.00, real=0.11 secs] 
7.337: [Full GC (Allocation Failure) 7.337: [Tenured: 349533K->349114K(349568K), 0.1265712 secs] 506778K->371516K(506816K), [Metaspace: 2526K->2526K(1056768K)], 0.1266987 secs] [Times: user=0.13 sys=0.00, real=0.13 secs] 
7.530: [Full GC (Allocation Failure) 7.530: [Tenured: 349295K->349456K(349568K), 0.0878812 secs] 506526K->391282K(506816K), [Metaspace: 2526K->2526K(1056768K)], 0.0880009 secs] [Times: user=0.08 sys=0.00, real=0.09 secs] 
7.677: [Full GC (Allocation Failure) 7.677: [Tenured: 349456K->349144K(349568K), 0.1067599 secs] 506671K->389464K(506816K), [Metaspace: 2526K->2526K(1056768K)], 0.1068770 secs] [Times: user=0.11 sys=0.00, real=0.11 secs] 
7.839: [Full GC (Allocation Failure) 7.839: [Tenured: 349442K->349510K(349568K), 0.1157098 secs] 506587K->386499K(506816K), [Metaspace: 2526K->2526K(1056768K)], 0.1158222 secs] [Times: user=0.12 sys=0.00, real=0.12 secs] 
8.014: [Full GC (Allocation Failure) 8.014: [Tenured: 349510K->349512K(349568K), 0.1235282 secs] 506617K->361741K(506816K), [Metaspace: 2526K->2526K(1056768K)], 0.1236384 secs] [Times: user=0.12 sys=0.00, real=0.13 secs] 
8.209: [Full GC (Allocation Failure) 8.209: [Tenured: 349512K->349157K(349568K), 0.0828265 secs] 506599K->387399K(506816K), [Metaspace: 2526K->2526K(1056768K)], 0.0829430 secs] [Times: user=0.09 sys=0.00, real=0.08 secs] 
8.350: [Full GC (Allocation Failure) 8.350: [Tenured: 349157K->349523K(349568K), 0.1802511 secs] 506206K->385761K(506816K), [Metaspace: 2526K->2526K(1056768K)], 0.1803563 secs] [Times: user=0.12 sys=0.06, real=0.18 secs] 
8.589: [Full GC (Allocation Failure) 8.589: [Tenured: 349523K->349160K(349568K), 0.1093617 secs] 506632K->385172K(506816K), [Metaspace: 2526K->2526K(1056768K)], 0.1094795 secs] [Times: user=0.11 sys=0.00, real=0.11 secs] 
8.757: [Full GC (Allocation Failure) 8.757: [Tenured: 349427K->349475K(349568K), 0.1254012 secs] 506622K->372591K(506816K), [Metaspace: 2526K->2526K(1056768K)], 0.1255094 secs] [Times: user=0.13 sys=0.00, real=0.12 secs] 
8.945: [Full GC (Allocation Failure) 8.945: [Tenured: 349475K->349021K(349568K), 0.0840295 secs] 506653K->386110K(506816K), [Metaspace: 2526K->2526K(1056768K)], 0.0841396 secs] [Times: user=0.09 sys=0.00, real=0.08 secs] 
9.089: [Full GC (Allocation Failure) 9.089: [Tenured: 349062K->349337K(349568K), 0.1049391 secs] 506269K->386317K(506816K), [Metaspace: 2526K->2526K(1056768K)], 0.1050470 secs] [Times: user=0.10 sys=0.00, real=0.10 secs] 
9.250: [Full GC (Allocation Failure) 9.250: [Tenured: 349337K->349480K(349568K), 0.1153554 secs] 506397K->388089K(506816K), [Metaspace: 2526K->2526K(1056768K)], 0.1154862 secs] [Times: user=0.11 sys=0.00, real=0.12 secs] 
9.425: [Full GC (Allocation Failure) 9.425: [Tenured: 349480K->349501K(349568K), 0.1245557 secs] 506489K->369713K(506816K), [Metaspace: 2526K->2526K(1056768K)], 0.1246663 secs] [Times: user=0.13 sys=0.00, real=0.12 secs] 
9.615: [Full GC (Allocation Failure) 9.615: [Tenured: 349501K->349261K(349568K), 0.0836920 secs] 506744K->381539K(506816K), [Metaspace: 2526K->2526K(1056768K)], 0.0838038 secs] [Times: user=0.08 sys=0.00, real=0.08 secs] 
9.759: [Full GC (Allocation Failure) 9.759: [Tenured: 349261K->349490K(349568K), 0.1068741 secs] 506213K->384156K(506816K), [Metaspace: 2526K->2526K(1056768K)], 0.1070071 secs] [Times: user=0.11 sys=0.00, real=0.11 secs] 
9.927: [Full GC (Allocation Failure) 9.927: [Tenured: 349490K->349436K(349568K), 0.1111011 secs] 506704K->383761K(506816K), [Metaspace: 2526K->2526K(1056768K)], 0.1112146 secs] [Times: user=0.11 sys=0.00, real=0.11 secs] 
10.101: [Full GC (Allocation Failure) 10.101: [Tenured: 349436K->349537K(349568K), 0.1255303 secs] 506518K->372925K(506816K), [Metaspace: 2526K->2526K(1056768K)], 0.1256423 secs] [Times: user=0.13 sys=0.01, real=0.13 secs] 
执行结束。共生成对象次数:30552
Heap
 def new generation   total 157248K, used 29133K [0x00000000e0000000, 0x00000000eaaa0000, 0x00000000eaaa0000)
  eden space 139776K,  20% used [0x00000000e0000000, 0x00000000e1c734b0, 0x00000000e8880000)
  from space 17472K,   0% used [0x00000000e9990000, 0x00000000e9990000, 0x00000000eaaa0000)
  to   space 17472K,   0% used [0x00000000e8880000, 0x00000000e8880000, 0x00000000e9990000)
 tenured generation   total 349568K, used 349537K [0x00000000eaaa0000, 0x0000000100000000, 0x0000000100000000)
   the space 349568K,  99% used [0x00000000eaaa0000, 0x00000000ffff8528, 0x00000000ffff8600, 0x0000000100000000)
 Metaspace       used 2533K, capacity 4486K, committed 4864K, reserved 1056768K
  class space    used 273K, capacity 386K, committed 512K, reserved 1048576K
开始执行.......
0.225: [GC (Allocation Failure) 0.225: [DefNew: 139493K->17472K(157248K), 0.0527939 secs] 139493K->40602K(506816K), 0.0529472 secs] [Times: user=0.04 sys=0.04, real=0.05 secs] 
0.340: [GC (Allocation Failure) 0.340: [DefNew: 157248K->17471K(157248K), 0.0728215 secs] 180378K->86648K(506816K), 0.0729231 secs] [Times: user=0.03 sys=0.05, real=0.07 secs] 
0.477: [GC (Allocation Failure) 0.477: [DefNew: 157247K->17471K(157248K), 0.0625621 secs] 226424K->135721K(506816K), 0.0626701 secs] [Times: user=0.03 sys=0.04, real=0.07 secs] 
0.582: [GC (Allocation Failure) 0.583: [DefNew: 157247K->17471K(157248K), 0.0599504 secs] 275497K->181764K(506816K), 0.0600688 secs] [Times: user=0.02 sys=0.03, real=0.06 secs] 
0.698: [GC (Allocation Failure) 0.698: [DefNew: 157247K->17470K(157248K), 0.0619724 secs] 321540K->228666K(506816K), 0.0620936 secs] [Times: user=0.02 sys=0.05, real=0.07 secs] 
0.826: [GC (Allocation Failure) 0.826: [DefNew: 157246K->17470K(157248K), 0.0604295 secs] 368442K->275054K(506816K), 0.0605449 secs] [Times: user=0.03 sys=0.03, real=0.06 secs] 
0.950: [GC (Allocation Failure) 0.951: [DefNew: 157246K->17471K(157248K), 0.0570430 secs] 414830K->318042K(506816K), 0.0571540 secs] [Times: user=0.03 sys=0.04, real=0.05 secs] 
1.072: [GC (Allocation Failure) 1.072: [DefNew: 157247K->157247K(157248K), 0.0000533 secs]1.072: [Tenured: 300571K->269139K(349568K), 0.0853268 secs] 457818K->269139K(506816K), [Metaspace: 2526K->2526K(1056768K)], 0.0855457 secs] [Times: user=0.09 sys=0.00, real=0.08 secs] 
1.221: [GC (Allocation Failure) 1.221: [DefNew: 139627K->17471K(157248K), 0.0168560 secs] 408767K->310758K(506816K), 0.0169518 secs] [Times: user=0.02 sys=0.00, real=0.01 secs] 
1.283: [GC (Allocation Failure) 1.283: [DefNew: 157247K->17470K(157248K), 0.0542869 secs] 450534K->358739K(506816K), 0.0543919 secs] [Times: user=0.03 sys=0.03, real=0.05 secs] 
1.383: [GC (Allocation Failure) 1.383: [DefNew: 157099K->157099K(157248K), 0.0000459 secs]1.383: [Tenured: 341268K->302412K(349568K), 0.0949470 secs] 498368K->302412K(506816K), [Metaspace: 2526K->2526K(1056768K)], 0.0951166 secs] [Times: user=0.10 sys=0.00, real=0.09 secs] 
1.520: [GC (Allocation Failure) 1.520: [DefNew: 139776K->139776K(157248K), 0.0000762 secs]1.520: [Tenured: 302412K->312006K(349568K), 0.0952009 secs] 442188K->312006K(506816K), [Metaspace: 2526K->2526K(1056768K)], 0.0953970 secs] [Times: user=0.10 sys=0.00, real=0.09 secs] 
1.658: [GC (Allocation Failure) 1.658: [DefNew: 139776K->139776K(157248K), 0.0000490 secs]1.658: [Tenured: 312006K->306837K(349568K), 0.1028678 secs] 451782K->306837K(506816K), [Metaspace: 2526K->2526K(1056768K)], 0.1030606 secs] [Times: user=0.10 sys=0.00, real=0.11 secs] 
1.805: [GC (Allocation Failure) 1.805: [DefNew: 139776K->139776K(157248K), 0.0000493 secs]1.805: [Tenured: 306837K->332740K(349568K), 0.0584152 secs] 446613K->332740K(506816K), [Metaspace: 2526K->2526K(1056768K)], 0.0586062 secs] [Times: user=0.06 sys=0.00, real=0.06 secs] 
1.906: [GC (Allocation Failure) 1.906: [DefNew: 139613K->139613K(157248K), 0.0000488 secs]1.906: [Tenured: 332740K->345962K(349568K), 0.1426412 secs] 472353K->345962K(506816K), [Metaspace: 2526K->2526K(1056768K)], 0.1427961 secs] [Times: user=0.08 sys=0.06, real=0.14 secs] 
2.118: [GC (Allocation Failure) 2.118: [DefNew: 139776K->139776K(157248K), 0.0000238 secs]2.118: [Tenured: 345962K->339966K(349568K), 0.0901152 secs] 485738K->339966K(506816K), [Metaspace: 2526K->2526K(1056768K)], 0.0902100 secs] [Times: user=0.09 sys=0.00, real=0.09 secs] 
2.248: [GC (Allocation Failure) 2.248: [DefNew: 139776K->139776K(157248K), 0.0000235 secs]2.248: [Tenured: 339966K->326906K(349568K), 0.1110064 secs] 479742K->326906K(506816K), [Metaspace: 2526K->2526K(1056768K)], 0.1111055 secs] [Times: user=0.10 sys=0.01, real=0.12 secs] 
2.426: [GC (Allocation Failure) 2.426: [DefNew: 139776K->139776K(157248K), 0.0000440 secs]2.427: [Tenured: 326906K->349497K(349568K), 0.0735132 secs] 466682K->351663K(506816K), [Metaspace: 2526K->2526K(1056768K)], 0.0736740 secs] [Times: user=0.07 sys=0.00, real=0.08 secs] 
2.600: [Full GC (Allocation Failure) 2.600: [Tenured: 349497K->349331K(349568K), 0.0936032 secs] 506530K->361580K(506816K), [Metaspace: 2526K->2526K(1056768K)], 0.0936919 secs] [Times: user=0.10 sys=0.00, real=0.09 secs] 
2.738: [Full GC (Allocation Failure) 2.738: [Tenured: 349411K->348927K(349568K), 0.1776631 secs] 506636K->363132K(506816K), [Metaspace: 2526K->2526K(1056768K)], 0.1777642 secs] [Times: user=0.13 sys=0.05, real=0.18 secs] 
2.990: [Full GC (Allocation Failure) 2.990: [Tenured: 349482K->345208K(349568K), 0.1360800 secs] 506725K->345208K(506816K), [Metaspace: 2526K->2526K(1056768K)], 0.1361841 secs] [Times: user=0.13 sys=0.01, real=0.13 secs] 
3.191: [GC (Allocation Failure) 3.191: [DefNew: 139597K->139597K(157248K), 0.0000494 secs]3.191: [Tenured: 345208K->349548K(349568K), 0.0863071 secs] 484806K->362892K(506816K), [Metaspace: 2526K->2526K(1056768K)], 0.0864795 secs] [Times: user=0.09 sys=0.00, real=0.08 secs] 
3.347: [Full GC (Allocation Failure) 3.347: [Tenured: 349548K->349268K(349568K), 0.0945484 secs] 506671K->367303K(506816K), [Metaspace: 2526K->2526K(1056768K)], 0.0946528 secs] [Times: user=0.09 sys=0.00, real=0.10 secs] 
3.510: [Full GC (Allocation Failure) 3.510: [Tenured: 349268K->349437K(349568K), 0.1102865 secs] 506487K->373532K(506816K), [Metaspace: 2526K->2526K(1056768K)], 0.1104302 secs] [Times: user=0.11 sys=0.00, real=0.11 secs] 
3.683: [Full GC (Allocation Failure) 3.683: [Tenured: 349437K->349313K(349568K), 0.1273205 secs] 506389K->358097K(506816K), [Metaspace: 2526K->2526K(1056768K)], 0.1274310 secs] [Times: user=0.12 sys=0.01, real=0.13 secs] 
3.880: [Full GC (Allocation Failure) 3.880: [Tenured: 349422K->349499K(349568K), 0.0856995 secs] 506664K->380158K(506816K), [Metaspace: 2526K->2526K(1056768K)], 0.0858161 secs] [Times: user=0.08 sys=0.00, real=0.08 secs] 
4.025: [Full GC (Allocation Failure) 4.025: [Tenured: 349499K->349365K(349568K), 0.1035384 secs] 506698K->382807K(506816K), [Metaspace: 2526K->2526K(1056768K)], 0.1036712 secs] [Times: user=0.11 sys=0.01, real=0.10 secs] 
4.191: [Full GC (Allocation Failure) 4.191: [Tenured: 349365K->349508K(349568K), 0.1024836 secs] 506407K->378546K(506816K), [Metaspace: 2526K->2526K(1056768K)], 0.1026073 secs] [Times: user=0.10 sys=0.00, real=0.10 secs] 
4.347: [Full GC (Allocation Failure) 4.347: [Tenured: 349508K->349242K(349568K), 0.1218334 secs] 506640K->367890K(506816K), [Metaspace: 2526K->2526K(1056768K)], 0.1219273 secs] [Times: user=0.13 sys=0.00, real=0.13 secs] 
4.535: [Full GC (Allocation Failure) 4.535: [Tenured: 349530K->349498K(349568K), 0.0773736 secs] 506661K->391352K(506816K), [Metaspace: 2526K->2526K(1056768K)], 0.0774674 secs] [Times: user=0.08 sys=0.00, real=0.08 secs] 
4.670: [Full GC (Allocation Failure) 4.670: [Tenured: 349498K->349101K(349568K), 0.1059343 secs] 506524K->387394K(506816K), [Metaspace: 2526K->2526K(1056768K)], 0.1060456 secs] [Times: user=0.10 sys=0.00, real=0.10 secs] 
4.839: [Full GC (Allocation Failure) 4.839: [Tenured: 349456K->349558K(349568K), 0.1087202 secs] 506660K->383626K(506816K), [Metaspace: 2526K->2526K(1056768K)], 0.1088349 secs] [Times: user=0.11 sys=0.00, real=0.11 secs] 
5.008: [Full GC (Allocation Failure) 5.008: [Tenured: 349558K->349257K(349568K), 0.1228143 secs] 506771K->363791K(506816K), [Metaspace: 2526K->2526K(1056768K)], 0.1229225 secs] [Times: user=0.13 sys=0.00, real=0.13 secs] 
5.193: [Full GC (Allocation Failure) 5.193: [Tenured: 349257K->349114K(349568K), 0.0932701 secs] 505826K->383479K(506816K), [Metaspace: 2526K->2526K(1056768K)], 0.0933920 secs] [Times: user=0.09 sys=0.00, real=0.09 secs] 
5.329: [Full GC (Allocation Failure) 5.329: [Tenured: 349454K->349485K(349568K), 0.0961548 secs] 506661K->376180K(506816K), [Metaspace: 2526K->2526K(1056768K)], 0.0962436 secs] [Times: user=0.10 sys=0.00, real=0.10 secs] 
5.464: [Full GC (Allocation Failure) 5.464: [Tenured: 349557K->349066K(349568K), 0.0988760 secs] 506796K->381272K(506816K), [Metaspace: 2526K->2526K(1056768K)], 0.0989788 secs] [Times: user=0.10 sys=0.00, real=0.10 secs] 
5.615: [Full GC (Allocation Failure) 5.615: [Tenured: 349066K->349363K(349568K), 0.1058838 secs] 505883K->357144K(506816K), [Metaspace: 2526K->2526K(1056768K)], 0.1059705 secs] [Times: user=0.10 sys=0.00, real=0.11 secs] 
5.783: [Full GC (Allocation Failure) 5.783: [Tenured: 349435K->349369K(349568K), 0.1005723 secs] 506672K->383987K(506816K), [Metaspace: 2526K->2526K(1056768K)], 0.1006605 secs] [Times: user=0.09 sys=0.01, real=0.10 secs] 
5.944: [Full GC (Allocation Failure) 5.944: [Tenured: 349369K->349378K(349568K), 0.0914499 secs] 506389K->387612K(506816K), [Metaspace: 2526K->2526K(1056768K)], 0.0915236 secs] [Times: user=0.09 sys=0.00, real=0.09 secs] 
6.071: [Full GC (Allocation Failure) 6.071: [Tenured: 349378K->349522K(349568K), 0.1049370 secs] 506539K->400118K(506816K), [Metaspace: 2526K->2526K(1056768K)], 0.1050482 secs] [Times: user=0.10 sys=0.00, real=0.10 secs] 
6.209: [Full GC (Allocation Failure) 6.209: [Tenured: 349522K->349551K(349568K), 0.1254258 secs] 506602K->379654K(506816K), [Metaspace: 2526K->2526K(1056768K)], 0.1255157 secs] [Times: user=0.12 sys=0.01, real=0.13 secs] 
6.380: [Full GC (Allocation Failure) 6.380: [Tenured: 349551K->349341K(349568K), 0.0712289 secs] 506795K->397412K(506816K), [Metaspace: 2526K->2526K(1056768K)], 0.0713131 secs] [Times: user=0.07 sys=0.00, real=0.07 secs] 
6.491: [Full GC (Allocation Failure) 6.491: [Tenured: 349341K->349359K(349568K), 0.0955265 secs] 506352K->398231K(506816K), [Metaspace: 2526K->2526K(1056768K)], 0.0956135 secs] [Times: user=0.09 sys=0.00, real=0.09 secs] 
6.638: [Full GC (Allocation Failure) 6.638: [Tenured: 349431K->349492K(349568K), 0.1100115 secs] 506668K->405374K(506816K), [Metaspace: 2526K->2526K(1056768K)], 0.1100976 secs] [Times: user=0.11 sys=0.00, real=0.11 secs] 
6.798: [Full GC (Allocation Failure) 6.798: [Tenured: 349492K->349409K(349568K), 0.1300657 secs] 506428K->387126K(506816K), [Metaspace: 2526K->2526K(1056768K)], 0.1301891 secs] [Times: user=0.13 sys=0.00, real=0.13 secs] 
6.985: [Full GC (Allocation Failure) 6.985: [Tenured: 349553K->349249K(349568K), 0.0902109 secs] 506786K->402147K(506816K), [Metaspace: 2526K->2526K(1056768K)], 0.0903224 secs] [Times: user=0.09 sys=0.00, real=0.09 secs] 
7.130: [Full GC (Allocation Failure) 7.130: [Tenured: 349560K->349458K(349568K), 0.1045012 secs] 506807K->399231K(506816K), [Metaspace: 2526K->2526K(1056768K)], 0.1046133 secs] [Times: user=0.10 sys=0.00, real=0.10 secs] 
7.293: [Full GC (Allocation Failure) 7.293: [Tenured: 349458K->349522K(349568K), 0.1132294 secs] 506494K->394714K(506816K), [Metaspace: 2526K->2526K(1056768K)], 0.1133565 secs] [Times: user=0.11 sys=0.00, real=0.11 secs] 
7.461: [Full GC (Allocation Failure) 7.461: [Tenured: 349522K->349541K(349568K), 0.1271183 secs] 506415K->376883K(506816K), [Metaspace: 2526K->2526K(1056768K)], 0.1272247 secs] [Times: user=0.12 sys=0.00, real=0.12 secs] 
7.649: [Full GC (Allocation Failure) 7.650: [Tenured: 349541K->349463K(349568K), 0.0899104 secs] 506762K->396735K(506816K), [Metaspace: 2526K->2526K(1056768K)], 0.0900213 secs] [Times: user=0.09 sys=0.00, real=0.09 secs] 
7.802: [Full GC (Allocation Failure) 7.802: [Tenured: 349463K->349277K(349568K), 0.1073032 secs] 506472K->392164K(506816K), [Metaspace: 2526K->2526K(1056768K)], 0.1074093 secs] [Times: user=0.10 sys=0.00, real=0.11 secs] 
7.964: [Full GC (Allocation Failure) 7.964: [Tenured: 349405K->349547K(349568K), 0.1168127 secs] 506582K->396387K(506816K), [Metaspace: 2526K->2526K(1056768K)], 0.1169208 secs] [Times: user=0.11 sys=0.00, real=0.12 secs] 
8.135: [Full GC (Allocation Failure) 8.135: [Tenured: 349547K->349117K(349568K), 0.2069148 secs] 506667K->382125K(506816K), [Metaspace: 2526K->2526K(1056768K)], 0.2070250 secs] [Times: user=0.14 sys=0.06, real=0.21 secs] 
8.403: [Full GC (Allocation Failure) 8.403: [Tenured: 349117K->349557K(349568K), 0.0913074 secs] 506286K->401420K(506816K), [Metaspace: 2526K->2526K(1056768K)], 0.0914179 secs] [Times: user=0.09 sys=0.00, real=0.09 secs] 
8.546: [Full GC (Allocation Failure) 8.546: [Tenured: 349557K->349470K(349568K), 0.1064989 secs] 506796K->404865K(506816K), [Metaspace: 2526K->2526K(1056768K)], 0.1066105 secs] [Times: user=0.10 sys=0.00, real=0.11 secs] 
8.701: [Full GC (Allocation Failure) 8.701: [Tenured: 349470K->349327K(349568K), 0.1250602 secs] 506617K->405835K(506816K), [Metaspace: 2526K->2526K(1056768K)], 0.1251804 secs] [Times: user=0.13 sys=0.00, real=0.12 secs] 
8.878: [Full GC (Allocation Failure) 8.878: [Tenured: 349450K->349035K(349568K), 0.1296541 secs] 506664K->384923K(506816K), [Metaspace: 2526K->2526K(1056768K)], 0.1297804 secs] [Times: user=0.13 sys=0.00, real=0.13 secs] 
9.066: [Full GC (Allocation Failure) 9.066: [Tenured: 349552K->349505K(349568K), 0.0879337 secs] 506799K->398883K(506816K), [Metaspace: 2526K->2526K(1056768K)], 0.0880418 secs] [Times: user=0.08 sys=0.00, real=0.09 secs] 
9.206: [Full GC (Allocation Failure) 9.206: [Tenured: 349505K->349490K(349568K), 0.1193156 secs] 506540K->400917K(506816K), [Metaspace: 2526K->2526K(1056768K)], 0.1194394 secs] [Times: user=0.12 sys=0.00, real=0.12 secs] 
9.379: [Full GC (Allocation Failure) 9.379: [Tenured: 349564K->349351K(349568K), 0.1178523 secs] 506787K->400139K(506816K), [Metaspace: 2526K->2526K(1056768K)], 0.1179693 secs] [Times: user=0.12 sys=0.00, real=0.11 secs] 
9.549: [Full GC (Allocation Failure) 9.549: [Tenured: 349351K->349520K(349568K), 0.1286589 secs] 506486K->382044K(506816K), [Metaspace: 2526K->2526K(1056768K)], 0.1287696 secs] [Times: user=0.13 sys=0.00, real=0.12 secs] 
9.738: [Full GC (Allocation Failure) 9.739: [Tenured: 349520K->349543K(349568K), 0.0860083 secs] 506759K->392562K(506816K), [Metaspace: 2526K->2526K(1056768K)], 0.0861252 secs] [Times: user=0.08 sys=0.00, real=0.09 secs] 
9.880: [Full GC (Allocation Failure) 9.880: [Tenured: 349543K->349564K(349568K), 0.1066491 secs] 506476K->391412K(506816K), [Metaspace: 2526K->2526K(1056768K)], 0.1067683 secs] [Times: user=0.11 sys=0.00, real=0.10 secs] 
10.042: [Full GC (Allocation Failure) 10.042: [Tenured: 349564K->349384K(349568K), 0.1669467 secs] 506700K->389036K(506816K), [Metaspace: 2526K->2526K(1056768K)], 0.1670553 secs] [Times: user=0.11 sys=0.05, real=0.16 secs] 
执行结束。共生成对象次数:30872
Heap
 def new generation   total 157248K, used 44908K [0x00000000e0000000, 0x00000000eaaa0000, 0x00000000eaaa0000)
  eden space 139776K,  32% used [0x00000000e0000000, 0x00000000e2bdb3c8, 0x00000000e8880000)
  from space 17472K,   0% used [0x00000000e9990000, 0x00000000e9990000, 0x00000000eaaa0000)
  to   space 17472K,   0% used [0x00000000e8880000, 0x00000000e8880000, 0x00000000e9990000)
 tenured generation   total 349568K, used 349384K [0x00000000eaaa0000, 0x0000000100000000, 0x0000000100000000)
   the space 349568K,  99% used [0x00000000eaaa0000, 0x00000000fffd23b0, 0x00000000fffd2400, 0x0000000100000000)
 Metaspace       used 2533K, capacity 4486K, committed 4864K, reserved 1056768K
  class space    used 273K, capacity 386K, committed 512K, reserved 1048576K
开始执行.......
0.232: [GC (Allocation Failure) 0.232: [DefNew: 139776K->17472K(157248K), 0.0539046 secs] 139776K->48080K(506816K), 0.0540436 secs] [Times: user=0.04 sys=0.04, real=0.06 secs] 
0.335: [GC (Allocation Failure) 0.335: [DefNew: 157248K->17465K(157248K), 0.0710603 secs] 187856K->96847K(506816K), 0.0711516 secs] [Times: user=0.03 sys=0.04, real=0.07 secs] 
0.445: [GC (Allocation Failure) 0.445: [DefNew: 157241K->17470K(157248K), 0.0648465 secs] 236623K->142155K(506816K), 0.0649523 secs] [Times: user=0.02 sys=0.04, real=0.06 secs] 
0.576: [GC (Allocation Failure) 0.576: [DefNew: 157104K->17471K(157248K), 0.0533399 secs] 281789K->182713K(506816K), 0.0534467 secs] [Times: user=0.02 sys=0.04, real=0.05 secs] 
0.691: [GC (Allocation Failure) 0.691: [DefNew: 156982K->17470K(157248K), 0.0587845 secs] 322224K->227695K(506816K), 0.0588926 secs] [Times: user=0.02 sys=0.03, real=0.06 secs] 
0.810: [GC (Allocation Failure) 0.810: [DefNew: 157246K->17470K(157248K), 0.0583844 secs] 367471K->272227K(506816K), 0.0584852 secs] [Times: user=0.02 sys=0.04, real=0.06 secs] 
0.937: [GC (Allocation Failure) 0.937: [DefNew: 157246K->17472K(157248K), 0.0576832 secs] 412003K->312610K(506816K), 0.0577921 secs] [Times: user=0.02 sys=0.03, real=0.06 secs] 
1.054: [GC (Allocation Failure) 1.055: [DefNew: 157248K->17471K(157248K), 0.0530091 secs] 452386K->353787K(506816K), 0.0531133 secs] [Times: user=0.02 sys=0.03, real=0.06 secs] 
1.151: [GC (Allocation Failure) 1.151: [DefNew: 157193K->157193K(157248K), 0.0000464 secs]1.151: [Tenured: 336315K->262986K(349568K), 0.0829744 secs] 493508K->262986K(506816K), [Metaspace: 2526K->2526K(1056768K)], 0.0831521 secs] [Times: user=0.08 sys=0.00, real=0.08 secs] 
1.277: [GC (Allocation Failure) 1.277: [DefNew: 139776K->17471K(157248K), 0.0171889 secs] 402762K->306576K(506816K), 0.0172992 secs] [Times: user=0.02 sys=0.00, real=0.01 secs] 
1.338: [GC (Allocation Failure) 1.338: [DefNew: 157247K->17469K(157248K), 0.0244296 secs] 446352K->351985K(506816K), 0.0245297 secs] [Times: user=0.03 sys=0.00, real=0.02 secs] 
1.407: [GC (Allocation Failure) 1.407: [DefNew: 157245K->157245K(157248K), 0.0000470 secs]1.407: [Tenured: 334515K->300289K(349568K), 0.0999511 secs] 491761K->300289K(506816K), [Metaspace: 2526K->2526K(1056768K)], 0.1001428 secs] [Times: user=0.10 sys=0.00, real=0.10 secs] 
1.551: [GC (Allocation Failure) 1.551: [DefNew: 139260K->17470K(157248K), 0.0205929 secs] 439550K->352698K(506816K), 0.0207013 secs] [Times: user=0.02 sys=0.00, real=0.02 secs] 
1.615: [GC (Allocation Failure) 1.615: [DefNew: 157246K->157246K(157248K), 0.0000483 secs]1.615: [Tenured: 335228K->324699K(349568K), 0.1019620 secs] 492474K->324699K(506816K), [Metaspace: 2526K->2526K(1056768K)], 0.1021655 secs] [Times: user=0.10 sys=0.00, real=0.10 secs] 
1.768: [GC (Allocation Failure) 1.768: [DefNew: 139320K->139320K(157248K), 0.0000276 secs]1.768: [Tenured: 324699K->320656K(349568K), 0.0941847 secs] 464019K->320656K(506816K), [Metaspace: 2526K->2526K(1056768K)], 0.0942934 secs] [Times: user=0.10 sys=0.00, real=0.09 secs] 
1.907: [GC (Allocation Failure) 1.907: [DefNew: 139776K->139776K(157248K), 0.0000419 secs]1.907: [Tenured: 320656K->348704K(349568K), 0.0798650 secs] 460432K->348704K(506816K), [Metaspace: 2526K->2526K(1056768K)], 0.0800266 secs] [Times: user=0.07 sys=0.01, real=0.08 secs] 
2.087: [GC (Allocation Failure) 2.087: [DefNew: 139776K->139776K(157248K), 0.0000632 secs]2.087: [Tenured: 348704K->349456K(349568K), 0.1175813 secs] 488480K->353194K(506816K), [Metaspace: 2526K->2526K(1056768K)], 0.1177690 secs] [Times: user=0.09 sys=0.03, real=0.12 secs] 
2.310: [Full GC (Allocation Failure) 2.310: [Tenured: 349456K->349563K(349568K), 0.1119613 secs] 506127K->355811K(506816K), [Metaspace: 2526K->2526K(1056768K)], 0.1120665 secs] [Times: user=0.11 sys=0.00, real=0.11 secs] 
2.471: [Full GC (Allocation Failure) 2.471: [Tenured: 349563K->344395K(349568K), 0.1662272 secs] 506554K->344395K(506816K), [Metaspace: 2526K->2526K(1056768K)], 0.1663320 secs] [Times: user=0.13 sys=0.03, real=0.17 secs] 
2.703: [GC (Allocation Failure) 2.703: [DefNew: 139776K->139776K(157248K), 0.0000523 secs]2.703: [Tenured: 344395K->349518K(349568K), 0.1139811 secs] 484171K->365018K(506816K), [Metaspace: 2526K->2526K(1056768K)], 0.1141467 secs] [Times: user=0.08 sys=0.03, real=0.12 secs] 
2.887: [Full GC (Allocation Failure) 2.887: [Tenured: 349554K->349521K(349568K), 0.1240185 secs] 506796K->372874K(506816K), [Metaspace: 2526K->2526K(1056768K)], 0.1241369 secs] [Times: user=0.10 sys=0.02, real=0.12 secs] 
3.075: [Full GC (Allocation Failure) 3.075: [Tenured: 349521K->349139K(349568K), 0.1015111 secs] 506755K->378365K(506816K), [Metaspace: 2526K->2526K(1056768K)], 0.1016333 secs] [Times: user=0.10 sys=0.00, real=0.11 secs] 
3.238: [Full GC (Allocation Failure) 3.238: [Tenured: 349427K->349368K(349568K), 0.1125889 secs] 506606K->363570K(506816K), [Metaspace: 2526K->2526K(1056768K)], 0.1127061 secs] [Times: user=0.11 sys=0.00, real=0.11 secs] 
3.421: [Full GC (Allocation Failure) 3.421: [Tenured: 349368K->349232K(349568K), 0.0994151 secs] 506195K->376786K(506816K), [Metaspace: 2526K->2526K(1056768K)], 0.0995124 secs] [Times: user=0.09 sys=0.01, real=0.10 secs] 
3.583: [Full GC (Allocation Failure) 3.583: [Tenured: 349520K->349187K(349568K), 0.1108141 secs] 506590K->382087K(506816K), [Metaspace: 2526K->2526K(1056768K)], 0.1109270 secs] [Times: user=0.11 sys=0.00, real=0.11 secs] 
3.756: [Full GC (Allocation Failure) 3.756: [Tenured: 349501K->349343K(349568K), 0.1155622 secs] 506733K->383753K(506816K), [Metaspace: 2526K->2526K(1056768K)], 0.1156679 secs] [Times: user=0.11 sys=0.00, real=0.11 secs] 
3.927: [Full GC (Allocation Failure) 3.927: [Tenured: 349559K->349324K(349568K), 0.1220832 secs] 506759K->376060K(506816K), [Metaspace: 2526K->2526K(1056768K)], 0.1221951 secs] [Times: user=0.12 sys=0.00, real=0.12 secs] 
4.108: [Full GC (Allocation Failure) 4.108: [Tenured: 349324K->349377K(349568K), 0.0780847 secs] 506286K->389577K(506816K), [Metaspace: 2526K->2526K(1056768K)], 0.0781581 secs] [Times: user=0.08 sys=0.00, real=0.08 secs] 
4.244: [Full GC (Allocation Failure) 4.244: [Tenured: 349377K->349499K(349568K), 0.1092636 secs] 506411K->395949K(506816K), [Metaspace: 2526K->2526K(1056768K)], 0.1093612 secs] [Times: user=0.11 sys=0.00, real=0.11 secs] 
4.406: [Full GC (Allocation Failure) 4.406: [Tenured: 349499K->349395K(349568K), 0.1286214 secs] 506727K->397917K(506816K), [Metaspace: 2526K->2526K(1056768K)], 0.1287320 secs] [Times: user=0.13 sys=0.00, real=0.13 secs] 
4.594: [Full GC (Allocation Failure) 4.595: [Tenured: 349395K->349489K(349568K), 0.1287267 secs] 506594K->378877K(506816K), [Metaspace: 2526K->2526K(1056768K)], 0.1288375 secs] [Times: user=0.13 sys=0.00, real=0.13 secs] 
4.781: [Full GC (Allocation Failure) 4.782: [Tenured: 349489K->349390K(349568K), 0.1008448 secs] 506527K->401161K(506816K), [Metaspace: 2526K->2526K(1056768K)], 0.1009532 secs] [Times: user=0.10 sys=0.00, real=0.10 secs] 
4.933: [Full GC (Allocation Failure) 4.933: [Tenured: 349390K->349218K(349568K), 0.1191423 secs] 506460K->397197K(506816K), [Metaspace: 2526K->2526K(1056768K)], 0.1192529 secs] [Times: user=0.12 sys=0.00, real=0.12 secs] 
5.105: [Full GC (Allocation Failure) 5.105: [Tenured: 349218K->349145K(349568K), 0.1039745 secs] 506179K->402789K(506816K), [Metaspace: 2526K->2526K(1056768K)], 0.1040760 secs] [Times: user=0.10 sys=0.00, real=0.10 secs] 
5.261: [Full GC (Allocation Failure) 5.261: [Tenured: 349145K->349158K(349568K), 0.1261859 secs] 506213K->386293K(506816K), [Metaspace: 2526K->2526K(1056768K)], 0.1262812 secs] [Times: user=0.13 sys=0.00, real=0.13 secs] 
5.493: [Full GC (Allocation Failure) 5.493: [Tenured: 349496K->349360K(349568K), 0.1076372 secs] 506733K->404918K(506816K), [Metaspace: 2526K->2526K(1056768K)], 0.1077447 secs] [Times: user=0.10 sys=0.02, real=0.11 secs] 
5.653: [Full GC (Allocation Failure) 5.653: [Tenured: 349360K->349214K(349568K), 0.1073919 secs] 506134K->402349K(506816K), [Metaspace: 2526K->2526K(1056768K)], 0.1075018 secs] [Times: user=0.10 sys=0.00, real=0.11 secs] 
5.810: [Full GC (Allocation Failure) 5.810: [Tenured: 349500K->349530K(349568K), 0.1221201 secs] 506728K->407991K(506816K), [Metaspace: 2526K->2526K(1056768K)], 0.1222205 secs] [Times: user=0.12 sys=0.00, real=0.12 secs] 
5.986: [Full GC (Allocation Failure) 5.986: [Tenured: 349530K->349537K(349568K), 0.1617712 secs] 506774K->393991K(506816K), [Metaspace: 2526K->2526K(1056768K)], 0.1618866 secs] [Times: user=0.14 sys=0.03, real=0.16 secs] 
6.206: [Full GC (Allocation Failure) 6.206: [Tenured: 349537K->349512K(349568K), 0.0894350 secs] 506779K->414239K(506816K), [Metaspace: 2526K->2526K(1056768K)], 0.0895469 secs] [Times: user=0.09 sys=0.00, real=0.09 secs] 
6.342: [Full GC (Allocation Failure) 6.342: [Tenured: 349512K->349553K(349568K), 0.1185470 secs] 506719K->415954K(506816K), [Metaspace: 2526K->2526K(1056768K)], 0.1186792 secs] [Times: user=0.12 sys=0.00, real=0.12 secs] 
6.509: [Full GC (Allocation Failure) 6.509: [Tenured: 349553K->349511K(349568K), 0.1235802 secs] 506534K->416438K(506816K), [Metaspace: 2526K->2526K(1056768K)], 0.1236870 secs] [Times: user=0.13 sys=0.00, real=0.12 secs] 
6.674: [Full GC (Allocation Failure) 6.674: [Tenured: 349511K->348972K(349568K), 0.1345960 secs] 506632K->393534K(506816K), [Metaspace: 2526K->2526K(1056768K)], 0.1346999 secs] [Times: user=0.13 sys=0.00, real=0.14 secs] 
6.863: [Full GC (Allocation Failure) 6.863: [Tenured: 349201K->349380K(349568K), 0.1015722 secs] 506432K->411030K(506816K), [Metaspace: 2526K->2526K(1056768K)], 0.1016768 secs] [Times: user=0.10 sys=0.00, real=0.10 secs] 
7.013: [Full GC (Allocation Failure) 7.013: [Tenured: 349452K->349388K(349568K), 0.0998997 secs] 506690K->404685K(506816K), [Metaspace: 2526K->2526K(1056768K)], 0.1000050 secs] [Times: user=0.10 sys=0.00, real=0.10 secs] 
7.164: [Full GC (Allocation Failure) 7.164: [Tenured: 349388K->349440K(349568K), 0.1079925 secs] 506607K->405041K(506816K), [Metaspace: 2526K->2526K(1056768K)], 0.1080876 secs] [Times: user=0.11 sys=0.00, real=0.11 secs] 
7.322: [Full GC (Allocation Failure) 7.322: [Tenured: 349440K->349502K(349568K), 0.1168016 secs] 506306K->384841K(506816K), [Metaspace: 2526K->2526K(1056768K)], 0.1169089 secs] [Times: user=0.11 sys=0.00, real=0.12 secs] 
7.506: [Full GC (Allocation Failure) 7.506: [Tenured: 349502K->349509K(349568K), 0.0960747 secs] 506614K->398500K(506816K), [Metaspace: 2526K->2526K(1056768K)], 0.0961729 secs] [Times: user=0.10 sys=0.00, real=0.09 secs] 
7.657: [Full GC (Allocation Failure) 7.657: [Tenured: 349509K->349521K(349568K), 0.1101876 secs] 506172K->386767K(506816K), [Metaspace: 2526K->2526K(1056768K)], 0.1102959 secs] [Times: user=0.11 sys=0.00, real=0.11 secs] 
7.823: [Full GC (Allocation Failure) 7.823: [Tenured: 349521K->349476K(349568K), 0.1174614 secs] 506674K->388488K(506816K), [Metaspace: 2526K->2526K(1056768K)], 0.1175687 secs] [Times: user=0.12 sys=0.00, real=0.12 secs] 
7.998: [Full GC (Allocation Failure) 7.998: [Tenured: 349566K->349397K(349568K), 0.1280374 secs] 506811K->376902K(506816K), [Metaspace: 2526K->2526K(1056768K)], 0.1281528 secs] [Times: user=0.13 sys=0.00, real=0.13 secs] 
8.188: [Full GC (Allocation Failure) 8.188: [Tenured: 349397K->349461K(349568K), 0.0783590 secs] 506572K->398040K(506816K), [Metaspace: 2526K->2526K(1056768K)], 0.0784723 secs] [Times: user=0.08 sys=0.00, real=0.08 secs] 
8.317: [Full GC (Allocation Failure) 8.317: [Tenured: 349497K->349387K(349568K), 0.1005375 secs] 506716K->399636K(506816K), [Metaspace: 2526K->2526K(1056768K)], 0.1006614 secs] [Times: user=0.10 sys=0.00, real=0.10 secs] 
8.471: [Full GC (Allocation Failure) 8.471: [Tenured: 349387K->349517K(349568K), 0.1112127 secs] 506290K->398168K(506816K), [Metaspace: 2526K->2526K(1056768K)], 0.1113213 secs] [Times: user=0.11 sys=0.00, real=0.11 secs] 
8.634: [Full GC (Allocation Failure) 8.634: [Tenured: 349517K->349521K(349568K), 0.1234823 secs] 506761K->376342K(506816K), [Metaspace: 2526K->2526K(1056768K)], 0.1235895 secs] [Times: user=0.12 sys=0.00, real=0.13 secs] 
8.814: [Full GC (Allocation Failure) 8.814: [Tenured: 349521K->349544K(349568K), 0.0794786 secs] 506202K->402353K(506816K), [Metaspace: 2526K->2526K(1056768K)], 0.0795911 secs] [Times: user=0.08 sys=0.00, real=0.08 secs] 
8.947: [Full GC (Allocation Failure) 8.947: [Tenured: 349544K->349314K(349568K), 0.1907660 secs] 506439K->403159K(506816K), [Metaspace: 2526K->2526K(1056768K)], 0.1908773 secs] [Times: user=0.12 sys=0.07, real=0.19 secs] 
9.189: [Full GC (Allocation Failure) 9.189: [Tenured: 349314K->349531K(349568K), 0.1079819 secs] 506171K->403147K(506816K), [Metaspace: 2526K->2526K(1056768K)], 0.1080796 secs] [Times: user=0.11 sys=0.01, real=0.11 secs] 
9.346: [Full GC (Allocation Failure) 9.346: [Tenured: 349531K->349521K(349568K), 0.1226444 secs] 506636K->388560K(506816K), [Metaspace: 2526K->2526K(1056768K)], 0.1227374 secs] [Times: user=0.12 sys=0.00, real=0.12 secs] 
9.527: [Full GC (Allocation Failure) 9.527: [Tenured: 349521K->349472K(349568K), 0.0707614 secs] 506732K->410194K(506816K), [Metaspace: 2526K->2526K(1056768K)], 0.0708601 secs] [Times: user=0.07 sys=0.00, real=0.07 secs] 
9.640: [Full GC (Allocation Failure) 9.640: [Tenured: 349522K->349454K(349568K), 0.1018323 secs] 506770K->409742K(506816K), [Metaspace: 2526K->2526K(1056768K)], 0.1019303 secs] [Times: user=0.10 sys=0.00, real=0.10 secs] 
9.789: [Full GC (Allocation Failure) 9.789: [Tenured: 349454K->349412K(349568K), 0.1060160 secs] 506298K->405224K(506816K), [Metaspace: 2526K->2526K(1056768K)], 0.1061139 secs] [Times: user=0.10 sys=0.00, real=0.11 secs] 
9.947: [Full GC (Allocation Failure) 9.947: [Tenured: 349448K->349562K(349568K), 0.1266902 secs] 506691K->385194K(506816K), [Metaspace: 2526K->2526K(1056768K)], 0.1267853 secs] [Times: user=0.13 sys=0.00, real=0.12 secs] 
执行结束。共生成对象次数:29348
Heap
 def new generation   total 157248K, used 128369K [0x00000000e0000000, 0x00000000eaaa0000, 0x00000000eaaa0000)
  eden space 139776K,  91% used [0x00000000e0000000, 0x00000000e7d5c700, 0x00000000e8880000)
  from space 17472K,   0% used [0x00000000e9990000, 0x00000000e9990000, 0x00000000eaaa0000)
  to   space 17472K,   0% used [0x00000000e8880000, 0x00000000e8880000, 0x00000000e9990000)
 tenured generation   total 349568K, used 349562K [0x00000000eaaa0000, 0x0000000100000000, 0x0000000100000000)
   the space 349568K,  99% used [0x00000000eaaa0000, 0x00000000ffffe930, 0x00000000ffffea00, 0x0000000100000000)
 Metaspace       used 2533K, capacity 4486K, committed 4864K, reserved 1056768K
  class space    used 273K, capacity 386K, committed 512K, reserved 1048576K
开始执行.......
0.227: [GC (Allocation Failure) 0.227: [DefNew: 139104K->17472K(157248K), 0.0412139 secs] 139104K->48877K(506816K), 0.0413074 secs] [Times: user=0.06 sys=0.03, real=0.04 secs] 
0.313: [GC (Allocation Failure) 0.313: [DefNew: 157248K->17471K(157248K), 0.0405794 secs] 188653K->93325K(506816K), 0.0406571 secs] [Times: user=0.01 sys=0.03, real=0.04 secs] 
0.407: [GC (Allocation Failure) 0.407: [DefNew: 156778K->17472K(157248K), 0.0483695 secs] 232632K->135508K(506816K), 0.0484689 secs] [Times: user=0.02 sys=0.03, real=0.05 secs] 
0.516: [GC (Allocation Failure) 0.516: [DefNew: 157211K->17470K(157248K), 0.0559314 secs] 275248K->178113K(506816K), 0.0560263 secs] [Times: user=0.03 sys=0.03, real=0.06 secs] 
0.635: [GC (Allocation Failure) 0.635: [DefNew: 157246K->17471K(157248K), 0.0615193 secs] 317889K->231142K(506816K), 0.0616211 secs] [Times: user=0.02 sys=0.04, real=0.06 secs] 
0.759: [GC (Allocation Failure) 0.759: [DefNew: 157247K->17471K(157248K), 0.0443197 secs] 370918K->271734K(506816K), 0.0444118 secs] [Times: user=0.02 sys=0.03, real=0.05 secs] 
0.847: [GC (Allocation Failure) 0.847: [DefNew: 157247K->17471K(157248K), 0.0432446 secs] 411510K->314301K(506816K), 0.0433217 secs] [Times: user=0.02 sys=0.02, real=0.04 secs] 
0.944: [GC (Allocation Failure) 0.944: [DefNew: 157247K->157247K(157248K), 0.0000493 secs]0.944: [Tenured: 296829K->253857K(349568K), 0.0726943 secs] 454077K->253857K(506816K), [Metaspace: 2526K->2526K(1056768K)], 0.0729201 secs] [Times: user=0.08 sys=0.00, real=0.07 secs] 
1.072: [GC (Allocation Failure) 1.072: [DefNew: 139776K->17470K(157248K), 0.0180341 secs] 393633K->301959K(506816K), 0.0181333 secs] [Times: user=0.02 sys=0.00, real=0.01 secs] 
1.133: [GC (Allocation Failure) 1.133: [DefNew: 157206K->17469K(157248K), 0.0401894 secs] 441694K->344706K(506816K), 0.0402785 secs] [Times: user=0.02 sys=0.02, real=0.04 secs] 
1.216: [GC (Allocation Failure) 1.216: [DefNew: 157245K->157245K(157248K), 0.0000270 secs]1.216: [Tenured: 327236K->302801K(349568K), 0.0984850 secs] 484482K->302801K(506816K), [Metaspace: 2526K->2526K(1056768K)], 0.0986159 secs] [Times: user=0.10 sys=0.00, real=0.10 secs] 
1.375: [GC (Allocation Failure) 1.375: [DefNew: 139776K->17470K(157248K), 0.0232075 secs] 442577K->351165K(506816K), 0.0232955 secs] [Times: user=0.02 sys=0.00, real=0.02 secs] 
1.458: [GC (Allocation Failure) 1.458: [DefNew: 157246K->157246K(157248K), 0.0000331 secs]1.458: [Tenured: 333695K->323203K(349568K), 0.0944294 secs] 490941K->323203K(506816K), [Metaspace: 2526K->2526K(1056768K)], 0.0945611 secs] [Times: user=0.09 sys=0.00, real=0.10 secs] 
1.594: [GC (Allocation Failure) 1.594: [DefNew: 139776K->139776K(157248K), 0.0000274 secs]1.594: [Tenured: 323203K->316501K(349568K), 0.0951961 secs] 462979K->316501K(506816K), [Metaspace: 2526K->2526K(1056768K)], 0.0953151 secs] [Times: user=0.10 sys=0.00, real=0.09 secs] 
1.733: [GC (Allocation Failure) 1.733: [DefNew: 139730K->139730K(157248K), 0.0000283 secs]1.733: [Tenured: 316501K->341234K(349568K), 0.0612614 secs] 456232K->341234K(506816K), [Metaspace: 2526K->2526K(1056768K)], 0.0614290 secs] [Times: user=0.06 sys=0.01, real=0.06 secs] 
1.861: [GC (Allocation Failure) 1.861: [DefNew: 138995K->138995K(157248K), 0.0000443 secs]1.861: [Tenured: 341234K->345515K(349568K), 0.1066180 secs] 480229K->345515K(506816K), [Metaspace: 2526K->2526K(1056768K)], 0.1067793 secs] [Times: user=0.09 sys=0.01, real=0.10 secs] 
2.152: [GC (Allocation Failure) 2.153: [DefNew: 139776K->139776K(157248K), 0.0000536 secs]2.153: [Tenured: 345515K->349341K(349568K), 0.1514793 secs] 485291K->354116K(506816K), [Metaspace: 2526K->2526K(1056768K)], 0.1516438 secs] [Times: user=0.11 sys=0.05, real=0.15 secs] 
2.407: [Full GC (Allocation Failure) 2.407: [Tenured: 349443K->337319K(349568K), 0.1566291 secs] 506636K->337319K(506816K), [Metaspace: 2526K->2526K(1056768K)], 0.1567098 secs] [Times: user=0.12 sys=0.04, real=0.16 secs] 
2.634: [GC (Allocation Failure) 2.634: [DefNew: 139776K->139776K(157248K), 0.0000458 secs]2.634: [Tenured: 337319K->349289K(349568K), 0.0784994 secs] 477095K->362019K(506816K), [Metaspace: 2526K->2526K(1056768K)], 0.0786464 secs] [Times: user=0.08 sys=0.00, real=0.08 secs] 
2.787: [Full GC (Allocation Failure) 2.787: [Tenured: 349289K->348980K(349568K), 0.1027559 secs] 505954K->367233K(506816K), [Metaspace: 2526K->2526K(1056768K)], 0.1028986 secs] [Times: user=0.11 sys=0.00, real=0.10 secs] 
2.959: [Full GC (Allocation Failure) 2.959: [Tenured: 349265K->349491K(349568K), 0.1067045 secs] 506484K->367687K(506816K), [Metaspace: 2526K->2526K(1056768K)], 0.1067982 secs] [Times: user=0.11 sys=0.00, real=0.11 secs] 
3.135: [Full GC (Allocation Failure) 3.135: [Tenured: 349491K->349217K(349568K), 0.1209061 secs] 506661K->358395K(506816K), [Metaspace: 2526K->2526K(1056768K)], 0.1209941 secs] [Times: user=0.13 sys=0.00, real=0.12 secs] 
3.326: [Full GC (Allocation Failure) 3.327: [Tenured: 349505K->349420K(349568K), 0.0854155 secs] 506715K->377231K(506816K), [Metaspace: 2526K->2526K(1056768K)], 0.0855110 secs] [Times: user=0.08 sys=0.00, real=0.09 secs] 
3.479: [Full GC (Allocation Failure) 3.479: [Tenured: 349420K->349441K(349568K), 0.1044183 secs] 506508K->373670K(506816K), [Metaspace: 2526K->2526K(1056768K)], 0.1045156 secs] [Times: user=0.10 sys=0.00, real=0.11 secs] 
3.650: [Full GC (Allocation Failure) 3.650: [Tenured: 349567K->349410K(349568K), 0.1080055 secs] 506811K->371451K(506816K), [Metaspace: 2526K->2526K(1056768K)], 0.1081065 secs] [Times: user=0.11 sys=0.01, real=0.11 secs] 
3.829: [Full GC (Allocation Failure) 3.829: [Tenured: 349410K->349550K(349568K), 0.1029580 secs] 506548K->351538K(506816K), [Metaspace: 2526K->2526K(1056768K)], 0.1030238 secs] [Times: user=0.10 sys=0.00, real=0.11 secs] 
4.004: [Full GC (Allocation Failure) 4.004: [Tenured: 349550K->349215K(349568K), 0.0749741 secs] 506777K->369562K(506816K), [Metaspace: 2526K->2526K(1056768K)], 0.0750484 secs] [Times: user=0.08 sys=0.00, real=0.07 secs] 
4.144: [Full GC (Allocation Failure) 4.144: [Tenured: 349503K->349558K(349568K), 0.0934225 secs] 506680K->373541K(506816K), [Metaspace: 2526K->2526K(1056768K)], 0.0935129 secs] [Times: user=0.10 sys=0.00, real=0.09 secs] 
4.310: [Full GC (Allocation Failure) 4.310: [Tenured: 349558K->349442K(349568K), 0.1054939 secs] 506670K->372463K(506816K), [Metaspace: 2526K->2526K(1056768K)], 0.1055871 secs] [Times: user=0.10 sys=0.00, real=0.11 secs] 
4.477: [Full GC (Allocation Failure) 4.477: [Tenured: 349442K->349558K(349568K), 0.1143832 secs] 506351K->362157K(506816K), [Metaspace: 2526K->2526K(1056768K)], 0.1144705 secs] [Times: user=0.12 sys=0.00, real=0.12 secs] 
4.658: [Full GC (Allocation Failure) 4.658: [Tenured: 349558K->349337K(349568K), 0.0807270 secs] 506769K->374994K(506816K), [Metaspace: 2526K->2526K(1056768K)], 0.0808169 secs] [Times: user=0.08 sys=0.00, real=0.08 secs] 
4.815: [Full GC (Allocation Failure) 4.815: [Tenured: 349337K->349407K(349568K), 0.0996348 secs] 506388K->372313K(506816K), [Metaspace: 2526K->2526K(1056768K)], 0.0997535 secs] [Times: user=0.10 sys=0.00, real=0.10 secs] 
4.979: [Full GC (Allocation Failure) 4.979: [Tenured: 349542K->348823K(349568K), 0.1043622 secs] 506787K->372338K(506816K), [Metaspace: 2526K->2526K(1056768K)], 0.1044521 secs] [Times: user=0.10 sys=0.00, real=0.11 secs] 
5.148: [Full GC (Allocation Failure) 5.148: [Tenured: 349529K->349389K(349568K), 0.1185392 secs] 506764K->355951K(506816K), [Metaspace: 2526K->2526K(1056768K)], 0.1186498 secs] [Times: user=0.11 sys=0.00, real=0.12 secs] 
5.339: [Full GC (Allocation Failure) 5.339: [Tenured: 349389K->349237K(349568K), 0.0759406 secs] 506350K->371688K(506816K), [Metaspace: 2526K->2526K(1056768K)], 0.0760407 secs] [Times: user=0.07 sys=0.00, real=0.08 secs] 
5.480: [Full GC (Allocation Failure) 5.480: [Tenured: 349237K->348985K(349568K), 0.1013516 secs] 506066K->375976K(506816K), [Metaspace: 2526K->2526K(1056768K)], 0.1014448 secs] [Times: user=0.11 sys=0.00, real=0.11 secs] 
5.657: [Full GC (Allocation Failure) 5.657: [Tenured: 349313K->349498K(349568K), 0.1517755 secs] 506515K->384258K(506816K), [Metaspace: 2526K->2526K(1056768K)], 0.1518917 secs] [Times: user=0.13 sys=0.03, real=0.15 secs] 
5.899: [Full GC (Allocation Failure) 5.899: [Tenured: 349498K->349553K(349568K), 0.1427720 secs] 506693K->367277K(506816K), [Metaspace: 2526K->2526K(1056768K)], 0.1428549 secs] [Times: user=0.12 sys=0.03, real=0.15 secs] 
6.106: [Full GC (Allocation Failure) 6.107: [Tenured: 349553K->349403K(349568K), 0.0876537 secs] 506672K->383477K(506816K), [Metaspace: 2526K->2526K(1056768K)], 0.0877450 secs] [Times: user=0.08 sys=0.00, real=0.09 secs] 
6.251: [Full GC (Allocation Failure) 6.251: [Tenured: 349539K->349567K(349568K), 0.1057043 secs] 506694K->389222K(506816K), [Metaspace: 2526K->2526K(1056768K)], 0.1058221 secs] [Times: user=0.11 sys=0.00, real=0.10 secs] 
6.415: [Full GC (Allocation Failure) 6.415: [Tenured: 349567K->349375K(349568K), 0.1097538 secs] 506804K->385259K(506816K), [Metaspace: 2526K->2526K(1056768K)], 0.1098547 secs] [Times: user=0.11 sys=0.00, real=0.11 secs] 
6.585: [Full GC (Allocation Failure) 6.585: [Tenured: 349375K->349293K(349568K), 0.1179855 secs] 506587K->364556K(506816K), [Metaspace: 2526K->2526K(1056768K)], 0.1180822 secs] [Times: user=0.12 sys=0.00, real=0.12 secs] 
6.775: [Full GC (Allocation Failure) 6.775: [Tenured: 349437K->349425K(349568K), 0.0854604 secs] 506684K->379936K(506816K), [Metaspace: 2526K->2526K(1056768K)], 0.0855554 secs] [Times: user=0.09 sys=0.00, real=0.09 secs] 
6.926: [Full GC (Allocation Failure) 6.926: [Tenured: 349425K->349456K(349568K), 0.0994650 secs] 506079K->380038K(506816K), [Metaspace: 2526K->2526K(1056768K)], 0.0995602 secs] [Times: user=0.10 sys=0.00, real=0.10 secs] 
7.085: [Full GC (Allocation Failure) 7.085: [Tenured: 349456K->348941K(349568K), 0.1090532 secs] 506666K->385321K(506816K), [Metaspace: 2526K->2526K(1056768K)], 0.1091523 secs] [Times: user=0.11 sys=0.00, real=0.11 secs] 
7.256: [Full GC (Allocation Failure) 7.256: [Tenured: 349337K->349474K(349568K), 0.1201411 secs] 506201K->370106K(506816K), [Metaspace: 2526K->2526K(1056768K)], 0.1202334 secs] [Times: user=0.12 sys=0.00, real=0.12 secs] 
7.444: [Full GC (Allocation Failure) 7.444: [Tenured: 349474K->349369K(349568K), 0.0808228 secs] 506596K->386125K(506816K), [Metaspace: 2526K->2526K(1056768K)], 0.0809148 secs] [Times: user=0.08 sys=0.00, real=0.08 secs] 
7.583: [Full GC (Allocation Failure) 7.583: [Tenured: 349513K->349428K(349568K), 0.1003009 secs] 506751K->391548K(506816K), [Metaspace: 2526K->2526K(1056768K)], 0.1003933 secs] [Times: user=0.10 sys=0.00, real=0.10 secs] 
7.744: [Full GC (Allocation Failure) 7.744: [Tenured: 349428K->349477K(349568K), 0.1063777 secs] 506563K->390074K(506816K), [Metaspace: 2526K->2526K(1056768K)], 0.1064595 secs] [Times: user=0.11 sys=0.00, real=0.10 secs] 
7.908: [Full GC (Allocation Failure) 7.908: [Tenured: 349477K->349532K(349568K), 0.1262160 secs] 506711K->380179K(506816K), [Metaspace: 2526K->2526K(1056768K)], 0.1263040 secs] [Times: user=0.12 sys=0.00, real=0.13 secs] 
8.100: [Full GC (Allocation Failure) 8.100: [Tenured: 349532K->349338K(349568K), 0.1566128 secs] 506743K->394756K(506816K), [Metaspace: 2526K->2526K(1056768K)], 0.1567012 secs] [Times: user=0.11 sys=0.05, real=0.16 secs] 
8.313: [Full GC (Allocation Failure) 8.313: [Tenured: 349532K->349499K(349568K), 0.1143914 secs] 506779K->390671K(506816K), [Metaspace: 2526K->2526K(1056768K)], 0.1144760 secs] [Times: user=0.10 sys=0.01, real=0.11 secs] 
8.483: [Full GC (Allocation Failure) 8.483: [Tenured: 349499K->349539K(349568K), 0.1079404 secs] 506715K->391337K(506816K), [Metaspace: 2526K->2526K(1056768K)], 0.1080250 secs] [Times: user=0.11 sys=0.00, real=0.11 secs] 
8.648: [Full GC (Allocation Failure) 8.648: [Tenured: 349539K->349238K(349568K), 0.1265812 secs] 506769K->370717K(506816K), [Metaspace: 2526K->2526K(1056768K)], 0.1266925 secs] [Times: user=0.12 sys=0.00, real=0.13 secs] 
8.842: [Full GC (Allocation Failure) 8.842: [Tenured: 349532K->349566K(349568K), 0.0728823 secs] 506713K->393528K(506816K), [Metaspace: 2526K->2526K(1056768K)], 0.0729980 secs] [Times: user=0.08 sys=0.00, real=0.07 secs] 
8.969: [Full GC (Allocation Failure) 8.969: [Tenured: 349566K->349362K(349568K), 0.1059327 secs] 506807K->394021K(506816K), [Metaspace: 2526K->2526K(1056768K)], 0.1060436 secs] [Times: user=0.11 sys=0.00, real=0.11 secs] 
9.130: [Full GC (Allocation Failure) 9.130: [Tenured: 349362K->349134K(349568K), 0.1183307 secs] 506393K->389671K(506816K), [Metaspace: 2526K->2526K(1056768K)], 0.1184799 secs] [Times: user=0.12 sys=0.00, real=0.12 secs] 
9.306: [Full GC (Allocation Failure) 9.306: [Tenured: 349422K->349513K(349568K), 0.1242912 secs] 506588K->375593K(506816K), [Metaspace: 2526K->2526K(1056768K)], 0.1243932 secs] [Times: user=0.13 sys=0.00, real=0.12 secs] 
9.494: [Full GC (Allocation Failure) 9.494: [Tenured: 349513K->349244K(349568K), 0.0785768 secs] 506136K->385487K(506816K), [Metaspace: 2526K->2526K(1056768K)], 0.0786826 secs] [Times: user=0.08 sys=0.00, real=0.08 secs] 
9.630: [Full GC (Allocation Failure) 9.630: [Tenured: 349244K->349475K(349568K), 0.1059918 secs] 505872K->391191K(506816K), [Metaspace: 2526K->2526K(1056768K)], 0.1060862 secs] [Times: user=0.10 sys=0.00, real=0.11 secs] 
9.794: [Full GC (Allocation Failure) 9.794: [Tenured: 349475K->349271K(349568K), 0.1139759 secs] 506623K->387192K(506816K), [Metaspace: 2526K->2526K(1056768K)], 0.1140710 secs] [Times: user=0.11 sys=0.00, real=0.11 secs] 
9.964: [Full GC (Allocation Failure) 9.964: [Tenured: 349541K->349456K(349568K), 0.1218980 secs] 506789K->368698K(506816K), [Metaspace: 2526K->2526K(1056768K)], 0.1219913 secs] [Times: user=0.12 sys=0.00, real=0.12 secs] 
执行结束。共生成对象次数:31327
Heap
 def new generation   total 157248K, used 65989K [0x00000000e0000000, 0x00000000eaaa0000, 0x00000000eaaa0000)
  eden space 139776K,  47% used [0x00000000e0000000, 0x00000000e40714d8, 0x00000000e8880000)
  from space 17472K,   0% used [0x00000000e8880000, 0x00000000e8880000, 0x00000000e9990000)
  to   space 17472K,   0% used [0x00000000e9990000, 0x00000000e9990000, 0x00000000eaaa0000)
 tenured generation   total 349568K, used 349456K [0x00000000eaaa0000, 0x0000000100000000, 0x0000000100000000)
   the space 349568K,  99% used [0x00000000eaaa0000, 0x00000000fffe4298, 0x00000000fffe4400, 0x0000000100000000)
 Metaspace       used 2533K, capacity 4486K, committed 4864K, reserved 1056768K
  class space    used 273K, capacity 386K, committed 512K, reserved 1048576K
开始执行.......
0.236: [GC (Allocation Failure) 0.236: [DefNew: 139776K->17471K(157248K), 0.0490220 secs] 139776K->41788K(506816K), 0.0491631 secs] [Times: user=0.03 sys=0.03, real=0.05 secs] 
0.347: [GC (Allocation Failure) 0.348: [DefNew: 157247K->17471K(157248K), 0.0659786 secs] 181564K->80958K(506816K), 0.0660737 secs] [Times: user=0.03 sys=0.04, real=0.07 secs] 
0.480: [GC (Allocation Failure) 0.480: [DefNew: 157247K->17471K(157248K), 0.0554628 secs] 220734K->121645K(506816K), 0.0555726 secs] [Times: user=0.02 sys=0.03, real=0.06 secs] 
0.604: [GC (Allocation Failure) 0.604: [DefNew: 157247K->17471K(157248K), 0.0423606 secs] 261421K->169798K(506816K), 0.0424471 secs] [Times: user=0.02 sys=0.03, real=0.04 secs] 
0.707: [GC (Allocation Failure) 0.707: [DefNew: 157247K->17471K(157248K), 0.0369292 secs] 309574K->214645K(506816K), 0.0369918 secs] [Times: user=0.02 sys=0.01, real=0.04 secs] 
0.806: [GC (Allocation Failure) 0.806: [DefNew: 157247K->17471K(157248K), 0.0358853 secs] 354421K->257704K(506816K), 0.0359436 secs] [Times: user=0.02 sys=0.01, real=0.04 secs] 
0.903: [GC (Allocation Failure) 0.903: [DefNew: 157247K->17471K(157248K), 0.0376240 secs] 397480K->303348K(506816K), 0.0376812 secs] [Times: user=0.02 sys=0.03, real=0.03 secs] 
0.995: [GC (Allocation Failure) 0.995: [DefNew: 157247K->17470K(157248K), 0.0384209 secs] 443124K->350309K(506816K), 0.0384787 secs] [Times: user=0.02 sys=0.02, real=0.04 secs] 
1.085: [GC (Allocation Failure) 1.085: [DefNew: 157246K->157246K(157248K), 0.0000202 secs]1.085: [Tenured: 332838K->280279K(349568K), 0.0772756 secs] 490085K->280279K(506816K), [Metaspace: 2526K->2526K(1056768K)], 0.0773725 secs] [Times: user=0.07 sys=0.00, real=0.08 secs] 
1.226: [GC (Allocation Failure) 1.226: [DefNew: 139767K->17470K(157248K), 0.0134648 secs] 420046K->326558K(506816K), 0.0135242 secs] [Times: user=0.01 sys=0.00, real=0.01 secs] 
1.287: [GC (Allocation Failure) 1.287: [DefNew: 157246K->157246K(157248K), 0.0000317 secs]1.287: [Tenured: 309088K->305112K(349568K), 0.0859053 secs] 466334K->305112K(506816K), [Metaspace: 2526K->2526K(1056768K)], 0.0860626 secs] [Times: user=0.09 sys=0.00, real=0.09 secs] 
1.413: [GC (Allocation Failure) 1.413: [DefNew: 139776K->139776K(157248K), 0.0000226 secs]1.413: [Tenured: 305112K->314029K(349568K), 0.0816539 secs] 444888K->314029K(506816K), [Metaspace: 2526K->2526K(1056768K)], 0.0817468 secs] [Times: user=0.08 sys=0.00, real=0.08 secs] 
1.560: [GC (Allocation Failure) 1.560: [DefNew: 139776K->139776K(157248K), 0.0000446 secs]1.560: [Tenured: 314029K->304315K(349568K), 0.0995224 secs] 453805K->304315K(506816K), [Metaspace: 2526K->2526K(1056768K)], 0.0996823 secs] [Times: user=0.10 sys=0.00, real=0.10 secs] 
1.724: [GC (Allocation Failure) 1.724: [DefNew: 139776K->17471K(157248K), 0.0177329 secs] 444091K->346688K(506816K), 0.0178461 secs] [Times: user=0.02 sys=0.00, real=0.02 secs] 
1.824: [GC (Allocation Failure) 1.824: [DefNew: 157247K->157247K(157248K), 0.0000568 secs]1.824: [Tenured: 329216K->337071K(349568K), 0.1060873 secs] 486464K->337071K(506816K), [Metaspace: 2526K->2526K(1056768K)], 0.1062600 secs] [Times: user=0.09 sys=0.01, real=0.10 secs] 
1.986: [GC (Allocation Failure) 1.986: [DefNew: 139773K->139773K(157248K), 0.0000231 secs]1.987: [Tenured: 337071K->342000K(349568K), 0.0933773 secs] 476844K->342000K(506816K), [Metaspace: 2526K->2526K(1056768K)], 0.0934722 secs] [Times: user=0.09 sys=0.01, real=0.09 secs] 
2.145: [GC (Allocation Failure) 2.145: [DefNew: 139418K->139418K(157248K), 0.0000469 secs]2.145: [Tenured: 342000K->347853K(349568K), 0.1387576 secs] 481418K->347853K(506816K), [Metaspace: 2526K->2526K(1056768K)], 0.1388946 secs] [Times: user=0.11 sys=0.03, real=0.14 secs] 
2.350: [GC (Allocation Failure) 2.350: [DefNew: 139776K->139776K(157248K), 0.0000465 secs]2.350: [Tenured: 347853K->324265K(349568K), 0.1489679 secs] 487629K->324265K(506816K), [Metaspace: 2526K->2526K(1056768K)], 0.1491141 secs] [Times: user=0.11 sys=0.04, real=0.15 secs] 
2.565: [GC (Allocation Failure) 2.565: [DefNew: 139776K->139776K(157248K), 0.0000444 secs]2.565: [Tenured: 324265K->349399K(349568K), 0.0698933 secs] 464041K->350539K(506816K), [Metaspace: 2526K->2526K(1056768K)], 0.0700567 secs] [Times: user=0.07 sys=0.00, real=0.07 secs] 
2.713: [Full GC (Allocation Failure) 2.713: [Tenured: 349399K->349189K(349568K), 0.0967960 secs] 506549K->357326K(506816K), [Metaspace: 2526K->2526K(1056768K)], 0.0968959 secs] [Times: user=0.10 sys=0.00, real=0.09 secs] 
2.881: [Full GC (Allocation Failure) 2.881: [Tenured: 349405K->349516K(349568K), 0.1132105 secs] 506629K->362892K(506816K), [Metaspace: 2526K->2526K(1056768K)], 0.1133743 secs] [Times: user=0.10 sys=0.01, real=0.11 secs] 
3.065: [Full GC (Allocation Failure) 3.065: [Tenured: 349516K->349226K(349568K), 0.1167336 secs] 506570K->349226K(506816K), [Metaspace: 2526K->2526K(1056768K)], 0.1168451 secs] [Times: user=0.12 sys=0.00, real=0.12 secs] 
3.249: [GC (Allocation Failure) 3.249: [DefNew: 139776K->139776K(157248K), 0.0000498 secs]3.249: [Tenured: 349226K->349405K(349568K), 0.0926667 secs] 489002K->378511K(506816K), [Metaspace: 2526K->2526K(1056768K)], 0.0928358 secs] [Times: user=0.10 sys=0.00, real=0.10 secs] 
3.404: [Full GC (Allocation Failure) 3.405: [Tenured: 349553K->349442K(349568K), 0.1049220 secs] 506799K->380150K(506816K), [Metaspace: 2526K->2526K(1056768K)], 0.1050332 secs] [Times: user=0.10 sys=0.00, real=0.10 secs] 
3.569: [Full GC (Allocation Failure) 3.569: [Tenured: 349442K->349524K(349568K), 0.0941513 secs] 506512K->384965K(506816K), [Metaspace: 2526K->2526K(1056768K)], 0.0942224 secs] [Times: user=0.10 sys=0.00, real=0.10 secs] 
3.700: [Full GC (Allocation Failure) 3.700: [Tenured: 349524K->349506K(349568K), 0.1083764 secs] 506566K->368439K(506816K), [Metaspace: 2526K->2526K(1056768K)], 0.1084526 secs] [Times: user=0.11 sys=0.00, real=0.11 secs] 
3.873: [Full GC (Allocation Failure) 3.873: [Tenured: 349506K->349203K(349568K), 0.0887970 secs] 506715K->387780K(506816K), [Metaspace: 2526K->2526K(1056768K)], 0.0888863 secs] [Times: user=0.09 sys=0.00, real=0.09 secs] 
4.016: [Full GC (Allocation Failure) 4.016: [Tenured: 349203K->349497K(349568K), 0.1204669 secs] 506073K->393867K(506816K), [Metaspace: 2526K->2526K(1056768K)], 0.1206107 secs] [Times: user=0.12 sys=0.01, real=0.12 secs] 
4.193: [Full GC (Allocation Failure) 4.193: [Tenured: 349497K->349565K(349568K), 0.1143972 secs] 506732K->387201K(506816K), [Metaspace: 2526K->2526K(1056768K)], 0.1144754 secs] [Times: user=0.12 sys=0.00, real=0.11 secs] 
4.362: [Full GC (Allocation Failure) 4.362: [Tenured: 349565K->349327K(349568K), 0.1223584 secs] 506740K->364830K(506816K), [Metaspace: 2526K->2526K(1056768K)], 0.1224699 secs] [Times: user=0.13 sys=0.00, real=0.12 secs] 
4.555: [Full GC (Allocation Failure) 4.556: [Tenured: 349367K->349522K(349568K), 0.0943935 secs] 506614K->382870K(506816K), [Metaspace: 2526K->2526K(1056768K)], 0.0944955 secs] [Times: user=0.09 sys=0.00, real=0.09 secs] 
4.708: [Full GC (Allocation Failure) 4.708: [Tenured: 349522K->349514K(349568K), 0.1147376 secs] 506406K->389608K(506816K), [Metaspace: 2526K->2526K(1056768K)], 0.1148494 secs] [Times: user=0.11 sys=0.00, real=0.12 secs] 
4.882: [Full GC (Allocation Failure) 4.882: [Tenured: 349514K->349542K(349568K), 0.1126631 secs] 506640K->380597K(506816K), [Metaspace: 2526K->2526K(1056768K)], 0.1127723 secs] [Times: user=0.12 sys=0.00, real=0.11 secs] 
5.055: [Full GC (Allocation Failure) 5.055: [Tenured: 349542K->349464K(349568K), 0.1224182 secs] 506754K->365208K(506816K), [Metaspace: 2526K->2526K(1056768K)], 0.1225228 secs] [Times: user=0.13 sys=0.00, real=0.12 secs] 
5.245: [Full GC (Allocation Failure) 5.245: [Tenured: 349464K->349154K(349568K), 0.0813788 secs] 506094K->388607K(506816K), [Metaspace: 2526K->2526K(1056768K)], 0.0814866 secs] [Times: user=0.08 sys=0.00, real=0.08 secs] 
5.385: [Full GC (Allocation Failure) 5.386: [Tenured: 349154K->348969K(349568K), 0.1069049 secs] 505778K->387042K(506816K), [Metaspace: 2526K->2526K(1056768K)], 0.1070178 secs] [Times: user=0.11 sys=0.00, real=0.11 secs] 
5.556: [Full GC (Allocation Failure) 5.556: [Tenured: 349439K->349555K(349568K), 0.1143571 secs] 506683K->389926K(506816K), [Metaspace: 2526K->2526K(1056768K)], 0.1144639 secs] [Times: user=0.12 sys=0.00, real=0.11 secs] 
5.728: [Full GC (Allocation Failure) 5.728: [Tenured: 349555K->349425K(349568K), 0.1705077 secs] 506764K->378737K(506816K), [Metaspace: 2526K->2526K(1056768K)], 0.1706128 secs] [Times: user=0.14 sys=0.04, real=0.17 secs] 
5.991: [Full GC (Allocation Failure) 5.991: [Tenured: 349425K->349462K(349568K), 0.0771138 secs] 506348K->392611K(506816K), [Metaspace: 2526K->2526K(1056768K)], 0.0772286 secs] [Times: user=0.08 sys=0.00, real=0.07 secs] 
6.122: [Full GC (Allocation Failure) 6.122: [Tenured: 349462K->349322K(349568K), 0.0927124 secs] 506235K->395733K(506816K), [Metaspace: 2526K->2526K(1056768K)], 0.0927974 secs] [Times: user=0.09 sys=0.00, real=0.09 secs] 
6.263: [Full GC (Allocation Failure) 6.263: [Tenured: 349322K->348869K(349568K), 0.1105846 secs] 506228K->388530K(506816K), [Metaspace: 2526K->2526K(1056768K)], 0.1106902 secs] [Times: user=0.11 sys=0.00, real=0.11 secs] 
6.433: [Full GC (Allocation Failure) 6.433: [Tenured: 349526K->349436K(349568K), 0.1465404 secs] 506773K->374718K(506816K), [Metaspace: 2526K->2526K(1056768K)], 0.1466630 secs] [Times: user=0.13 sys=0.01, real=0.14 secs] 
6.640: [Full GC (Allocation Failure) 6.641: [Tenured: 349436K->349104K(349568K), 0.1045468 secs] 506615K->396758K(506816K), [Metaspace: 2526K->2526K(1056768K)], 0.1046649 secs] [Times: user=0.11 sys=0.00, real=0.11 secs] 
6.798: [Full GC (Allocation Failure) 6.798: [Tenured: 349393K->349359K(349568K), 0.1094842 secs] 506508K->394277K(506816K), [Metaspace: 2526K->2526K(1056768K)], 0.1095951 secs] [Times: user=0.11 sys=0.00, real=0.11 secs] 
6.966: [Full GC (Allocation Failure) 6.966: [Tenured: 349521K->349554K(349568K), 0.1291949 secs] 506755K->392458K(506816K), [Metaspace: 2526K->2526K(1056768K)], 0.1293126 secs] [Times: user=0.13 sys=0.00, real=0.13 secs] 
7.152: [Full GC (Allocation Failure) 7.152: [Tenured: 349554K->349567K(349568K), 0.1271600 secs] 506331K->378368K(506816K), [Metaspace: 2526K->2526K(1056768K)], 0.1273028 secs] [Times: user=0.13 sys=0.00, real=0.12 secs] 
7.341: [Full GC (Allocation Failure) 7.341: [Tenured: 349567K->349559K(349568K), 0.0934413 secs] 506801K->397031K(506816K), [Metaspace: 2526K->2526K(1056768K)], 0.0935511 secs] [Times: user=0.10 sys=0.00, real=0.10 secs] 
7.484: [Full GC (Allocation Failure) 7.484: [Tenured: 349559K->348950K(349568K), 0.1182075 secs] 506670K->397414K(506816K), [Metaspace: 2526K->2526K(1056768K)], 0.1183238 secs] [Times: user=0.11 sys=0.00, real=0.12 secs] 
7.659: [Full GC (Allocation Failure) 7.659: [Tenured: 349455K->349539K(349568K), 0.1163701 secs] 506668K->397103K(506816K), [Metaspace: 2526K->2526K(1056768K)], 0.1164779 secs] [Times: user=0.12 sys=0.00, real=0.12 secs] 
7.828: [Full GC (Allocation Failure) 7.828: [Tenured: 349539K->349234K(349568K), 0.1276663 secs] 506667K->380152K(506816K), [Metaspace: 2526K->2526K(1056768K)], 0.1277708 secs] [Times: user=0.13 sys=0.00, real=0.13 secs] 
8.015: [Full GC (Allocation Failure) 8.015: [Tenured: 349234K->349353K(349568K), 0.1007058 secs] 506061K->404059K(506816K), [Metaspace: 2526K->2526K(1056768K)], 0.1008255 secs] [Times: user=0.10 sys=0.00, real=0.10 secs] 
8.168: [Full GC (Allocation Failure) 8.168: [Tenured: 349497K->349283K(349568K), 0.1117945 secs] 506706K->404960K(506816K), [Metaspace: 2526K->2526K(1056768K)], 0.1119112 secs] [Times: user=0.11 sys=0.00, real=0.11 secs] 
8.330: [Full GC (Allocation Failure) 8.330: [Tenured: 349283K->349212K(349568K), 0.1366678 secs] 506368K->407669K(506816K), [Metaspace: 2526K->2526K(1056768K)], 0.1367802 secs] [Times: user=0.13 sys=0.01, real=0.14 secs] 
8.510: [Full GC (Allocation Failure) 8.510: [Tenured: 349212K->349509K(349568K), 0.2066229 secs] 505909K->393460K(506816K), [Metaspace: 2526K->2526K(1056768K)], 0.2067292 secs] [Times: user=0.16 sys=0.04, real=0.21 secs] 
8.770: [Full GC (Allocation Failure) 8.770: [Tenured: 349545K->348924K(349568K), 0.0847400 secs] 506782K->412555K(506816K), [Metaspace: 2526K->2526K(1056768K)], 0.0848435 secs] [Times: user=0.08 sys=0.00, real=0.09 secs] 
8.902: [Full GC (Allocation Failure) 8.902: [Tenured: 349418K->349360K(349568K), 0.1092670 secs] 506609K->408009K(506816K), [Metaspace: 2526K->2526K(1056768K)], 0.1093833 secs] [Times: user=0.11 sys=0.00, real=0.11 secs] 
9.060: [Full GC (Allocation Failure) 9.060: [Tenured: 349360K->349560K(349568K), 0.1188037 secs] 506340K->405491K(506816K), [Metaspace: 2526K->2526K(1056768K)], 0.1189107 secs] [Times: user=0.12 sys=0.00, real=0.12 secs] 
9.229: [Full GC (Allocation Failure) 9.229: [Tenured: 349560K->349335K(349568K), 0.1316575 secs] 506587K->386468K(506816K), [Metaspace: 2526K->2526K(1056768K)], 0.1317772 secs] [Times: user=0.13 sys=0.00, real=0.13 secs] 
9.415: [Full GC (Allocation Failure) 9.415: [Tenured: 349335K->349495K(349568K), 0.0935587 secs] 506357K->398186K(506816K), [Metaspace: 2526K->2526K(1056768K)], 0.0936707 secs] [Times: user=0.09 sys=0.00, real=0.09 secs] 
9.563: [Full GC (Allocation Failure) 9.563: [Tenured: 349495K->349348K(349568K), 0.1089837 secs] 506447K->394778K(506816K), [Metaspace: 2526K->2526K(1056768K)], 0.1090919 secs] [Times: user=0.11 sys=0.00, real=0.11 secs] 
9.729: [Full GC (Allocation Failure) 9.729: [Tenured: 349348K->349019K(349568K), 0.1188965 secs] 506455K->393363K(506816K), [Metaspace: 2526K->2526K(1056768K)], 0.1190089 secs] [Times: user=0.12 sys=0.00, real=0.12 secs] 
9.902: [Full GC (Allocation Failure) 9.902: [Tenured: 349559K->348909K(349568K), 0.1295697 secs] 506799K->380819K(506816K), [Metaspace: 2526K->2526K(1056768K)], 0.1297041 secs] [Times: user=0.12 sys=0.01, real=0.13 secs] 
10.086: [Full GC (Allocation Failure) 10.086: [Tenured: 349422K->349421K(349568K), 0.0973190 secs] 506628K->393418K(506816K), [Metaspace: 2526K->2526K(1056768K)], 0.0974292 secs] [Times: user=0.10 sys=0.00, real=0.10 secs] 
执行结束。共生成对象次数:29709
Heap
 def new generation   total 157248K, used 49408K [0x00000000e0000000, 0x00000000eaaa0000, 0x00000000eaaa0000)
  eden space 139776K,  35% used [0x00000000e0000000, 0x00000000e30400a8, 0x00000000e8880000)
  from space 17472K,   0% used [0x00000000e8880000, 0x00000000e8880000, 0x00000000e9990000)
  to   space 17472K,   0% used [0x00000000e9990000, 0x00000000e9990000, 0x00000000eaaa0000)
 tenured generation   total 349568K, used 349421K [0x00000000eaaa0000, 0x0000000100000000, 0x0000000100000000)
   the space 349568K,  99% used [0x00000000eaaa0000, 0x00000000fffdb530, 0x00000000fffdb600, 0x0000000100000000)
 Metaspace       used 2533K, capacity 4486K, committed 4864K, reserved 1056768K
  class space    used 273K, capacity 386K, committed 512K, reserved 1048576K
开始执行.......
0.223: [GC (Allocation Failure) 0.223: [DefNew: 139509K->17472K(157248K), 0.0450838 secs] 139509K->47778K(506816K), 0.0452053 secs] [Times: user=0.03 sys=0.03, real=0.05 secs] 
0.330: [GC (Allocation Failure) 0.330: [DefNew: 157248K->17472K(157248K), 0.0639291 secs] 187554K->97252K(506816K), 0.0640229 secs] [Times: user=0.02 sys=0.04, real=0.06 secs] 
0.455: [GC (Allocation Failure) 0.455: [DefNew: 157248K->17471K(157248K), 0.0339411 secs] 237028K->138373K(506816K), 0.0340188 secs] [Times: user=0.02 sys=0.01, real=0.04 secs] 
0.556: [GC (Allocation Failure) 0.556: [DefNew: 156951K->17471K(157248K), 0.0382442 secs] 277854K->185618K(506816K), 0.0383104 secs] [Times: user=0.02 sys=0.03, real=0.04 secs] 
0.663: [GC (Allocation Failure) 0.663: [DefNew: 157247K->17471K(157248K), 0.0322305 secs] 325394K->223712K(506816K), 0.0322891 secs] [Times: user=0.01 sys=0.01, real=0.03 secs] 
0.756: [GC (Allocation Failure) 0.756: [DefNew: 157247K->17465K(157248K), 0.0341844 secs] 363488K->265392K(506816K), 0.0342428 secs] [Times: user=0.02 sys=0.02, real=0.04 secs] 
0.855: [GC (Allocation Failure) 0.855: [DefNew: 157241K->17469K(157248K), 0.0362335 secs] 405168K->309453K(506816K), 0.0362926 secs] [Times: user=0.02 sys=0.01, real=0.04 secs] 
0.954: [GC (Allocation Failure) 0.955: [DefNew: 157245K->17471K(157248K), 0.0319667 secs] 449229K->347789K(506816K), 0.0320414 secs] [Times: user=0.02 sys=0.02, real=0.03 secs] 
1.048: [GC (Allocation Failure) 1.048: [DefNew: 156659K->156659K(157248K), 0.0000474 secs]1.048: [Tenured: 330317K->273807K(349568K), 0.0855810 secs] 486976K->273807K(506816K), [Metaspace: 2526K->2526K(1056768K)], 0.0857610 secs] [Times: user=0.09 sys=0.00, real=0.08 secs] 
1.189: [GC (Allocation Failure) 1.189: [DefNew: 139226K->17471K(157248K), 0.0113055 secs] 413033K->317386K(506816K), 0.0113631 secs] [Times: user=0.01 sys=0.00, real=0.01 secs] 
1.247: [GC (Allocation Failure) 1.247: [DefNew: 157247K->17469K(157248K), 0.0242109 secs] 457162K->364876K(506816K), 0.0242651 secs] [Times: user=0.02 sys=0.01, real=0.03 secs] 
1.323: [GC (Allocation Failure) 1.323: [DefNew: 157245K->157245K(157248K), 0.0000403 secs]1.323: [Tenured: 347406K->311738K(349568K), 0.0928288 secs] 504652K->311738K(506816K), [Metaspace: 2526K->2526K(1056768K)], 0.0929990 secs] [Times: user=0.09 sys=0.00, real=0.09 secs] 
1.483: [GC (Allocation Failure) 1.483: [DefNew: 139776K->139776K(157248K), 0.0000507 secs]1.483: [Tenured: 311738K->326777K(349568K), 0.0965601 secs] 451514K->326777K(506816K), [Metaspace: 2526K->2526K(1056768K)], 0.0967276 secs] [Times: user=0.09 sys=0.00, real=0.10 secs] 
1.663: [GC (Allocation Failure) 1.663: [DefNew: 139776K->139776K(157248K), 0.0000645 secs]1.663: [Tenured: 326777K->318404K(349568K), 0.1875131 secs] 466553K->318404K(506816K), [Metaspace: 2526K->2526K(1056768K)], 0.1876959 secs] [Times: user=0.12 sys=0.07, real=0.19 secs] 
1.950: [GC (Allocation Failure) 1.950: [DefNew: 139713K->139713K(157248K), 0.0000495 secs]1.950: [Tenured: 318404K->345788K(349568K), 0.0710231 secs] 458118K->345788K(506816K), [Metaspace: 2526K->2526K(1056768K)], 0.0711978 secs] [Times: user=0.07 sys=0.00, real=0.07 secs] 
2.086: [GC (Allocation Failure) 2.086: [DefNew: 139763K->139763K(157248K), 0.0000687 secs]2.086: [Tenured: 345788K->349451K(349568K), 0.0946440 secs] 485552K->352094K(506816K), [Metaspace: 2526K->2526K(1056768K)], 0.0948474 secs] [Times: user=0.10 sys=0.00, real=0.10 secs] 
2.282: [Full GC (Allocation Failure) 2.282: [Tenured: 349451K->349277K(349568K), 0.1795188 secs] 506626K->363983K(506816K), [Metaspace: 2526K->2526K(1056768K)], 0.1796206 secs] [Times: user=0.13 sys=0.06, real=0.18 secs] 
2.524: [Full GC (Allocation Failure) 2.524: [Tenured: 349277K->347093K(349568K), 0.1162322 secs] 506216K->347093K(506816K), [Metaspace: 2526K->2526K(1056768K)], 0.1163267 secs] [Times: user=0.12 sys=0.00, real=0.12 secs] 
2.708: [GC (Allocation Failure) 2.708: [DefNew: 139450K->139450K(157248K), 0.0000743 secs]2.709: [Tenured: 347093K->349523K(349568K), 0.0732584 secs] 486543K->367234K(506816K), [Metaspace: 2526K->2526K(1056768K)], 0.0734632 secs] [Times: user=0.07 sys=0.00, real=0.07 secs] 
2.848: [Full GC (Allocation Failure) 2.848: [Tenured: 349523K->349418K(349568K), 0.0963506 secs] 506594K->365847K(506816K), [Metaspace: 2526K->2526K(1056768K)], 0.0964641 secs] [Times: user=0.09 sys=0.00, real=0.09 secs] 
3.010: [Full GC (Allocation Failure) 3.010: [Tenured: 349418K->349279K(349568K), 0.1091326 secs] 506351K->369486K(506816K), [Metaspace: 2526K->2526K(1056768K)], 0.1092674 secs] [Times: user=0.10 sys=0.01, real=0.11 secs] 
3.183: [Full GC (Allocation Failure) 3.183: [Tenured: 349279K->349319K(349568K), 0.1185893 secs] 506395K->355183K(506816K), [Metaspace: 2526K->2526K(1056768K)], 0.1186874 secs] [Times: user=0.12 sys=0.00, real=0.12 secs] 
3.349: [Full GC (Allocation Failure) 3.349: [Tenured: 349319K->349285K(349568K), 0.0678513 secs] 506508K->378337K(506816K), [Metaspace: 2526K->2526K(1056768K)], 0.0679192 secs] [Times: user=0.06 sys=0.00, real=0.06 secs] 
3.455: [Full GC (Allocation Failure) 3.455: [Tenured: 349285K->349421K(349568K), 0.0889389 secs] 506381K->386645K(506816K), [Metaspace: 2526K->2526K(1056768K)], 0.0890063 secs] [Times: user=0.09 sys=0.00, real=0.09 secs] 
3.584: [Full GC (Allocation Failure) 3.584: [Tenured: 349421K->349131K(349568K), 0.0946682 secs] 506147K->382682K(506816K), [Metaspace: 2526K->2526K(1056768K)], 0.0947531 secs] [Times: user=0.09 sys=0.00, real=0.10 secs] 
3.719: [Full GC (Allocation Failure) 3.719: [Tenured: 349401K->349461K(349568K), 0.1116154 secs] 506633K->363290K(506816K), [Metaspace: 2526K->2526K(1056768K)], 0.1117039 secs] [Times: user=0.12 sys=0.00, real=0.11 secs] 
3.902: [Full GC (Allocation Failure) 3.902: [Tenured: 349461K->349493K(349568K), 0.0899770 secs] 506515K->374231K(506816K), [Metaspace: 2526K->2526K(1056768K)], 0.0900842 secs] [Times: user=0.09 sys=0.00, real=0.09 secs] 
4.056: [Full GC (Allocation Failure) 4.057: [Tenured: 349493K->349557K(349568K), 0.1086349 secs] 506540K->379213K(506816K), [Metaspace: 2526K->2526K(1056768K)], 0.1087568 secs] [Times: user=0.11 sys=0.00, real=0.11 secs] 
4.229: [Full GC (Allocation Failure) 4.229: [Tenured: 349557K->349504K(349568K), 0.1141472 secs] 506790K->375780K(506816K), [Metaspace: 2526K->2526K(1056768K)], 0.1142598 secs] [Times: user=0.11 sys=0.00, real=0.11 secs] 
4.404: [Full GC (Allocation Failure) 4.405: [Tenured: 349504K->349443K(349568K), 0.1229750 secs] 506639K->362742K(506816K), [Metaspace: 2526K->2526K(1056768K)], 0.1230943 secs] [Times: user=0.12 sys=0.00, real=0.13 secs] 
4.599: [Full GC (Allocation Failure) 4.599: [Tenured: 349443K->349549K(349568K), 0.0937043 secs] 506441K->379882K(506816K), [Metaspace: 2526K->2526K(1056768K)], 0.0938154 secs] [Times: user=0.10 sys=0.00, real=0.09 secs] 
4.753: [Full GC (Allocation Failure) 4.753: [Tenured: 349558K->349548K(349568K), 0.1076709 secs] 506805K->382241K(506816K), [Metaspace: 2526K->2526K(1056768K)], 0.1077821 secs] [Times: user=0.10 sys=0.00, real=0.11 secs] 
4.923: [Full GC (Allocation Failure) 4.923: [Tenured: 349548K->349471K(349568K), 0.1141045 secs] 506745K->382470K(506816K), [Metaspace: 2526K->2526K(1056768K)], 0.1142118 secs] [Times: user=0.12 sys=0.00, real=0.11 secs] 
5.097: [Full GC (Allocation Failure) 5.097: [Tenured: 349507K->349343K(349568K), 0.1230248 secs] 506730K->363532K(506816K), [Metaspace: 2526K->2526K(1056768K)], 0.1231348 secs] [Times: user=0.12 sys=0.00, real=0.13 secs] 
5.293: [Full GC (Allocation Failure) 5.293: [Tenured: 349451K->349540K(349568K), 0.0817499 secs] 506677K->375748K(506816K), [Metaspace: 2526K->2526K(1056768K)], 0.0819065 secs] [Times: user=0.09 sys=0.00, real=0.08 secs] 
5.440: [Full GC (Allocation Failure) 5.440: [Tenured: 349540K->348955K(349568K), 0.1062395 secs] 506385K->376670K(506816K), [Metaspace: 2526K->2526K(1056768K)], 0.1063549 secs] [Times: user=0.11 sys=0.00, real=0.10 secs] 
5.610: [Full GC (Allocation Failure) 5.610: [Tenured: 349120K->349295K(349568K), 0.1425360 secs] 506242K->380370K(506816K), [Metaspace: 2526K->2526K(1056768K)], 0.1426397 secs] [Times: user=0.13 sys=0.01, real=0.14 secs] 
5.845: [Full GC (Allocation Failure) 5.845: [Tenured: 349295K->349567K(349568K), 0.1531005 secs] 506112K->361011K(506816K), [Metaspace: 2526K->2526K(1056768K)], 0.1532050 secs] [Times: user=0.14 sys=0.02, real=0.16 secs] 
6.071: [Full GC (Allocation Failure) 6.071: [Tenured: 349567K->349281K(349568K), 0.0833560 secs] 506640K->374803K(506816K), [Metaspace: 2526K->2526K(1056768K)], 0.0834606 secs] [Times: user=0.08 sys=0.00, real=0.08 secs] 
6.217: [Full GC (Allocation Failure) 6.217: [Tenured: 349281K->349217K(349568K), 0.1052800 secs] 506453K->381284K(506816K), [Metaspace: 2526K->2526K(1056768K)], 0.1054176 secs] [Times: user=0.10 sys=0.00, real=0.11 secs] 
6.384: [Full GC (Allocation Failure) 6.384: [Tenured: 349475K->349016K(349568K), 0.1059491 secs] 506708K->377913K(506816K), [Metaspace: 2526K->2526K(1056768K)], 0.1060692 secs] [Times: user=0.11 sys=0.00, real=0.11 secs] 
6.551: [Full GC (Allocation Failure) 6.551: [Tenured: 349329K->349324K(349568K), 0.1225081 secs] 506562K->363224K(506816K), [Metaspace: 2526K->2526K(1056768K)], 0.1226158 secs] [Times: user=0.12 sys=0.00, real=0.12 secs] 
6.742: [Full GC (Allocation Failure) 6.742: [Tenured: 349487K->349072K(349568K), 0.1022138 secs] 506710K->378977K(506816K), [Metaspace: 2526K->2526K(1056768K)], 0.1023339 secs] [Times: user=0.10 sys=0.00, real=0.10 secs] 
6.909: [Full GC (Allocation Failure) 6.909: [Tenured: 349072K->349567K(349568K), 0.1039751 secs] 505797K->380309K(506816K), [Metaspace: 2526K->2526K(1056768K)], 0.1040923 secs] [Times: user=0.10 sys=0.00, real=0.10 secs] 
7.075: [Full GC (Allocation Failure) 7.075: [Tenured: 349567K->349487K(349568K), 0.1143523 secs] 506483K->385984K(506816K), [Metaspace: 2526K->2526K(1056768K)], 0.1144654 secs] [Times: user=0.12 sys=0.00, real=0.12 secs] 
7.244: [Full GC (Allocation Failure) 7.244: [Tenured: 349487K->349149K(349568K), 0.1341302 secs] 506562K->372573K(506816K), [Metaspace: 2526K->2526K(1056768K)], 0.1342440 secs] [Times: user=0.14 sys=0.00, real=0.14 secs] 
7.442: [Full GC (Allocation Failure) 7.442: [Tenured: 349149K->349425K(349568K), 0.0893995 secs] 506147K->390068K(506816K), [Metaspace: 2526K->2526K(1056768K)], 0.0895059 secs] [Times: user=0.09 sys=0.00, real=0.09 secs] 
7.589: [Full GC (Allocation Failure) 7.589: [Tenured: 349425K->349496K(349568K), 0.1047221 secs] 506408K->392763K(506816K), [Metaspace: 2526K->2526K(1056768K)], 0.1048246 secs] [Times: user=0.10 sys=0.00, real=0.10 secs] 
7.748: [Full GC (Allocation Failure) 7.748: [Tenured: 349496K->349521K(349568K), 0.1122531 secs] 506682K->391331K(506816K), [Metaspace: 2526K->2526K(1056768K)], 0.1123555 secs] [Times: user=0.12 sys=0.01, real=0.11 secs] 
7.915: [Full GC (Allocation Failure) 7.915: [Tenured: 349521K->349272K(349568K), 0.1273228 secs] 506244K->377015K(506816K), [Metaspace: 2526K->2526K(1056768K)], 0.1274310 secs] [Times: user=0.13 sys=0.00, real=0.13 secs] 
8.103: [Full GC (Allocation Failure) 8.103: [Tenured: 349496K->349330K(349568K), 0.0871081 secs] 506678K->396926K(506816K), [Metaspace: 2526K->2526K(1056768K)], 0.0872318 secs] [Times: user=0.09 sys=0.00, real=0.09 secs] 
8.246: [Full GC (Allocation Failure) 8.246: [Tenured: 349438K->349403K(349568K), 0.1943257 secs] 506658K->397261K(506816K), [Metaspace: 2526K->2526K(1056768K)], 0.1944357 secs] [Times: user=0.13 sys=0.06, real=0.20 secs] 
8.496: [Full GC (Allocation Failure) 8.496: [Tenured: 349550K->349392K(349568K), 0.1194654 secs] 506798K->396782K(506816K), [Metaspace: 2526K->2526K(1056768K)], 0.1195738 secs] [Times: user=0.11 sys=0.01, real=0.12 secs] 
8.668: [Full GC (Allocation Failure) 8.668: [Tenured: 349552K->349507K(349568K), 0.1278311 secs] 506760K->380666K(506816K), [Metaspace: 2526K->2526K(1056768K)], 0.1279372 secs] [Times: user=0.13 sys=0.00, real=0.12 secs] 
8.856: [Full GC (Allocation Failure) 8.856: [Tenured: 349507K->349420K(349568K), 0.0828524 secs] 506633K->394264K(506816K), [Metaspace: 2526K->2526K(1056768K)], 0.0829538 secs] [Times: user=0.08 sys=0.00, real=0.09 secs] 
8.990: [Full GC (Allocation Failure) 8.990: [Tenured: 349420K->349453K(349568K), 0.0876304 secs] 506448K->396887K(506816K), [Metaspace: 2526K->2526K(1056768K)], 0.0877022 secs] [Times: user=0.08 sys=0.00, real=0.09 secs] 
9.129: [Full GC (Allocation Failure) 9.129: [Tenured: 349453K->349493K(349568K), 0.0992014 secs] 506657K->396356K(506816K), [Metaspace: 2526K->2526K(1056768K)], 0.0992840 secs] [Times: user=0.10 sys=0.00, real=0.10 secs] 
9.283: [Full GC (Allocation Failure) 9.283: [Tenured: 349493K->349375K(349568K), 0.1218113 secs] 506579K->376632K(506816K), [Metaspace: 2526K->2526K(1056768K)], 0.1218844 secs] [Times: user=0.12 sys=0.00, real=0.12 secs] 
9.464: [Full GC (Allocation Failure) 9.464: [Tenured: 349498K->349222K(349568K), 0.0831409 secs] 506715K->384266K(506816K), [Metaspace: 2526K->2526K(1056768K)], 0.0832550 secs] [Times: user=0.08 sys=0.00, real=0.09 secs] 
9.605: [Full GC (Allocation Failure) 9.605: [Tenured: 349222K->349454K(349568K), 0.1024973 secs] 506200K->384888K(506816K), [Metaspace: 2526K->2526K(1056768K)], 0.1026062 secs] [Times: user=0.10 sys=0.00, real=0.10 secs] 
9.768: [Full GC (Allocation Failure) 9.768: [Tenured: 349454K->349424K(349568K), 0.1122308 secs] 506658K->388341K(506816K), [Metaspace: 2526K->2526K(1056768K)], 0.1123446 secs] [Times: user=0.11 sys=0.00, real=0.11 secs] 
9.937: [Full GC (Allocation Failure) 9.937: [Tenured: 349524K->349472K(349568K), 0.1255855 secs] 506766K->374096K(506816K), [Metaspace: 2526K->2526K(1056768K)], 0.1256932 secs] [Times: user=0.12 sys=0.00, real=0.13 secs] 
执行结束。共生成对象次数:31185
Heap
 def new generation   total 157248K, used 125501K [0x00000000e0000000, 0x00000000eaaa0000, 0x00000000eaaa0000)
  eden space 139776K,  89% used [0x00000000e0000000, 0x00000000e7a8f7f8, 0x00000000e8880000)
  from space 17472K,   0% used [0x00000000e8880000, 0x00000000e8880000, 0x00000000e9990000)
  to   space 17472K,   0% used [0x00000000e9990000, 0x00000000e9990000, 0x00000000eaaa0000)
 tenured generation   total 349568K, used 349472K [0x00000000eaaa0000, 0x0000000100000000, 0x0000000100000000)
   the space 349568K,  99% used [0x00000000eaaa0000, 0x00000000fffe8008, 0x00000000fffe8200, 0x0000000100000000)
 Metaspace       used 2533K, capacity 4486K, committed 4864K, reserved 1056768K
  class space    used 273K, capacity 386K, committed 512K, reserved 1048576K
开始执行.......
0.249: [GC (Allocation Failure) 0.249: [DefNew: 139776K->17472K(157248K), 0.0290011 secs] 139776K->42925K(506816K), 0.0290907 secs] [Times: user=0.02 sys=0.02, real=0.03 secs] 
0.330: [GC (Allocation Failure) 0.330: [DefNew: 157248K->17471K(157248K), 0.0480991 secs] 182701K->98428K(506816K), 0.0481643 secs] [Times: user=0.02 sys=0.03, real=0.05 secs] 
0.440: [GC (Allocation Failure) 0.440: [DefNew: 157247K->17471K(157248K), 0.0329560 secs] 238204K->138173K(506816K), 0.0330139 secs] [Times: user=0.02 sys=0.02, real=0.03 secs] 
0.538: [GC (Allocation Failure) 0.538: [DefNew: 157241K->17470K(157248K), 0.0375884 secs] 277942K->183903K(506816K), 0.0376463 secs] [Times: user=0.02 sys=0.02, real=0.03 secs] 
0.641: [GC (Allocation Failure) 0.641: [DefNew: 157246K->17472K(157248K), 0.0353469 secs] 323679K->227047K(506816K), 0.0354035 secs] [Times: user=0.02 sys=0.02, real=0.03 secs] 
0.741: [GC (Allocation Failure) 0.741: [DefNew: 157248K->17471K(157248K), 0.0369302 secs] 366823K->272221K(506816K), 0.0369892 secs] [Times: user=0.02 sys=0.02, real=0.04 secs] 
0.842: [GC (Allocation Failure) 0.842: [DefNew: 157121K->17471K(157248K), 0.0519001 secs] 411871K->315976K(506816K), 0.0519995 secs] [Times: user=0.02 sys=0.03, real=0.05 secs] 
0.957: [GC (Allocation Failure) 0.957: [DefNew: 157247K->157247K(157248K), 0.0000212 secs]0.957: [Tenured: 298504K->268440K(349568K), 0.0682243 secs] 455752K->268440K(506816K), [Metaspace: 2526K->2526K(1056768K)], 0.0683325 secs] [Times: user=0.07 sys=0.00, real=0.06 secs] 
1.070: [GC (Allocation Failure) 1.070: [DefNew: 139776K->17471K(157248K), 0.0160053 secs] 408216K->313146K(506816K), 0.0161016 secs] [Times: user=0.01 sys=0.00, real=0.01 secs] 
1.129: [GC (Allocation Failure) 1.129: [DefNew: 157247K->17471K(157248K), 0.0518885 secs] 452922K->353112K(506816K), 0.0520057 secs] [Times: user=0.03 sys=0.02, real=0.05 secs] 
1.240: [GC (Allocation Failure) 1.241: [DefNew: 157109K->157109K(157248K), 0.0000463 secs]1.241: [Tenured: 335640K->303614K(349568K), 0.0963097 secs] 492750K->303614K(506816K), [Metaspace: 2526K->2526K(1056768K)], 0.0964918 secs] [Times: user=0.10 sys=0.00, real=0.10 secs] 
1.408: [GC (Allocation Failure) 1.408: [DefNew: 139096K->17470K(157248K), 0.0167615 secs] 442711K->343966K(506816K), 0.0168658 secs] [Times: user=0.02 sys=0.00, real=0.01 secs] 
1.478: [GC (Allocation Failure) 1.478: [DefNew: 157246K->157246K(157248K), 0.0000780 secs]1.478: [Tenured: 326496K->321810K(349568K), 0.1013150 secs] 483742K->321810K(506816K), [Metaspace: 2526K->2526K(1056768K)], 0.1015295 secs] [Times: user=0.10 sys=0.00, real=0.10 secs] 
1.662: [GC (Allocation Failure) 1.662: [DefNew: 139776K->139776K(157248K), 0.0000522 secs]1.662: [Tenured: 321810K->312271K(349568K), 0.1822439 secs] 461586K->312271K(506816K), [Metaspace: 2526K->2526K(1056768K)], 0.1824022 secs] [Times: user=0.11 sys=0.08, real=0.18 secs] 
1.938: [GC (Allocation Failure) 1.938: [DefNew: 139776K->139776K(157248K), 0.0000479 secs]1.938: [Tenured: 312271K->345855K(349568K), 0.0688999 secs] 452047K->345855K(506816K), [Metaspace: 2526K->2526K(1056768K)], 0.0690590 secs] [Times: user=0.06 sys=0.00, real=0.07 secs] 
2.075: [GC (Allocation Failure) 2.075: [DefNew: 139776K->139776K(157248K), 0.0000473 secs]2.075: [Tenured: 345855K->349225K(349568K), 0.0962156 secs] 485631K->351777K(506816K), [Metaspace: 2526K->2526K(1056768K)], 0.0963690 secs] [Times: user=0.09 sys=0.01, real=0.10 secs] 
2.266: [Full GC (Allocation Failure) 2.266: [Tenured: 349369K->349562K(349568K), 0.1702397 secs] 506486K->356983K(506816K), [Metaspace: 2526K->2526K(1056768K)], 0.1703273 secs] [Times: user=0.13 sys=0.05, real=0.17 secs] 
2.508: [Full GC (Allocation Failure) 2.508: [Tenured: 349562K->343836K(349568K), 0.1338023 secs] 506805K->343836K(506816K), [Metaspace: 2526K->2526K(1056768K)], 0.1338925 secs] [Times: user=0.12 sys=0.01, real=0.13 secs] 
2.712: [GC (Allocation Failure) 2.712: [DefNew: 139776K->139776K(157248K), 0.0000493 secs]2.712: [Tenured: 343836K->349260K(349568K), 0.0811027 secs] 483612K->363854K(506816K), [Metaspace: 2526K->2526K(1056768K)], 0.0812814 secs] [Times: user=0.08 sys=0.00, real=0.08 secs] 
2.855: [Full GC (Allocation Failure) 2.855: [Tenured: 349449K->349379K(349568K), 0.1070629 secs] 506670K->377359K(506816K), [Metaspace: 2526K->2526K(1056768K)], 0.1072372 secs] [Times: user=0.10 sys=0.00, real=0.11 secs] 
3.028: [Full GC (Allocation Failure) 3.028: [Tenured: 349379K->349537K(349568K), 0.1200513 secs] 506581K->376452K(506816K), [Metaspace: 2526K->2526K(1056768K)], 0.1201534 secs] [Times: user=0.11 sys=0.00, real=0.12 secs] 
3.187: [Full GC (Allocation Failure) 3.187: [Tenured: 349537K->349400K(349568K), 0.1071215 secs] 506538K->364271K(506816K), [Metaspace: 2526K->2526K(1056768K)], 0.1072067 secs] [Times: user=0.11 sys=0.00, real=0.10 secs] 
3.338: [Full GC (Allocation Failure) 3.338: [Tenured: 349400K->349516K(349568K), 0.0692104 secs] 506616K->381410K(506816K), [Metaspace: 2526K->2526K(1056768K)], 0.0692875 secs] [Times: user=0.07 sys=0.01, real=0.07 secs] 
3.460: [Full GC (Allocation Failure) 3.460: [Tenured: 349516K->349561K(349568K), 0.0936275 secs] 506685K->385767K(506816K), [Metaspace: 2526K->2526K(1056768K)], 0.0937012 secs] [Times: user=0.10 sys=0.00, real=0.09 secs] 
3.610: [Full GC (Allocation Failure) 3.610: [Tenured: 349561K->349209K(349568K), 0.1061455 secs] 506780K->387683K(506816K), [Metaspace: 2526K->2526K(1056768K)], 0.1062870 secs] [Times: user=0.11 sys=0.00, real=0.10 secs] 
3.775: [Full GC (Allocation Failure) 3.775: [Tenured: 349544K->349494K(349568K), 0.1246254 secs] 506756K->369130K(506816K), [Metaspace: 2526K->2526K(1056768K)], 0.1247285 secs] [Times: user=0.12 sys=0.00, real=0.13 secs] 
3.967: [Full GC (Allocation Failure) 3.967: [Tenured: 349494K->349414K(349568K), 0.0894966 secs] 506603K->389902K(506816K), [Metaspace: 2526K->2526K(1056768K)], 0.0896072 secs] [Times: user=0.09 sys=0.00, real=0.09 secs] 
4.113: [Full GC (Allocation Failure) 4.113: [Tenured: 349492K->349524K(349568K), 0.1100309 secs] 506669K->386103K(506816K), [Metaspace: 2526K->2526K(1056768K)], 0.1101493 secs] [Times: user=0.11 sys=0.00, real=0.11 secs] 
4.282: [Full GC (Allocation Failure) 4.282: [Tenured: 349524K->349537K(349568K), 0.1154807 secs] 506753K->385653K(506816K), [Metaspace: 2526K->2526K(1056768K)], 0.1155893 secs] [Times: user=0.12 sys=0.00, real=0.12 secs] 
4.459: [Full GC (Allocation Failure) 4.459: [Tenured: 349537K->349328K(349568K), 0.1316863 secs] 506744K->373998K(506816K), [Metaspace: 2526K->2526K(1056768K)], 0.1318085 secs] [Times: user=0.13 sys=0.00, real=0.13 secs] 
4.654: [Full GC (Allocation Failure) 4.654: [Tenured: 349328K->348986K(349568K), 0.0811742 secs] 506538K->397909K(506816K), [Metaspace: 2526K->2526K(1056768K)], 0.0812935 secs] [Times: user=0.08 sys=0.00, real=0.08 secs] 
4.789: [Full GC (Allocation Failure) 4.789: [Tenured: 349546K->349430K(349568K), 0.1012852 secs] 506794K->400004K(506816K), [Metaspace: 2526K->2526K(1056768K)], 0.1014076 secs] [Times: user=0.10 sys=0.00, real=0.10 secs] 
4.941: [Full GC (Allocation Failure) 4.941: [Tenured: 349430K->349380K(349568K), 0.1171033 secs] 506360K->405970K(506816K), [Metaspace: 2526K->2526K(1056768K)], 0.1172102 secs] [Times: user=0.12 sys=0.00, real=0.12 secs] 
5.108: [Full GC (Allocation Failure) 5.108: [Tenured: 349452K->349526K(349568K), 0.1288247 secs] 506697K->383324K(506816K), [Metaspace: 2526K->2526K(1056768K)], 0.1289263 secs] [Times: user=0.13 sys=0.00, real=0.13 secs] 
5.300: [Full GC (Allocation Failure) 5.300: [Tenured: 349526K->349553K(349568K), 0.1200036 secs] 506740K->396547K(506816K), [Metaspace: 2526K->2526K(1056768K)], 0.1201306 secs] [Times: user=0.10 sys=0.02, real=0.12 secs] 
5.499: [Full GC (Allocation Failure) 5.500: [Tenured: 349553K->349445K(349568K), 0.1099632 secs] 506457K->391908K(506816K), [Metaspace: 2526K->2526K(1056768K)], 0.1100792 secs] [Times: user=0.11 sys=0.00, real=0.11 secs] 
5.667: [Full GC (Allocation Failure) 5.667: [Tenured: 349445K->349007K(349568K), 0.1253991 secs] 506531K->394215K(506816K), [Metaspace: 2526K->2526K(1056768K)], 0.1255260 secs] [Times: user=0.12 sys=0.01, real=0.12 secs] 
5.845: [Full GC (Allocation Failure) 5.846: [Tenured: 349007K->349493K(349568K), 0.1503181 secs] 505730K->378926K(506816K), [Metaspace: 2526K->2526K(1056768K)], 0.1504133 secs] [Times: user=0.13 sys=0.02, real=0.15 secs] 
6.057: [Full GC (Allocation Failure) 6.057: [Tenured: 349493K->349483K(349568K), 0.0774577 secs] 506718K->395633K(506816K), [Metaspace: 2526K->2526K(1056768K)], 0.0775587 secs] [Times: user=0.07 sys=0.00, real=0.07 secs] 
6.195: [Full GC (Allocation Failure) 6.195: [Tenured: 349483K->349437K(349568K), 0.1043631 secs] 506676K->394233K(506816K), [Metaspace: 2526K->2526K(1056768K)], 0.1044875 secs] [Times: user=0.11 sys=0.00, real=0.11 secs] 
6.356: [Full GC (Allocation Failure) 6.356: [Tenured: 349437K->349345K(349568K), 0.1130357 secs] 506559K->393461K(506816K), [Metaspace: 2526K->2526K(1056768K)], 0.1131408 secs] [Times: user=0.12 sys=0.00, real=0.12 secs] 
6.521: [Full GC (Allocation Failure) 6.521: [Tenured: 349345K->349528K(349568K), 0.1378081 secs] 506501K->380867K(506816K), [Metaspace: 2526K->2526K(1056768K)], 0.1379146 secs] [Times: user=0.14 sys=0.00, real=0.14 secs] 
6.722: [Full GC (Allocation Failure) 6.722: [Tenured: 349528K->349531K(349568K), 0.0746293 secs] 506721K->404625K(506816K), [Metaspace: 2526K->2526K(1056768K)], 0.0747428 secs] [Times: user=0.08 sys=0.00, real=0.07 secs] 
6.847: [Full GC (Allocation Failure) 6.847: [Tenured: 349531K->349559K(349568K), 0.1084799 secs] 506697K->404411K(506816K), [Metaspace: 2526K->2526K(1056768K)], 0.1085876 secs] [Times: user=0.11 sys=0.00, real=0.10 secs] 
7.009: [Full GC (Allocation Failure) 7.009: [Tenured: 349559K->349531K(349568K), 0.1228940 secs] 506751K->400088K(506816K), [Metaspace: 2526K->2526K(1056768K)], 0.1230090 secs] [Times: user=0.12 sys=0.00, real=0.12 secs] 
7.190: [Full GC (Allocation Failure) 7.190: [Tenured: 349531K->349005K(349568K), 0.1283902 secs] 506735K->379726K(506816K), [Metaspace: 2526K->2526K(1056768K)], 0.1285228 secs] [Times: user=0.13 sys=0.00, real=0.13 secs] 
7.382: [Full GC (Allocation Failure) 7.382: [Tenured: 349005K->348990K(349568K), 0.0785534 secs] 506002K->393494K(506816K), [Metaspace: 2526K->2526K(1056768K)], 0.0786741 secs] [Times: user=0.08 sys=0.00, real=0.08 secs] 
7.516: [Full GC (Allocation Failure) 7.516: [Tenured: 349548K->349457K(349568K), 0.1081443 secs] 506778K->394309K(506816K), [Metaspace: 2526K->2526K(1056768K)], 0.1082573 secs] [Times: user=0.11 sys=0.00, real=0.11 secs] 
7.676: [Full GC (Allocation Failure) 7.676: [Tenured: 349553K->349066K(349568K), 0.1107927 secs] 506747K->390347K(506816K), [Metaspace: 2526K->2526K(1056768K)], 0.1109052 secs] [Times: user=0.11 sys=0.00, real=0.12 secs] 
7.842: [Full GC (Allocation Failure) 7.842: [Tenured: 349066K->349207K(349568K), 0.1251292 secs] 505957K->372382K(506816K), [Metaspace: 2526K->2526K(1056768K)], 0.1252384 secs] [Times: user=0.13 sys=0.00, real=0.13 secs] 
8.030: [Full GC (Allocation Failure) 8.030: [Tenured: 349545K->349517K(349568K), 0.1010260 secs] 506580K->392518K(506816K), [Metaspace: 2526K->2526K(1056768K)], 0.1011439 secs] [Times: user=0.10 sys=0.00, real=0.10 secs] 
8.188: [Full GC (Allocation Failure) 8.188: [Tenured: 349517K->349496K(349568K), 0.1126917 secs] 506215K->396495K(506816K), [Metaspace: 2526K->2526K(1056768K)], 0.1128094 secs] [Times: user=0.11 sys=0.00, real=0.11 secs] 
8.355: [Full GC (Allocation Failure) 8.355: [Tenured: 349496K->349318K(349568K), 0.1172347 secs] 506641K->395110K(506816K), [Metaspace: 2526K->2526K(1056768K)], 0.1173624 secs] [Times: user=0.11 sys=0.00, real=0.12 secs] 
8.528: [Full GC (Allocation Failure) 8.528: [Tenured: 349541K->349561K(349568K), 0.1777654 secs] 506772K->381822K(506816K), [Metaspace: 2526K->2526K(1056768K)], 0.1778775 secs] [Times: user=0.15 sys=0.03, real=0.17 secs] 
8.766: [Full GC (Allocation Failure) 8.766: [Tenured: 349561K->349547K(349568K), 0.1108373 secs] 506302K->403473K(506816K), [Metaspace: 2526K->2526K(1056768K)], 0.1109454 secs] [Times: user=0.09 sys=0.02, real=0.12 secs] 
8.927: [Full GC (Allocation Failure) 8.927: [Tenured: 349547K->349290K(349568K), 0.1320541 secs] 506521K->404813K(506816K), [Metaspace: 2526K->2526K(1056768K)], 0.1321632 secs] [Times: user=0.12 sys=0.01, real=0.13 secs] 
9.109: [Full GC (Allocation Failure) 9.109: [Tenured: 349290K->349396K(349568K), 0.1178635 secs] 506165K->401866K(506816K), [Metaspace: 2526K->2526K(1056768K)], 0.1179679 secs] [Times: user=0.11 sys=0.00, real=0.12 secs] 
9.281: [Full GC (Allocation Failure) 9.281: [Tenured: 349396K->349292K(349568K), 0.1269960 secs] 506599K->378355K(506816K), [Metaspace: 2526K->2526K(1056768K)], 0.1271020 secs] [Times: user=0.13 sys=0.00, real=0.13 secs] 
9.470: [Full GC (Allocation Failure) 9.470: [Tenured: 349508K->349487K(349568K), 0.0996298 secs] 506695K->396710K(506816K), [Metaspace: 2526K->2526K(1056768K)], 0.0997814 secs] [Times: user=0.09 sys=0.01, real=0.10 secs] 
9.621: [Full GC (Allocation Failure) 9.621: [Tenured: 349487K->349475K(349568K), 0.1069628 secs] 506060K->395285K(506816K), [Metaspace: 2526K->2526K(1056768K)], 0.1070680 secs] [Times: user=0.10 sys=0.00, real=0.11 secs] 
9.780: [Full GC (Allocation Failure) 9.781: [Tenured: 349547K->349326K(349568K), 0.1179364 secs] 506794K->396563K(506816K), [Metaspace: 2526K->2526K(1056768K)], 0.1180433 secs] [Times: user=0.11 sys=0.00, real=0.12 secs] 
9.951: [Full GC (Allocation Failure) 9.951: [Tenured: 349374K->349420K(349568K), 0.1291512 secs] 506611K->379266K(506816K), [Metaspace: 2526K->2526K(1056768K)], 0.1292638 secs] [Times: user=0.13 sys=0.00, real=0.13 secs] 
执行结束。共生成对象次数:29480
Heap
 def new generation   total 157248K, used 139776K [0x00000000e0000000, 0x00000000eaaa0000, 0x00000000eaaa0000)
  eden space 139776K, 100% used [0x00000000e0000000, 0x00000000e8880000, 0x00000000e8880000)
  from space 17472K,   0% used [0x00000000e8880000, 0x00000000e8880000, 0x00000000e9990000)
  to   space 17472K,   0% used [0x00000000e9990000, 0x00000000e9990000, 0x00000000eaaa0000)
 tenured generation   total 349568K, used 349420K [0x00000000eaaa0000, 0x0000000100000000, 0x0000000100000000)
   the space 349568K,  99% used [0x00000000eaaa0000, 0x00000000fffdb060, 0x00000000fffdb200, 0x0000000100000000)
 Metaspace       used 2533K, capacity 4486K, committed 4864K, reserved 1056768K
  class space    used 273K, capacity 386K, committed 512K, reserved 1048576K
开始执行.......
0.221: [GC (Allocation Failure) 0.221: [DefNew: 139776K->17472K(157248K), 0.0308395 secs] 139776K->48399K(506816K), 0.0309271 secs] [Times: user=0.03 sys=0.02, real=0.03 secs] 
0.301: [GC (Allocation Failure) 0.301: [DefNew: 156965K->17471K(157248K), 0.0406311 secs] 187893K->94269K(506816K), 0.0407097 secs] [Times: user=0.01 sys=0.03, real=0.04 secs] 
0.398: [GC (Allocation Failure) 0.398: [DefNew: 157247K->17469K(157248K), 0.0367993 secs] 234045K->144975K(506816K), 0.0368903 secs] [Times: user=0.02 sys=0.02, real=0.04 secs] 
0.489: [GC (Allocation Failure) 0.489: [DefNew: 157245K->17470K(157248K), 0.0589035 secs] 284751K->197817K(506816K), 0.0589957 secs] [Times: user=0.03 sys=0.03, real=0.06 secs] 
0.611: [GC (Allocation Failure) 0.611: [DefNew: 157246K->17471K(157248K), 0.0340500 secs] 337593K->242085K(506816K), 0.0341558 secs] [Times: user=0.01 sys=0.02, real=0.04 secs] 
0.707: [GC (Allocation Failure) 0.707: [DefNew: 157247K->17468K(157248K), 0.0402434 secs] 381861K->281708K(506816K), 0.0403595 secs] [Times: user=0.02 sys=0.02, real=0.04 secs] 
0.789: [GC (Allocation Failure) 0.790: [DefNew: 157244K->17471K(157248K), 0.0334780 secs] 421484K->326167K(506816K), 0.0335540 secs] [Times: user=0.02 sys=0.01, real=0.04 secs] 
0.869: [GC (Allocation Failure) 0.869: [DefNew: 156675K->156675K(157248K), 0.0000321 secs]0.870: [Tenured: 308696K->269029K(349568K), 0.0821355 secs] 465371K->269029K(506816K), [Metaspace: 2526K->2526K(1056768K)], 0.0822949 secs] [Times: user=0.08 sys=0.00, real=0.09 secs] 
1.015: [GC (Allocation Failure) 1.015: [DefNew: 139776K->17469K(157248K), 0.0191252 secs] 408805K->315504K(506816K), 0.0192472 secs] [Times: user=0.01 sys=0.00, real=0.02 secs] 
1.089: [GC (Allocation Failure) 1.089: [DefNew: 157167K->157167K(157248K), 0.0000350 secs]1.089: [Tenured: 298034K->294599K(349568K), 0.0947568 secs] 455202K->294599K(506816K), [Metaspace: 2526K->2526K(1056768K)], 0.0949270 secs] [Times: user=0.10 sys=0.00, real=0.10 secs] 
1.248: [GC (Allocation Failure) 1.248: [DefNew: 139776K->17470K(157248K), 0.0225969 secs] 434375K->333714K(506816K), 0.0227180 secs] [Times: user=0.02 sys=0.01, real=0.02 secs] 
1.334: [GC (Allocation Failure) 1.334: [DefNew: 157171K->157171K(157248K), 0.0000518 secs]1.334: [Tenured: 316243K->310715K(349568K), 0.0926685 secs] 473415K->310715K(506816K), [Metaspace: 2526K->2526K(1056768K)], 0.0928580 secs] [Times: user=0.09 sys=0.00, real=0.09 secs] 
1.470: [GC (Allocation Failure) 1.470: [DefNew: 139388K->139388K(157248K), 0.0000310 secs]1.471: [Tenured: 310715K->303201K(349568K), 0.0916029 secs] 450104K->303201K(506816K), [Metaspace: 2526K->2526K(1056768K)], 0.0917479 secs] [Times: user=0.09 sys=0.00, real=0.10 secs] 
1.624: [GC (Allocation Failure) 1.624: [DefNew: 139776K->17470K(157248K), 0.0280977 secs] 442977K->349018K(506816K), 0.0282386 secs] [Times: user=0.02 sys=0.01, real=0.03 secs] 
1.722: [GC (Allocation Failure) 1.722: [DefNew: 157246K->157246K(157248K), 0.0000658 secs]1.723: [Tenured: 331547K->331865K(349568K), 0.1086814 secs] 488794K->331865K(506816K), [Metaspace: 2526K->2526K(1056768K)], 0.1088890 secs] [Times: user=0.10 sys=0.01, real=0.11 secs] 
1.931: [GC (Allocation Failure) 1.931: [DefNew: 139776K->139776K(157248K), 0.0000386 secs]1.931: [Tenured: 331865K->338059K(349568K), 0.1055962 secs] 471641K->338059K(506816K), [Metaspace: 2526K->2526K(1056768K)], 0.1057640 secs] [Times: user=0.10 sys=0.01, real=0.10 secs] 
2.103: [GC (Allocation Failure) 2.103: [DefNew: 139776K->139776K(157248K), 0.0000636 secs]2.103: [Tenured: 338059K->346426K(349568K), 0.1493057 secs] 477835K->346426K(506816K), [Metaspace: 2526K->2526K(1056768K)], 0.1495226 secs] [Times: user=0.12 sys=0.04, real=0.15 secs] 
2.319: [GC (Allocation Failure) 2.319: [DefNew: 139390K->139390K(157248K), 0.0000764 secs]2.320: [Tenured: 346426K->335402K(349568K), 0.1790284 secs] 485817K->335402K(506816K), [Metaspace: 2526K->2526K(1056768K)], 0.1792695 secs] [Times: user=0.14 sys=0.05, real=0.18 secs] 
2.566: [GC (Allocation Failure) 2.567: [DefNew: 139776K->139776K(157248K), 0.0000673 secs]2.567: [Tenured: 335402K->349105K(349568K), 0.0709384 secs] 475178K->352815K(506816K), [Metaspace: 2526K->2526K(1056768K)], 0.0711769 secs] [Times: user=0.06 sys=0.00, real=0.07 secs] 
2.712: [Full GC (Allocation Failure) 2.712: [Tenured: 349105K->349362K(349568K), 0.0982637 secs] 506007K->354998K(506816K), [Metaspace: 2526K->2526K(1056768K)], 0.0983937 secs] [Times: user=0.10 sys=0.00, real=0.09 secs] 
2.884: [Full GC (Allocation Failure) 2.884: [Tenured: 349362K->349330K(349568K), 0.0964885 secs] 506444K->361032K(506816K), [Metaspace: 2526K->2526K(1056768K)], 0.0966136 secs] [Times: user=0.10 sys=0.00, real=0.09 secs] 
3.024: [Full GC (Allocation Failure) 3.025: [Tenured: 349330K->349549K(349568K), 0.1055250 secs] 506487K->352021K(506816K), [Metaspace: 2526K->2526K(1056768K)], 0.1056222 secs] [Times: user=0.11 sys=0.00, real=0.10 secs] 
3.177: [Full GC (Allocation Failure) 3.177: [Tenured: 349549K->349526K(349568K), 0.0746480 secs] 506542K->365791K(506816K), [Metaspace: 2526K->2526K(1056768K)], 0.0747419 secs] [Times: user=0.08 sys=0.00, real=0.08 secs] 
3.295: [Full GC (Allocation Failure) 3.295: [Tenured: 349526K->349457K(349568K), 0.0922014 secs] 506756K->369508K(506816K), [Metaspace: 2526K->2526K(1056768K)], 0.0923036 secs] [Times: user=0.09 sys=0.00, real=0.09 secs] 
3.442: [Full GC (Allocation Failure) 3.442: [Tenured: 349457K->348812K(349568K), 0.1069446 secs] 506642K->373188K(506816K), [Metaspace: 2526K->2526K(1056768K)], 0.1070676 secs] [Times: user=0.11 sys=0.00, real=0.10 secs] 
3.610: [Full GC (Allocation Failure) 3.610: [Tenured: 348927K->349220K(349568K), 0.1212954 secs] 506098K->359880K(506816K), [Metaspace: 2526K->2526K(1056768K)], 0.1214357 secs] [Times: user=0.12 sys=0.00, real=0.13 secs] 
3.804: [Full GC (Allocation Failure) 3.805: [Tenured: 349220K->349441K(349568K), 0.0926764 secs] 506360K->377870K(506816K), [Metaspace: 2526K->2526K(1056768K)], 0.0928335 secs] [Times: user=0.09 sys=0.00, real=0.09 secs] 
3.963: [Full GC (Allocation Failure) 3.963: [Tenured: 349441K->349185K(349568K), 0.1046682 secs] 506310K->382040K(506816K), [Metaspace: 2526K->2526K(1056768K)], 0.1048041 secs] [Times: user=0.11 sys=0.00, real=0.10 secs] 
4.128: [Full GC (Allocation Failure) 4.128: [Tenured: 349464K->349393K(349568K), 0.1077202 secs] 506677K->373777K(506816K), [Metaspace: 2526K->2526K(1056768K)], 0.1078561 secs] [Times: user=0.11 sys=0.00, real=0.11 secs] 
4.302: [Full GC (Allocation Failure) 4.302: [Tenured: 349393K->349562K(349568K), 0.1304345 secs] 506566K->365588K(506816K), [Metaspace: 2526K->2526K(1056768K)], 0.1305854 secs] [Times: user=0.13 sys=0.00, real=0.13 secs] 
4.486: [Full GC (Allocation Failure) 4.487: [Tenured: 349562K->349426K(349568K), 0.0795482 secs] 506752K->390015K(506816K), [Metaspace: 2526K->2526K(1056768K)], 0.0796805 secs] [Times: user=0.08 sys=0.00, real=0.08 secs] 
4.617: [Full GC (Allocation Failure) 4.617: [Tenured: 349426K->349516K(349568K), 0.1023751 secs] 506530K->382174K(506816K), [Metaspace: 2526K->2526K(1056768K)], 0.1025081 secs] [Times: user=0.11 sys=0.00, real=0.10 secs] 
4.774: [Full GC (Allocation Failure) 4.774: [Tenured: 349516K->349512K(349568K), 0.1182861 secs] 506715K->382552K(506816K), [Metaspace: 2526K->2526K(1056768K)], 0.1184227 secs] [Times: user=0.12 sys=0.00, real=0.12 secs] 
4.956: [Full GC (Allocation Failure) 4.956: [Tenured: 349512K->349566K(349568K), 0.1416485 secs] 506666K->363168K(506816K), [Metaspace: 2526K->2526K(1056768K)], 0.1417783 secs] [Times: user=0.13 sys=0.02, real=0.14 secs] 
5.196: [Full GC (Allocation Failure) 5.196: [Tenured: 349566K->349398K(349568K), 0.0843432 secs] 506739K->382403K(506816K), [Metaspace: 2526K->2526K(1056768K)], 0.0844779 secs] [Times: user=0.08 sys=0.00, real=0.08 secs] 
5.331: [Full GC (Allocation Failure) 5.331: [Tenured: 349398K->349216K(349568K), 0.1068684 secs] 506587K->380925K(506816K), [Metaspace: 2526K->2526K(1056768K)], 0.1069796 secs] [Times: user=0.11 sys=0.00, real=0.10 secs] 
5.497: [Full GC (Allocation Failure) 5.497: [Tenured: 349216K->349313K(349568K), 0.1173051 secs] 506389K->377225K(506816K), [Metaspace: 2526K->2526K(1056768K)], 0.1174531 secs] [Times: user=0.10 sys=0.01, real=0.12 secs] 
5.676: [Full GC (Allocation Failure) 5.676: [Tenured: 349494K->349397K(349568K), 0.1431122 secs] 506679K->367376K(506816K), [Metaspace: 2526K->2526K(1056768K)], 0.1432414 secs] [Times: user=0.12 sys=0.01, real=0.14 secs] 
5.888: [Full GC (Allocation Failure) 5.888: [Tenured: 349537K->349472K(349568K), 0.0781529 secs] 506783K->379252K(506816K), [Metaspace: 2526K->2526K(1056768K)], 0.0782743 secs] [Times: user=0.08 sys=0.00, real=0.08 secs] 
6.026: [Full GC (Allocation Failure) 6.026: [Tenured: 349508K->349506K(349568K), 0.0986839 secs] 506725K->375446K(506816K), [Metaspace: 2526K->2526K(1056768K)], 0.0988190 secs] [Times: user=0.10 sys=0.00, real=0.10 secs] 
6.185: [Full GC (Allocation Failure) 6.185: [Tenured: 349506K->349489K(349568K), 0.1066866 secs] 506385K->376465K(506816K), [Metaspace: 2526K->2526K(1056768K)], 0.1068264 secs] [Times: user=0.11 sys=0.00, real=0.11 secs] 
6.336: [Full GC (Allocation Failure) 6.336: [Tenured: 349489K->349509K(349568K), 0.1205456 secs] 506519K->363076K(506816K), [Metaspace: 2526K->2526K(1056768K)], 0.1206460 secs] [Times: user=0.12 sys=0.00, real=0.12 secs] 
6.525: [Full GC (Allocation Failure) 6.525: [Tenured: 349536K->349035K(349568K), 0.0824551 secs] 506780K->382721K(506816K), [Metaspace: 2526K->2526K(1056768K)], 0.0825967 secs] [Times: user=0.08 sys=0.00, real=0.08 secs] 
6.667: [Full GC (Allocation Failure) 6.667: [Tenured: 349446K->349523K(349568K), 0.1029148 secs] 506664K->386930K(506816K), [Metaspace: 2526K->2526K(1056768K)], 0.1030381 secs] [Times: user=0.10 sys=0.00, real=0.10 secs] 
6.832: [Full GC (Allocation Failure) 6.832: [Tenured: 349523K->349562K(349568K), 0.1089790 secs] 506488K->384522K(506816K), [Metaspace: 2526K->2526K(1056768K)], 0.1091246 secs] [Times: user=0.11 sys=0.00, real=0.11 secs] 
7.002: [Full GC (Allocation Failure) 7.002: [Tenured: 349562K->349429K(349568K), 0.1228638 secs] 506669K->364187K(506816K), [Metaspace: 2526K->2526K(1056768K)], 0.1230126 secs] [Times: user=0.12 sys=0.00, real=0.12 secs] 
7.190: [Full GC (Allocation Failure) 7.190: [Tenured: 349501K->348935K(349568K), 0.0766803 secs] 506691K->380460K(506816K), [Metaspace: 2526K->2526K(1056768K)], 0.0768237 secs] [Times: user=0.08 sys=0.00, real=0.08 secs] 
7.316: [Full GC (Allocation Failure) 7.316: [Tenured: 349489K->349562K(349568K), 0.0992105 secs] 506631K->386416K(506816K), [Metaspace: 2526K->2526K(1056768K)], 0.0993365 secs] [Times: user=0.10 sys=0.00, real=0.10 secs] 
7.475: [Full GC (Allocation Failure) 7.475: [Tenured: 349562K->349513K(349568K), 0.1122630 secs] 506684K->385747K(506816K), [Metaspace: 2526K->2526K(1056768K)], 0.1124123 secs] [Times: user=0.11 sys=0.00, real=0.11 secs] 
7.625: [Full GC (Allocation Failure) 7.625: [Tenured: 349513K->349530K(349568K), 0.1255410 secs] 506706K->374337K(506816K), [Metaspace: 2526K->2526K(1056768K)], 0.1256587 secs] [Times: user=0.12 sys=0.00, real=0.12 secs] 
7.810: [Full GC (Allocation Failure) 7.810: [Tenured: 349530K->349367K(349568K), 0.1012445 secs] 506730K->392601K(506816K), [Metaspace: 2526K->2526K(1056768K)], 0.1013865 secs] [Times: user=0.09 sys=0.02, real=0.11 secs] 
7.966: [Full GC (Allocation Failure) 7.966: [Tenured: 349462K->349458K(349568K), 0.1630036 secs] 506697K->392408K(506816K), [Metaspace: 2526K->2526K(1056768K)], 0.1631325 secs] [Times: user=0.11 sys=0.05, real=0.16 secs] 
8.178: [Full GC (Allocation Failure) 8.178: [Tenured: 349521K->349449K(349568K), 0.1152995 secs] 506766K->393793K(506816K), [Metaspace: 2526K->2526K(1056768K)], 0.1154394 secs] [Times: user=0.11 sys=0.01, real=0.12 secs] 
8.347: [Full GC (Allocation Failure) 8.347: [Tenured: 349511K->349530K(349568K), 0.1238692 secs] 506707K->369443K(506816K), [Metaspace: 2526K->2526K(1056768K)], 0.1239875 secs] [Times: user=0.13 sys=0.00, real=0.12 secs] 
8.534: [Full GC (Allocation Failure) 8.534: [Tenured: 349530K->349463K(349568K), 0.0843212 secs] 506663K->393717K(506816K), [Metaspace: 2526K->2526K(1056768K)], 0.0844629 secs] [Times: user=0.08 sys=0.00, real=0.08 secs] 
8.673: [Full GC (Allocation Failure) 8.673: [Tenured: 349463K->349487K(349568K), 0.1078803 secs] 506400K->402170K(506816K), [Metaspace: 2526K->2526K(1056768K)], 0.1080048 secs] [Times: user=0.11 sys=0.00, real=0.11 secs] 
8.828: [Full GC (Allocation Failure) 8.828: [Tenured: 349487K->349490K(349568K), 0.1109230 secs] 506689K->410965K(506816K), [Metaspace: 2526K->2526K(1056768K)], 0.1110777 secs] [Times: user=0.12 sys=0.00, real=0.11 secs] 
8.984: [Full GC (Allocation Failure) 8.984: [Tenured: 349490K->349481K(349568K), 0.1305925 secs] 506432K->387731K(506816K), [Metaspace: 2526K->2526K(1056768K)], 0.1307825 secs] [Times: user=0.13 sys=0.00, real=0.13 secs] 
9.164: [Full GC (Allocation Failure) 9.164: [Tenured: 349559K->349321K(349568K), 0.0709636 secs] 506772K->401289K(506816K), [Metaspace: 2526K->2526K(1056768K)], 0.0710930 secs] [Times: user=0.07 sys=0.00, real=0.07 secs] 
9.287: [Full GC (Allocation Failure) 9.288: [Tenured: 349321K->349403K(349568K), 0.1024838 secs] 506482K->401120K(506816K), [Metaspace: 2526K->2526K(1056768K)], 0.1026346 secs] [Times: user=0.10 sys=0.00, real=0.10 secs] 
9.437: [Full GC (Allocation Failure) 9.437: [Tenured: 349563K->349518K(349568K), 0.1137163 secs] 506807K->399620K(506816K), [Metaspace: 2526K->2526K(1056768K)], 0.1138591 secs] [Times: user=0.11 sys=0.00, real=0.12 secs] 
9.597: [Full GC (Allocation Failure) 9.597: [Tenured: 349518K->349513K(349568K), 0.1253029 secs] 506702K->381816K(506816K), [Metaspace: 2526K->2526K(1056768K)], 0.1254429 secs] [Times: user=0.13 sys=0.00, real=0.13 secs] 
9.775: [Full GC (Allocation Failure) 9.775: [Tenured: 349513K->349514K(349568K), 0.0740190 secs] 506751K->397555K(506816K), [Metaspace: 2526K->2526K(1056768K)], 0.0741601 secs] [Times: user=0.07 sys=0.00, real=0.07 secs] 
9.900: [Full GC (Allocation Failure) 9.900: [Tenured: 349514K->348970K(349568K), 0.1027121 secs] 506324K->391564K(506816K), [Metaspace: 2526K->2526K(1056768K)], 0.1028483 secs] [Times: user=0.11 sys=0.00, real=0.11 secs] 
10.055: [Full GC (Allocation Failure) 10.055: [Tenured: 349516K->349489K(349568K), 0.1099391 secs] 506691K->395366K(506816K), [Metaspace: 2526K->2526K(1056768K)], 0.1100575 secs] [Times: user=0.11 sys=0.00, real=0.11 secs] 
执行结束。共生成对象次数:32094
Heap
 def new generation   total 157248K, used 51256K [0x00000000e0000000, 0x00000000eaaa0000, 0x00000000eaaa0000)
  eden space 139776K,  36% used [0x00000000e0000000, 0x00000000e320e030, 0x00000000e8880000)
  from space 17472K,   0% used [0x00000000e8880000, 0x00000000e8880000, 0x00000000e9990000)
  to   space 17472K,   0% used [0x00000000e9990000, 0x00000000e9990000, 0x00000000eaaa0000)
 tenured generation   total 349568K, used 349489K [0x00000000eaaa0000, 0x0000000100000000, 0x0000000100000000)
   the space 349568K,  99% used [0x00000000eaaa0000, 0x00000000fffec7d8, 0x00000000fffec800, 0x0000000100000000)
 Metaspace       used 2533K, capacity 4486K, committed 4864K, reserved 1056768K
  class space    used 273K, capacity 386K, committed 512K, reserved 1048576K
