开始执行.......
0.220: [GC (Allocation Failure) 0.220: [ParNew: 139764K->17472K(157248K), 0.0123750 secs] 139764K->49099K(506816K), 0.0125361 secs] [Times: user=0.09 sys=0.08, real=0.02 secs] 
0.279: [GC (Allocation Failure) 0.279: [ParNew: 157248K->17472K(157248K), 0.0136379 secs] 188875K->90432K(506816K), 0.0137204 secs] [Times: user=0.12 sys=0.09, real=0.02 secs] 
0.339: [GC (Allocation Failure) 0.339: [ParNew: 157248K->17471K(157248K), 0.0330437 secs] 230208K->135859K(506816K), 0.0331355 secs] [Times: user=0.56 sys=0.02, real=0.04 secs] 
0.416: [GC (Allocation Failure) 0.416: [ParNew: 157247K->17468K(157248K), 0.0313914 secs] 275635K->177830K(506816K), 0.0314732 secs] [Times: user=0.53 sys=0.03, real=0.03 secs] 
0.488: [GC (Allocation Failure) 0.488: [ParNew: 157200K->17469K(157248K), 0.0545806 secs] 317561K->225634K(506816K), 0.0546540 secs] [Times: user=0.92 sys=0.05, real=0.06 secs] 
0.543: [GC (CMS Initial Mark) [1 CMS-initial-mark: 208165K(349568K)] 226422K(506816K), 0.0006784 secs] [Times: user=0.00 sys=0.00, real=0.00 secs] 
0.543: [CMS-concurrent-mark-start]
0.547: [CMS-concurrent-mark: 0.004/0.004 secs] [Times: user=0.02 sys=0.00, real=0.00 secs] 
0.547: [CMS-concurrent-preclean-start]
0.548: [CMS-concurrent-preclean: 0.001/0.001 secs] [Times: user=0.00 sys=0.00, real=0.00 secs] 
0.548: [CMS-concurrent-abortable-preclean-start]
0.586: [GC (Allocation Failure) 0.586: [ParNew: 157245K->17471K(157248K), 0.0338189 secs] 365410K->268434K(506816K), 0.0339390 secs] [Times: user=0.56 sys=0.03, real=0.03 secs] 
0.660: [GC (Allocation Failure) 0.660: [ParNew: 157201K->17468K(157248K), 0.0324392 secs] 408164K->307014K(506816K), 0.0325206 secs] [Times: user=0.55 sys=0.02, real=0.04 secs] 
0.735: [GC (Allocation Failure) 0.735: [ParNew: 157244K->17471K(157248K), 0.0340658 secs] 446790K->349290K(506816K), 0.0341399 secs] [Times: user=0.57 sys=0.03, real=0.03 secs] 
0.770: [CMS-concurrent-abortable-preclean: 0.006/0.221 secs] [Times: user=1.81 sys=0.08, real=0.22 secs] 
0.770: [GC (CMS Final Remark) [YG occupancy: 23093 K (157248 K)]0.770: [Rescan (parallel) , 0.0007133 secs]0.771: [weak refs processing, 0.0000163 secs]0.771: [class unloading, 0.0003096 secs]0.771: [scrub symbol table, 0.0003155 secs]0.771: [scrub string table, 0.0001608 secs][1 CMS-remark: 331819K(349568K)] 354913K(506816K), 0.0016257 secs] [Times: user=0.01 sys=0.00, real=0.01 secs] 
0.772: [CMS-concurrent-sweep-start]
0.773: [CMS-concurrent-sweep: 0.001/0.001 secs] [Times: user=0.00 sys=0.00, real=0.00 secs] 
0.773: [CMS-concurrent-reset-start]
0.775: [CMS-concurrent-reset: 0.003/0.003 secs] [Times: user=0.00 sys=0.00, real=0.00 secs] 
0.815: [GC (Allocation Failure) 0.815: [ParNew: 157247K->17471K(157248K), 0.0183462 secs] 440196K->345948K(506816K), 0.0184107 secs] [Times: user=0.32 sys=0.01, real=0.02 secs] 
0.833: [GC (CMS Initial Mark) [1 CMS-initial-mark: 328476K(349568K)] 346268K(506816K), 0.0003374 secs] [Times: user=0.00 sys=0.00, real=0.00 secs] 
0.834: [CMS-concurrent-mark-start]
0.835: [CMS-concurrent-mark: 0.001/0.001 secs] [Times: user=0.00 sys=0.00, real=0.00 secs] 
0.835: [CMS-concurrent-preclean-start]
0.835: [CMS-concurrent-preclean: 0.001/0.001 secs] [Times: user=0.00 sys=0.00, real=0.00 secs] 
0.835: [CMS-concurrent-abortable-preclean-start]
0.836: [CMS-concurrent-abortable-preclean: 0.000/0.000 secs] [Times: user=0.00 sys=0.00, real=0.00 secs] 
0.836: [GC (CMS Final Remark) [YG occupancy: 25700 K (157248 K)]0.836: [Rescan (parallel) , 0.0005380 secs]0.836: [weak refs processing, 0.0000161 secs]0.836: [class unloading, 0.0005415 secs]0.837: [scrub symbol table, 0.0005693 secs]0.837: [scrub string table, 0.0001711 secs][1 CMS-remark: 328476K(349568K)] 354177K(506816K), 0.0019168 secs] [Times: user=0.01 sys=0.00, real=0.00 secs] 
0.838: [CMS-concurrent-sweep-start]
0.839: [CMS-concurrent-sweep: 0.001/0.001 secs] [Times: user=0.00 sys=0.00, real=0.00 secs] 
0.839: [CMS-concurrent-reset-start]
0.839: [CMS-concurrent-reset: 0.000/0.000 secs] [Times: user=0.00 sys=0.00, real=0.00 secs] 
0.877: [GC (Allocation Failure) 0.877: [ParNew: 156967K->17468K(157248K), 0.0234739 secs] 387598K->295572K(506816K), 0.0235418 secs] [Times: user=0.41 sys=0.00, real=0.02 secs] 
0.901: [GC (CMS Initial Mark) [1 CMS-initial-mark: 278104K(349568K)] 295879K(506816K), 0.0005038 secs] [Times: user=0.00 sys=0.00, real=0.01 secs] 
0.901: [CMS-concurrent-mark-start]
0.902: [CMS-concurrent-mark: 0.001/0.001 secs] [Times: user=0.00 sys=0.00, real=0.00 secs] 
0.902: [CMS-concurrent-preclean-start]
0.903: [CMS-concurrent-preclean: 0.001/0.001 secs] [Times: user=0.00 sys=0.00, real=0.00 secs] 
0.903: [CMS-concurrent-abortable-preclean-start]
0.943: [GC (Allocation Failure) 0.943: [ParNew: 157244K->17471K(157248K), 0.0206748 secs] 435348K->334887K(506816K), 0.0207456 secs] [Times: user=0.35 sys=0.01, real=0.02 secs] 
1.004: [GC (Allocation Failure) 1.004: [ParNew: 157247K->157247K(157248K), 0.0000326 secs]1.004: [CMS1.004: [CMS-concurrent-abortable-preclean: 0.002/0.101 secs] [Times: user=0.44 sys=0.01, real=0.10 secs] 
 (concurrent mode failure): 317415K->283482K(349568K), 0.0808581 secs] 474663K->283482K(506816K), [Metaspace: 2526K->2526K(1056768K)], 0.0809953 secs] [Times: user=0.09 sys=0.00, real=0.08 secs] 
1.137: [GC (Allocation Failure) 1.137: [ParNew: 139724K->17471K(157248K), 0.0148274 secs] 423207K->334581K(506816K), 0.0149187 secs] [Times: user=0.25 sys=0.00, real=0.02 secs] 
1.152: [GC (CMS Initial Mark) [1 CMS-initial-mark: 317110K(349568K)] 335150K(506816K), 0.0007101 secs] [Times: user=0.00 sys=0.00, real=0.00 secs] 
1.153: [CMS-concurrent-mark-start]
1.154: [CMS-concurrent-mark: 0.001/0.001 secs] [Times: user=0.01 sys=0.00, real=0.00 secs] 
1.154: [CMS-concurrent-preclean-start]
1.154: [CMS-concurrent-preclean: 0.001/0.001 secs] [Times: user=0.00 sys=0.00, real=0.00 secs] 
1.154: [CMS-concurrent-abortable-preclean-start]
1.191: [GC (Allocation Failure) 1.191: [ParNew: 157247K->157247K(157248K), 0.0000313 secs]1.191: [CMS1.191: [CMS-concurrent-abortable-preclean: 0.001/0.037 secs] [Times: user=0.04 sys=0.00, real=0.04 secs] 
 (concurrent mode failure): 317110K->318813K(349568K), 0.0913116 secs] 474357K->318813K(506816K), [Metaspace: 2526K->2526K(1056768K)], 0.0914348 secs] [Times: user=0.09 sys=0.00, real=0.09 secs] 
1.327: [GC (Allocation Failure) 1.327: [ParNew (promotion failed): 139065K->156536K(157248K), 0.0188897 secs]1.346: [CMS: 348945K->322730K(349568K), 0.0841152 secs] 457879K->322730K(506816K), [Metaspace: 2526K->2526K(1056768K)], 0.1031120 secs] [Times: user=0.40 sys=0.01, real=0.10 secs] 
1.430: [GC (CMS Initial Mark) [1 CMS-initial-mark: 322730K(349568K)] 323488K(506816K), 0.0008268 secs] [Times: user=0.00 sys=0.00, real=0.01 secs] 
1.431: [CMS-concurrent-mark-start]
1.432: [CMS-concurrent-mark: 0.001/0.001 secs] [Times: user=0.01 sys=0.00, real=0.00 secs] 
1.432: [CMS-concurrent-preclean-start]
1.433: [CMS-concurrent-preclean: 0.001/0.001 secs] [Times: user=0.00 sys=0.00, real=0.00 secs] 
1.433: [CMS-concurrent-abortable-preclean-start]
1.472: [GC (Allocation Failure) 1.472: [ParNew: 139687K->139687K(157248K), 0.0000337 secs]1.472: [CMS1.472: [CMS-concurrent-abortable-preclean: 0.001/0.039 secs] [Times: user=0.04 sys=0.00, real=0.04 secs] 
 (concurrent mode failure): 322730K->328194K(349568K), 0.0882927 secs] 462417K->328194K(506816K), [Metaspace: 2526K->2526K(1056768K)], 0.0884238 secs] [Times: user=0.09 sys=0.00, real=0.08 secs] 
1.621: [GC (Allocation Failure) 1.621: [ParNew: 139741K->139741K(157248K), 0.0000454 secs]1.621: [CMS: 328194K->334228K(349568K), 0.1055983 secs] 467936K->334228K(506816K), [Metaspace: 2526K->2526K(1056768K)], 0.1057824 secs] [Times: user=0.10 sys=0.00, real=0.10 secs] 
1.727: [GC (CMS Initial Mark) [1 CMS-initial-mark: 334228K(349568K)] 334543K(506816K), 0.0015128 secs] [Times: user=0.00 sys=0.00, real=0.00 secs] 
1.729: [CMS-concurrent-mark-start]
1.730: [CMS-concurrent-mark: 0.002/0.002 secs] [Times: user=0.01 sys=0.00, real=0.00 secs] 
1.731: [CMS-concurrent-preclean-start]
1.732: [CMS-concurrent-preclean: 0.002/0.002 secs] [Times: user=0.00 sys=0.00, real=0.01 secs] 
1.732: [CMS-concurrent-abortable-preclean-start]
1.771: [GC (Allocation Failure) 1.771: [ParNew: 139776K->139776K(157248K), 0.0000337 secs]1.771: [CMS1.771: [CMS-concurrent-abortable-preclean: 0.002/0.039 secs] [Times: user=0.05 sys=0.00, real=0.04 secs] 
 (concurrent mode failure): 334228K->337025K(349568K), 0.1088005 secs] 474004K->337025K(506816K), [Metaspace: 2526K->2526K(1056768K)], 0.1089575 secs] [Times: user=0.11 sys=0.00, real=0.10 secs] 
1.964: [GC (Allocation Failure) 1.964: [ParNew: 139776K->139776K(157248K), 0.0000828 secs]1.964: [CMS: 337025K->348665K(349568K), 0.1934156 secs] 476801K->348665K(506816K), [Metaspace: 2526K->2526K(1056768K)], 0.1936218 secs] [Times: user=0.10 sys=0.09, real=0.19 secs] 
2.158: [GC (CMS Initial Mark) [1 CMS-initial-mark: 348665K(349568K)] 348809K(506816K), 0.0014285 secs] [Times: user=0.00 sys=0.00, real=0.00 secs] 
2.159: [CMS-concurrent-mark-start]
2.161: [CMS-concurrent-mark: 0.002/0.002 secs] [Times: user=0.01 sys=0.00, real=0.01 secs] 
2.161: [CMS-concurrent-preclean-start]
2.163: [CMS-concurrent-preclean: 0.002/0.002 secs] [Times: user=0.01 sys=0.00, real=0.00 secs] 
2.163: [CMS-concurrent-abortable-preclean-start]
2.163: [CMS-concurrent-abortable-preclean: 0.000/0.000 secs] [Times: user=0.00 sys=0.00, real=0.00 secs] 
2.163: [GC (CMS Final Remark) [YG occupancy: 6639 K (157248 K)]2.163: [Rescan (parallel) , 0.0008706 secs]2.164: [weak refs processing, 0.0000173 secs]2.164: [class unloading, 0.0002665 secs]2.164: [scrub symbol table, 0.0003301 secs]2.165: [scrub string table, 0.0001766 secs][1 CMS-remark: 348665K(349568K)] 355304K(506816K), 0.0017434 secs] [Times: user=0.00 sys=0.00, real=0.00 secs] 
2.165: [CMS-concurrent-sweep-start]
2.166: [CMS-concurrent-sweep: 0.001/0.001 secs] [Times: user=0.01 sys=0.00, real=0.00 secs] 
2.166: [CMS-concurrent-reset-start]
2.167: [CMS-concurrent-reset: 0.001/0.001 secs] [Times: user=0.00 sys=0.00, real=0.00 secs] 
2.225: [GC (Allocation Failure) 2.225: [ParNew: 139375K->139375K(157248K), 0.0000340 secs]2.225: [CMS: 348529K->347701K(349568K), 0.1099365 secs] 487904K->347701K(506816K), [Metaspace: 2526K->2526K(1056768K)], 0.1100889 secs] [Times: user=0.11 sys=0.00, real=0.11 secs] 
2.335: [GC (CMS Initial Mark) [1 CMS-initial-mark: 347701K(349568K)] 348182K(506816K), 0.0017512 secs] [Times: user=0.00 sys=0.00, real=0.00 secs] 
2.337: [CMS-concurrent-mark-start]
2.339: [CMS-concurrent-mark: 0.002/0.002 secs] [Times: user=0.01 sys=0.00, real=0.00 secs] 
2.339: [CMS-concurrent-preclean-start]
2.341: [CMS-concurrent-preclean: 0.002/0.002 secs] [Times: user=0.00 sys=0.00, real=0.00 secs] 
2.341: [CMS-concurrent-abortable-preclean-start]
2.341: [CMS-concurrent-abortable-preclean: 0.000/0.000 secs] [Times: user=0.00 sys=0.00, real=0.00 secs] 
2.341: [GC (CMS Final Remark) [YG occupancy: 7713 K (157248 K)]2.341: [Rescan (parallel) , 0.0007660 secs]2.342: [weak refs processing, 0.0000162 secs]2.342: [class unloading, 0.0002638 secs]2.342: [scrub symbol table, 0.0003602 secs]2.342: [scrub string table, 0.0001911 secs][1 CMS-remark: 347701K(349568K)] 355414K(506816K), 0.0016957 secs] [Times: user=0.01 sys=0.01, real=0.00 secs] 
2.343: [CMS-concurrent-sweep-start]
2.343: [CMS-concurrent-sweep: 0.001/0.001 secs] [Times: user=0.00 sys=0.00, real=0.00 secs] 
2.343: [CMS-concurrent-reset-start]
2.344: [CMS-concurrent-reset: 0.001/0.001 secs] [Times: user=0.00 sys=0.00, real=0.00 secs] 
2.385: [GC (Allocation Failure) 2.385: [ParNew: 139776K->139776K(157248K), 0.0000354 secs]2.385: [CMS: 345924K->347390K(349568K), 0.1095193 secs] 485700K->347390K(506816K), [Metaspace: 2526K->2526K(1056768K)], 0.1096644 secs] [Times: user=0.11 sys=0.00, real=0.11 secs] 
2.494: [GC (CMS Initial Mark) [1 CMS-initial-mark: 347390K(349568K)] 347534K(506816K), 0.0016151 secs] [Times: user=0.00 sys=0.00, real=0.00 secs] 
2.496: [CMS-concurrent-mark-start]
2.498: [CMS-concurrent-mark: 0.002/0.002 secs] [Times: user=0.01 sys=0.00, real=0.00 secs] 
2.498: [CMS-concurrent-preclean-start]
2.499: [CMS-concurrent-preclean: 0.001/0.001 secs] [Times: user=0.00 sys=0.00, real=0.00 secs] 
2.499: [CMS-concurrent-abortable-preclean-start]
2.499: [CMS-concurrent-abortable-preclean: 0.000/0.000 secs] [Times: user=0.00 sys=0.00, real=0.00 secs] 
2.500: [GC (CMS Final Remark) [YG occupancy: 7905 K (157248 K)]2.500: [Rescan (parallel) , 0.0008727 secs]2.501: [weak refs processing, 0.0000200 secs]2.501: [class unloading, 0.0002642 secs]2.501: [scrub symbol table, 0.0003275 secs]2.501: [scrub string table, 0.0001692 secs][1 CMS-remark: 347390K(349568K)] 355296K(506816K), 0.0017479 secs] [Times: user=0.01 sys=0.00, real=0.01 secs] 
2.502: [CMS-concurrent-sweep-start]
2.502: [CMS-concurrent-sweep: 0.000/0.000 secs] [Times: user=0.00 sys=0.00, real=0.00 secs] 
2.502: [CMS-concurrent-reset-start]
2.503: [CMS-concurrent-reset: 0.001/0.001 secs] [Times: user=0.00 sys=0.00, real=0.00 secs] 
2.548: [GC (Allocation Failure) 2.548: [ParNew: 139776K->139776K(157248K), 0.0000366 secs]2.548: [CMS: 347167K->349507K(349568K), 0.2692218 secs] 486943K->357012K(506816K), [Metaspace: 2526K->2526K(1056768K)], 0.2693869 secs] [Times: user=0.11 sys=0.15, real=0.27 secs] 
2.817: [GC (CMS Initial Mark) [1 CMS-initial-mark: 349507K(349568K)] 359901K(506816K), 0.0016117 secs] [Times: user=0.01 sys=0.00, real=0.00 secs] 
2.819: [CMS-concurrent-mark-start]
2.821: [CMS-concurrent-mark: 0.002/0.002 secs] [Times: user=0.00 sys=0.00, real=0.01 secs] 
2.821: [CMS-concurrent-preclean-start]
2.823: [CMS-concurrent-preclean: 0.002/0.002 secs] [Times: user=0.01 sys=0.00, real=0.00 secs] 
2.823: [CMS-concurrent-abortable-preclean-start]
2.823: [CMS-concurrent-abortable-preclean: 0.000/0.000 secs] [Times: user=0.00 sys=0.00, real=0.00 secs] 
2.823: [GC (CMS Final Remark) [YG occupancy: 24872 K (157248 K)]2.823: [Rescan (parallel) , 0.0008859 secs]2.824: [weak refs processing, 0.0000187 secs]2.824: [class unloading, 0.0003312 secs]2.825: [scrub symbol table, 0.0003293 secs]2.825: [scrub string table, 0.0001695 secs][1 CMS-remark: 349507K(349568K)] 374379K(506816K), 0.0018318 secs] [Times: user=0.01 sys=0.00, real=0.00 secs] 
2.825: [CMS-concurrent-sweep-start]
2.826: [CMS-concurrent-sweep: 0.001/0.001 secs] [Times: user=0.00 sys=0.00, real=0.00 secs] 
2.826: [CMS-concurrent-reset-start]
2.827: [CMS-concurrent-reset: 0.001/0.001 secs] [Times: user=0.00 sys=0.00, real=0.00 secs] 
2.878: [GC (Allocation Failure) 2.878: [ParNew: 157201K->157201K(157248K), 0.0000316 secs]2.879: [CMS: 349416K->349292K(349568K), 0.1140060 secs] 506618K->360313K(506816K), [Metaspace: 2526K->2526K(1056768K)], 0.1141319 secs] [Times: user=0.11 sys=0.00, real=0.12 secs] 
2.993: [GC (CMS Initial Mark) [1 CMS-initial-mark: 349292K(349568K)] 363169K(506816K), 0.0015376 secs] [Times: user=0.00 sys=0.00, real=0.00 secs] 
2.994: [CMS-concurrent-mark-start]
2.996: [CMS-concurrent-mark: 0.002/0.002 secs] [Times: user=0.01 sys=0.00, real=0.00 secs] 
2.996: [CMS-concurrent-preclean-start]
2.998: [CMS-concurrent-preclean: 0.002/0.002 secs] [Times: user=0.01 sys=0.00, real=0.00 secs] 
2.999: [CMS-concurrent-abortable-preclean-start]
2.999: [CMS-concurrent-abortable-preclean: 0.000/0.000 secs] [Times: user=0.00 sys=0.00, real=0.00 secs] 
2.999: [GC (CMS Final Remark) [YG occupancy: 23051 K (157248 K)]2.999: [Rescan (parallel) , 0.0007104 secs]3.000: [weak refs processing, 0.0000180 secs]3.000: [class unloading, 0.0002852 secs]3.000: [scrub symbol table, 0.0003284 secs]3.000: [scrub string table, 0.0001697 secs][1 CMS-remark: 349292K(349568K)] 372343K(506816K), 0.0015958 secs] [Times: user=0.00 sys=0.00, real=0.00 secs] 
3.001: [CMS-concurrent-sweep-start]
3.001: [CMS-concurrent-sweep: 0.000/0.000 secs] [Times: user=0.00 sys=0.00, real=0.00 secs] 
3.001: [CMS-concurrent-reset-start]
3.002: [CMS-concurrent-reset: 0.001/0.001 secs] [Times: user=0.00 sys=0.00, real=0.00 secs] 
3.043: [GC (Allocation Failure) 3.043: [ParNew: 157190K->157190K(157248K), 0.0000319 secs]3.043: [CMS: 348144K->349566K(349568K), 0.1160071 secs] 505335K->355875K(506816K), [Metaspace: 2526K->2526K(1056768K)], 0.1161389 secs] [Times: user=0.11 sys=0.00, real=0.11 secs] 
3.159: [GC (CMS Initial Mark) [1 CMS-initial-mark: 349566K(349568K)] 358783K(506816K), 0.0014722 secs] [Times: user=0.00 sys=0.00, real=0.01 secs] 
3.161: [CMS-concurrent-mark-start]
3.163: [CMS-concurrent-mark: 0.002/0.002 secs] [Times: user=0.01 sys=0.00, real=0.00 secs] 
3.163: [CMS-concurrent-preclean-start]
3.165: [CMS-concurrent-preclean: 0.002/0.002 secs] [Times: user=0.01 sys=0.00, real=0.00 secs] 
3.165: [CMS-concurrent-abortable-preclean-start]
3.165: [CMS-concurrent-abortable-preclean: 0.000/0.000 secs] [Times: user=0.00 sys=0.00, real=0.00 secs] 
3.165: [GC (CMS Final Remark) [YG occupancy: 17468 K (157248 K)]3.165: [Rescan (parallel) , 0.0006726 secs]3.166: [weak refs processing, 0.0000184 secs]3.166: [class unloading, 0.0002936 secs]3.166: [scrub symbol table, 0.0003314 secs]3.167: [scrub string table, 0.0001704 secs][1 CMS-remark: 349566K(349568K)] 367035K(506816K), 0.0015768 secs] [Times: user=0.00 sys=0.00, real=0.00 secs] 
3.167: [CMS-concurrent-sweep-start]
3.168: [CMS-concurrent-sweep: 0.000/0.000 secs] [Times: user=0.00 sys=0.00, real=0.00 secs] 
3.168: [CMS-concurrent-reset-start]
3.169: [CMS-concurrent-reset: 0.001/0.001 secs] [Times: user=0.01 sys=0.00, real=0.00 secs] 
3.211: [GC (Allocation Failure) 3.211: [ParNew: 157124K->157124K(157248K), 0.0000661 secs]3.211: [CMS: 349566K->349488K(349568K), 0.1184790 secs] 506691K->358692K(506816K), [Metaspace: 2526K->2526K(1056768K)], 0.1187316 secs] [Times: user=0.11 sys=0.00, real=0.11 secs] 
3.331: [GC (CMS Initial Mark) [1 CMS-initial-mark: 349488K(349568K)] 358836K(506816K), 0.0023522 secs] [Times: user=0.00 sys=0.00, real=0.01 secs] 
3.333: [CMS-concurrent-mark-start]
3.336: [CMS-concurrent-mark: 0.003/0.003 secs] [Times: user=0.02 sys=0.01, real=0.00 secs] 
3.336: [CMS-concurrent-preclean-start]
3.339: [CMS-concurrent-preclean: 0.003/0.003 secs] [Times: user=0.00 sys=0.00, real=0.00 secs] 
3.339: [CMS-concurrent-abortable-preclean-start]
3.339: [CMS-concurrent-abortable-preclean: 0.000/0.000 secs] [Times: user=0.00 sys=0.00, real=0.00 secs] 
3.339: [GC (CMS Final Remark) [YG occupancy: 26636 K (157248 K)]3.339: [Rescan (parallel) , 0.0009569 secs]3.340: [weak refs processing, 0.0000294 secs]3.340: [class unloading, 0.0009963 secs]3.341: [scrub symbol table, 0.0006583 secs]3.342: [scrub string table, 0.0003419 secs][1 CMS-remark: 349488K(349568K)] 376125K(506816K), 0.0031354 secs] [Times: user=0.01 sys=0.00, real=0.01 secs] 
3.343: [CMS-concurrent-sweep-start]
3.343: [CMS-concurrent-sweep: 0.000/0.000 secs] [Times: user=0.00 sys=0.00, real=0.00 secs] 
3.343: [CMS-concurrent-reset-start]
3.344: [CMS-concurrent-reset: 0.001/0.001 secs] [Times: user=0.00 sys=0.00, real=0.00 secs] 
3.387: [GC (Allocation Failure) 3.387: [ParNew: 156928K->156928K(157248K), 0.0000326 secs]3.387: [CMS: 347908K->349297K(349568K), 0.1208322 secs] 504837K->364644K(506816K), [Metaspace: 2526K->2526K(1056768K)], 0.1209749 secs] [Times: user=0.12 sys=0.00, real=0.12 secs] 
3.508: [GC (CMS Initial Mark) [1 CMS-initial-mark: 349297K(349568K)] 365204K(506816K), 0.0013839 secs] [Times: user=0.00 sys=0.00, real=0.00 secs] 
3.509: [CMS-concurrent-mark-start]
3.512: [CMS-concurrent-mark: 0.002/0.002 secs] [Times: user=0.01 sys=0.00, real=0.01 secs] 
3.512: [CMS-concurrent-preclean-start]
3.514: [CMS-concurrent-preclean: 0.002/0.002 secs] [Times: user=0.01 sys=0.00, real=0.00 secs] 
3.514: [CMS-concurrent-abortable-preclean-start]
3.514: [CMS-concurrent-abortable-preclean: 0.000/0.000 secs] [Times: user=0.00 sys=0.00, real=0.00 secs] 
3.515: [GC (CMS Final Remark) [YG occupancy: 31297 K (157248 K)]3.515: [Rescan (parallel) , 0.0013335 secs]3.516: [weak refs processing, 0.0000416 secs]3.516: [class unloading, 0.0005582 secs]3.517: [scrub symbol table, 0.0008567 secs]3.518: [scrub string table, 0.0004660 secs][1 CMS-remark: 349297K(349568K)] 380594K(506816K), 0.0034759 secs] [Times: user=0.01 sys=0.00, real=0.00 secs] 
3.518: [CMS-concurrent-sweep-start]
3.519: [CMS-concurrent-sweep: 0.001/0.001 secs] [Times: user=0.00 sys=0.00, real=0.00 secs] 
3.519: [CMS-concurrent-reset-start]
3.520: [CMS-concurrent-reset: 0.001/0.001 secs] [Times: user=0.00 sys=0.00, real=0.00 secs] 
3.558: [GC (Allocation Failure) 3.558: [ParNew: 156950K->156950K(157248K), 0.0000481 secs]3.558: [CMS: 348971K->349102K(349568K), 0.1598285 secs] 505922K->367088K(506816K), [Metaspace: 2526K->2526K(1056768K)], 0.1599981 secs] [Times: user=0.16 sys=0.00, real=0.16 secs] 
3.719: [GC (CMS Initial Mark) [1 CMS-initial-mark: 349102K(349568K)] 367442K(506816K), 0.0013215 secs] [Times: user=0.00 sys=0.00, real=0.00 secs] 
3.720: [CMS-concurrent-mark-start]
3.721: [CMS-concurrent-mark: 0.001/0.001 secs] [Times: user=0.01 sys=0.00, real=0.01 secs] 
3.721: [CMS-concurrent-preclean-start]
3.723: [CMS-concurrent-preclean: 0.002/0.002 secs] [Times: user=0.00 sys=0.00, real=0.00 secs] 
3.723: [CMS-concurrent-abortable-preclean-start]
3.723: [CMS-concurrent-abortable-preclean: 0.000/0.000 secs] [Times: user=0.00 sys=0.00, real=0.00 secs] 
3.723: [GC (CMS Final Remark) [YG occupancy: 24657 K (157248 K)]3.723: [Rescan (parallel) , 0.0009440 secs]3.724: [weak refs processing, 0.0000175 secs]3.724: [class unloading, 0.0003963 secs]3.724: [scrub symbol table, 0.0005287 secs]3.725: [scrub string table, 0.0001918 secs][1 CMS-remark: 349102K(349568K)] 373759K(506816K), 0.0021559 secs] [Times: user=0.01 sys=0.00, real=0.00 secs] 
3.725: [CMS-concurrent-sweep-start]
3.726: [CMS-concurrent-sweep: 0.000/0.000 secs] [Times: user=0.00 sys=0.00, real=0.00 secs] 
3.726: [CMS-concurrent-reset-start]
3.726: [CMS-concurrent-reset: 0.000/0.000 secs] [Times: user=0.00 sys=0.00, real=0.00 secs] 
3.786: [GC (Allocation Failure) 3.786: [ParNew: 157227K->157227K(157248K), 0.0000583 secs]3.786: [CMS: 349009K->349212K(349568K), 0.1516209 secs] 506236K->367147K(506816K), [Metaspace: 2526K->2526K(1056768K)], 0.1517993 secs] [Times: user=0.16 sys=0.00, real=0.15 secs] 
3.938: [GC (CMS Initial Mark) [1 CMS-initial-mark: 349212K(349568K)] 367183K(506816K), 0.0014604 secs] [Times: user=0.00 sys=0.01, real=0.00 secs] 
3.939: [CMS-concurrent-mark-start]
3.940: [CMS-concurrent-mark: 0.001/0.001 secs] [Times: user=0.00 sys=0.00, real=0.00 secs] 
3.940: [CMS-concurrent-preclean-start]
3.942: [CMS-concurrent-preclean: 0.002/0.002 secs] [Times: user=0.00 sys=0.00, real=0.01 secs] 
3.942: [CMS-concurrent-abortable-preclean-start]
3.942: [CMS-concurrent-abortable-preclean: 0.000/0.000 secs] [Times: user=0.00 sys=0.00, real=0.00 secs] 
3.943: [GC (CMS Final Remark) [YG occupancy: 25498 K (157248 K)]3.943: [Rescan (parallel) , 0.0009177 secs]3.944: [weak refs processing, 0.0000187 secs]3.944: [class unloading, 0.0003795 secs]3.944: [scrub symbol table, 0.0005151 secs]3.944: [scrub string table, 0.0002216 secs][1 CMS-remark: 349212K(349568K)] 374711K(506816K), 0.0021390 secs] [Times: user=0.00 sys=0.00, real=0.00 secs] 
3.945: [CMS-concurrent-sweep-start]
3.945: [CMS-concurrent-sweep: 0.000/0.000 secs] [Times: user=0.00 sys=0.00, real=0.00 secs] 
3.945: [CMS-concurrent-reset-start]
3.946: [CMS-concurrent-reset: 0.001/0.001 secs] [Times: user=0.00 sys=0.00, real=0.00 secs] 
4.004: [GC (Allocation Failure) 4.004: [ParNew: 156586K->156586K(157248K), 0.0000568 secs]4.005: [CMS: 349212K->349453K(349568K), 0.1537485 secs] 505798K->360891K(506816K), [Metaspace: 2526K->2526K(1056768K)], 0.1539317 secs] [Times: user=0.16 sys=0.00, real=0.15 secs] 
4.159: [GC (CMS Initial Mark) [1 CMS-initial-mark: 349453K(349568K)] 361646K(506816K), 0.0014740 secs] [Times: user=0.00 sys=0.00, real=0.00 secs] 
4.160: [CMS-concurrent-mark-start]
4.161: [CMS-concurrent-mark: 0.001/0.001 secs] [Times: user=0.00 sys=0.00, real=0.01 secs] 
4.161: [CMS-concurrent-preclean-start]
4.163: [CMS-concurrent-preclean: 0.002/0.002 secs] [Times: user=0.01 sys=0.00, real=0.00 secs] 
4.163: [CMS-concurrent-abortable-preclean-start]
4.163: [CMS-concurrent-abortable-preclean: 0.000/0.000 secs] [Times: user=0.00 sys=0.00, real=0.00 secs] 
4.163: [GC (CMS Final Remark) [YG occupancy: 19997 K (157248 K)]4.163: [Rescan (parallel) , 0.0008141 secs]4.164: [weak refs processing, 0.0000187 secs]4.164: [class unloading, 0.0004128 secs]4.165: [scrub symbol table, 0.0007285 secs]4.166: [scrub string table, 0.0004250 secs][1 CMS-remark: 349453K(349568K)] 369450K(506816K), 0.0025666 secs] [Times: user=0.00 sys=0.00, real=0.00 secs] 
4.166: [CMS-concurrent-sweep-start]
4.167: [CMS-concurrent-sweep: 0.000/0.000 secs] [Times: user=0.01 sys=0.00, real=0.00 secs] 
4.167: [CMS-concurrent-reset-start]
4.168: [CMS-concurrent-reset: 0.001/0.001 secs] [Times: user=0.00 sys=0.00, real=0.00 secs] 
4.230: [GC (Allocation Failure) 4.230: [ParNew: 157019K->157019K(157248K), 0.0001112 secs]4.230: [CMS: 349345K->349517K(349568K), 0.1546482 secs] 506364K->356852K(506816K), [Metaspace: 2526K->2526K(1056768K)], 0.1548927 secs] [Times: user=0.15 sys=0.00, real=0.16 secs] 
4.385: [GC (CMS Initial Mark) [1 CMS-initial-mark: 349517K(349568K)] 357140K(506816K), 0.0016162 secs] [Times: user=0.00 sys=0.00, real=0.00 secs] 
4.387: [CMS-concurrent-mark-start]
4.388: [CMS-concurrent-mark: 0.001/0.001 secs] [Times: user=0.01 sys=0.00, real=0.00 secs] 
4.388: [CMS-concurrent-preclean-start]
4.390: [CMS-concurrent-preclean: 0.002/0.002 secs] [Times: user=0.00 sys=0.00, real=0.00 secs] 
4.390: [CMS-concurrent-abortable-preclean-start]
4.390: [CMS-concurrent-abortable-preclean: 0.000/0.000 secs] [Times: user=0.00 sys=0.00, real=0.00 secs] 
4.390: [GC (CMS Final Remark) [YG occupancy: 13370 K (157248 K)]4.390: [Rescan (parallel) , 0.0009666 secs]4.391: [weak refs processing, 0.0000247 secs]4.391: [class unloading, 0.0003930 secs]4.392: [scrub symbol table, 0.0005821 secs]4.392: [scrub string table, 0.0002634 secs][1 CMS-remark: 349517K(349568K)] 362887K(506816K), 0.0023450 secs] [Times: user=0.01 sys=0.00, real=0.01 secs] 
4.393: [CMS-concurrent-sweep-start]
4.393: [CMS-concurrent-sweep: 0.000/0.000 secs] [Times: user=0.00 sys=0.00, real=0.00 secs] 
4.393: [CMS-concurrent-reset-start]
4.394: [CMS-concurrent-reset: 0.001/0.001 secs] [Times: user=0.01 sys=0.00, real=0.00 secs] 
4.459: [GC (Allocation Failure) 4.459: [ParNew: 157106K->157106K(157248K), 0.0000573 secs]4.459: [CMS: 349517K->349545K(349568K), 0.1502768 secs] 506623K->354259K(506816K), [Metaspace: 2526K->2526K(1056768K)], 0.1504555 secs] [Times: user=0.15 sys=0.00, real=0.15 secs] 
4.610: [GC (CMS Initial Mark) [1 CMS-initial-mark: 349545K(349568K)] 354401K(506816K), 0.0017637 secs] [Times: user=0.00 sys=0.00, real=0.01 secs] 
4.612: [CMS-concurrent-mark-start]
4.613: [CMS-concurrent-mark: 0.001/0.001 secs] [Times: user=0.01 sys=0.00, real=0.00 secs] 
4.613: [CMS-concurrent-preclean-start]
4.615: [CMS-concurrent-preclean: 0.002/0.002 secs] [Times: user=0.00 sys=0.00, real=0.00 secs] 
4.615: [CMS-concurrent-abortable-preclean-start]
4.615: [CMS-concurrent-abortable-preclean: 0.000/0.000 secs] [Times: user=0.00 sys=0.00, real=0.00 secs] 
4.615: [GC (CMS Final Remark) [YG occupancy: 12308 K (157248 K)]4.615: [Rescan (parallel) , 0.0006261 secs]4.616: [weak refs processing, 0.0000322 secs]4.616: [class unloading, 0.0003523 secs]4.616: [scrub symbol table, 0.0005175 secs]4.617: [scrub string table, 0.0002072 secs][1 CMS-remark: 349545K(349568K)] 361854K(506816K), 0.0018132 secs] [Times: user=0.00 sys=0.01, real=0.00 secs] 
4.617: [CMS-concurrent-sweep-start]
4.617: [CMS-concurrent-sweep: 0.000/0.000 secs] [Times: user=0.00 sys=0.00, real=0.00 secs] 
4.617: [CMS-concurrent-reset-start]
4.618: [CMS-concurrent-reset: 0.001/0.001 secs] [Times: user=0.00 sys=0.00, real=0.00 secs] 
4.681: [GC (Allocation Failure) 4.681: [ParNew: 157112K->157112K(157248K), 0.0000642 secs]4.681: [CMS: 349062K->349544K(349568K), 0.1510382 secs] 506175K->356527K(506816K), [Metaspace: 2526K->2526K(1056768K)], 0.1512273 secs] [Times: user=0.15 sys=0.00, real=0.15 secs] 
4.832: [GC (CMS Initial Mark) [1 CMS-initial-mark: 349544K(349568K)] 356731K(506816K), 0.0015025 secs] [Times: user=0.00 sys=0.00, real=0.00 secs] 
4.834: [CMS-concurrent-mark-start]
4.835: [CMS-concurrent-mark: 0.001/0.001 secs] [Times: user=0.01 sys=0.00, real=0.00 secs] 
4.835: [CMS-concurrent-preclean-start]
4.837: [CMS-concurrent-preclean: 0.002/0.002 secs] [Times: user=0.00 sys=0.00, real=0.00 secs] 
4.837: [CMS-concurrent-abortable-preclean-start]
4.837: [CMS-concurrent-abortable-preclean: 0.000/0.000 secs] [Times: user=0.00 sys=0.00, real=0.00 secs] 
4.837: [GC (CMS Final Remark) [YG occupancy: 17209 K (157248 K)]4.837: [Rescan (parallel) , 0.0009054 secs]4.838: [weak refs processing, 0.0000215 secs]4.838: [class unloading, 0.0003815 secs]4.839: [scrub symbol table, 0.0005626 secs]4.839: [scrub string table, 0.0002347 secs][1 CMS-remark: 349544K(349568K)] 366754K(506816K), 0.0022064 secs] [Times: user=0.01 sys=0.00, real=0.00 secs] 
4.840: [CMS-concurrent-sweep-start]
4.840: [CMS-concurrent-sweep: 0.000/0.000 secs] [Times: user=0.00 sys=0.00, real=0.00 secs] 
4.840: [CMS-concurrent-reset-start]
4.841: [CMS-concurrent-reset: 0.001/0.001 secs] [Times: user=0.00 sys=0.00, real=0.01 secs] 
4.901: [GC (Allocation Failure) 4.901: [ParNew: 157107K->157107K(157248K), 0.0000576 secs]4.901: [CMS: 349138K->349469K(349568K), 0.1511156 secs] 506245K->354795K(506816K), [Metaspace: 2526K->2526K(1056768K)], 0.1512985 secs] [Times: user=0.15 sys=0.00, real=0.15 secs] 
5.053: [GC (CMS Initial Mark) [1 CMS-initial-mark: 349469K(349568K)] 355074K(506816K), 0.0016930 secs] [Times: user=0.00 sys=0.00, real=0.00 secs] 
5.054: [CMS-concurrent-mark-start]
5.055: [CMS-concurrent-mark: 0.001/0.001 secs] [Times: user=0.00 sys=0.00, real=0.00 secs] 
5.055: [CMS-concurrent-preclean-start]
5.056: [CMS-concurrent-preclean: 0.001/0.001 secs] [Times: user=0.00 sys=0.00, real=0.00 secs] 
5.056: [CMS-concurrent-abortable-preclean-start]
5.056: [CMS-concurrent-abortable-preclean: 0.000/0.000 secs] [Times: user=0.00 sys=0.00, real=0.00 secs] 
5.056: [GC (CMS Final Remark) [YG occupancy: 12063 K (157248 K)]5.056: [Rescan (parallel) , 0.0007572 secs]5.057: [weak refs processing, 0.0000175 secs]5.057: [class unloading, 0.0003841 secs]5.058: [scrub symbol table, 0.0005576 secs]5.058: [scrub string table, 0.0002151 secs][1 CMS-remark: 349469K(349568K)] 361533K(506816K), 0.0020180 secs] [Times: user=0.01 sys=0.00, real=0.00 secs] 
5.059: [CMS-concurrent-sweep-start]
5.059: [CMS-concurrent-sweep: 0.000/0.000 secs] [Times: user=0.00 sys=0.00, real=0.00 secs] 
5.059: [CMS-concurrent-reset-start]
5.060: [CMS-concurrent-reset: 0.001/0.001 secs] [Times: user=0.00 sys=0.00, real=0.00 secs] 
执行结束。共生成对象次数:18184
Heap
 par new generation   total 157248K, used 111796K [0x00000000e0000000, 0x00000000eaaa0000, 0x00000000eaaa0000)
  eden space 139776K,  79% used [0x00000000e0000000, 0x00000000e6d2d2f8, 0x00000000e8880000)
  from space 17472K,   0% used [0x00000000e9990000, 0x00000000e9990000, 0x00000000eaaa0000)
  to   space 17472K,   0% used [0x00000000e8880000, 0x00000000e8880000, 0x00000000e9990000)
 concurrent mark-sweep generation total 349568K, used 348490K [0x00000000eaaa0000, 0x0000000100000000, 0x0000000100000000)
 Metaspace       used 2533K, capacity 4486K, committed 4864K, reserved 1056768K
  class space    used 273K, capacity 386K, committed 512K, reserved 1048576K
开始执行.......
0.248: [GC (Allocation Failure) 0.248: [ParNew: 139447K->17466K(157248K), 0.0121243 secs] 139447K->45797K(506816K), 0.0122422 secs] [Times: user=0.08 sys=0.06, real=0.01 secs] 
0.317: [GC (Allocation Failure) 0.317: [ParNew: 157242K->17471K(157248K), 0.0143107 secs] 185573K->90334K(506816K), 0.0143917 secs] [Times: user=0.10 sys=0.08, real=0.02 secs] 
0.372: [GC (Allocation Failure) 0.372: [ParNew: 157109K->17468K(157248K), 0.0318735 secs] 229972K->136245K(506816K), 0.0319542 secs] [Times: user=0.50 sys=0.02, real=0.03 secs] 
0.445: [GC (Allocation Failure) 0.445: [ParNew: 157244K->17469K(157248K), 0.0352797 secs] 276021K->179924K(506816K), 0.0353654 secs] [Times: user=0.58 sys=0.04, real=0.03 secs] 
0.522: [GC (Allocation Failure) 0.522: [ParNew: 157174K->17469K(157248K), 0.0339732 secs] 319629K->228844K(506816K), 0.0340568 secs] [Times: user=0.55 sys=0.03, real=0.03 secs] 
0.556: [GC (CMS Initial Mark) [1 CMS-initial-mark: 211375K(349568K)] 229305K(506816K), 0.0006102 secs] [Times: user=0.00 sys=0.00, real=0.00 secs] 
0.557: [CMS-concurrent-mark-start]
0.560: [CMS-concurrent-mark: 0.003/0.003 secs] [Times: user=0.01 sys=0.00, real=0.00 secs] 
0.560: [CMS-concurrent-preclean-start]
0.561: [CMS-concurrent-preclean: 0.001/0.001 secs] [Times: user=0.00 sys=0.00, real=0.00 secs] 
0.561: [CMS-concurrent-abortable-preclean-start]
0.599: [GC (Allocation Failure) 0.599: [ParNew: 157245K->17469K(157248K), 0.0411602 secs] 368620K->276821K(506816K), 0.0412379 secs] [Times: user=0.70 sys=0.04, real=0.04 secs] 
0.682: [GC (Allocation Failure) 0.682: [ParNew: 157245K->17470K(157248K), 0.0371202 secs] 416597K->318516K(506816K), 0.0371934 secs] [Times: user=0.63 sys=0.02, real=0.03 secs] 
0.757: [GC (Allocation Failure) 0.757: [ParNew: 157246K->157246K(157248K), 0.0000334 secs]0.757: [CMS0.757: [CMS-concurrent-abortable-preclean: 0.004/0.197 secs] [Times: user=1.45 sys=0.06, real=0.20 secs] 
 (concurrent mode failure): 301045K->260803K(349568K), 0.0860608 secs] 458292K->260803K(506816K), [Metaspace: 2526K->2526K(1056768K)], 0.0861908 secs] [Times: user=0.09 sys=0.00, real=0.09 secs] 
0.885: [GC (Allocation Failure) 0.885: [ParNew: 139776K->17471K(157248K), 0.0136922 secs] 400579K->308529K(506816K), 0.0137752 secs] [Times: user=0.23 sys=0.01, real=0.01 secs] 
0.899: [GC (CMS Initial Mark) [1 CMS-initial-mark: 291057K(349568K)] 308601K(506816K), 0.0006053 secs] [Times: user=0.00 sys=0.00, real=0.00 secs] 
0.900: [CMS-concurrent-mark-start]
0.901: [CMS-concurrent-mark: 0.001/0.001 secs] [Times: user=0.01 sys=0.00, real=0.01 secs] 
0.901: [CMS-concurrent-preclean-start]
0.902: [CMS-concurrent-preclean: 0.001/0.001 secs] [Times: user=0.00 sys=0.00, real=0.00 secs] 
0.902: [CMS-concurrent-abortable-preclean-start]
0.941: [GC (Allocation Failure) 0.941: [ParNew: 157247K->17470K(157248K), 0.0333100 secs] 448305K->356298K(506816K), 0.0333811 secs] [Times: user=0.56 sys=0.02, real=0.03 secs] 
0.974: [CMS-concurrent-abortable-preclean: 0.001/0.072 secs] [Times: user=0.60 sys=0.02, real=0.07 secs] 
0.975: [GC (CMS Final Remark) [YG occupancy: 20492 K (157248 K)]0.975: [Rescan (parallel) , 0.0006331 secs]0.975: [weak refs processing, 0.0000156 secs]0.975: [class unloading, 0.0002825 secs]0.976: [scrub symbol table, 0.0003192 secs]0.976: [scrub string table, 0.0001583 secs][1 CMS-remark: 338828K(349568K)] 359320K(506816K), 0.0014936 secs] [Times: user=0.01 sys=0.00, real=0.00 secs] 
0.976: [CMS-concurrent-sweep-start]
0.977: [CMS-concurrent-sweep: 0.001/0.001 secs] [Times: user=0.00 sys=0.00, real=0.00 secs] 
0.977: [CMS-concurrent-reset-start]
0.978: [CMS-concurrent-reset: 0.001/0.001 secs] [Times: user=0.00 sys=0.00, real=0.00 secs] 
1.018: [GC (Allocation Failure) 1.018: [ParNew: 157246K->157246K(157248K), 0.0000339 secs]1.018: [CMS: 302749K->302472K(349568K), 0.1141200 secs] 459996K->302472K(506816K), [Metaspace: 2526K->2526K(1056768K)], 0.1142639 secs] [Times: user=0.12 sys=0.00, real=0.12 secs] 
1.133: [GC (CMS Initial Mark) [1 CMS-initial-mark: 302472K(349568K)] 305317K(506816K), 0.0017990 secs] [Times: user=0.00 sys=0.00, real=0.00 secs] 
1.135: [CMS-concurrent-mark-start]
1.136: [CMS-concurrent-mark: 0.002/0.002 secs] [Times: user=0.01 sys=0.01, real=0.00 secs] 
1.137: [CMS-concurrent-preclean-start]
1.138: [CMS-concurrent-preclean: 0.002/0.002 secs] [Times: user=0.00 sys=0.00, real=0.00 secs] 
1.138: [CMS-concurrent-abortable-preclean-start]
1.199: [GC (Allocation Failure) 1.199: [ParNew: 139776K->17469K(157248K), 0.0140077 secs] 442248K->348926K(506816K), 0.0141122 secs] [Times: user=0.24 sys=0.00, real=0.02 secs] 
1.214: [CMS-concurrent-abortable-preclean: 0.003/0.076 secs] [Times: user=0.30 sys=0.00, real=0.08 secs] 
1.214: [GC (CMS Final Remark) [YG occupancy: 23670 K (157248 K)]1.214: [Rescan (parallel) , 0.0007246 secs]1.215: [weak refs processing, 0.0000151 secs]1.215: [class unloading, 0.0002498 secs]1.215: [scrub symbol table, 0.0003245 secs]1.216: [scrub string table, 0.0001846 secs][1 CMS-remark: 331456K(349568K)] 355127K(506816K), 0.0015930 secs] [Times: user=0.01 sys=0.00, real=0.00 secs] 
1.216: [CMS-concurrent-sweep-start]
1.217: [CMS-concurrent-sweep: 0.000/0.000 secs] [Times: user=0.00 sys=0.00, real=0.00 secs] 
1.217: [CMS-concurrent-reset-start]
1.218: [CMS-concurrent-reset: 0.001/0.001 secs] [Times: user=0.00 sys=0.00, real=0.00 secs] 
1.259: [GC (Allocation Failure) 1.260: [ParNew: 157245K->157245K(157248K), 0.0000322 secs]1.260: [CMS: 331420K->320618K(349568K), 0.0971591 secs] 488666K->320618K(506816K), [Metaspace: 2526K->2526K(1056768K)], 0.0972870 secs] [Times: user=0.10 sys=0.00, real=0.10 secs] 
1.357: [GC (CMS Initial Mark) [1 CMS-initial-mark: 320618K(349568K)] 320690K(506816K), 0.0016748 secs] [Times: user=0.00 sys=0.00, real=0.00 secs] 
1.359: [CMS-concurrent-mark-start]
1.360: [CMS-concurrent-mark: 0.002/0.002 secs] [Times: user=0.01 sys=0.00, real=0.00 secs] 
1.361: [CMS-concurrent-preclean-start]
1.362: [CMS-concurrent-preclean: 0.002/0.002 secs] [Times: user=0.00 sys=0.00, real=0.01 secs] 
1.362: [CMS-concurrent-abortable-preclean-start]
1.417: [GC (Allocation Failure) 1.417: [ParNew: 139776K->139776K(157248K), 0.0000433 secs]1.417: [CMS1.417: [CMS-concurrent-abortable-preclean: 0.002/0.055 secs] [Times: user=0.06 sys=0.00, real=0.05 secs] 
 (concurrent mode failure): 320618K->327924K(349568K), 0.1045380 secs] 460394K->327924K(506816K), [Metaspace: 2526K->2526K(1056768K)], 0.1047014 secs] [Times: user=0.10 sys=0.00, real=0.11 secs] 
1.588: [GC (Allocation Failure) 1.588: [ParNew: 139776K->139776K(157248K), 0.0000686 secs]1.588: [CMS: 327924K->332536K(349568K), 0.1193332 secs] 467700K->332536K(506816K), [Metaspace: 2526K->2526K(1056768K)], 0.1195273 secs] [Times: user=0.12 sys=0.00, real=0.12 secs] 
1.708: [GC (CMS Initial Mark) [1 CMS-initial-mark: 332536K(349568K)] 335432K(506816K), 0.0014590 secs] [Times: user=0.00 sys=0.00, real=0.00 secs] 
1.709: [CMS-concurrent-mark-start]
1.711: [CMS-concurrent-mark: 0.002/0.002 secs] [Times: user=0.01 sys=0.00, real=0.01 secs] 
1.711: [CMS-concurrent-preclean-start]
1.713: [CMS-concurrent-preclean: 0.001/0.001 secs] [Times: user=0.01 sys=0.00, real=0.00 secs] 
1.713: [CMS-concurrent-abortable-preclean-start]
1.770: [GC (Allocation Failure) 1.770: [ParNew: 139776K->139776K(157248K), 0.0000682 secs]1.770: [CMS1.770: [CMS-concurrent-abortable-preclean: 0.001/0.058 secs] [Times: user=0.05 sys=0.00, real=0.05 secs] 
 (concurrent mode failure): 332536K->341427K(349568K), 0.1216306 secs] 472312K->341427K(506816K), [Metaspace: 2526K->2526K(1056768K)], 0.1218265 secs] [Times: user=0.13 sys=0.00, real=0.13 secs] 
1.958: [GC (Allocation Failure) 1.959: [ParNew: 139776K->139776K(157248K), 0.0000482 secs]1.959: [CMS: 341427K->349557K(349568K), 0.2090577 secs] 481203K->349557K(506816K), [Metaspace: 2526K->2526K(1056768K)], 0.2092017 secs] [Times: user=0.12 sys=0.09, real=0.21 secs] 
2.168: [GC (CMS Initial Mark) [1 CMS-initial-mark: 349557K(349568K)] 349752K(506816K), 0.0013829 secs] [Times: user=0.00 sys=0.00, real=0.00 secs] 
2.169: [CMS-concurrent-mark-start]
2.171: [CMS-concurrent-mark: 0.002/0.002 secs] [Times: user=0.01 sys=0.00, real=0.01 secs] 
2.171: [CMS-concurrent-preclean-start]
2.173: [CMS-concurrent-preclean: 0.002/0.002 secs] [Times: user=0.01 sys=0.00, real=0.00 secs] 
2.173: [CMS-concurrent-abortable-preclean-start]
2.173: [CMS-concurrent-abortable-preclean: 0.000/0.000 secs] [Times: user=0.00 sys=0.00, real=0.00 secs] 
2.173: [GC (CMS Final Remark) [YG occupancy: 7132 K (157248 K)]2.173: [Rescan (parallel) , 0.0009359 secs]2.174: [weak refs processing, 0.0000167 secs]2.174: [class unloading, 0.0002709 secs]2.175: [scrub symbol table, 0.0003071 secs]2.175: [scrub string table, 0.0001726 secs][1 CMS-remark: 349557K(349568K)] 356689K(506816K), 0.0017918 secs] [Times: user=0.00 sys=0.00, real=0.00 secs] 
2.175: [CMS-concurrent-sweep-start]
2.176: [CMS-concurrent-sweep: 0.001/0.001 secs] [Times: user=0.01 sys=0.00, real=0.00 secs] 
2.176: [CMS-concurrent-reset-start]
2.177: [CMS-concurrent-reset: 0.001/0.001 secs] [Times: user=0.00 sys=0.00, real=0.00 secs] 
2.241: [GC (Allocation Failure) 2.241: [ParNew: 139762K->139762K(157248K), 0.0000322 secs]2.241: [CMS: 349051K->349545K(349568K), 0.1160893 secs] 488814K->352903K(506816K), [Metaspace: 2526K->2526K(1056768K)], 0.1162231 secs] [Times: user=0.12 sys=0.00, real=0.11 secs] 
2.358: [GC (CMS Initial Mark) [1 CMS-initial-mark: 349545K(349568K)] 356226K(506816K), 0.0018515 secs] [Times: user=0.00 sys=0.00, real=0.00 secs] 
2.360: [CMS-concurrent-mark-start]
2.361: [CMS-concurrent-mark: 0.002/0.002 secs] [Times: user=0.01 sys=0.00, real=0.01 secs] 
2.361: [CMS-concurrent-preclean-start]
2.364: [CMS-concurrent-preclean: 0.002/0.002 secs] [Times: user=0.00 sys=0.00, real=0.00 secs] 
2.364: [CMS-concurrent-abortable-preclean-start]
2.364: [CMS-concurrent-abortable-preclean: 0.000/0.000 secs] [Times: user=0.00 sys=0.00, real=0.00 secs] 
2.364: [GC (CMS Final Remark) [YG occupancy: 13140 K (157248 K)]2.364: [Rescan (parallel) , 0.0008310 secs]2.365: [weak refs processing, 0.0000220 secs]2.365: [class unloading, 0.0002986 secs]2.365: [scrub symbol table, 0.0003329 secs]2.366: [scrub string table, 0.0001608 secs][1 CMS-remark: 349545K(349568K)] 362685K(506816K), 0.0017251 secs] [Times: user=0.01 sys=0.00, real=0.00 secs] 
2.366: [CMS-concurrent-sweep-start]
2.367: [CMS-concurrent-sweep: 0.000/0.000 secs] [Times: user=0.00 sys=0.00, real=0.00 secs] 
2.367: [CMS-concurrent-reset-start]
2.368: [CMS-concurrent-reset: 0.001/0.001 secs] [Times: user=0.00 sys=0.00, real=0.00 secs] 
2.436: [GC (Allocation Failure) 2.436: [ParNew: 157107K->157107K(157248K), 0.0000319 secs]2.436: [CMS: 348125K->349564K(349568K), 0.3262910 secs] 505232K->354970K(506816K), [Metaspace: 2526K->2526K(1056768K)], 0.3264035 secs] [Times: user=0.14 sys=0.20, real=0.33 secs] 
2.763: [GC (CMS Initial Mark) [1 CMS-initial-mark: 349564K(349568K)] 355159K(506816K), 0.0015797 secs] [Times: user=0.00 sys=0.00, real=0.00 secs] 
2.765: [CMS-concurrent-mark-start]
2.766: [CMS-concurrent-mark: 0.002/0.002 secs] [Times: user=0.01 sys=0.00, real=0.00 secs] 
2.767: [CMS-concurrent-preclean-start]
2.769: [CMS-concurrent-preclean: 0.002/0.002 secs] [Times: user=0.00 sys=0.00, real=0.00 secs] 
2.769: [CMS-concurrent-abortable-preclean-start]
2.769: [CMS-concurrent-abortable-preclean: 0.000/0.000 secs] [Times: user=0.00 sys=0.00, real=0.00 secs] 
2.769: [GC (CMS Final Remark) [YG occupancy: 14960 K (157248 K)]2.769: [Rescan (parallel) , 0.0009776 secs]2.770: [weak refs processing, 0.0000185 secs]2.770: [class unloading, 0.0002791 secs]2.771: [scrub symbol table, 0.0003470 secs]2.771: [scrub string table, 0.0001747 secs][1 CMS-remark: 349564K(349568K)] 364525K(506816K), 0.0018831 secs] [Times: user=0.01 sys=0.00, real=0.01 secs] 
2.771: [CMS-concurrent-sweep-start]
2.772: [CMS-concurrent-sweep: 0.000/0.000 secs] [Times: user=0.00 sys=0.00, real=0.00 secs] 
2.772: [CMS-concurrent-reset-start]
2.773: [CMS-concurrent-reset: 0.001/0.001 secs] [Times: user=0.01 sys=0.00, real=0.00 secs] 
2.827: [GC (Allocation Failure) 2.827: [ParNew: 157094K->157094K(157248K), 0.0000401 secs]2.827: [CMS: 349464K->349101K(349568K), 0.1143856 secs] 506559K->354544K(506816K), [Metaspace: 2526K->2526K(1056768K)], 0.1145504 secs] [Times: user=0.12 sys=0.00, real=0.12 secs] 
2.942: [GC (CMS Initial Mark) [1 CMS-initial-mark: 349101K(349568K)] 354839K(506816K), 0.0011736 secs] [Times: user=0.00 sys=0.00, real=0.00 secs] 
2.943: [CMS-concurrent-mark-start]
2.945: [CMS-concurrent-mark: 0.002/0.002 secs] [Times: user=0.01 sys=0.00, real=0.00 secs] 
2.945: [CMS-concurrent-preclean-start]
2.948: [CMS-concurrent-preclean: 0.002/0.002 secs] [Times: user=0.00 sys=0.00, real=0.00 secs] 
2.948: [CMS-concurrent-abortable-preclean-start]
2.948: [CMS-concurrent-abortable-preclean: 0.000/0.000 secs] [Times: user=0.00 sys=0.00, real=0.00 secs] 
2.948: [GC (CMS Final Remark) [YG occupancy: 17867 K (157248 K)]2.948: [Rescan (parallel) , 0.0010513 secs]2.949: [weak refs processing, 0.0000187 secs]2.949: [class unloading, 0.0003694 secs]2.950: [scrub symbol table, 0.0003549 secs]2.950: [scrub string table, 0.0001872 secs][1 CMS-remark: 349101K(349568K)] 366969K(506816K), 0.0020821 secs] [Times: user=0.01 sys=0.00, real=0.00 secs] 
2.950: [CMS-concurrent-sweep-start]
2.951: [CMS-concurrent-sweep: 0.000/0.000 secs] [Times: user=0.00 sys=0.00, real=0.01 secs] 
2.951: [CMS-concurrent-reset-start]
2.952: [CMS-concurrent-reset: 0.001/0.001 secs] [Times: user=0.01 sys=0.00, real=0.00 secs] 
2.994: [GC (Allocation Failure) 2.994: [ParNew: 157222K->157222K(157248K), 0.0000316 secs]2.994: [CMS: 348171K->349528K(349568K), 0.1136807 secs] 505394K->352431K(506816K), [Metaspace: 2526K->2526K(1056768K)], 0.1138340 secs] [Times: user=0.10 sys=0.00, real=0.11 secs] 
3.108: [GC (CMS Initial Mark) [1 CMS-initial-mark: 349528K(349568K)] 355511K(506816K), 0.0023867 secs] [Times: user=0.00 sys=0.00, real=0.00 secs] 
3.111: [CMS-concurrent-mark-start]
3.114: [CMS-concurrent-mark: 0.003/0.003 secs] [Times: user=0.01 sys=0.00, real=0.00 secs] 
3.114: [CMS-concurrent-preclean-start]
3.116: [CMS-concurrent-preclean: 0.002/0.002 secs] [Times: user=0.00 sys=0.00, real=0.00 secs] 
3.116: [CMS-concurrent-abortable-preclean-start]
3.116: [CMS-concurrent-abortable-preclean: 0.000/0.000 secs] [Times: user=0.00 sys=0.00, real=0.00 secs] 
3.117: [GC (CMS Final Remark) [YG occupancy: 22085 K (157248 K)]3.117: [Rescan (parallel) , 0.0008403 secs]3.118: [weak refs processing, 0.0000198 secs]3.118: [class unloading, 0.0008536 secs]3.119: [scrub symbol table, 0.0005740 secs]3.119: [scrub string table, 0.0002705 secs][1 CMS-remark: 349528K(349568K)] 371614K(506816K), 0.0026755 secs] [Times: user=0.01 sys=0.00, real=0.00 secs] 
3.120: [CMS-concurrent-sweep-start]
3.120: [CMS-concurrent-sweep: 0.000/0.000 secs] [Times: user=0.00 sys=0.00, real=0.00 secs] 
3.120: [CMS-concurrent-reset-start]
3.121: [CMS-concurrent-reset: 0.001/0.001 secs] [Times: user=0.00 sys=0.00, real=0.01 secs] 
3.161: [GC (Allocation Failure) 3.161: [ParNew: 156926K->156926K(157248K), 0.0000311 secs]3.161: [CMS: 349113K->349561K(349568K), 0.1125222 secs] 506040K->353298K(506816K), [Metaspace: 2526K->2526K(1056768K)], 0.1126420 secs] [Times: user=0.11 sys=0.01, real=0.12 secs] 
3.274: [GC (CMS Initial Mark) [1 CMS-initial-mark: 349561K(349568K)] 353652K(506816K), 0.0014943 secs] [Times: user=0.00 sys=0.00, real=0.00 secs] 
3.275: [CMS-concurrent-mark-start]
3.277: [CMS-concurrent-mark: 0.002/0.002 secs] [Times: user=0.01 sys=0.00, real=0.00 secs] 
3.277: [CMS-concurrent-preclean-start]
3.279: [CMS-concurrent-preclean: 0.002/0.002 secs] [Times: user=0.01 sys=0.00, real=0.00 secs] 
3.280: [CMS-concurrent-abortable-preclean-start]
3.280: [CMS-concurrent-abortable-preclean: 0.000/0.000 secs] [Times: user=0.00 sys=0.00, real=0.00 secs] 
3.280: [GC (CMS Final Remark) [YG occupancy: 14235 K (157248 K)]3.280: [Rescan (parallel) , 0.0009368 secs]3.281: [weak refs processing, 0.0000183 secs]3.281: [class unloading, 0.0003157 secs]3.281: [scrub symbol table, 0.0003077 secs]3.281: [scrub string table, 0.0001590 secs][1 CMS-remark: 349561K(349568K)] 363796K(506816K), 0.0018333 secs] [Times: user=0.00 sys=0.00, real=0.01 secs] 
3.282: [CMS-concurrent-sweep-start]
3.282: [CMS-concurrent-sweep: 0.001/0.001 secs] [Times: user=0.00 sys=0.00, real=0.00 secs] 
3.282: [CMS-concurrent-reset-start]
3.284: [CMS-concurrent-reset: 0.001/0.001 secs] [Times: user=0.01 sys=0.00, real=0.00 secs] 
3.333: [GC (Allocation Failure) 3.333: [ParNew: 157243K->157243K(157248K), 0.0000352 secs]3.333: [CMS: 348839K->349084K(349568K), 0.1069110 secs] 506083K->351989K(506816K), [Metaspace: 2526K->2526K(1056768K)], 0.1070672 secs] [Times: user=0.11 sys=0.00, real=0.10 secs] 
3.440: [GC (CMS Initial Mark) [1 CMS-initial-mark: 349084K(349568K)] 352243K(506816K), 0.0014944 secs] [Times: user=0.00 sys=0.00, real=0.01 secs] 
3.441: [CMS-concurrent-mark-start]
3.443: [CMS-concurrent-mark: 0.002/0.002 secs] [Times: user=0.01 sys=0.00, real=0.00 secs] 
3.443: [CMS-concurrent-preclean-start]
3.446: [CMS-concurrent-preclean: 0.002/0.002 secs] [Times: user=0.01 sys=0.00, real=0.00 secs] 
3.446: [CMS-concurrent-abortable-preclean-start]
3.446: [CMS-concurrent-abortable-preclean: 0.000/0.000 secs] [Times: user=0.00 sys=0.00, real=0.00 secs] 
3.446: [GC (CMS Final Remark) [YG occupancy: 12482 K (157248 K)]3.446: [Rescan (parallel) , 0.0008770 secs]3.447: [weak refs processing, 0.0000175 secs]3.447: [class unloading, 0.0003144 secs]3.447: [scrub symbol table, 0.0003386 secs]3.448: [scrub string table, 0.0001576 secs][1 CMS-remark: 349084K(349568K)] 361567K(506816K), 0.0018227 secs] [Times: user=0.00 sys=0.01, real=0.00 secs] 
3.448: [CMS-concurrent-sweep-start]
3.449: [CMS-concurrent-sweep: 0.000/0.000 secs] [Times: user=0.00 sys=0.00, real=0.00 secs] 
3.449: [CMS-concurrent-reset-start]
3.450: [CMS-concurrent-reset: 0.001/0.001 secs] [Times: user=0.00 sys=0.00, real=0.00 secs] 
3.494: [GC (Allocation Failure) 3.494: [ParNew: 157227K->157227K(157248K), 0.0000315 secs]3.494: [CMS: 348297K->349014K(349568K), 0.1105381 secs] 505524K->349014K(506816K), [Metaspace: 2526K->2526K(1056768K)], 0.1106764 secs] [Times: user=0.11 sys=0.00, real=0.11 secs] 
3.605: [GC (CMS Initial Mark) [1 CMS-initial-mark: 349014K(349568K)] 349730K(506816K), 0.0014246 secs] [Times: user=0.00 sys=0.00, real=0.00 secs] 
3.607: [CMS-concurrent-mark-start]
3.608: [CMS-concurrent-mark: 0.002/0.002 secs] [Times: user=0.01 sys=0.00, real=0.00 secs] 
3.608: [CMS-concurrent-preclean-start]
3.610: [CMS-concurrent-preclean: 0.002/0.002 secs] [Times: user=0.00 sys=0.00, real=0.00 secs] 
3.610: [CMS-concurrent-abortable-preclean-start]
3.610: [CMS-concurrent-abortable-preclean: 0.000/0.000 secs] [Times: user=0.00 sys=0.00, real=0.00 secs] 
3.610: [GC (CMS Final Remark) [YG occupancy: 9964 K (157248 K)]3.611: [Rescan (parallel) , 0.0010134 secs]3.612: [weak refs processing, 0.0000168 secs]3.612: [class unloading, 0.0003301 secs]3.612: [scrub symbol table, 0.0003575 secs]3.612: [scrub string table, 0.0002063 secs][1 CMS-remark: 349014K(349568K)] 358979K(506816K), 0.0020339 secs] [Times: user=0.01 sys=0.00, real=0.01 secs] 
3.613: [CMS-concurrent-sweep-start]
3.613: [CMS-concurrent-sweep: 0.001/0.001 secs] [Times: user=0.00 sys=0.00, real=0.00 secs] 
3.613: [CMS-concurrent-reset-start]
3.615: [CMS-concurrent-reset: 0.001/0.001 secs] [Times: user=0.01 sys=0.00, real=0.00 secs] 
3.663: [GC (Allocation Failure) 3.663: [ParNew: 139776K->139776K(157248K), 0.0000395 secs]3.663: [CMS: 348205K->348928K(349568K), 0.1121631 secs] 487981K->352161K(506816K), [Metaspace: 2526K->2526K(1056768K)], 0.1123421 secs] [Times: user=0.12 sys=0.00, real=0.11 secs] 
3.775: [GC (CMS Initial Mark) [1 CMS-initial-mark: 348928K(349568K)] 352542K(506816K), 0.0017307 secs] [Times: user=0.00 sys=0.00, real=0.00 secs] 
3.777: [CMS-concurrent-mark-start]
3.779: [CMS-concurrent-mark: 0.002/0.002 secs] [Times: user=0.01 sys=0.00, real=0.00 secs] 
3.779: [CMS-concurrent-preclean-start]
3.781: [CMS-concurrent-preclean: 0.002/0.002 secs] [Times: user=0.00 sys=0.00, real=0.01 secs] 
3.781: [CMS-concurrent-abortable-preclean-start]
3.781: [CMS-concurrent-abortable-preclean: 0.000/0.000 secs] [Times: user=0.00 sys=0.00, real=0.00 secs] 
3.781: [GC (CMS Final Remark) [YG occupancy: 17122 K (157248 K)]3.782: [Rescan (parallel) , 0.0008691 secs]3.782: [weak refs processing, 0.0000177 secs]3.782: [class unloading, 0.0003279 secs]3.783: [scrub symbol table, 0.0003507 secs]3.783: [scrub string table, 0.0001812 secs][1 CMS-remark: 348928K(349568K)] 366051K(506816K), 0.0018563 secs] [Times: user=0.01 sys=0.00, real=0.00 secs] 
3.784: [CMS-concurrent-sweep-start]
3.784: [CMS-concurrent-sweep: 0.001/0.001 secs] [Times: user=0.00 sys=0.00, real=0.00 secs] 
3.784: [CMS-concurrent-reset-start]
3.785: [CMS-concurrent-reset: 0.001/0.001 secs] [Times: user=0.00 sys=0.00, real=0.00 secs] 
3.828: [GC (Allocation Failure) 3.828: [ParNew: 157141K->157141K(157248K), 0.0000325 secs]3.828: [CMS: 348625K->349263K(349568K), 0.1180411 secs] 505767K->355057K(506816K), [Metaspace: 2526K->2526K(1056768K)], 0.1181731 secs] [Times: user=0.11 sys=0.00, real=0.12 secs] 
3.946: [GC (CMS Initial Mark) [1 CMS-initial-mark: 349263K(349568K)] 355498K(506816K), 0.0016582 secs] [Times: user=0.01 sys=0.00, real=0.00 secs] 
3.948: [CMS-concurrent-mark-start]
3.949: [CMS-concurrent-mark: 0.002/0.002 secs] [Times: user=0.00 sys=0.00, real=0.00 secs] 
3.950: [CMS-concurrent-preclean-start]
3.952: [CMS-concurrent-preclean: 0.002/0.002 secs] [Times: user=0.01 sys=0.00, real=0.01 secs] 
3.952: [CMS-concurrent-abortable-preclean-start]
3.952: [CMS-concurrent-abortable-preclean: 0.000/0.000 secs] [Times: user=0.00 sys=0.00, real=0.00 secs] 
3.952: [GC (CMS Final Remark) [YG occupancy: 18833 K (157248 K)]3.952: [Rescan (parallel) , 0.0009831 secs]3.953: [weak refs processing, 0.0000174 secs]3.953: [class unloading, 0.0003081 secs]3.954: [scrub symbol table, 0.0003349 secs]3.954: [scrub string table, 0.0001819 secs][1 CMS-remark: 349263K(349568K)] 368096K(506816K), 0.0019289 secs] [Times: user=0.01 sys=0.00, real=0.00 secs] 
3.954: [CMS-concurrent-sweep-start]
3.955: [CMS-concurrent-sweep: 0.000/0.000 secs] [Times: user=0.00 sys=0.00, real=0.00 secs] 
3.955: [CMS-concurrent-reset-start]
3.956: [CMS-concurrent-reset: 0.001/0.001 secs] [Times: user=0.00 sys=0.00, real=0.00 secs] 
4.003: [GC (Allocation Failure) 4.003: [ParNew: 157195K->157195K(157248K), 0.0000341 secs]4.003: [CMS: 348844K->349484K(349568K), 0.1180540 secs] 506040K->353694K(506816K), [Metaspace: 2526K->2526K(1056768K)], 0.1182033 secs] [Times: user=0.12 sys=0.00, real=0.12 secs] 
4.122: [GC (CMS Initial Mark) [1 CMS-initial-mark: 349484K(349568K)] 353805K(506816K), 0.0014457 secs] [Times: user=0.00 sys=0.00, real=0.00 secs] 
4.123: [CMS-concurrent-mark-start]
4.125: [CMS-concurrent-mark: 0.002/0.002 secs] [Times: user=0.01 sys=0.00, real=0.00 secs] 
4.125: [CMS-concurrent-preclean-start]
4.128: [CMS-concurrent-preclean: 0.003/0.003 secs] [Times: user=0.00 sys=0.00, real=0.00 secs] 
4.128: [CMS-concurrent-abortable-preclean-start]
4.128: [CMS-concurrent-abortable-preclean: 0.000/0.000 secs] [Times: user=0.00 sys=0.00, real=0.00 secs] 
4.128: [GC (CMS Final Remark) [YG occupancy: 17485 K (157248 K)]4.128: [Rescan (parallel) , 0.0007894 secs]4.129: [weak refs processing, 0.0000240 secs]4.129: [class unloading, 0.0003335 secs]4.129: [scrub symbol table, 0.0004075 secs]4.130: [scrub string table, 0.0002587 secs][1 CMS-remark: 349484K(349568K)] 366970K(506816K), 0.0019641 secs] [Times: user=0.01 sys=0.01, real=0.00 secs] 
4.130: [CMS-concurrent-sweep-start]
4.131: [CMS-concurrent-sweep: 0.000/0.000 secs] [Times: user=0.00 sys=0.00, real=0.00 secs] 
4.131: [CMS-concurrent-reset-start]
4.132: [CMS-concurrent-reset: 0.001/0.001 secs] [Times: user=0.00 sys=0.00, real=0.01 secs] 
4.181: [GC (Allocation Failure) 4.181: [ParNew: 156723K->156723K(157248K), 0.0000370 secs]4.181: [CMS: 349344K->349552K(349568K), 0.1127426 secs] 506067K->360023K(506816K), [Metaspace: 2526K->2526K(1056768K)], 0.1128960 secs] [Times: user=0.11 sys=0.00, real=0.12 secs] 
4.294: [GC (CMS Initial Mark) [1 CMS-initial-mark: 349552K(349568K)] 360654K(506816K), 0.0015045 secs] [Times: user=0.00 sys=0.00, real=0.00 secs] 
4.295: [CMS-concurrent-mark-start]
4.297: [CMS-concurrent-mark: 0.002/0.002 secs] [Times: user=0.01 sys=0.00, real=0.00 secs] 
4.297: [CMS-concurrent-preclean-start]
4.300: [CMS-concurrent-preclean: 0.002/0.002 secs] [Times: user=0.01 sys=0.00, real=0.00 secs] 
4.300: [CMS-concurrent-abortable-preclean-start]
4.300: [CMS-concurrent-abortable-preclean: 0.000/0.000 secs] [Times: user=0.00 sys=0.00, real=0.00 secs] 
4.300: [GC (CMS Final Remark) [YG occupancy: 24591 K (157248 K)]4.300: [Rescan (parallel) , 0.0007970 secs]4.301: [weak refs processing, 0.0000172 secs]4.301: [class unloading, 0.0003122 secs]4.301: [scrub symbol table, 0.0003390 secs]4.301: [scrub string table, 0.0001627 secs][1 CMS-remark: 349552K(349568K)] 374143K(506816K), 0.0017161 secs] [Times: user=0.01 sys=0.00, real=0.01 secs] 
4.302: [CMS-concurrent-sweep-start]
4.302: [CMS-concurrent-sweep: 0.000/0.000 secs] [Times: user=0.00 sys=0.00, real=0.00 secs] 
4.302: [CMS-concurrent-reset-start]
4.304: [CMS-concurrent-reset: 0.001/0.001 secs] [Times: user=0.00 sys=0.00, real=0.00 secs] 
4.343: [GC (Allocation Failure) 4.343: [ParNew: 156726K->156726K(157248K), 0.0000318 secs]4.343: [CMS: 349339K->349539K(349568K), 0.1147642 secs] 506065K->365902K(506816K), [Metaspace: 2526K->2526K(1056768K)], 0.1148931 secs] [Times: user=0.12 sys=0.00, real=0.11 secs] 
4.458: [GC (CMS Initial Mark) [1 CMS-initial-mark: 349539K(349568K)] 366513K(506816K), 0.0016137 secs] [Times: user=0.00 sys=0.00, real=0.00 secs] 
4.460: [CMS-concurrent-mark-start]
4.462: [CMS-concurrent-mark: 0.002/0.002 secs] [Times: user=0.01 sys=0.00, real=0.01 secs] 
4.462: [CMS-concurrent-preclean-start]
4.464: [CMS-concurrent-preclean: 0.002/0.002 secs] [Times: user=0.00 sys=0.00, real=0.00 secs] 
4.464: [CMS-concurrent-abortable-preclean-start]
4.464: [CMS-concurrent-abortable-preclean: 0.000/0.000 secs] [Times: user=0.00 sys=0.00, real=0.00 secs] 
4.465: [GC (CMS Final Remark) [YG occupancy: 36277 K (157248 K)]4.465: [Rescan (parallel) , 0.0010326 secs]4.466: [weak refs processing, 0.0000186 secs]4.466: [class unloading, 0.0003507 secs]4.466: [scrub symbol table, 0.0003219 secs]4.466: [scrub string table, 0.0001694 secs][1 CMS-remark: 349539K(349568K)] 385817K(506816K), 0.0019974 secs] [Times: user=0.01 sys=0.00, real=0.00 secs] 
4.467: [CMS-concurrent-sweep-start]
4.467: [CMS-concurrent-sweep: 0.001/0.001 secs] [Times: user=0.00 sys=0.00, real=0.00 secs] 
4.467: [CMS-concurrent-reset-start]
4.469: [CMS-concurrent-reset: 0.001/0.001 secs] [Times: user=0.00 sys=0.00, real=0.00 secs] 
4.504: [GC (Allocation Failure) 4.504: [ParNew: 157179K->157179K(157248K), 0.0000317 secs]4.504: [CMS: 347617K->349487K(349568K), 0.1226813 secs] 504797K->363570K(506816K), [Metaspace: 2526K->2526K(1056768K)], 0.1228207 secs] [Times: user=0.12 sys=0.00, real=0.12 secs] 
4.627: [GC (CMS Initial Mark) [1 CMS-initial-mark: 349487K(349568K)] 363642K(506816K), 0.0014961 secs] [Times: user=0.00 sys=0.00, real=0.00 secs] 
4.629: [CMS-concurrent-mark-start]
4.630: [CMS-concurrent-mark: 0.002/0.002 secs] [Times: user=0.01 sys=0.00, real=0.00 secs] 
4.631: [CMS-concurrent-preclean-start]
4.633: [CMS-concurrent-preclean: 0.002/0.002 secs] [Times: user=0.01 sys=0.00, real=0.01 secs] 
4.633: [CMS-concurrent-abortable-preclean-start]
4.633: [CMS-concurrent-abortable-preclean: 0.000/0.000 secs] [Times: user=0.00 sys=0.00, real=0.00 secs] 
4.633: [GC (CMS Final Remark) [YG occupancy: 25835 K (157248 K)]4.633: [Rescan (parallel) , 0.0010914 secs]4.635: [weak refs processing, 0.0000292 secs]4.635: [class unloading, 0.0006386 secs]4.635: [scrub symbol table, 0.0008039 secs]4.636: [scrub string table, 0.0002600 secs][1 CMS-remark: 349487K(349568K)] 375323K(506816K), 0.0029607 secs] [Times: user=0.01 sys=0.00, real=0.00 secs] 
4.637: [CMS-concurrent-sweep-start]
4.637: [CMS-concurrent-sweep: 0.000/0.000 secs] [Times: user=0.00 sys=0.00, real=0.00 secs] 
4.637: [CMS-concurrent-reset-start]
4.638: [CMS-concurrent-reset: 0.001/0.001 secs] [Times: user=0.00 sys=0.00, real=0.00 secs] 
4.687: [GC (Allocation Failure) 4.687: [ParNew: 157183K->157183K(157248K), 0.0000370 secs]4.687: [CMS: 349487K->349349K(349568K), 0.1207704 secs] 506671K->361417K(506816K), [Metaspace: 2526K->2526K(1056768K)], 0.1209114 secs] [Times: user=0.12 sys=0.00, real=0.12 secs] 
4.808: [GC (CMS Initial Mark) [1 CMS-initial-mark: 349349K(349568K)] 361489K(506816K), 0.0016804 secs] [Times: user=0.00 sys=0.00, real=0.00 secs] 
4.810: [CMS-concurrent-mark-start]
4.812: [CMS-concurrent-mark: 0.002/0.002 secs] [Times: user=0.01 sys=0.00, real=0.01 secs] 
4.812: [CMS-concurrent-preclean-start]
4.814: [CMS-concurrent-preclean: 0.002/0.002 secs] [Times: user=0.00 sys=0.00, real=0.00 secs] 
4.814: [CMS-concurrent-abortable-preclean-start]
4.814: [CMS-concurrent-abortable-preclean: 0.000/0.000 secs] [Times: user=0.00 sys=0.00, real=0.00 secs] 
4.814: [GC (CMS Final Remark) [YG occupancy: 24556 K (157248 K)]4.814: [Rescan (parallel) , 0.0010411 secs]4.816: [weak refs processing, 0.0000185 secs]4.816: [class unloading, 0.0003460 secs]4.816: [scrub symbol table, 0.0003427 secs]4.816: [scrub string table, 0.0001915 secs][1 CMS-remark: 349349K(349568K)] 373905K(506816K), 0.0020558 secs] [Times: user=0.00 sys=0.00, real=0.00 secs] 
4.817: [CMS-concurrent-sweep-start]
4.817: [CMS-concurrent-sweep: 0.000/0.000 secs] [Times: user=0.00 sys=0.00, real=0.00 secs] 
4.817: [CMS-concurrent-reset-start]
4.818: [CMS-concurrent-reset: 0.001/0.001 secs] [Times: user=0.01 sys=0.00, real=0.00 secs] 
4.858: [GC (Allocation Failure) 4.858: [ParNew: 157217K->157217K(157248K), 0.0000308 secs]4.858: [CMS: 349302K->349533K(349568K), 0.1173350 secs] 506519K->363693K(506816K), [Metaspace: 2526K->2526K(1056768K)], 0.1174646 secs] [Times: user=0.11 sys=0.00, real=0.12 secs] 
4.976: [GC (CMS Initial Mark) [1 CMS-initial-mark: 349533K(349568K)] 364356K(506816K), 0.0016007 secs] [Times: user=0.00 sys=0.00, real=0.00 secs] 
4.978: [CMS-concurrent-mark-start]
4.980: [CMS-concurrent-mark: 0.002/0.002 secs] [Times: user=0.01 sys=0.00, real=0.00 secs] 
4.980: [CMS-concurrent-preclean-start]
4.982: [CMS-concurrent-preclean: 0.002/0.002 secs] [Times: user=0.00 sys=0.00, real=0.01 secs] 
4.982: [CMS-concurrent-abortable-preclean-start]
4.982: [CMS-concurrent-abortable-preclean: 0.000/0.000 secs] [Times: user=0.00 sys=0.00, real=0.00 secs] 
4.982: [GC (CMS Final Remark) [YG occupancy: 24858 K (157248 K)]4.982: [Rescan (parallel) , 0.0010794 secs]4.983: [weak refs processing, 0.0000178 secs]4.984: [class unloading, 0.0002827 secs]4.984: [scrub symbol table, 0.0003299 secs]4.984: [scrub string table, 0.0001765 secs][1 CMS-remark: 349533K(349568K)] 374391K(506816K), 0.0019702 secs] [Times: user=0.01 sys=0.00, real=0.00 secs] 
4.985: [CMS-concurrent-sweep-start]
4.985: [CMS-concurrent-sweep: 0.001/0.001 secs] [Times: user=0.00 sys=0.00, real=0.00 secs] 
4.985: [CMS-concurrent-reset-start]
4.986: [CMS-concurrent-reset: 0.001/0.001 secs] [Times: user=0.00 sys=0.00, real=0.00 secs] 
5.030: [GC (Allocation Failure) 5.030: [ParNew: 156525K->156525K(157248K), 0.0000313 secs]5.030: [CMS: 348956K->349523K(349568K), 0.1220331 secs] 505482K->369151K(506816K), [Metaspace: 2526K->2526K(1056768K)], 0.1221704 secs] [Times: user=0.12 sys=0.00, real=0.13 secs] 
5.153: [GC (CMS Initial Mark) [1 CMS-initial-mark: 349523K(349568K)] 369945K(506816K), 0.0015169 secs] [Times: user=0.00 sys=0.00, real=0.00 secs] 
5.154: [CMS-concurrent-mark-start]
执行结束。共生成对象次数:17985
Heap
 par new generation   total 157248K, used 26012K [0x00000000e0000000, 0x00000000eaaa0000, 0x00000000eaaa0000)
  eden space 139776K,  18% used [0x00000000e0000000, 0x00000000e1967110, 0x00000000e8880000)
  from space 17472K,   0% used [0x00000000e8880000, 0x00000000e8880000, 0x00000000e9990000)
  to   space 17472K,   0% used [0x00000000e9990000, 0x00000000e9990000, 0x00000000eaaa0000)
 concurrent mark-sweep generation total 349568K, used 349523K [0x00000000eaaa0000, 0x0000000100000000, 0x0000000100000000)
 Metaspace       used 2533K, capacity 4486K, committed 4864K, reserved 1056768K
  class space    used 273K, capacity 386K, committed 512K, reserved 1048576K
5.156: [CMS-concurrent-mark: 0.002/0.002 secs] [Times: user=0.01 sys=0.00, real=0.00 secs] 
开始执行.......
0.237: [GC (Allocation Failure) 0.237: [ParNew: 139776K->17472K(157248K), 0.0177261 secs] 139776K->47658K(506816K), 0.0178620 secs] [Times: user=0.16 sys=0.08, real=0.01 secs] 
0.300: [GC (Allocation Failure) 0.300: [ParNew: 157248K->17472K(157248K), 0.0149009 secs] 187434K->91592K(506816K), 0.0149971 secs] [Times: user=0.09 sys=0.11, real=0.01 secs] 
0.356: [GC (Allocation Failure) 0.356: [ParNew: 157119K->17472K(157248K), 0.0391773 secs] 231239K->138637K(506816K), 0.0392631 secs] [Times: user=0.66 sys=0.02, real=0.03 secs] 
0.436: [GC (Allocation Failure) 0.436: [ParNew: 157248K->17471K(157248K), 0.0280967 secs] 278413K->174700K(506816K), 0.0281875 secs] [Times: user=0.48 sys=0.01, real=0.02 secs] 
0.503: [GC (Allocation Failure) 0.503: [ParNew: 157247K->17471K(157248K), 0.0389134 secs] 314476K->225596K(506816K), 0.0389875 secs] [Times: user=0.65 sys=0.04, real=0.04 secs] 
0.542: [GC (CMS Initial Mark) [1 CMS-initial-mark: 208124K(349568K)] 225740K(506816K), 0.0005145 secs] [Times: user=0.00 sys=0.00, real=0.00 secs] 
0.543: [CMS-concurrent-mark-start]
0.546: [CMS-concurrent-mark: 0.003/0.003 secs] [Times: user=0.02 sys=0.00, real=0.01 secs] 
0.546: [CMS-concurrent-preclean-start]
0.547: [CMS-concurrent-preclean: 0.001/0.001 secs] [Times: user=0.00 sys=0.00, real=0.00 secs] 
0.547: [CMS-concurrent-abortable-preclean-start]
0.585: [GC (Allocation Failure) 0.585: [ParNew: 157247K->17471K(157248K), 0.0296582 secs] 365372K->264749K(506816K), 0.0297365 secs] [Times: user=0.50 sys=0.02, real=0.03 secs] 
0.654: [GC (Allocation Failure) 0.654: [ParNew: 157247K->17471K(157248K), 0.0330861 secs] 404525K->305859K(506816K), 0.0331723 secs] [Times: user=0.55 sys=0.03, real=0.04 secs] 
0.726: [GC (Allocation Failure) 0.726: [ParNew: 157247K->17470K(157248K), 0.0405857 secs] 445635K->355632K(506816K), 0.0406623 secs] [Times: user=0.69 sys=0.03, real=0.04 secs] 
0.766: [CMS-concurrent-abortable-preclean: 0.004/0.220 secs] [Times: user=1.86 sys=0.08, real=0.22 secs] 
0.767: [GC (CMS Final Remark) [YG occupancy: 20705 K (157248 K)]0.767: [Rescan (parallel) , 0.0004659 secs]0.767: [weak refs processing, 0.0000164 secs]0.767: [class unloading, 0.0002912 secs]0.768: [scrub symbol table, 0.0003491 secs]0.768: [scrub string table, 0.0001632 secs][1 CMS-remark: 338162K(349568K)] 358867K(506816K), 0.0013797 secs] [Times: user=0.01 sys=0.00, real=0.00 secs] 
0.768: [CMS-concurrent-sweep-start]
0.769: [CMS-concurrent-sweep: 0.001/0.001 secs] [Times: user=0.00 sys=0.00, real=0.00 secs] 
0.769: [CMS-concurrent-reset-start]
0.772: [CMS-concurrent-reset: 0.003/0.003 secs] [Times: user=0.00 sys=0.00, real=0.00 secs] 
0.807: [GC (Allocation Failure) 0.807: [ParNew: 157246K->17471K(157248K), 0.0172182 secs] 447312K->346843K(506816K), 0.0173081 secs] [Times: user=0.29 sys=0.01, real=0.01 secs] 
0.825: [GC (CMS Initial Mark) [1 CMS-initial-mark: 329372K(349568K)] 349739K(506816K), 0.0005039 secs] [Times: user=0.00 sys=0.00, real=0.00 secs] 
0.825: [CMS-concurrent-mark-start]
0.826: [CMS-concurrent-mark: 0.001/0.001 secs] [Times: user=0.01 sys=0.00, real=0.01 secs] 
0.826: [CMS-concurrent-preclean-start]
0.827: [CMS-concurrent-preclean: 0.001/0.001 secs] [Times: user=0.00 sys=0.00, real=0.00 secs] 
0.827: [CMS-concurrent-abortable-preclean-start]
0.827: [CMS-concurrent-abortable-preclean: 0.000/0.000 secs] [Times: user=0.00 sys=0.00, real=0.00 secs] 
0.827: [GC (CMS Final Remark) [YG occupancy: 26266 K (157248 K)]0.827: [Rescan (parallel) , 0.0003856 secs]0.828: [weak refs processing, 0.0000158 secs]0.828: [class unloading, 0.0002897 secs]0.828: [scrub symbol table, 0.0003255 secs]0.828: [scrub string table, 0.0001781 secs][1 CMS-remark: 329372K(349568K)] 355639K(506816K), 0.0012758 secs] [Times: user=0.01 sys=0.00, real=0.00 secs] 
0.829: [CMS-concurrent-sweep-start]
0.830: [CMS-concurrent-sweep: 0.001/0.001 secs] [Times: user=0.00 sys=0.00, real=0.00 secs] 
0.830: [CMS-concurrent-reset-start]
0.830: [CMS-concurrent-reset: 0.001/0.001 secs] [Times: user=0.00 sys=0.00, real=0.00 secs] 
0.866: [GC (Allocation Failure) 0.866: [ParNew: 157247K->17469K(157248K), 0.0208796 secs] 390897K->299392K(506816K), 0.0209501 secs] [Times: user=0.36 sys=0.00, real=0.02 secs] 
0.887: [GC (CMS Initial Mark) [1 CMS-initial-mark: 281923K(349568K)] 299821K(506816K), 0.0004618 secs] [Times: user=0.00 sys=0.00, real=0.00 secs] 
0.888: [CMS-concurrent-mark-start]
0.889: [CMS-concurrent-mark: 0.001/0.001 secs] [Times: user=0.01 sys=0.00, real=0.00 secs] 
0.889: [CMS-concurrent-preclean-start]
0.890: [CMS-concurrent-preclean: 0.001/0.001 secs] [Times: user=0.00 sys=0.00, real=0.00 secs] 
0.890: [CMS-concurrent-abortable-preclean-start]
0.930: [GC (Allocation Failure) 0.930: [ParNew: 156991K->17469K(157248K), 0.0169035 secs] 438915K->337997K(506816K), 0.0169744 secs] [Times: user=0.29 sys=0.00, real=0.02 secs] 
0.986: [GC (Allocation Failure) 0.986: [ParNew: 157245K->157245K(157248K), 0.0000350 secs]0.986: [CMS0.986: [CMS-concurrent-abortable-preclean: 0.002/0.096 secs] [Times: user=0.37 sys=0.00, real=0.10 secs] 
 (concurrent mode failure): 320528K->282822K(349568K), 0.0960023 secs] 477773K->282822K(506816K), [Metaspace: 2526K->2526K(1056768K)], 0.0963692 secs] [Times: user=0.09 sys=0.00, real=0.09 secs] 
1.123: [GC (Allocation Failure) 1.123: [ParNew: 139776K->17469K(157248K), 0.0143401 secs] 422598K->329012K(506816K), 0.0144979 secs] [Times: user=0.25 sys=0.01, real=0.02 secs] 
1.138: [GC (CMS Initial Mark) [1 CMS-initial-mark: 311543K(349568K)] 329300K(506816K), 0.0005917 secs] [Times: user=0.00 sys=0.00, real=0.00 secs] 
1.138: [CMS-concurrent-mark-start]
1.139: [CMS-concurrent-mark: 0.001/0.001 secs] [Times: user=0.00 sys=0.00, real=0.00 secs] 
1.139: [CMS-concurrent-preclean-start]
1.140: [CMS-concurrent-preclean: 0.001/0.001 secs] [Times: user=0.00 sys=0.00, real=0.00 secs] 
1.140: [CMS-concurrent-abortable-preclean-start]
1.178: [GC (Allocation Failure) 1.178: [ParNew (promotion failed): 157245K->157247K(157248K), 0.0200508 secs]1.198: [CMS1.198: [CMS-concurrent-abortable-preclean: 0.001/0.058 secs] [Times: user=0.38 sys=0.00, real=0.06 secs] 
 (concurrent mode failure): 348823K->307333K(349568K), 0.0950131 secs] 468788K->307333K(506816K), [Metaspace: 2526K->2526K(1056768K)], 0.1151794 secs] [Times: user=0.43 sys=0.00, real=0.11 secs] 
1.348: [GC (Allocation Failure) 1.348: [ParNew: 139776K->139776K(157248K), 0.0000568 secs]1.348: [CMS: 307333K->314270K(349568K), 0.1131933 secs] 447109K->314270K(506816K), [Metaspace: 2526K->2526K(1056768K)], 0.1133903 secs] [Times: user=0.11 sys=0.00, real=0.11 secs] 
1.462: [GC (CMS Initial Mark) [1 CMS-initial-mark: 314270K(349568K)] 314342K(506816K), 0.0019346 secs] [Times: user=0.00 sys=0.00, real=0.00 secs] 
1.464: [CMS-concurrent-mark-start]
1.466: [CMS-concurrent-mark: 0.002/0.002 secs] [Times: user=0.01 sys=0.00, real=0.01 secs] 
1.466: [CMS-concurrent-preclean-start]
1.467: [CMS-concurrent-preclean: 0.002/0.002 secs] [Times: user=0.00 sys=0.00, real=0.00 secs] 
1.467: [CMS-concurrent-abortable-preclean-start]
1.529: [GC (Allocation Failure) 1.530: [ParNew: 139776K->17471K(157248K), 0.0150888 secs] 454046K->357686K(506816K), 0.0151863 secs] [Times: user=0.25 sys=0.00, real=0.01 secs] 
1.545: [CMS-concurrent-abortable-preclean: 0.002/0.077 secs] [Times: user=0.32 sys=0.00, real=0.07 secs] 
1.545: [GC (CMS Final Remark) [YG occupancy: 18074 K (157248 K)]1.545: [Rescan (parallel) , 0.0006629 secs]1.546: [weak refs processing, 0.0000194 secs]1.546: [class unloading, 0.0003363 secs]1.546: [scrub symbol table, 0.0003472 secs]1.546: [scrub string table, 0.0001866 secs][1 CMS-remark: 340215K(349568K)] 358289K(506816K), 0.0016472 secs] [Times: user=0.01 sys=0.00, real=0.01 secs] 
1.547: [CMS-concurrent-sweep-start]
1.547: [CMS-concurrent-sweep: 0.001/0.001 secs] [Times: user=0.00 sys=0.00, real=0.00 secs] 
1.547: [CMS-concurrent-reset-start]
1.548: [CMS-concurrent-reset: 0.001/0.001 secs] [Times: user=0.00 sys=0.00, real=0.00 secs] 
1.595: [GC (Allocation Failure) 1.595: [ParNew: 157247K->157247K(157248K), 0.0000396 secs]1.595: [CMS: 340179K->320197K(349568K), 0.1155897 secs] 497426K->320197K(506816K), [Metaspace: 2526K->2526K(1056768K)], 0.1157516 secs] [Times: user=0.11 sys=0.00, real=0.12 secs] 
1.711: [GC (CMS Initial Mark) [1 CMS-initial-mark: 320197K(349568K)] 320692K(506816K), 0.0015719 secs] [Times: user=0.01 sys=0.00, real=0.00 secs] 
1.713: [CMS-concurrent-mark-start]
1.715: [CMS-concurrent-mark: 0.002/0.002 secs] [Times: user=0.01 sys=0.00, real=0.00 secs] 
1.715: [CMS-concurrent-preclean-start]
1.716: [CMS-concurrent-preclean: 0.002/0.002 secs] [Times: user=0.00 sys=0.00, real=0.01 secs] 
1.716: [CMS-concurrent-abortable-preclean-start]
1.776: [GC (Allocation Failure) 1.776: [ParNew: 139776K->17471K(157248K), 0.0140430 secs] 459973K->360674K(506816K), 0.0141471 secs] [Times: user=0.23 sys=0.00, real=0.02 secs] 
1.790: [CMS-concurrent-abortable-preclean: 0.002/0.073 secs] [Times: user=0.30 sys=0.00, real=0.07 secs] 
1.790: [GC (CMS Final Remark) [YG occupancy: 20513 K (157248 K)]1.790: [Rescan (parallel) , 0.0006081 secs]1.791: [weak refs processing, 0.0000150 secs]1.791: [class unloading, 0.0003081 secs]1.791: [scrub symbol table, 0.0003100 secs]1.791: [scrub string table, 0.0001571 secs][1 CMS-remark: 343202K(349568K)] 363715K(506816K), 0.0014677 secs] [Times: user=0.00 sys=0.00, real=0.00 secs] 
1.792: [CMS-concurrent-sweep-start]
1.792: [CMS-concurrent-sweep: 0.001/0.001 secs] [Times: user=0.00 sys=0.00, real=0.00 secs] 
1.792: [CMS-concurrent-reset-start]
1.794: [CMS-concurrent-reset: 0.001/0.001 secs] [Times: user=0.00 sys=0.00, real=0.00 secs] 
1.861: [GC (Allocation Failure) 1.861: [ParNew: 157247K->157247K(157248K), 0.0000962 secs]1.861: [CMS: 342814K->321225K(349568K), 0.2320417 secs] 500062K->321225K(506816K), [Metaspace: 2526K->2526K(1056768K)], 0.2322946 secs] [Times: user=0.11 sys=0.12, real=0.23 secs] 
2.093: [GC (CMS Initial Mark) [1 CMS-initial-mark: 321225K(349568K)] 321802K(506816K), 0.0017670 secs] [Times: user=0.00 sys=0.00, real=0.00 secs] 
2.095: [CMS-concurrent-mark-start]
2.097: [CMS-concurrent-mark: 0.002/0.002 secs] [Times: user=0.01 sys=0.00, real=0.01 secs] 
2.097: [CMS-concurrent-preclean-start]
2.099: [CMS-concurrent-preclean: 0.002/0.002 secs] [Times: user=0.01 sys=0.00, real=0.00 secs] 
2.099: [CMS-concurrent-abortable-preclean-start]
2.170: [GC (Allocation Failure) 2.170: [ParNew2.200: [CMS-concurrent-abortable-preclean: 0.001/0.102 secs] [Times: user=0.55 sys=0.04, real=0.10 secs] 
: 139475K->17470K(157248K), 0.0529385 secs] 460701K->366408K(506816K), 0.0530487 secs] [Times: user=0.88 sys=0.06, real=0.05 secs] 
2.224: [GC (CMS Final Remark) [YG occupancy: 18240 K (157248 K)]2.224: [Rescan (parallel) , 0.0005625 secs]2.224: [weak refs processing, 0.0000146 secs]2.224: [class unloading, 0.0002528 secs]2.224: [scrub symbol table, 0.0003209 secs]2.225: [scrub string table, 0.0001703 secs][1 CMS-remark: 348937K(349568K)] 367177K(506816K), 0.0013922 secs] [Times: user=0.01 sys=0.00, real=0.00 secs] 
2.225: [CMS-concurrent-sweep-start]
2.226: [CMS-concurrent-sweep: 0.000/0.000 secs] [Times: user=0.00 sys=0.00, real=0.01 secs] 
2.226: [CMS-concurrent-reset-start]
2.226: [CMS-concurrent-reset: 0.001/0.001 secs] [Times: user=0.00 sys=0.00, real=0.00 secs] 
2.268: [GC (Allocation Failure) 2.268: [ParNew: 157246K->157246K(157248K), 0.0000352 secs]2.268: [CMS: 348937K->331711K(349568K), 0.1213246 secs] 506184K->331711K(506816K), [Metaspace: 2526K->2526K(1056768K)], 0.1214815 secs] [Times: user=0.12 sys=0.00, real=0.12 secs] 
2.390: [GC (CMS Initial Mark) [1 CMS-initial-mark: 331711K(349568K)] 331855K(506816K), 0.0018265 secs] [Times: user=0.00 sys=0.00, real=0.00 secs] 
2.392: [CMS-concurrent-mark-start]
2.393: [CMS-concurrent-mark: 0.002/0.002 secs] [Times: user=0.01 sys=0.00, real=0.00 secs] 
2.393: [CMS-concurrent-preclean-start]
2.395: [CMS-concurrent-preclean: 0.002/0.002 secs] [Times: user=0.01 sys=0.00, real=0.00 secs] 
2.395: [CMS-concurrent-abortable-preclean-start]
2.456: [GC (Allocation Failure) 2.456: [ParNew: 139776K->139776K(157248K), 0.0000785 secs]2.456: [CMS2.456: [CMS-concurrent-abortable-preclean: 0.002/0.061 secs] [Times: user=0.06 sys=0.00, real=0.07 secs] 
 (concurrent mode failure): 331711K->338441K(349568K), 0.1173970 secs] 471487K->338441K(506816K), [Metaspace: 2526K->2526K(1056768K)], 0.1176256 secs] [Times: user=0.12 sys=0.00, real=0.11 secs] 
2.640: [GC (Allocation Failure) 2.640: [ParNew: 139708K->139708K(157248K), 0.0000785 secs]2.640: [CMS: 338441K->338994K(349568K), 0.2011855 secs] 478150K->338994K(506816K), [Metaspace: 2526K->2526K(1056768K)], 0.2014101 secs] [Times: user=0.13 sys=0.08, real=0.20 secs] 
2.842: [GC (CMS Initial Mark) [1 CMS-initial-mark: 338994K(349568K)] 339199K(506816K), 0.0016892 secs] [Times: user=0.00 sys=0.00, real=0.00 secs] 
2.843: [CMS-concurrent-mark-start]
2.847: [CMS-concurrent-mark: 0.003/0.003 secs] [Times: user=0.01 sys=0.01, real=0.01 secs] 
2.847: [CMS-concurrent-preclean-start]
2.848: [CMS-concurrent-preclean: 0.002/0.002 secs] [Times: user=0.01 sys=0.00, real=0.00 secs] 
2.849: [CMS-concurrent-abortable-preclean-start]
2.914: [GC (Allocation Failure) 2.914: [ParNew: 139776K->139776K(157248K), 0.0000771 secs]2.914: [CMS2.914: [CMS-concurrent-abortable-preclean: 0.001/0.066 secs] [Times: user=0.06 sys=0.00, real=0.06 secs] 
 (concurrent mode failure): 338994K->349356K(349568K), 0.2744482 secs] 478770K->349876K(506816K), [Metaspace: 2526K->2526K(1056768K)], 0.2746691 secs] [Times: user=0.12 sys=0.15, real=0.28 secs] 
3.236: [Full GC (Allocation Failure) 3.236: [CMS: 349356K->349527K(349568K), 0.1038706 secs] 506545K->352966K(506816K), [Metaspace: 2526K->2526K(1056768K)], 0.1039841 secs] [Times: user=0.10 sys=0.00, real=0.10 secs] 
3.341: [GC (CMS Initial Mark) [1 CMS-initial-mark: 349527K(349568K)] 353417K(506816K), 0.0013061 secs] [Times: user=0.00 sys=0.01, real=0.00 secs] 
3.342: [CMS-concurrent-mark-start]
3.344: [CMS-concurrent-mark: 0.002/0.002 secs] [Times: user=0.01 sys=0.00, real=0.00 secs] 
3.344: [CMS-concurrent-preclean-start]
3.346: [CMS-concurrent-preclean: 0.002/0.002 secs] [Times: user=0.01 sys=0.00, real=0.01 secs] 
3.346: [CMS-concurrent-abortable-preclean-start]
3.346: [CMS-concurrent-abortable-preclean: 0.000/0.000 secs] [Times: user=0.00 sys=0.00, real=0.00 secs] 
3.346: [GC (CMS Final Remark) [YG occupancy: 15234 K (157248 K)]3.346: [Rescan (parallel) , 0.0010020 secs]3.348: [weak refs processing, 0.0000177 secs]3.348: [class unloading, 0.0003111 secs]3.348: [scrub symbol table, 0.0003116 secs]3.348: [scrub string table, 0.0001656 secs][1 CMS-remark: 349527K(349568K)] 364761K(506816K), 0.0018934 secs] [Times: user=0.00 sys=0.00, real=0.00 secs] 
3.349: [CMS-concurrent-sweep-start]
3.349: [CMS-concurrent-sweep: 0.000/0.000 secs] [Times: user=0.00 sys=0.00, real=0.00 secs] 
3.349: [CMS-concurrent-reset-start]
3.350: [CMS-concurrent-reset: 0.001/0.001 secs] [Times: user=0.01 sys=0.00, real=0.00 secs] 
3.407: [GC (Allocation Failure) 3.407: [ParNew: 157217K->157217K(157248K), 0.0001769 secs]3.407: [CMS: 348936K->349538K(349568K), 0.1246482 secs] 506153K->358064K(506816K), [Metaspace: 2526K->2526K(1056768K)], 0.1249894 secs] [Times: user=0.12 sys=0.01, real=0.12 secs] 
3.533: [GC (CMS Initial Mark) [1 CMS-initial-mark: 349538K(349568K)] 358791K(506816K), 0.0026016 secs] [Times: user=0.00 sys=0.00, real=0.00 secs] 
3.535: [CMS-concurrent-mark-start]
3.538: [CMS-concurrent-mark: 0.002/0.002 secs] [Times: user=0.01 sys=0.00, real=0.01 secs] 
3.538: [CMS-concurrent-preclean-start]
3.540: [CMS-concurrent-preclean: 0.002/0.002 secs] [Times: user=0.01 sys=0.00, real=0.00 secs] 
3.540: [CMS-concurrent-abortable-preclean-start]
3.540: [CMS-concurrent-abortable-preclean: 0.000/0.000 secs] [Times: user=0.00 sys=0.00, real=0.00 secs] 
3.540: [GC (CMS Final Remark) [YG occupancy: 20820 K (157248 K)]3.540: [Rescan (parallel) , 0.0009546 secs]3.541: [weak refs processing, 0.0000207 secs]3.541: [class unloading, 0.0002875 secs]3.542: [scrub symbol table, 0.0003369 secs]3.542: [scrub string table, 0.0001866 secs][1 CMS-remark: 349538K(349568K)] 370359K(506816K), 0.0018846 secs] [Times: user=0.00 sys=0.00, real=0.00 secs] 
3.542: [CMS-concurrent-sweep-start]
3.543: [CMS-concurrent-sweep: 0.001/0.001 secs] [Times: user=0.00 sys=0.00, real=0.00 secs] 
3.543: [CMS-concurrent-reset-start]
3.544: [CMS-concurrent-reset: 0.001/0.001 secs] [Times: user=0.00 sys=0.00, real=0.00 secs] 
3.600: [GC (Allocation Failure) 3.600: [ParNew: 157179K->157179K(157248K), 0.0000635 secs]3.600: [CMS: 349538K->349540K(349568K), 0.1192484 secs] 506718K->353399K(506816K), [Metaspace: 2526K->2526K(1056768K)], 0.1194430 secs] [Times: user=0.12 sys=0.00, real=0.12 secs] 
3.719: [GC (CMS Initial Mark) [1 CMS-initial-mark: 349540K(349568K)] 353543K(506816K), 0.0016488 secs] [Times: user=0.00 sys=0.00, real=0.00 secs] 
3.721: [CMS-concurrent-mark-start]
3.723: [CMS-concurrent-mark: 0.002/0.002 secs] [Times: user=0.02 sys=0.00, real=0.00 secs] 
3.723: [CMS-concurrent-preclean-start]
3.725: [CMS-concurrent-preclean: 0.002/0.002 secs] [Times: user=0.00 sys=0.00, real=0.00 secs] 
3.725: [CMS-concurrent-abortable-preclean-start]
3.725: [CMS-concurrent-abortable-preclean: 0.000/0.000 secs] [Times: user=0.00 sys=0.00, real=0.00 secs] 
3.726: [GC (CMS Final Remark) [YG occupancy: 16546 K (157248 K)]3.726: [Rescan (parallel) , 0.0008967 secs]3.727: [weak refs processing, 0.0000191 secs]3.727: [class unloading, 0.0003195 secs]3.727: [scrub symbol table, 0.0003504 secs]3.727: [scrub string table, 0.0002124 secs][1 CMS-remark: 349540K(349568K)] 366087K(506816K), 0.0019087 secs] [Times: user=0.01 sys=0.00, real=0.00 secs] 
3.728: [CMS-concurrent-sweep-start]
3.728: [CMS-concurrent-sweep: 0.000/0.000 secs] [Times: user=0.00 sys=0.00, real=0.00 secs] 
3.728: [CMS-concurrent-reset-start]
3.729: [CMS-concurrent-reset: 0.001/0.001 secs] [Times: user=0.00 sys=0.00, real=0.00 secs] 
3.777: [GC (Allocation Failure) 3.777: [ParNew: 157225K->157225K(157248K), 0.0000374 secs]3.777: [CMS: 349494K->349393K(349568K), 0.1223452 secs] 506719K->352899K(506816K), [Metaspace: 2526K->2526K(1056768K)], 0.1225347 secs] [Times: user=0.12 sys=0.00, real=0.12 secs] 
3.900: [GC (CMS Initial Mark) [1 CMS-initial-mark: 349393K(349568K)] 353180K(506816K), 0.0015556 secs] [Times: user=0.00 sys=0.00, real=0.00 secs] 
3.902: [CMS-concurrent-mark-start]
3.904: [CMS-concurrent-mark: 0.002/0.002 secs] [Times: user=0.01 sys=0.00, real=0.00 secs] 
3.904: [CMS-concurrent-preclean-start]
3.906: [CMS-concurrent-preclean: 0.002/0.002 secs] [Times: user=0.01 sys=0.00, real=0.01 secs] 
3.906: [CMS-concurrent-abortable-preclean-start]
3.906: [CMS-concurrent-abortable-preclean: 0.000/0.000 secs] [Times: user=0.00 sys=0.00, real=0.00 secs] 
3.907: [GC (CMS Final Remark) [YG occupancy: 12826 K (157248 K)]3.907: [Rescan (parallel) , 0.0011150 secs]3.908: [weak refs processing, 0.0000275 secs]3.908: [class unloading, 0.0003413 secs]3.908: [scrub symbol table, 0.0004601 secs]3.909: [scrub string table, 0.0003001 secs][1 CMS-remark: 349393K(349568K)] 362220K(506816K), 0.0023817 secs] [Times: user=0.00 sys=0.01, real=0.00 secs] 
3.909: [CMS-concurrent-sweep-start]
3.910: [CMS-concurrent-sweep: 0.001/0.001 secs] [Times: user=0.00 sys=0.00, real=0.00 secs] 
3.910: [CMS-concurrent-reset-start]
3.911: [CMS-concurrent-reset: 0.001/0.001 secs] [Times: user=0.00 sys=0.00, real=0.00 secs] 
3.975: [GC (Allocation Failure) 3.975: [ParNew: 157177K->157177K(157248K), 0.0000459 secs]3.975: [CMS: 348911K->349518K(349568K), 0.1200352 secs] 506089K->354973K(506816K), [Metaspace: 2526K->2526K(1056768K)], 0.1202276 secs] [Times: user=0.12 sys=0.00, real=0.12 secs] 
4.095: [GC (CMS Initial Mark) [1 CMS-initial-mark: 349518K(349568K)] 355045K(506816K), 0.0021905 secs] [Times: user=0.00 sys=0.00, real=0.01 secs] 
4.098: [CMS-concurrent-mark-start]
4.100: [CMS-concurrent-mark: 0.002/0.002 secs] [Times: user=0.02 sys=0.00, real=0.00 secs] 
4.100: [CMS-concurrent-preclean-start]
4.102: [CMS-concurrent-preclean: 0.002/0.002 secs] [Times: user=0.00 sys=0.00, real=0.00 secs] 
4.102: [CMS-concurrent-abortable-preclean-start]
4.102: [CMS-concurrent-abortable-preclean: 0.000/0.000 secs] [Times: user=0.00 sys=0.00, real=0.00 secs] 
4.103: [GC (CMS Final Remark) [YG occupancy: 14699 K (157248 K)]4.103: [Rescan (parallel) , 0.0009466 secs]4.104: [weak refs processing, 0.0000240 secs]4.104: [class unloading, 0.0003138 secs]4.104: [scrub symbol table, 0.0003390 secs]4.104: [scrub string table, 0.0002011 secs][1 CMS-remark: 349518K(349568K)] 364217K(506816K), 0.0019602 secs] [Times: user=0.01 sys=0.00, real=0.00 secs] 
4.105: [CMS-concurrent-sweep-start]
4.105: [CMS-concurrent-sweep: 0.000/0.000 secs] [Times: user=0.00 sys=0.00, real=0.00 secs] 
4.105: [CMS-concurrent-reset-start]
4.106: [CMS-concurrent-reset: 0.001/0.001 secs] [Times: user=0.00 sys=0.00, real=0.01 secs] 
4.165: [GC (Allocation Failure) 4.165: [ParNew: 157228K->157228K(157248K), 0.0000690 secs]4.165: [CMS: 349518K->349222K(349568K), 0.1202718 secs] 506747K->360619K(506816K), [Metaspace: 2526K->2526K(1056768K)], 0.1205045 secs] [Times: user=0.12 sys=0.00, real=0.13 secs] 
4.286: [GC (CMS Initial Mark) [1 CMS-initial-mark: 349222K(349568K)] 360775K(506816K), 0.0015596 secs] [Times: user=0.00 sys=0.00, real=0.00 secs] 
4.288: [CMS-concurrent-mark-start]
4.290: [CMS-concurrent-mark: 0.002/0.002 secs] [Times: user=0.01 sys=0.00, real=0.00 secs] 
4.290: [CMS-concurrent-preclean-start]
4.292: [CMS-concurrent-preclean: 0.002/0.002 secs] [Times: user=0.01 sys=0.00, real=0.00 secs] 
4.292: [CMS-concurrent-abortable-preclean-start]
4.292: [CMS-concurrent-abortable-preclean: 0.000/0.000 secs] [Times: user=0.00 sys=0.00, real=0.00 secs] 
4.292: [GC (CMS Final Remark) [YG occupancy: 21902 K (157248 K)]4.292: [Rescan (parallel) , 0.0010444 secs]4.294: [weak refs processing, 0.0000184 secs]4.294: [class unloading, 0.0002958 secs]4.294: [scrub symbol table, 0.0003382 secs]4.294: [scrub string table, 0.0002012 secs][1 CMS-remark: 349222K(349568K)] 371124K(506816K), 0.0020284 secs] [Times: user=0.00 sys=0.00, real=0.00 secs] 
4.295: [CMS-concurrent-sweep-start]
4.295: [CMS-concurrent-sweep: 0.000/0.000 secs] [Times: user=0.00 sys=0.00, real=0.00 secs] 
4.295: [CMS-concurrent-reset-start]
4.296: [CMS-concurrent-reset: 0.001/0.001 secs] [Times: user=0.01 sys=0.00, real=0.01 secs] 
4.349: [GC (Allocation Failure) 4.349: [ParNew: 157196K->157196K(157248K), 0.0000714 secs]4.349: [CMS: 348972K->349517K(349568K), 0.1208570 secs] 506169K->359903K(506816K), [Metaspace: 2526K->2526K(1056768K)], 0.1210576 secs] [Times: user=0.12 sys=0.00, real=0.12 secs] 
4.470: [GC (CMS Initial Mark) [1 CMS-initial-mark: 349517K(349568K)] 360047K(506816K), 0.0019795 secs] [Times: user=0.00 sys=0.00, real=0.00 secs] 
4.472: [CMS-concurrent-mark-start]
4.474: [CMS-concurrent-mark: 0.002/0.002 secs] [Times: user=0.01 sys=0.00, real=0.00 secs] 
4.474: [CMS-concurrent-preclean-start]
4.476: [CMS-concurrent-preclean: 0.002/0.002 secs] [Times: user=0.01 sys=0.00, real=0.01 secs] 
4.477: [CMS-concurrent-abortable-preclean-start]
4.477: [CMS-concurrent-abortable-preclean: 0.000/0.000 secs] [Times: user=0.00 sys=0.00, real=0.00 secs] 
4.477: [GC (CMS Final Remark) [YG occupancy: 17136 K (157248 K)]4.477: [Rescan (parallel) , 0.0010394 secs]4.478: [weak refs processing, 0.0000230 secs]4.478: [class unloading, 0.0003004 secs]4.478: [scrub symbol table, 0.0003543 secs]4.479: [scrub string table, 0.0002085 secs][1 CMS-remark: 349517K(349568K)] 366654K(506816K), 0.0020280 secs] [Times: user=0.01 sys=0.00, real=0.00 secs] 
4.479: [CMS-concurrent-sweep-start]
4.480: [CMS-concurrent-sweep: 0.001/0.001 secs] [Times: user=0.00 sys=0.00, real=0.00 secs] 
4.480: [CMS-concurrent-reset-start]
4.481: [CMS-concurrent-reset: 0.001/0.001 secs] [Times: user=0.00 sys=0.00, real=0.00 secs] 
4.541: [GC (Allocation Failure) 4.541: [ParNew: 157031K->157031K(157248K), 0.0000826 secs]4.541: [CMS: 349007K->349448K(349568K), 0.1221348 secs] 506039K->367456K(506816K), [Metaspace: 2526K->2526K(1056768K)], 0.1223795 secs] [Times: user=0.12 sys=0.00, real=0.12 secs] 
4.663: [GC (CMS Initial Mark) [1 CMS-initial-mark: 349448K(349568K)] 367783K(506816K), 0.0015451 secs] [Times: user=0.01 sys=0.00, real=0.00 secs] 
4.665: [CMS-concurrent-mark-start]
4.667: [CMS-concurrent-mark: 0.002/0.002 secs] [Times: user=0.01 sys=0.00, real=0.01 secs] 
4.667: [CMS-concurrent-preclean-start]
4.669: [CMS-concurrent-preclean: 0.002/0.002 secs] [Times: user=0.00 sys=0.00, real=0.00 secs] 
4.669: [CMS-concurrent-abortable-preclean-start]
4.669: [CMS-concurrent-abortable-preclean: 0.000/0.000 secs] [Times: user=0.00 sys=0.00, real=0.00 secs] 
4.669: [GC (CMS Final Remark) [YG occupancy: 29103 K (157248 K)]4.669: [Rescan (parallel) , 0.0010655 secs]4.671: [weak refs processing, 0.0000327 secs]4.671: [class unloading, 0.0002996 secs]4.671: [scrub symbol table, 0.0003404 secs]4.671: [scrub string table, 0.0002076 secs][1 CMS-remark: 349448K(349568K)] 378552K(506816K), 0.0020463 secs] [Times: user=0.01 sys=0.01, real=0.00 secs] 
4.672: [CMS-concurrent-sweep-start]
4.672: [CMS-concurrent-sweep: 0.000/0.000 secs] [Times: user=0.00 sys=0.00, real=0.00 secs] 
4.672: [CMS-concurrent-reset-start]
4.673: [CMS-concurrent-reset: 0.001/0.001 secs] [Times: user=0.00 sys=0.00, real=0.00 secs] 
4.726: [GC (Allocation Failure) 4.726: [ParNew: 156876K->156876K(157248K), 0.0000430 secs]4.726: [CMS: 349268K->349353K(349568K), 0.1240136 secs] 506144K->372609K(506816K), [Metaspace: 2526K->2526K(1056768K)], 0.1241978 secs] [Times: user=0.13 sys=0.00, real=0.12 secs] 
4.851: [GC (CMS Initial Mark) [1 CMS-initial-mark: 349353K(349568K)] 372998K(506816K), 0.0018194 secs] [Times: user=0.00 sys=0.00, real=0.00 secs] 
4.853: [CMS-concurrent-mark-start]
4.855: [CMS-concurrent-mark: 0.002/0.002 secs] [Times: user=0.01 sys=0.00, real=0.00 secs] 
4.855: [CMS-concurrent-preclean-start]
4.857: [CMS-concurrent-preclean: 0.002/0.002 secs] [Times: user=0.01 sys=0.00, real=0.01 secs] 
4.857: [CMS-concurrent-abortable-preclean-start]
4.857: [CMS-concurrent-abortable-preclean: 0.000/0.000 secs] [Times: user=0.00 sys=0.00, real=0.00 secs] 
4.857: [GC (CMS Final Remark) [YG occupancy: 32336 K (157248 K)]4.857: [Rescan (parallel) , 0.0007687 secs]4.858: [weak refs processing, 0.0000174 secs]4.858: [class unloading, 0.0002752 secs]4.859: [scrub symbol table, 0.0005168 secs]4.859: [scrub string table, 0.0002179 secs][1 CMS-remark: 349353K(349568K)] 381689K(506816K), 0.0019045 secs] [Times: user=0.00 sys=0.00, real=0.00 secs] 
4.860: [CMS-concurrent-sweep-start]
4.860: [CMS-concurrent-sweep: 0.000/0.000 secs] [Times: user=0.00 sys=0.00, real=0.00 secs] 
4.860: [CMS-concurrent-reset-start]
4.861: [CMS-concurrent-reset: 0.001/0.001 secs] [Times: user=0.01 sys=0.00, real=0.00 secs] 
4.907: [GC (Allocation Failure) 4.907: [ParNew: 156890K->156890K(157248K), 0.0000400 secs]4.907: [CMS: 348520K->349547K(349568K), 0.1214146 secs] 505410K->368280K(506816K), [Metaspace: 2526K->2526K(1056768K)], 0.1215758 secs] [Times: user=0.12 sys=0.00, real=0.12 secs] 
5.029: [GC (CMS Initial Mark) [1 CMS-initial-mark: 349547K(349568K)] 369002K(506816K), 0.0015210 secs] [Times: user=0.01 sys=0.00, real=0.00 secs] 
5.030: [CMS-concurrent-mark-start]
5.032: [CMS-concurrent-mark: 0.002/0.002 secs] [Times: user=0.01 sys=0.00, real=0.00 secs] 
5.032: [CMS-concurrent-preclean-start]
5.035: [CMS-concurrent-preclean: 0.002/0.002 secs] [Times: user=0.00 sys=0.00, real=0.00 secs] 
5.035: [CMS-concurrent-abortable-preclean-start]
5.035: [CMS-concurrent-abortable-preclean: 0.000/0.000 secs] [Times: user=0.00 sys=0.00, real=0.00 secs] 
5.035: [GC (CMS Final Remark) [YG occupancy: 28440 K (157248 K)]5.035: [Rescan (parallel) , 0.0008748 secs]5.036: [weak refs processing, 0.0000188 secs]5.036: [class unloading, 0.0002767 secs]5.036: [scrub symbol table, 0.0003321 secs]5.036: [scrub string table, 0.0002069 secs][1 CMS-remark: 349547K(349568K)] 377987K(506816K), 0.0018169 secs] [Times: user=0.01 sys=0.00, real=0.01 secs] 
5.037: [CMS-concurrent-sweep-start]
5.037: [CMS-concurrent-sweep: 0.000/0.000 secs] [Times: user=0.00 sys=0.00, real=0.00 secs] 
5.037: [CMS-concurrent-reset-start]
5.038: [CMS-concurrent-reset: 0.001/0.001 secs] [Times: user=0.00 sys=0.00, real=0.00 secs] 
5.088: [GC (Allocation Failure) 5.088: [ParNew: 157201K->157201K(157248K), 0.0000636 secs]5.088: [CMS: 348953K->349524K(349568K), 0.1204141 secs] 506154K->363909K(506816K), [Metaspace: 2526K->2526K(1056768K)], 0.1206189 secs] [Times: user=0.12 sys=0.00, real=0.12 secs] 
5.209: [GC (CMS Initial Mark) [1 CMS-initial-mark: 349524K(349568K)] 363980K(506816K), 0.0013576 secs] [Times: user=0.00 sys=0.00, real=0.00 secs] 
5.210: [CMS-concurrent-mark-start]
执行结束。共生成对象次数:18909
Heap
 par new generation   total 157248K, used 20007K [0x00000000e0000000, 0x00000000eaaa0000, 0x00000000eaaa0000)
  eden space 139776K,  14% used [0x00000000e0000000, 0x00000000e1389dd0, 0x00000000e8880000)
  from space 17472K,   0% used [0x00000000e8880000, 0x00000000e8880000, 0x00000000e9990000)
  to   space 17472K,   0% used [0x00000000e9990000, 0x00000000e9990000, 0x00000000eaaa0000)
 concurrent mark-sweep generation total 349568K, used 349524K [0x00000000eaaa0000, 0x0000000100000000, 0x0000000100000000)
 Metaspace       used 2533K, capacity 4486K, committed 4864K, reserved 1056768K
  class space    used 273K, capacity 386K, committed 512K, reserved 1048576K
开始执行.......
0.244: [GC (Allocation Failure) 0.244: [ParNew: 139530K->17472K(157248K), 0.0129346 secs] 139530K->47543K(506816K), 0.0130965 secs] [Times: user=0.10 sys=0.09, real=0.01 secs] 
0.301: [GC (Allocation Failure) 0.301: [ParNew: 157248K->17471K(157248K), 0.0142299 secs] 187319K->92818K(506816K), 0.0143107 secs] [Times: user=0.12 sys=0.10, real=0.01 secs] 
0.358: [GC (Allocation Failure) 0.358: [ParNew: 157247K->17471K(157248K), 0.0314608 secs] 232594K->130496K(506816K), 0.0315347 secs] [Times: user=0.53 sys=0.03, real=0.04 secs] 
0.433: [GC (Allocation Failure) 0.433: [ParNew: 157247K->17471K(157248K), 0.0281051 secs] 270272K->171106K(506816K), 0.0281884 secs] [Times: user=0.46 sys=0.02, real=0.03 secs] 
0.503: [GC (Allocation Failure) 0.503: [ParNew: 157247K->17471K(157248K), 0.0279751 secs] 310882K->210912K(506816K), 0.0280561 secs] [Times: user=0.48 sys=0.02, real=0.03 secs] 
0.531: [GC (CMS Initial Mark) [1 CMS-initial-mark: 193441K(349568K)] 214531K(506816K), 0.0005781 secs] [Times: user=0.00 sys=0.00, real=0.00 secs] 
0.532: [CMS-concurrent-mark-start]
0.535: [CMS-concurrent-mark: 0.003/0.003 secs] [Times: user=0.01 sys=0.01, real=0.00 secs] 
0.535: [CMS-concurrent-preclean-start]
0.536: [CMS-concurrent-preclean: 0.001/0.001 secs] [Times: user=0.00 sys=0.00, real=0.00 secs] 
0.536: [CMS-concurrent-abortable-preclean-start]
0.576: [GC (Allocation Failure) 0.576: [ParNew: 157247K->17471K(157248K), 0.0370011 secs] 350688K->254941K(506816K), 0.0370744 secs] [Times: user=0.62 sys=0.02, real=0.04 secs] 
0.657: [GC (Allocation Failure) 0.657: [ParNew: 157247K->17471K(157248K), 0.0310191 secs] 394717K->293347K(506816K), 0.0310921 secs] [Times: user=0.52 sys=0.03, real=0.03 secs] 
0.728: [GC (Allocation Failure) 0.728: [ParNew: 157168K->17470K(157248K), 0.0365360 secs] 433044K->336648K(506816K), 0.0366132 secs] [Times: user=0.62 sys=0.03, real=0.04 secs] 
0.808: [GC (Allocation Failure) 0.808: [ParNew: 157246K->157246K(157248K), 0.0000325 secs]0.808: [CMS0.808: [CMS-concurrent-abortable-preclean: 0.006/0.272 secs] [Times: user=1.94 sys=0.08, real=0.27 secs] 
 (concurrent mode failure): 319178K->247062K(349568K), 0.1011396 secs] 476424K->247062K(506816K), [Metaspace: 2526K->2526K(1056768K)], 0.1012777 secs] [Times: user=0.10 sys=0.00, real=0.10 secs] 
0.958: [GC (Allocation Failure) 0.958: [ParNew: 139282K->17471K(157248K), 0.0147041 secs] 386345K->290112K(506816K), 0.0147926 secs] [Times: user=0.25 sys=0.01, real=0.02 secs] 
0.973: [GC (CMS Initial Mark) [1 CMS-initial-mark: 272640K(349568K)] 290800K(506816K), 0.0007742 secs] [Times: user=0.01 sys=0.00, real=0.00 secs] 
0.974: [CMS-concurrent-mark-start]
0.975: [CMS-concurrent-mark: 0.001/0.001 secs] [Times: user=0.00 sys=0.00, real=0.00 secs] 
0.975: [CMS-concurrent-preclean-start]
0.976: [CMS-concurrent-preclean: 0.001/0.001 secs] [Times: user=0.00 sys=0.00, real=0.00 secs] 
0.976: [CMS-concurrent-abortable-preclean-start]
1.015: [GC (Allocation Failure) 1.016: [ParNew: 157247K->17471K(157248K), 0.0203193 secs] 429888K->340366K(506816K), 0.0203898 secs] [Times: user=0.35 sys=0.00, real=0.02 secs] 
1.078: [GC (Allocation Failure) 1.078: [ParNew: 157247K->157247K(157248K), 0.0000325 secs]1.078: [CMS1.078: [CMS-concurrent-abortable-preclean: 0.003/0.102 secs] [Times: user=0.44 sys=0.00, real=0.10 secs] 
 (concurrent mode failure): 322895K->304155K(349568K), 0.1123755 secs] 480142K->304155K(506816K), [Metaspace: 2526K->2526K(1056768K)], 0.1125125 secs] [Times: user=0.11 sys=0.00, real=0.12 secs] 
1.256: [GC (Allocation Failure) 1.256: [ParNew: 139776K->17471K(157248K), 0.0247952 secs] 443931K->350127K(506816K), 0.0248796 secs] [Times: user=0.42 sys=0.02, real=0.03 secs] 
1.281: [GC (CMS Initial Mark) [1 CMS-initial-mark: 332655K(349568K)] 350747K(506816K), 0.0010447 secs] [Times: user=0.00 sys=0.00, real=0.00 secs] 
1.282: [CMS-concurrent-mark-start]
1.283: [CMS-concurrent-mark: 0.001/0.001 secs] [Times: user=0.01 sys=0.00, real=0.00 secs] 
1.284: [CMS-concurrent-preclean-start]
1.285: [CMS-concurrent-preclean: 0.001/0.001 secs] [Times: user=0.00 sys=0.00, real=0.00 secs] 
1.285: [CMS-concurrent-abortable-preclean-start]
1.285: [CMS-concurrent-abortable-preclean: 0.000/0.000 secs] [Times: user=0.00 sys=0.00, real=0.00 secs] 
1.285: [GC (CMS Final Remark) [YG occupancy: 29583 K (157248 K)]1.285: [Rescan (parallel) , 0.0007913 secs]1.286: [weak refs processing, 0.0000160 secs]1.286: [class unloading, 0.0003176 secs]1.286: [scrub symbol table, 0.0003144 secs]1.287: [scrub string table, 0.0001730 secs][1 CMS-remark: 332655K(349568K)] 362238K(506816K), 0.0017196 secs] [Times: user=0.01 sys=0.00, real=0.00 secs] 
1.287: [CMS-concurrent-sweep-start]
1.288: [CMS-concurrent-sweep: 0.001/0.001 secs] [Times: user=0.00 sys=0.00, real=0.00 secs] 
1.288: [CMS-concurrent-reset-start]
1.288: [CMS-concurrent-reset: 0.001/0.001 secs] [Times: user=0.00 sys=0.00, real=0.00 secs] 
1.327: [GC (Allocation Failure) 1.327: [ParNew: 157247K->17470K(157248K), 0.0262926 secs] 455182K->359759K(506816K), 0.0263642 secs] [Times: user=0.45 sys=0.01, real=0.03 secs] 
1.354: [GC (CMS Initial Mark) [1 CMS-initial-mark: 342288K(349568K)] 359928K(506816K), 0.0006244 secs] [Times: user=0.00 sys=0.00, real=0.00 secs] 
1.354: [CMS-concurrent-mark-start]
1.355: [CMS-concurrent-mark: 0.001/0.001 secs] [Times: user=0.01 sys=0.00, real=0.00 secs] 
1.355: [CMS-concurrent-preclean-start]
1.356: [CMS-concurrent-preclean: 0.001/0.001 secs] [Times: user=0.00 sys=0.00, real=0.00 secs] 
1.356: [CMS-concurrent-abortable-preclean-start]
1.356: [CMS-concurrent-abortable-preclean: 0.000/0.000 secs] [Times: user=0.00 sys=0.00, real=0.00 secs] 
1.356: [GC (CMS Final Remark) [YG occupancy: 28770 K (157248 K)]1.356: [Rescan (parallel) , 0.0006515 secs]1.357: [weak refs processing, 0.0000149 secs]1.357: [class unloading, 0.0002792 secs]1.357: [scrub symbol table, 0.0003116 secs]1.358: [scrub string table, 0.0001661 secs][1 CMS-remark: 342288K(349568K)] 371059K(506816K), 0.0015032 secs] [Times: user=0.00 sys=0.00, real=0.00 secs] 
1.358: [CMS-concurrent-sweep-start]
1.359: [CMS-concurrent-sweep: 0.000/0.000 secs] [Times: user=0.01 sys=0.00, real=0.00 secs] 
1.359: [CMS-concurrent-reset-start]
1.359: [CMS-concurrent-reset: 0.001/0.001 secs] [Times: user=0.00 sys=0.00, real=0.00 secs] 
1.398: [GC (Allocation Failure) 1.398: [ParNew: 157246K->157246K(157248K), 0.0000321 secs]1.398: [CMS: 305167K->333344K(349568K), 0.1109569 secs] 462413K->333344K(506816K), [Metaspace: 2526K->2526K(1056768K)], 0.1110858 secs] [Times: user=0.11 sys=0.00, real=0.11 secs] 
1.510: [GC (CMS Initial Mark) [1 CMS-initial-mark: 333344K(349568K)] 333552K(506816K), 0.0017091 secs] [Times: user=0.00 sys=0.00, real=0.01 secs] 
1.511: [CMS-concurrent-mark-start]
1.513: [CMS-concurrent-mark: 0.002/0.002 secs] [Times: user=0.01 sys=0.00, real=0.00 secs] 
1.513: [CMS-concurrent-preclean-start]
1.515: [CMS-concurrent-preclean: 0.002/0.002 secs] [Times: user=0.00 sys=0.00, real=0.00 secs] 
1.515: [CMS-concurrent-abortable-preclean-start]
1.560: [GC (Allocation Failure) 1.560: [ParNew: 139776K->139776K(157248K), 0.0000325 secs]1.560: [CMS1.560: [CMS-concurrent-abortable-preclean: 0.002/0.045 secs] [Times: user=0.04 sys=0.00, real=0.05 secs] 
 (concurrent mode failure): 333344K->336371K(349568K), 0.1227481 secs] 473120K->336371K(506816K), [Metaspace: 2526K->2526K(1056768K)], 0.1228929 secs] [Times: user=0.13 sys=0.00, real=0.12 secs] 
1.748: [GC (Allocation Failure) 1.748: [ParNew: 139482K->139482K(157248K), 0.0000330 secs]1.748: [CMS: 336371K->344219K(349568K), 0.1050513 secs] 475854K->344219K(506816K), [Metaspace: 2526K->2526K(1056768K)], 0.1051807 secs] [Times: user=0.11 sys=0.00, real=0.11 secs] 
1.854: [GC (CMS Initial Mark) [1 CMS-initial-mark: 344219K(349568K)] 344910K(506816K), 0.0017428 secs] [Times: user=0.00 sys=0.00, real=0.00 secs] 
1.855: [CMS-concurrent-mark-start]
1.857: [CMS-concurrent-mark: 0.002/0.002 secs] [Times: user=0.01 sys=0.00, real=0.00 secs] 
1.857: [CMS-concurrent-preclean-start]
1.859: [CMS-concurrent-preclean: 0.002/0.002 secs] [Times: user=0.00 sys=0.00, real=0.00 secs] 
1.859: [CMS-concurrent-abortable-preclean-start]
1.859: [CMS-concurrent-abortable-preclean: 0.000/0.000 secs] [Times: user=0.00 sys=0.00, real=0.00 secs] 
1.859: [GC (CMS Final Remark) [YG occupancy: 8968 K (157248 K)]1.859: [Rescan (parallel) , 0.0009942 secs]1.860: [weak refs processing, 0.0000176 secs]1.860: [class unloading, 0.0002804 secs]1.860: [scrub symbol table, 0.0003115 secs]1.861: [scrub string table, 0.0001558 secs][1 CMS-remark: 344219K(349568K)] 353188K(506816K), 0.0018388 secs] [Times: user=0.01 sys=0.00, real=0.01 secs] 
1.861: [CMS-concurrent-sweep-start]
1.862: [CMS-concurrent-sweep: 0.001/0.001 secs] [Times: user=0.00 sys=0.00, real=0.00 secs] 
1.862: [CMS-concurrent-reset-start]
1.863: [CMS-concurrent-reset: 0.001/0.001 secs] [Times: user=0.00 sys=0.00, real=0.00 secs] 
1.929: [GC (Allocation Failure) 1.929: [ParNew: 139776K->139776K(157248K), 0.0000379 secs]1.929: [CMS: 343911K->344956K(349568K), 0.2137350 secs] 483687K->344956K(506816K), [Metaspace: 2526K->2526K(1056768K)], 0.2138690 secs] [Times: user=0.12 sys=0.10, real=0.22 secs] 
2.143: [GC (CMS Initial Mark) [1 CMS-initial-mark: 344956K(349568K)] 348256K(506816K), 0.0013917 secs] [Times: user=0.00 sys=0.00, real=0.00 secs] 
2.145: [CMS-concurrent-mark-start]
2.147: [CMS-concurrent-mark: 0.002/0.002 secs] [Times: user=0.00 sys=0.00, real=0.00 secs] 
2.147: [CMS-concurrent-preclean-start]
2.148: [CMS-concurrent-preclean: 0.002/0.002 secs] [Times: user=0.01 sys=0.00, real=0.00 secs] 
2.148: [CMS-concurrent-abortable-preclean-start]
2.148: [CMS-concurrent-abortable-preclean: 0.000/0.000 secs] [Times: user=0.00 sys=0.00, real=0.00 secs] 
2.149: [GC (CMS Final Remark) [YG occupancy: 7645 K (157248 K)]2.149: [Rescan (parallel) , 0.0008293 secs]2.150: [weak refs processing, 0.0000178 secs]2.150: [class unloading, 0.0002477 secs]2.150: [scrub symbol table, 0.0003316 secs]2.150: [scrub string table, 0.0001594 secs][1 CMS-remark: 344956K(349568K)] 352602K(506816K), 0.0016682 secs] [Times: user=0.00 sys=0.00, real=0.01 secs] 
2.151: [CMS-concurrent-sweep-start]
2.151: [CMS-concurrent-sweep: 0.001/0.001 secs] [Times: user=0.01 sys=0.00, real=0.00 secs] 
2.151: [CMS-concurrent-reset-start]
2.152: [CMS-concurrent-reset: 0.001/0.001 secs] [Times: user=0.00 sys=0.00, real=0.00 secs] 
2.199: [GC (Allocation Failure) 2.199: [ParNew: 139598K->139598K(157248K), 0.0000449 secs]2.199: [CMS: 343763K->349482K(349568K), 0.1166403 secs] 483361K->352188K(506816K), [Metaspace: 2526K->2526K(1056768K)], 0.1167816 secs] [Times: user=0.11 sys=0.01, real=0.12 secs] 
2.316: [GC (CMS Initial Mark) [1 CMS-initial-mark: 349482K(349568K)] 352713K(506816K), 0.0015832 secs] [Times: user=0.00 sys=0.00, real=0.00 secs] 
2.318: [CMS-concurrent-mark-start]
2.319: [CMS-concurrent-mark: 0.002/0.002 secs] [Times: user=0.01 sys=0.00, real=0.00 secs] 
2.319: [CMS-concurrent-preclean-start]
2.322: [CMS-concurrent-preclean: 0.002/0.002 secs] [Times: user=0.00 sys=0.00, real=0.01 secs] 
2.322: [CMS-concurrent-abortable-preclean-start]
2.322: [CMS-concurrent-abortable-preclean: 0.000/0.000 secs] [Times: user=0.00 sys=0.00, real=0.00 secs] 
2.322: [GC (CMS Final Remark) [YG occupancy: 13806 K (157248 K)]2.322: [Rescan (parallel) , 0.0010291 secs]2.323: [weak refs processing, 0.0000181 secs]2.323: [class unloading, 0.0003700 secs]2.323: [scrub symbol table, 0.0003392 secs]2.324: [scrub string table, 0.0001773 secs][1 CMS-remark: 349482K(349568K)] 363288K(506816K), 0.0020304 secs] [Times: user=0.01 sys=0.00, real=0.00 secs] 
2.324: [CMS-concurrent-sweep-start]
2.325: [CMS-concurrent-sweep: 0.001/0.001 secs] [Times: user=0.00 sys=0.00, real=0.00 secs] 
2.325: [CMS-concurrent-reset-start]
2.326: [CMS-concurrent-reset: 0.001/0.001 secs] [Times: user=0.00 sys=0.00, real=0.00 secs] 
2.383: [GC (Allocation Failure) 2.383: [ParNew: 156890K->156890K(157248K), 0.0000310 secs]2.383: [CMS: 349069K->349519K(349568K), 0.1763146 secs] 505959K->351405K(506816K), [Metaspace: 2526K->2526K(1056768K)], 0.1764500 secs] [Times: user=0.11 sys=0.07, real=0.17 secs] 
2.560: [GC (CMS Initial Mark) [1 CMS-initial-mark: 349519K(349568K)] 351931K(506816K), 0.0014266 secs] [Times: user=0.00 sys=0.00, real=0.01 secs] 
2.561: [CMS-concurrent-mark-start]
2.565: [CMS-concurrent-mark: 0.004/0.004 secs] [Times: user=0.02 sys=0.00, real=0.00 secs] 
2.566: [CMS-concurrent-preclean-start]
2.568: [CMS-concurrent-preclean: 0.002/0.002 secs] [Times: user=0.00 sys=0.01, real=0.00 secs] 
2.568: [CMS-concurrent-abortable-preclean-start]
2.568: [CMS-concurrent-abortable-preclean: 0.000/0.000 secs] [Times: user=0.00 sys=0.00, real=0.00 secs] 
2.568: [GC (CMS Final Remark) [YG occupancy: 24924 K (157248 K)]2.568: [Rescan (parallel) , 0.0010452 secs]2.569: [weak refs processing, 0.0000189 secs]2.569: [class unloading, 0.0003752 secs]2.570: [scrub symbol table, 0.0003170 secs]2.570: [scrub string table, 0.0001578 secs][1 CMS-remark: 349519K(349568K)] 374444K(506816K), 0.0020358 secs] [Times: user=0.01 sys=0.00, real=0.01 secs] 
2.571: [CMS-concurrent-sweep-start]
2.571: [CMS-concurrent-sweep: 0.001/0.001 secs] [Times: user=0.00 sys=0.00, real=0.00 secs] 
2.571: [CMS-concurrent-reset-start]
2.572: [CMS-concurrent-reset: 0.001/0.001 secs] [Times: user=0.00 sys=0.00, real=0.00 secs] 
2.613: [GC (Allocation Failure) 2.613: [ParNew: 157130K->157130K(157248K), 0.0000326 secs]2.613: [CMS: 347921K->349097K(349568K), 0.2635168 secs] 505052K->352925K(506816K), [Metaspace: 2526K->2526K(1056768K)], 0.2636442 secs] [Times: user=0.11 sys=0.15, real=0.26 secs] 
2.877: [GC (CMS Initial Mark) [1 CMS-initial-mark: 349097K(349568K)] 353069K(506816K), 0.0013568 secs] [Times: user=0.00 sys=0.00, real=0.00 secs] 
2.878: [CMS-concurrent-mark-start]
2.880: [CMS-concurrent-mark: 0.002/0.002 secs] [Times: user=0.01 sys=0.00, real=0.01 secs] 
2.880: [CMS-concurrent-preclean-start]
2.882: [CMS-concurrent-preclean: 0.002/0.002 secs] [Times: user=0.01 sys=0.00, real=0.00 secs] 
2.882: [CMS-concurrent-abortable-preclean-start]
2.882: [CMS-concurrent-abortable-preclean: 0.000/0.000 secs] [Times: user=0.00 sys=0.00, real=0.00 secs] 
2.883: [GC (CMS Final Remark) [YG occupancy: 14894 K (157248 K)]2.883: [Rescan (parallel) , 0.0009840 secs]2.884: [weak refs processing, 0.0000177 secs]2.884: [class unloading, 0.0003099 secs]2.884: [scrub symbol table, 0.0003220 secs]2.884: [scrub string table, 0.0001578 secs][1 CMS-remark: 349097K(349568K)] 363991K(506816K), 0.0018721 secs] [Times: user=0.00 sys=0.00, real=0.00 secs] 
2.885: [CMS-concurrent-sweep-start]
2.885: [CMS-concurrent-sweep: 0.000/0.000 secs] [Times: user=0.00 sys=0.00, real=0.00 secs] 
2.885: [CMS-concurrent-reset-start]
2.886: [CMS-concurrent-reset: 0.001/0.001 secs] [Times: user=0.01 sys=0.00, real=0.00 secs] 
2.931: [GC (Allocation Failure) 2.931: [ParNew: 157231K->157231K(157248K), 0.0000320 secs]2.931: [CMS: 349097K->349563K(349568K), 0.1098777 secs] 506329K->361769K(506816K), [Metaspace: 2526K->2526K(1056768K)], 0.1100050 secs] [Times: user=0.11 sys=0.00, real=0.11 secs] 
3.041: [GC (CMS Initial Mark) [1 CMS-initial-mark: 349563K(349568K)] 364611K(506816K), 0.0014128 secs] [Times: user=0.00 sys=0.01, real=0.00 secs] 
3.043: [CMS-concurrent-mark-start]
3.044: [CMS-concurrent-mark: 0.002/0.002 secs] [Times: user=0.01 sys=0.00, real=0.00 secs] 
3.045: [CMS-concurrent-preclean-start]
3.047: [CMS-concurrent-preclean: 0.002/0.002 secs] [Times: user=0.01 sys=0.00, real=0.00 secs] 
3.047: [CMS-concurrent-abortable-preclean-start]
3.047: [CMS-concurrent-abortable-preclean: 0.000/0.000 secs] [Times: user=0.00 sys=0.00, real=0.00 secs] 
3.047: [GC (CMS Final Remark) [YG occupancy: 31354 K (157248 K)]3.047: [Rescan (parallel) , 0.0009147 secs]3.048: [weak refs processing, 0.0000182 secs]3.048: [class unloading, 0.0003252 secs]3.049: [scrub symbol table, 0.0003645 secs]3.049: [scrub string table, 0.0001722 secs][1 CMS-remark: 349563K(349568K)] 380918K(506816K), 0.0018973 secs] [Times: user=0.00 sys=0.00, real=0.00 secs] 
3.049: [CMS-concurrent-sweep-start]
3.050: [CMS-concurrent-sweep: 0.001/0.001 secs] [Times: user=0.01 sys=0.00, real=0.01 secs] 
3.050: [CMS-concurrent-reset-start]
3.051: [CMS-concurrent-reset: 0.001/0.001 secs] [Times: user=0.00 sys=0.00, real=0.00 secs] 
3.089: [GC (Allocation Failure) 3.089: [ParNew: 157156K->157156K(157248K), 0.0000336 secs]3.089: [CMS: 348646K->349536K(349568K), 0.1188735 secs] 505803K->370994K(506816K), [Metaspace: 2526K->2526K(1056768K)], 0.1190234 secs] [Times: user=0.11 sys=0.00, real=0.12 secs] 
3.208: [GC (CMS Initial Mark) [1 CMS-initial-mark: 349536K(349568K)] 373928K(506816K), 0.0024876 secs] [Times: user=0.00 sys=0.01, real=0.01 secs] 
3.211: [CMS-concurrent-mark-start]
3.214: [CMS-concurrent-mark: 0.003/0.003 secs] [Times: user=0.02 sys=0.00, real=0.00 secs] 
3.215: [CMS-concurrent-preclean-start]
3.217: [CMS-concurrent-preclean: 0.003/0.003 secs] [Times: user=0.00 sys=0.00, real=0.00 secs] 
3.217: [CMS-concurrent-abortable-preclean-start]
3.217: [CMS-concurrent-abortable-preclean: 0.000/0.000 secs] [Times: user=0.00 sys=0.00, real=0.00 secs] 
3.218: [GC (CMS Final Remark) [YG occupancy: 36945 K (157248 K)]3.218: [Rescan (parallel) , 0.0006683 secs]3.218: [weak refs processing, 0.0000174 secs]3.218: [class unloading, 0.0008381 secs]3.219: [scrub symbol table, 0.0005276 secs]3.220: [scrub string table, 0.0003108 secs][1 CMS-remark: 349536K(349568K)] 386482K(506816K), 0.0024658 secs] [Times: user=0.01 sys=0.00, real=0.01 secs] 
3.220: [CMS-concurrent-sweep-start]
3.221: [CMS-concurrent-sweep: 0.001/0.001 secs] [Times: user=0.00 sys=0.00, real=0.00 secs] 
3.221: [CMS-concurrent-reset-start]
3.222: [CMS-concurrent-reset: 0.001/0.001 secs] [Times: user=0.00 sys=0.00, real=0.00 secs] 
3.258: [GC (Allocation Failure) 3.258: [ParNew: 157192K->157192K(157248K), 0.0000317 secs]3.259: [CMS: 348949K->349015K(349568K), 0.1159477 secs] 506142K->374223K(506816K), [Metaspace: 2526K->2526K(1056768K)], 0.1160768 secs] [Times: user=0.11 sys=0.00, real=0.12 secs] 
3.375: [GC (CMS Initial Mark) [1 CMS-initial-mark: 349015K(349568K)] 374367K(506816K), 0.0015281 secs] [Times: user=0.00 sys=0.00, real=0.00 secs] 
3.376: [CMS-concurrent-mark-start]
3.378: [CMS-concurrent-mark: 0.002/0.002 secs] [Times: user=0.01 sys=0.00, real=0.00 secs] 
3.378: [CMS-concurrent-preclean-start]
3.381: [CMS-concurrent-preclean: 0.002/0.002 secs] [Times: user=0.00 sys=0.00, real=0.01 secs] 
3.381: [CMS-concurrent-abortable-preclean-start]
3.381: [CMS-concurrent-abortable-preclean: 0.000/0.000 secs] [Times: user=0.00 sys=0.00, real=0.00 secs] 
3.381: [GC (CMS Final Remark) [YG occupancy: 34333 K (157248 K)]3.381: [Rescan (parallel) , 0.0009490 secs]3.382: [weak refs processing, 0.0000184 secs]3.382: [class unloading, 0.0002593 secs]3.382: [scrub symbol table, 0.0003104 secs]3.382: [scrub string table, 0.0001668 secs][1 CMS-remark: 349015K(349568K)] 383349K(506816K), 0.0017845 secs] [Times: user=0.01 sys=0.00, real=0.00 secs] 
3.383: [CMS-concurrent-sweep-start]
3.383: [CMS-concurrent-sweep: 0.000/0.000 secs] [Times: user=0.00 sys=0.00, real=0.00 secs] 
3.383: [CMS-concurrent-reset-start]
3.384: [CMS-concurrent-reset: 0.001/0.001 secs] [Times: user=0.00 sys=0.00, real=0.00 secs] 
3.422: [GC (Allocation Failure) 3.423: [ParNew: 157235K->157235K(157248K), 0.0000332 secs]3.423: [CMS: 348306K->349345K(349568K), 0.1193457 secs] 505541K->379083K(506816K), [Metaspace: 2526K->2526K(1056768K)], 0.1194897 secs] [Times: user=0.12 sys=0.00, real=0.12 secs] 
3.542: [GC (CMS Initial Mark) [1 CMS-initial-mark: 349345K(349568K)] 381968K(506816K), 0.0018377 secs] [Times: user=0.00 sys=0.00, real=0.00 secs] 
3.544: [CMS-concurrent-mark-start]
3.546: [CMS-concurrent-mark: 0.002/0.002 secs] [Times: user=0.01 sys=0.00, real=0.00 secs] 
3.546: [CMS-concurrent-preclean-start]
3.548: [CMS-concurrent-preclean: 0.002/0.002 secs] [Times: user=0.01 sys=0.00, real=0.00 secs] 
3.548: [CMS-concurrent-abortable-preclean-start]
3.548: [CMS-concurrent-abortable-preclean: 0.000/0.000 secs] [Times: user=0.00 sys=0.00, real=0.00 secs] 
3.549: [GC (CMS Final Remark) [YG occupancy: 42410 K (157248 K)]3.549: [Rescan (parallel) , 0.0012277 secs]3.550: [weak refs processing, 0.0000179 secs]3.550: [class unloading, 0.0002948 secs]3.550: [scrub symbol table, 0.0003215 secs]3.551: [scrub string table, 0.0001921 secs][1 CMS-remark: 349345K(349568K)] 391755K(506816K), 0.0021753 secs] [Times: user=0.01 sys=0.00, real=0.01 secs] 
3.551: [CMS-concurrent-sweep-start]
3.552: [CMS-concurrent-sweep: 0.000/0.000 secs] [Times: user=0.00 sys=0.00, real=0.00 secs] 
3.552: [CMS-concurrent-reset-start]
3.553: [CMS-concurrent-reset: 0.001/0.001 secs] [Times: user=0.00 sys=0.00, real=0.00 secs] 
3.592: [GC (Allocation Failure) 3.592: [ParNew: 157005K->157005K(157248K), 0.0000315 secs]3.592: [CMS: 347818K->349512K(349568K), 0.1156689 secs] 504823K->382355K(506816K), [Metaspace: 2526K->2526K(1056768K)], 0.1158114 secs] [Times: user=0.11 sys=0.00, real=0.11 secs] 
3.708: [GC (CMS Initial Mark) [1 CMS-initial-mark: 349512K(349568K)] 382643K(506816K), 0.0017150 secs] [Times: user=0.00 sys=0.01, real=0.00 secs] 
3.710: [CMS-concurrent-mark-start]
3.711: [CMS-concurrent-mark: 0.002/0.002 secs] [Times: user=0.01 sys=0.00, real=0.01 secs] 
3.711: [CMS-concurrent-preclean-start]
3.714: [CMS-concurrent-preclean: 0.002/0.002 secs] [Times: user=0.00 sys=0.00, real=0.00 secs] 
3.714: [CMS-concurrent-abortable-preclean-start]
3.714: [CMS-concurrent-abortable-preclean: 0.000/0.000 secs] [Times: user=0.00 sys=0.00, real=0.00 secs] 
3.714: [GC (CMS Final Remark) [YG occupancy: 50145 K (157248 K)]3.714: [Rescan (parallel) , 0.0010902 secs]3.715: [weak refs processing, 0.0000167 secs]3.715: [class unloading, 0.0003446 secs]3.716: [scrub symbol table, 0.0003197 secs]3.716: [scrub string table, 0.0001612 secs][1 CMS-remark: 349512K(349568K)] 399658K(506816K), 0.0020211 secs] [Times: user=0.01 sys=0.00, real=0.00 secs] 
3.716: [CMS-concurrent-sweep-start]
3.717: [CMS-concurrent-sweep: 0.000/0.000 secs] [Times: user=0.00 sys=0.00, real=0.00 secs] 
3.717: [CMS-concurrent-reset-start]
3.718: [CMS-concurrent-reset: 0.001/0.001 secs] [Times: user=0.00 sys=0.00, real=0.00 secs] 
3.753: [GC (Allocation Failure) 3.753: [ParNew: 156659K->156659K(157248K), 0.0000427 secs]3.753: [CMS: 349294K->349454K(349568K), 0.1183793 secs] 505954K->381706K(506816K), [Metaspace: 2526K->2526K(1056768K)], 0.1185227 secs] [Times: user=0.12 sys=0.00, real=0.12 secs] 
3.871: [GC (CMS Initial Mark) [1 CMS-initial-mark: 349454K(349568K)] 382477K(506816K), 0.0009305 secs] [Times: user=0.00 sys=0.00, real=0.00 secs] 
3.872: [CMS-concurrent-mark-start]
3.874: [CMS-concurrent-mark: 0.002/0.002 secs] [Times: user=0.01 sys=0.00, real=0.00 secs] 
3.874: [CMS-concurrent-preclean-start]
3.876: [CMS-concurrent-preclean: 0.002/0.002 secs] [Times: user=0.00 sys=0.00, real=0.00 secs] 
3.876: [CMS-concurrent-abortable-preclean-start]
3.876: [CMS-concurrent-abortable-preclean: 0.000/0.000 secs] [Times: user=0.00 sys=0.00, real=0.00 secs] 
3.876: [GC (CMS Final Remark) [YG occupancy: 42686 K (157248 K)]3.876: [Rescan (parallel) , 0.0008354 secs]3.877: [weak refs processing, 0.0000172 secs]3.877: [class unloading, 0.0002644 secs]3.878: [scrub symbol table, 0.0003220 secs]3.878: [scrub string table, 0.0001714 secs][1 CMS-remark: 349454K(349568K)] 392141K(506816K), 0.0017030 secs] [Times: user=0.01 sys=0.00, real=0.00 secs] 
3.878: [CMS-concurrent-sweep-start]
3.879: [CMS-concurrent-sweep: 0.000/0.000 secs] [Times: user=0.00 sys=0.00, real=0.00 secs] 
3.879: [CMS-concurrent-reset-start]
3.880: [CMS-concurrent-reset: 0.001/0.001 secs] [Times: user=0.00 sys=0.00, real=0.00 secs] 
3.916: [GC (Allocation Failure) 3.916: [ParNew: 157028K->157028K(157248K), 0.0000308 secs]3.916: [CMS: 349408K->349552K(349568K), 0.1125537 secs] 506437K->380529K(506816K), [Metaspace: 2526K->2526K(1056768K)], 0.1126767 secs] [Times: user=0.11 sys=0.00, real=0.11 secs] 
4.029: [GC (CMS Initial Mark) [1 CMS-initial-mark: 349552K(349568K)] 380770K(506816K), 0.0016776 secs] [Times: user=0.00 sys=0.00, real=0.01 secs] 
4.031: [CMS-concurrent-mark-start]
4.033: [CMS-concurrent-mark: 0.002/0.002 secs] [Times: user=0.01 sys=0.00, real=0.00 secs] 
4.033: [CMS-concurrent-preclean-start]
4.035: [CMS-concurrent-preclean: 0.002/0.002 secs] [Times: user=0.01 sys=0.00, real=0.00 secs] 
4.035: [CMS-concurrent-abortable-preclean-start]
4.035: [CMS-concurrent-abortable-preclean: 0.000/0.000 secs] [Times: user=0.00 sys=0.00, real=0.00 secs] 
4.036: [GC (CMS Final Remark) [YG occupancy: 41156 K (157248 K)]4.036: [Rescan (parallel) , 0.0010764 secs]4.037: [weak refs processing, 0.0000246 secs]4.037: [class unloading, 0.0002950 secs]4.037: [scrub symbol table, 0.0003064 secs]4.037: [scrub string table, 0.0001604 secs][1 CMS-remark: 349552K(349568K)] 390709K(506816K), 0.0019387 secs] [Times: user=0.01 sys=0.00, real=0.00 secs] 
4.038: [CMS-concurrent-sweep-start]
4.038: [CMS-concurrent-sweep: 0.001/0.001 secs] [Times: user=0.00 sys=0.00, real=0.00 secs] 
4.038: [CMS-concurrent-reset-start]
4.039: [CMS-concurrent-reset: 0.001/0.001 secs] [Times: user=0.00 sys=0.00, real=0.00 secs] 
4.075: [GC (Allocation Failure) 4.075: [ParNew: 157115K->157115K(157248K), 0.0000314 secs]4.075: [CMS: 349552K->349516K(349568K), 0.1158350 secs] 506668K->384887K(506816K), [Metaspace: 2526K->2526K(1056768K)], 0.1159633 secs] [Times: user=0.11 sys=0.00, real=0.12 secs] 
4.191: [GC (CMS Initial Mark) [1 CMS-initial-mark: 349516K(349568K)] 385630K(506816K), 0.0014711 secs] [Times: user=0.01 sys=0.00, real=0.00 secs] 
4.193: [CMS-concurrent-mark-start]
4.195: [CMS-concurrent-mark: 0.002/0.002 secs] [Times: user=0.01 sys=0.00, real=0.00 secs] 
4.195: [CMS-concurrent-preclean-start]
4.197: [CMS-concurrent-preclean: 0.002/0.002 secs] [Times: user=0.00 sys=0.00, real=0.00 secs] 
4.197: [CMS-concurrent-abortable-preclean-start]
4.197: [CMS-concurrent-abortable-preclean: 0.000/0.000 secs] [Times: user=0.00 sys=0.00, real=0.00 secs] 
4.197: [GC (CMS Final Remark) [YG occupancy: 44407 K (157248 K)]4.197: [Rescan (parallel) , 0.0016263 secs]4.199: [weak refs processing, 0.0000172 secs]4.199: [class unloading, 0.0003101 secs]4.199: [scrub symbol table, 0.0003167 secs]4.200: [scrub string table, 0.0001671 secs][1 CMS-remark: 349516K(349568K)] 393923K(506816K), 0.0025317 secs] [Times: user=0.02 sys=0.00, real=0.01 secs] 
4.200: [CMS-concurrent-sweep-start]
4.201: [CMS-concurrent-sweep: 0.001/0.001 secs] [Times: user=0.00 sys=0.00, real=0.00 secs] 
4.201: [CMS-concurrent-reset-start]
4.202: [CMS-concurrent-reset: 0.001/0.001 secs] [Times: user=0.00 sys=0.00, real=0.00 secs] 
4.239: [GC (Allocation Failure) 4.239: [ParNew: 156771K->156771K(157248K), 0.0000502 secs]4.239: [CMS: 349284K->349560K(349568K), 0.1166344 secs] 506056K->383145K(506816K), [Metaspace: 2526K->2526K(1056768K)], 0.1168096 secs] [Times: user=0.12 sys=0.00, real=0.12 secs] 
4.356: [GC (CMS Initial Mark) [1 CMS-initial-mark: 349560K(349568K)] 383686K(506816K), 0.0015581 secs] [Times: user=0.00 sys=0.00, real=0.00 secs] 
4.358: [CMS-concurrent-mark-start]
4.359: [CMS-concurrent-mark: 0.002/0.002 secs] [Times: user=0.01 sys=0.00, real=0.00 secs] 
4.360: [CMS-concurrent-preclean-start]
4.362: [CMS-concurrent-preclean: 0.002/0.002 secs] [Times: user=0.00 sys=0.00, real=0.01 secs] 
4.362: [CMS-concurrent-abortable-preclean-start]
4.362: [CMS-concurrent-abortable-preclean: 0.000/0.000 secs] [Times: user=0.00 sys=0.00, real=0.00 secs] 
4.362: [GC (CMS Final Remark) [YG occupancy: 49597 K (157248 K)]4.362: [Rescan (parallel) , 0.0007738 secs]4.363: [weak refs processing, 0.0000189 secs]4.363: [class unloading, 0.0002971 secs]4.363: [scrub symbol table, 0.0003283 secs]4.364: [scrub string table, 0.0001832 secs][1 CMS-remark: 349560K(349568K)] 399158K(506816K), 0.0016922 secs] [Times: user=0.01 sys=0.00, real=0.00 secs] 
4.364: [CMS-concurrent-sweep-start]
4.365: [CMS-concurrent-sweep: 0.000/0.000 secs] [Times: user=0.00 sys=0.00, real=0.00 secs] 
4.365: [CMS-concurrent-reset-start]
4.366: [CMS-concurrent-reset: 0.001/0.001 secs] [Times: user=0.00 sys=0.00, real=0.00 secs] 
4.399: [GC (Allocation Failure) 4.399: [ParNew: 157110K->157110K(157248K), 0.0000310 secs]4.399: [CMS: 349391K->349301K(349568K), 0.1113340 secs] 506501K->378946K(506816K), [Metaspace: 2526K->2526K(1056768K)], 0.1114586 secs] [Times: user=0.12 sys=0.00, real=0.12 secs] 
4.510: [GC (CMS Initial Mark) [1 CMS-initial-mark: 349301K(349568K)] 379110K(506816K), 0.0014267 secs] [Times: user=0.00 sys=0.00, real=0.00 secs] 
4.512: [CMS-concurrent-mark-start]
4.514: [CMS-concurrent-mark: 0.003/0.003 secs] [Times: user=0.01 sys=0.00, real=0.00 secs] 
4.514: [CMS-concurrent-preclean-start]
4.517: [CMS-concurrent-preclean: 0.002/0.002 secs] [Times: user=0.01 sys=0.00, real=0.00 secs] 
4.517: [CMS-concurrent-abortable-preclean-start]
4.517: [CMS-concurrent-abortable-preclean: 0.000/0.000 secs] [Times: user=0.00 sys=0.00, real=0.00 secs] 
4.517: [GC (CMS Final Remark) [YG occupancy: 42279 K (157248 K)]4.517: [Rescan (parallel) , 0.0006990 secs]4.518: [weak refs processing, 0.0000397 secs]4.518: [class unloading, 0.0003012 secs]4.518: [scrub symbol table, 0.0003602 secs]4.518: [scrub string table, 0.0001702 secs][1 CMS-remark: 349301K(349568K)] 391581K(506816K), 0.0016533 secs] [Times: user=0.00 sys=0.01, real=0.00 secs] 
4.519: [CMS-concurrent-sweep-start]
4.519: [CMS-concurrent-sweep: 0.000/0.000 secs] [Times: user=0.00 sys=0.00, real=0.00 secs] 
4.519: [CMS-concurrent-reset-start]
4.520: [CMS-concurrent-reset: 0.001/0.001 secs] [Times: user=0.00 sys=0.00, real=0.01 secs] 
4.560: [GC (Allocation Failure) 4.560: [ParNew: 156847K->156847K(157248K), 0.0000322 secs]4.560: [CMS: 348964K->349165K(349568K), 0.1122054 secs] 505812K->371754K(506816K), [Metaspace: 2526K->2526K(1056768K)], 0.1123449 secs] [Times: user=0.12 sys=0.00, real=0.11 secs] 
4.673: [GC (CMS Initial Mark) [1 CMS-initial-mark: 349165K(349568K)] 372392K(506816K), 0.0013642 secs] [Times: user=0.00 sys=0.00, real=0.00 secs] 
4.674: [CMS-concurrent-mark-start]
4.677: [CMS-concurrent-mark: 0.003/0.003 secs] [Times: user=0.01 sys=0.00, real=0.00 secs] 
4.677: [CMS-concurrent-preclean-start]
4.679: [CMS-concurrent-preclean: 0.002/0.002 secs] [Times: user=0.01 sys=0.00, real=0.00 secs] 
4.679: [CMS-concurrent-abortable-preclean-start]
4.679: [CMS-concurrent-abortable-preclean: 0.000/0.000 secs] [Times: user=0.00 sys=0.00, real=0.00 secs] 
4.679: [GC (CMS Final Remark) [YG occupancy: 36585 K (157248 K)]4.680: [Rescan (parallel) , 0.0009386 secs]4.680: [weak refs processing, 0.0000167 secs]4.680: [class unloading, 0.0003166 secs]4.681: [scrub symbol table, 0.0003111 secs]4.681: [scrub string table, 0.0001587 secs][1 CMS-remark: 349165K(349568K)] 385751K(506816K), 0.0018251 secs] [Times: user=0.01 sys=0.00, real=0.01 secs] 
4.682: [CMS-concurrent-sweep-start]
4.682: [CMS-concurrent-sweep: 0.001/0.001 secs] [Times: user=0.00 sys=0.00, real=0.00 secs] 
4.682: [CMS-concurrent-reset-start]
4.683: [CMS-concurrent-reset: 0.001/0.001 secs] [Times: user=0.00 sys=0.00, real=0.00 secs] 
4.718: [GC (Allocation Failure) 4.718: [ParNew: 157018K->157018K(157248K), 0.0000305 secs]4.718: [CMS: 347253K->349531K(349568K), 0.1143497 secs] 504271K->373511K(506816K), [Metaspace: 2526K->2526K(1056768K)], 0.1144726 secs] [Times: user=0.12 sys=0.00, real=0.12 secs] 
4.833: [GC (CMS Initial Mark) [1 CMS-initial-mark: 349531K(349568K)] 373775K(506816K), 0.0013091 secs] [Times: user=0.00 sys=0.00, real=0.00 secs] 
4.834: [CMS-concurrent-mark-start]
4.836: [CMS-concurrent-mark: 0.002/0.002 secs] [Times: user=0.01 sys=0.00, real=0.00 secs] 
4.836: [CMS-concurrent-preclean-start]
4.839: [CMS-concurrent-preclean: 0.003/0.003 secs] [Times: user=0.00 sys=0.00, real=0.00 secs] 
4.839: [CMS-concurrent-abortable-preclean-start]
4.839: [CMS-concurrent-abortable-preclean: 0.000/0.000 secs] [Times: user=0.01 sys=0.00, real=0.00 secs] 
4.839: [GC (CMS Final Remark) [YG occupancy: 37600 K (157248 K)]4.839: [Rescan (parallel) , 0.0009707 secs]4.840: [weak refs processing, 0.0000179 secs]4.840: [class unloading, 0.0003003 secs]4.840: [scrub symbol table, 0.0003248 secs]4.841: [scrub string table, 0.0001792 secs][1 CMS-remark: 349531K(349568K)] 387132K(506816K), 0.0018805 secs] [Times: user=0.00 sys=0.00, real=0.01 secs] 
4.841: [CMS-concurrent-sweep-start]
4.842: [CMS-concurrent-sweep: 0.001/0.001 secs] [Times: user=0.00 sys=0.00, real=0.00 secs] 
4.842: [CMS-concurrent-reset-start]
4.843: [CMS-concurrent-reset: 0.001/0.001 secs] [Times: user=0.01 sys=0.00, real=0.00 secs] 
4.879: [GC (Allocation Failure) 4.879: [ParNew: 157243K->157243K(157248K), 0.0000308 secs]4.879: [CMS: 349025K->349325K(349568K), 0.1143449 secs] 506268K->373947K(506816K), [Metaspace: 2526K->2526K(1056768K)], 0.1144627 secs] [Times: user=0.12 sys=0.00, real=0.12 secs] 
4.994: [GC (CMS Initial Mark) [1 CMS-initial-mark: 349325K(349568K)] 376651K(506816K), 0.0013268 secs] [Times: user=0.00 sys=0.00, real=0.00 secs] 
4.995: [CMS-concurrent-mark-start]
4.997: [CMS-concurrent-mark: 0.002/0.002 secs] [Times: user=0.01 sys=0.00, real=0.00 secs] 
4.997: [CMS-concurrent-preclean-start]
4.999: [CMS-concurrent-preclean: 0.002/0.002 secs] [Times: user=0.00 sys=0.00, real=0.00 secs] 
5.000: [CMS-concurrent-abortable-preclean-start]
5.000: [CMS-concurrent-abortable-preclean: 0.000/0.000 secs] [Times: user=0.00 sys=0.00, real=0.00 secs] 
5.000: [GC (CMS Final Remark) [YG occupancy: 34539 K (157248 K)]5.000: [Rescan (parallel) , 0.0011136 secs]5.001: [weak refs processing, 0.0000175 secs]5.001: [class unloading, 0.0002865 secs]5.001: [scrub symbol table, 0.0003080 secs]5.002: [scrub string table, 0.0001754 secs][1 CMS-remark: 349325K(349568K)] 383864K(506816K), 0.0019807 secs] [Times: user=0.01 sys=0.00, real=0.00 secs] 
5.002: [CMS-concurrent-sweep-start]
5.003: [CMS-concurrent-sweep: 0.001/0.001 secs] [Times: user=0.00 sys=0.00, real=0.00 secs] 
5.003: [CMS-concurrent-reset-start]
5.004: [CMS-concurrent-reset: 0.001/0.001 secs] [Times: user=0.01 sys=0.00, real=0.00 secs] 
5.053: [GC (Allocation Failure) 5.053: [ParNew: 157226K->157226K(157248K), 0.0000521 secs]5.053: [CMS: 348259K->349028K(349568K), 0.1218303 secs] 505486K->373656K(506816K), [Metaspace: 2526K->2526K(1056768K)], 0.1220036 secs] [Times: user=0.13 sys=0.00, real=0.12 secs] 
5.175: [GC (CMS Initial Mark) [1 CMS-initial-mark: 349028K(349568K)] 373800K(506816K), 0.0005975 secs] [Times: user=0.00 sys=0.00, real=0.00 secs] 
5.176: [CMS-concurrent-mark-start]
执行结束。共生成对象次数:18008
Heap
 par new generation   total 157248K, used 30492K [0x00000000e0000000, 0x00000000eaaa0000, 0x00000000eaaa0000)
  eden space 139776K,  21% used [0x00000000e0000000, 0x00000000e1dc7138, 0x00000000e8880000)
  from space 17472K,   0% used [0x00000000e8880000, 0x00000000e8880000, 0x00000000e9990000)
  to   space 17472K,   0% used [0x00000000e9990000, 0x00000000e9990000, 0x00000000eaaa0000)
 concurrent mark-sweep generation total 349568K, used 349028K [0x00000000eaaa0000, 0x0000000100000000, 0x0000000100000000)
 Metaspace       used 2533K, capacity 4486K, committed 4864K, reserved 1056768K
  class space    used 273K, capacity 386K, committed 512K, reserved 1048576K
开始执行.......
0.186: [GC (Allocation Failure) 0.186: [ParNew: 139776K->17471K(157248K), 0.0131455 secs] 139776K->44440K(506816K), 0.0132442 secs] [Times: user=0.09 sys=0.07, real=0.02 secs] 
0.242: [GC (Allocation Failure) 0.242: [ParNew: 157247K->17472K(157248K), 0.0157818 secs] 184216K->89467K(506816K), 0.0158612 secs] [Times: user=0.14 sys=0.11, real=0.01 secs] 
0.298: [GC (Allocation Failure) 0.298: [ParNew: 157248K->17472K(157248K), 0.0374173 secs] 229243K->136134K(506816K), 0.0374951 secs] [Times: user=0.63 sys=0.03, real=0.04 secs] 
0.377: [GC (Allocation Failure) 0.377: [ParNew: 157248K->17469K(157248K), 0.0317225 secs] 275910K->178260K(506816K), 0.0318170 secs] [Times: user=0.53 sys=0.03, real=0.04 secs] 
0.451: [GC (Allocation Failure) 0.451: [ParNew: 157245K->17471K(157248K), 0.0347263 secs] 318036K->222960K(506816K), 0.0348041 secs] [Times: user=0.55 sys=0.03, real=0.03 secs] 
0.486: [GC (CMS Initial Mark) [1 CMS-initial-mark: 205488K(349568K)] 223032K(506816K), 0.0005360 secs] [Times: user=0.00 sys=0.00, real=0.00 secs] 
0.487: [CMS-concurrent-mark-start]
0.490: [CMS-concurrent-mark: 0.003/0.003 secs] [Times: user=0.02 sys=0.00, real=0.01 secs] 
0.490: [CMS-concurrent-preclean-start]
0.491: [CMS-concurrent-preclean: 0.001/0.001 secs] [Times: user=0.00 sys=0.00, real=0.00 secs] 
0.491: [CMS-concurrent-abortable-preclean-start]
0.529: [GC (Allocation Failure) 0.529: [ParNew: 157247K->17470K(157248K), 0.0354012 secs] 362736K->268406K(506816K), 0.0354799 secs] [Times: user=0.60 sys=0.02, real=0.03 secs] 
0.606: [GC (Allocation Failure) 0.606: [ParNew: 157246K->17471K(157248K), 0.0363463 secs] 408182K->312909K(506816K), 0.0364260 secs] [Times: user=0.60 sys=0.04, real=0.04 secs] 
0.684: [GC (Allocation Failure) 0.684: [ParNew: 157247K->17470K(157248K), 0.0362132 secs] 452685K->359718K(506816K), 0.0363255 secs] [Times: user=0.60 sys=0.03, real=0.04 secs] 
0.720: [CMS-concurrent-abortable-preclean: 0.004/0.229 secs] [Times: user=1.94 sys=0.09, real=0.23 secs] 
0.720: [GC (CMS Final Remark) [YG occupancy: 20597 K (157248 K)]0.720: [Rescan (parallel) , 0.0005552 secs]0.721: [weak refs processing, 0.0000161 secs]0.721: [class unloading, 0.0003028 secs]0.721: [scrub symbol table, 0.0003328 secs]0.722: [scrub string table, 0.0001773 secs][1 CMS-remark: 342248K(349568K)] 362845K(506816K), 0.0014898 secs] [Times: user=0.01 sys=0.00, real=0.00 secs] 
0.722: [CMS-concurrent-sweep-start]
0.723: [CMS-concurrent-sweep: 0.001/0.001 secs] [Times: user=0.00 sys=0.00, real=0.00 secs] 
0.723: [CMS-concurrent-reset-start]
0.726: [CMS-concurrent-reset: 0.003/0.003 secs] [Times: user=0.00 sys=0.00, real=0.00 secs] 
0.764: [GC (Allocation Failure) 0.764: [ParNew: 157246K->17470K(157248K), 0.0195756 secs] 455114K->358980K(506816K), 0.0196833 secs] [Times: user=0.34 sys=0.00, real=0.02 secs] 
0.784: [GC (CMS Initial Mark) [1 CMS-initial-mark: 341510K(349568K)] 359124K(506816K), 0.0006252 secs] [Times: user=0.00 sys=0.00, real=0.00 secs] 
0.785: [CMS-concurrent-mark-start]
0.786: [CMS-concurrent-mark: 0.001/0.001 secs] [Times: user=0.01 sys=0.00, real=0.00 secs] 
0.786: [CMS-concurrent-preclean-start]
0.786: [CMS-concurrent-preclean: 0.001/0.001 secs] [Times: user=0.00 sys=0.00, real=0.00 secs] 
0.787: [CMS-concurrent-abortable-preclean-start]
0.787: [CMS-concurrent-abortable-preclean: 0.000/0.000 secs] [Times: user=0.00 sys=0.00, real=0.00 secs] 
0.787: [GC (CMS Final Remark) [YG occupancy: 24081 K (157248 K)]0.787: [Rescan (parallel) , 0.0006808 secs]0.787: [weak refs processing, 0.0000155 secs]0.787: [class unloading, 0.0002627 secs]0.788: [scrub symbol table, 0.0003130 secs]0.788: [scrub string table, 0.0001664 secs][1 CMS-remark: 341510K(349568K)] 365591K(506816K), 0.0015116 secs] [Times: user=0.00 sys=0.00, real=0.00 secs] 
0.788: [CMS-concurrent-sweep-start]
0.789: [CMS-concurrent-sweep: 0.001/0.001 secs] [Times: user=0.00 sys=0.00, real=0.01 secs] 
0.789: [CMS-concurrent-reset-start]
0.791: [CMS-concurrent-reset: 0.001/0.001 secs] [Times: user=0.01 sys=0.00, real=0.00 secs] 
0.827: [GC (Allocation Failure) 0.827: [ParNew: 157246K->17471K(157248K), 0.0210222 secs] 407035K->315876K(506816K), 0.0211018 secs] [Times: user=0.37 sys=0.00, real=0.02 secs] 
0.848: [GC (CMS Initial Mark) [1 CMS-initial-mark: 298405K(349568K)] 316631K(506816K), 0.0005788 secs] [Times: user=0.00 sys=0.00, real=0.01 secs] 
0.849: [CMS-concurrent-mark-start]
0.850: [CMS-concurrent-mark: 0.001/0.001 secs] [Times: user=0.01 sys=0.00, real=0.00 secs] 
0.850: [CMS-concurrent-preclean-start]
0.850: [CMS-concurrent-preclean: 0.001/0.001 secs] [Times: user=0.00 sys=0.00, real=0.00 secs] 
0.850: [CMS-concurrent-abortable-preclean-start]
0.891: [GC (Allocation Failure) 0.891: [ParNew: 157247K->17470K(157248K), 0.0201018 secs] 455652K->357912K(506816K), 0.0201816 secs] [Times: user=0.32 sys=0.01, real=0.02 secs] 
0.911: [CMS-concurrent-abortable-preclean: 0.001/0.061 secs] [Times: user=0.36 sys=0.01, real=0.06 secs] 
0.911: [GC (CMS Final Remark) [YG occupancy: 20393 K (157248 K)]0.911: [Rescan (parallel) , 0.0006615 secs]0.912: [weak refs processing, 0.0000144 secs]0.912: [class unloading, 0.0002932 secs]0.912: [scrub symbol table, 0.0003356 secs]0.913: [scrub string table, 0.0001747 secs][1 CMS-remark: 340441K(349568K)] 360835K(506816K), 0.0015547 secs] [Times: user=0.01 sys=0.00, real=0.00 secs] 
0.913: [CMS-concurrent-sweep-start]
0.914: [CMS-concurrent-sweep: 0.001/0.001 secs] [Times: user=0.00 sys=0.00, real=0.00 secs] 
0.914: [CMS-concurrent-reset-start]
0.915: [CMS-concurrent-reset: 0.001/0.001 secs] [Times: user=0.00 sys=0.00, real=0.00 secs] 
0.957: [GC (Allocation Failure) 0.957: [ParNew: 156997K->156997K(157248K), 0.0000313 secs]0.957: [CMS: 306445K->301980K(349568K), 0.0882499 secs] 463443K->301980K(506816K), [Metaspace: 2526K->2526K(1056768K)], 0.0883767 secs] [Times: user=0.09 sys=0.00, real=0.09 secs] 
1.045: [GC (CMS Initial Mark) [1 CMS-initial-mark: 301980K(349568K)] 302675K(506816K), 0.0012528 secs] [Times: user=0.00 sys=0.00, real=0.00 secs] 
1.047: [CMS-concurrent-mark-start]
1.048: [CMS-concurrent-mark: 0.001/0.001 secs] [Times: user=0.01 sys=0.00, real=0.00 secs] 
1.048: [CMS-concurrent-preclean-start]
1.048: [CMS-concurrent-preclean: 0.001/0.001 secs] [Times: user=0.00 sys=0.00, real=0.00 secs] 
1.048: [CMS-concurrent-abortable-preclean-start]
1.088: [GC (Allocation Failure) 1.088: [ParNew: 139274K->17471K(157248K), 0.0161499 secs] 441255K->350991K(506816K), 0.0162320 secs] [Times: user=0.28 sys=0.00, real=0.01 secs] 
1.105: [CMS-concurrent-abortable-preclean: 0.001/0.056 secs] [Times: user=0.32 sys=0.00, real=0.05 secs] 
1.105: [GC (CMS Final Remark) [YG occupancy: 18224 K (157248 K)]1.105: [Rescan (parallel) , 0.0008311 secs]1.106: [weak refs processing, 0.0000144 secs]1.106: [class unloading, 0.0003136 secs]1.106: [scrub symbol table, 0.0003183 secs]1.106: [scrub string table, 0.0001650 secs][1 CMS-remark: 333520K(349568K)] 351745K(506816K), 0.0017123 secs] [Times: user=0.00 sys=0.00, real=0.00 secs] 
1.107: [CMS-concurrent-sweep-start]
1.107: [CMS-concurrent-sweep: 0.001/0.001 secs] [Times: user=0.00 sys=0.00, real=0.00 secs] 
1.107: [CMS-concurrent-reset-start]
1.108: [CMS-concurrent-reset: 0.001/0.001 secs] [Times: user=0.01 sys=0.00, real=0.00 secs] 
1.149: [GC (Allocation Failure) 1.149: [ParNew: 157247K->157247K(157248K), 0.0000321 secs]1.149: [CMS: 333364K->322679K(349568K), 0.0915151 secs] 490611K->322679K(506816K), [Metaspace: 2526K->2526K(1056768K)], 0.0916468 secs] [Times: user=0.09 sys=0.00, real=0.09 secs] 
1.241: [GC (CMS Initial Mark) [1 CMS-initial-mark: 322679K(349568K)] 323306K(506816K), 0.0012146 secs] [Times: user=0.00 sys=0.00, real=0.00 secs] 
1.242: [CMS-concurrent-mark-start]
1.243: [CMS-concurrent-mark: 0.001/0.001 secs] [Times: user=0.00 sys=0.00, real=0.00 secs] 
1.243: [CMS-concurrent-preclean-start]
1.244: [CMS-concurrent-preclean: 0.001/0.001 secs] [Times: user=0.01 sys=0.00, real=0.00 secs] 
1.244: [CMS-concurrent-abortable-preclean-start]
1.285: [GC (Allocation Failure) 1.285: [ParNew (promotion failed): 139776K->157247K(157248K), 0.0243072 secs]1.309: [CMS1.309: [CMS-concurrent-abortable-preclean: 0.001/0.065 secs] [Times: user=0.45 sys=0.01, real=0.07 secs] 
 (concurrent mode failure): 349265K->327071K(349568K), 0.0943733 secs] 462455K->327071K(506816K), [Metaspace: 2526K->2526K(1056768K)], 0.1187803 secs] [Times: user=0.51 sys=0.01, real=0.12 secs] 
1.458: [GC (Allocation Failure) 1.458: [ParNew: 139776K->139776K(157248K), 0.0000378 secs]1.458: [CMS: 327071K->334642K(349568K), 0.1113433 secs] 466847K->334642K(506816K), [Metaspace: 2526K->2526K(1056768K)], 0.1115174 secs] [Times: user=0.11 sys=0.00, real=0.12 secs] 
1.570: [GC (CMS Initial Mark) [1 CMS-initial-mark: 334642K(349568K)] 334783K(506816K), 0.0011234 secs] [Times: user=0.00 sys=0.00, real=0.00 secs] 
1.571: [CMS-concurrent-mark-start]
1.572: [CMS-concurrent-mark: 0.001/0.001 secs] [Times: user=0.01 sys=0.00, real=0.00 secs] 
1.572: [CMS-concurrent-preclean-start]
1.573: [CMS-concurrent-preclean: 0.001/0.001 secs] [Times: user=0.00 sys=0.00, real=0.00 secs] 
1.573: [CMS-concurrent-abortable-preclean-start]
1.618: [GC (Allocation Failure) 1.618: [ParNew: 139776K->139776K(157248K), 0.0000317 secs]1.618: [CMS1.618: [CMS-concurrent-abortable-preclean: 0.001/0.045 secs] [Times: user=0.05 sys=0.00, real=0.05 secs] 
 (concurrent mode failure): 334642K->342574K(349568K), 0.1108842 secs] 474418K->342574K(506816K), [Metaspace: 2526K->2526K(1056768K)], 0.1110289 secs] [Times: user=0.11 sys=0.00, real=0.11 secs] 
1.788: [GC (Allocation Failure) 1.788: [ParNew: 139776K->139776K(157248K), 0.0000662 secs]1.788: [CMS: 342574K->348539K(349568K), 0.1254259 secs] 482350K->348539K(506816K), [Metaspace: 2526K->2526K(1056768K)], 0.1256506 secs] [Times: user=0.13 sys=0.00, real=0.13 secs] 
1.914: [GC (CMS Initial Mark) [1 CMS-initial-mark: 348539K(349568K)] 348611K(506816K), 0.0014100 secs] [Times: user=0.00 sys=0.00, real=0.00 secs] 
1.916: [CMS-concurrent-mark-start]
1.917: [CMS-concurrent-mark: 0.001/0.001 secs] [Times: user=0.01 sys=0.00, real=0.00 secs] 
1.917: [CMS-concurrent-preclean-start]
1.918: [CMS-concurrent-preclean: 0.001/0.001 secs] [Times: user=0.00 sys=0.00, real=0.00 secs] 
1.918: [CMS-concurrent-abortable-preclean-start]
1.918: [CMS-concurrent-abortable-preclean: 0.000/0.000 secs] [Times: user=0.00 sys=0.00, real=0.00 secs] 
1.918: [GC (CMS Final Remark) [YG occupancy: 7016 K (157248 K)]1.918: [Rescan (parallel) , 0.0017132 secs]1.920: [weak refs processing, 0.0000224 secs]1.920: [class unloading, 0.0003169 secs]1.921: [scrub symbol table, 0.0004113 secs]1.921: [scrub string table, 0.0002591 secs][1 CMS-remark: 348539K(349568K)] 355555K(506816K), 0.0028469 secs] [Times: user=0.01 sys=0.00, real=0.00 secs] 
1.921: [CMS-concurrent-sweep-start]
1.922: [CMS-concurrent-sweep: 0.001/0.001 secs] [Times: user=0.00 sys=0.00, real=0.00 secs] 
1.922: [CMS-concurrent-reset-start]
1.923: [CMS-concurrent-reset: 0.001/0.001 secs] [Times: user=0.00 sys=0.00, real=0.00 secs] 
1.966: [GC (Allocation Failure) 1.966: [ParNew: 139776K->139776K(157248K), 0.0000350 secs]1.966: [CMS: 348503K->349401K(349568K), 0.1064365 secs] 488279K->350423K(506816K), [Metaspace: 2526K->2526K(1056768K)], 0.1065592 secs] [Times: user=0.10 sys=0.00, real=0.11 secs] 
2.073: [GC (CMS Initial Mark) [1 CMS-initial-mark: 349401K(349568K)] 350637K(506816K), 0.0015254 secs] [Times: user=0.00 sys=0.00, real=0.00 secs] 
2.074: [CMS-concurrent-mark-start]
2.075: [CMS-concurrent-mark: 0.001/0.001 secs] [Times: user=0.01 sys=0.00, real=0.00 secs] 
2.075: [CMS-concurrent-preclean-start]
2.076: [CMS-concurrent-preclean: 0.001/0.001 secs] [Times: user=0.00 sys=0.00, real=0.00 secs] 
2.076: [CMS-concurrent-abortable-preclean-start]
2.076: [CMS-concurrent-abortable-preclean: 0.000/0.000 secs] [Times: user=0.00 sys=0.00, real=0.00 secs] 
2.076: [GC (CMS Final Remark) [YG occupancy: 7356 K (157248 K)]2.076: [Rescan (parallel) , 0.0015603 secs]2.078: [weak refs processing, 0.0000168 secs]2.078: [class unloading, 0.0002778 secs]2.078: [scrub symbol table, 0.0003120 secs]2.079: [scrub string table, 0.0001712 secs][1 CMS-remark: 349401K(349568K)] 356758K(506816K), 0.0024175 secs] [Times: user=0.01 sys=0.00, real=0.01 secs] 
2.079: [CMS-concurrent-sweep-start]
2.079: [CMS-concurrent-sweep: 0.000/0.000 secs] [Times: user=0.00 sys=0.00, real=0.00 secs] 
2.079: [CMS-concurrent-reset-start]
2.080: [CMS-concurrent-reset: 0.001/0.001 secs] [Times: user=0.00 sys=0.00, real=0.00 secs] 
2.151: [GC (Allocation Failure) 2.151: [ParNew: 157147K->157147K(157248K), 0.0000417 secs]2.151: [CMS: 349384K->349458K(349568K), 0.1868723 secs] 506531K->349458K(506816K), [Metaspace: 2526K->2526K(1056768K)], 0.1870078 secs] [Times: user=0.12 sys=0.07, real=0.18 secs] 
2.338: [GC (CMS Initial Mark) [1 CMS-initial-mark: 349458K(349568K)] 349571K(506816K), 0.0015813 secs] [Times: user=0.00 sys=0.00, real=0.01 secs] 
2.340: [CMS-concurrent-mark-start]
2.341: [CMS-concurrent-mark: 0.001/0.001 secs] [Times: user=0.00 sys=0.01, real=0.00 secs] 
2.341: [CMS-concurrent-preclean-start]
2.342: [CMS-concurrent-preclean: 0.001/0.001 secs] [Times: user=0.00 sys=0.00, real=0.00 secs] 
2.342: [CMS-concurrent-abortable-preclean-start]
2.342: [CMS-concurrent-abortable-preclean: 0.000/0.000 secs] [Times: user=0.00 sys=0.00, real=0.00 secs] 
2.342: [GC (CMS Final Remark) [YG occupancy: 6557 K (157248 K)]2.342: [Rescan (parallel) , 0.0007579 secs]2.343: [weak refs processing, 0.0000176 secs]2.343: [class unloading, 0.0002414 secs]2.343: [scrub symbol table, 0.0003231 secs]2.343: [scrub string table, 0.0001802 secs][1 CMS-remark: 349458K(349568K)] 356016K(506816K), 0.0016047 secs] [Times: user=0.01 sys=0.00, real=0.00 secs] 
2.344: [CMS-concurrent-sweep-start]
2.344: [CMS-concurrent-sweep: 0.000/0.000 secs] [Times: user=0.00 sys=0.00, real=0.00 secs] 
2.344: [CMS-concurrent-reset-start]
2.345: [CMS-concurrent-reset: 0.001/0.001 secs] [Times: user=0.00 sys=0.00, real=0.00 secs] 
2.398: [GC (Allocation Failure) 2.398: [ParNew: 139776K->139776K(157248K), 0.0000320 secs]2.398: [CMS: 349248K->347717K(349568K), 0.1406497 secs] 489024K->347717K(506816K), [Metaspace: 2526K->2526K(1056768K)], 0.1407732 secs] [Times: user=0.12 sys=0.03, real=0.15 secs] 
2.539: [GC (CMS Initial Mark) [1 CMS-initial-mark: 347717K(349568K)] 347789K(506816K), 0.0015533 secs] [Times: user=0.00 sys=0.00, real=0.00 secs] 
2.541: [CMS-concurrent-mark-start]
2.542: [CMS-concurrent-mark: 0.002/0.002 secs] [Times: user=0.00 sys=0.00, real=0.00 secs] 
2.543: [CMS-concurrent-preclean-start]
2.543: [CMS-concurrent-preclean: 0.001/0.001 secs] [Times: user=0.01 sys=0.00, real=0.00 secs] 
2.544: [CMS-concurrent-abortable-preclean-start]
2.544: [CMS-concurrent-abortable-preclean: 0.000/0.000 secs] [Times: user=0.00 sys=0.00, real=0.00 secs] 
2.544: [GC (CMS Final Remark) [YG occupancy: 13586 K (157248 K)]2.544: [Rescan (parallel) , 0.0008374 secs]2.545: [weak refs processing, 0.0000175 secs]2.545: [class unloading, 0.0003048 secs]2.545: [scrub symbol table, 0.0003337 secs]2.545: [scrub string table, 0.0001795 secs][1 CMS-remark: 347717K(349568K)] 361303K(506816K), 0.0017571 secs] [Times: user=0.00 sys=0.00, real=0.00 secs] 
2.546: [CMS-concurrent-sweep-start]
2.546: [CMS-concurrent-sweep: 0.001/0.001 secs] [Times: user=0.00 sys=0.00, real=0.00 secs] 
2.546: [CMS-concurrent-reset-start]
2.547: [CMS-concurrent-reset: 0.001/0.001 secs] [Times: user=0.01 sys=0.00, real=0.00 secs] 
2.586: [GC (Allocation Failure) 2.586: [ParNew: 139776K->139776K(157248K), 0.0000387 secs]2.586: [CMS: 347647K->345929K(349568K), 0.1375933 secs] 487423K->345929K(506816K), [Metaspace: 2526K->2526K(1056768K)], 0.1377119 secs] [Times: user=0.11 sys=0.03, real=0.14 secs] 
2.724: [GC (CMS Initial Mark) [1 CMS-initial-mark: 345929K(349568K)] 346073K(506816K), 0.0006868 secs] [Times: user=0.00 sys=0.00, real=0.00 secs] 
2.725: [CMS-concurrent-mark-start]
2.726: [CMS-concurrent-mark: 0.001/0.001 secs] [Times: user=0.01 sys=0.00, real=0.00 secs] 
2.726: [CMS-concurrent-preclean-start]
2.727: [CMS-concurrent-preclean: 0.001/0.001 secs] [Times: user=0.00 sys=0.00, real=0.00 secs] 
2.727: [CMS-concurrent-abortable-preclean-start]
2.727: [CMS-concurrent-abortable-preclean: 0.000/0.000 secs] [Times: user=0.00 sys=0.00, real=0.00 secs] 
2.727: [GC (CMS Final Remark) [YG occupancy: 9458 K (157248 K)]2.727: [Rescan (parallel) , 0.0006588 secs]2.728: [weak refs processing, 0.0000156 secs]2.728: [class unloading, 0.0002934 secs]2.728: [scrub symbol table, 0.0003208 secs]2.728: [scrub string table, 0.0001680 secs][1 CMS-remark: 345929K(349568K)] 355388K(506816K), 0.0015238 secs] [Times: user=0.01 sys=0.00, real=0.01 secs] 
2.729: [CMS-concurrent-sweep-start]
2.729: [CMS-concurrent-sweep: 0.001/0.001 secs] [Times: user=0.00 sys=0.00, real=0.00 secs] 
2.729: [CMS-concurrent-reset-start]
2.731: [CMS-concurrent-reset: 0.002/0.002 secs] [Times: user=0.00 sys=0.00, real=0.00 secs] 
2.772: [GC (Allocation Failure) 2.772: [ParNew: 139247K->139247K(157248K), 0.0000327 secs]2.772: [CMS: 345857K->347556K(349568K), 0.1073914 secs] 485105K->347556K(506816K), [Metaspace: 2526K->2526K(1056768K)], 0.1075475 secs] [Times: user=0.11 sys=0.00, real=0.11 secs] 
2.880: [GC (CMS Initial Mark) [1 CMS-initial-mark: 347556K(349568K)] 348204K(506816K), 0.0013771 secs] [Times: user=0.00 sys=0.01, real=0.00 secs] 
2.882: [CMS-concurrent-mark-start]
2.883: [CMS-concurrent-mark: 0.001/0.001 secs] [Times: user=0.01 sys=0.00, real=0.00 secs] 
2.883: [CMS-concurrent-preclean-start]
2.884: [CMS-concurrent-preclean: 0.001/0.001 secs] [Times: user=0.00 sys=0.00, real=0.00 secs] 
2.884: [CMS-concurrent-abortable-preclean-start]
2.884: [CMS-concurrent-abortable-preclean: 0.000/0.000 secs] [Times: user=0.00 sys=0.00, real=0.00 secs] 
2.884: [GC (CMS Final Remark) [YG occupancy: 10297 K (157248 K)]2.884: [Rescan (parallel) , 0.0007578 secs]2.885: [weak refs processing, 0.0000157 secs]2.885: [class unloading, 0.0003004 secs]2.885: [scrub symbol table, 0.0003535 secs]2.885: [scrub string table, 0.0001942 secs][1 CMS-remark: 347556K(349568K)] 357854K(506816K), 0.0017039 secs] [Times: user=0.01 sys=0.00, real=0.00 secs] 
2.886: [CMS-concurrent-sweep-start]
2.886: [CMS-concurrent-sweep: 0.000/0.000 secs] [Times: user=0.00 sys=0.00, real=0.00 secs] 
2.886: [CMS-concurrent-reset-start]
2.887: [CMS-concurrent-reset: 0.001/0.001 secs] [Times: user=0.00 sys=0.00, real=0.00 secs] 
2.929: [GC (Allocation Failure) 2.929: [ParNew: 139776K->139776K(157248K), 0.0000314 secs]2.929: [CMS: 346918K->349549K(349568K), 0.1174833 secs] 486694K->349653K(506816K), [Metaspace: 2526K->2526K(1056768K)], 0.1176322 secs] [Times: user=0.12 sys=0.00, real=0.11 secs] 
3.047: [GC (CMS Initial Mark) [1 CMS-initial-mark: 349549K(349568K)] 349967K(506816K), 0.0021616 secs] [Times: user=0.00 sys=0.00, real=0.01 secs] 
3.049: [CMS-concurrent-mark-start]
3.051: [CMS-concurrent-mark: 0.002/0.002 secs] [Times: user=0.01 sys=0.01, real=0.00 secs] 
3.051: [CMS-concurrent-preclean-start]
3.052: [CMS-concurrent-preclean: 0.001/0.001 secs] [Times: user=0.00 sys=0.00, real=0.00 secs] 
3.052: [CMS-concurrent-abortable-preclean-start]
3.052: [CMS-concurrent-abortable-preclean: 0.000/0.000 secs] [Times: user=0.00 sys=0.00, real=0.00 secs] 
3.052: [GC (CMS Final Remark) [YG occupancy: 10174 K (157248 K)]3.052: [Rescan (parallel) , 0.0009172 secs]3.053: [weak refs processing, 0.0000177 secs]3.053: [class unloading, 0.0008471 secs]3.054: [scrub symbol table, 0.0005539 secs]3.055: [scrub string table, 0.0002846 secs][1 CMS-remark: 349549K(349568K)] 359724K(506816K), 0.0027097 secs] [Times: user=0.01 sys=0.00, real=0.00 secs] 
3.055: [CMS-concurrent-sweep-start]
3.055: [CMS-concurrent-sweep: 0.000/0.000 secs] [Times: user=0.00 sys=0.00, real=0.00 secs] 
3.056: [CMS-concurrent-reset-start]
3.057: [CMS-concurrent-reset: 0.001/0.001 secs] [Times: user=0.00 sys=0.00, real=0.00 secs] 
3.103: [GC (Allocation Failure) 3.103: [ParNew: 157083K->157083K(157248K), 0.0000642 secs]3.103: [CMS: 349393K->349413K(349568K), 0.1170222 secs] 506477K->349810K(506816K), [Metaspace: 2526K->2526K(1056768K)], 0.1172366 secs] [Times: user=0.12 sys=0.00, real=0.12 secs] 
3.221: [GC (CMS Initial Mark) [1 CMS-initial-mark: 349413K(349568K)] 350471K(506816K), 0.0015964 secs] [Times: user=0.00 sys=0.00, real=0.00 secs] 
3.222: [CMS-concurrent-mark-start]
3.223: [CMS-concurrent-mark: 0.001/0.001 secs] [Times: user=0.01 sys=0.00, real=0.00 secs] 
3.224: [CMS-concurrent-preclean-start]
3.225: [CMS-concurrent-preclean: 0.001/0.001 secs] [Times: user=0.00 sys=0.00, real=0.00 secs] 
3.225: [CMS-concurrent-abortable-preclean-start]
3.225: [CMS-concurrent-abortable-preclean: 0.000/0.000 secs] [Times: user=0.00 sys=0.00, real=0.00 secs] 
3.225: [GC (CMS Final Remark) [YG occupancy: 9846 K (157248 K)]3.225: [Rescan (parallel) , 0.0008385 secs]3.226: [weak refs processing, 0.0000169 secs]3.226: [class unloading, 0.0002915 secs]3.226: [scrub symbol table, 0.0003810 secs]3.227: [scrub string table, 0.0001949 secs][1 CMS-remark: 349413K(349568K)] 359260K(506816K), 0.0018045 secs] [Times: user=0.01 sys=0.00, real=0.00 secs] 
3.227: [CMS-concurrent-sweep-start]
3.227: [CMS-concurrent-sweep: 0.000/0.000 secs] [Times: user=0.00 sys=0.00, real=0.00 secs] 
3.227: [CMS-concurrent-reset-start]
3.229: [CMS-concurrent-reset: 0.001/0.001 secs] [Times: user=0.00 sys=0.00, real=0.01 secs] 
3.273: [GC (Allocation Failure) 3.273: [ParNew: 157215K->157215K(157248K), 0.0000447 secs]3.273: [CMS: 349310K->349542K(349568K), 0.1141304 secs] 506526K->358776K(506816K), [Metaspace: 2526K->2526K(1056768K)], 0.1142769 secs] [Times: user=0.11 sys=0.00, real=0.11 secs] 
3.387: [GC (CMS Initial Mark) [1 CMS-initial-mark: 349542K(349568K)] 358812K(506816K), 0.0016541 secs] [Times: user=0.00 sys=0.00, real=0.01 secs] 
3.389: [CMS-concurrent-mark-start]
3.390: [CMS-concurrent-mark: 0.001/0.001 secs] [Times: user=0.01 sys=0.00, real=0.00 secs] 
3.390: [CMS-concurrent-preclean-start]
3.392: [CMS-concurrent-preclean: 0.002/0.002 secs] [Times: user=0.00 sys=0.00, real=0.00 secs] 
3.392: [CMS-concurrent-abortable-preclean-start]
3.392: [CMS-concurrent-abortable-preclean: 0.000/0.000 secs] [Times: user=0.00 sys=0.00, real=0.00 secs] 
3.393: [GC (CMS Final Remark) [YG occupancy: 16041 K (157248 K)]3.393: [Rescan (parallel) , 0.0008082 secs]3.393: [weak refs processing, 0.0000157 secs]3.393: [class unloading, 0.0003005 secs]3.394: [scrub symbol table, 0.0003477 secs]3.394: [scrub string table, 0.0002144 secs][1 CMS-remark: 349542K(349568K)] 365583K(506816K), 0.0017704 secs] [Times: user=0.01 sys=0.00, real=0.00 secs] 
3.394: [CMS-concurrent-sweep-start]
3.395: [CMS-concurrent-sweep: 0.000/0.000 secs] [Times: user=0.00 sys=0.00, real=0.00 secs] 
3.395: [CMS-concurrent-reset-start]
3.396: [CMS-concurrent-reset: 0.001/0.001 secs] [Times: user=0.00 sys=0.00, real=0.00 secs] 
3.438: [GC (Allocation Failure) 3.438: [ParNew: 156978K->156978K(157248K), 0.0000313 secs]3.438: [CMS: 348394K->349264K(349568K), 0.1140840 secs] 505373K->368026K(506816K), [Metaspace: 2526K->2526K(1056768K)], 0.1142091 secs] [Times: user=0.12 sys=0.00, real=0.12 secs] 
3.552: [GC (CMS Initial Mark) [1 CMS-initial-mark: 349264K(349568K)] 368757K(506816K), 0.0015329 secs] [Times: user=0.00 sys=0.01, real=0.00 secs] 
3.554: [CMS-concurrent-mark-start]
3.555: [CMS-concurrent-mark: 0.001/0.001 secs] [Times: user=0.01 sys=0.00, real=0.00 secs] 
3.555: [CMS-concurrent-preclean-start]
3.557: [CMS-concurrent-preclean: 0.002/0.002 secs] [Times: user=0.00 sys=0.00, real=0.00 secs] 
3.557: [CMS-concurrent-abortable-preclean-start]
3.557: [CMS-concurrent-abortable-preclean: 0.000/0.000 secs] [Times: user=0.00 sys=0.00, real=0.00 secs] 
3.557: [GC (CMS Final Remark) [YG occupancy: 30183 K (157248 K)]3.557: [Rescan (parallel) , 0.0008738 secs]3.558: [weak refs processing, 0.0000163 secs]3.558: [class unloading, 0.0002912 secs]3.558: [scrub symbol table, 0.0003364 secs]3.559: [scrub string table, 0.0001610 secs][1 CMS-remark: 349264K(349568K)] 379447K(506816K), 0.0017562 secs] [Times: user=0.01 sys=0.00, real=0.01 secs] 
3.559: [CMS-concurrent-sweep-start]
3.559: [CMS-concurrent-sweep: 0.000/0.000 secs] [Times: user=0.00 sys=0.00, real=0.00 secs] 
3.559: [CMS-concurrent-reset-start]
3.561: [CMS-concurrent-reset: 0.001/0.001 secs] [Times: user=0.00 sys=0.00, real=0.00 secs] 
3.599: [GC (Allocation Failure) 3.599: [ParNew: 156729K->156729K(157248K), 0.0000318 secs]3.599: [CMS: 348893K->349249K(349568K), 0.1200329 secs] 505622K->375177K(506816K), [Metaspace: 2526K->2526K(1056768K)], 0.1201660 secs] [Times: user=0.12 sys=0.00, real=0.12 secs] 
3.720: [GC (CMS Initial Mark) [1 CMS-initial-mark: 349249K(349568K)] 375913K(506816K), 0.0016385 secs] [Times: user=0.00 sys=0.00, real=0.00 secs] 
3.721: [CMS-concurrent-mark-start]
3.723: [CMS-concurrent-mark: 0.001/0.001 secs] [Times: user=0.01 sys=0.00, real=0.00 secs] 
3.723: [CMS-concurrent-preclean-start]
3.725: [CMS-concurrent-preclean: 0.002/0.002 secs] [Times: user=0.00 sys=0.00, real=0.00 secs] 
3.725: [CMS-concurrent-abortable-preclean-start]
3.725: [CMS-concurrent-abortable-preclean: 0.000/0.000 secs] [Times: user=0.00 sys=0.00, real=0.00 secs] 
3.725: [GC (CMS Final Remark) [YG occupancy: 35116 K (157248 K)]3.725: [Rescan (parallel) , 0.0008602 secs]3.726: [weak refs processing, 0.0000165 secs]3.726: [class unloading, 0.0003112 secs]3.726: [scrub symbol table, 0.0003270 secs]3.727: [scrub string table, 0.0001796 secs][1 CMS-remark: 349249K(349568K)] 384366K(506816K), 0.0017748 secs] [Times: user=0.01 sys=0.00, real=0.00 secs] 
3.727: [CMS-concurrent-sweep-start]
3.727: [CMS-concurrent-sweep: 0.000/0.000 secs] [Times: user=0.00 sys=0.00, real=0.00 secs] 
3.727: [CMS-concurrent-reset-start]
3.729: [CMS-concurrent-reset: 0.002/0.002 secs] [Times: user=0.00 sys=0.00, real=0.01 secs] 
3.769: [GC (Allocation Failure) 3.769: [ParNew: 156747K->156747K(157248K), 0.0000342 secs]3.769: [CMS: 348735K->348982K(349568K), 0.1277571 secs] 505482K->375745K(506816K), [Metaspace: 2526K->2526K(1056768K)], 0.1279208 secs] [Times: user=0.13 sys=0.00, real=0.12 secs] 
3.897: [GC (CMS Initial Mark) [1 CMS-initial-mark: 348982K(349568K)] 376315K(506816K), 0.0012290 secs] [Times: user=0.00 sys=0.00, real=0.01 secs] 
3.899: [CMS-concurrent-mark-start]
3.900: [CMS-concurrent-mark: 0.001/0.001 secs] [Times: user=0.01 sys=0.00, real=0.00 secs] 
3.900: [CMS-concurrent-preclean-start]
3.902: [CMS-concurrent-preclean: 0.002/0.002 secs] [Times: user=0.00 sys=0.00, real=0.00 secs] 
3.902: [CMS-concurrent-abortable-preclean-start]
3.902: [CMS-concurrent-abortable-preclean: 0.000/0.000 secs] [Times: user=0.00 sys=0.00, real=0.00 secs] 
3.902: [GC (CMS Final Remark) [YG occupancy: 37370 K (157248 K)]3.902: [Rescan (parallel) , 0.0010359 secs]3.903: [weak refs processing, 0.0000265 secs]3.903: [class unloading, 0.0003300 secs]3.904: [scrub symbol table, 0.0004071 secs]3.904: [scrub string table, 0.0002745 secs][1 CMS-remark: 348982K(349568K)] 386353K(506816K), 0.0022043 secs] [Times: user=0.01 sys=0.00, real=0.00 secs] 
3.905: [CMS-concurrent-sweep-start]
3.905: [CMS-concurrent-sweep: 0.000/0.000 secs] [Times: user=0.00 sys=0.00, real=0.00 secs] 
3.905: [CMS-concurrent-reset-start]
3.906: [CMS-concurrent-reset: 0.001/0.001 secs] [Times: user=0.00 sys=0.00, real=0.00 secs] 
3.947: [GC (Allocation Failure) 3.947: [ParNew: 157090K->157090K(157248K), 0.0000325 secs]3.947: [CMS: 348790K->349408K(349568K), 0.1167217 secs] 505881K->371333K(506816K), [Metaspace: 2526K->2526K(1056768K)], 0.1168519 secs] [Times: user=0.11 sys=0.00, real=0.12 secs] 
4.064: [GC (CMS Initial Mark) [1 CMS-initial-mark: 349408K(349568K)] 371719K(506816K), 0.0015470 secs] [Times: user=0.00 sys=0.00, real=0.00 secs] 
4.066: [CMS-concurrent-mark-start]
4.068: [CMS-concurrent-mark: 0.002/0.002 secs] [Times: user=0.01 sys=0.00, real=0.00 secs] 
4.068: [CMS-concurrent-preclean-start]
4.069: [CMS-concurrent-preclean: 0.002/0.002 secs] [Times: user=0.01 sys=0.00, real=0.01 secs] 
4.069: [CMS-concurrent-abortable-preclean-start]
4.069: [CMS-concurrent-abortable-preclean: 0.000/0.000 secs] [Times: user=0.00 sys=0.00, real=0.00 secs] 
4.070: [GC (CMS Final Remark) [YG occupancy: 32890 K (157248 K)]4.070: [Rescan (parallel) , 0.0012849 secs]4.071: [weak refs processing, 0.0000179 secs]4.071: [class unloading, 0.0002929 secs]4.071: [scrub symbol table, 0.0003224 secs]4.072: [scrub string table, 0.0001759 secs][1 CMS-remark: 349408K(349568K)] 382298K(506816K), 0.0022017 secs] [Times: user=0.00 sys=0.00, real=0.00 secs] 
4.072: [CMS-concurrent-sweep-start]
4.072: [CMS-concurrent-sweep: 0.000/0.000 secs] [Times: user=0.00 sys=0.00, real=0.00 secs] 
4.072: [CMS-concurrent-reset-start]
4.074: [CMS-concurrent-reset: 0.002/0.002 secs] [Times: user=0.01 sys=0.00, real=0.00 secs] 
4.110: [GC (Allocation Failure) 4.110: [ParNew: 157066K->157066K(157248K), 0.0000715 secs]4.110: [CMS: 349229K->349539K(349568K), 0.1149617 secs] 506296K->369631K(506816K), [Metaspace: 2526K->2526K(1056768K)], 0.1151634 secs] [Times: user=0.12 sys=0.00, real=0.11 secs] 
4.226: [GC (CMS Initial Mark) [1 CMS-initial-mark: 349539K(349568K)] 370293K(506816K), 0.0014087 secs] [Times: user=0.00 sys=0.00, real=0.00 secs] 
4.227: [CMS-concurrent-mark-start]
4.229: [CMS-concurrent-mark: 0.001/0.001 secs] [Times: user=0.01 sys=0.00, real=0.01 secs] 
4.229: [CMS-concurrent-preclean-start]
4.230: [CMS-concurrent-preclean: 0.001/0.001 secs] [Times: user=0.00 sys=0.00, real=0.00 secs] 
4.230: [CMS-concurrent-abortable-preclean-start]
4.230: [CMS-concurrent-abortable-preclean: 0.000/0.000 secs] [Times: user=0.00 sys=0.00, real=0.00 secs] 
4.230: [GC (CMS Final Remark) [YG occupancy: 30414 K (157248 K)]4.230: [Rescan (parallel) , 0.0008665 secs]4.231: [weak refs processing, 0.0000168 secs]4.231: [class unloading, 0.0003181 secs]4.231: [scrub symbol table, 0.0003293 secs]4.232: [scrub string table, 0.0001686 secs][1 CMS-remark: 349539K(349568K)] 379953K(506816K), 0.0017795 secs] [Times: user=0.01 sys=0.00, real=0.00 secs] 
4.232: [CMS-concurrent-sweep-start]
4.232: [CMS-concurrent-sweep: 0.000/0.000 secs] [Times: user=0.00 sys=0.00, real=0.00 secs] 
4.232: [CMS-concurrent-reset-start]
4.234: [CMS-concurrent-reset: 0.001/0.001 secs] [Times: user=0.00 sys=0.00, real=0.00 secs] 
4.273: [GC (Allocation Failure) 4.273: [ParNew: 157193K->157193K(157248K), 0.0000428 secs]4.273: [CMS: 349350K->349032K(349568K), 0.1112406 secs] 506544K->373156K(506816K), [Metaspace: 2526K->2526K(1056768K)], 0.1113914 secs] [Times: user=0.11 sys=0.00, real=0.11 secs] 
4.385: [GC (CMS Initial Mark) [1 CMS-initial-mark: 349032K(349568K)] 373918K(506816K), 0.0011402 secs] [Times: user=0.00 sys=0.00, real=0.00 secs] 
4.386: [CMS-concurrent-mark-start]
4.387: [CMS-concurrent-mark: 0.001/0.001 secs] [Times: user=0.01 sys=0.00, real=0.00 secs] 
4.387: [CMS-concurrent-preclean-start]
4.389: [CMS-concurrent-preclean: 0.001/0.001 secs] [Times: user=0.00 sys=0.01, real=0.01 secs] 
4.389: [CMS-concurrent-abortable-preclean-start]
4.389: [CMS-concurrent-abortable-preclean: 0.000/0.000 secs] [Times: user=0.00 sys=0.00, real=0.00 secs] 
4.389: [GC (CMS Final Remark) [YG occupancy: 34315 K (157248 K)]4.389: [Rescan (parallel) , 0.0008824 secs]4.390: [weak refs processing, 0.0000164 secs]4.390: [class unloading, 0.0002828 secs]4.390: [scrub symbol table, 0.0003203 secs]4.390: [scrub string table, 0.0001827 secs][1 CMS-remark: 349032K(349568K)] 383347K(506816K), 0.0017571 secs] [Times: user=0.01 sys=0.00, real=0.00 secs] 
4.391: [CMS-concurrent-sweep-start]
4.391: [CMS-concurrent-sweep: 0.000/0.000 secs] [Times: user=0.00 sys=0.00, real=0.00 secs] 
4.391: [CMS-concurrent-reset-start]
4.392: [CMS-concurrent-reset: 0.001/0.001 secs] [Times: user=0.00 sys=0.00, real=0.00 secs] 
4.430: [GC (Allocation Failure) 4.430: [ParNew: 157164K->157164K(157248K), 0.0000306 secs]4.430: [CMS: 348575K->349335K(349568K), 0.1139255 secs] 505740K->366503K(506816K), [Metaspace: 2526K->2526K(1056768K)], 0.1140600 secs] [Times: user=0.11 sys=0.00, real=0.11 secs] 
4.544: [GC (CMS Initial Mark) [1 CMS-initial-mark: 349335K(349568K)] 366626K(506816K), 0.0011668 secs] [Times: user=0.00 sys=0.00, real=0.00 secs] 
4.545: [CMS-concurrent-mark-start]
4.546: [CMS-concurrent-mark: 0.001/0.001 secs] [Times: user=0.01 sys=0.00, real=0.00 secs] 
4.546: [CMS-concurrent-preclean-start]
4.548: [CMS-concurrent-preclean: 0.002/0.002 secs] [Times: user=0.00 sys=0.00, real=0.00 secs] 
4.548: [CMS-concurrent-abortable-preclean-start]
4.548: [CMS-concurrent-abortable-preclean: 0.000/0.000 secs] [Times: user=0.00 sys=0.00, real=0.00 secs] 
4.548: [GC (CMS Final Remark) [YG occupancy: 24266 K (157248 K)]4.548: [Rescan (parallel) , 0.0010600 secs]4.549: [weak refs processing, 0.0000168 secs]4.549: [class unloading, 0.0002749 secs]4.550: [scrub symbol table, 0.0003101 secs]4.550: [scrub string table, 0.0001658 secs][1 CMS-remark: 349335K(349568K)] 373602K(506816K), 0.0019031 secs] [Times: user=0.01 sys=0.00, real=0.00 secs] 
4.550: [CMS-concurrent-sweep-start]
4.551: [CMS-concurrent-sweep: 0.000/0.000 secs] [Times: user=0.00 sys=0.00, real=0.00 secs] 
4.551: [CMS-concurrent-reset-start]
4.552: [CMS-concurrent-reset: 0.001/0.001 secs] [Times: user=0.00 sys=0.00, real=0.00 secs] 
4.590: [GC (Allocation Failure) 4.591: [ParNew: 157128K->157128K(157248K), 0.0000305 secs]4.591: [CMS: 348790K->349552K(349568K), 0.1108972 secs] 505918K->363952K(506816K), [Metaspace: 2526K->2526K(1056768K)], 0.1110240 secs] [Times: user=0.11 sys=0.00, real=0.11 secs] 
4.702: [GC (CMS Initial Mark) [1 CMS-initial-mark: 349552K(349568K)] 364302K(506816K), 0.0014144 secs] [Times: user=0.00 sys=0.00, real=0.00 secs] 
4.703: [CMS-concurrent-mark-start]
4.704: [CMS-concurrent-mark: 0.001/0.001 secs] [Times: user=0.01 sys=0.00, real=0.00 secs] 
4.704: [CMS-concurrent-preclean-start]
4.705: [CMS-concurrent-preclean: 0.001/0.001 secs] [Times: user=0.00 sys=0.00, real=0.00 secs] 
4.705: [CMS-concurrent-abortable-preclean-start]
4.705: [CMS-concurrent-abortable-preclean: 0.000/0.000 secs] [Times: user=0.00 sys=0.00, real=0.00 secs] 
4.706: [GC (CMS Final Remark) [YG occupancy: 24926 K (157248 K)]4.706: [Rescan (parallel) , 0.0014519 secs]4.707: [weak refs processing, 0.0000165 secs]4.707: [class unloading, 0.0003096 secs]4.707: [scrub symbol table, 0.0003110 secs]4.708: [scrub string table, 0.0001667 secs][1 CMS-remark: 349552K(349568K)] 374479K(506816K), 0.0023389 secs] [Times: user=0.01 sys=0.00, real=0.00 secs] 
4.708: [CMS-concurrent-sweep-start]
4.708: [CMS-concurrent-sweep: 0.000/0.000 secs] [Times: user=0.00 sys=0.00, real=0.00 secs] 
4.708: [CMS-concurrent-reset-start]
4.710: [CMS-concurrent-reset: 0.001/0.001 secs] [Times: user=0.01 sys=0.00, real=0.01 secs] 
4.749: [GC (Allocation Failure) 4.749: [ParNew: 156904K->156904K(157248K), 0.0000314 secs]4.750: [CMS: 349471K->349499K(349568K), 0.1131003 secs] 506376K->365615K(506816K), [Metaspace: 2526K->2526K(1056768K)], 0.1132453 secs] [Times: user=0.11 sys=0.00, real=0.11 secs] 
4.863: [GC (CMS Initial Mark) [1 CMS-initial-mark: 349499K(349568K)] 366283K(506816K), 0.0011938 secs] [Times: user=0.00 sys=0.00, real=0.00 secs] 
4.864: [CMS-concurrent-mark-start]
4.866: [CMS-concurrent-mark: 0.001/0.001 secs] [Times: user=0.01 sys=0.00, real=0.00 secs] 
4.866: [CMS-concurrent-preclean-start]
4.868: [CMS-concurrent-preclean: 0.002/0.002 secs] [Times: user=0.00 sys=0.00, real=0.00 secs] 
4.868: [CMS-concurrent-abortable-preclean-start]
4.868: [CMS-concurrent-abortable-preclean: 0.000/0.000 secs] [Times: user=0.00 sys=0.00, real=0.00 secs] 
4.868: [GC (CMS Final Remark) [YG occupancy: 26279 K (157248 K)]4.868: [Rescan (parallel) , 0.0007647 secs]4.869: [weak refs processing, 0.0000157 secs]4.869: [class unloading, 0.0002857 secs]4.869: [scrub symbol table, 0.0003359 secs]4.870: [scrub string table, 0.0001822 secs][1 CMS-remark: 349499K(349568K)] 375779K(506816K), 0.0016744 secs] [Times: user=0.01 sys=0.00, real=0.01 secs] 
4.870: [CMS-concurrent-sweep-start]
4.870: [CMS-concurrent-sweep: 0.000/0.000 secs] [Times: user=0.00 sys=0.00, real=0.00 secs] 
4.870: [CMS-concurrent-reset-start]
4.872: [CMS-concurrent-reset: 0.001/0.001 secs] [Times: user=0.00 sys=0.00, real=0.00 secs] 
4.910: [GC (Allocation Failure) 4.910: [ParNew: 156943K->156943K(157248K), 0.0000578 secs]4.911: [CMS: 349092K->349386K(349568K), 0.1087858 secs] 506036K->369674K(506816K), [Metaspace: 2526K->2526K(1056768K)], 0.1090015 secs] [Times: user=0.11 sys=0.00, real=0.11 secs] 
5.020: [GC (CMS Initial Mark) [1 CMS-initial-mark: 349386K(349568K)] 370380K(506816K), 0.0014752 secs] [Times: user=0.00 sys=0.00, real=0.00 secs] 
5.021: [CMS-concurrent-mark-start]
5.022: [CMS-concurrent-mark: 0.001/0.001 secs] [Times: user=0.01 sys=0.00, real=0.00 secs] 
5.022: [CMS-concurrent-preclean-start]
5.023: [CMS-concurrent-preclean: 0.001/0.001 secs] [Times: user=0.00 sys=0.00, real=0.00 secs] 
5.023: [CMS-concurrent-abortable-preclean-start]
5.023: [CMS-concurrent-abortable-preclean: 0.000/0.000 secs] [Times: user=0.00 sys=0.00, real=0.00 secs] 
5.024: [GC (CMS Final Remark) [YG occupancy: 29932 K (157248 K)]5.024: [Rescan (parallel) , 0.0012203 secs]5.025: [weak refs processing, 0.0000167 secs]5.025: [class unloading, 0.0002690 secs]5.025: [scrub symbol table, 0.0003254 secs]5.025: [scrub string table, 0.0001747 secs][1 CMS-remark: 349386K(349568K)] 379319K(506816K), 0.0020867 secs] [Times: user=0.00 sys=0.01, real=0.00 secs] 
5.026: [CMS-concurrent-sweep-start]
5.026: [CMS-concurrent-sweep: 0.000/0.000 secs] [Times: user=0.01 sys=0.00, real=0.00 secs] 
5.026: [CMS-concurrent-reset-start]
5.027: [CMS-concurrent-reset: 0.001/0.001 secs] [Times: user=0.00 sys=0.00, real=0.00 secs] 
5.066: [GC (Allocation Failure) 5.066: [ParNew: 157006K->157006K(157248K), 0.0000323 secs]5.066: [CMS: 349159K->349537K(349568K), 0.1302557 secs] 506165K->368226K(506816K), [Metaspace: 2526K->2526K(1056768K)], 0.1303686 secs] [Times: user=0.12 sys=0.01, real=0.13 secs] 
5.196: [GC (CMS Initial Mark) [1 CMS-initial-mark: 349537K(349568K)] 368808K(506816K), 0.0009920 secs] [Times: user=0.00 sys=0.00, real=0.00 secs] 
5.197: [CMS-concurrent-mark-start]
执行结束。共生成对象次数:19634
Heap
 par new generation   total 157248K, used 24814K [0x00000000e0000000, 0x00000000eaaa0000, 0x00000000eaaa0000)
  eden space 139776K,  17% used [0x00000000e0000000, 0x00000000e183bbe8, 0x00000000e8880000)
  from space 17472K,   0% used [0x00000000e9990000, 0x00000000e9990000, 0x00000000eaaa0000)
  to   space 17472K,   0% used [0x00000000e8880000, 0x00000000e8880000, 0x00000000e9990000)
 concurrent mark-sweep generation total 349568K, used 349537K [0x00000000eaaa0000, 0x0000000100000000, 0x0000000100000000)
 Metaspace       used 2533K, capacity 4486K, committed 4864K, reserved 1056768K
  class space    used 273K, capacity 386K, committed 512K, reserved 1048576K
开始执行.......
0.215: [GC (Allocation Failure) 0.215: [ParNew: 139595K->17470K(157248K), 0.0118261 secs] 139595K->45652K(506816K), 0.0120279 secs] [Times: user=0.09 sys=0.08, real=0.01 secs] 
0.274: [GC (Allocation Failure) 0.274: [ParNew: 157246K->17472K(157248K), 0.0152278 secs] 185428K->88644K(506816K), 0.0153375 secs] [Times: user=0.12 sys=0.10, real=0.02 secs] 
0.332: [GC (Allocation Failure) 0.332: [ParNew: 157248K->17470K(157248K), 0.0320050 secs] 228420K->134228K(506816K), 0.0320652 secs] [Times: user=0.52 sys=0.02, real=0.03 secs] 
0.405: [GC (Allocation Failure) 0.405: [ParNew: 157246K->17471K(157248K), 0.0390091 secs] 274004K->182437K(506816K), 0.0390896 secs] [Times: user=0.65 sys=0.04, real=0.04 secs] 
0.484: [GC (Allocation Failure) 0.484: [ParNew: 157247K->17471K(157248K), 0.0360775 secs] 322213K->225156K(506816K), 0.0361369 secs] [Times: user=0.61 sys=0.02, real=0.04 secs] 
0.521: [GC (CMS Initial Mark) [1 CMS-initial-mark: 207685K(349568K)] 225908K(506816K), 0.0005571 secs] [Times: user=0.01 sys=0.00, real=0.00 secs] 
0.521: [CMS-concurrent-mark-start]
0.525: [CMS-concurrent-mark: 0.004/0.004 secs] [Times: user=0.01 sys=0.01, real=0.00 secs] 
0.525: [CMS-concurrent-preclean-start]
0.526: [CMS-concurrent-preclean: 0.001/0.001 secs] [Times: user=0.00 sys=0.00, real=0.00 secs] 
0.526: [CMS-concurrent-abortable-preclean-start]
0.562: [GC (Allocation Failure) 0.562: [ParNew: 156890K->17471K(157248K), 0.0365195 secs] 364576K->275738K(506816K), 0.0365669 secs] [Times: user=0.62 sys=0.03, real=0.04 secs] 
0.640: [GC (Allocation Failure) 0.640: [ParNew: 157247K->17470K(157248K), 0.0512669 secs] 415514K->322762K(506816K), 0.0513555 secs] [Times: user=0.87 sys=0.03, real=0.05 secs] 
0.734: [GC (Allocation Failure) 0.734: [ParNew: 157246K->157246K(157248K), 0.0000646 secs]0.734: [CMS0.734: [CMS-concurrent-abortable-preclean: 0.004/0.208 secs] [Times: user=1.62 sys=0.06, real=0.21 secs] 
 (concurrent mode failure): 305291K->261144K(349568K), 0.1092608 secs] 462538K->261144K(506816K), [Metaspace: 2526K->2526K(1056768K)], 0.1094519 secs] [Times: user=0.10 sys=0.01, real=0.11 secs] 
0.906: [GC (Allocation Failure) 0.906: [ParNew: 139776K->17471K(157248K), 0.0125913 secs] 400920K->301963K(506816K), 0.0126744 secs] [Times: user=0.21 sys=0.00, real=0.02 secs] 
0.919: [GC (CMS Initial Mark) [1 CMS-initial-mark: 284492K(349568K)] 302551K(506816K), 0.0005865 secs] [Times: user=0.00 sys=0.00, real=0.00 secs] 
0.920: [CMS-concurrent-mark-start]
0.921: [CMS-concurrent-mark: 0.001/0.001 secs] [Times: user=0.01 sys=0.00, real=0.00 secs] 
0.921: [CMS-concurrent-preclean-start]
0.922: [CMS-concurrent-preclean: 0.001/0.001 secs] [Times: user=0.00 sys=0.00, real=0.00 secs] 
0.922: [CMS-concurrent-abortable-preclean-start]
0.961: [GC (Allocation Failure) 0.961: [ParNew: 157247K->17469K(157248K), 0.0232952 secs] 441739K->353717K(506816K), 0.0234073 secs] [Times: user=0.39 sys=0.02, real=0.02 secs] 
0.984: [CMS-concurrent-abortable-preclean: 0.001/0.062 secs] [Times: user=0.43 sys=0.02, real=0.06 secs] 
0.984: [GC (CMS Final Remark) [YG occupancy: 17653 K (157248 K)]0.984: [Rescan (parallel) , 0.0007140 secs]0.985: [weak refs processing, 0.0000153 secs]0.985: [class unloading, 0.0003263 secs]0.985: [scrub symbol table, 0.0005333 secs]0.986: [scrub string table, 0.0001951 secs][1 CMS-remark: 336248K(349568K)] 353902K(506816K), 0.0018589 secs] [Times: user=0.01 sys=0.00, real=0.00 secs] 
0.986: [CMS-concurrent-sweep-start]
0.987: [CMS-concurrent-sweep: 0.001/0.001 secs] [Times: user=0.00 sys=0.00, real=0.00 secs] 
0.987: [CMS-concurrent-reset-start]
0.988: [CMS-concurrent-reset: 0.001/0.001 secs] [Times: user=0.00 sys=0.00, real=0.00 secs] 
1.027: [GC (Allocation Failure) 1.027: [ParNew: 157245K->157245K(157248K), 0.0000553 secs]1.027: [CMS: 302390K->296382K(349568K), 0.1124896 secs] 459635K->296382K(506816K), [Metaspace: 2526K->2526K(1056768K)], 0.1126836 secs] [Times: user=0.11 sys=0.00, real=0.12 secs] 
1.140: [GC (CMS Initial Mark) [1 CMS-initial-mark: 296382K(349568K)] 296637K(506816K), 0.0017003 secs] [Times: user=0.00 sys=0.00, real=0.00 secs] 
1.142: [CMS-concurrent-mark-start]
1.143: [CMS-concurrent-mark: 0.001/0.001 secs] [Times: user=0.01 sys=0.00, real=0.00 secs] 
1.143: [CMS-concurrent-preclean-start]
1.145: [CMS-concurrent-preclean: 0.001/0.001 secs] [Times: user=0.00 sys=0.00, real=0.00 secs] 
1.145: [CMS-concurrent-abortable-preclean-start]
1.205: [GC (Allocation Failure) 1.205: [ParNew: 139776K->17471K(157248K), 0.0144207 secs] 436158K->340921K(506816K), 0.0145087 secs] [Times: user=0.24 sys=0.00, real=0.02 secs] 
1.265: [GC (Allocation Failure) 1.265: [ParNew: 157247K->157247K(157248K), 0.0000542 secs]1.265: [CMS1.265: [CMS-concurrent-abortable-preclean: 0.004/0.120 secs] [Times: user=0.35 sys=0.00, real=0.12 secs] 
 (concurrent mode failure): 323450K->313284K(349568K), 0.1120450 secs] 480697K->313284K(506816K), [Metaspace: 2526K->2526K(1056768K)], 0.1122412 secs] [Times: user=0.12 sys=0.00, real=0.11 secs] 
1.438: [GC (Allocation Failure) 1.438: [ParNew: 139776K->17468K(157248K), 0.0177188 secs] 453060K->360344K(506816K), 0.0178025 secs] [Times: user=0.30 sys=0.00, real=0.02 secs] 
1.456: [GC (CMS Initial Mark) [1 CMS-initial-mark: 342876K(349568K)] 360475K(506816K), 0.0009295 secs] [Times: user=0.00 sys=0.00, real=0.00 secs] 
1.457: [CMS-concurrent-mark-start]
1.458: [CMS-concurrent-mark: 0.001/0.001 secs] [Times: user=0.00 sys=0.00, real=0.00 secs] 
1.458: [CMS-concurrent-preclean-start]
1.459: [CMS-concurrent-preclean: 0.001/0.001 secs] [Times: user=0.01 sys=0.00, real=0.01 secs] 
1.459: [CMS-concurrent-abortable-preclean-start]
1.459: [CMS-concurrent-abortable-preclean: 0.000/0.000 secs] [Times: user=0.00 sys=0.00, real=0.00 secs] 
1.460: [GC (CMS Final Remark) [YG occupancy: 26976 K (157248 K)]1.460: [Rescan (parallel) , 0.0006441 secs]1.460: [weak refs processing, 0.0000246 secs]1.460: [class unloading, 0.0003530 secs]1.461: [scrub symbol table, 0.0005811 secs]1.461: [scrub string table, 0.0002721 secs][1 CMS-remark: 342876K(349568K)] 369852K(506816K), 0.0019888 secs] [Times: user=0.00 sys=0.00, real=0.00 secs] 
1.462: [CMS-concurrent-sweep-start]
1.462: [CMS-concurrent-sweep: 0.001/0.001 secs] [Times: user=0.00 sys=0.00, real=0.00 secs] 
1.462: [CMS-concurrent-reset-start]
1.463: [CMS-concurrent-reset: 0.001/0.001 secs] [Times: user=0.00 sys=0.00, real=0.00 secs] 
1.501: [GC (Allocation Failure) 1.501: [ParNew (promotion failed): 157244K->157247K(157248K), 0.0228549 secs]1.524: [CMS: 347871K->330425K(349568K), 0.1013070 secs] 460754K->330425K(506816K), [Metaspace: 2526K->2526K(1056768K)], 0.1242942 secs] [Times: user=0.48 sys=0.01, real=0.12 secs] 
1.626: [GC (CMS Initial Mark) [1 CMS-initial-mark: 330425K(349568K)] 330696K(506816K), 0.0013314 secs] [Times: user=0.00 sys=0.00, real=0.00 secs] 
1.627: [CMS-concurrent-mark-start]
1.629: [CMS-concurrent-mark: 0.001/0.001 secs] [Times: user=0.00 sys=0.00, real=0.00 secs] 
1.629: [CMS-concurrent-preclean-start]
1.630: [CMS-concurrent-preclean: 0.002/0.002 secs] [Times: user=0.01 sys=0.00, real=0.01 secs] 
1.630: [CMS-concurrent-abortable-preclean-start]
1.691: [GC (Allocation Failure) 1.691: [ParNew: 139776K->139776K(157248K), 0.0000538 secs]1.691: [CMS1.691: [CMS-concurrent-abortable-preclean: 0.002/0.061 secs] [Times: user=0.06 sys=0.00, real=0.06 secs] 
 (concurrent mode failure): 330425K->340100K(349568K), 0.1179089 secs] 470201K->340100K(506816K), [Metaspace: 2526K->2526K(1056768K)], 0.1180815 secs] [Times: user=0.12 sys=0.00, real=0.12 secs] 
1.873: [GC (Allocation Failure) 1.873: [ParNew: 139776K->139776K(157248K), 0.0000604 secs]1.873: [CMS: 340100K->337634K(349568K), 0.1174703 secs] 479876K->337634K(506816K), [Metaspace: 2526K->2526K(1056768K)], 0.1176632 secs] [Times: user=0.12 sys=0.00, real=0.12 secs] 
1.991: [GC (CMS Initial Mark) [1 CMS-initial-mark: 337634K(349568K)] 337922K(506816K), 0.0009044 secs] [Times: user=0.00 sys=0.00, real=0.00 secs] 
1.991: [CMS-concurrent-mark-start]
1.993: [CMS-concurrent-mark: 0.001/0.001 secs] [Times: user=0.01 sys=0.00, real=0.00 secs] 
1.993: [CMS-concurrent-preclean-start]
1.995: [CMS-concurrent-preclean: 0.002/0.002 secs] [Times: user=0.00 sys=0.00, real=0.00 secs] 
1.995: [CMS-concurrent-abortable-preclean-start]
2.096: [CMS-concurrent-abortable-preclean: 0.002/0.102 secs] [Times: user=0.06 sys=0.04, real=0.10 secs] 
2.097: [GC (CMS Final Remark) [YG occupancy: 134355 K (157248 K)]2.097: [Rescan (parallel) , 0.0015992 secs]2.098: [weak refs processing, 0.0000429 secs]2.098: [class unloading, 0.0004995 secs]2.099: [scrub symbol table, 0.0007275 secs]2.100: [scrub string table, 0.0004296 secs][1 CMS-remark: 337634K(349568K)] 471990K(506816K), 0.0034752 secs] [Times: user=0.02 sys=0.01, real=0.01 secs] 
2.100: [CMS-concurrent-sweep-start]
2.105: [CMS-concurrent-sweep: 0.005/0.005 secs] [Times: user=0.00 sys=0.00, real=0.00 secs] 
2.105: [CMS-concurrent-reset-start]
2.106: [GC (Allocation Failure) 2.106: [ParNew: 139776K->139776K(157248K), 0.0000652 secs]2.106: [CMS2.107: [CMS-concurrent-reset: 0.001/0.001 secs] [Times: user=0.00 sys=0.00, real=0.00 secs] 
: 337490K->342239K(349568K), 0.2004748 secs] 477266K->342239K(506816K), [Metaspace: 2526K->2526K(1056768K)], 0.2006471 secs] [Times: user=0.12 sys=0.08, real=0.20 secs] 
2.384: [GC (Allocation Failure) 2.384: [ParNew: 139776K->139776K(157248K), 0.0000532 secs]2.384: [CMS: 342239K->349515K(349568K), 0.1357992 secs] 482015K->349515K(506816K), [Metaspace: 2526K->2526K(1056768K)], 0.1359671 secs] [Times: user=0.11 sys=0.03, real=0.14 secs] 
2.520: [GC (CMS Initial Mark) [1 CMS-initial-mark: 349515K(349568K)] 349913K(506816K), 0.0015095 secs] [Times: user=0.00 sys=0.00, real=0.00 secs] 
2.522: [CMS-concurrent-mark-start]
2.525: [CMS-concurrent-mark: 0.003/0.003 secs] [Times: user=0.01 sys=0.01, real=0.00 secs] 
2.525: [CMS-concurrent-preclean-start]
2.527: [CMS-concurrent-preclean: 0.001/0.001 secs] [Times: user=0.00 sys=0.00, real=0.00 secs] 
2.527: [CMS-concurrent-abortable-preclean-start]
2.527: [CMS-concurrent-abortable-preclean: 0.000/0.000 secs] [Times: user=0.00 sys=0.00, real=0.00 secs] 
2.527: [GC (CMS Final Remark) [YG occupancy: 8083 K (157248 K)]2.527: [Rescan (parallel) , 0.0009879 secs]2.528: [weak refs processing, 0.0000189 secs]2.528: [class unloading, 0.0003732 secs]2.528: [scrub symbol table, 0.0005163 secs]2.529: [scrub string table, 0.0001929 secs][1 CMS-remark: 349515K(349568K)] 357598K(506816K), 0.0021678 secs] [Times: user=0.01 sys=0.00, real=0.01 secs] 
2.529: [CMS-concurrent-sweep-start]
2.530: [CMS-concurrent-sweep: 0.000/0.000 secs] [Times: user=0.00 sys=0.00, real=0.00 secs] 
2.530: [CMS-concurrent-reset-start]
2.531: [CMS-concurrent-reset: 0.001/0.001 secs] [Times: user=0.00 sys=0.00, real=0.00 secs] 
2.598: [GC (Allocation Failure) 2.599: [ParNew: 139776K->139776K(157248K), 0.0000652 secs]2.599: [CMS: 349450K->349547K(349568K), 0.2725709 secs] 489226K->350381K(506816K), [Metaspace: 2526K->2526K(1056768K)], 0.2727552 secs] [Times: user=0.12 sys=0.15, real=0.28 secs] 
2.872: [GC (CMS Initial Mark) [1 CMS-initial-mark: 349547K(349568K)] 350454K(506816K), 0.0014387 secs] [Times: user=0.00 sys=0.00, real=0.00 secs] 
2.873: [CMS-concurrent-mark-start]
2.874: [CMS-concurrent-mark: 0.001/0.001 secs] [Times: user=0.01 sys=0.00, real=0.00 secs] 
2.874: [CMS-concurrent-preclean-start]
2.877: [CMS-concurrent-preclean: 0.002/0.002 secs] [Times: user=0.01 sys=0.00, real=0.00 secs] 
2.877: [CMS-concurrent-abortable-preclean-start]
2.877: [CMS-concurrent-abortable-preclean: 0.000/0.000 secs] [Times: user=0.00 sys=0.00, real=0.00 secs] 
2.877: [GC (CMS Final Remark) [YG occupancy: 9395 K (157248 K)]2.877: [Rescan (parallel) , 0.0009962 secs]2.878: [weak refs processing, 0.0000180 secs]2.878: [class unloading, 0.0003405 secs]2.878: [scrub symbol table, 0.0005063 secs]2.879: [scrub string table, 0.0001907 secs][1 CMS-remark: 349547K(349568K)] 358942K(506816K), 0.0021436 secs] [Times: user=0.00 sys=0.00, real=0.01 secs] 
2.879: [CMS-concurrent-sweep-start]
2.880: [CMS-concurrent-sweep: 0.000/0.000 secs] [Times: user=0.00 sys=0.00, real=0.00 secs] 
2.880: [CMS-concurrent-reset-start]
2.881: [CMS-concurrent-reset: 0.001/0.001 secs] [Times: user=0.01 sys=0.00, real=0.00 secs] 
2.963: [GC (Allocation Failure) 2.963: [ParNew: 157055K->157055K(157248K), 0.0000591 secs]2.963: [CMS: 349265K->349412K(349568K), 0.1194193 secs] 506321K->355790K(506816K), [Metaspace: 2526K->2526K(1056768K)], 0.1196279 secs] [Times: user=0.12 sys=0.00, real=0.12 secs] 
3.083: [GC (CMS Initial Mark) [1 CMS-initial-mark: 349412K(349568K)] 356051K(506816K), 0.0014736 secs] [Times: user=0.00 sys=0.00, real=0.00 secs] 
3.085: [CMS-concurrent-mark-start]
3.086: [CMS-concurrent-mark: 0.001/0.001 secs] [Times: user=0.01 sys=0.00, real=0.00 secs] 
3.086: [CMS-concurrent-preclean-start]
3.088: [CMS-concurrent-preclean: 0.002/0.002 secs] [Times: user=0.00 sys=0.00, real=0.00 secs] 
3.088: [CMS-concurrent-abortable-preclean-start]
3.088: [CMS-concurrent-abortable-preclean: 0.000/0.000 secs] [Times: user=0.00 sys=0.00, real=0.00 secs] 
3.089: [GC (CMS Final Remark) [YG occupancy: 14287 K (157248 K)]3.089: [Rescan (parallel) , 0.0035833 secs]3.092: [weak refs processing, 0.0000183 secs]3.092: [class unloading, 0.0003751 secs]3.093: [scrub symbol table, 0.0005569 secs]3.093: [scrub string table, 0.0002339 secs][1 CMS-remark: 349412K(349568K)] 363700K(506816K), 0.0048661 secs] [Times: user=0.05 sys=0.00, real=0.01 secs] 
3.094: [CMS-concurrent-sweep-start]
3.094: [CMS-concurrent-sweep: 0.000/0.000 secs] [Times: user=0.00 sys=0.00, real=0.00 secs] 
3.094: [CMS-concurrent-reset-start]
3.094: [CMS-concurrent-reset: 0.000/0.000 secs] [Times: user=0.01 sys=0.00, real=0.00 secs] 
3.160: [GC (Allocation Failure) 3.160: [ParNew: 157175K->157175K(157248K), 0.0000640 secs]3.160: [CMS: 349412K->349421K(349568K), 0.1250315 secs] 506587K->363379K(506816K), [Metaspace: 2526K->2526K(1056768K)], 0.1252654 secs] [Times: user=0.12 sys=0.01, real=0.12 secs] 
3.286: [GC (CMS Initial Mark) [1 CMS-initial-mark: 349421K(349568K)] 363458K(506816K), 0.0029590 secs] [Times: user=0.00 sys=0.00, real=0.00 secs] 
3.289: [CMS-concurrent-mark-start]
3.291: [CMS-concurrent-mark: 0.002/0.002 secs] [Times: user=0.01 sys=0.01, real=0.01 secs] 
3.291: [CMS-concurrent-preclean-start]
3.292: [CMS-concurrent-preclean: 0.001/0.001 secs] [Times: user=0.00 sys=0.00, real=0.00 secs] 
3.292: [CMS-concurrent-abortable-preclean-start]
3.292: [CMS-concurrent-abortable-preclean: 0.000/0.000 secs] [Times: user=0.00 sys=0.00, real=0.00 secs] 
3.292: [GC (CMS Final Remark) [YG occupancy: 17632 K (157248 K)]3.292: [Rescan (parallel) , 0.0007902 secs]3.293: [weak refs processing, 0.0000219 secs]3.293: [class unloading, 0.0032773 secs]3.296: [scrub symbol table, 0.0014317 secs]3.298: [scrub string table, 0.0008282 secs][1 CMS-remark: 349421K(349568K)] 367053K(506816K), 0.0064534 secs] [Times: user=0.01 sys=0.00, real=0.01 secs] 
3.299: [CMS-concurrent-sweep-start]
3.299: [CMS-concurrent-sweep: 0.000/0.000 secs] [Times: user=0.00 sys=0.00, real=0.00 secs] 
3.299: [CMS-concurrent-reset-start]
3.300: [CMS-concurrent-reset: 0.001/0.001 secs] [Times: user=0.00 sys=0.00, real=0.00 secs] 
3.361: [GC (Allocation Failure) 3.361: [ParNew: 157195K->157195K(157248K), 0.0000648 secs]3.361: [CMS: 349278K->349280K(349568K), 0.1262146 secs] 506473K->373815K(506816K), [Metaspace: 2526K->2526K(1056768K)], 0.1264088 secs] [Times: user=0.13 sys=0.00, real=0.12 secs] 
3.488: [GC (CMS Initial Mark) [1 CMS-initial-mark: 349280K(349568K)] 373960K(506816K), 0.0016208 secs] [Times: user=0.00 sys=0.00, real=0.01 secs] 
3.489: [CMS-concurrent-mark-start]
3.490: [CMS-concurrent-mark: 0.001/0.001 secs] [Times: user=0.01 sys=0.00, real=0.00 secs] 
3.490: [CMS-concurrent-preclean-start]
3.492: [CMS-concurrent-preclean: 0.002/0.002 secs] [Times: user=0.00 sys=0.00, real=0.00 secs] 
3.492: [CMS-concurrent-abortable-preclean-start]
3.492: [CMS-concurrent-abortable-preclean: 0.000/0.000 secs] [Times: user=0.00 sys=0.00, real=0.00 secs] 
3.493: [GC (CMS Final Remark) [YG occupancy: 32243 K (157248 K)]3.493: [Rescan (parallel) , 0.0007370 secs]3.494: [weak refs processing, 0.0000180 secs]3.494: [class unloading, 0.0002429 secs]3.494: [scrub symbol table, 0.0003416 secs]3.494: [scrub string table, 0.0001889 secs][1 CMS-remark: 349280K(349568K)] 381524K(506816K), 0.0016351 secs] [Times: user=0.01 sys=0.00, real=0.00 secs] 
3.495: [CMS-concurrent-sweep-start]
3.495: [CMS-concurrent-sweep: 0.000/0.000 secs] [Times: user=0.00 sys=0.00, real=0.00 secs] 
3.495: [CMS-concurrent-reset-start]
3.496: [CMS-concurrent-reset: 0.001/0.001 secs] [Times: user=0.00 sys=0.00, real=0.00 secs] 
3.558: [GC (Allocation Failure) 3.558: [ParNew: 157051K->157051K(157248K), 0.0000650 secs]3.558: [CMS: 349280K->349317K(349568K), 0.1234863 secs] 506332K->369573K(506816K), [Metaspace: 2526K->2526K(1056768K)], 0.1236884 secs] [Times: user=0.13 sys=0.00, real=0.13 secs] 
3.682: [GC (CMS Initial Mark) [1 CMS-initial-mark: 349317K(349568K)] 369815K(506816K), 0.0019287 secs] [Times: user=0.00 sys=0.00, real=0.00 secs] 
3.684: [CMS-concurrent-mark-start]
3.687: [CMS-concurrent-mark: 0.002/0.002 secs] [Times: user=0.01 sys=0.00, real=0.00 secs] 
3.687: [CMS-concurrent-preclean-start]
3.689: [CMS-concurrent-preclean: 0.002/0.002 secs] [Times: user=0.01 sys=0.00, real=0.01 secs] 
3.689: [CMS-concurrent-abortable-preclean-start]
3.689: [CMS-concurrent-abortable-preclean: 0.000/0.000 secs] [Times: user=0.00 sys=0.00, real=0.00 secs] 
3.689: [GC (CMS Final Remark) [YG occupancy: 31532 K (157248 K)]3.689: [Rescan (parallel) , 0.0006799 secs]3.690: [weak refs processing, 0.0000171 secs]3.690: [class unloading, 0.0002356 secs]3.690: [scrub symbol table, 0.0003500 secs]3.691: [scrub string table, 0.0001958 secs][1 CMS-remark: 349317K(349568K)] 380849K(506816K), 0.0015636 secs] [Times: user=0.00 sys=0.00, real=0.00 secs] 
3.691: [CMS-concurrent-sweep-start]
3.691: [CMS-concurrent-sweep: 0.000/0.000 secs] [Times: user=0.00 sys=0.00, real=0.00 secs] 
3.691: [CMS-concurrent-reset-start]
3.692: [CMS-concurrent-reset: 0.001/0.001 secs] [Times: user=0.01 sys=0.00, real=0.00 secs] 
3.749: [GC (Allocation Failure) 3.749: [ParNew: 157186K->157186K(157248K), 0.0000567 secs]3.749: [CMS: 349229K->349147K(349568K), 0.1250011 secs] 506416K->371040K(506816K), [Metaspace: 2526K->2526K(1056768K)], 0.1251867 secs] [Times: user=0.13 sys=0.00, real=0.13 secs] 
3.874: [GC (CMS Initial Mark) [1 CMS-initial-mark: 349147K(349568K)] 371185K(506816K), 0.0016815 secs] [Times: user=0.00 sys=0.00, real=0.00 secs] 
3.876: [CMS-concurrent-mark-start]
3.877: [CMS-concurrent-mark: 0.001/0.001 secs] [Times: user=0.00 sys=0.01, real=0.00 secs] 
3.877: [CMS-concurrent-preclean-start]
3.879: [CMS-concurrent-preclean: 0.002/0.002 secs] [Times: user=0.01 sys=0.00, real=0.01 secs] 
3.879: [CMS-concurrent-abortable-preclean-start]
3.879: [CMS-concurrent-abortable-preclean: 0.000/0.000 secs] [Times: user=0.00 sys=0.00, real=0.00 secs] 
3.879: [GC (CMS Final Remark) [YG occupancy: 28263 K (157248 K)]3.879: [Rescan (parallel) , 0.0009110 secs]3.880: [weak refs processing, 0.0000184 secs]3.880: [class unloading, 0.0002496 secs]3.880: [scrub symbol table, 0.0003415 secs]3.881: [scrub string table, 0.0001983 secs][1 CMS-remark: 349147K(349568K)] 377410K(506816K), 0.0018083 secs] [Times: user=0.00 sys=0.00, real=0.00 secs] 
3.881: [CMS-concurrent-sweep-start]
3.881: [CMS-concurrent-sweep: 0.000/0.000 secs] [Times: user=0.01 sys=0.00, real=0.00 secs] 
3.882: [CMS-concurrent-reset-start]
3.882: [CMS-concurrent-reset: 0.001/0.001 secs] [Times: user=0.00 sys=0.00, real=0.00 secs] 
3.946: [GC (Allocation Failure) 3.946: [ParNew: 157040K->157040K(157248K), 0.0000574 secs]3.946: [CMS: 349147K->349540K(349568K), 0.1272039 secs] 506187K->361696K(506816K), [Metaspace: 2526K->2526K(1056768K)], 0.1273924 secs] [Times: user=0.13 sys=0.00, real=0.13 secs] 
4.074: [GC (CMS Initial Mark) [1 CMS-initial-mark: 349540K(349568K)] 361975K(506816K), 0.0017111 secs] [Times: user=0.00 sys=0.00, real=0.00 secs] 
4.076: [CMS-concurrent-mark-start]
4.077: [CMS-concurrent-mark: 0.001/0.001 secs] [Times: user=0.01 sys=0.00, real=0.00 secs] 
4.077: [CMS-concurrent-preclean-start]
4.079: [CMS-concurrent-preclean: 0.002/0.002 secs] [Times: user=0.00 sys=0.00, real=0.01 secs] 
4.080: [CMS-concurrent-abortable-preclean-start]
4.080: [CMS-concurrent-abortable-preclean: 0.000/0.000 secs] [Times: user=0.00 sys=0.00, real=0.00 secs] 
4.080: [GC (CMS Final Remark) [YG occupancy: 18535 K (157248 K)]4.080: [Rescan (parallel) , 0.0010763 secs]4.081: [weak refs processing, 0.0000245 secs]4.081: [class unloading, 0.0003167 secs]4.081: [scrub symbol table, 0.0004241 secs]4.082: [scrub string table, 0.0002737 secs][1 CMS-remark: 349540K(349568K)] 368075K(506816K), 0.0022401 secs] [Times: user=0.01 sys=0.00, real=0.00 secs] 
4.082: [CMS-concurrent-sweep-start]
4.083: [CMS-concurrent-sweep: 0.000/0.000 secs] [Times: user=0.00 sys=0.00, real=0.00 secs] 
4.083: [CMS-concurrent-reset-start]
4.084: [CMS-concurrent-reset: 0.001/0.001 secs] [Times: user=0.00 sys=0.00, real=0.00 secs] 
4.145: [GC (Allocation Failure) 4.145: [ParNew: 157235K->157235K(157248K), 0.0000864 secs]4.145: [CMS: 349523K->349326K(349568K), 0.1233517 secs] 506759K->367166K(506816K), [Metaspace: 2526K->2526K(1056768K)], 0.1235702 secs] [Times: user=0.13 sys=0.00, real=0.12 secs] 
4.269: [GC (CMS Initial Mark) [1 CMS-initial-mark: 349326K(349568K)] 369965K(506816K), 0.0017721 secs] [Times: user=0.00 sys=0.00, real=0.01 secs] 
4.270: [CMS-concurrent-mark-start]
4.271: [CMS-concurrent-mark: 0.001/0.001 secs] [Times: user=0.00 sys=0.00, real=0.00 secs] 
4.271: [CMS-concurrent-preclean-start]
4.273: [CMS-concurrent-preclean: 0.002/0.002 secs] [Times: user=0.01 sys=0.00, real=0.00 secs] 
4.273: [CMS-concurrent-abortable-preclean-start]
4.273: [CMS-concurrent-abortable-preclean: 0.000/0.000 secs] [Times: user=0.00 sys=0.00, real=0.00 secs] 
4.274: [GC (CMS Final Remark) [YG occupancy: 23563 K (157248 K)]4.274: [Rescan (parallel) , 0.0008981 secs]4.275: [weak refs processing, 0.0000203 secs]4.275: [class unloading, 0.0002658 secs]4.275: [scrub symbol table, 0.0003351 secs]4.275: [scrub string table, 0.0001966 secs][1 CMS-remark: 349326K(349568K)] 372890K(506816K), 0.0018034 secs] [Times: user=0.00 sys=0.00, real=0.00 secs] 
4.276: [CMS-concurrent-sweep-start]
4.276: [CMS-concurrent-sweep: 0.000/0.000 secs] [Times: user=0.00 sys=0.00, real=0.00 secs] 
4.276: [CMS-concurrent-reset-start]
4.277: [CMS-concurrent-reset: 0.001/0.001 secs] [Times: user=0.01 sys=0.00, real=0.00 secs] 
4.338: [GC (Allocation Failure) 4.338: [ParNew: 157049K->157049K(157248K), 0.0000576 secs]4.338: [CMS: 349326K->349056K(349568K), 0.1222372 secs] 506376K->363110K(506816K), [Metaspace: 2526K->2526K(1056768K)], 0.1224141 secs] [Times: user=0.12 sys=0.00, real=0.13 secs] 
4.460: [GC (CMS Initial Mark) [1 CMS-initial-mark: 349056K(349568K)] 363452K(506816K), 0.0016123 secs] [Times: user=0.00 sys=0.00, real=0.00 secs] 
4.462: [CMS-concurrent-mark-start]
4.463: [CMS-concurrent-mark: 0.001/0.001 secs] [Times: user=0.01 sys=0.00, real=0.00 secs] 
4.463: [CMS-concurrent-preclean-start]
4.465: [CMS-concurrent-preclean: 0.002/0.002 secs] [Times: user=0.00 sys=0.00, real=0.00 secs] 
4.465: [CMS-concurrent-abortable-preclean-start]
4.465: [CMS-concurrent-abortable-preclean: 0.000/0.000 secs] [Times: user=0.00 sys=0.00, real=0.00 secs] 
4.465: [GC (CMS Final Remark) [YG occupancy: 21925 K (157248 K)]4.465: [Rescan (parallel) , 0.0009353 secs]4.466: [weak refs processing, 0.0000208 secs]4.466: [class unloading, 0.0002691 secs]4.467: [scrub symbol table, 0.0003423 secs]4.467: [scrub string table, 0.0001992 secs][1 CMS-remark: 349056K(349568K)] 370981K(506816K), 0.0018586 secs] [Times: user=0.01 sys=0.00, real=0.00 secs] 
4.467: [CMS-concurrent-sweep-start]
4.468: [CMS-concurrent-sweep: 0.000/0.000 secs] [Times: user=0.00 sys=0.00, real=0.00 secs] 
4.468: [CMS-concurrent-reset-start]
4.469: [CMS-concurrent-reset: 0.001/0.001 secs] [Times: user=0.00 sys=0.00, real=0.00 secs] 
4.535: [GC (Allocation Failure) 4.535: [ParNew: 157135K->157135K(157248K), 0.0000815 secs]4.535: [CMS: 349016K->349503K(349568K), 0.1158069 secs] 506151K->362843K(506816K), [Metaspace: 2526K->2526K(1056768K)], 0.1160106 secs] [Times: user=0.11 sys=0.00, real=0.12 secs] 
4.651: [GC (CMS Initial Mark) [1 CMS-initial-mark: 349503K(349568K)] 363253K(506816K), 0.0005300 secs] [Times: user=0.00 sys=0.00, real=0.00 secs] 
4.652: [CMS-concurrent-mark-start]
4.652: [CMS-concurrent-mark: 0.001/0.001 secs] [Times: user=0.01 sys=0.00, real=0.00 secs] 
4.652: [CMS-concurrent-preclean-start]
4.653: [CMS-concurrent-preclean: 0.001/0.001 secs] [Times: user=0.00 sys=0.00, real=0.00 secs] 
4.653: [CMS-concurrent-abortable-preclean-start]
4.653: [CMS-concurrent-abortable-preclean: 0.000/0.000 secs] [Times: user=0.00 sys=0.00, real=0.00 secs] 
4.654: [GC (CMS Final Remark) [YG occupancy: 19935 K (157248 K)]4.654: [Rescan (parallel) , 0.0005402 secs]4.654: [weak refs processing, 0.0000179 secs]4.654: [class unloading, 0.0002383 secs]4.654: [scrub symbol table, 0.0003200 secs]4.655: [scrub string table, 0.0001759 secs][1 CMS-remark: 349503K(349568K)] 369439K(506816K), 0.0013704 secs] [Times: user=0.00 sys=0.00, real=0.00 secs] 
4.655: [CMS-concurrent-sweep-start]
4.655: [CMS-concurrent-sweep: 0.000/0.000 secs] [Times: user=0.00 sys=0.00, real=0.00 secs] 
4.655: [CMS-concurrent-reset-start]
4.656: [CMS-concurrent-reset: 0.000/0.000 secs] [Times: user=0.01 sys=0.00, real=0.00 secs] 
4.699: [GC (Allocation Failure) 4.699: [ParNew: 157214K->157214K(157248K), 0.0000275 secs]4.699: [CMS: 349401K->349216K(349568K), 0.1110308 secs] 506615K->367170K(506816K), [Metaspace: 2526K->2526K(1056768K)], 0.1111340 secs] [Times: user=0.11 sys=0.00, real=0.12 secs] 
4.810: [GC (CMS Initial Mark) [1 CMS-initial-mark: 349216K(349568K)] 367310K(506816K), 0.0011414 secs] [Times: user=0.00 sys=0.01, real=0.00 secs] 
4.811: [CMS-concurrent-mark-start]
4.812: [CMS-concurrent-mark: 0.001/0.001 secs] [Times: user=0.01 sys=0.00, real=0.00 secs] 
4.812: [CMS-concurrent-preclean-start]
4.814: [CMS-concurrent-preclean: 0.002/0.002 secs] [Times: user=0.00 sys=0.00, real=0.00 secs] 
4.814: [CMS-concurrent-abortable-preclean-start]
4.814: [CMS-concurrent-abortable-preclean: 0.000/0.000 secs] [Times: user=0.00 sys=0.00, real=0.00 secs] 
4.814: [GC (CMS Final Remark) [YG occupancy: 28601 K (157248 K)]4.814: [Rescan (parallel) , 0.0005053 secs]4.815: [weak refs processing, 0.0000164 secs]4.815: [class unloading, 0.0002139 secs]4.815: [scrub symbol table, 0.0003030 secs]4.815: [scrub string table, 0.0001650 secs][1 CMS-remark: 349216K(349568K)] 377817K(506816K), 0.0012821 secs] [Times: user=0.00 sys=0.00, real=0.00 secs] 
4.816: [CMS-concurrent-sweep-start]
4.816: [CMS-concurrent-sweep: 0.000/0.000 secs] [Times: user=0.00 sys=0.00, real=0.00 secs] 
4.816: [CMS-concurrent-reset-start]
4.817: [CMS-concurrent-reset: 0.001/0.001 secs] [Times: user=0.01 sys=0.00, real=0.00 secs] 
4.858: [GC (Allocation Failure) 4.858: [ParNew: 156857K->156857K(157248K), 0.0000543 secs]4.858: [CMS: 348978K->349379K(349568K), 0.1187349 secs] 505836K->367217K(506816K), [Metaspace: 2526K->2526K(1056768K)], 0.1188907 secs] [Times: user=0.12 sys=0.00, real=0.12 secs] 
4.977: [GC (CMS Initial Mark) [1 CMS-initial-mark: 349379K(349568K)] 367928K(506816K), 0.0010310 secs] [Times: user=0.00 sys=0.00, real=0.00 secs] 
4.978: [CMS-concurrent-mark-start]
4.979: [CMS-concurrent-mark: 0.001/0.001 secs] [Times: user=0.00 sys=0.00, real=0.01 secs] 
4.979: [CMS-concurrent-preclean-start]
4.980: [CMS-concurrent-preclean: 0.001/0.001 secs] [Times: user=0.00 sys=0.00, real=0.00 secs] 
4.980: [CMS-concurrent-abortable-preclean-start]
4.980: [CMS-concurrent-abortable-preclean: 0.000/0.000 secs] [Times: user=0.00 sys=0.00, real=0.00 secs] 
4.981: [GC (CMS Final Remark) [YG occupancy: 28036 K (157248 K)]4.981: [Rescan (parallel) , 0.0006374 secs]4.981: [weak refs processing, 0.0000174 secs]4.981: [class unloading, 0.0002516 secs]4.982: [scrub symbol table, 0.0003419 secs]4.982: [scrub string table, 0.0001991 secs][1 CMS-remark: 349379K(349568K)] 377416K(506816K), 0.0015339 secs] [Times: user=0.01 sys=0.00, real=0.00 secs] 
4.982: [CMS-concurrent-sweep-start]
4.982: [CMS-concurrent-sweep: 0.000/0.000 secs] [Times: user=0.00 sys=0.00, real=0.00 secs] 
4.982: [CMS-concurrent-reset-start]
4.983: [CMS-concurrent-reset: 0.000/0.000 secs] [Times: user=0.00 sys=0.00, real=0.00 secs] 
5.023: [GC (Allocation Failure) 5.023: [ParNew: 157241K->157241K(157248K), 0.0000852 secs]5.023: [CMS: 349001K->349211K(349568K), 0.1201910 secs] 506242K->365582K(506816K), [Metaspace: 2526K->2526K(1056768K)], 0.1204026 secs] [Times: user=0.12 sys=0.00, real=0.12 secs] 
5.144: [GC (CMS Initial Mark) [1 CMS-initial-mark: 349211K(349568K)] 368410K(506816K), 0.0006151 secs] [Times: user=0.00 sys=0.00, real=0.00 secs] 
5.144: [CMS-concurrent-mark-start]
执行结束。共生成对象次数:16867
5.145: [CMS-concurrent-mark: 0.001/0.001 secs] [Times: user=0.01 sys=0.00, real=0.00 secs] 
5.145: [CMS-concurrent-preclean-start]
Heap
 par new generation   total 157248K, used 21995K [0x00000000e0000000, 0x00000000eaaa0000, 0x00000000eaaa0000)
  eden space 139776K,  15% used [0x00000000e0000000, 0x00000000e157ae78, 0x00000000e8880000)
  from space 17472K,   0% used [0x00000000e8880000, 0x00000000e8880000, 0x00000000e9990000)
  to   space 17472K,   0% used [0x00000000e9990000, 0x00000000e9990000, 0x00000000eaaa0000)
 concurrent mark-sweep generation total 349568K, used 349211K [0x00000000eaaa0000, 0x0000000100000000, 0x0000000100000000)
 Metaspace       used 2533K, capacity 4486K, committed 4864K, reserved 1056768K
  class space    used 273K, capacity 386K, committed 512K, reserved 1048576K
开始执行.......
0.183: [GC (Allocation Failure) 0.183: [ParNew: 139776K->17471K(157248K), 0.0125585 secs] 139776K->44441K(506816K), 0.0126877 secs] [Times: user=0.08 sys=0.08, real=0.02 secs] 
0.244: [GC (Allocation Failure) 0.244: [ParNew: 156586K->17472K(157248K), 0.0153609 secs] 183556K->83147K(506816K), 0.0154563 secs] [Times: user=0.09 sys=0.13, real=0.02 secs] 
0.300: [GC (Allocation Failure) 0.300: [ParNew: 157248K->17471K(157248K), 0.0382392 secs] 222923K->126221K(506816K), 0.0383178 secs] [Times: user=0.62 sys=0.02, real=0.04 secs] 
0.378: [GC (Allocation Failure) 0.378: [ParNew: 157180K->17471K(157248K), 0.0340066 secs] 265930K->168802K(506816K), 0.0340910 secs] [Times: user=0.58 sys=0.03, real=0.03 secs] 
0.452: [GC (Allocation Failure) 0.452: [ParNew: 157247K->17470K(157248K), 0.0345974 secs] 308578K->217449K(506816K), 0.0346927 secs] [Times: user=0.58 sys=0.02, real=0.04 secs] 
0.487: [GC (CMS Initial Mark) [1 CMS-initial-mark: 199979K(349568K)] 217485K(506816K), 0.0005064 secs] [Times: user=0.00 sys=0.00, real=0.00 secs] 
0.488: [CMS-concurrent-mark-start]
0.491: [CMS-concurrent-mark: 0.003/0.003 secs] [Times: user=0.02 sys=0.00, real=0.00 secs] 
0.491: [CMS-concurrent-preclean-start]
0.492: [CMS-concurrent-preclean: 0.001/0.001 secs] [Times: user=0.00 sys=0.00, real=0.00 secs] 
0.492: [CMS-concurrent-abortable-preclean-start]
0.532: [GC (Allocation Failure) 0.532: [ParNew: 157246K->17471K(157248K), 0.0325681 secs] 357225K->257433K(506816K), 0.0326552 secs] [Times: user=0.55 sys=0.02, real=0.04 secs] 
0.607: [GC (Allocation Failure) 0.607: [ParNew: 157247K->17470K(157248K), 0.0369253 secs] 397209K->303386K(506816K), 0.0370192 secs] [Times: user=0.61 sys=0.03, real=0.03 secs] 
0.687: [GC (Allocation Failure) 0.687: [ParNew: 156945K->17471K(157248K), 0.0350762 secs] 442861K->348568K(506816K), 0.0351658 secs] [Times: user=0.59 sys=0.03, real=0.03 secs] 
0.723: [CMS-concurrent-abortable-preclean: 0.005/0.231 secs] [Times: user=1.91 sys=0.08, real=0.23 secs] 
0.723: [GC (CMS Final Remark) [YG occupancy: 21781 K (157248 K)]0.723: [Rescan (parallel) , 0.0005018 secs]0.723: [weak refs processing, 0.0000150 secs]0.723: [class unloading, 0.0003022 secs]0.724: [scrub symbol table, 0.0003113 secs]0.724: [scrub string table, 0.0001687 secs][1 CMS-remark: 331096K(349568K)] 352878K(506816K), 0.0013890 secs] [Times: user=0.00 sys=0.00, real=0.00 secs] 
0.724: [CMS-concurrent-sweep-start]
0.725: [CMS-concurrent-sweep: 0.001/0.001 secs] [Times: user=0.00 sys=0.00, real=0.01 secs] 
0.725: [CMS-concurrent-reset-start]
0.728: [CMS-concurrent-reset: 0.003/0.003 secs] [Times: user=0.00 sys=0.00, real=0.00 secs] 
0.765: [GC (Allocation Failure) 0.765: [ParNew: 157247K->17469K(157248K), 0.0260175 secs] 449643K->356066K(506816K), 0.0261064 secs] [Times: user=0.45 sys=0.01, real=0.02 secs] 
0.791: [GC (CMS Initial Mark) [1 CMS-initial-mark: 338596K(349568K)] 356346K(506816K), 0.0005108 secs] [Times: user=0.00 sys=0.00, real=0.00 secs] 
0.792: [CMS-concurrent-mark-start]
0.793: [CMS-concurrent-mark: 0.001/0.001 secs] [Times: user=0.01 sys=0.00, real=0.00 secs] 
0.793: [CMS-concurrent-preclean-start]
0.794: [CMS-concurrent-preclean: 0.001/0.001 secs] [Times: user=0.00 sys=0.00, real=0.00 secs] 
0.794: [CMS-concurrent-abortable-preclean-start]
0.794: [CMS-concurrent-abortable-preclean: 0.000/0.000 secs] [Times: user=0.00 sys=0.00, real=0.00 secs] 
0.794: [GC (CMS Final Remark) [YG occupancy: 24479 K (157248 K)]0.794: [Rescan (parallel) , 0.0005531 secs]0.795: [weak refs processing, 0.0000145 secs]0.795: [class unloading, 0.0002618 secs]0.795: [scrub symbol table, 0.0003088 secs]0.795: [scrub string table, 0.0001632 secs][1 CMS-remark: 338596K(349568K)] 363076K(506816K), 0.0013795 secs] [Times: user=0.01 sys=0.00, real=0.01 secs] 
0.796: [CMS-concurrent-sweep-start]
0.797: [CMS-concurrent-sweep: 0.001/0.001 secs] [Times: user=0.00 sys=0.00, real=0.00 secs] 
0.797: [CMS-concurrent-reset-start]
0.798: [CMS-concurrent-reset: 0.001/0.001 secs] [Times: user=0.00 sys=0.00, real=0.00 secs] 
0.839: [GC (Allocation Failure) 0.839: [ParNew: 157245K->17469K(157248K), 0.0170431 secs] 405545K->305573K(506816K), 0.0171536 secs] [Times: user=0.28 sys=0.00, real=0.02 secs] 
0.856: [GC (CMS Initial Mark) [1 CMS-initial-mark: 288103K(349568K)] 305830K(506816K), 0.0004935 secs] [Times: user=0.00 sys=0.00, real=0.00 secs] 
0.857: [CMS-concurrent-mark-start]
0.858: [CMS-concurrent-mark: 0.001/0.001 secs] [Times: user=0.01 sys=0.00, real=0.00 secs] 
0.858: [CMS-concurrent-preclean-start]
0.859: [CMS-concurrent-preclean: 0.001/0.001 secs] [Times: user=0.00 sys=0.00, real=0.00 secs] 
0.859: [CMS-concurrent-abortable-preclean-start]
0.897: [GC (Allocation Failure) 0.897: [ParNew: 156882K->17470K(157248K), 0.0210298 secs] 444985K->350523K(506816K), 0.0211067 secs] [Times: user=0.35 sys=0.00, real=0.02 secs] 
0.918: [CMS-concurrent-abortable-preclean: 0.001/0.059 secs] [Times: user=0.39 sys=0.00, real=0.06 secs] 
0.918: [GC (CMS Final Remark) [YG occupancy: 18031 K (157248 K)]0.918: [Rescan (parallel) , 0.0004617 secs]0.918: [weak refs processing, 0.0000146 secs]0.919: [class unloading, 0.0002749 secs]0.919: [scrub symbol table, 0.0003422 secs]0.919: [scrub string table, 0.0001684 secs][1 CMS-remark: 333053K(349568K)] 351085K(506816K), 0.0013328 secs] [Times: user=0.00 sys=0.00, real=0.00 secs] 
0.919: [CMS-concurrent-sweep-start]
0.920: [CMS-concurrent-sweep: 0.001/0.001 secs] [Times: user=0.01 sys=0.00, real=0.00 secs] 
0.920: [CMS-concurrent-reset-start]
0.921: [CMS-concurrent-reset: 0.001/0.001 secs] [Times: user=0.00 sys=0.00, real=0.00 secs] 
0.960: [GC (Allocation Failure) 0.960: [ParNew: 157246K->157246K(157248K), 0.0000366 secs]0.960: [CMS: 305247K->301368K(349568K), 0.1148773 secs] 462493K->301368K(506816K), [Metaspace: 2526K->2526K(1056768K)], 0.1150393 secs] [Times: user=0.11 sys=0.00, real=0.12 secs] 
1.075: [GC (CMS Initial Mark) [1 CMS-initial-mark: 301368K(349568K)] 301762K(506816K), 0.0017077 secs] [Times: user=0.00 sys=0.00, real=0.00 secs] 
1.077: [CMS-concurrent-mark-start]
1.078: [CMS-concurrent-mark: 0.001/0.001 secs] [Times: user=0.01 sys=0.00, real=0.00 secs] 
1.078: [CMS-concurrent-preclean-start]
1.080: [CMS-concurrent-preclean: 0.001/0.001 secs] [Times: user=0.00 sys=0.00, real=0.00 secs] 
1.080: [CMS-concurrent-abortable-preclean-start]
1.131: [GC (Allocation Failure) 1.131: [ParNew: 139776K->17471K(157248K), 0.0151821 secs] 441144K->349588K(506816K), 0.0152996 secs] [Times: user=0.24 sys=0.01, real=0.02 secs] 
1.146: [CMS-concurrent-abortable-preclean: 0.002/0.066 secs] [Times: user=0.30 sys=0.01, real=0.07 secs] 
1.146: [GC (CMS Final Remark) [YG occupancy: 17865 K (157248 K)]1.146: [Rescan (parallel) , 0.0008856 secs]1.147: [weak refs processing, 0.0000149 secs]1.147: [class unloading, 0.0002956 secs]1.148: [scrub symbol table, 0.0003317 secs]1.148: [scrub string table, 0.0001598 secs][1 CMS-remark: 332117K(349568K)] 349982K(506816K), 0.0017762 secs] [Times: user=0.01 sys=0.00, real=0.00 secs] 
1.148: [CMS-concurrent-sweep-start]
1.149: [CMS-concurrent-sweep: 0.001/0.001 secs] [Times: user=0.00 sys=0.00, real=0.00 secs] 
1.149: [CMS-concurrent-reset-start]
1.150: [CMS-concurrent-reset: 0.001/0.001 secs] [Times: user=0.00 sys=0.00, real=0.00 secs] 
1.190: [GC (Allocation Failure) 1.190: [ParNew: 157047K->157047K(157248K), 0.0000359 secs]1.190: [CMS: 332117K->323152K(349568K), 0.1161645 secs] 489164K->323152K(506816K), [Metaspace: 2526K->2526K(1056768K)], 0.1163191 secs] [Times: user=0.12 sys=0.00, real=0.12 secs] 
1.307: [GC (CMS Initial Mark) [1 CMS-initial-mark: 323152K(349568K)] 323440K(506816K), 0.0012538 secs] [Times: user=0.00 sys=0.00, real=0.00 secs] 
1.308: [CMS-concurrent-mark-start]
1.309: [CMS-concurrent-mark: 0.001/0.001 secs] [Times: user=0.00 sys=0.00, real=0.00 secs] 
1.309: [CMS-concurrent-preclean-start]
1.310: [CMS-concurrent-preclean: 0.001/0.001 secs] [Times: user=0.00 sys=0.00, real=0.00 secs] 
1.310: [CMS-concurrent-abortable-preclean-start]
1.366: [GC (Allocation Failure) 1.366: [ParNew (promotion failed): 139768K->157239K(157248K), 0.0178746 secs]1.384: [CMS1.384: [CMS-concurrent-abortable-preclean: 0.001/0.075 secs] [Times: user=0.36 sys=0.00, real=0.07 secs] 
 (concurrent mode failure): 349260K->322413K(349568K), 0.0964061 secs] 462920K->322413K(506816K), [Metaspace: 2526K->2526K(1056768K)], 0.1144140 secs] [Times: user=0.39 sys=0.00, real=0.11 secs] 
1.547: [GC (Allocation Failure) 1.547: [ParNew: 139776K->139776K(157248K), 0.0000564 secs]1.547: [CMS: 322413K->325822K(349568K), 0.1142040 secs] 462189K->325822K(506816K), [Metaspace: 2526K->2526K(1056768K)], 0.1144022 secs] [Times: user=0.11 sys=0.00, real=0.11 secs] 
1.661: [GC (CMS Initial Mark) [1 CMS-initial-mark: 325822K(349568K)] 325894K(506816K), 0.0016587 secs] [Times: user=0.00 sys=0.01, real=0.00 secs] 
1.663: [CMS-concurrent-mark-start]
1.664: [CMS-concurrent-mark: 0.001/0.001 secs] [Times: user=0.01 sys=0.00, real=0.00 secs] 
1.664: [CMS-concurrent-preclean-start]
1.665: [CMS-concurrent-preclean: 0.001/0.001 secs] [Times: user=0.00 sys=0.00, real=0.01 secs] 
1.665: [CMS-concurrent-abortable-preclean-start]
1.715: [GC (Allocation Failure) 1.715: [ParNew: 139776K->139776K(157248K), 0.0000627 secs]1.716: [CMS1.716: [CMS-concurrent-abortable-preclean: 0.001/0.051 secs] [Times: user=0.05 sys=0.00, real=0.05 secs] 
 (concurrent mode failure): 325822K->332043K(349568K), 0.1185367 secs] 465598K->332043K(506816K), [Metaspace: 2526K->2526K(1056768K)], 0.1187458 secs] [Times: user=0.12 sys=0.00, real=0.11 secs] 
1.900: [GC (Allocation Failure) 1.900: [ParNew: 139776K->139776K(157248K), 0.0000960 secs]1.900: [CMS: 332043K->338603K(349568K), 0.1171005 secs] 471819K->338603K(506816K), [Metaspace: 2526K->2526K(1056768K)], 0.1173798 secs] [Times: user=0.12 sys=0.00, real=0.12 secs] 
2.017: [GC (CMS Initial Mark) [1 CMS-initial-mark: 338603K(349568K)] 339351K(506816K), 0.0014349 secs] [Times: user=0.00 sys=0.00, real=0.00 secs] 
2.019: [CMS-concurrent-mark-start]
2.020: [CMS-concurrent-mark: 0.001/0.001 secs] [Times: user=0.00 sys=0.00, real=0.00 secs] 
2.020: [CMS-concurrent-preclean-start]
2.021: [CMS-concurrent-preclean: 0.001/0.001 secs] [Times: user=0.00 sys=0.00, real=0.00 secs] 
2.021: [CMS-concurrent-abortable-preclean-start]
2.094: [GC (Allocation Failure) 2.094: [ParNew: 139776K->139776K(157248K), 0.0000557 secs]2.094: [CMS2.094: [CMS-concurrent-abortable-preclean: 0.001/0.073 secs] [Times: user=0.05 sys=0.03, real=0.07 secs] 
 (concurrent mode failure): 338603K->348719K(349568K), 0.1593986 secs] 478379K->348719K(506816K), [Metaspace: 2526K->2526K(1056768K)], 0.1595577 secs] [Times: user=0.10 sys=0.05, real=0.16 secs] 
2.303: [GC (Allocation Failure) 2.303: [ParNew: 139776K->139776K(157248K), 0.0000366 secs]2.303: [CMS: 348719K->349226K(349568K), 0.1095066 secs] 488495K->352088K(506816K), [Metaspace: 2526K->2526K(1056768K)], 0.1096577 secs] [Times: user=0.11 sys=0.00, real=0.11 secs] 
2.413: [GC (CMS Initial Mark) [1 CMS-initial-mark: 349226K(349568K)] 352259K(506816K), 0.0015487 secs] [Times: user=0.00 sys=0.00, real=0.00 secs] 
2.415: [CMS-concurrent-mark-start]
2.416: [CMS-concurrent-mark: 0.001/0.001 secs] [Times: user=0.01 sys=0.00, real=0.01 secs] 
2.416: [CMS-concurrent-preclean-start]
2.417: [CMS-concurrent-preclean: 0.001/0.001 secs] [Times: user=0.00 sys=0.00, real=0.00 secs] 
2.417: [CMS-concurrent-abortable-preclean-start]
2.417: [CMS-concurrent-abortable-preclean: 0.000/0.000 secs] [Times: user=0.00 sys=0.00, real=0.00 secs] 
2.417: [GC (CMS Final Remark) [YG occupancy: 12032 K (157248 K)]2.417: [Rescan (parallel) , 0.0020056 secs]2.419: [weak refs processing, 0.0000182 secs]2.419: [class unloading, 0.0002938 secs]2.419: [scrub symbol table, 0.0003248 secs]2.420: [scrub string table, 0.0001828 secs][1 CMS-remark: 349226K(349568K)] 361258K(506816K), 0.0029089 secs] [Times: user=0.03 sys=0.00, real=0.00 secs] 
2.420: [CMS-concurrent-sweep-start]
2.420: [CMS-concurrent-sweep: 0.000/0.000 secs] [Times: user=0.00 sys=0.00, real=0.00 secs] 
2.420: [CMS-concurrent-reset-start]
2.421: [CMS-concurrent-reset: 0.001/0.001 secs] [Times: user=0.00 sys=0.00, real=0.00 secs] 
2.471: [GC (Allocation Failure) 2.472: [ParNew: 157217K->157217K(157248K), 0.0000355 secs]2.472: [CMS: 349226K->349367K(349568K), 0.2998929 secs] 506443K->354885K(506816K), [Metaspace: 2526K->2526K(1056768K)], 0.3000414 secs] [Times: user=0.11 sys=0.18, real=0.30 secs] 
2.772: [GC (CMS Initial Mark) [1 CMS-initial-mark: 349367K(349568K)] 354957K(506816K), 0.0015746 secs] [Times: user=0.00 sys=0.00, real=0.00 secs] 
2.773: [CMS-concurrent-mark-start]
2.775: [CMS-concurrent-mark: 0.002/0.002 secs] [Times: user=0.01 sys=0.00, real=0.01 secs] 
2.775: [CMS-concurrent-preclean-start]
2.777: [CMS-concurrent-preclean: 0.001/0.001 secs] [Times: user=0.00 sys=0.00, real=0.00 secs] 
2.777: [CMS-concurrent-abortable-preclean-start]
2.777: [CMS-concurrent-abortable-preclean: 0.000/0.000 secs] [Times: user=0.00 sys=0.00, real=0.00 secs] 
2.777: [GC (CMS Final Remark) [YG occupancy: 18618 K (157248 K)]2.777: [Rescan (parallel) , 0.0007040 secs]2.778: [weak refs processing, 0.0000182 secs]2.778: [class unloading, 0.0003497 secs]2.778: [scrub symbol table, 0.0003090 secs]2.778: [scrub string table, 0.0001608 secs][1 CMS-remark: 349367K(349568K)] 367985K(506816K), 0.0016204 secs] [Times: user=0.01 sys=0.00, real=0.00 secs] 
2.779: [CMS-concurrent-sweep-start]
2.779: [CMS-concurrent-sweep: 0.000/0.000 secs] [Times: user=0.00 sys=0.00, real=0.00 secs] 
2.779: [CMS-concurrent-reset-start]
2.780: [CMS-concurrent-reset: 0.001/0.001 secs] [Times: user=0.00 sys=0.00, real=0.00 secs] 
2.823: [GC (Allocation Failure) 2.823: [ParNew: 157242K->157242K(157248K), 0.0000380 secs]2.823: [CMS: 348156K->349541K(349568K), 0.1375711 secs] 505399K->352869K(506816K), [Metaspace: 2526K->2526K(1056768K)], 0.1377345 secs] [Times: user=0.12 sys=0.03, real=0.14 secs] 
2.961: [GC (CMS Initial Mark) [1 CMS-initial-mark: 349541K(349568K)] 352959K(506816K), 0.0012094 secs] [Times: user=0.00 sys=0.00, real=0.00 secs] 
2.962: [CMS-concurrent-mark-start]
2.963: [CMS-concurrent-mark: 0.001/0.001 secs] [Times: user=0.00 sys=0.00, real=0.00 secs] 
2.963: [CMS-concurrent-preclean-start]
2.965: [CMS-concurrent-preclean: 0.001/0.001 secs] [Times: user=0.01 sys=0.00, real=0.00 secs] 
2.965: [CMS-concurrent-abortable-preclean-start]
2.965: [CMS-concurrent-abortable-preclean: 0.000/0.000 secs] [Times: user=0.00 sys=0.00, real=0.00 secs] 
2.965: [GC (CMS Final Remark) [YG occupancy: 15046 K (157248 K)]2.965: [Rescan (parallel) , 0.0008035 secs]2.966: [weak refs processing, 0.0000193 secs]2.966: [class unloading, 0.0003097 secs]2.966: [scrub symbol table, 0.0003163 secs]2.966: [scrub string table, 0.0001678 secs][1 CMS-remark: 349541K(349568K)] 364588K(506816K), 0.0016988 secs] [Times: user=0.00 sys=0.00, real=0.01 secs] 
2.967: [CMS-concurrent-sweep-start]
2.967: [CMS-concurrent-sweep: 0.000/0.000 secs] [Times: user=0.00 sys=0.00, real=0.00 secs] 
2.967: [CMS-concurrent-reset-start]
2.968: [CMS-concurrent-reset: 0.001/0.001 secs] [Times: user=0.00 sys=0.00, real=0.00 secs] 
3.012: [GC (Allocation Failure) 3.012: [ParNew: 157226K->157226K(157248K), 0.0000360 secs]3.012: [CMS: 348835K->349412K(349568K), 0.1155992 secs] 506062K->359320K(506816K), [Metaspace: 2526K->2526K(1056768K)], 0.1157672 secs] [Times: user=0.11 sys=0.00, real=0.12 secs] 
3.128: [GC (CMS Initial Mark) [1 CMS-initial-mark: 349412K(349568K)] 359356K(506816K), 0.0017886 secs] [Times: user=0.00 sys=0.00, real=0.00 secs] 
3.130: [CMS-concurrent-mark-start]
3.131: [CMS-concurrent-mark: 0.001/0.001 secs] [Times: user=0.01 sys=0.01, real=0.00 secs] 
3.131: [CMS-concurrent-preclean-start]
3.133: [CMS-concurrent-preclean: 0.001/0.001 secs] [Times: user=0.00 sys=0.00, real=0.00 secs] 
3.133: [CMS-concurrent-abortable-preclean-start]
3.133: [CMS-concurrent-abortable-preclean: 0.000/0.000 secs] [Times: user=0.00 sys=0.00, real=0.00 secs] 
3.133: [GC (CMS Final Remark) [YG occupancy: 18592 K (157248 K)]3.133: [Rescan (parallel) , 0.0007470 secs]3.133: [weak refs processing, 0.0000176 secs]3.134: [class unloading, 0.0008435 secs]3.134: [scrub symbol table, 0.0005420 secs]3.135: [scrub string table, 0.0002775 secs][1 CMS-remark: 349412K(349568K)] 368005K(506816K), 0.0025094 secs] [Times: user=0.01 sys=0.00, real=0.01 secs] 
3.135: [CMS-concurrent-sweep-start]
3.136: [CMS-concurrent-sweep: 0.000/0.000 secs] [Times: user=0.00 sys=0.00, real=0.00 secs] 
3.136: [CMS-concurrent-reset-start]
3.137: [CMS-concurrent-reset: 0.001/0.001 secs] [Times: user=0.00 sys=0.00, real=0.00 secs] 
3.178: [GC (Allocation Failure) 3.178: [ParNew: 157222K->157222K(157248K), 0.0000493 secs]3.178: [CMS: 348840K->349402K(349568K), 0.1160160 secs] 506062K->356432K(506816K), [Metaspace: 2526K->2526K(1056768K)], 0.1161841 secs] [Times: user=0.12 sys=0.00, real=0.11 secs] 
3.295: [GC (CMS Initial Mark) [1 CMS-initial-mark: 349402K(349568K)] 356470K(506816K), 0.0012981 secs] [Times: user=0.00 sys=0.00, real=0.01 secs] 
3.296: [CMS-concurrent-mark-start]
3.297: [CMS-concurrent-mark: 0.001/0.001 secs] [Times: user=0.00 sys=0.00, real=0.00 secs] 
3.297: [CMS-concurrent-preclean-start]
3.298: [CMS-concurrent-preclean: 0.001/0.001 secs] [Times: user=0.00 sys=0.00, real=0.00 secs] 
3.298: [CMS-concurrent-abortable-preclean-start]
3.298: [CMS-concurrent-abortable-preclean: 0.000/0.000 secs] [Times: user=0.00 sys=0.00, real=0.00 secs] 
3.298: [GC (CMS Final Remark) [YG occupancy: 15492 K (157248 K)]3.298: [Rescan (parallel) , 0.0008241 secs]3.299: [weak refs processing, 0.0000184 secs]3.299: [class unloading, 0.0002780 secs]3.299: [scrub symbol table, 0.0003142 secs]3.300: [scrub string table, 0.0001692 secs][1 CMS-remark: 349402K(349568K)] 364894K(506816K), 0.0016800 secs] [Times: user=0.01 sys=0.00, real=0.00 secs] 
3.300: [CMS-concurrent-sweep-start]
3.300: [CMS-concurrent-sweep: 0.000/0.000 secs] [Times: user=0.00 sys=0.00, real=0.00 secs] 
3.300: [CMS-concurrent-reset-start]
3.301: [CMS-concurrent-reset: 0.001/0.001 secs] [Times: user=0.00 sys=0.00, real=0.00 secs] 
3.347: [GC (Allocation Failure) 3.347: [ParNew: 156795K->156795K(157248K), 0.0000508 secs]3.347: [CMS: 349338K->349002K(349568K), 0.1157088 secs] 506133K->350657K(506816K), [Metaspace: 2526K->2526K(1056768K)], 0.1158806 secs] [Times: user=0.11 sys=0.00, real=0.11 secs] 
3.463: [GC (CMS Initial Mark) [1 CMS-initial-mark: 349002K(349568K)] 351295K(506816K), 0.0013306 secs] [Times: user=0.00 sys=0.00, real=0.00 secs] 
3.464: [CMS-concurrent-mark-start]
3.465: [CMS-concurrent-mark: 0.001/0.001 secs] [Times: user=0.01 sys=0.00, real=0.01 secs] 
3.465: [CMS-concurrent-preclean-start]
3.466: [CMS-concurrent-preclean: 0.001/0.001 secs] [Times: user=0.00 sys=0.00, real=0.00 secs] 
3.466: [CMS-concurrent-abortable-preclean-start]
3.466: [CMS-concurrent-abortable-preclean: 0.000/0.000 secs] [Times: user=0.00 sys=0.00, real=0.00 secs] 
3.467: [GC (CMS Final Remark) [YG occupancy: 8989 K (157248 K)]3.467: [Rescan (parallel) , 0.0006596 secs]3.467: [weak refs processing, 0.0000169 secs]3.467: [class unloading, 0.0002703 secs]3.468: [scrub symbol table, 0.0003671 secs]3.468: [scrub string table, 0.0001836 secs][1 CMS-remark: 349002K(349568K)] 357991K(506816K), 0.0015909 secs] [Times: user=0.01 sys=0.00, real=0.00 secs] 
3.468: [CMS-concurrent-sweep-start]
3.469: [CMS-concurrent-sweep: 0.000/0.000 secs] [Times: user=0.00 sys=0.00, real=0.00 secs] 
3.469: [CMS-concurrent-reset-start]
3.470: [CMS-concurrent-reset: 0.001/0.001 secs] [Times: user=0.00 sys=0.00, real=0.00 secs] 
3.517: [GC (Allocation Failure) 3.517: [ParNew: 157142K->157142K(157248K), 0.0000365 secs]3.517: [CMS: 348567K->346984K(349568K), 0.1050213 secs] 505710K->346984K(506816K), [Metaspace: 2526K->2526K(1056768K)], 0.1051861 secs] [Times: user=0.10 sys=0.00, real=0.10 secs] 
3.623: [GC (CMS Initial Mark) [1 CMS-initial-mark: 346984K(349568K)] 347128K(506816K), 0.0010443 secs] [Times: user=0.01 sys=0.00, real=0.00 secs] 
3.624: [CMS-concurrent-mark-start]
3.625: [CMS-concurrent-mark: 0.001/0.001 secs] [Times: user=0.00 sys=0.00, real=0.00 secs] 
3.625: [CMS-concurrent-preclean-start]
3.626: [CMS-concurrent-preclean: 0.001/0.001 secs] [Times: user=0.00 sys=0.00, real=0.01 secs] 
3.626: [CMS-concurrent-abortable-preclean-start]
3.626: [CMS-concurrent-abortable-preclean: 0.000/0.000 secs] [Times: user=0.00 sys=0.00, real=0.00 secs] 
3.626: [GC (CMS Final Remark) [YG occupancy: 7355 K (157248 K)]3.626: [Rescan (parallel) , 0.0006540 secs]3.626: [weak refs processing, 0.0000173 secs]3.626: [class unloading, 0.0002990 secs]3.627: [scrub symbol table, 0.0003335 secs]3.627: [scrub string table, 0.0001702 secs][1 CMS-remark: 346984K(349568K)] 354339K(506816K), 0.0015462 secs] [Times: user=0.01 sys=0.00, real=0.00 secs] 
3.627: [CMS-concurrent-sweep-start]
3.628: [CMS-concurrent-sweep: 0.000/0.000 secs] [Times: user=0.00 sys=0.00, real=0.00 secs] 
3.628: [CMS-concurrent-reset-start]
3.629: [CMS-concurrent-reset: 0.001/0.001 secs] [Times: user=0.00 sys=0.00, real=0.00 secs] 
3.670: [GC (Allocation Failure) 3.670: [ParNew: 139776K->139776K(157248K), 0.0000518 secs]3.670: [CMS: 346912K->349259K(349568K), 0.1103531 secs] 486688K->354693K(506816K), [Metaspace: 2526K->2526K(1056768K)], 0.1105356 secs] [Times: user=0.11 sys=0.00, real=0.11 secs] 
3.781: [GC (CMS Initial Mark) [1 CMS-initial-mark: 349259K(349568K)] 354916K(506816K), 0.0012284 secs] [Times: user=0.00 sys=0.00, real=0.00 secs] 
3.782: [CMS-concurrent-mark-start]
3.783: [CMS-concurrent-mark: 0.001/0.001 secs] [Times: user=0.01 sys=0.00, real=0.00 secs] 
3.783: [CMS-concurrent-preclean-start]
3.784: [CMS-concurrent-preclean: 0.001/0.001 secs] [Times: user=0.00 sys=0.00, real=0.00 secs] 
3.784: [CMS-concurrent-abortable-preclean-start]
3.784: [CMS-concurrent-abortable-preclean: 0.000/0.000 secs] [Times: user=0.00 sys=0.00, real=0.00 secs] 
3.784: [GC (CMS Final Remark) [YG occupancy: 13037 K (157248 K)]3.784: [Rescan (parallel) , 0.0008262 secs]3.785: [weak refs processing, 0.0000203 secs]3.785: [class unloading, 0.0002817 secs]3.785: [scrub symbol table, 0.0003421 secs]3.786: [scrub string table, 0.0001772 secs][1 CMS-remark: 349259K(349568K)] 362296K(506816K), 0.0017332 secs] [Times: user=0.01 sys=0.01, real=0.01 secs] 
3.786: [CMS-concurrent-sweep-start]
3.786: [CMS-concurrent-sweep: 0.000/0.000 secs] [Times: user=0.00 sys=0.00, real=0.00 secs] 
3.786: [CMS-concurrent-reset-start]
3.788: [CMS-concurrent-reset: 0.001/0.001 secs] [Times: user=0.00 sys=0.00, real=0.00 secs] 
3.837: [GC (Allocation Failure) 3.837: [ParNew: 156968K->156968K(157248K), 0.0000419 secs]3.837: [CMS: 349197K->349147K(349568K), 0.1197060 secs] 506165K->357326K(506816K), [Metaspace: 2526K->2526K(1056768K)], 0.1198747 secs] [Times: user=0.12 sys=0.00, real=0.12 secs] 
3.957: [GC (CMS Initial Mark) [1 CMS-initial-mark: 349147K(349568K)] 357774K(506816K), 0.0013128 secs] [Times: user=0.00 sys=0.00, real=0.00 secs] 
3.958: [CMS-concurrent-mark-start]
3.959: [CMS-concurrent-mark: 0.001/0.001 secs] [Times: user=0.01 sys=0.00, real=0.00 secs] 
3.959: [CMS-concurrent-preclean-start]
3.960: [CMS-concurrent-preclean: 0.001/0.001 secs] [Times: user=0.00 sys=0.00, real=0.00 secs] 
3.960: [CMS-concurrent-abortable-preclean-start]
3.960: [CMS-concurrent-abortable-preclean: 0.000/0.000 secs] [Times: user=0.00 sys=0.00, real=0.00 secs] 
3.961: [GC (CMS Final Remark) [YG occupancy: 19512 K (157248 K)]3.961: [Rescan (parallel) , 0.0007999 secs]3.961: [weak refs processing, 0.0000203 secs]3.962: [class unloading, 0.0003067 secs]3.962: [scrub symbol table, 0.0003536 secs]3.962: [scrub string table, 0.0002024 secs][1 CMS-remark: 349147K(349568K)] 368659K(506816K), 0.0017782 secs] [Times: user=0.00 sys=0.00, real=0.00 secs] 
3.963: [CMS-concurrent-sweep-start]
3.963: [CMS-concurrent-sweep: 0.000/0.000 secs] [Times: user=0.00 sys=0.00, real=0.00 secs] 
3.963: [CMS-concurrent-reset-start]
3.964: [CMS-concurrent-reset: 0.001/0.001 secs] [Times: user=0.01 sys=0.00, real=0.00 secs] 
4.009: [GC (Allocation Failure) 4.009: [ParNew: 157150K->157150K(157248K), 0.0000365 secs]4.009: [CMS: 348877K->349282K(349568K), 0.1043910 secs] 506027K->351752K(506816K), [Metaspace: 2526K->2526K(1056768K)], 0.1045383 secs] [Times: user=0.11 sys=0.00, real=0.10 secs] 
4.114: [GC (CMS Initial Mark) [1 CMS-initial-mark: 349282K(349568K)] 352040K(506816K), 0.0016417 secs] [Times: user=0.00 sys=0.00, real=0.01 secs] 
4.115: [CMS-concurrent-mark-start]
4.116: [CMS-concurrent-mark: 0.001/0.001 secs] [Times: user=0.00 sys=0.00, real=0.00 secs] 
4.116: [CMS-concurrent-preclean-start]
4.117: [CMS-concurrent-preclean: 0.001/0.001 secs] [Times: user=0.00 sys=0.00, real=0.00 secs] 
4.118: [CMS-concurrent-abortable-preclean-start]
4.118: [CMS-concurrent-abortable-preclean: 0.000/0.000 secs] [Times: user=0.00 sys=0.00, real=0.00 secs] 
4.118: [GC (CMS Final Remark) [YG occupancy: 9712 K (157248 K)]4.118: [Rescan (parallel) , 0.0008417 secs]4.119: [weak refs processing, 0.0000178 secs]4.119: [class unloading, 0.0003047 secs]4.119: [scrub symbol table, 0.0003129 secs]4.119: [scrub string table, 0.0001661 secs][1 CMS-remark: 349282K(349568K)] 358995K(506816K), 0.0017210 secs] [Times: user=0.01 sys=0.00, real=0.00 secs] 
4.119: [CMS-concurrent-sweep-start]
4.120: [CMS-concurrent-sweep: 0.000/0.000 secs] [Times: user=0.00 sys=0.00, real=0.00 secs] 
4.120: [CMS-concurrent-reset-start]
4.121: [CMS-concurrent-reset: 0.001/0.001 secs] [Times: user=0.00 sys=0.00, real=0.00 secs] 
4.165: [GC (Allocation Failure) 4.165: [ParNew: 157021K->157021K(157248K), 0.0000365 secs]4.165: [CMS: 349221K->349539K(349568K), 0.1059889 secs] 506243K->354431K(506816K), [Metaspace: 2526K->2526K(1056768K)], 0.1061502 secs] [Times: user=0.10 sys=0.00, real=0.11 secs] 
4.271: [GC (CMS Initial Mark) [1 CMS-initial-mark: 349539K(349568K)] 354868K(506816K), 0.0014183 secs] [Times: user=0.00 sys=0.00, real=0.00 secs] 
4.273: [CMS-concurrent-mark-start]
4.274: [CMS-concurrent-mark: 0.001/0.001 secs] [Times: user=0.00 sys=0.00, real=0.00 secs] 
4.274: [CMS-concurrent-preclean-start]
4.276: [CMS-concurrent-preclean: 0.002/0.002 secs] [Times: user=0.00 sys=0.00, real=0.01 secs] 
4.276: [CMS-concurrent-abortable-preclean-start]
4.276: [CMS-concurrent-abortable-preclean: 0.000/0.000 secs] [Times: user=0.00 sys=0.00, real=0.00 secs] 
4.276: [GC (CMS Final Remark) [YG occupancy: 15484 K (157248 K)]4.276: [Rescan (parallel) , 0.0009104 secs]4.277: [weak refs processing, 0.0000184 secs]4.277: [class unloading, 0.0003157 secs]4.277: [scrub symbol table, 0.0003100 secs]4.278: [scrub string table, 0.0001584 secs][1 CMS-remark: 349539K(349568K)] 365023K(506816K), 0.0018006 secs] [Times: user=0.01 sys=0.00, real=0.00 secs] 
4.278: [CMS-concurrent-sweep-start]
4.278: [CMS-concurrent-sweep: 0.000/0.000 secs] [Times: user=0.00 sys=0.00, real=0.00 secs] 
4.278: [CMS-concurrent-reset-start]
4.280: [CMS-concurrent-reset: 0.001/0.001 secs] [Times: user=0.01 sys=0.00, real=0.00 secs] 
4.334: [GC (Allocation Failure) 4.334: [ParNew: 156990K->156990K(157248K), 0.0000370 secs]4.334: [CMS: 349533K->349456K(349568K), 0.1062321 secs] 506524K->358380K(506816K), [Metaspace: 2526K->2526K(1056768K)], 0.1064008 secs] [Times: user=0.11 sys=0.00, real=0.11 secs] 
4.440: [GC (CMS Initial Mark) [1 CMS-initial-mark: 349456K(349568K)] 358869K(506816K), 0.0013592 secs] [Times: user=0.00 sys=0.00, real=0.00 secs] 
4.442: [CMS-concurrent-mark-start]
4.443: [CMS-concurrent-mark: 0.001/0.001 secs] [Times: user=0.00 sys=0.00, real=0.00 secs] 
4.443: [CMS-concurrent-preclean-start]
4.445: [CMS-concurrent-preclean: 0.002/0.002 secs] [Times: user=0.01 sys=0.00, real=0.00 secs] 
4.445: [CMS-concurrent-abortable-preclean-start]
4.445: [CMS-concurrent-abortable-preclean: 0.000/0.000 secs] [Times: user=0.00 sys=0.00, real=0.00 secs] 
4.445: [GC (CMS Final Remark) [YG occupancy: 18313 K (157248 K)]4.445: [Rescan (parallel) , 0.0013508 secs]4.446: [weak refs processing, 0.0000180 secs]4.446: [class unloading, 0.0003046 secs]4.447: [scrub symbol table, 0.0003498 secs]4.447: [scrub string table, 0.0001760 secs][1 CMS-remark: 349456K(349568K)] 367770K(506816K), 0.0022869 secs] [Times: user=0.00 sys=0.00, real=0.00 secs] 
4.447: [CMS-concurrent-sweep-start]
4.448: [CMS-concurrent-sweep: 0.000/0.000 secs] [Times: user=0.00 sys=0.00, real=0.00 secs] 
4.448: [CMS-concurrent-reset-start]
4.449: [CMS-concurrent-reset: 0.002/0.002 secs] [Times: user=0.01 sys=0.00, real=0.00 secs] 
4.499: [GC (Allocation Failure) 4.499: [ParNew: 157197K->157197K(157248K), 0.0000402 secs]4.499: [CMS: 349456K->349490K(349568K), 0.1201359 secs] 506653K->358471K(506816K), [Metaspace: 2526K->2526K(1056768K)], 0.1203036 secs] [Times: user=0.12 sys=0.00, real=0.12 secs] 
4.620: [GC (CMS Initial Mark) [1 CMS-initial-mark: 349490K(349568K)] 358629K(506816K), 0.0013405 secs] [Times: user=0.00 sys=0.00, real=0.00 secs] 
4.621: [CMS-concurrent-mark-start]
4.622: [CMS-concurrent-mark: 0.001/0.001 secs] [Times: user=0.01 sys=0.00, real=0.00 secs] 
4.622: [CMS-concurrent-preclean-start]
4.624: [CMS-concurrent-preclean: 0.002/0.002 secs] [Times: user=0.00 sys=0.00, real=0.00 secs] 
4.625: [CMS-concurrent-abortable-preclean-start]
4.625: [CMS-concurrent-abortable-preclean: 0.000/0.000 secs] [Times: user=0.00 sys=0.00, real=0.00 secs] 
4.625: [GC (CMS Final Remark) [YG occupancy: 18187 K (157248 K)]4.625: [Rescan (parallel) , 0.0009734 secs]4.626: [weak refs processing, 0.0000199 secs]4.626: [class unloading, 0.0003121 secs]4.626: [scrub symbol table, 0.0003453 secs]4.627: [scrub string table, 0.0001995 secs][1 CMS-remark: 349490K(349568K)] 367677K(506816K), 0.0019475 secs] [Times: user=0.01 sys=0.01, real=0.01 secs] 
4.627: [CMS-concurrent-sweep-start]
4.627: [CMS-concurrent-sweep: 0.000/0.000 secs] [Times: user=0.00 sys=0.00, real=0.00 secs] 
4.627: [CMS-concurrent-reset-start]
4.629: [CMS-concurrent-reset: 0.002/0.002 secs] [Times: user=0.00 sys=0.00, real=0.00 secs] 
4.679: [GC (Allocation Failure) 4.679: [ParNew: 157063K->157063K(157248K), 0.0000723 secs]4.679: [CMS: 349488K->349265K(349568K), 0.1217793 secs] 506551K->361750K(506816K), [Metaspace: 2526K->2526K(1056768K)], 0.1220015 secs] [Times: user=0.12 sys=0.00, real=0.12 secs] 
4.801: [GC (CMS Initial Mark) [1 CMS-initial-mark: 349265K(349568K)] 362439K(506816K), 0.0013062 secs] [Times: user=0.00 sys=0.00, real=0.00 secs] 
4.802: [CMS-concurrent-mark-start]
4.803: [CMS-concurrent-mark: 0.001/0.001 secs] [Times: user=0.01 sys=0.00, real=0.00 secs] 
4.803: [CMS-concurrent-preclean-start]
4.805: [CMS-concurrent-preclean: 0.002/0.002 secs] [Times: user=0.00 sys=0.00, real=0.01 secs] 
4.805: [CMS-concurrent-abortable-preclean-start]
4.805: [CMS-concurrent-abortable-preclean: 0.000/0.000 secs] [Times: user=0.00 sys=0.00, real=0.00 secs] 
4.806: [GC (CMS Final Remark) [YG occupancy: 20079 K (157248 K)]4.806: [Rescan (parallel) , 0.0012062 secs]4.807: [weak refs processing, 0.0000215 secs]4.807: [class unloading, 0.0002902 secs]4.807: [scrub symbol table, 0.0003530 secs]4.808: [scrub string table, 0.0001999 secs][1 CMS-remark: 349265K(349568K)] 369345K(506816K), 0.0021789 secs] [Times: user=0.02 sys=0.00, real=0.00 secs] 
4.808: [CMS-concurrent-sweep-start]
4.808: [CMS-concurrent-sweep: 0.000/0.000 secs] [Times: user=0.00 sys=0.00, real=0.00 secs] 
4.808: [CMS-concurrent-reset-start]
4.810: [CMS-concurrent-reset: 0.001/0.001 secs] [Times: user=0.00 sys=0.00, real=0.00 secs] 
4.866: [GC (Allocation Failure) 4.866: [ParNew: 157027K->157027K(157248K), 0.0000965 secs]4.866: [CMS: 349016K->349501K(349568K), 0.1217039 secs] 506043K->364314K(506816K), [Metaspace: 2526K->2526K(1056768K)], 0.1219412 secs] [Times: user=0.12 sys=0.00, real=0.12 secs] 
4.988: [GC (CMS Initial Mark) [1 CMS-initial-mark: 349501K(349568K)] 364638K(506816K), 0.0016264 secs] [Times: user=0.00 sys=0.00, real=0.00 secs] 
4.990: [CMS-concurrent-mark-start]
4.991: [CMS-concurrent-mark: 0.001/0.001 secs] [Times: user=0.00 sys=0.00, real=0.00 secs] 
4.991: [CMS-concurrent-preclean-start]
4.993: [CMS-concurrent-preclean: 0.002/0.002 secs] [Times: user=0.01 sys=0.00, real=0.00 secs] 
4.993: [CMS-concurrent-abortable-preclean-start]
4.993: [CMS-concurrent-abortable-preclean: 0.000/0.000 secs] [Times: user=0.00 sys=0.00, real=0.00 secs] 
4.993: [GC (CMS Final Remark) [YG occupancy: 24243 K (157248 K)]4.993: [Rescan (parallel) , 0.0010689 secs]4.994: [weak refs processing, 0.0000201 secs]4.994: [class unloading, 0.0003007 secs]4.994: [scrub symbol table, 0.0003455 secs]4.995: [scrub string table, 0.0002120 secs][1 CMS-remark: 349501K(349568K)] 373744K(506816K), 0.0020429 secs] [Times: user=0.01 sys=0.00, real=0.01 secs] 
4.995: [CMS-concurrent-sweep-start]
4.996: [CMS-concurrent-sweep: 0.000/0.000 secs] [Times: user=0.00 sys=0.00, real=0.00 secs] 
4.996: [CMS-concurrent-reset-start]
4.997: [CMS-concurrent-reset: 0.001/0.001 secs] [Times: user=0.00 sys=0.00, real=0.00 secs] 
5.043: [GC (Allocation Failure) 5.043: [ParNew: 157142K->157142K(157248K), 0.0000390 secs]5.043: [CMS: 349233K->349534K(349568K), 0.1189334 secs] 506376K->363189K(506816K), [Metaspace: 2526K->2526K(1056768K)], 0.1191309 secs] [Times: user=0.11 sys=0.00, real=0.12 secs] 
5.162: [GC (CMS Initial Mark) [1 CMS-initial-mark: 349534K(349568K)] 363333K(506816K), 0.0014006 secs] [Times: user=0.00 sys=0.00, real=0.00 secs] 
5.164: [CMS-concurrent-mark-start]
执行结束。共生成对象次数:19056
5.165: [CMS-concurrent-mark: 0.001/0.001 secs] [Times: user=0.00 sys=0.00, real=0.00 secs] 
5.165: [CMS-concurrent-preclean-start]
Heap
 par new generation   total 157248K, used 19678K [0x00000000e0000000, 0x00000000eaaa0000, 0x00000000eaaa0000)
  eden space 139776K,  14% used [0x00000000e0000000, 0x00000000e1337b30, 0x00000000e8880000)
  from space 17472K,   0% used [0x00000000e9990000, 0x00000000e9990000, 0x00000000eaaa0000)
  to   space 17472K,   0% used [0x00000000e8880000, 0x00000000e8880000, 0x00000000e9990000)
 concurrent mark-sweep generation total 349568K, used 349534K [0x00000000eaaa0000, 0x0000000100000000, 0x0000000100000000)
 Metaspace       used 2533K, capacity 4486K, committed 4864K, reserved 1056768K
  class space    used 273K, capacity 386K, committed 512K, reserved 1048576K
开始执行.......
0.236: [GC (Allocation Failure) 0.236: [ParNew: 139776K->17470K(157248K), 0.0132491 secs] 139776K->45656K(506816K), 0.0134301 secs] [Times: user=0.10 sys=0.08, real=0.01 secs] 
0.293: [GC (Allocation Failure) 0.293: [ParNew: 157246K->17472K(157248K), 0.0136334 secs] 185432K->86166K(506816K), 0.0137280 secs] [Times: user=0.10 sys=0.11, real=0.02 secs] 
0.346: [GC (Allocation Failure) 0.347: [ParNew: 157248K->17468K(157248K), 0.0385081 secs] 225942K->135346K(506816K), 0.0385618 secs] [Times: user=0.65 sys=0.03, real=0.04 secs] 
0.428: [GC (Allocation Failure) 0.428: [ParNew: 156662K->17471K(157248K), 0.0307327 secs] 274540K->173528K(506816K), 0.0308199 secs] [Times: user=0.48 sys=0.03, real=0.03 secs] 
0.503: [GC (Allocation Failure) 0.503: [ParNew: 157247K->17471K(157248K), 0.0344985 secs] 313304K->217176K(506816K), 0.0345869 secs] [Times: user=0.58 sys=0.03, real=0.04 secs] 
0.538: [GC (CMS Initial Mark) [1 CMS-initial-mark: 199704K(349568K)] 220098K(506816K), 0.0003786 secs] [Times: user=0.00 sys=0.00, real=0.00 secs] 
0.539: [CMS-concurrent-mark-start]
0.541: [CMS-concurrent-mark: 0.003/0.003 secs] [Times: user=0.02 sys=0.00, real=0.00 secs] 
0.541: [CMS-concurrent-preclean-start]
0.542: [CMS-concurrent-preclean: 0.001/0.001 secs] [Times: user=0.00 sys=0.00, real=0.00 secs] 
0.542: [CMS-concurrent-abortable-preclean-start]
0.579: [GC (Allocation Failure) 0.579: [ParNew: 157247K->17471K(157248K), 0.0400704 secs] 356952K->264495K(506816K), 0.0401743 secs] [Times: user=0.65 sys=0.03, real=0.04 secs] 
0.660: [GC (Allocation Failure) 0.660: [ParNew: 156786K->17470K(157248K), 0.0354913 secs] 403809K->314595K(506816K), 0.0355334 secs] [Times: user=0.60 sys=0.03, real=0.04 secs] 
0.738: [GC (Allocation Failure) 0.738: [ParNew: 157246K->157246K(157248K), 0.0000523 secs]0.738: [CMS0.738: [CMS-concurrent-abortable-preclean: 0.004/0.196 secs] [Times: user=1.37 sys=0.06, real=0.20 secs] 
 (concurrent mode failure): 297125K->245938K(349568K), 0.0935537 secs] 454371K->245938K(506816K), [Metaspace: 2526K->2526K(1056768K)], 0.0937261 secs] [Times: user=0.09 sys=0.00, real=0.09 secs] 
0.893: [GC (Allocation Failure) 0.893: [ParNew: 139239K->17471K(157248K), 0.0148997 secs] 385177K->289175K(506816K), 0.0149655 secs] [Times: user=0.22 sys=0.00, real=0.02 secs] 
0.908: [GC (CMS Initial Mark) [1 CMS-initial-mark: 271704K(349568K)] 289747K(506816K), 0.0005658 secs] [Times: user=0.00 sys=0.00, real=0.00 secs] 
0.909: [CMS-concurrent-mark-start]
0.910: [CMS-concurrent-mark: 0.001/0.001 secs] [Times: user=0.01 sys=0.00, real=0.00 secs] 
0.910: [CMS-concurrent-preclean-start]
0.910: [CMS-concurrent-preclean: 0.001/0.001 secs] [Times: user=0.00 sys=0.00, real=0.00 secs] 
0.910: [CMS-concurrent-abortable-preclean-start]
0.951: [GC (Allocation Failure) 0.951: [ParNew: 157247K->17470K(157248K), 0.0267695 secs] 428951K->335913K(506816K), 0.0268190 secs] [Times: user=0.46 sys=0.01, real=0.03 secs] 
1.021: [GC (Allocation Failure) 1.021: [ParNew: 156858K->156858K(157248K), 0.0000384 secs]1.021: [CMS1.021: [CMS-concurrent-abortable-preclean: 0.002/0.111 secs] [Times: user=0.55 sys=0.01, real=0.11 secs] 
 (concurrent mode failure): 318442K->283620K(349568K), 0.0930822 secs] 475301K->283620K(506816K), [Metaspace: 2526K->2526K(1056768K)], 0.0932430 secs] [Times: user=0.09 sys=0.00, real=0.09 secs] 
1.167: [GC (Allocation Failure) 1.167: [ParNew: 139776K->17468K(157248K), 0.0215568 secs] 423396K->334070K(506816K), 0.0216190 secs] [Times: user=0.37 sys=0.01, real=0.02 secs] 
1.189: [GC (CMS Initial Mark) [1 CMS-initial-mark: 316602K(349568K)] 336876K(506816K), 0.0006873 secs] [Times: user=0.00 sys=0.00, real=0.00 secs] 
1.189: [CMS-concurrent-mark-start]
1.190: [CMS-concurrent-mark: 0.001/0.001 secs] [Times: user=0.01 sys=0.00, real=0.00 secs] 
1.190: [CMS-concurrent-preclean-start]
1.191: [CMS-concurrent-preclean: 0.001/0.001 secs] [Times: user=0.00 sys=0.00, real=0.00 secs] 
1.191: [CMS-concurrent-abortable-preclean-start]
1.229: [GC (Allocation Failure) 1.229: [ParNew: 157244K->157244K(157248K), 0.0000319 secs]1.229: [CMS1.229: [CMS-concurrent-abortable-preclean: 0.001/0.038 secs] [Times: user=0.04 sys=0.00, real=0.04 secs] 
 (concurrent mode failure): 316602K->315159K(349568K), 0.1206443 secs] 473846K->315159K(506816K), [Metaspace: 2526K->2526K(1056768K)], 0.1207644 secs] [Times: user=0.12 sys=0.00, real=0.12 secs] 
1.393: [GC (Allocation Failure) 1.393: [ParNew: 139768K->17470K(157248K), 0.0227440 secs] 454928K->363077K(506816K), 0.0228241 secs] [Times: user=0.38 sys=0.02, real=0.03 secs] 
1.416: [GC (CMS Initial Mark) [1 CMS-initial-mark: 345607K(349568K)] 363365K(506816K), 0.0008055 secs] [Times: user=0.00 sys=0.00, real=0.00 secs] 
1.417: [CMS-concurrent-mark-start]
1.418: [CMS-concurrent-mark: 0.001/0.001 secs] [Times: user=0.01 sys=0.00, real=0.00 secs] 
1.418: [CMS-concurrent-preclean-start]
1.419: [CMS-concurrent-preclean: 0.001/0.001 secs] [Times: user=0.00 sys=0.00, real=0.00 secs] 
1.419: [CMS-concurrent-abortable-preclean-start]
1.419: [CMS-concurrent-abortable-preclean: 0.000/0.000 secs] [Times: user=0.00 sys=0.00, real=0.00 secs] 
1.419: [GC (CMS Final Remark) [YG occupancy: 28733 K (157248 K)]1.419: [Rescan (parallel) , 0.0007952 secs]1.420: [weak refs processing, 0.0000173 secs]1.420: [class unloading, 0.0002871 secs]1.420: [scrub symbol table, 0.0003536 secs]1.421: [scrub string table, 0.0001663 secs][1 CMS-remark: 345607K(349568K)] 374340K(506816K), 0.0017543 secs] [Times: user=0.01 sys=0.00, real=0.00 secs] 
1.421: [CMS-concurrent-sweep-start]
1.422: [CMS-concurrent-sweep: 0.001/0.001 secs] [Times: user=0.00 sys=0.00, real=0.00 secs] 
1.422: [CMS-concurrent-reset-start]
1.422: [CMS-concurrent-reset: 0.001/0.001 secs] [Times: user=0.00 sys=0.00, real=0.00 secs] 
1.460: [GC (Allocation Failure) 1.460: [ParNew: 157246K->17471K(157248K), 0.0168906 secs] 460810K->362741K(506816K), 0.0169704 secs] [Times: user=0.29 sys=0.00, real=0.02 secs] 
1.477: [GC (CMS Initial Mark) [1 CMS-initial-mark: 345269K(349568K)] 362811K(506816K), 0.0004875 secs] [Times: user=0.00 sys=0.00, real=0.00 secs] 
1.478: [CMS-concurrent-mark-start]
1.479: [CMS-concurrent-mark: 0.001/0.001 secs] [Times: user=0.00 sys=0.00, real=0.00 secs] 
1.479: [CMS-concurrent-preclean-start]
1.479: [CMS-concurrent-preclean: 0.001/0.001 secs] [Times: user=0.00 sys=0.00, real=0.00 secs] 
1.479: [CMS-concurrent-abortable-preclean-start]
1.479: [CMS-concurrent-abortable-preclean: 0.000/0.000 secs] [Times: user=0.00 sys=0.00, real=0.00 secs] 
1.480: [GC (CMS Final Remark) [YG occupancy: 23748 K (157248 K)]1.480: [Rescan (parallel) , 0.0005699 secs]1.480: [weak refs processing, 0.0000158 secs]1.480: [class unloading, 0.0002448 secs]1.480: [scrub symbol table, 0.0003599 secs]1.481: [scrub string table, 0.0001560 secs][1 CMS-remark: 345269K(349568K)] 369018K(506816K), 0.0014432 secs] [Times: user=0.00 sys=0.00, real=0.00 secs] 
1.481: [CMS-concurrent-sweep-start]
1.482: [CMS-concurrent-sweep: 0.000/0.000 secs] [Times: user=0.00 sys=0.00, real=0.00 secs] 
1.482: [CMS-concurrent-reset-start]
1.482: [CMS-concurrent-reset: 0.000/0.000 secs] [Times: user=0.00 sys=0.00, real=0.00 secs] 
1.521: [GC (Allocation Failure) 1.521: [ParNew: 157162K->157162K(157248K), 0.0000314 secs]1.521: [CMS: 305539K->329964K(349568K), 0.1096128 secs] 462701K->329964K(506816K), [Metaspace: 2526K->2526K(1056768K)], 0.1097544 secs] [Times: user=0.11 sys=0.00, real=0.11 secs] 
1.631: [GC (CMS Initial Mark) [1 CMS-initial-mark: 329964K(349568K)] 330434K(506816K), 0.0011713 secs] [Times: user=0.00 sys=0.00, real=0.00 secs] 
1.632: [CMS-concurrent-mark-start]
1.633: [CMS-concurrent-mark: 0.001/0.001 secs] [Times: user=0.00 sys=0.00, real=0.00 secs] 
1.633: [CMS-concurrent-preclean-start]
1.634: [CMS-concurrent-preclean: 0.001/0.001 secs] [Times: user=0.01 sys=0.00, real=0.00 secs] 
1.634: [CMS-concurrent-abortable-preclean-start]
1.674: [GC (Allocation Failure) 1.674: [ParNew: 139776K->139776K(157248K), 0.0000325 secs]1.674: [CMS1.674: [CMS-concurrent-abortable-preclean: 0.001/0.040 secs] [Times: user=0.04 sys=0.00, real=0.04 secs] 
 (concurrent mode failure): 329964K->334630K(349568K), 0.1001062 secs] 469740K->334630K(506816K), [Metaspace: 2526K->2526K(1056768K)], 0.1002374 secs] [Times: user=0.10 sys=0.00, real=0.10 secs] 
1.837: [GC (Allocation Failure) 1.837: [ParNew: 139776K->139776K(157248K), 0.0000411 secs]1.838: [CMS: 334630K->340779K(349568K), 0.1120012 secs] 474406K->340779K(506816K), [Metaspace: 2526K->2526K(1056768K)], 0.1121790 secs] [Times: user=0.11 sys=0.00, real=0.11 secs] 
1.950: [GC (CMS Initial Mark) [1 CMS-initial-mark: 340779K(349568K)] 340977K(506816K), 0.0008825 secs] [Times: user=0.00 sys=0.00, real=0.00 secs] 
1.951: [CMS-concurrent-mark-start]
1.952: [CMS-concurrent-mark: 0.001/0.001 secs] [Times: user=0.01 sys=0.01, real=0.00 secs] 
1.952: [CMS-concurrent-preclean-start]
1.952: [CMS-concurrent-preclean: 0.001/0.001 secs] [Times: user=0.00 sys=0.00, real=0.00 secs] 
1.952: [CMS-concurrent-abortable-preclean-start]
2.053: [CMS-concurrent-abortable-preclean: 0.001/0.101 secs] [Times: user=0.04 sys=0.05, real=0.10 secs] 
2.054: [GC (CMS Final Remark) [YG occupancy: 130906 K (157248 K)]2.054: [Rescan (parallel) , 0.0012935 secs]2.055: [weak refs processing, 0.0000323 secs]2.055: [class unloading, 0.0003371 secs]2.055: [scrub symbol table, 0.0003566 secs]2.056: [scrub string table, 0.0001894 secs][1 CMS-remark: 340779K(349568K)] 471686K(506816K), 0.0023144 secs] [Times: user=0.01 sys=0.00, real=0.01 secs] 
2.056: [CMS-concurrent-sweep-start]
2.058: [CMS-concurrent-sweep: 0.002/0.002 secs] [Times: user=0.00 sys=0.01, real=0.00 secs] 
2.058: [CMS-concurrent-reset-start]
2.060: [CMS-concurrent-reset: 0.001/0.001 secs] [Times: user=0.00 sys=0.00, real=0.00 secs] 
2.072: [GC (Allocation Failure) 2.072: [ParNew: 139776K->139776K(157248K), 0.0000283 secs]2.072: [CMS: 340739K->348437K(349568K), 0.1808739 secs] 480515K->348437K(506816K), [Metaspace: 2526K->2526K(1056768K)], 0.1809766 secs] [Times: user=0.11 sys=0.07, real=0.18 secs] 
2.253: [GC (CMS Initial Mark) [1 CMS-initial-mark: 348437K(349568K)] 348637K(506816K), 0.0009229 secs] [Times: user=0.00 sys=0.00, real=0.00 secs] 
2.254: [CMS-concurrent-mark-start]
2.255: [CMS-concurrent-mark: 0.001/0.001 secs] [Times: user=0.00 sys=0.01, real=0.01 secs] 
2.255: [CMS-concurrent-preclean-start]
2.257: [CMS-concurrent-preclean: 0.001/0.001 secs] [Times: user=0.00 sys=0.00, real=0.00 secs] 
2.257: [CMS-concurrent-abortable-preclean-start]
2.257: [CMS-concurrent-abortable-preclean: 0.000/0.000 secs] [Times: user=0.00 sys=0.00, real=0.00 secs] 
2.257: [GC (CMS Final Remark) [YG occupancy: 3313 K (157248 K)]2.257: [Rescan (parallel) , 0.0007352 secs]2.258: [weak refs processing, 0.0000172 secs]2.258: [class unloading, 0.0002309 secs]2.258: [scrub symbol table, 0.0003679 secs]2.259: [scrub string table, 0.0001811 secs][1 CMS-remark: 348437K(349568K)] 351750K(506816K), 0.0016096 secs] [Times: user=0.00 sys=0.00, real=0.00 secs] 
2.259: [CMS-concurrent-sweep-start]
2.260: [CMS-concurrent-sweep: 0.001/0.001 secs] [Times: user=0.00 sys=0.00, real=0.00 secs] 
2.260: [CMS-concurrent-reset-start]
2.261: [CMS-concurrent-reset: 0.001/0.001 secs] [Times: user=0.00 sys=0.00, real=0.00 secs] 
2.346: [GC (Allocation Failure) 2.346: [ParNew: 139776K->139776K(157248K), 0.0000638 secs]2.346: [CMS: 348244K->344530K(349568K), 0.1275197 secs] 488020K->344530K(506816K), [Metaspace: 2526K->2526K(1056768K)], 0.1276980 secs] [Times: user=0.12 sys=0.00, real=0.12 secs] 
2.474: [GC (CMS Initial Mark) [1 CMS-initial-mark: 344530K(349568K)] 344602K(506816K), 0.0018574 secs] [Times: user=0.00 sys=0.00, real=0.01 secs] 
2.476: [CMS-concurrent-mark-start]
2.477: [CMS-concurrent-mark: 0.002/0.002 secs] [Times: user=0.01 sys=0.00, real=0.00 secs] 
2.477: [CMS-concurrent-preclean-start]
2.479: [CMS-concurrent-preclean: 0.002/0.002 secs] [Times: user=0.01 sys=0.00, real=0.00 secs] 
2.479: [CMS-concurrent-abortable-preclean-start]
2.479: [CMS-concurrent-abortable-preclean: 0.000/0.000 secs] [Times: user=0.00 sys=0.00, real=0.00 secs] 
2.479: [GC (CMS Final Remark) [YG occupancy: 6346 K (157248 K)]2.479: [Rescan (parallel) , 0.0016344 secs]2.481: [weak refs processing, 0.0000181 secs]2.481: [class unloading, 0.0002862 secs]2.481: [scrub symbol table, 0.0003739 secs]2.482: [scrub string table, 0.0001853 secs][1 CMS-remark: 344530K(349568K)] 350877K(506816K), 0.0025897 secs] [Times: user=0.01 sys=0.00, real=0.00 secs] 
2.482: [CMS-concurrent-sweep-start]
2.483: [CMS-concurrent-sweep: 0.001/0.001 secs] [Times: user=0.01 sys=0.00, real=0.00 secs] 
2.483: [CMS-concurrent-reset-start]
2.484: [CMS-concurrent-reset: 0.001/0.001 secs] [Times: user=0.00 sys=0.00, real=0.00 secs] 
2.548: [GC (Allocation Failure) 2.548: [ParNew: 139492K->139492K(157248K), 0.0000548 secs]2.549: [CMS: 344188K->349190K(349568K), 0.3167782 secs] 483680K->349640K(506816K), [Metaspace: 2526K->2526K(1056768K)], 0.3169423 secs] [Times: user=0.14 sys=0.19, real=0.32 secs] 
2.866: [GC (CMS Initial Mark) [1 CMS-initial-mark: 349190K(349568K)] 350167K(506816K), 0.0017484 secs] [Times: user=0.00 sys=0.00, real=0.00 secs] 
2.868: [CMS-concurrent-mark-start]
2.870: [CMS-concurrent-mark: 0.002/0.002 secs] [Times: user=0.01 sys=0.00, real=0.00 secs] 
2.870: [CMS-concurrent-preclean-start]
2.872: [CMS-concurrent-preclean: 0.002/0.002 secs] [Times: user=0.00 sys=0.00, real=0.00 secs] 
2.872: [CMS-concurrent-abortable-preclean-start]
2.872: [CMS-concurrent-abortable-preclean: 0.000/0.000 secs] [Times: user=0.00 sys=0.00, real=0.00 secs] 
2.872: [GC (CMS Final Remark) [YG occupancy: 10279 K (157248 K)]2.872: [Rescan (parallel) , 0.0008019 secs]2.873: [weak refs processing, 0.0000166 secs]2.873: [class unloading, 0.0002568 secs]2.874: [scrub symbol table, 0.0003619 secs]2.874: [scrub string table, 0.0001588 secs][1 CMS-remark: 349190K(349568K)] 359469K(506816K), 0.0016827 secs] [Times: user=0.00 sys=0.00, real=0.00 secs] 
2.874: [CMS-concurrent-sweep-start]
2.875: [CMS-concurrent-sweep: 0.000/0.000 secs] [Times: user=0.00 sys=0.00, real=0.01 secs] 
2.875: [CMS-concurrent-reset-start]
2.876: [CMS-concurrent-reset: 0.001/0.001 secs] [Times: user=0.01 sys=0.00, real=0.00 secs] 
2.963: [GC (Allocation Failure) 2.963: [ParNew: 156732K->156732K(157248K), 0.0000529 secs]2.963: [CMS: 348903K->349281K(349568K), 0.1657394 secs] 505636K->357675K(506816K), [Metaspace: 2526K->2526K(1056768K)], 0.1658964 secs] [Times: user=0.12 sys=0.05, real=0.17 secs] 
3.129: [GC (CMS Initial Mark) [1 CMS-initial-mark: 349281K(349568K)] 358397K(506816K), 0.0012710 secs] [Times: user=0.00 sys=0.00, real=0.00 secs] 
3.130: [CMS-concurrent-mark-start]
3.132: [CMS-concurrent-mark: 0.002/0.002 secs] [Times: user=0.01 sys=0.00, real=0.00 secs] 
3.132: [CMS-concurrent-preclean-start]
3.134: [CMS-concurrent-preclean: 0.002/0.002 secs] [Times: user=0.00 sys=0.00, real=0.00 secs] 
3.134: [CMS-concurrent-abortable-preclean-start]
3.134: [CMS-concurrent-abortable-preclean: 0.000/0.000 secs] [Times: user=0.00 sys=0.00, real=0.00 secs] 
3.135: [GC (CMS Final Remark) [YG occupancy: 17869 K (157248 K)]3.135: [Rescan (parallel) , 0.0010197 secs]3.136: [weak refs processing, 0.0000167 secs]3.136: [class unloading, 0.0002674 secs]3.136: [scrub symbol table, 0.0003372 secs]3.136: [scrub string table, 0.0001690 secs][1 CMS-remark: 349281K(349568K)] 367151K(506816K), 0.0018904 secs] [Times: user=0.01 sys=0.00, real=0.00 secs] 
3.137: [CMS-concurrent-sweep-start]
3.137: [CMS-concurrent-sweep: 0.000/0.000 secs] [Times: user=0.00 sys=0.00, real=0.00 secs] 
3.137: [CMS-concurrent-reset-start]
3.139: [CMS-concurrent-reset: 0.001/0.001 secs] [Times: user=0.00 sys=0.00, real=0.00 secs] 
3.210: [GC (Allocation Failure) 3.210: [ParNew: 157242K->157242K(157248K), 0.0000518 secs]3.210: [CMS: 348747K->349445K(349568K), 0.1180736 secs] 505989K->360908K(506816K), [Metaspace: 2526K->2526K(1056768K)], 0.1182312 secs] [Times: user=0.12 sys=0.00, real=0.12 secs] 
3.328: [GC (CMS Initial Mark) [1 CMS-initial-mark: 349445K(349568K)] 363714K(506816K), 0.0018769 secs] [Times: user=0.00 sys=0.00, real=0.00 secs] 
3.330: [CMS-concurrent-mark-start]
3.332: [CMS-concurrent-mark: 0.002/0.002 secs] [Times: user=0.01 sys=0.00, real=0.00 secs] 
3.332: [CMS-concurrent-preclean-start]
3.334: [CMS-concurrent-preclean: 0.002/0.002 secs] [Times: user=0.01 sys=0.00, real=0.00 secs] 
3.335: [CMS-concurrent-abortable-preclean-start]
3.335: [CMS-concurrent-abortable-preclean: 0.000/0.000 secs] [Times: user=0.00 sys=0.00, real=0.00 secs] 
3.335: [GC (CMS Final Remark) [YG occupancy: 19460 K (157248 K)]3.335: [Rescan (parallel) , 0.0008804 secs]3.336: [weak refs processing, 0.0000187 secs]3.336: [class unloading, 0.0002610 secs]3.336: [scrub symbol table, 0.0003564 secs]3.336: [scrub string table, 0.0001788 secs][1 CMS-remark: 349445K(349568K)] 368905K(506816K), 0.0017795 secs] [Times: user=0.00 sys=0.00, real=0.00 secs] 
3.338: [CMS-concurrent-sweep-start]
3.343: [CMS-concurrent-sweep: 0.005/0.005 secs] [Times: user=0.00 sys=0.00, real=0.00 secs] 
3.343: [CMS-concurrent-reset-start]
3.345: [CMS-concurrent-reset: 0.002/0.002 secs] [Times: user=0.00 sys=0.00, real=0.01 secs] 
3.411: [GC (Allocation Failure) 3.411: [ParNew: 156823K->156823K(157248K), 0.0001474 secs]3.411: [CMS: 348856K->349383K(349568K), 0.1136887 secs] 505679K->362142K(506816K), [Metaspace: 2526K->2526K(1056768K)], 0.1139419 secs] [Times: user=0.11 sys=0.00, real=0.12 secs] 
3.525: [GC (CMS Initial Mark) [1 CMS-initial-mark: 349383K(349568K)] 362853K(506816K), 0.0016956 secs] [Times: user=0.00 sys=0.00, real=0.00 secs] 
3.527: [CMS-concurrent-mark-start]
3.528: [CMS-concurrent-mark: 0.002/0.002 secs] [Times: user=0.01 sys=0.00, real=0.00 secs] 
3.528: [CMS-concurrent-preclean-start]
3.531: [CMS-concurrent-preclean: 0.002/0.002 secs] [Times: user=0.00 sys=0.00, real=0.00 secs] 
3.531: [CMS-concurrent-abortable-preclean-start]
3.531: [CMS-concurrent-abortable-preclean: 0.000/0.000 secs] [Times: user=0.00 sys=0.00, real=0.00 secs] 
3.531: [GC (CMS Final Remark) [YG occupancy: 23715 K (157248 K)]3.531: [Rescan (parallel) , 0.0008779 secs]3.532: [weak refs processing, 0.0000174 secs]3.532: [class unloading, 0.0002730 secs]3.532: [scrub symbol table, 0.0003581 secs]3.533: [scrub string table, 0.0001803 secs][1 CMS-remark: 349383K(349568K)] 373098K(506816K), 0.0017995 secs] [Times: user=0.01 sys=0.00, real=0.00 secs] 
3.533: [CMS-concurrent-sweep-start]
3.534: [CMS-concurrent-sweep: 0.001/0.001 secs] [Times: user=0.00 sys=0.00, real=0.00 secs] 
3.534: [CMS-concurrent-reset-start]
3.535: [CMS-concurrent-reset: 0.001/0.001 secs] [Times: user=0.00 sys=0.00, real=0.01 secs] 
3.593: [GC (Allocation Failure) 3.593: [ParNew: 157195K->157195K(157248K), 0.0000538 secs]3.593: [CMS: 348969K->349416K(349568K), 0.1186324 secs] 506165K->361298K(506816K), [Metaspace: 2526K->2526K(1056768K)], 0.1188249 secs] [Times: user=0.12 sys=0.00, real=0.12 secs] 
3.712: [GC (CMS Initial Mark) [1 CMS-initial-mark: 349416K(349568K)] 361462K(506816K), 0.0013641 secs] [Times: user=0.00 sys=0.00, real=0.00 secs] 
3.713: [CMS-concurrent-mark-start]
3.715: [CMS-concurrent-mark: 0.002/0.002 secs] [Times: user=0.01 sys=0.00, real=0.01 secs] 
3.715: [CMS-concurrent-preclean-start]
3.717: [CMS-concurrent-preclean: 0.002/0.002 secs] [Times: user=0.01 sys=0.00, real=0.00 secs] 
3.717: [CMS-concurrent-abortable-preclean-start]
3.717: [CMS-concurrent-abortable-preclean: 0.000/0.000 secs] [Times: user=0.00 sys=0.00, real=0.00 secs] 
3.718: [GC (CMS Final Remark) [YG occupancy: 20060 K (157248 K)]3.718: [Rescan (parallel) , 0.0008448 secs]3.719: [weak refs processing, 0.0000177 secs]3.719: [class unloading, 0.0002514 secs]3.719: [scrub symbol table, 0.0003597 secs]3.719: [scrub string table, 0.0002024 secs][1 CMS-remark: 349416K(349568K)] 369477K(506816K), 0.0017704 secs] [Times: user=0.00 sys=0.00, real=0.00 secs] 
3.720: [CMS-concurrent-sweep-start]
3.720: [CMS-concurrent-sweep: 0.000/0.000 secs] [Times: user=0.00 sys=0.00, real=0.00 secs] 
3.720: [CMS-concurrent-reset-start]
3.722: [CMS-concurrent-reset: 0.001/0.001 secs] [Times: user=0.01 sys=0.00, real=0.00 secs] 
3.792: [GC (Allocation Failure) 3.792: [ParNew: 157150K->157150K(157248K), 0.0000552 secs]3.792: [CMS: 348969K->349434K(349568K), 0.1232199 secs] 506120K->361851K(506816K), [Metaspace: 2526K->2526K(1056768K)], 0.1233962 secs] [Times: user=0.12 sys=0.00, real=0.13 secs] 
3.916: [GC (CMS Initial Mark) [1 CMS-initial-mark: 349434K(349568K)] 362053K(506816K), 0.0014199 secs] [Times: user=0.00 sys=0.00, real=0.00 secs] 
3.917: [CMS-concurrent-mark-start]
3.919: [CMS-concurrent-mark: 0.001/0.001 secs] [Times: user=0.01 sys=0.00, real=0.00 secs] 
3.919: [CMS-concurrent-preclean-start]
3.921: [CMS-concurrent-preclean: 0.002/0.002 secs] [Times: user=0.01 sys=0.00, real=0.00 secs] 
3.921: [CMS-concurrent-abortable-preclean-start]
3.921: [CMS-concurrent-abortable-preclean: 0.000/0.000 secs] [Times: user=0.00 sys=0.00, real=0.00 secs] 
3.922: [GC (CMS Final Remark) [YG occupancy: 22729 K (157248 K)]3.922: [Rescan (parallel) , 0.0006328 secs]3.922: [weak refs processing, 0.0000200 secs]3.922: [class unloading, 0.0002518 secs]3.923: [scrub symbol table, 0.0003841 secs]3.923: [scrub string table, 0.0001916 secs][1 CMS-remark: 349434K(349568K)] 372163K(506816K), 0.0015637 secs] [Times: user=0.00 sys=0.00, real=0.00 secs] 
3.923: [CMS-concurrent-sweep-start]
3.924: [CMS-concurrent-sweep: 0.001/0.001 secs] [Times: user=0.00 sys=0.00, real=0.00 secs] 
3.924: [CMS-concurrent-reset-start]
3.925: [CMS-concurrent-reset: 0.001/0.001 secs] [Times: user=0.01 sys=0.00, real=0.01 secs] 
3.992: [GC (Allocation Failure) 3.993: [ParNew: 157190K->157190K(157248K), 0.0000766 secs]3.993: [CMS: 348999K->349409K(349568K), 0.1279116 secs] 506190K->363283K(506816K), [Metaspace: 2526K->2526K(1056768K)], 0.1281431 secs] [Times: user=0.13 sys=0.01, real=0.13 secs] 
4.121: [GC (CMS Initial Mark) [1 CMS-initial-mark: 349409K(349568K)] 366168K(506816K), 0.0015263 secs] [Times: user=0.00 sys=0.00, real=0.00 secs] 
4.123: [CMS-concurrent-mark-start]
4.124: [CMS-concurrent-mark: 0.002/0.002 secs] [Times: user=0.01 sys=0.00, real=0.00 secs] 
4.124: [CMS-concurrent-preclean-start]
4.127: [CMS-concurrent-preclean: 0.002/0.002 secs] [Times: user=0.01 sys=0.00, real=0.01 secs] 
4.127: [CMS-concurrent-abortable-preclean-start]
4.127: [CMS-concurrent-abortable-preclean: 0.000/0.000 secs] [Times: user=0.00 sys=0.00, real=0.00 secs] 
4.127: [GC (CMS Final Remark) [YG occupancy: 25064 K (157248 K)]4.127: [Rescan (parallel) , 0.0010595 secs]4.128: [weak refs processing, 0.0000200 secs]4.128: [class unloading, 0.0003278 secs]4.129: [scrub symbol table, 0.0004266 secs]4.129: [scrub string table, 0.0002459 secs][1 CMS-remark: 349409K(349568K)] 374474K(506816K), 0.0021984 secs] [Times: user=0.00 sys=0.00, real=0.00 secs] 
4.130: [CMS-concurrent-sweep-start]
4.130: [CMS-concurrent-sweep: 0.000/0.000 secs] [Times: user=0.01 sys=0.00, real=0.00 secs] 
4.130: [CMS-concurrent-reset-start]
4.131: [CMS-concurrent-reset: 0.001/0.001 secs] [Times: user=0.00 sys=0.00, real=0.00 secs] 
4.188: [GC (Allocation Failure) 4.188: [ParNew: 157147K->157147K(157248K), 0.0000331 secs]4.188: [CMS: 348504K->348845K(349568K), 0.1093116 secs] 505651K->373762K(506816K), [Metaspace: 2526K->2526K(1056768K)], 0.1094156 secs] [Times: user=0.11 sys=0.00, real=0.11 secs] 
4.298: [GC (CMS Initial Mark) [1 CMS-initial-mark: 348845K(349568K)] 373906K(506816K), 0.0004743 secs] [Times: user=0.00 sys=0.00, real=0.00 secs] 
4.298: [CMS-concurrent-mark-start]
4.299: [CMS-concurrent-mark: 0.001/0.001 secs] [Times: user=0.01 sys=0.00, real=0.00 secs] 
4.299: [CMS-concurrent-preclean-start]
4.300: [CMS-concurrent-preclean: 0.001/0.001 secs] [Times: user=0.00 sys=0.00, real=0.00 secs] 
4.300: [CMS-concurrent-abortable-preclean-start]
4.300: [CMS-concurrent-abortable-preclean: 0.000/0.000 secs] [Times: user=0.00 sys=0.00, real=0.00 secs] 
4.300: [GC (CMS Final Remark) [YG occupancy: 32064 K (157248 K)]4.300: [Rescan (parallel) , 0.0005615 secs]4.301: [weak refs processing, 0.0000170 secs]4.301: [class unloading, 0.0002523 secs]4.301: [scrub symbol table, 0.0003232 secs]4.302: [scrub string table, 0.0001647 secs][1 CMS-remark: 348845K(349568K)] 380909K(506816K), 0.0013861 secs] [Times: user=0.01 sys=0.00, real=0.00 secs] 
4.302: [CMS-concurrent-sweep-start]
4.302: [CMS-concurrent-sweep: 0.000/0.000 secs] [Times: user=0.00 sys=0.00, real=0.00 secs] 
4.302: [CMS-concurrent-reset-start]
4.303: [CMS-concurrent-reset: 0.001/0.001 secs] [Times: user=0.00 sys=0.00, real=0.00 secs] 
4.346: [GC (Allocation Failure) 4.346: [ParNew: 157239K->157239K(157248K), 0.0000251 secs]4.346: [CMS: 348845K->349397K(349568K), 0.1170211 secs] 506085K->377772K(506816K), [Metaspace: 2526K->2526K(1056768K)], 0.1171524 secs] [Times: user=0.12 sys=0.00, real=0.11 secs] 
4.463: [GC (CMS Initial Mark) [1 CMS-initial-mark: 349397K(349568K)] 377937K(506816K), 0.0007988 secs] [Times: user=0.00 sys=0.00, real=0.00 secs] 
4.464: [CMS-concurrent-mark-start]
4.465: [CMS-concurrent-mark: 0.001/0.001 secs] [Times: user=0.01 sys=0.00, real=0.01 secs] 
4.465: [CMS-concurrent-preclean-start]
4.466: [CMS-concurrent-preclean: 0.001/0.001 secs] [Times: user=0.00 sys=0.00, real=0.00 secs] 
4.466: [CMS-concurrent-abortable-preclean-start]
4.466: [CMS-concurrent-abortable-preclean: 0.000/0.000 secs] [Times: user=0.00 sys=0.00, real=0.00 secs] 
4.466: [GC (CMS Final Remark) [YG occupancy: 34569 K (157248 K)]4.466: [Rescan (parallel) , 0.0005319 secs]4.467: [weak refs processing, 0.0000178 secs]4.467: [class unloading, 0.0002480 secs]4.467: [scrub symbol table, 0.0003359 secs]4.467: [scrub string table, 0.0001986 secs][1 CMS-remark: 349397K(349568K)] 383966K(506816K), 0.0014132 secs] [Times: user=0.00 sys=0.00, real=0.00 secs] 
4.468: [CMS-concurrent-sweep-start]
4.468: [CMS-concurrent-sweep: 0.000/0.000 secs] [Times: user=0.00 sys=0.00, real=0.00 secs] 
4.468: [CMS-concurrent-reset-start]
4.469: [CMS-concurrent-reset: 0.001/0.001 secs] [Times: user=0.00 sys=0.00, real=0.00 secs] 
4.512: [GC (Allocation Failure) 4.512: [ParNew: 157120K->157120K(157248K), 0.0000555 secs]4.513: [CMS: 349175K->349421K(349568K), 0.1277360 secs] 506295K->372750K(506816K), [Metaspace: 2526K->2526K(1056768K)], 0.1279043 secs] [Times: user=0.13 sys=0.00, real=0.13 secs] 
4.641: [GC (CMS Initial Mark) [1 CMS-initial-mark: 349421K(349568K)] 372933K(506816K), 0.0008734 secs] [Times: user=0.00 sys=0.00, real=0.00 secs] 
4.642: [CMS-concurrent-mark-start]
4.643: [CMS-concurrent-mark: 0.001/0.001 secs] [Times: user=0.00 sys=0.00, real=0.00 secs] 
4.643: [CMS-concurrent-preclean-start]
4.644: [CMS-concurrent-preclean: 0.001/0.001 secs] [Times: user=0.00 sys=0.00, real=0.00 secs] 
4.644: [CMS-concurrent-abortable-preclean-start]
4.644: [CMS-concurrent-abortable-preclean: 0.000/0.000 secs] [Times: user=0.00 sys=0.00, real=0.00 secs] 
4.644: [GC (CMS Final Remark) [YG occupancy: 30103 K (157248 K)]4.644: [Rescan (parallel) , 0.0005606 secs]4.645: [weak refs processing, 0.0000188 secs]4.645: [class unloading, 0.0002497 secs]4.645: [scrub symbol table, 0.0003589 secs]4.646: [scrub string table, 0.0001990 secs][1 CMS-remark: 349421K(349568K)] 379525K(506816K), 0.0014828 secs] [Times: user=0.01 sys=0.00, real=0.01 secs] 
4.646: [CMS-concurrent-sweep-start]
4.646: [CMS-concurrent-sweep: 0.000/0.000 secs] [Times: user=0.00 sys=0.00, real=0.00 secs] 
4.646: [CMS-concurrent-reset-start]
4.647: [CMS-concurrent-reset: 0.001/0.001 secs] [Times: user=0.00 sys=0.00, real=0.00 secs] 
4.693: [GC (Allocation Failure) 4.693: [ParNew: 157164K->157164K(157248K), 0.0000550 secs]4.693: [CMS: 349251K->349534K(349568K), 0.1240147 secs] 506415K->363318K(506816K), [Metaspace: 2526K->2526K(1056768K)], 0.1242071 secs] [Times: user=0.12 sys=0.00, real=0.13 secs] 
4.817: [GC (CMS Initial Mark) [1 CMS-initial-mark: 349534K(349568K)] 363634K(506816K), 0.0006643 secs] [Times: user=0.00 sys=0.00, real=0.00 secs] 
4.818: [CMS-concurrent-mark-start]
4.819: [CMS-concurrent-mark: 0.001/0.001 secs] [Times: user=0.01 sys=0.00, real=0.00 secs] 
4.819: [CMS-concurrent-preclean-start]
4.820: [CMS-concurrent-preclean: 0.001/0.001 secs] [Times: user=0.00 sys=0.00, real=0.00 secs] 
4.820: [CMS-concurrent-abortable-preclean-start]
4.820: [CMS-concurrent-abortable-preclean: 0.000/0.000 secs] [Times: user=0.00 sys=0.00, real=0.00 secs] 
4.821: [GC (CMS Final Remark) [YG occupancy: 21566 K (157248 K)]4.821: [Rescan (parallel) , 0.0006514 secs]4.821: [weak refs processing, 0.0000178 secs]4.821: [class unloading, 0.0002404 secs]4.821: [scrub symbol table, 0.0003750 secs]4.822: [scrub string table, 0.0001988 secs][1 CMS-remark: 349534K(349568K)] 371100K(506816K), 0.0015786 secs] [Times: user=0.00 sys=0.00, real=0.00 secs] 
4.822: [CMS-concurrent-sweep-start]
4.823: [CMS-concurrent-sweep: 0.000/0.000 secs] [Times: user=0.01 sys=0.00, real=0.00 secs] 
4.823: [CMS-concurrent-reset-start]
4.824: [CMS-concurrent-reset: 0.001/0.001 secs] [Times: user=0.00 sys=0.00, real=0.00 secs] 
4.872: [GC (Allocation Failure) 4.873: [ParNew: 156949K->156949K(157248K), 0.0000839 secs]4.873: [CMS: 349507K->349495K(349568K), 0.1210433 secs] 506456K->367499K(506816K), [Metaspace: 2526K->2526K(1056768K)], 0.1212382 secs] [Times: user=0.12 sys=0.00, real=0.12 secs] 
4.994: [GC (CMS Initial Mark) [1 CMS-initial-mark: 349495K(349568K)] 367848K(506816K), 0.0016520 secs] [Times: user=0.00 sys=0.01, real=0.01 secs] 
4.996: [CMS-concurrent-mark-start]
4.997: [CMS-concurrent-mark: 0.001/0.001 secs] [Times: user=0.01 sys=0.00, real=0.00 secs] 
4.997: [CMS-concurrent-preclean-start]
4.998: [CMS-concurrent-preclean: 0.001/0.001 secs] [Times: user=0.00 sys=0.00, real=0.00 secs] 
4.998: [CMS-concurrent-abortable-preclean-start]
4.998: [CMS-concurrent-abortable-preclean: 0.000/0.000 secs] [Times: user=0.00 sys=0.00, real=0.00 secs] 
4.998: [GC (CMS Final Remark) [YG occupancy: 24455 K (157248 K)]4.998: [Rescan (parallel) , 0.0007333 secs]4.999: [weak refs processing, 0.0000343 secs]4.999: [class unloading, 0.0002843 secs]4.999: [scrub symbol table, 0.0003052 secs]5.000: [scrub string table, 0.0001765 secs][1 CMS-remark: 349495K(349568K)] 373950K(506816K), 0.0016188 secs] [Times: user=0.00 sys=0.00, real=0.00 secs] 
5.000: [CMS-concurrent-sweep-start]
5.000: [CMS-concurrent-sweep: 0.000/0.000 secs] [Times: user=0.00 sys=0.00, real=0.00 secs] 
5.000: [CMS-concurrent-reset-start]
5.001: [CMS-concurrent-reset: 0.001/0.001 secs] [Times: user=0.01 sys=0.00, real=0.00 secs] 
5.050: [GC (Allocation Failure) 5.050: [ParNew: 157003K->157003K(157248K), 0.0000452 secs]5.050: [CMS: 349489K->349472K(349568K), 0.1213889 secs] 506493K->371810K(506816K), [Metaspace: 2526K->2526K(1056768K)], 0.1215374 secs] [Times: user=0.12 sys=0.00, real=0.12 secs] 
5.172: [GC (CMS Initial Mark) [1 CMS-initial-mark: 349472K(349568K)] 372098K(506816K), 0.0014665 secs] [Times: user=0.00 sys=0.00, real=0.00 secs] 
5.174: [CMS-concurrent-mark-start]
执行结束。共生成对象次数:17407
5.175: [CMS-concurrent-mark: 0.002/0.002 secs] [Times: user=0.01 sys=0.00, real=0.01 secs] 
5.176: [CMS-concurrent-preclean-start]
Heap
 par new generation   total 157248K, used 28155K [0x00000000e0000000, 0x00000000eaaa0000, 0x00000000eaaa0000)
  eden space 139776K,  20% used [0x00000000e0000000, 0x00000000e1b7ed68, 0x00000000e8880000)
  from space 17472K,   0% used [0x00000000e8880000, 0x00000000e8880000, 0x00000000e9990000)
  to   space 17472K,   0% used [0x00000000e9990000, 0x00000000e9990000, 0x00000000eaaa0000)
 concurrent mark-sweep generation total 349568K, used 349472K [0x00000000eaaa0000, 0x0000000100000000, 0x0000000100000000)
 Metaspace       used 2533K, capacity 4486K, committed 4864K, reserved 1056768K
  class space    used 273K, capacity 386K, committed 512K, reserved 1048576K
开始执行.......
0.209: [GC (Allocation Failure) 0.209: [ParNew: 139776K->17469K(157248K), 0.0122892 secs] 139776K->42746K(506816K), 0.0124796 secs] [Times: user=0.09 sys=0.08, real=0.02 secs] 
0.269: [GC (Allocation Failure) 0.269: [ParNew: 157245K->17472K(157248K), 0.0159667 secs] 182522K->87627K(506816K), 0.0160885 secs] [Times: user=0.11 sys=0.12, real=0.02 secs] 
0.335: [GC (Allocation Failure) 0.335: [ParNew: 157105K->17471K(157248K), 0.0489043 secs] 227261K->125109K(506816K), 0.0490121 secs] [Times: user=0.83 sys=0.03, real=0.05 secs] 
0.427: [GC (Allocation Failure) 0.427: [ParNew: 157247K->17471K(157248K), 0.0320857 secs] 264885K->165895K(506816K), 0.0321683 secs] [Times: user=0.54 sys=0.03, real=0.03 secs] 
0.503: [GC (Allocation Failure) 0.503: [ParNew: 157247K->17471K(157248K), 0.0336997 secs] 305671K->208730K(506816K), 0.0337647 secs] [Times: user=0.57 sys=0.02, real=0.03 secs] 
0.537: [GC (CMS Initial Mark) [1 CMS-initial-mark: 191258K(349568K)] 208917K(506816K), 0.0006149 secs] [Times: user=0.00 sys=0.00, real=0.00 secs] 
0.537: [CMS-concurrent-mark-start]
0.540: [CMS-concurrent-mark: 0.003/0.003 secs] [Times: user=0.02 sys=0.00, real=0.01 secs] 
0.540: [CMS-concurrent-preclean-start]
0.541: [CMS-concurrent-preclean: 0.001/0.001 secs] [Times: user=0.00 sys=0.00, real=0.00 secs] 
0.541: [CMS-concurrent-abortable-preclean-start]
0.579: [GC (Allocation Failure) 0.579: [ParNew: 157125K->17471K(157248K), 0.0397844 secs] 348384K->259008K(506816K), 0.0398789 secs] [Times: user=0.67 sys=0.03, real=0.04 secs] 
0.661: [GC (Allocation Failure) 0.661: [ParNew: 157247K->17471K(157248K), 0.0345602 secs] 398784K->303574K(506816K), 0.0346278 secs] [Times: user=0.57 sys=0.03, real=0.03 secs] 
0.735: [GC (Allocation Failure) 0.735: [ParNew: 157247K->17470K(157248K), 0.0383630 secs] 443350K->348756K(506816K), 0.0384186 secs] [Times: user=0.64 sys=0.03, real=0.04 secs] 
0.775: [CMS-concurrent-abortable-preclean: 0.005/0.233 secs] [Times: user=2.02 sys=0.09, real=0.23 secs] 
0.775: [GC (CMS Final Remark) [YG occupancy: 24331 K (157248 K)]0.775: [Rescan (parallel) , 0.0005944 secs]0.775: [weak refs processing, 0.0000162 secs]0.775: [class unloading, 0.0003612 secs]0.776: [scrub symbol table, 0.0004260 secs]0.776: [scrub string table, 0.0001728 secs][1 CMS-remark: 331286K(349568K)] 355617K(506816K), 0.0016832 secs] [Times: user=0.01 sys=0.00, real=0.00 secs] 
0.777: [CMS-concurrent-sweep-start]
0.777: [CMS-concurrent-sweep: 0.001/0.001 secs] [Times: user=0.00 sys=0.00, real=0.00 secs] 
0.777: [CMS-concurrent-reset-start]
0.781: [CMS-concurrent-reset: 0.003/0.003 secs] [Times: user=0.00 sys=0.01, real=0.01 secs] 
0.819: [GC (Allocation Failure) 0.819: [ParNew: 157246K->17471K(157248K), 0.0187872 secs] 451327K->350909K(506816K), 0.0188731 secs] [Times: user=0.32 sys=0.00, real=0.02 secs] 
0.838: [GC (CMS Initial Mark) [1 CMS-initial-mark: 333437K(349568K)] 350981K(506816K), 0.0007286 secs] [Times: user=0.00 sys=0.00, real=0.00 secs] 
0.839: [CMS-concurrent-mark-start]
0.840: [CMS-concurrent-mark: 0.001/0.001 secs] [Times: user=0.01 sys=0.00, real=0.01 secs] 
0.840: [CMS-concurrent-preclean-start]
0.841: [CMS-concurrent-preclean: 0.001/0.001 secs] [Times: user=0.00 sys=0.00, real=0.00 secs] 
0.841: [CMS-concurrent-abortable-preclean-start]
0.841: [CMS-concurrent-abortable-preclean: 0.000/0.000 secs] [Times: user=0.00 sys=0.00, real=0.00 secs] 
0.841: [GC (CMS Final Remark) [YG occupancy: 28636 K (157248 K)]0.841: [Rescan (parallel) , 0.0005215 secs]0.842: [weak refs processing, 0.0000208 secs]0.842: [class unloading, 0.0003412 secs]0.842: [scrub symbol table, 0.0004824 secs]0.843: [scrub string table, 0.0002287 secs][1 CMS-remark: 333437K(349568K)] 362074K(506816K), 0.0017085 secs] [Times: user=0.01 sys=0.00, real=0.00 secs] 
0.843: [CMS-concurrent-sweep-start]
0.844: [CMS-concurrent-sweep: 0.001/0.001 secs] [Times: user=0.00 sys=0.00, real=0.00 secs] 
0.844: [CMS-concurrent-reset-start]
0.845: [CMS-concurrent-reset: 0.001/0.001 secs] [Times: user=0.00 sys=0.00, real=0.00 secs] 
0.883: [GC (Allocation Failure) 0.883: [ParNew: 157247K->17470K(157248K), 0.0237442 secs] 396881K->299493K(506816K), 0.0238470 secs] [Times: user=0.41 sys=0.01, real=0.02 secs] 
0.907: [GC (CMS Initial Mark) [1 CMS-initial-mark: 282022K(349568K)] 300042K(506816K), 0.0010762 secs] [Times: user=0.00 sys=0.00, real=0.00 secs] 
0.908: [CMS-concurrent-mark-start]
0.909: [CMS-concurrent-mark: 0.001/0.001 secs] [Times: user=0.00 sys=0.00, real=0.00 secs] 
0.909: [CMS-concurrent-preclean-start]
0.910: [CMS-concurrent-preclean: 0.001/0.001 secs] [Times: user=0.00 sys=0.00, real=0.01 secs] 
0.910: [CMS-concurrent-abortable-preclean-start]
0.949: [GC (Allocation Failure) 0.949: [ParNew: 157246K->17471K(157248K), 0.0208203 secs] 439269K->337752K(506816K), 0.0209120 secs] [Times: user=0.37 sys=0.00, real=0.03 secs] 
1.014: [GC (Allocation Failure) 1.014: [ParNew: 157247K->157247K(157248K), 0.0000550 secs]1.014: [CMS1.014: [CMS-concurrent-abortable-preclean: 0.002/0.104 secs] [Times: user=0.45 sys=0.00, real=0.10 secs] 
 (concurrent mode failure): 320280K->293247K(349568K), 0.1131382 secs] 477528K->293247K(506816K), [Metaspace: 2526K->2526K(1056768K)], 0.1133197 secs] [Times: user=0.11 sys=0.00, real=0.11 secs] 
1.187: [GC (Allocation Failure) 1.187: [ParNew: 139776K->17471K(157248K), 0.0188188 secs] 433023K->341161K(506816K), 0.0189481 secs] [Times: user=0.32 sys=0.00, real=0.02 secs] 
1.206: [GC (CMS Initial Mark) [1 CMS-initial-mark: 323689K(349568K)] 344066K(506816K), 0.0008687 secs] [Times: user=0.00 sys=0.00, real=0.00 secs] 
1.207: [CMS-concurrent-mark-start]
1.208: [CMS-concurrent-mark: 0.001/0.001 secs] [Times: user=0.01 sys=0.00, real=0.00 secs] 
1.208: [CMS-concurrent-preclean-start]
1.210: [CMS-concurrent-preclean: 0.001/0.001 secs] [Times: user=0.00 sys=0.00, real=0.01 secs] 
1.210: [CMS-concurrent-abortable-preclean-start]
1.210: [CMS-concurrent-abortable-preclean: 0.000/0.000 secs] [Times: user=0.00 sys=0.00, real=0.00 secs] 
1.210: [GC (CMS Final Remark) [YG occupancy: 28230 K (157248 K)]1.210: [Rescan (parallel) , 0.0006398 secs]1.211: [weak refs processing, 0.0000236 secs]1.211: [class unloading, 0.0003850 secs]1.211: [scrub symbol table, 0.0005384 secs]1.212: [scrub string table, 0.0002909 secs][1 CMS-remark: 323689K(349568K)] 351919K(506816K), 0.0019979 secs] [Times: user=0.00 sys=0.00, real=0.00 secs] 
1.212: [CMS-concurrent-sweep-start]
1.213: [CMS-concurrent-sweep: 0.001/0.001 secs] [Times: user=0.01 sys=0.00, real=0.00 secs] 
1.213: [CMS-concurrent-reset-start]
1.214: [CMS-concurrent-reset: 0.001/0.001 secs] [Times: user=0.00 sys=0.00, real=0.00 secs] 
1.252: [GC (Allocation Failure) 1.252: [ParNew: 157247K->17470K(157248K), 0.0189643 secs] 437998K->343504K(506816K), 0.0190542 secs] [Times: user=0.32 sys=0.01, real=0.02 secs] 
1.271: [GC (CMS Initial Mark) [1 CMS-initial-mark: 326033K(349568K)] 343989K(506816K), 0.0005545 secs] [Times: user=0.00 sys=0.00, real=0.00 secs] 
1.272: [CMS-concurrent-mark-start]
1.273: [CMS-concurrent-mark: 0.001/0.001 secs] [Times: user=0.01 sys=0.00, real=0.00 secs] 
1.273: [CMS-concurrent-preclean-start]
1.274: [CMS-concurrent-preclean: 0.001/0.001 secs] [Times: user=0.00 sys=0.00, real=0.00 secs] 
1.274: [CMS-concurrent-abortable-preclean-start]
1.274: [CMS-concurrent-abortable-preclean: 0.000/0.000 secs] [Times: user=0.00 sys=0.00, real=0.00 secs] 
1.274: [GC (CMS Final Remark) [YG occupancy: 28285 K (157248 K)]1.274: [Rescan (parallel) , 0.0005593 secs]1.274: [weak refs processing, 0.0000143 secs]1.274: [class unloading, 0.0003080 secs]1.275: [scrub symbol table, 0.0004534 secs]1.275: [scrub string table, 0.0001821 secs][1 CMS-remark: 326033K(349568K)] 354319K(506816K), 0.0015838 secs] [Times: user=0.01 sys=0.00, real=0.00 secs] 
1.276: [CMS-concurrent-sweep-start]
1.276: [CMS-concurrent-sweep: 0.001/0.001 secs] [Times: user=0.00 sys=0.00, real=0.00 secs] 
1.276: [CMS-concurrent-reset-start]
1.277: [CMS-concurrent-reset: 0.001/0.001 secs] [Times: user=0.00 sys=0.00, real=0.00 secs] 
1.315: [GC (Allocation Failure) 1.315: [ParNew: 157246K->17470K(157248K), 0.0265339 secs] 446515K->356613K(506816K), 0.0266471 secs] [Times: user=0.46 sys=0.00, real=0.03 secs] 
1.342: [GC (CMS Initial Mark) [1 CMS-initial-mark: 339143K(349568K)] 356807K(506816K), 0.0007297 secs] [Times: user=0.00 sys=0.00, real=0.00 secs] 
1.342: [CMS-concurrent-mark-start]
1.344: [CMS-concurrent-mark: 0.001/0.001 secs] [Times: user=0.00 sys=0.00, real=0.00 secs] 
1.344: [CMS-concurrent-preclean-start]
1.344: [CMS-concurrent-preclean: 0.001/0.001 secs] [Times: user=0.00 sys=0.00, real=0.00 secs] 
1.344: [CMS-concurrent-abortable-preclean-start]
1.344: [CMS-concurrent-abortable-preclean: 0.000/0.000 secs] [Times: user=0.00 sys=0.00, real=0.00 secs] 
1.345: [GC (CMS Final Remark) [YG occupancy: 27188 K (157248 K)]1.345: [Rescan (parallel) , 0.0005872 secs]1.345: [weak refs processing, 0.0000176 secs]1.345: [class unloading, 0.0003162 secs]1.346: [scrub symbol table, 0.0005133 secs]1.346: [scrub string table, 0.0002107 secs][1 CMS-remark: 339143K(349568K)] 366331K(506816K), 0.0017266 secs] [Times: user=0.01 sys=0.00, real=0.00 secs] 
1.346: [CMS-concurrent-sweep-start]
1.347: [CMS-concurrent-sweep: 0.001/0.001 secs] [Times: user=0.00 sys=0.01, real=0.00 secs] 
1.347: [CMS-concurrent-reset-start]
1.348: [CMS-concurrent-reset: 0.001/0.001 secs] [Times: user=0.00 sys=0.00, real=0.00 secs] 
1.386: [GC (Allocation Failure) 1.386: [ParNew: 157246K->157246K(157248K), 0.0000564 secs]1.386: [CMS: 307375K->330225K(349568K), 0.1273185 secs] 464621K->330225K(506816K), [Metaspace: 2526K->2526K(1056768K)], 0.1275011 secs] [Times: user=0.13 sys=0.00, real=0.13 secs] 
1.514: [GC (CMS Initial Mark) [1 CMS-initial-mark: 330225K(349568K)] 331009K(506816K), 0.0016222 secs] [Times: user=0.00 sys=0.00, real=0.00 secs] 
1.515: [CMS-concurrent-mark-start]
1.516: [CMS-concurrent-mark: 0.001/0.001 secs] [Times: user=0.00 sys=0.00, real=0.00 secs] 
1.517: [CMS-concurrent-preclean-start]
1.518: [CMS-concurrent-preclean: 0.001/0.001 secs] [Times: user=0.00 sys=0.00, real=0.00 secs] 
1.518: [CMS-concurrent-abortable-preclean-start]
1.577: [GC (Allocation Failure) 1.577: [ParNew: 139776K->139776K(157248K), 0.0000344 secs]1.577: [CMS1.577: [CMS-concurrent-abortable-preclean: 0.001/0.059 secs] [Times: user=0.06 sys=0.00, real=0.06 secs] 
 (concurrent mode failure): 330225K->336703K(349568K), 0.0979976 secs] 470001K->336703K(506816K), [Metaspace: 2526K->2526K(1056768K)], 0.0981498 secs] [Times: user=0.10 sys=0.00, real=0.10 secs] 
1.738: [GC (Allocation Failure) 1.738: [ParNew: 139776K->139776K(157248K), 0.0000485 secs]1.738: [CMS: 336703K->340398K(349568K), 0.1204667 secs] 476479K->340398K(506816K), [Metaspace: 2526K->2526K(1056768K)], 0.1206286 secs] [Times: user=0.12 sys=0.00, real=0.12 secs] 
1.859: [GC (CMS Initial Mark) [1 CMS-initial-mark: 340398K(349568K)] 340542K(506816K), 0.0012467 secs] [Times: user=0.01 sys=0.00, real=0.01 secs] 
1.860: [CMS-concurrent-mark-start]
1.861: [CMS-concurrent-mark: 0.001/0.001 secs] [Times: user=0.00 sys=0.00, real=0.00 secs] 
1.861: [CMS-concurrent-preclean-start]
1.863: [CMS-concurrent-preclean: 0.002/0.002 secs] [Times: user=0.01 sys=0.00, real=0.00 secs] 
1.863: [CMS-concurrent-abortable-preclean-start]
1.965: [CMS-concurrent-abortable-preclean: 0.002/0.102 secs] [Times: user=0.06 sys=0.04, real=0.10 secs] 
1.965: [GC (CMS Final Remark) [YG occupancy: 134658 K (157248 K)]1.965: [Rescan (parallel) , 0.0015317 secs]1.967: [weak refs processing, 0.0000244 secs]1.967: [class unloading, 0.0004450 secs]1.967: [scrub symbol table, 0.0006185 secs]1.968: [scrub string table, 0.0003865 secs][1 CMS-remark: 340398K(349568K)] 475056K(506816K), 0.0032152 secs] [Times: user=0.02 sys=0.00, real=0.00 secs] 
1.969: [CMS-concurrent-sweep-start]
1.974: [CMS-concurrent-sweep: 0.005/0.005 secs] [Times: user=0.00 sys=0.01, real=0.01 secs] 
1.974: [CMS-concurrent-reset-start]
1.974: [GC (Allocation Failure) 1.974: [ParNew: 139776K->139776K(157248K), 0.0000630 secs]1.974: [CMS1.975: [CMS-concurrent-reset: 0.001/0.001 secs] [Times: user=0.00 sys=0.00, real=0.00 secs] 
: 340326K->339776K(349568K), 0.1782574 secs] 480102K->339776K(506816K), [Metaspace: 2526K->2526K(1056768K)], 0.1784304 secs] [Times: user=0.11 sys=0.07, real=0.18 secs] 
2.215: [GC (Allocation Failure) 2.215: [ParNew: 139776K->139776K(157248K), 0.0000399 secs]2.215: [CMS: 339776K->341202K(349568K), 0.0984627 secs] 479552K->341202K(506816K), [Metaspace: 2526K->2526K(1056768K)], 0.0986224 secs] [Times: user=0.09 sys=0.00, real=0.10 secs] 
2.314: [GC (CMS Initial Mark) [1 CMS-initial-mark: 341202K(349568K)] 341374K(506816K), 0.0015043 secs] [Times: user=0.00 sys=0.00, real=0.00 secs] 
2.315: [CMS-concurrent-mark-start]
2.317: [CMS-concurrent-mark: 0.001/0.001 secs] [Times: user=0.01 sys=0.00, real=0.00 secs] 
2.317: [CMS-concurrent-preclean-start]
2.318: [CMS-concurrent-preclean: 0.002/0.002 secs] [Times: user=0.01 sys=0.00, real=0.00 secs] 
2.319: [CMS-concurrent-abortable-preclean-start]
2.319: [CMS-concurrent-abortable-preclean: 0.000/0.000 secs] [Times: user=0.00 sys=0.00, real=0.00 secs] 
2.319: [GC (CMS Final Remark) [YG occupancy: 13957 K (157248 K)]2.319: [Rescan (parallel) , 0.0008732 secs]2.320: [weak refs processing, 0.0000179 secs]2.320: [class unloading, 0.0003228 secs]2.320: [scrub symbol table, 0.0003617 secs]2.320: [scrub string table, 0.0001905 secs][1 CMS-remark: 341202K(349568K)] 355159K(506816K), 0.0018636 secs] [Times: user=0.00 sys=0.00, real=0.01 secs] 
2.321: [CMS-concurrent-sweep-start]
2.322: [CMS-concurrent-sweep: 0.001/0.001 secs] [Times: user=0.00 sys=0.00, real=0.00 secs] 
2.322: [CMS-concurrent-reset-start]
2.323: [CMS-concurrent-reset: 0.001/0.001 secs] [Times: user=0.00 sys=0.00, real=0.00 secs] 
2.357: [GC (Allocation Failure) 2.357: [ParNew: 139252K->139252K(157248K), 0.0000330 secs]2.357: [CMS: 340879K->349348K(349568K), 0.0996010 secs] 480131K->352979K(506816K), [Metaspace: 2526K->2526K(1056768K)], 0.0997363 secs] [Times: user=0.10 sys=0.00, real=0.10 secs] 
2.457: [GC (CMS Initial Mark) [1 CMS-initial-mark: 349348K(349568K)] 353765K(506816K), 0.0013931 secs] [Times: user=0.00 sys=0.00, real=0.00 secs] 
2.459: [CMS-concurrent-mark-start]
2.460: [CMS-concurrent-mark: 0.002/0.002 secs] [Times: user=0.01 sys=0.00, real=0.01 secs] 
2.460: [CMS-concurrent-preclean-start]
2.463: [CMS-concurrent-preclean: 0.002/0.002 secs] [Times: user=0.00 sys=0.00, real=0.00 secs] 
2.463: [CMS-concurrent-abortable-preclean-start]
2.463: [CMS-concurrent-abortable-preclean: 0.000/0.000 secs] [Times: user=0.00 sys=0.00, real=0.00 secs] 
2.463: [GC (CMS Final Remark) [YG occupancy: 16861 K (157248 K)]2.463: [Rescan (parallel) , 0.0008374 secs]2.464: [weak refs processing, 0.0000178 secs]2.464: [class unloading, 0.0002877 secs]2.464: [scrub symbol table, 0.0003678 secs]2.465: [scrub string table, 0.0001604 secs][1 CMS-remark: 349348K(349568K)] 366209K(506816K), 0.0017590 secs] [Times: user=0.01 sys=0.00, real=0.00 secs] 
2.465: [CMS-concurrent-sweep-start]
2.466: [CMS-concurrent-sweep: 0.000/0.000 secs] [Times: user=0.00 sys=0.00, real=0.00 secs] 
2.466: [CMS-concurrent-reset-start]
2.467: [CMS-concurrent-reset: 0.001/0.001 secs] [Times: user=0.00 sys=0.00, real=0.00 secs] 
2.523: [GC (Allocation Failure) 2.523: [ParNew: 157144K->157144K(157248K), 0.0000314 secs]2.523: [CMS: 349081K->348980K(349568K), 0.1082001 secs] 506226K->368300K(506816K), [Metaspace: 2526K->2526K(1056768K)], 0.1083301 secs] [Times: user=0.11 sys=0.00, real=0.11 secs] 
2.631: [GC (CMS Initial Mark) [1 CMS-initial-mark: 348980K(349568K)] 368457K(506816K), 0.0013577 secs] [Times: user=0.00 sys=0.00, real=0.00 secs] 
2.633: [CMS-concurrent-mark-start]
2.635: [CMS-concurrent-mark: 0.002/0.002 secs] [Times: user=0.01 sys=0.00, real=0.00 secs] 
2.635: [CMS-concurrent-preclean-start]
2.637: [CMS-concurrent-preclean: 0.002/0.002 secs] [Times: user=0.01 sys=0.00, real=0.00 secs] 
2.637: [CMS-concurrent-abortable-preclean-start]
2.637: [CMS-concurrent-abortable-preclean: 0.000/0.000 secs] [Times: user=0.00 sys=0.00, real=0.00 secs] 
2.637: [GC (CMS Final Remark) [YG occupancy: 31037 K (157248 K)]2.637: [Rescan (parallel) , 0.0010130 secs]2.638: [weak refs processing, 0.0000183 secs]2.638: [class unloading, 0.0003201 secs]2.639: [scrub symbol table, 0.0003487 secs]2.639: [scrub string table, 0.0001672 secs][1 CMS-remark: 348980K(349568K)] 380017K(506816K), 0.0019613 secs] [Times: user=0.00 sys=0.00, real=0.00 secs] 
2.640: [CMS-concurrent-sweep-start]
2.640: [CMS-concurrent-sweep: 0.000/0.000 secs] [Times: user=0.01 sys=0.00, real=0.00 secs] 
2.640: [CMS-concurrent-reset-start]
2.641: [CMS-concurrent-reset: 0.001/0.001 secs] [Times: user=0.00 sys=0.00, real=0.00 secs] 
2.684: [GC (Allocation Failure) 2.684: [ParNew: 157246K->157246K(157248K), 0.0000368 secs]2.684: [CMS: 348228K->349561K(349568K), 0.2960598 secs] 505475K->378223K(506816K), [Metaspace: 2526K->2526K(1056768K)], 0.2961979 secs] [Times: user=0.15 sys=0.15, real=0.30 secs] 
2.980: [GC (CMS Initial Mark) [1 CMS-initial-mark: 349561K(349568K)] 381002K(506816K), 0.0014208 secs] [Times: user=0.00 sys=0.00, real=0.00 secs] 
2.981: [CMS-concurrent-mark-start]
2.983: [CMS-concurrent-mark: 0.002/0.002 secs] [Times: user=0.00 sys=0.00, real=0.00 secs] 
2.983: [CMS-concurrent-preclean-start]
2.986: [CMS-concurrent-preclean: 0.002/0.002 secs] [Times: user=0.01 sys=0.00, real=0.00 secs] 
2.986: [CMS-concurrent-abortable-preclean-start]
2.986: [CMS-concurrent-abortable-preclean: 0.000/0.000 secs] [Times: user=0.00 sys=0.00, real=0.00 secs] 
2.986: [GC (CMS Final Remark) [YG occupancy: 39604 K (157248 K)]2.986: [Rescan (parallel) , 0.0008979 secs]2.987: [weak refs processing, 0.0000178 secs]2.987: [class unloading, 0.0002978 secs]2.987: [scrub symbol table, 0.0003497 secs]2.988: [scrub string table, 0.0001667 secs][1 CMS-remark: 349561K(349568K)] 389165K(506816K), 0.0018197 secs] [Times: user=0.01 sys=0.01, real=0.00 secs] 
2.988: [CMS-concurrent-sweep-start]
2.989: [CMS-concurrent-sweep: 0.000/0.000 secs] [Times: user=0.00 sys=0.00, real=0.00 secs] 
2.989: [CMS-concurrent-reset-start]
2.990: [CMS-concurrent-reset: 0.001/0.001 secs] [Times: user=0.00 sys=0.00, real=0.01 secs] 
3.029: [GC (Allocation Failure) 3.029: [ParNew: 157246K->157246K(157248K), 0.0000432 secs]3.029: [CMS: 349561K->349441K(349568K), 0.1157064 secs] 506808K->377318K(506816K), [Metaspace: 2526K->2526K(1056768K)], 0.1158634 secs] [Times: user=0.12 sys=0.00, real=0.12 secs] 
3.145: [GC (CMS Initial Mark) [1 CMS-initial-mark: 349441K(349568K)] 380025K(506816K), 0.0014951 secs] [Times: user=0.00 sys=0.00, real=0.00 secs] 
3.147: [CMS-concurrent-mark-start]
3.149: [CMS-concurrent-mark: 0.002/0.002 secs] [Times: user=0.01 sys=0.00, real=0.00 secs] 
3.149: [CMS-concurrent-preclean-start]
3.151: [CMS-concurrent-preclean: 0.002/0.002 secs] [Times: user=0.00 sys=0.00, real=0.01 secs] 
3.151: [CMS-concurrent-abortable-preclean-start]
3.151: [CMS-concurrent-abortable-preclean: 0.000/0.000 secs] [Times: user=0.00 sys=0.00, real=0.00 secs] 
3.151: [GC (CMS Final Remark) [YG occupancy: 36914 K (157248 K)]3.151: [Rescan (parallel) , 0.0009855 secs]3.152: [weak refs processing, 0.0000181 secs]3.152: [class unloading, 0.0003019 secs]3.153: [scrub symbol table, 0.0003495 secs]3.153: [scrub string table, 0.0001704 secs][1 CMS-remark: 349441K(349568K)] 386355K(506816K), 0.0019238 secs] [Times: user=0.01 sys=0.00, real=0.00 secs] 
3.153: [CMS-concurrent-sweep-start]
3.154: [CMS-concurrent-sweep: 0.000/0.000 secs] [Times: user=0.00 sys=0.00, real=0.00 secs] 
3.154: [CMS-concurrent-reset-start]
3.155: [CMS-concurrent-reset: 0.001/0.001 secs] [Times: user=0.00 sys=0.00, real=0.00 secs] 
3.198: [GC (Allocation Failure) 3.198: [ParNew: 157217K->157217K(157248K), 0.0000362 secs]3.198: [CMS: 349441K->349367K(349568K), 0.1154766 secs] 506658K->373588K(506816K), [Metaspace: 2526K->2526K(1056768K)], 0.1156168 secs] [Times: user=0.12 sys=0.00, real=0.12 secs] 
3.313: [GC (CMS Initial Mark) [1 CMS-initial-mark: 349367K(349568K)] 373876K(506816K), 0.0013172 secs] [Times: user=0.00 sys=0.00, real=0.00 secs] 
3.315: [CMS-concurrent-mark-start]
3.316: [CMS-concurrent-mark: 0.002/0.002 secs] [Times: user=0.01 sys=0.00, real=0.00 secs] 
3.316: [CMS-concurrent-preclean-start]
3.319: [CMS-concurrent-preclean: 0.002/0.002 secs] [Times: user=0.00 sys=0.00, real=0.00 secs] 
3.319: [CMS-concurrent-abortable-preclean-start]
3.319: [CMS-concurrent-abortable-preclean: 0.000/0.000 secs] [Times: user=0.00 sys=0.00, real=0.00 secs] 
3.319: [GC (CMS Final Remark) [YG occupancy: 40041 K (157248 K)]3.319: [Rescan (parallel) , 0.0008340 secs]3.320: [weak refs processing, 0.0000188 secs]3.320: [class unloading, 0.0003049 secs]3.320: [scrub symbol table, 0.0003654 secs]3.321: [scrub string table, 0.0001676 secs][1 CMS-remark: 349367K(349568K)] 389409K(506816K), 0.0017870 secs] [Times: user=0.01 sys=0.00, real=0.01 secs] 
3.321: [CMS-concurrent-sweep-start]
3.322: [CMS-concurrent-sweep: 0.000/0.000 secs] [Times: user=0.00 sys=0.00, real=0.00 secs] 
3.322: [CMS-concurrent-reset-start]
3.323: [CMS-concurrent-reset: 0.001/0.001 secs] [Times: user=0.00 sys=0.00, real=0.00 secs] 
3.357: [GC (Allocation Failure) 3.357: [ParNew: 157051K->157051K(157248K), 0.0000327 secs]3.357: [CMS: 348791K->349310K(349568K), 0.1202860 secs] 505842K->374050K(506816K), [Metaspace: 2526K->2526K(1056768K)], 0.1204579 secs] [Times: user=0.11 sys=0.01, real=0.12 secs] 
3.478: [GC (CMS Initial Mark) [1 CMS-initial-mark: 349310K(349568K)] 376914K(506816K), 0.0019737 secs] [Times: user=0.00 sys=0.00, real=0.01 secs] 
3.480: [CMS-concurrent-mark-start]
3.483: [CMS-concurrent-mark: 0.003/0.003 secs] [Times: user=0.02 sys=0.00, real=0.00 secs] 
3.483: [CMS-concurrent-preclean-start]
3.486: [CMS-concurrent-preclean: 0.003/0.003 secs] [Times: user=0.00 sys=0.00, real=0.00 secs] 
3.486: [CMS-concurrent-abortable-preclean-start]
3.486: [CMS-concurrent-abortable-preclean: 0.000/0.000 secs] [Times: user=0.00 sys=0.00, real=0.00 secs] 
3.486: [GC (CMS Final Remark) [YG occupancy: 44872 K (157248 K)]3.486: [Rescan (parallel) , 0.0009062 secs]3.487: [weak refs processing, 0.0000178 secs]3.487: [class unloading, 0.0008553 secs]3.488: [scrub symbol table, 0.0005859 secs]3.489: [scrub string table, 0.0002681 secs][1 CMS-remark: 349310K(349568K)] 394182K(506816K), 0.0027433 secs] [Times: user=0.01 sys=0.00, real=0.00 secs] 
3.489: [CMS-concurrent-sweep-start]
3.490: [CMS-concurrent-sweep: 0.000/0.000 secs] [Times: user=0.00 sys=0.00, real=0.01 secs] 
3.490: [CMS-concurrent-reset-start]
3.491: [CMS-concurrent-reset: 0.001/0.001 secs] [Times: user=0.01 sys=0.00, real=0.00 secs] 
3.523: [GC (Allocation Failure) 3.523: [ParNew: 157164K->157164K(157248K), 0.0000490 secs]3.523: [CMS: 348873K->349564K(349568K), 0.1081561 secs] 506038K->369087K(506816K), [Metaspace: 2526K->2526K(1056768K)], 0.1083020 secs] [Times: user=0.11 sys=0.00, real=0.11 secs] 
3.632: [GC (CMS Initial Mark) [1 CMS-initial-mark: 349564K(349568K)] 369868K(506816K), 0.0013173 secs] [Times: user=0.00 sys=0.00, real=0.00 secs] 
3.633: [CMS-concurrent-mark-start]
3.634: [CMS-concurrent-mark: 0.002/0.002 secs] [Times: user=0.01 sys=0.00, real=0.00 secs] 
3.635: [CMS-concurrent-preclean-start]
3.637: [CMS-concurrent-preclean: 0.002/0.002 secs] [Times: user=0.00 sys=0.00, real=0.00 secs] 
3.637: [CMS-concurrent-abortable-preclean-start]
3.637: [CMS-concurrent-abortable-preclean: 0.000/0.000 secs] [Times: user=0.00 sys=0.00, real=0.00 secs] 
3.637: [GC (CMS Final Remark) [YG occupancy: 32611 K (157248 K)]3.637: [Rescan (parallel) , 0.0008033 secs]3.638: [weak refs processing, 0.0000179 secs]3.638: [class unloading, 0.0003245 secs]3.638: [scrub symbol table, 0.0003543 secs]3.639: [scrub string table, 0.0001619 secs][1 CMS-remark: 349564K(349568K)] 382176K(506816K), 0.0017508 secs] [Times: user=0.01 sys=0.00, real=0.00 secs] 
3.639: [CMS-concurrent-sweep-start]
3.640: [CMS-concurrent-sweep: 0.000/0.000 secs] [Times: user=0.00 sys=0.00, real=0.01 secs] 
3.640: [CMS-concurrent-reset-start]
3.641: [CMS-concurrent-reset: 0.001/0.001 secs] [Times: user=0.00 sys=0.00, real=0.00 secs] 
3.679: [GC (Allocation Failure) 3.679: [ParNew: 157226K->157226K(157248K), 0.0000321 secs]3.679: [CMS: 349545K->349512K(349568K), 0.1191017 secs] 506771K->364071K(506816K), [Metaspace: 2526K->2526K(1056768K)], 0.1192370 secs] [Times: user=0.12 sys=0.00, real=0.12 secs] 
3.798: [GC (CMS Initial Mark) [1 CMS-initial-mark: 349512K(349568K)] 364256K(506816K), 0.0013512 secs] [Times: user=0.00 sys=0.00, real=0.01 secs] 
3.800: [CMS-concurrent-mark-start]
3.801: [CMS-concurrent-mark: 0.001/0.001 secs] [Times: user=0.01 sys=0.00, real=0.00 secs] 
3.802: [CMS-concurrent-preclean-start]
3.804: [CMS-concurrent-preclean: 0.002/0.002 secs] [Times: user=0.00 sys=0.00, real=0.00 secs] 
3.804: [CMS-concurrent-abortable-preclean-start]
3.804: [CMS-concurrent-abortable-preclean: 0.000/0.000 secs] [Times: user=0.00 sys=0.00, real=0.00 secs] 
3.804: [GC (CMS Final Remark) [YG occupancy: 31514 K (157248 K)]3.804: [Rescan (parallel) , 0.0008785 secs]3.805: [weak refs processing, 0.0000191 secs]3.805: [class unloading, 0.0003348 secs]3.806: [scrub symbol table, 0.0003555 secs]3.806: [scrub string table, 0.0001784 secs][1 CMS-remark: 349512K(349568K)] 381026K(506816K), 0.0018634 secs] [Times: user=0.01 sys=0.00, real=0.00 secs] 
3.806: [CMS-concurrent-sweep-start]
3.807: [CMS-concurrent-sweep: 0.000/0.000 secs] [Times: user=0.00 sys=0.00, real=0.00 secs] 
3.807: [CMS-concurrent-reset-start]
3.808: [CMS-concurrent-reset: 0.001/0.001 secs] [Times: user=0.00 sys=0.00, real=0.00 secs] 
3.847: [GC (Allocation Failure) 3.847: [ParNew: 157052K->157052K(157248K), 0.0000409 secs]3.847: [CMS: 349183K->349537K(349568K), 0.1163095 secs] 506235K->361728K(506816K), [Metaspace: 2526K->2526K(1056768K)], 0.1164499 secs] [Times: user=0.12 sys=0.00, real=0.12 secs] 
3.963: [GC (CMS Initial Mark) [1 CMS-initial-mark: 349537K(349568K)] 362016K(506816K), 0.0012438 secs] [Times: user=0.00 sys=0.00, real=0.00 secs] 
3.965: [CMS-concurrent-mark-start]
3.966: [CMS-concurrent-mark: 0.002/0.002 secs] [Times: user=0.01 sys=0.00, real=0.00 secs] 
3.966: [CMS-concurrent-preclean-start]
3.969: [CMS-concurrent-preclean: 0.002/0.002 secs] [Times: user=0.00 sys=0.00, real=0.00 secs] 
3.969: [CMS-concurrent-abortable-preclean-start]
3.969: [CMS-concurrent-abortable-preclean: 0.000/0.000 secs] [Times: user=0.00 sys=0.00, real=0.00 secs] 
3.969: [GC (CMS Final Remark) [YG occupancy: 21981 K (157248 K)]3.969: [Rescan (parallel) , 0.0007469 secs]3.970: [weak refs processing, 0.0000165 secs]3.970: [class unloading, 0.0003028 secs]3.970: [scrub symbol table, 0.0003500 secs]3.971: [scrub string table, 0.0001715 secs][1 CMS-remark: 349537K(349568K)] 371519K(506816K), 0.0016701 secs] [Times: user=0.01 sys=0.00, real=0.01 secs] 
3.971: [CMS-concurrent-sweep-start]
3.972: [CMS-concurrent-sweep: 0.001/0.001 secs] [Times: user=0.00 sys=0.00, real=0.00 secs] 
3.972: [CMS-concurrent-reset-start]
3.973: [CMS-concurrent-reset: 0.001/0.001 secs] [Times: user=0.00 sys=0.00, real=0.00 secs] 
4.023: [GC (Allocation Failure) 4.023: [ParNew: 156838K->156838K(157248K), 0.0000389 secs]4.023: [CMS: 349097K->349356K(349568K), 0.1146142 secs] 505935K->366793K(506816K), [Metaspace: 2526K->2526K(1056768K)], 0.1147564 secs] [Times: user=0.12 sys=0.00, real=0.11 secs] 
4.138: [GC (CMS Initial Mark) [1 CMS-initial-mark: 349356K(349568K)] 367333K(506816K), 0.0015957 secs] [Times: user=0.00 sys=0.01, real=0.00 secs] 
4.139: [CMS-concurrent-mark-start]
4.141: [CMS-concurrent-mark: 0.002/0.002 secs] [Times: user=0.01 sys=0.00, real=0.01 secs] 
4.141: [CMS-concurrent-preclean-start]
4.144: [CMS-concurrent-preclean: 0.002/0.002 secs] [Times: user=0.00 sys=0.00, real=0.00 secs] 
4.144: [CMS-concurrent-abortable-preclean-start]
4.144: [CMS-concurrent-abortable-preclean: 0.000/0.000 secs] [Times: user=0.00 sys=0.00, real=0.00 secs] 
4.144: [GC (CMS Final Remark) [YG occupancy: 30690 K (157248 K)]4.144: [Rescan (parallel) , 0.0006877 secs]4.145: [weak refs processing, 0.0000168 secs]4.145: [class unloading, 0.0003047 secs]4.145: [scrub symbol table, 0.0003739 secs]4.145: [scrub string table, 0.0001934 secs][1 CMS-remark: 349356K(349568K)] 380047K(506816K), 0.0016773 secs] [Times: user=0.01 sys=0.00, real=0.00 secs] 
4.146: [CMS-concurrent-sweep-start]
4.146: [CMS-concurrent-sweep: 0.000/0.000 secs] [Times: user=0.00 sys=0.00, real=0.00 secs] 
4.146: [CMS-concurrent-reset-start]
4.148: [CMS-concurrent-reset: 0.001/0.001 secs] [Times: user=0.00 sys=0.00, real=0.00 secs] 
4.191: [GC (Allocation Failure) 4.191: [ParNew: 157136K->157136K(157248K), 0.0000344 secs]4.191: [CMS: 348334K->349263K(349568K), 0.1175468 secs] 505471K->367502K(506816K), [Metaspace: 2526K->2526K(1056768K)], 0.1176970 secs] [Times: user=0.11 sys=0.00, real=0.11 secs] 
4.309: [GC (CMS Initial Mark) [1 CMS-initial-mark: 349263K(349568K)] 368052K(506816K), 0.0014151 secs] [Times: user=0.00 sys=0.00, real=0.01 secs] 
4.311: [CMS-concurrent-mark-start]
4.312: [CMS-concurrent-mark: 0.001/0.001 secs] [Times: user=0.00 sys=0.00, real=0.00 secs] 
4.312: [CMS-concurrent-preclean-start]
4.314: [CMS-concurrent-preclean: 0.002/0.002 secs] [Times: user=0.01 sys=0.00, real=0.00 secs] 
4.314: [CMS-concurrent-abortable-preclean-start]
4.314: [CMS-concurrent-abortable-preclean: 0.000/0.000 secs] [Times: user=0.00 sys=0.00, real=0.00 secs] 
4.315: [GC (CMS Final Remark) [YG occupancy: 32345 K (157248 K)]4.315: [Rescan (parallel) , 0.0008335 secs]4.315: [weak refs processing, 0.0000181 secs]4.316: [class unloading, 0.0003176 secs]4.316: [scrub symbol table, 0.0003448 secs]4.316: [scrub string table, 0.0001714 secs][1 CMS-remark: 349263K(349568K)] 381608K(506816K), 0.0017810 secs] [Times: user=0.01 sys=0.00, real=0.00 secs] 
4.317: [CMS-concurrent-sweep-start]
4.317: [CMS-concurrent-sweep: 0.000/0.000 secs] [Times: user=0.00 sys=0.00, real=0.00 secs] 
4.317: [CMS-concurrent-reset-start]
4.318: [CMS-concurrent-reset: 0.001/0.001 secs] [Times: user=0.00 sys=0.00, real=0.00 secs] 
4.353: [GC (Allocation Failure) 4.353: [ParNew: 157234K->157234K(157248K), 0.0000318 secs]4.353: [CMS: 348007K->349352K(349568K), 0.1200104 secs] 505242K->373804K(506816K), [Metaspace: 2526K->2526K(1056768K)], 0.1201413 secs] [Times: user=0.12 sys=0.00, real=0.12 secs] 
4.473: [GC (CMS Initial Mark) [1 CMS-initial-mark: 349352K(349568K)] 376601K(506816K), 0.0011600 secs] [Times: user=0.00 sys=0.00, real=0.00 secs] 
4.475: [CMS-concurrent-mark-start]
4.476: [CMS-concurrent-mark: 0.001/0.001 secs] [Times: user=0.01 sys=0.00, real=0.00 secs] 
4.476: [CMS-concurrent-preclean-start]
4.479: [CMS-concurrent-preclean: 0.002/0.002 secs] [Times: user=0.00 sys=0.00, real=0.00 secs] 
4.479: [CMS-concurrent-abortable-preclean-start]
4.479: [CMS-concurrent-abortable-preclean: 0.000/0.000 secs] [Times: user=0.00 sys=0.00, real=0.00 secs] 
4.479: [GC (CMS Final Remark) [YG occupancy: 36935 K (157248 K)]4.479: [Rescan (parallel) , 0.0007768 secs]4.480: [weak refs processing, 0.0000182 secs]4.480: [class unloading, 0.0003268 secs]4.480: [scrub symbol table, 0.0003766 secs]4.481: [scrub string table, 0.0001791 secs][1 CMS-remark: 349352K(349568K)] 386288K(506816K), 0.0017858 secs] [Times: user=0.01 sys=0.00, real=0.01 secs] 
4.481: [CMS-concurrent-sweep-start]
4.482: [CMS-concurrent-sweep: 0.001/0.001 secs] [Times: user=0.00 sys=0.00, real=0.00 secs] 
4.482: [CMS-concurrent-reset-start]
4.483: [CMS-concurrent-reset: 0.001/0.001 secs] [Times: user=0.00 sys=0.00, real=0.00 secs] 
4.517: [GC (Allocation Failure) 4.517: [ParNew: 157156K->157156K(157248K), 0.0000323 secs]4.517: [CMS: 349234K->349312K(349568K), 0.1176015 secs] 506390K->379239K(506816K), [Metaspace: 2526K->2526K(1056768K)], 0.1177324 secs] [Times: user=0.11 sys=0.00, real=0.12 secs] 
4.635: [GC (CMS Initial Mark) [1 CMS-initial-mark: 349312K(349568K)] 379368K(506816K), 0.0012936 secs] [Times: user=0.01 sys=0.00, real=0.00 secs] 
4.636: [CMS-concurrent-mark-start]
4.638: [CMS-concurrent-mark: 0.001/0.001 secs] [Times: user=0.00 sys=0.00, real=0.00 secs] 
4.638: [CMS-concurrent-preclean-start]
4.640: [CMS-concurrent-preclean: 0.002/0.002 secs] [Times: user=0.01 sys=0.00, real=0.01 secs] 
4.640: [CMS-concurrent-abortable-preclean-start]
4.640: [CMS-concurrent-abortable-preclean: 0.000/0.000 secs] [Times: user=0.00 sys=0.00, real=0.00 secs] 
4.641: [GC (CMS Final Remark) [YG occupancy: 46122 K (157248 K)]4.641: [Rescan (parallel) , 0.0008892 secs]4.642: [weak refs processing, 0.0000175 secs]4.642: [class unloading, 0.0003262 secs]4.642: [scrub symbol table, 0.0003341 secs]4.642: [scrub string table, 0.0001753 secs][1 CMS-remark: 349312K(349568K)] 395434K(506816K), 0.0018448 secs] [Times: user=0.00 sys=0.00, real=0.00 secs] 
4.643: [CMS-concurrent-sweep-start]
4.643: [CMS-concurrent-sweep: 0.000/0.000 secs] [Times: user=0.00 sys=0.00, real=0.00 secs] 
4.643: [CMS-concurrent-reset-start]
4.645: [CMS-concurrent-reset: 0.001/0.001 secs] [Times: user=0.00 sys=0.00, real=0.00 secs] 
4.680: [GC (Allocation Failure) 4.680: [ParNew: 157164K->157164K(157248K), 0.0000323 secs]4.680: [CMS: 349224K->349473K(349568K), 0.1123010 secs] 506388K->375779K(506816K), [Metaspace: 2526K->2526K(1056768K)], 0.1124275 secs] [Times: user=0.12 sys=0.00, real=0.11 secs] 
4.793: [GC (CMS Initial Mark) [1 CMS-initial-mark: 349473K(349568K)] 378714K(506816K), 0.0016525 secs] [Times: user=0.00 sys=0.00, real=0.00 secs] 
4.794: [CMS-concurrent-mark-start]
4.796: [CMS-concurrent-mark: 0.002/0.002 secs] [Times: user=0.01 sys=0.00, real=0.00 secs] 
4.796: [CMS-concurrent-preclean-start]
4.798: [CMS-concurrent-preclean: 0.002/0.002 secs] [Times: user=0.00 sys=0.00, real=0.00 secs] 
4.798: [CMS-concurrent-abortable-preclean-start]
4.798: [CMS-concurrent-abortable-preclean: 0.000/0.000 secs] [Times: user=0.00 sys=0.00, real=0.00 secs] 
4.799: [GC (CMS Final Remark) [YG occupancy: 36206 K (157248 K)]4.799: [Rescan (parallel) , 0.0008881 secs]4.800: [weak refs processing, 0.0000178 secs]4.800: [class unloading, 0.0003071 secs]4.800: [scrub symbol table, 0.0003324 secs]4.800: [scrub string table, 0.0001834 secs][1 CMS-remark: 349473K(349568K)] 385680K(506816K), 0.0018110 secs] [Times: user=0.01 sys=0.00, real=0.01 secs] 
4.801: [CMS-concurrent-sweep-start]
4.801: [CMS-concurrent-sweep: 0.001/0.001 secs] [Times: user=0.00 sys=0.00, real=0.00 secs] 
4.801: [CMS-concurrent-reset-start]
4.803: [CMS-concurrent-reset: 0.001/0.001 secs] [Times: user=0.00 sys=0.00, real=0.00 secs] 
4.846: [GC (Allocation Failure) 4.846: [ParNew: 157176K->157176K(157248K), 0.0000374 secs]4.847: [CMS: 347529K->349398K(349568K), 0.1139365 secs] 504706K->371125K(506816K), [Metaspace: 2526K->2526K(1056768K)], 0.1140909 secs] [Times: user=0.12 sys=0.01, real=0.12 secs] 
4.961: [GC (CMS Initial Mark) [1 CMS-initial-mark: 349398K(349568K)] 371389K(506816K), 0.0018070 secs] [Times: user=0.00 sys=0.00, real=0.00 secs] 
4.963: [CMS-concurrent-mark-start]
4.964: [CMS-concurrent-mark: 0.002/0.002 secs] [Times: user=0.01 sys=0.00, real=0.00 secs] 
4.964: [CMS-concurrent-preclean-start]
4.967: [CMS-concurrent-preclean: 0.002/0.002 secs] [Times: user=0.00 sys=0.00, real=0.00 secs] 
4.967: [CMS-concurrent-abortable-preclean-start]
4.967: [CMS-concurrent-abortable-preclean: 0.000/0.000 secs] [Times: user=0.00 sys=0.00, real=0.00 secs] 
4.967: [GC (CMS Final Remark) [YG occupancy: 33439 K (157248 K)]4.967: [Rescan (parallel) , 0.0009818 secs]4.968: [weak refs processing, 0.0000164 secs]4.968: [class unloading, 0.0003051 secs]4.969: [scrub symbol table, 0.0003332 secs]4.969: [scrub string table, 0.0001578 secs][1 CMS-remark: 349398K(349568K)] 382837K(506816K), 0.0018867 secs] [Times: user=0.01 sys=0.00, real=0.00 secs] 
4.969: [CMS-concurrent-sweep-start]
4.970: [CMS-concurrent-sweep: 0.001/0.001 secs] [Times: user=0.00 sys=0.00, real=0.01 secs] 
4.970: [CMS-concurrent-reset-start]
4.971: [CMS-concurrent-reset: 0.001/0.001 secs] [Times: user=0.00 sys=0.00, real=0.00 secs] 
5.015: [GC (Allocation Failure) 5.015: [ParNew: 157079K->157079K(157248K), 0.0000388 secs]5.015: [CMS: 348803K->349347K(349568K), 0.1142250 secs] 505883K->371288K(506816K), [Metaspace: 2526K->2526K(1056768K)], 0.1143787 secs] [Times: user=0.11 sys=0.00, real=0.11 secs] 
5.129: [GC (CMS Initial Mark) [1 CMS-initial-mark: 349347K(349568K)] 371495K(506816K), 0.0011152 secs] [Times: user=0.00 sys=0.00, real=0.01 secs] 
5.130: [CMS-concurrent-mark-start]
执行结束。共生成对象次数:18691
Heap
 par new generation   total 157248K, used 27601K [0x00000000e0000000, 0x00000000eaaa0000, 0x00000000eaaa0000)
  eden space 139776K,  19% used [0x00000000e0000000, 0x00000000e1af4710, 0x00000000e8880000)
  from space 17472K,   0% used [0x00000000e8880000, 0x00000000e8880000, 0x00000000e9990000)
  to   space 17472K,   0% used [0x00000000e9990000, 0x00000000e9990000, 0x00000000eaaa0000)
 concurrent mark-sweep generation total 349568K, used 349347K [0x00000000eaaa0000, 0x0000000100000000, 0x0000000100000000)
 Metaspace       used 2533K, capacity 4486K, committed 4864K, reserved 1056768K
  class space    used 273K, capacity 386K, committed 512K, reserved 1048576K
开始执行.......
0.241: [GC (Allocation Failure) 0.241: [ParNew: 139776K->17472K(157248K), 0.0138036 secs] 139776K->51200K(506816K), 0.0139275 secs] [Times: user=0.12 sys=0.07, real=0.01 secs] 
0.309: [GC (Allocation Failure) 0.309: [ParNew: 157248K->17472K(157248K), 0.0145451 secs] 190976K->93554K(506816K), 0.0146057 secs] [Times: user=0.12 sys=0.10, real=0.02 secs] 
0.363: [GC (Allocation Failure) 0.363: [ParNew: 157248K->17470K(157248K), 0.0442157 secs] 233330K->139640K(506816K), 0.0442766 secs] [Times: user=0.75 sys=0.03, real=0.04 secs] 
0.448: [GC (Allocation Failure) 0.448: [ParNew: 157016K->17471K(157248K), 0.0393425 secs] 279185K->190115K(506816K), 0.0394035 secs] [Times: user=0.63 sys=0.04, real=0.04 secs] 
0.529: [GC (Allocation Failure) 0.529: [ParNew: 157247K->17469K(157248K), 0.0288341 secs] 329891K->230651K(506816K), 0.0289022 secs] [Times: user=0.49 sys=0.02, real=0.02 secs] 
0.558: [GC (CMS Initial Mark) [1 CMS-initial-mark: 213182K(349568K)] 230744K(506816K), 0.0007096 secs] [Times: user=0.00 sys=0.01, real=0.00 secs] 
0.559: [CMS-concurrent-mark-start]
0.563: [CMS-concurrent-mark: 0.004/0.004 secs] [Times: user=0.02 sys=0.00, real=0.01 secs] 
0.563: [CMS-concurrent-preclean-start]
0.565: [CMS-concurrent-preclean: 0.002/0.002 secs] [Times: user=0.00 sys=0.00, real=0.00 secs] 
0.565: [CMS-concurrent-abortable-preclean-start]
0.603: [GC (Allocation Failure) 0.603: [ParNew: 157245K->17470K(157248K), 0.0313982 secs] 370427K->275577K(506816K), 0.0314867 secs] [Times: user=0.52 sys=0.03, real=0.03 secs] 
0.676: [GC (Allocation Failure) 0.676: [ParNew: 157246K->17471K(157248K), 0.0266374 secs] 415353K->313500K(506816K), 0.0266801 secs] [Times: user=0.45 sys=0.02, real=0.03 secs] 
0.743: [GC (Allocation Failure) 0.743: [ParNew: 157247K->17470K(157248K), 0.0368727 secs] 453276K->353567K(506816K), 0.0369329 secs] [Times: user=0.63 sys=0.02, real=0.04 secs] 
0.780: [CMS-concurrent-abortable-preclean: 0.005/0.214 secs] [Times: user=1.73 sys=0.07, real=0.22 secs] 
0.780: [GC (CMS Final Remark) [YG occupancy: 20421 K (157248 K)]0.780: [Rescan (parallel) , 0.0006673 secs]0.781: [weak refs processing, 0.0000148 secs]0.781: [class unloading, 0.0003890 secs]0.781: [scrub symbol table, 0.0004975 secs]0.782: [scrub string table, 0.0001842 secs][1 CMS-remark: 336097K(349568K)] 356519K(506816K), 0.0018426 secs] [Times: user=0.00 sys=0.00, real=0.00 secs] 
0.782: [CMS-concurrent-sweep-start]
0.783: [CMS-concurrent-sweep: 0.001/0.001 secs] [Times: user=0.00 sys=0.00, real=0.00 secs] 
0.783: [CMS-concurrent-reset-start]
0.785: [CMS-concurrent-reset: 0.003/0.003 secs] [Times: user=0.01 sys=0.00, real=0.00 secs] 
0.824: [GC (Allocation Failure) 0.824: [ParNew: 157246K->17469K(157248K), 0.0198587 secs] 447710K->353570K(506816K), 0.0199148 secs] [Times: user=0.34 sys=0.01, real=0.02 secs] 
0.845: [GC (CMS Initial Mark) [1 CMS-initial-mark: 336101K(349568K)] 353871K(506816K), 0.0005911 secs] [Times: user=0.00 sys=0.00, real=0.00 secs] 
0.845: [CMS-concurrent-mark-start]
0.846: [CMS-concurrent-mark: 0.001/0.001 secs] [Times: user=0.01 sys=0.00, real=0.00 secs] 
0.846: [CMS-concurrent-preclean-start]
0.847: [CMS-concurrent-preclean: 0.001/0.001 secs] [Times: user=0.00 sys=0.00, real=0.00 secs] 
0.847: [CMS-concurrent-abortable-preclean-start]
0.847: [CMS-concurrent-abortable-preclean: 0.000/0.000 secs] [Times: user=0.00 sys=0.00, real=0.00 secs] 
0.848: [GC (CMS Final Remark) [YG occupancy: 27249 K (157248 K)]0.848: [Rescan (parallel) , 0.0006288 secs]0.848: [weak refs processing, 0.0000158 secs]0.848: [class unloading, 0.0003226 secs]0.849: [scrub symbol table, 0.0005186 secs]0.849: [scrub string table, 0.0001903 secs][1 CMS-remark: 336101K(349568K)] 363350K(506816K), 0.0017543 secs] [Times: user=0.00 sys=0.00, real=0.01 secs] 
0.850: [CMS-concurrent-sweep-start]
0.851: [CMS-concurrent-sweep: 0.001/0.001 secs] [Times: user=0.01 sys=0.00, real=0.00 secs] 
0.851: [CMS-concurrent-reset-start]
0.852: [CMS-concurrent-reset: 0.001/0.001 secs] [Times: user=0.00 sys=0.00, real=0.00 secs] 
0.888: [GC (Allocation Failure) 0.888: [ParNew: 157144K->17470K(157248K), 0.0188200 secs] 400880K->307549K(506816K), 0.0189100 secs] [Times: user=0.32 sys=0.00, real=0.02 secs] 
0.908: [GC (CMS Initial Mark) [1 CMS-initial-mark: 290078K(349568K)] 308140K(506816K), 0.0006537 secs] [Times: user=0.00 sys=0.00, real=0.00 secs] 
0.908: [CMS-concurrent-mark-start]
0.909: [CMS-concurrent-mark: 0.001/0.001 secs] [Times: user=0.00 sys=0.00, real=0.00 secs] 
0.909: [CMS-concurrent-preclean-start]
0.910: [CMS-concurrent-preclean: 0.001/0.001 secs] [Times: user=0.01 sys=0.00, real=0.01 secs] 
0.910: [CMS-concurrent-abortable-preclean-start]
0.949: [GC (Allocation Failure) 0.949: [ParNew: 157063K->17471K(157248K), 0.0174573 secs] 447142K->348942K(506816K), 0.0175009 secs] [Times: user=0.29 sys=0.01, real=0.02 secs] 
0.968: [CMS-concurrent-abortable-preclean: 0.002/0.058 secs] [Times: user=0.33 sys=0.01, real=0.05 secs] 
0.968: [GC (CMS Final Remark) [YG occupancy: 24013 K (157248 K)]0.968: [Rescan (parallel) , 0.0003674 secs]0.968: [weak refs processing, 0.0000224 secs]0.968: [class unloading, 0.0003117 secs]0.969: [scrub symbol table, 0.0005142 secs]0.969: [scrub string table, 0.0001959 secs][1 CMS-remark: 331470K(349568K)] 355483K(506816K), 0.0014877 secs] [Times: user=0.01 sys=0.00, real=0.01 secs] 
0.970: [CMS-concurrent-sweep-start]
0.970: [CMS-concurrent-sweep: 0.001/0.001 secs] [Times: user=0.00 sys=0.00, real=0.00 secs] 
0.970: [CMS-concurrent-reset-start]
0.971: [CMS-concurrent-reset: 0.001/0.001 secs] [Times: user=0.00 sys=0.00, real=0.00 secs] 
1.009: [GC (Allocation Failure) 1.009: [ParNew: 157247K->17471K(157248K), 0.0207073 secs] 457609K->357781K(506816K), 0.0207988 secs] [Times: user=0.36 sys=0.00, real=0.02 secs] 
1.030: [GC (CMS Initial Mark) [1 CMS-initial-mark: 340309K(349568K)] 358135K(506816K), 0.0005207 secs] [Times: user=0.00 sys=0.00, real=0.00 secs] 
1.031: [CMS-concurrent-mark-start]
1.032: [CMS-concurrent-mark: 0.001/0.001 secs] [Times: user=0.00 sys=0.00, real=0.00 secs] 
1.032: [CMS-concurrent-preclean-start]
1.033: [CMS-concurrent-preclean: 0.001/0.001 secs] [Times: user=0.01 sys=0.00, real=0.00 secs] 
1.033: [CMS-concurrent-abortable-preclean-start]
1.033: [CMS-concurrent-abortable-preclean: 0.000/0.000 secs] [Times: user=0.00 sys=0.00, real=0.00 secs] 
1.033: [GC (CMS Final Remark) [YG occupancy: 26490 K (157248 K)]1.033: [Rescan (parallel) , 0.0006108 secs]1.034: [weak refs processing, 0.0000154 secs]1.034: [class unloading, 0.0003179 secs]1.034: [scrub symbol table, 0.0004350 secs]1.034: [scrub string table, 0.0001767 secs][1 CMS-remark: 340309K(349568K)] 366800K(506816K), 0.0016443 secs] [Times: user=0.00 sys=0.00, real=0.00 secs] 
1.035: [CMS-concurrent-sweep-start]
1.035: [CMS-concurrent-sweep: 0.001/0.001 secs] [Times: user=0.00 sys=0.00, real=0.00 secs] 
1.036: [CMS-concurrent-reset-start]
1.036: [CMS-concurrent-reset: 0.001/0.001 secs] [Times: user=0.00 sys=0.00, real=0.00 secs] 
1.074: [GC (Allocation Failure) 1.074: [ParNew: 157247K->17470K(157248K), 0.0212642 secs] 434979K->338729K(506816K), 0.0213575 secs] [Times: user=0.37 sys=0.00, real=0.02 secs] 
1.096: [GC (CMS Initial Mark) [1 CMS-initial-mark: 321259K(349568K)] 339163K(506816K), 0.0007137 secs] [Times: user=0.00 sys=0.00, real=0.00 secs] 
1.097: [CMS-concurrent-mark-start]
1.098: [CMS-concurrent-mark: 0.001/0.001 secs] [Times: user=0.01 sys=0.00, real=0.00 secs] 
1.098: [CMS-concurrent-preclean-start]
1.099: [CMS-concurrent-preclean: 0.001/0.001 secs] [Times: user=0.00 sys=0.00, real=0.00 secs] 
1.099: [CMS-concurrent-abortable-preclean-start]
1.099: [CMS-concurrent-abortable-preclean: 0.000/0.000 secs] [Times: user=0.00 sys=0.00, real=0.00 secs] 
1.099: [GC (CMS Final Remark) [YG occupancy: 31012 K (157248 K)]1.099: [Rescan (parallel) , 0.0005997 secs]1.100: [weak refs processing, 0.0000149 secs]1.100: [class unloading, 0.0003319 secs]1.100: [scrub symbol table, 0.0004628 secs]1.100: [scrub string table, 0.0002094 secs][1 CMS-remark: 321259K(349568K)] 352271K(506816K), 0.0017026 secs] [Times: user=0.00 sys=0.00, real=0.01 secs] 
1.101: [CMS-concurrent-sweep-start]
1.102: [CMS-concurrent-sweep: 0.001/0.001 secs] [Times: user=0.01 sys=0.00, real=0.00 secs] 
1.102: [CMS-concurrent-reset-start]
1.102: [CMS-concurrent-reset: 0.001/0.001 secs] [Times: user=0.00 sys=0.00, real=0.00 secs] 
1.139: [GC (Allocation Failure) 1.139: [ParNew: 157246K->17471K(157248K), 0.0191352 secs] 443083K->343997K(506816K), 0.0192428 secs] [Times: user=0.33 sys=0.00, real=0.02 secs] 
1.159: [GC (CMS Initial Mark) [1 CMS-initial-mark: 326525K(349568K)] 344141K(506816K), 0.0006498 secs] [Times: user=0.00 sys=0.00, real=0.01 secs] 
1.159: [CMS-concurrent-mark-start]
1.161: [CMS-concurrent-mark: 0.001/0.001 secs] [Times: user=0.01 sys=0.00, real=0.00 secs] 
1.161: [CMS-concurrent-preclean-start]
1.161: [CMS-concurrent-preclean: 0.001/0.001 secs] [Times: user=0.00 sys=0.00, real=0.00 secs] 
1.161: [CMS-concurrent-abortable-preclean-start]
1.161: [CMS-concurrent-abortable-preclean: 0.000/0.000 secs] [Times: user=0.00 sys=0.00, real=0.00 secs] 
1.161: [GC (CMS Final Remark) [YG occupancy: 25242 K (157248 K)]1.161: [Rescan (parallel) , 0.0006029 secs]1.162: [weak refs processing, 0.0000153 secs]1.162: [class unloading, 0.0003382 secs]1.162: [scrub symbol table, 0.0004330 secs]1.163: [scrub string table, 0.0001820 secs][1 CMS-remark: 326525K(349568K)] 351767K(506816K), 0.0016421 secs] [Times: user=0.01 sys=0.00, real=0.00 secs] 
1.163: [CMS-concurrent-sweep-start]
1.164: [CMS-concurrent-sweep: 0.001/0.001 secs] [Times: user=0.00 sys=0.00, real=0.00 secs] 
1.164: [CMS-concurrent-reset-start]
1.164: [CMS-concurrent-reset: 0.001/0.001 secs] [Times: user=0.00 sys=0.00, real=0.00 secs] 
1.205: [GC (Allocation Failure) 1.205: [ParNew: 157247K->17471K(157248K), 0.0185720 secs] 446744K->350985K(506816K), 0.0186506 secs] [Times: user=0.32 sys=0.01, real=0.02 secs] 
1.223: [GC (CMS Initial Mark) [1 CMS-initial-mark: 333513K(349568K)] 351057K(506816K), 0.0005096 secs] [Times: user=0.00 sys=0.00, real=0.00 secs] 
1.224: [CMS-concurrent-mark-start]
1.225: [CMS-concurrent-mark: 0.001/0.001 secs] [Times: user=0.00 sys=0.00, real=0.00 secs] 
1.225: [CMS-concurrent-preclean-start]
1.226: [CMS-concurrent-preclean: 0.001/0.001 secs] [Times: user=0.00 sys=0.00, real=0.00 secs] 
1.226: [CMS-concurrent-abortable-preclean-start]
1.226: [CMS-concurrent-abortable-preclean: 0.000/0.000 secs] [Times: user=0.00 sys=0.00, real=0.00 secs] 
1.226: [GC (CMS Final Remark) [YG occupancy: 24563 K (157248 K)]1.226: [Rescan (parallel) , 0.0006072 secs]1.226: [weak refs processing, 0.0000141 secs]1.226: [class unloading, 0.0002991 secs]1.227: [scrub symbol table, 0.0004067 secs]1.227: [scrub string table, 0.0001732 secs][1 CMS-remark: 333513K(349568K)] 358076K(506816K), 0.0015669 secs] [Times: user=0.01 sys=0.00, real=0.00 secs] 
1.227: [CMS-concurrent-sweep-start]
1.228: [CMS-concurrent-sweep: 0.001/0.001 secs] [Times: user=0.00 sys=0.00, real=0.00 secs] 
1.228: [CMS-concurrent-reset-start]
1.229: [CMS-concurrent-reset: 0.001/0.001 secs] [Times: user=0.00 sys=0.00, real=0.00 secs] 
1.267: [GC (Allocation Failure) 1.267: [ParNew: 157211K->17471K(157248K), 0.0178576 secs] 455068K->350748K(506816K), 0.0179567 secs] [Times: user=0.31 sys=0.00, real=0.02 secs] 
1.285: [GC (CMS Initial Mark) [1 CMS-initial-mark: 333276K(349568K)] 351005K(506816K), 0.0005423 secs] [Times: user=0.00 sys=0.00, real=0.00 secs] 
1.286: [CMS-concurrent-mark-start]
1.287: [CMS-concurrent-mark: 0.001/0.001 secs] [Times: user=0.00 sys=0.00, real=0.00 secs] 
1.287: [CMS-concurrent-preclean-start]
1.287: [CMS-concurrent-preclean: 0.001/0.001 secs] [Times: user=0.00 sys=0.00, real=0.00 secs] 
1.287: [CMS-concurrent-abortable-preclean-start]
1.287: [CMS-concurrent-abortable-preclean: 0.000/0.000 secs] [Times: user=0.00 sys=0.00, real=0.00 secs] 
1.288: [GC (CMS Final Remark) [YG occupancy: 26399 K (157248 K)]1.288: [Rescan (parallel) , 0.0006471 secs]1.288: [weak refs processing, 0.0000154 secs]1.288: [class unloading, 0.0003159 secs]1.289: [scrub symbol table, 0.0004315 secs]1.289: [scrub string table, 0.0001853 secs][1 CMS-remark: 333276K(349568K)] 359675K(506816K), 0.0016772 secs] [Times: user=0.01 sys=0.00, real=0.01 secs] 
1.289: [CMS-concurrent-sweep-start]
1.290: [CMS-concurrent-sweep: 0.001/0.001 secs] [Times: user=0.00 sys=0.00, real=0.00 secs] 
1.290: [CMS-concurrent-reset-start]
1.291: [CMS-concurrent-reset: 0.001/0.001 secs] [Times: user=0.00 sys=0.00, real=0.00 secs] 
1.330: [GC (Allocation Failure) 1.330: [ParNew: 156990K->17471K(157248K), 0.0159690 secs] 452441K->351212K(506816K), 0.0160428 secs] [Times: user=0.27 sys=0.00, real=0.01 secs] 
1.346: [GC (CMS Initial Mark) [1 CMS-initial-mark: 333741K(349568K)] 351847K(506816K), 0.0005609 secs] [Times: user=0.01 sys=0.00, real=0.00 secs] 
1.347: [CMS-concurrent-mark-start]
1.347: [CMS-concurrent-mark: 0.001/0.001 secs] [Times: user=0.00 sys=0.00, real=0.00 secs] 
1.347: [CMS-concurrent-preclean-start]
1.348: [CMS-concurrent-preclean: 0.001/0.001 secs] [Times: user=0.00 sys=0.00, real=0.00 secs] 
1.348: [CMS-concurrent-abortable-preclean-start]
1.348: [CMS-concurrent-abortable-preclean: 0.000/0.000 secs] [Times: user=0.00 sys=0.00, real=0.00 secs] 
1.348: [GC (CMS Final Remark) [YG occupancy: 24282 K (157248 K)]1.348: [Rescan (parallel) , 0.0006228 secs]1.349: [weak refs processing, 0.0000162 secs]1.349: [class unloading, 0.0003327 secs]1.349: [scrub symbol table, 0.0004378 secs]1.350: [scrub string table, 0.0001983 secs][1 CMS-remark: 333741K(349568K)] 358023K(506816K), 0.0016897 secs] [Times: user=0.01 sys=0.00, real=0.01 secs] 
1.350: [CMS-concurrent-sweep-start]
1.351: [CMS-concurrent-sweep: 0.001/0.001 secs] [Times: user=0.00 sys=0.00, real=0.00 secs] 
1.351: [CMS-concurrent-reset-start]
1.351: [CMS-concurrent-reset: 0.001/0.001 secs] [Times: user=0.00 sys=0.00, real=0.00 secs] 
1.391: [GC (Allocation Failure) 1.391: [ParNew: 156805K->17470K(157248K), 0.0204144 secs] 459366K->358821K(506816K), 0.0205092 secs] [Times: user=0.34 sys=0.01, real=0.02 secs] 
1.411: [GC (CMS Initial Mark) [1 CMS-initial-mark: 341350K(349568K)] 359544K(506816K), 0.0007319 secs] [Times: user=0.01 sys=0.00, real=0.00 secs] 
1.412: [CMS-concurrent-mark-start]
1.413: [CMS-concurrent-mark: 0.001/0.001 secs] [Times: user=0.00 sys=0.00, real=0.00 secs] 
1.413: [CMS-concurrent-preclean-start]
1.414: [CMS-concurrent-preclean: 0.001/0.001 secs] [Times: user=0.00 sys=0.00, real=0.00 secs] 
1.414: [CMS-concurrent-abortable-preclean-start]
1.414: [CMS-concurrent-abortable-preclean: 0.000/0.000 secs] [Times: user=0.00 sys=0.00, real=0.00 secs] 
1.414: [GC (CMS Final Remark) [YG occupancy: 27345 K (157248 K)]1.414: [Rescan (parallel) , 0.0005934 secs]1.415: [weak refs processing, 0.0000152 secs]1.415: [class unloading, 0.0003147 secs]1.415: [scrub symbol table, 0.0004553 secs]1.416: [scrub string table, 0.0001792 secs][1 CMS-remark: 341350K(349568K)] 368695K(506816K), 0.0016325 secs] [Times: user=0.01 sys=0.00, real=0.00 secs] 
1.416: [CMS-concurrent-sweep-start]
1.417: [CMS-concurrent-sweep: 0.001/0.001 secs] [Times: user=0.00 sys=0.00, real=0.00 secs] 
1.417: [CMS-concurrent-reset-start]
1.417: [CMS-concurrent-reset: 0.001/0.001 secs] [Times: user=0.00 sys=0.00, real=0.00 secs] 
1.454: [GC (Allocation Failure) 1.454: [ParNew (promotion failed): 157246K->157247K(157248K), 0.0144748 secs]1.469: [CMS: 336338K->329229K(349568K), 0.0923393 secs] 463622K->329229K(506816K), [Metaspace: 2526K->2526K(1056768K)], 0.1069246 secs] [Times: user=0.33 sys=0.00, real=0.11 secs] 
1.562: [GC (CMS Initial Mark) [1 CMS-initial-mark: 329229K(349568K)] 329471K(506816K), 0.0013366 secs] [Times: user=0.00 sys=0.00, real=0.00 secs] 
1.563: [CMS-concurrent-mark-start]
1.564: [CMS-concurrent-mark: 0.001/0.001 secs] [Times: user=0.01 sys=0.00, real=0.00 secs] 
1.564: [CMS-concurrent-preclean-start]
1.565: [CMS-concurrent-preclean: 0.001/0.001 secs] [Times: user=0.00 sys=0.00, real=0.00 secs] 
1.565: [CMS-concurrent-abortable-preclean-start]
1.667: [CMS-concurrent-abortable-preclean: 0.002/0.102 secs] [Times: user=0.06 sys=0.05, real=0.10 secs] 
1.667: [GC (CMS Final Remark) [YG occupancy: 131842 K (157248 K)]1.667: [Rescan (parallel) , 0.0010542 secs]1.668: [weak refs processing, 0.0000410 secs]1.668: [class unloading, 0.0004542 secs]1.669: [scrub symbol table, 0.0007158 secs]1.670: [scrub string table, 0.0003813 secs][1 CMS-remark: 329229K(349568K)] 461072K(506816K), 0.0028359 secs] [Times: user=0.01 sys=0.00, real=0.01 secs] 
1.670: [CMS-concurrent-sweep-start]
1.674: [CMS-concurrent-sweep: 0.004/0.004 secs] [Times: user=0.00 sys=0.00, real=0.00 secs] 
1.674: [CMS-concurrent-reset-start]
1.675: [CMS-concurrent-reset: 0.001/0.001 secs] [Times: user=0.01 sys=0.00, real=0.00 secs] 
1.677: [GC (Allocation Failure) 1.677: [ParNew: 139509K->139509K(157248K), 0.0000587 secs]1.677: [CMS: 328730K->336932K(349568K), 0.1713199 secs] 468240K->336932K(506816K), [Metaspace: 2526K->2526K(1056768K)], 0.1714914 secs] [Times: user=0.12 sys=0.05, real=0.17 secs] 
1.849: [GC (CMS Initial Mark) [1 CMS-initial-mark: 336932K(349568K)] 337376K(506816K), 0.0014071 secs] [Times: user=0.00 sys=0.00, real=0.01 secs] 
1.850: [CMS-concurrent-mark-start]
1.851: [CMS-concurrent-mark: 0.001/0.001 secs] [Times: user=0.00 sys=0.00, real=0.00 secs] 
1.851: [CMS-concurrent-preclean-start]
1.853: [CMS-concurrent-preclean: 0.001/0.001 secs] [Times: user=0.00 sys=0.00, real=0.00 secs] 
1.853: [CMS-concurrent-abortable-preclean-start]
1.920: [GC (Allocation Failure) 1.921: [ParNew: 139776K->139776K(157248K), 0.0000498 secs]1.921: [CMS1.921: [CMS-concurrent-abortable-preclean: 0.002/0.068 secs] [Times: user=0.07 sys=0.00, real=0.07 secs] 
 (concurrent mode failure): 336932K->348503K(349568K), 0.1129137 secs] 476708K->348503K(506816K), [Metaspace: 2526K->2526K(1056768K)], 0.1130733 secs] [Times: user=0.11 sys=0.00, real=0.11 secs] 
2.097: [GC (Allocation Failure) 2.098: [ParNew: 139776K->139776K(157248K), 0.0000633 secs]2.098: [CMS: 348503K->348312K(349568K), 0.1182111 secs] 488279K->348312K(506816K), [Metaspace: 2526K->2526K(1056768K)], 0.1184053 secs] [Times: user=0.11 sys=0.00, real=0.12 secs] 
2.216: [GC (CMS Initial Mark) [1 CMS-initial-mark: 348312K(349568K)] 348600K(506816K), 0.0016578 secs] [Times: user=0.01 sys=0.00, real=0.00 secs] 
2.218: [CMS-concurrent-mark-start]
2.219: [CMS-concurrent-mark: 0.001/0.001 secs] [Times: user=0.00 sys=0.00, real=0.00 secs] 
2.219: [CMS-concurrent-preclean-start]
2.220: [CMS-concurrent-preclean: 0.001/0.001 secs] [Times: user=0.00 sys=0.00, real=0.01 secs] 
2.220: [CMS-concurrent-abortable-preclean-start]
2.220: [CMS-concurrent-abortable-preclean: 0.000/0.000 secs] [Times: user=0.00 sys=0.00, real=0.00 secs] 
2.221: [GC (CMS Final Remark) [YG occupancy: 6752 K (157248 K)]2.221: [Rescan (parallel) , 0.0007528 secs]2.221: [weak refs processing, 0.0000175 secs]2.222: [class unloading, 0.0003599 secs]2.222: [scrub symbol table, 0.0005412 secs]2.222: [scrub string table, 0.0002087 secs][1 CMS-remark: 348312K(349568K)] 355064K(506816K), 0.0019590 secs] [Times: user=0.01 sys=0.00, real=0.00 secs] 
2.223: [CMS-concurrent-sweep-start]
2.223: [CMS-concurrent-sweep: 0.000/0.000 secs] [Times: user=0.00 sys=0.00, real=0.00 secs] 
2.223: [CMS-concurrent-reset-start]
2.224: [CMS-concurrent-reset: 0.000/0.000 secs] [Times: user=0.00 sys=0.00, real=0.00 secs] 
2.281: [GC (Allocation Failure) 2.281: [ParNew: 139776K->139776K(157248K), 0.0000473 secs]2.281: [CMS: 347809K->349321K(349568K), 0.1148297 secs] 487585K->352112K(506816K), [Metaspace: 2526K->2526K(1056768K)], 0.1150082 secs] [Times: user=0.11 sys=0.00, real=0.11 secs] 
2.396: [GC (CMS Initial Mark) [1 CMS-initial-mark: 349321K(349568K)] 352383K(506816K), 0.0016576 secs] [Times: user=0.01 sys=0.00, real=0.00 secs] 
2.398: [CMS-concurrent-mark-start]
2.399: [CMS-concurrent-mark: 0.001/0.001 secs] [Times: user=0.00 sys=0.00, real=0.00 secs] 
2.399: [CMS-concurrent-preclean-start]
2.400: [CMS-concurrent-preclean: 0.001/0.001 secs] [Times: user=0.00 sys=0.00, real=0.01 secs] 
2.400: [CMS-concurrent-abortable-preclean-start]
2.400: [CMS-concurrent-abortable-preclean: 0.000/0.000 secs] [Times: user=0.00 sys=0.00, real=0.00 secs] 
2.400: [GC (CMS Final Remark) [YG occupancy: 8971 K (157248 K)]2.400: [Rescan (parallel) , 0.0008974 secs]2.401: [weak refs processing, 0.0000183 secs]2.401: [class unloading, 0.0003688 secs]2.401: [scrub symbol table, 0.0005393 secs]2.402: [scrub string table, 0.0002121 secs][1 CMS-remark: 349321K(349568K)] 358292K(506816K), 0.0021318 secs] [Times: user=0.01 sys=0.00, real=0.00 secs] 
2.402: [CMS-concurrent-sweep-start]
2.403: [CMS-concurrent-sweep: 0.000/0.000 secs] [Times: user=0.00 sys=0.00, real=0.00 secs] 
2.403: [CMS-concurrent-reset-start]
2.404: [CMS-concurrent-reset: 0.001/0.001 secs] [Times: user=0.00 sys=0.00, real=0.00 secs] 
2.493: [GC (Allocation Failure) 2.493: [ParNew: 157113K->157113K(157248K), 0.0000594 secs]2.493: [CMS: 349312K->344932K(349568K), 0.1243248 secs] 506426K->344932K(506816K), [Metaspace: 2526K->2526K(1056768K)], 0.1245107 secs] [Times: user=0.13 sys=0.00, real=0.12 secs] 
2.617: [GC (CMS Initial Mark) [1 CMS-initial-mark: 344932K(349568K)] 345276K(506816K), 0.0017653 secs] [Times: user=0.00 sys=0.00, real=0.00 secs] 
2.619: [CMS-concurrent-mark-start]
2.620: [CMS-concurrent-mark: 0.001/0.001 secs] [Times: user=0.01 sys=0.00, real=0.01 secs] 
2.620: [CMS-concurrent-preclean-start]
2.622: [CMS-concurrent-preclean: 0.001/0.001 secs] [Times: user=0.00 sys=0.00, real=0.00 secs] 
2.622: [CMS-concurrent-abortable-preclean-start]
2.622: [CMS-concurrent-abortable-preclean: 0.000/0.000 secs] [Times: user=0.00 sys=0.00, real=0.00 secs] 
2.622: [GC (CMS Final Remark) [YG occupancy: 6236 K (157248 K)]2.622: [Rescan (parallel) , 0.0008287 secs]2.623: [weak refs processing, 0.0000182 secs]2.623: [class unloading, 0.0003261 secs]2.623: [scrub symbol table, 0.0005558 secs]2.624: [scrub string table, 0.0001946 secs][1 CMS-remark: 344932K(349568K)] 351168K(506816K), 0.0020161 secs] [Times: user=0.01 sys=0.00, real=0.00 secs] 
2.624: [CMS-concurrent-sweep-start]
2.624: [CMS-concurrent-sweep: 0.000/0.000 secs] [Times: user=0.00 sys=0.00, real=0.00 secs] 
2.625: [CMS-concurrent-reset-start]
2.625: [CMS-concurrent-reset: 0.001/0.001 secs] [Times: user=0.00 sys=0.00, real=0.00 secs] 
2.686: [GC (Allocation Failure) 2.686: [ParNew: 139776K->139776K(157248K), 0.0000786 secs]2.686: [CMS: 344844K->349543K(349568K), 0.1220081 secs] 484620K->352218K(506816K), [Metaspace: 2526K->2526K(1056768K)], 0.1222122 secs] [Times: user=0.12 sys=0.00, real=0.12 secs] 
2.809: [GC (CMS Initial Mark) [1 CMS-initial-mark: 349543K(349568K)] 352362K(506816K), 0.0015201 secs] [Times: user=0.00 sys=0.00, real=0.01 secs] 
2.810: [CMS-concurrent-mark-start]
2.811: [CMS-concurrent-mark: 0.001/0.001 secs] [Times: user=0.01 sys=0.00, real=0.00 secs] 
2.811: [CMS-concurrent-preclean-start]
2.813: [CMS-concurrent-preclean: 0.002/0.002 secs] [Times: user=0.00 sys=0.00, real=0.00 secs] 
2.813: [CMS-concurrent-abortable-preclean-start]
2.813: [CMS-concurrent-abortable-preclean: 0.000/0.000 secs] [Times: user=0.00 sys=0.00, real=0.00 secs] 
2.813: [GC (CMS Final Remark) [YG occupancy: 9095 K (157248 K)]2.813: [Rescan (parallel) , 0.0009203 secs]2.814: [weak refs processing, 0.0000197 secs]2.814: [class unloading, 0.0003772 secs]2.815: [scrub symbol table, 0.0005637 secs]2.815: [scrub string table, 0.0002450 secs][1 CMS-remark: 349543K(349568K)] 358638K(506816K), 0.0022230 secs] [Times: user=0.01 sys=0.00, real=0.00 secs] 
2.816: [CMS-concurrent-sweep-start]
2.816: [CMS-concurrent-sweep: 0.000/0.000 secs] [Times: user=0.00 sys=0.00, real=0.00 secs] 
2.816: [CMS-concurrent-reset-start]
2.816: [CMS-concurrent-reset: 0.001/0.001 secs] [Times: user=0.00 sys=0.00, real=0.00 secs] 
2.888: [GC (Allocation Failure) 2.888: [ParNew: 156800K->156800K(157248K), 0.0000701 secs]2.889: [CMS: 349543K->349445K(349568K), 0.2982624 secs] 506344K->358434K(506816K), [Metaspace: 2526K->2526K(1056768K)], 0.2985069 secs] [Times: user=0.12 sys=0.18, real=0.30 secs] 
3.187: [GC (CMS Initial Mark) [1 CMS-initial-mark: 349445K(349568K)] 358920K(506816K), 0.0012918 secs] [Times: user=0.00 sys=0.00, real=0.00 secs] 
3.189: [CMS-concurrent-mark-start]
3.189: [CMS-concurrent-mark: 0.001/0.001 secs] [Times: user=0.00 sys=0.00, real=0.01 secs] 
3.189: [CMS-concurrent-preclean-start]
3.190: [CMS-concurrent-preclean: 0.001/0.001 secs] [Times: user=0.01 sys=0.00, real=0.00 secs] 
3.190: [CMS-concurrent-abortable-preclean-start]
3.190: [CMS-concurrent-abortable-preclean: 0.000/0.000 secs] [Times: user=0.00 sys=0.00, real=0.00 secs] 
3.191: [GC (CMS Final Remark) [YG occupancy: 15368 K (157248 K)]3.191: [Rescan (parallel) , 0.0007492 secs]3.191: [weak refs processing, 0.0000208 secs]3.191: [class unloading, 0.0003607 secs]3.192: [scrub symbol table, 0.0004995 secs]3.192: [scrub string table, 0.0002015 secs][1 CMS-remark: 349445K(349568K)] 364814K(506816K), 0.0019085 secs] [Times: user=0.00 sys=0.00, real=0.00 secs] 
3.193: [CMS-concurrent-sweep-start]
3.193: [CMS-concurrent-sweep: 0.000/0.000 secs] [Times: user=0.00 sys=0.00, real=0.00 secs] 
3.193: [CMS-concurrent-reset-start]
3.193: [CMS-concurrent-reset: 0.000/0.000 secs] [Times: user=0.00 sys=0.00, real=0.00 secs] 
3.255: [GC (Allocation Failure) 3.255: [ParNew: 156743K->156743K(157248K), 0.0000507 secs]3.255: [CMS: 349439K->349116K(349568K), 0.1146180 secs] 506183K->364710K(506816K), [Metaspace: 2526K->2526K(1056768K)], 0.1147775 secs] [Times: user=0.12 sys=0.00, real=0.12 secs] 
3.370: [GC (CMS Initial Mark) [1 CMS-initial-mark: 349116K(349568K)] 365231K(506816K), 0.0015968 secs] [Times: user=0.00 sys=0.00, real=0.00 secs] 
3.372: [CMS-concurrent-mark-start]
3.372: [CMS-concurrent-mark: 0.001/0.001 secs] [Times: user=0.00 sys=0.00, real=0.00 secs] 
3.372: [CMS-concurrent-preclean-start]
3.374: [CMS-concurrent-preclean: 0.002/0.002 secs] [Times: user=0.01 sys=0.00, real=0.00 secs] 
3.374: [CMS-concurrent-abortable-preclean-start]
3.374: [CMS-concurrent-abortable-preclean: 0.000/0.000 secs] [Times: user=0.00 sys=0.00, real=0.00 secs] 
3.374: [GC (CMS Final Remark) [YG occupancy: 23656 K (157248 K)]3.374: [Rescan (parallel) , 0.0007818 secs]3.375: [weak refs processing, 0.0000171 secs]3.375: [class unloading, 0.0003662 secs]3.376: [scrub symbol table, 0.0005101 secs]3.376: [scrub string table, 0.0002246 secs][1 CMS-remark: 349116K(349568K)] 372772K(506816K), 0.0019869 secs] [Times: user=0.00 sys=0.00, real=0.00 secs] 
3.376: [CMS-concurrent-sweep-start]
3.377: [CMS-concurrent-sweep: 0.000/0.000 secs] [Times: user=0.00 sys=0.00, real=0.00 secs] 
3.377: [CMS-concurrent-reset-start]
3.377: [CMS-concurrent-reset: 0.000/0.000 secs] [Times: user=0.00 sys=0.00, real=0.00 secs] 
3.441: [GC (Allocation Failure) 3.441: [ParNew: 157215K->157215K(157248K), 0.0000682 secs]3.441: [CMS: 348995K->349449K(349568K), 0.1283579 secs] 506210K->366860K(506816K), [Metaspace: 2526K->2526K(1056768K)], 0.1285858 secs] [Times: user=0.12 sys=0.01, real=0.13 secs] 
3.570: [GC (CMS Initial Mark) [1 CMS-initial-mark: 349449K(349568K)] 366932K(506816K), 0.0021239 secs] [Times: user=0.01 sys=0.00, real=0.00 secs] 
3.572: [CMS-concurrent-mark-start]
3.574: [CMS-concurrent-mark: 0.002/0.002 secs] [Times: user=0.00 sys=0.00, real=0.00 secs] 
3.574: [CMS-concurrent-preclean-start]
3.575: [CMS-concurrent-preclean: 0.001/0.001 secs] [Times: user=0.00 sys=0.00, real=0.00 secs] 
3.575: [CMS-concurrent-abortable-preclean-start]
3.575: [CMS-concurrent-abortable-preclean: 0.000/0.000 secs] [Times: user=0.00 sys=0.00, real=0.00 secs] 
3.576: [GC (CMS Final Remark) [YG occupancy: 23856 K (157248 K)]3.576: [Rescan (parallel) , 0.0007345 secs]3.576: [weak refs processing, 0.0000240 secs]3.576: [class unloading, 0.0028823 secs]3.579: [scrub symbol table, 0.0012347 secs]3.580: [scrub string table, 0.0007326 secs][1 CMS-remark: 349449K(349568K)] 373306K(506816K), 0.0057222 secs] [Times: user=0.01 sys=0.01, real=0.01 secs] 
3.581: [CMS-concurrent-sweep-start]
3.582: [CMS-concurrent-sweep: 0.000/0.000 secs] [Times: user=0.00 sys=0.00, real=0.00 secs] 
3.582: [CMS-concurrent-reset-start]
3.582: [CMS-concurrent-reset: 0.001/0.001 secs] [Times: user=0.00 sys=0.00, real=0.00 secs] 
3.639: [GC (Allocation Failure) 3.639: [ParNew: 157169K->157169K(157248K), 0.0000347 secs]3.639: [CMS: 349449K->348962K(349568K), 0.1087551 secs] 506619K->367427K(506816K), [Metaspace: 2526K->2526K(1056768K)], 0.1088820 secs] [Times: user=0.11 sys=0.00, real=0.11 secs] 
3.748: [GC (CMS Initial Mark) [1 CMS-initial-mark: 348962K(349568K)] 370782K(506816K), 0.0005995 secs] [Times: user=0.00 sys=0.00, real=0.00 secs] 
3.749: [CMS-concurrent-mark-start]
3.749: [CMS-concurrent-mark: 0.001/0.001 secs] [Times: user=0.00 sys=0.00, real=0.01 secs] 
3.749: [CMS-concurrent-preclean-start]
3.750: [CMS-concurrent-preclean: 0.001/0.001 secs] [Times: user=0.00 sys=0.00, real=0.00 secs] 
3.750: [CMS-concurrent-abortable-preclean-start]
3.750: [CMS-concurrent-abortable-preclean: 0.000/0.000 secs] [Times: user=0.00 sys=0.00, real=0.00 secs] 
3.751: [GC (CMS Final Remark) [YG occupancy: 22910 K (157248 K)]3.751: [Rescan (parallel) , 0.0007461 secs]3.751: [weak refs processing, 0.0000213 secs]3.751: [class unloading, 0.0002436 secs]3.752: [scrub symbol table, 0.0003035 secs]3.752: [scrub string table, 0.0001604 secs][1 CMS-remark: 348962K(349568K)] 371872K(506816K), 0.0015541 secs] [Times: user=0.01 sys=0.00, real=0.00 secs] 
3.752: [CMS-concurrent-sweep-start]
3.752: [CMS-concurrent-sweep: 0.000/0.000 secs] [Times: user=0.00 sys=0.00, real=0.00 secs] 
3.752: [CMS-concurrent-reset-start]
3.753: [CMS-concurrent-reset: 0.000/0.000 secs] [Times: user=0.00 sys=0.00, real=0.00 secs] 
3.804: [GC (Allocation Failure) 3.804: [ParNew: 157094K->157094K(157248K), 0.0000272 secs]3.804: [CMS: 348962K->349467K(349568K), 0.1063120 secs] 506056K->358090K(506816K), [Metaspace: 2526K->2526K(1056768K)], 0.1064163 secs] [Times: user=0.11 sys=0.00, real=0.11 secs] 
3.910: [GC (CMS Initial Mark) [1 CMS-initial-mark: 349467K(349568K)] 358252K(506816K), 0.0012637 secs] [Times: user=0.00 sys=0.00, real=0.00 secs] 
3.912: [CMS-concurrent-mark-start]
3.913: [CMS-concurrent-mark: 0.001/0.001 secs] [Times: user=0.00 sys=0.00, real=0.00 secs] 
3.913: [CMS-concurrent-preclean-start]
3.913: [CMS-concurrent-preclean: 0.001/0.001 secs] [Times: user=0.00 sys=0.00, real=0.00 secs] 
3.914: [CMS-concurrent-abortable-preclean-start]
3.914: [CMS-concurrent-abortable-preclean: 0.000/0.000 secs] [Times: user=0.00 sys=0.00, real=0.00 secs] 
3.914: [GC (CMS Final Remark) [YG occupancy: 14708 K (157248 K)]3.914: [Rescan (parallel) , 0.0017895 secs]3.916: [weak refs processing, 0.0000172 secs]3.916: [class unloading, 0.0002469 secs]3.916: [scrub symbol table, 0.0003168 secs]3.916: [scrub string table, 0.0001856 secs][1 CMS-remark: 349467K(349568K)] 364176K(506816K), 0.0026337 secs] [Times: user=0.03 sys=0.00, real=0.00 secs] 
3.916: [CMS-concurrent-sweep-start]
3.917: [CMS-concurrent-sweep: 0.000/0.000 secs] [Times: user=0.00 sys=0.00, real=0.00 secs] 
3.917: [CMS-concurrent-reset-start]
3.917: [CMS-concurrent-reset: 0.000/0.000 secs] [Times: user=0.00 sys=0.00, real=0.00 secs] 
3.978: [GC (Allocation Failure) 3.978: [ParNew: 157161K->157161K(157248K), 0.0000272 secs]3.978: [CMS: 349455K->349454K(349568K), 0.1072904 secs] 506616K->360731K(506816K), [Metaspace: 2526K->2526K(1056768K)], 0.1073971 secs] [Times: user=0.11 sys=0.00, real=0.11 secs] 
4.085: [GC (CMS Initial Mark) [1 CMS-initial-mark: 349454K(349568K)] 360875K(506816K), 0.0012486 secs] [Times: user=0.00 sys=0.00, real=0.00 secs] 
4.087: [CMS-concurrent-mark-start]
4.087: [CMS-concurrent-mark: 0.001/0.001 secs] [Times: user=0.00 sys=0.00, real=0.00 secs] 
4.088: [CMS-concurrent-preclean-start]
4.088: [CMS-concurrent-preclean: 0.001/0.001 secs] [Times: user=0.00 sys=0.00, real=0.00 secs] 
4.089: [CMS-concurrent-abortable-preclean-start]
4.089: [CMS-concurrent-abortable-preclean: 0.000/0.000 secs] [Times: user=0.00 sys=0.00, real=0.00 secs] 
4.089: [GC (CMS Final Remark) [YG occupancy: 17349 K (157248 K)]4.089: [Rescan (parallel) , 0.0008541 secs]4.090: [weak refs processing, 0.0000182 secs]4.090: [class unloading, 0.0002700 secs]4.090: [scrub symbol table, 0.0002954 secs]4.090: [scrub string table, 0.0001708 secs][1 CMS-remark: 349454K(349568K)] 366804K(506816K), 0.0016874 secs] [Times: user=0.01 sys=0.00, real=0.01 secs] 
4.091: [CMS-concurrent-sweep-start]
4.091: [CMS-concurrent-sweep: 0.000/0.000 secs] [Times: user=0.00 sys=0.00, real=0.00 secs] 
4.091: [CMS-concurrent-reset-start]
4.091: [CMS-concurrent-reset: 0.000/0.000 secs] [Times: user=0.00 sys=0.00, real=0.00 secs] 
4.149: [GC (Allocation Failure) 4.149: [ParNew: 157166K->157166K(157248K), 0.0000373 secs]4.149: [CMS: 349454K->349142K(349568K), 0.1061504 secs] 506621K->362340K(506816K), [Metaspace: 2526K->2526K(1056768K)], 0.1062895 secs] [Times: user=0.10 sys=0.00, real=0.11 secs] 
4.256: [GC (CMS Initial Mark) [1 CMS-initial-mark: 349142K(349568K)] 362661K(506816K), 0.0007808 secs] [Times: user=0.00 sys=0.01, real=0.00 secs] 
4.256: [CMS-concurrent-mark-start]
4.257: [CMS-concurrent-mark: 0.001/0.001 secs] [Times: user=0.00 sys=0.00, real=0.00 secs] 
4.257: [CMS-concurrent-preclean-start]
4.258: [CMS-concurrent-preclean: 0.001/0.001 secs] [Times: user=0.00 sys=0.00, real=0.00 secs] 
4.259: [CMS-concurrent-abortable-preclean-start]
4.259: [CMS-concurrent-abortable-preclean: 0.000/0.000 secs] [Times: user=0.00 sys=0.00, real=0.00 secs] 
4.259: [GC (CMS Final Remark) [YG occupancy: 25386 K (157248 K)]4.259: [Rescan (parallel) , 0.0005623 secs]4.259: [weak refs processing, 0.0000248 secs]4.259: [class unloading, 0.0002280 secs]4.260: [scrub symbol table, 0.0003206 secs]4.260: [scrub string table, 0.0001652 secs][1 CMS-remark: 349142K(349568K)] 374529K(506816K), 0.0013892 secs] [Times: user=0.00 sys=0.00, real=0.01 secs] 
4.260: [CMS-concurrent-sweep-start]
4.260: [CMS-concurrent-sweep: 0.000/0.000 secs] [Times: user=0.00 sys=0.00, real=0.00 secs] 
4.260: [CMS-concurrent-reset-start]
4.261: [CMS-concurrent-reset: 0.000/0.000 secs] [Times: user=0.00 sys=0.00, real=0.00 secs] 
4.301: [GC (Allocation Failure) 4.301: [ParNew: 157212K->157212K(157248K), 0.0000910 secs]4.301: [CMS: 349123K->349367K(349568K), 0.1085338 secs] 506335K->359273K(506816K), [Metaspace: 2526K->2526K(1056768K)], 0.1087431 secs] [Times: user=0.10 sys=0.00, real=0.11 secs] 
4.410: [GC (CMS Initial Mark) [1 CMS-initial-mark: 349367K(349568K)] 359365K(506816K), 0.0006632 secs] [Times: user=0.00 sys=0.00, real=0.00 secs] 
4.411: [CMS-concurrent-mark-start]
4.412: [CMS-concurrent-mark: 0.001/0.001 secs] [Times: user=0.00 sys=0.00, real=0.00 secs] 
4.412: [CMS-concurrent-preclean-start]
4.413: [CMS-concurrent-preclean: 0.001/0.001 secs] [Times: user=0.00 sys=0.00, real=0.00 secs] 
4.413: [CMS-concurrent-abortable-preclean-start]
4.413: [CMS-concurrent-abortable-preclean: 0.000/0.000 secs] [Times: user=0.00 sys=0.00, real=0.00 secs] 
4.413: [GC (CMS Final Remark) [YG occupancy: 18850 K (157248 K)]4.413: [Rescan (parallel) , 0.0005179 secs]4.414: [weak refs processing, 0.0000217 secs]4.414: [class unloading, 0.0002416 secs]4.414: [scrub symbol table, 0.0003084 secs]4.414: [scrub string table, 0.0001660 secs][1 CMS-remark: 349367K(349568K)] 368217K(506816K), 0.0013491 secs] [Times: user=0.01 sys=0.00, real=0.00 secs] 
4.414: [CMS-concurrent-sweep-start]
4.415: [CMS-concurrent-sweep: 0.000/0.000 secs] [Times: user=0.00 sys=0.00, real=0.00 secs] 
4.415: [CMS-concurrent-reset-start]
4.416: [CMS-concurrent-reset: 0.001/0.001 secs] [Times: user=0.00 sys=0.00, real=0.00 secs] 
4.464: [GC (Allocation Failure) 4.465: [ParNew: 157162K->157162K(157248K), 0.0000514 secs]4.465: [CMS: 349276K->349265K(349568K), 0.1194094 secs] 506438K->359637K(506816K), [Metaspace: 2526K->2526K(1056768K)], 0.1195740 secs] [Times: user=0.12 sys=0.00, real=0.12 secs] 
4.584: [GC (CMS Initial Mark) [1 CMS-initial-mark: 349265K(349568K)] 359832K(506816K), 0.0014031 secs] [Times: user=0.00 sys=0.00, real=0.00 secs] 
4.586: [CMS-concurrent-mark-start]
4.587: [CMS-concurrent-mark: 0.001/0.001 secs] [Times: user=0.00 sys=0.00, real=0.00 secs] 
4.587: [CMS-concurrent-preclean-start]
4.589: [CMS-concurrent-preclean: 0.002/0.002 secs] [Times: user=0.01 sys=0.00, real=0.00 secs] 
4.589: [CMS-concurrent-abortable-preclean-start]
4.589: [CMS-concurrent-abortable-preclean: 0.000/0.000 secs] [Times: user=0.00 sys=0.00, real=0.00 secs] 
4.589: [GC (CMS Final Remark) [YG occupancy: 17091 K (157248 K)]4.589: [Rescan (parallel) , 0.0008058 secs]4.590: [weak refs processing, 0.0000208 secs]4.590: [class unloading, 0.0002579 secs]4.590: [scrub symbol table, 0.0003877 secs]4.591: [scrub string table, 0.0002337 secs][1 CMS-remark: 349265K(349568K)] 366356K(506816K), 0.0018178 secs] [Times: user=0.00 sys=0.00, real=0.01 secs] 
4.591: [CMS-concurrent-sweep-start]
4.591: [CMS-concurrent-sweep: 0.000/0.000 secs] [Times: user=0.01 sys=0.00, real=0.00 secs] 
4.591: [CMS-concurrent-reset-start]
4.592: [CMS-concurrent-reset: 0.001/0.001 secs] [Times: user=0.00 sys=0.00, real=0.00 secs] 
4.655: [GC (Allocation Failure) 4.655: [ParNew: 156933K->156933K(157248K), 0.0000569 secs]4.655: [CMS: 348624K->349361K(349568K), 0.1201700 secs] 505557K->363094K(506816K), [Metaspace: 2526K->2526K(1056768K)], 0.1203535 secs] [Times: user=0.12 sys=0.00, real=0.12 secs] 
4.776: [GC (CMS Initial Mark) [1 CMS-initial-mark: 349361K(349568K)] 363428K(506816K), 0.0015776 secs] [Times: user=0.00 sys=0.00, real=0.00 secs] 
4.777: [CMS-concurrent-mark-start]
4.778: [CMS-concurrent-mark: 0.001/0.001 secs] [Times: user=0.00 sys=0.01, real=0.00 secs] 
4.778: [CMS-concurrent-preclean-start]
4.779: [CMS-concurrent-preclean: 0.001/0.001 secs] [Times: user=0.01 sys=0.00, real=0.01 secs] 
4.779: [CMS-concurrent-abortable-preclean-start]
4.779: [CMS-concurrent-abortable-preclean: 0.000/0.000 secs] [Times: user=0.00 sys=0.00, real=0.00 secs] 
4.779: [GC (CMS Final Remark) [YG occupancy: 21124 K (157248 K)]4.780: [Rescan (parallel) , 0.0007309 secs]4.780: [weak refs processing, 0.0000200 secs]4.780: [class unloading, 0.0002298 secs]4.781: [scrub symbol table, 0.0003434 secs]4.781: [scrub string table, 0.0002081 secs][1 CMS-remark: 349361K(349568K)] 370485K(506816K), 0.0016348 secs] [Times: user=0.00 sys=0.00, real=0.00 secs] 
4.781: [CMS-concurrent-sweep-start]
4.782: [CMS-concurrent-sweep: 0.000/0.000 secs] [Times: user=0.00 sys=0.00, real=0.00 secs] 
4.782: [CMS-concurrent-reset-start]
4.782: [CMS-concurrent-reset: 0.000/0.000 secs] [Times: user=0.00 sys=0.00, real=0.00 secs] 
4.840: [GC (Allocation Failure) 4.840: [ParNew: 157226K->157226K(157248K), 0.0000627 secs]4.840: [CMS: 348512K->349490K(349568K), 0.1232814 secs] 505739K->366356K(506816K), [Metaspace: 2526K->2526K(1056768K)], 0.1234999 secs] [Times: user=0.12 sys=0.00, real=0.12 secs] 
4.964: [GC (CMS Initial Mark) [1 CMS-initial-mark: 349490K(349568K)] 369294K(506816K), 0.0016460 secs] [Times: user=0.01 sys=0.00, real=0.00 secs] 
4.966: [CMS-concurrent-mark-start]
4.966: [CMS-concurrent-mark: 0.001/0.001 secs] [Times: user=0.00 sys=0.00, real=0.00 secs] 
4.966: [CMS-concurrent-preclean-start]
4.967: [CMS-concurrent-preclean: 0.001/0.001 secs] [Times: user=0.00 sys=0.00, real=0.00 secs] 
4.967: [CMS-concurrent-abortable-preclean-start]
4.967: [CMS-concurrent-abortable-preclean: 0.000/0.000 secs] [Times: user=0.00 sys=0.00, real=0.00 secs] 
4.968: [GC (CMS Final Remark) [YG occupancy: 22670 K (157248 K)]4.968: [Rescan (parallel) , 0.0009209 secs]4.969: [weak refs processing, 0.0000172 secs]4.969: [class unloading, 0.0002281 secs]4.969: [scrub symbol table, 0.0003029 secs]4.969: [scrub string table, 0.0001817 secs][1 CMS-remark: 349490K(349568K)] 372161K(506816K), 0.0017456 secs] [Times: user=0.01 sys=0.00, real=0.01 secs] 
4.970: [CMS-concurrent-sweep-start]
4.970: [CMS-concurrent-sweep: 0.000/0.000 secs] [Times: user=0.00 sys=0.00, real=0.00 secs] 
4.970: [CMS-concurrent-reset-start]
4.970: [CMS-concurrent-reset: 0.000/0.000 secs] [Times: user=0.00 sys=0.00, real=0.00 secs] 
5.031: [GC (Allocation Failure) 5.031: [ParNew: 157110K->157110K(157248K), 0.0000574 secs]5.031: [CMS: 349478K->349426K(349568K), 0.1268680 secs] 506588K->362431K(506816K), [Metaspace: 2526K->2526K(1056768K)], 0.1270493 secs] [Times: user=0.13 sys=0.00, real=0.12 secs] 
5.158: [GC (CMS Initial Mark) [1 CMS-initial-mark: 349426K(349568K)] 363069K(506816K), 0.0018617 secs] [Times: user=0.00 sys=0.00, real=0.01 secs] 
5.160: [CMS-concurrent-mark-start]
执行结束。共生成对象次数:19831
5.161: [CMS-concurrent-mark: 0.001/0.001 secs] [Times: user=0.00 sys=0.00, real=0.00 secs] 
5.161: [CMS-concurrent-preclean-start]
Heap
 par new generation   total 157248K, used 19233K [0x00000000e0000000, 0x00000000eaaa0000, 0x00000000eaaa0000)
  eden space 139776K,  13% used [0x00000000e0000000, 0x00000000e12c8478, 0x00000000e8880000)
  from space 17472K,   0% used [0x00000000e9990000, 0x00000000e9990000, 0x00000000eaaa0000)
  to   space 17472K,   0% used [0x00000000e8880000, 0x00000000e8880000, 0x00000000e9990000)
 concurrent mark-sweep generation total 349568K, used 349426K [0x00000000eaaa0000, 0x0000000100000000, 0x0000000100000000)
 Metaspace       used 2533K, capacity 4486K, committed 4864K, reserved 1056768K
  class space    used 273K, capacity 386K, committed 512K, reserved 1048576K
